task 104 | loss drrl | node slurmnode-gpu03
Tesla P100-PCIE-16GB, 16384 MiB
Tesla P100-PCIE-16GB, 16384 MiB
Tesla P100-PCIE-16GB, 16384 MiB
Tesla P100-PCIE-16GB, 16384 MiB
Using device: cuda
Loading datasets...
Train sessions: 75875 | Val sessions: 16262

Running grid search over 162 combinations...

SLURM array task 104: 1 config -> ../Models/LSTM_grid_drrl_task104.csv
Trying: {'hidden_units': 128, 'dropout_rate': 0.5, 'num_layers': 3, 'lr': 0.001, 'gamma': 4}
Epoch 1 | Loss: -0.2233 | Val NDCG: 0.7322 | smoothed: 0.7322
Epoch 2 | Loss: -0.2292 | Val NDCG: 0.7741 | smoothed: 0.7532
Epoch 3 | Loss: -0.2300 | Val NDCG: 0.6891 | smoothed: 0.7318
Epoch 4 | Loss: -0.2301 | Val NDCG: 0.7613 | smoothed: 0.7415
Epoch 5 | Loss: -0.2300 | Val NDCG: 0.7910 | smoothed: 0.7471
Epoch 6 | Loss: -0.2305 | Val NDCG: 0.7765 | smoothed: 0.7763
Epoch 7 | Loss: -0.2307 | Val NDCG: 0.7878 | smoothed: 0.7851
Epoch 8 | Loss: -0.2307 | Val NDCG: 0.7892 | smoothed: 0.7845
Epoch 9 | Loss: -0.2303 | Val NDCG: 0.7713 | smoothed: 0.7827
Epoch 10 | Loss: -0.2309 | Val NDCG: 0.7742 | smoothed: 0.7782
Epoch 11 | Loss: -0.2306 | Val NDCG: 0.7899 | smoothed: 0.7784
Epoch 12 | Loss: -0.2307 | Val NDCG: 0.7746 | smoothed: 0.7796

Best smoothed NDCG: 0.7851 at epoch 7 of 12 run

1 combinations completed out of 1


--- Grid Search Results ---
 hidden_units  dropout_rate  num_layers    lr  gamma  val_ndcg  val_ndcg_raw  best_epoch  epochs_run  max_epochs  seed
          128           0.5           3 0.001      4  0.785089      0.787753           7          12          20     0

Best config: {'hidden_units': 128.0, 'dropout_rate': 0.5, 'num_layers': 3.0, 'lr': 0.001, 'gamma': 4.0, 'val_ndcg': 0.7850888933064427, 'val_ndcg_raw': 0.7877530782855916, 'best_epoch': 7.0, 'epochs_run': 12.0, 'max_epochs': 20.0, 'seed': 0.0}
0 of 1 configs reached max_epochs
0 of 1 were still improving when stopped
Best params saved to ../Models/lstm_drrl_best_params.json
