task 98 | loss drrl | node slurmnode-gpu03
Tesla P100-PCIE-16GB, 16384 MiB
Tesla P100-PCIE-16GB, 16384 MiB
Tesla P100-PCIE-16GB, 16384 MiB
Tesla P100-PCIE-16GB, 16384 MiB
Using device: cuda
Loading datasets...
Train sessions: 75875 | Val sessions: 16262

Running grid search over 162 combinations...

SLURM array task 98: 1 config -> ../Models/LSTM_grid_drrl_task98.csv
Trying: {'hidden_units': 128, 'dropout_rate': 0.5, 'num_layers': 2, 'lr': 0.001, 'gamma': 4}
Epoch 1 | Loss: -0.2238 | Val NDCG: 0.7769 | smoothed: 0.7769
Epoch 2 | Loss: -0.2293 | Val NDCG: 0.7828 | smoothed: 0.7798
Epoch 3 | Loss: -0.2297 | Val NDCG: 0.7948 | smoothed: 0.7848
Epoch 4 | Loss: -0.2299 | Val NDCG: 0.7876 | smoothed: 0.7884
Epoch 5 | Loss: -0.2302 | Val NDCG: 0.7928 | smoothed: 0.7917
Epoch 6 | Loss: -0.2303 | Val NDCG: 0.7999 | smoothed: 0.7934
Epoch 7 | Loss: -0.2304 | Val NDCG: 0.7890 | smoothed: 0.7939
Epoch 8 | Loss: -0.2307 | Val NDCG: 0.7555 | smoothed: 0.7815
Epoch 9 | Loss: -0.2308 | Val NDCG: 0.7800 | smoothed: 0.7748
Epoch 10 | Loss: -0.2310 | Val NDCG: 0.7763 | smoothed: 0.7706
Epoch 11 | Loss: -0.2310 | Val NDCG: 0.7854 | smoothed: 0.7806
Epoch 12 | Loss: -0.2310 | Val NDCG: 0.7887 | smoothed: 0.7835

Best smoothed NDCG: 0.7939 at epoch 7 of 12 run

1 combinations completed out of 1


--- Grid Search Results ---
 hidden_units  dropout_rate  num_layers    lr  gamma  val_ndcg  val_ndcg_raw  best_epoch  epochs_run  max_epochs  seed
          128           0.5           2 0.001      4  0.793904      0.789004           7          12          20     0

Best config: {'hidden_units': 128.0, 'dropout_rate': 0.5, 'num_layers': 2.0, 'lr': 0.001, 'gamma': 4.0, 'val_ndcg': 0.793903667216886, 'val_ndcg_raw': 0.789004033692299, 'best_epoch': 7.0, 'epochs_run': 12.0, 'max_epochs': 20.0, 'seed': 0.0}
0 of 1 configs reached max_epochs
0 of 1 were still improving when stopped
Best params saved to ../Models/lstm_drrl_best_params.json
