task 46 | loss pwts | node slurmnode-gpu03
Tesla P100-PCIE-16GB, 16384 MiB
Tesla P100-PCIE-16GB, 16384 MiB
Tesla P100-PCIE-16GB, 16384 MiB
Tesla P100-PCIE-16GB, 16384 MiB
Using device: cuda
Loading datasets...
Train sessions: 75875 | Val sessions: 16262

Running grid search over 54 combinations...

SLURM array task 46: 1 config -> ../Models/LSTM_grid_pwts_task46.csv
Trying: {'hidden_units': 256, 'dropout_rate': 0.3, 'num_layers': 3, 'lr': 0.001}
Epoch 1 | Loss: 0.6021 | Val NDCG: 0.7774 | smoothed: 0.7774
Epoch 2 | Loss: 0.5906 | Val NDCG: 0.7777 | smoothed: 0.7776
Epoch 3 | Loss: 0.5894 | Val NDCG: 0.7832 | smoothed: 0.7794
Epoch 4 | Loss: 0.5832 | Val NDCG: 0.7836 | smoothed: 0.7815
Epoch 5 | Loss: 0.5813 | Val NDCG: 0.7870 | smoothed: 0.7846
Epoch 6 | Loss: 0.5814 | Val NDCG: 0.7864 | smoothed: 0.7857
Epoch 7 | Loss: 0.5797 | Val NDCG: 0.7841 | smoothed: 0.7859
Epoch 8 | Loss: 0.5782 | Val NDCG: 0.7907 | smoothed: 0.7871
Epoch 9 | Loss: 0.5764 | Val NDCG: 0.7824 | smoothed: 0.7858
Epoch 10 | Loss: 0.5747 | Val NDCG: 0.7906 | smoothed: 0.7879
Epoch 11 | Loss: 0.5745 | Val NDCG: 0.7890 | smoothed: 0.7873
Epoch 12 | Loss: 0.5742 | Val NDCG: 0.7880 | smoothed: 0.7892
Epoch 13 | Loss: 0.5738 | Val NDCG: 0.7843 | smoothed: 0.7871
Epoch 14 | Loss: 0.5724 | Val NDCG: 0.7894 | smoothed: 0.7872
Epoch 15 | Loss: 0.5707 | Val NDCG: 0.7882 | smoothed: 0.7873
Epoch 16 | Loss: 0.5693 | Val NDCG: 0.7908 | smoothed: 0.7895
Epoch 17 | Loss: 0.5686 | Val NDCG: 0.7881 | smoothed: 0.7890
Epoch 18 | Loss: 0.5667 | Val NDCG: 0.7864 | smoothed: 0.7884
Epoch 19 | Loss: 0.5673 | Val NDCG: 0.7897 | smoothed: 0.7881
Epoch 20 | Loss: 0.5658 | Val NDCG: 0.7895 | smoothed: 0.7885

Best smoothed NDCG: 0.7895 at epoch 16 of 20 run

1 combinations completed out of 1


--- Grid Search Results ---
 hidden_units  dropout_rate  num_layers    lr  val_ndcg  val_ndcg_raw  best_epoch  epochs_run  max_epochs  seed
          256           0.3           3 0.001  0.789461      0.790818          16          20          20     0

Best config: {'hidden_units': 256.0, 'dropout_rate': 0.3, 'num_layers': 3.0, 'lr': 0.001, 'val_ndcg': 0.789460622473028, 'val_ndcg_raw': 0.7908184169250815, 'best_epoch': 16.0, 'epochs_run': 20.0, 'max_epochs': 20.0, 'seed': 0.0}
1 of 1 configs reached max_epochs
0 of 1 were still improving when stopped
Best params saved to ../Models/lstm_pwts_best_params.json
