task 101 | loss drrl | node slurmnode-gpu03
Tesla P100-PCIE-16GB, 16384 MiB
Tesla P100-PCIE-16GB, 16384 MiB
Tesla P100-PCIE-16GB, 16384 MiB
Tesla P100-PCIE-16GB, 16384 MiB
Using device: cuda
Loading datasets...
Train sessions: 75875 | Val sessions: 16262

Running grid search over 162 combinations...

SLURM array task 101: 1 config -> ../Models/LSTM_grid_drrl_task101.csv
Trying: {'hidden_units': 128, 'dropout_rate': 0.5, 'num_layers': 2, 'lr': 0.0001, 'gamma': 4}
Epoch 1 | Loss: -0.2131 | Val NDCG: 0.6641 | smoothed: 0.6641
Epoch 2 | Loss: -0.2300 | Val NDCG: 0.7009 | smoothed: 0.6825
Epoch 3 | Loss: -0.2308 | Val NDCG: 0.7128 | smoothed: 0.6926
Epoch 4 | Loss: -0.2313 | Val NDCG: 0.7572 | smoothed: 0.7236
Epoch 5 | Loss: -0.2315 | Val NDCG: 0.7724 | smoothed: 0.7475
Epoch 6 | Loss: -0.2316 | Val NDCG: 0.7384 | smoothed: 0.7560
Epoch 7 | Loss: -0.2318 | Val NDCG: 0.7615 | smoothed: 0.7574
Epoch 8 | Loss: -0.2318 | Val NDCG: 0.7389 | smoothed: 0.7463
Epoch 9 | Loss: -0.2319 | Val NDCG: 0.7629 | smoothed: 0.7545
Epoch 10 | Loss: -0.2320 | Val NDCG: 0.7289 | smoothed: 0.7436
Epoch 11 | Loss: -0.2320 | Val NDCG: 0.7766 | smoothed: 0.7561
Epoch 12 | Loss: -0.2320 | Val NDCG: 0.6582 | smoothed: 0.7212

Best smoothed NDCG: 0.7574 at epoch 7 of 12 run

1 combinations completed out of 1


--- Grid Search Results ---
 hidden_units  dropout_rate  num_layers     lr  gamma  val_ndcg  val_ndcg_raw  best_epoch  epochs_run  max_epochs  seed
          128           0.5           2 0.0001      4  0.757424      0.761515           7          12          40     0

Best config: {'hidden_units': 128.0, 'dropout_rate': 0.5, 'num_layers': 2.0, 'lr': 0.0001, 'gamma': 4.0, 'val_ndcg': 0.7574244469633808, 'val_ndcg_raw': 0.7615154316938176, 'best_epoch': 7.0, 'epochs_run': 12.0, 'max_epochs': 40.0, 'seed': 0.0}
0 of 1 configs reached max_epochs
0 of 1 were still improving when stopped
Best params saved to ../Models/lstm_drrl_best_params.json
