task 47 | loss drrl | node slurmnode-gpu02
NVIDIA GeForce GTX 1080 Ti, 11264 MiB
NVIDIA GeForce GTX 1080 Ti, 11264 MiB
NVIDIA GeForce GTX 1080 Ti, 11264 MiB
NVIDIA GeForce GTX 1080 Ti, 11264 MiB
NVIDIA GeForce GTX 1080 Ti, 11264 MiB
NVIDIA GeForce GTX 1080 Ti, 11264 MiB
NVIDIA GeForce GTX 1080 Ti, 11264 MiB
NVIDIA GeForce GTX 1080 Ti, 11264 MiB
Using device: cuda
Loading datasets...
Train sessions: 75875 | Val sessions: 16262

Running grid search over 162 combinations...

SLURM array task 47: 1 config -> ../Models/LSTM_grid_drrl_task47.csv
Trying: {'hidden_units': 64, 'dropout_rate': 0.5, 'num_layers': 2, 'lr': 0.0001, 'gamma': 4}
Epoch 1 | Loss: -0.2151 | Val NDCG: 0.6471 | smoothed: 0.6471
Epoch 2 | Loss: -0.2307 | Val NDCG: 0.6982 | smoothed: 0.6726
Epoch 3 | Loss: -0.2316 | Val NDCG: 0.6843 | smoothed: 0.6765
Epoch 4 | Loss: -0.2320 | Val NDCG: 0.7052 | smoothed: 0.6959
Epoch 5 | Loss: -0.2322 | Val NDCG: 0.7278 | smoothed: 0.7058
Epoch 6 | Loss: -0.2323 | Val NDCG: 0.7411 | smoothed: 0.7247
Epoch 7 | Loss: -0.2324 | Val NDCG: 0.7087 | smoothed: 0.7259
Epoch 8 | Loss: -0.2324 | Val NDCG: 0.7104 | smoothed: 0.7200
Epoch 9 | Loss: -0.2325 | Val NDCG: 0.7241 | smoothed: 0.7144
Epoch 10 | Loss: -0.2325 | Val NDCG: 0.7597 | smoothed: 0.7314
Epoch 11 | Loss: -0.2325 | Val NDCG: 0.7818 | smoothed: 0.7552
Epoch 12 | Loss: -0.2326 | Val NDCG: 0.7627 | smoothed: 0.7681
Epoch 13 | Loss: -0.2326 | Val NDCG: 0.7521 | smoothed: 0.7655
Epoch 14 | Loss: -0.2326 | Val NDCG: 0.7314 | smoothed: 0.7487
Epoch 15 | Loss: -0.2326 | Val NDCG: 0.6712 | smoothed: 0.7182
Epoch 16 | Loss: -0.2327 | Val NDCG: 0.7807 | smoothed: 0.7278
Epoch 17 | Loss: -0.2327 | Val NDCG: 0.7746 | smoothed: 0.7422

Best smoothed NDCG: 0.7681 at epoch 12 of 17 run

1 combinations completed out of 1


--- Grid Search Results ---
 hidden_units  dropout_rate  num_layers     lr  gamma  val_ndcg  val_ndcg_raw  best_epoch  epochs_run  max_epochs  seed
           64           0.5           2 0.0001      4   0.76806      0.762697          12          17          40     0

Best config: {'hidden_units': 64.0, 'dropout_rate': 0.5, 'num_layers': 2.0, 'lr': 0.0001, 'gamma': 4.0, 'val_ndcg': 0.76806002924671, 'val_ndcg_raw': 0.7626967541357103, 'best_epoch': 12.0, 'epochs_run': 17.0, 'max_epochs': 40.0, 'seed': 0.0}
0 of 1 configs reached max_epochs
0 of 1 were still improving when stopped
Best params saved to ../Models/lstm_drrl_best_params.json
