task 152 | loss drrl | node slurmnode-gpu03
Tesla P100-PCIE-16GB, 16384 MiB
Tesla P100-PCIE-16GB, 16384 MiB
Tesla P100-PCIE-16GB, 16384 MiB
Tesla P100-PCIE-16GB, 16384 MiB
Using device: cuda
Loading datasets...
Train sessions: 75875 | Val sessions: 16262

Running grid search over 162 combinations...

SLURM array task 152: 1 config -> ../Models/LSTM_grid_drrl_task152.csv
Trying: {'hidden_units': 256, 'dropout_rate': 0.5, 'num_layers': 2, 'lr': 0.001, 'gamma': 4}
Epoch 1 | Loss: -0.2236 | Val NDCG: 0.7405 | smoothed: 0.7405
Epoch 2 | Loss: -0.2288 | Val NDCG: 0.7702 | smoothed: 0.7554
Epoch 3 | Loss: -0.2297 | Val NDCG: 0.7785 | smoothed: 0.7631
Epoch 4 | Loss: -0.2303 | Val NDCG: 0.7688 | smoothed: 0.7725
Epoch 5 | Loss: -0.2304 | Val NDCG: 0.7504 | smoothed: 0.7659
Epoch 6 | Loss: -0.2304 | Val NDCG: 0.7904 | smoothed: 0.7699
Epoch 7 | Loss: -0.2308 | Val NDCG: 0.7540 | smoothed: 0.7649
Epoch 8 | Loss: -0.2307 | Val NDCG: 0.7936 | smoothed: 0.7793
Epoch 9 | Loss: -0.2310 | Val NDCG: 0.7663 | smoothed: 0.7713
Epoch 10 | Loss: -0.2313 | Val NDCG: 0.7432 | smoothed: 0.7677
Epoch 11 | Loss: -0.2312 | Val NDCG: 0.7817 | smoothed: 0.7638
Epoch 12 | Loss: -0.2313 | Val NDCG: 0.7606 | smoothed: 0.7619
Epoch 13 | Loss: -0.2312 | Val NDCG: 0.7840 | smoothed: 0.7755

Best smoothed NDCG: 0.7793 at epoch 8 of 13 run

1 combinations completed out of 1


--- Grid Search Results ---
 hidden_units  dropout_rate  num_layers    lr  gamma  val_ndcg  val_ndcg_raw  best_epoch  epochs_run  max_epochs  seed
          256           0.5           2 0.001      4  0.779336      0.793634           8          13          20     0

Best config: {'hidden_units': 256.0, 'dropout_rate': 0.5, 'num_layers': 2.0, 'lr': 0.001, 'gamma': 4.0, 'val_ndcg': 0.7793359742679792, 'val_ndcg_raw': 0.7936340231281153, 'best_epoch': 8.0, 'epochs_run': 13.0, 'max_epochs': 20.0, 'seed': 0.0}
0 of 1 configs reached max_epochs
0 of 1 were still improving when stopped
Best params saved to ../Models/lstm_drrl_best_params.json
