task 45 | loss drrl | node slurmnode-gpu03
Tesla P100-PCIE-16GB, 16384 MiB
Tesla P100-PCIE-16GB, 16384 MiB
Tesla P100-PCIE-16GB, 16384 MiB
Tesla P100-PCIE-16GB, 16384 MiB
Using device: cuda
Loading datasets...
Train sessions: 75875 | Val sessions: 16262

Running grid search over 162 combinations...

SLURM array task 45: 1 config -> ../Models/LSTM_grid_drrl_task45.csv
Trying: {'hidden_units': 64, 'dropout_rate': 0.5, 'num_layers': 2, 'lr': 0.0001, 'gamma': 2}
Epoch 1 | Loss: -0.2132 | Val NDCG: 0.6273 | smoothed: 0.6273
Epoch 2 | Loss: -0.2304 | Val NDCG: 0.6404 | smoothed: 0.6338
Epoch 3 | Loss: -0.2313 | Val NDCG: 0.6838 | smoothed: 0.6505
Epoch 4 | Loss: -0.2318 | Val NDCG: 0.6958 | smoothed: 0.6733
Epoch 5 | Loss: -0.2320 | Val NDCG: 0.7225 | smoothed: 0.7007
Epoch 6 | Loss: -0.2321 | Val NDCG: 0.7300 | smoothed: 0.7161
Epoch 7 | Loss: -0.2322 | Val NDCG: 0.7039 | smoothed: 0.7188
Epoch 8 | Loss: -0.2323 | Val NDCG: 0.7482 | smoothed: 0.7274
Epoch 9 | Loss: -0.2323 | Val NDCG: 0.6897 | smoothed: 0.7139
Epoch 10 | Loss: -0.2324 | Val NDCG: 0.7007 | smoothed: 0.7128
Epoch 11 | Loss: -0.2324 | Val NDCG: 0.7453 | smoothed: 0.7119
Epoch 12 | Loss: -0.2324 | Val NDCG: 0.7710 | smoothed: 0.7390
Epoch 13 | Loss: -0.2325 | Val NDCG: 0.6627 | smoothed: 0.7263
Epoch 14 | Loss: -0.2325 | Val NDCG: 0.6976 | smoothed: 0.7104
Epoch 15 | Loss: -0.2325 | Val NDCG: 0.7453 | smoothed: 0.7019
Epoch 16 | Loss: -0.2326 | Val NDCG: 0.7229 | smoothed: 0.7219
Epoch 17 | Loss: -0.2326 | Val NDCG: 0.7733 | smoothed: 0.7472
Epoch 18 | Loss: -0.2326 | Val NDCG: 0.7583 | smoothed: 0.7515
Epoch 19 | Loss: -0.2326 | Val NDCG: 0.7365 | smoothed: 0.7560
Epoch 20 | Loss: -0.2327 | Val NDCG: 0.7281 | smoothed: 0.7409
Epoch 21 | Loss: -0.2327 | Val NDCG: 0.7585 | smoothed: 0.7410
Epoch 22 | Loss: -0.2328 | Val NDCG: 0.7512 | smoothed: 0.7459
Epoch 23 | Loss: -0.2328 | Val NDCG: 0.7642 | smoothed: 0.7580
Epoch 24 | Loss: -0.2328 | Val NDCG: 0.7394 | smoothed: 0.7516
Epoch 25 | Loss: -0.2329 | Val NDCG: 0.7786 | smoothed: 0.7607
Epoch 26 | Loss: -0.2329 | Val NDCG: 0.7352 | smoothed: 0.7511
Epoch 27 | Loss: -0.2329 | Val NDCG: 0.7546 | smoothed: 0.7561
Epoch 28 | Loss: -0.2330 | Val NDCG: 0.7619 | smoothed: 0.7506
Epoch 29 | Loss: -0.2330 | Val NDCG: 0.7001 | smoothed: 0.7389
Epoch 30 | Loss: -0.2330 | Val NDCG: 0.7744 | smoothed: 0.7455

Best smoothed NDCG: 0.7607 at epoch 25 of 30 run

1 combinations completed out of 1


--- Grid Search Results ---
 hidden_units  dropout_rate  num_layers     lr  gamma  val_ndcg  val_ndcg_raw  best_epoch  epochs_run  max_epochs  seed
           64           0.5           2 0.0001      2  0.760736      0.778611          25          30          40     0

Best config: {'hidden_units': 64.0, 'dropout_rate': 0.5, 'num_layers': 2.0, 'lr': 0.0001, 'gamma': 2.0, 'val_ndcg': 0.760736229507279, 'val_ndcg_raw': 0.7786106682420019, 'best_epoch': 25.0, 'epochs_run': 30.0, 'max_epochs': 40.0, 'seed': 0.0}
0 of 1 configs reached max_epochs
0 of 1 were still improving when stopped
Best params saved to ../Models/lstm_drrl_best_params.json
