task 68 | loss drrl | node slurmnode-gpu02
NVIDIA GeForce GTX 1080 Ti, 11264 MiB
NVIDIA GeForce GTX 1080 Ti, 11264 MiB
NVIDIA GeForce GTX 1080 Ti, 11264 MiB
NVIDIA GeForce GTX 1080 Ti, 11264 MiB
NVIDIA GeForce GTX 1080 Ti, 11264 MiB
NVIDIA GeForce GTX 1080 Ti, 11264 MiB
NVIDIA GeForce GTX 1080 Ti, 11264 MiB
NVIDIA GeForce GTX 1080 Ti, 11264 MiB
Using device: cuda
Loading datasets...
Train sessions: 75875 | Val sessions: 16262

Running grid search over 162 combinations...

SLURM array task 68: 1 config -> ../Models/LSTM_grid_drrl_task68.csv
Trying: {'hidden_units': 128, 'dropout_rate': 0.1, 'num_layers': 3, 'lr': 0.001, 'gamma': 4}
Epoch 1 | Loss: -0.2244 | Val NDCG: 0.7822 | smoothed: 0.7822
Epoch 2 | Loss: -0.2290 | Val NDCG: 0.7767 | smoothed: 0.7795
Epoch 3 | Loss: -0.2296 | Val NDCG: 0.7514 | smoothed: 0.7701
Epoch 4 | Loss: -0.2301 | Val NDCG: 0.7649 | smoothed: 0.7643
Epoch 5 | Loss: -0.2301 | Val NDCG: 0.7640 | smoothed: 0.7601
Epoch 6 | Loss: -0.2303 | Val NDCG: 0.7913 | smoothed: 0.7734

Best smoothed NDCG: 0.7822 at epoch 1 of 6 run

1 combinations completed out of 1


--- Grid Search Results ---
 hidden_units  dropout_rate  num_layers    lr  gamma  val_ndcg  val_ndcg_raw  best_epoch  epochs_run  max_epochs  seed
          128           0.1           3 0.001      4  0.782238      0.782238           1           6          20     0

Best config: {'hidden_units': 128.0, 'dropout_rate': 0.1, 'num_layers': 3.0, 'lr': 0.001, 'gamma': 4.0, 'val_ndcg': 0.7822378138312831, 'val_ndcg_raw': 0.7822378138312831, 'best_epoch': 1.0, 'epochs_run': 6.0, 'max_epochs': 20.0, 'seed': 0.0}
0 of 1 configs reached max_epochs
0 of 1 were still improving when stopped
Best params saved to ../Models/lstm_drrl_best_params.json
