task 148 | loss drrl | node slurmnode-gpu03
Tesla P100-PCIE-16GB, 16384 MiB
Tesla P100-PCIE-16GB, 16384 MiB
Tesla P100-PCIE-16GB, 16384 MiB
Tesla P100-PCIE-16GB, 16384 MiB
Using device: cuda
Loading datasets...
Train sessions: 75875 | Val sessions: 16262

Running grid search over 162 combinations...

SLURM array task 148: 1 config -> ../Models/LSTM_grid_drrl_task148.csv
Trying: {'hidden_units': 256, 'dropout_rate': 0.5, 'num_layers': 1, 'lr': 0.0001, 'gamma': 3}
Epoch 1 | Loss: -0.2056 | Val NDCG: 0.7485 | smoothed: 0.7485
Epoch 2 | Loss: -0.2234 | Val NDCG: 0.7514 | smoothed: 0.7499
Epoch 3 | Loss: -0.2273 | Val NDCG: 0.7653 | smoothed: 0.7551
Epoch 4 | Loss: -0.2290 | Val NDCG: 0.7523 | smoothed: 0.7563
Epoch 5 | Loss: -0.2301 | Val NDCG: 0.7520 | smoothed: 0.7565
Epoch 6 | Loss: -0.2307 | Val NDCG: 0.7634 | smoothed: 0.7559
Epoch 7 | Loss: -0.2311 | Val NDCG: 0.7546 | smoothed: 0.7566
Epoch 8 | Loss: -0.2313 | Val NDCG: 0.7506 | smoothed: 0.7562
Epoch 9 | Loss: -0.2315 | Val NDCG: 0.7501 | smoothed: 0.7518
Epoch 10 | Loss: -0.2316 | Val NDCG: 0.7175 | smoothed: 0.7394
Epoch 11 | Loss: -0.2317 | Val NDCG: 0.7700 | smoothed: 0.7459
Epoch 12 | Loss: -0.2318 | Val NDCG: 0.7819 | smoothed: 0.7564

Best smoothed NDCG: 0.7566 at epoch 7 of 12 run

1 combinations completed out of 1


--- Grid Search Results ---
 hidden_units  dropout_rate  num_layers     lr  gamma  val_ndcg  val_ndcg_raw  best_epoch  epochs_run  max_epochs  seed
          256           0.5           1 0.0001      3  0.756649      0.754573           7          12          40     0

Best config: {'hidden_units': 256.0, 'dropout_rate': 0.5, 'num_layers': 1.0, 'lr': 0.0001, 'gamma': 3.0, 'val_ndcg': 0.7566488073183728, 'val_ndcg_raw': 0.7545729461002771, 'best_epoch': 7.0, 'epochs_run': 12.0, 'max_epochs': 40.0, 'seed': 0.0}
0 of 1 configs reached max_epochs
0 of 1 were still improving when stopped
Best params saved to ../Models/lstm_drrl_best_params.json
