task 85 | loss drrl | node slurmnode-gpu05
Tesla P100-PCIE-16GB, 16384 MiB
Tesla P100-PCIE-16GB, 16384 MiB
Tesla P100-PCIE-16GB, 16384 MiB
Tesla P100-PCIE-16GB, 16384 MiB
Using device: cuda
Loading datasets...
Train sessions: 75875 | Val sessions: 16262

Running grid search over 162 combinations...

SLURM array task 85: 1 config -> ../Models/LSTM_grid_drrl_task85.csv
Trying: {'hidden_units': 128, 'dropout_rate': 0.3, 'num_layers': 3, 'lr': 0.001, 'gamma': 3}
Epoch 1 | Loss: -0.2245 | Val NDCG: 0.7445 | smoothed: 0.7445
Epoch 2 | Loss: -0.2291 | Val NDCG: 0.7961 | smoothed: 0.7703
Epoch 3 | Loss: -0.2298 | Val NDCG: 0.7779 | smoothed: 0.7728
Epoch 4 | Loss: -0.2302 | Val NDCG: 0.7711 | smoothed: 0.7817
Epoch 5 | Loss: -0.2303 | Val NDCG: 0.7885 | smoothed: 0.7792
Epoch 6 | Loss: -0.2305 | Val NDCG: 0.7846 | smoothed: 0.7814
Epoch 7 | Loss: -0.2307 | Val NDCG: 0.7804 | smoothed: 0.7845
Epoch 8 | Loss: -0.2305 | Val NDCG: 0.7807 | smoothed: 0.7819
Epoch 9 | Loss: -0.2310 | Val NDCG: 0.7728 | smoothed: 0.7780
Epoch 10 | Loss: -0.2310 | Val NDCG: 0.7824 | smoothed: 0.7786
Epoch 11 | Loss: -0.2309 | Val NDCG: 0.7803 | smoothed: 0.7785
Epoch 12 | Loss: -0.2309 | Val NDCG: 0.7908 | smoothed: 0.7845

Best smoothed NDCG: 0.7845 at epoch 7 of 12 run

1 combinations completed out of 1


--- Grid Search Results ---
 hidden_units  dropout_rate  num_layers    lr  gamma  val_ndcg  val_ndcg_raw  best_epoch  epochs_run  max_epochs  seed
          128           0.3           3 0.001      3  0.784515      0.780423           7          12          20     0

Best config: {'hidden_units': 128.0, 'dropout_rate': 0.3, 'num_layers': 3.0, 'lr': 0.001, 'gamma': 3.0, 'val_ndcg': 0.7845147524023642, 'val_ndcg_raw': 0.7804226291926123, 'best_epoch': 7.0, 'epochs_run': 12.0, 'max_epochs': 20.0, 'seed': 0.0}
0 of 1 configs reached max_epochs
0 of 1 were still improving when stopped
Best params saved to ../Models/lstm_drrl_best_params.json
