task 89 | loss drrl | node slurmnode-gpu07
NVIDIA A40, 46068 MiB
NVIDIA A40, 46068 MiB
NVIDIA A40, 46068 MiB
NVIDIA A40, 46068 MiB
Using device: cuda
Loading datasets...
Train sessions: 75875 | Val sessions: 16262

Running grid search over 162 combinations...

SLURM array task 89: 1 config -> ../Models/LSTM_grid_drrl_task89.csv
Trying: {'hidden_units': 128, 'dropout_rate': 0.3, 'num_layers': 3, 'lr': 0.0001, 'gamma': 4}
Epoch 1 | Loss: -0.2148 | Val NDCG: 0.6814 | smoothed: 0.6814
Epoch 2 | Loss: -0.2303 | Val NDCG: 0.7496 | smoothed: 0.7155
Epoch 3 | Loss: -0.2312 | Val NDCG: 0.6891 | smoothed: 0.7067
Epoch 4 | Loss: -0.2315 | Val NDCG: 0.7372 | smoothed: 0.7253
Epoch 5 | Loss: -0.2318 | Val NDCG: 0.7180 | smoothed: 0.7148
Epoch 6 | Loss: -0.2317 | Val NDCG: 0.7530 | smoothed: 0.7361
Epoch 7 | Loss: -0.2319 | Val NDCG: 0.7143 | smoothed: 0.7284
Epoch 8 | Loss: -0.2319 | Val NDCG: 0.7226 | smoothed: 0.7300
Epoch 9 | Loss: -0.2320 | Val NDCG: 0.7235 | smoothed: 0.7201
Epoch 10 | Loss: -0.2320 | Val NDCG: 0.7567 | smoothed: 0.7343
Epoch 11 | Loss: -0.2320 | Val NDCG: 0.7691 | smoothed: 0.7498
Epoch 12 | Loss: -0.2320 | Val NDCG: 0.7418 | smoothed: 0.7559
Epoch 13 | Loss: -0.2320 | Val NDCG: 0.7474 | smoothed: 0.7528
Epoch 14 | Loss: -0.2321 | Val NDCG: 0.7585 | smoothed: 0.7492
Epoch 15 | Loss: -0.2322 | Val NDCG: 0.7146 | smoothed: 0.7402
Epoch 16 | Loss: -0.2322 | Val NDCG: 0.7475 | smoothed: 0.7402
Epoch 17 | Loss: -0.2321 | Val NDCG: 0.7789 | smoothed: 0.7470

Best smoothed NDCG: 0.7559 at epoch 12 of 17 run

1 combinations completed out of 1


--- Grid Search Results ---
 hidden_units  dropout_rate  num_layers     lr  gamma  val_ndcg  val_ndcg_raw  best_epoch  epochs_run  max_epochs  seed
          128           0.3           3 0.0001      4  0.755867      0.741764          12          17          40     0

Best config: {'hidden_units': 128.0, 'dropout_rate': 0.3, 'num_layers': 3.0, 'lr': 0.0001, 'gamma': 4.0, 'val_ndcg': 0.7558670174421712, 'val_ndcg_raw': 0.741763703602244, 'best_epoch': 12.0, 'epochs_run': 17.0, 'max_epochs': 40.0, 'seed': 0.0}
0 of 1 configs reached max_epochs
0 of 1 were still improving when stopped
Best params saved to ../Models/lstm_drrl_best_params.json
