task 2 | loss bce | node slurmnode-gpu03
Tesla P100-PCIE-16GB, 16384 MiB
Tesla P100-PCIE-16GB, 16384 MiB
Tesla P100-PCIE-16GB, 16384 MiB
Tesla P100-PCIE-16GB, 16384 MiB
Using device: cuda
Loading datasets...
Train sessions: 75875 | Val sessions: 16262

Running grid search over 54 combinations...

SLURM array task 2: 1 config -> ../Models/LSTM_grid_bce_task2.csv
Trying: {'hidden_units': 64, 'dropout_rate': 0.1, 'num_layers': 2, 'lr': 0.001}
Epoch 1 | Loss: 0.5775 | Val NDCG: 0.7802 | smoothed: 0.7802
Epoch 2 | Loss: 0.5658 | Val NDCG: 0.7814 | smoothed: 0.7808
Epoch 3 | Loss: 0.5619 | Val NDCG: 0.7783 | smoothed: 0.7800
Epoch 4 | Loss: 0.5606 | Val NDCG: 0.7899 | smoothed: 0.7832
Epoch 5 | Loss: 0.5586 | Val NDCG: 0.7802 | smoothed: 0.7828
Epoch 6 | Loss: 0.5572 | Val NDCG: 0.7884 | smoothed: 0.7862
Epoch 7 | Loss: 0.5561 | Val NDCG: 0.7820 | smoothed: 0.7835
Epoch 8 | Loss: 0.5538 | Val NDCG: 0.7862 | smoothed: 0.7855
Epoch 9 | Loss: 0.5537 | Val NDCG: 0.7815 | smoothed: 0.7832
Epoch 10 | Loss: 0.5525 | Val NDCG: 0.7913 | smoothed: 0.7863
Epoch 11 | Loss: 0.5520 | Val NDCG: 0.7852 | smoothed: 0.7860
Epoch 12 | Loss: 0.5507 | Val NDCG: 0.7865 | smoothed: 0.7877
Epoch 13 | Loss: 0.5497 | Val NDCG: 0.7914 | smoothed: 0.7877
Epoch 14 | Loss: 0.5491 | Val NDCG: 0.7914 | smoothed: 0.7898
Epoch 15 | Loss: 0.5488 | Val NDCG: 0.7901 | smoothed: 0.7910
Epoch 16 | Loss: 0.5488 | Val NDCG: 0.7914 | smoothed: 0.7910
Epoch 17 | Loss: 0.5476 | Val NDCG: 0.7956 | smoothed: 0.7924
Epoch 18 | Loss: 0.5474 | Val NDCG: 0.7897 | smoothed: 0.7922
Epoch 19 | Loss: 0.5467 | Val NDCG: 0.7917 | smoothed: 0.7923
Epoch 20 | Loss: 0.5462 | Val NDCG: 0.7901 | smoothed: 0.7905

Best smoothed NDCG: 0.7924 at epoch 17 of 20 run

1 combinations completed out of 1


--- Grid Search Results ---
 hidden_units  dropout_rate  num_layers    lr  val_ndcg  val_ndcg_raw  best_epoch  epochs_run  max_epochs  seed
           64           0.1           2 0.001  0.792391        0.7956          17          20          20     0

Best config: {'hidden_units': 64.0, 'dropout_rate': 0.1, 'num_layers': 2.0, 'lr': 0.001, 'val_ndcg': 0.7923905380363993, 'val_ndcg_raw': 0.7955998425231054, 'best_epoch': 17.0, 'epochs_run': 20.0, 'max_epochs': 20.0, 'seed': 0.0}
1 of 1 configs reached max_epochs
0 of 1 were still improving when stopped
Best params saved to ../Models/lstm_bce_best_params.json
