task 16 | loss pwts | node slurmnode-gpu02
NVIDIA GeForce GTX 1080 Ti, 11264 MiB
NVIDIA GeForce GTX 1080 Ti, 11264 MiB
NVIDIA GeForce GTX 1080 Ti, 11264 MiB
NVIDIA GeForce GTX 1080 Ti, 11264 MiB
NVIDIA GeForce GTX 1080 Ti, 11264 MiB
NVIDIA GeForce GTX 1080 Ti, 11264 MiB
NVIDIA GeForce GTX 1080 Ti, 11264 MiB
NVIDIA GeForce GTX 1080 Ti, 11264 MiB
Using device: cuda
Loading datasets...
Train sessions: 75875 | Val sessions: 16262

Running grid search over 54 combinations...

SLURM array task 16: 1 config -> ../Models/LSTM_grid_pwts_task16.csv
Trying: {'hidden_units': 64, 'dropout_rate': 0.5, 'num_layers': 3, 'lr': 0.001}
Epoch 1 | Loss: 0.6132 | Val NDCG: 0.7773 | smoothed: 0.7773
Epoch 2 | Loss: 0.5966 | Val NDCG: 0.7785 | smoothed: 0.7779
Epoch 3 | Loss: 0.5925 | Val NDCG: 0.7766 | smoothed: 0.7775
Epoch 4 | Loss: 0.5905 | Val NDCG: 0.7848 | smoothed: 0.7800
Epoch 5 | Loss: 0.5891 | Val NDCG: 0.7786 | smoothed: 0.7800
Epoch 6 | Loss: 0.5876 | Val NDCG: 0.7849 | smoothed: 0.7828
Epoch 7 | Loss: 0.5887 | Val NDCG: 0.7757 | smoothed: 0.7797
Epoch 8 | Loss: 0.5870 | Val NDCG: 0.7798 | smoothed: 0.7801
Epoch 9 | Loss: 0.5861 | Val NDCG: 0.7751 | smoothed: 0.7769
Epoch 10 | Loss: 0.5846 | Val NDCG: 0.7785 | smoothed: 0.7778
Epoch 11 | Loss: 0.5839 | Val NDCG: 0.7804 | smoothed: 0.7780

Best smoothed NDCG: 0.7828 at epoch 6 of 11 run

1 combinations completed out of 1


--- Grid Search Results ---
 hidden_units  dropout_rate  num_layers    lr  val_ndcg  val_ndcg_raw  best_epoch  epochs_run  max_epochs  seed
           64           0.5           3 0.001  0.782778      0.784947           6          11          20     0

Best config: {'hidden_units': 64.0, 'dropout_rate': 0.5, 'num_layers': 3.0, 'lr': 0.001, 'val_ndcg': 0.7827778209175856, 'val_ndcg_raw': 0.7849473898585835, 'best_epoch': 6.0, 'epochs_run': 11.0, 'max_epochs': 20.0, 'seed': 0.0}
0 of 1 configs reached max_epochs
0 of 1 were still improving when stopped
Best params saved to ../Models/lstm_pwts_best_params.json
