task 92 | loss drrl | node slurmnode-gpu08
NVIDIA A40, 46068 MiB
NVIDIA A40, 46068 MiB
NVIDIA A40, 46068 MiB
NVIDIA A40, 46068 MiB
Using device: cuda
Loading datasets...
Train sessions: 75875 | Val sessions: 16262

Running grid search over 162 combinations...

SLURM array task 92: 1 config -> ../Models/LSTM_grid_drrl_task92.csv
Trying: {'hidden_units': 128, 'dropout_rate': 0.5, 'num_layers': 1, 'lr': 0.001, 'gamma': 4}
Epoch 1 | Loss: -0.2223 | Val NDCG: 0.7603 | smoothed: 0.7603
Epoch 2 | Loss: -0.2294 | Val NDCG: 0.7737 | smoothed: 0.7670
Epoch 3 | Loss: -0.2304 | Val NDCG: 0.7246 | smoothed: 0.7529
Epoch 4 | Loss: -0.2305 | Val NDCG: 0.7575 | smoothed: 0.7519
Epoch 5 | Loss: -0.2309 | Val NDCG: 0.7121 | smoothed: 0.7314
Epoch 6 | Loss: -0.2310 | Val NDCG: 0.7866 | smoothed: 0.7521
Epoch 7 | Loss: -0.2313 | Val NDCG: 0.7874 | smoothed: 0.7620

Best smoothed NDCG: 0.7670 at epoch 2 of 7 run

1 combinations completed out of 1


--- Grid Search Results ---
 hidden_units  dropout_rate  num_layers    lr  gamma  val_ndcg  val_ndcg_raw  best_epoch  epochs_run  max_epochs  seed
          128           0.5           1 0.001      4  0.766994      0.773666           2           7          20     0

Best config: {'hidden_units': 128.0, 'dropout_rate': 0.5, 'num_layers': 1.0, 'lr': 0.001, 'gamma': 4.0, 'val_ndcg': 0.7669943786295796, 'val_ndcg_raw': 0.7736659155231498, 'best_epoch': 2.0, 'epochs_run': 7.0, 'max_epochs': 20.0, 'seed': 0.0}
0 of 1 configs reached max_epochs
0 of 1 were still improving when stopped
Best params saved to ../Models/lstm_drrl_best_params.json
