task 31 | loss bce | node slurmnode-gpu03
Tesla P100-PCIE-16GB, 16384 MiB
Tesla P100-PCIE-16GB, 16384 MiB
Tesla P100-PCIE-16GB, 16384 MiB
Tesla P100-PCIE-16GB, 16384 MiB
Using device: cuda
Loading datasets...
Train sessions: 75875 | Val sessions: 16262

Running grid search over 54 combinations...

SLURM array task 31: 1 config -> ../Models/LSTM_grid_bce_task31.csv
Trying: {'hidden_units': 128, 'dropout_rate': 0.5, 'num_layers': 1, 'lr': 0.0001}
Epoch 1 | Loss: 0.5929 | Val NDCG: 0.7897 | smoothed: 0.7897
Epoch 2 | Loss: 0.5742 | Val NDCG: 0.7756 | smoothed: 0.7826
Epoch 3 | Loss: 0.5696 | Val NDCG: 0.7734 | smoothed: 0.7796
Epoch 4 | Loss: 0.5674 | Val NDCG: 0.7868 | smoothed: 0.7786
Epoch 5 | Loss: 0.5671 | Val NDCG: 0.7741 | smoothed: 0.7781
Epoch 6 | Loss: 0.5661 | Val NDCG: 0.7835 | smoothed: 0.7815

Best smoothed NDCG: 0.7897 at epoch 1 of 6 run

1 combinations completed out of 1


--- Grid Search Results ---
 hidden_units  dropout_rate  num_layers     lr  val_ndcg  val_ndcg_raw  best_epoch  epochs_run  max_epochs  seed
          128           0.5           1 0.0001  0.789691      0.789691           1           6          40     0

Best config: {'hidden_units': 128.0, 'dropout_rate': 0.5, 'num_layers': 1.0, 'lr': 0.0001, 'val_ndcg': 0.789690914954028, 'val_ndcg_raw': 0.789690914954028, 'best_epoch': 1.0, 'epochs_run': 6.0, 'max_epochs': 40.0, 'seed': 0.0}
0 of 1 configs reached max_epochs
0 of 1 were still improving when stopped
Best params saved to ../Models/lstm_bce_best_params.json
