task 7 | loss bce | node slurmnode-gpu02
NVIDIA GeForce GTX 1080 Ti, 11264 MiB
NVIDIA GeForce GTX 1080 Ti, 11264 MiB
NVIDIA GeForce GTX 1080 Ti, 11264 MiB
NVIDIA GeForce GTX 1080 Ti, 11264 MiB
NVIDIA GeForce GTX 1080 Ti, 11264 MiB
NVIDIA GeForce GTX 1080 Ti, 11264 MiB
NVIDIA GeForce GTX 1080 Ti, 11264 MiB
NVIDIA GeForce GTX 1080 Ti, 11264 MiB
Using device: cuda
Loading datasets...
Train sessions: 75875 | Val sessions: 16262

Running grid search over 54 combinations...

SLURM array task 7: 1 config -> ../Models/LSTM_grid_bce_task7.csv
Trying: {'hidden_units': 64, 'dropout_rate': 0.3, 'num_layers': 1, 'lr': 0.0001}
Epoch 1 | Loss: 0.6001 | Val NDCG: 0.7679 | smoothed: 0.7679
Epoch 2 | Loss: 0.5813 | Val NDCG: 0.7821 | smoothed: 0.7750
Epoch 3 | Loss: 0.5752 | Val NDCG: 0.7750 | smoothed: 0.7750
Epoch 4 | Loss: 0.5712 | Val NDCG: 0.7803 | smoothed: 0.7792
Epoch 5 | Loss: 0.5686 | Val NDCG: 0.7755 | smoothed: 0.7770
Epoch 6 | Loss: 0.5676 | Val NDCG: 0.7810 | smoothed: 0.7790
Epoch 7 | Loss: 0.5663 | Val NDCG: 0.7714 | smoothed: 0.7760
Epoch 8 | Loss: 0.5659 | Val NDCG: 0.7724 | smoothed: 0.7749
Epoch 9 | Loss: 0.5646 | Val NDCG: 0.7789 | smoothed: 0.7743

Best smoothed NDCG: 0.7792 at epoch 4 of 9 run

1 combinations completed out of 1


--- Grid Search Results ---
 hidden_units  dropout_rate  num_layers     lr  val_ndcg  val_ndcg_raw  best_epoch  epochs_run  max_epochs  seed
           64           0.3           1 0.0001   0.77915      0.780322           4           9          40     0

Best config: {'hidden_units': 64.0, 'dropout_rate': 0.3, 'num_layers': 1.0, 'lr': 0.0001, 'val_ndcg': 0.7791502381340916, 'val_ndcg_raw': 0.7803217664864859, 'best_epoch': 4.0, 'epochs_run': 9.0, 'max_epochs': 40.0, 'seed': 0.0}
0 of 1 configs reached max_epochs
0 of 1 were still improving when stopped
Best params saved to ../Models/lstm_bce_best_params.json
