task 144 | loss drrl | node slurmnode-gpu03
Tesla P100-PCIE-16GB, 16384 MiB
Tesla P100-PCIE-16GB, 16384 MiB
Tesla P100-PCIE-16GB, 16384 MiB
Tesla P100-PCIE-16GB, 16384 MiB
Using device: cuda
Loading datasets...
Train sessions: 75875 | Val sessions: 16262

Running grid search over 162 combinations...

SLURM array task 144: 1 config -> ../Models/LSTM_grid_drrl_task144.csv
Trying: {'hidden_units': 256, 'dropout_rate': 0.5, 'num_layers': 1, 'lr': 0.001, 'gamma': 2}
Epoch 1 | Loss: -0.2149 | Val NDCG: 0.7095 | smoothed: 0.7095
Epoch 2 | Loss: -0.2271 | Val NDCG: 0.7698 | smoothed: 0.7397
Epoch 3 | Loss: -0.2293 | Val NDCG: 0.7462 | smoothed: 0.7419
Epoch 4 | Loss: -0.2300 | Val NDCG: 0.7659 | smoothed: 0.7607
Epoch 5 | Loss: -0.2304 | Val NDCG: 0.7644 | smoothed: 0.7588
Epoch 6 | Loss: -0.2306 | Val NDCG: 0.7658 | smoothed: 0.7654
Epoch 7 | Loss: -0.2306 | Val NDCG: 0.7756 | smoothed: 0.7686
Epoch 8 | Loss: -0.2305 | Val NDCG: 0.7749 | smoothed: 0.7721
Epoch 9 | Loss: -0.2307 | Val NDCG: 0.7688 | smoothed: 0.7731
Epoch 10 | Loss: -0.2306 | Val NDCG: 0.7849 | smoothed: 0.7762
Epoch 11 | Loss: -0.2306 | Val NDCG: 0.7766 | smoothed: 0.7768
Epoch 12 | Loss: -0.2305 | Val NDCG: 0.7766 | smoothed: 0.7794
Epoch 13 | Loss: -0.2306 | Val NDCG: 0.7771 | smoothed: 0.7768
Epoch 14 | Loss: -0.2307 | Val NDCG: 0.7816 | smoothed: 0.7784
Epoch 15 | Loss: -0.2305 | Val NDCG: 0.7708 | smoothed: 0.7765
Epoch 16 | Loss: -0.2305 | Val NDCG: 0.7709 | smoothed: 0.7744
Epoch 17 | Loss: -0.2307 | Val NDCG: 0.7745 | smoothed: 0.7721

Best smoothed NDCG: 0.7794 at epoch 12 of 17 run

1 combinations completed out of 1


--- Grid Search Results ---
 hidden_units  dropout_rate  num_layers    lr  gamma  val_ndcg  val_ndcg_raw  best_epoch  epochs_run  max_epochs  seed
          256           0.5           1 0.001      2  0.779351      0.776586          12          17          20     0

Best config: {'hidden_units': 256.0, 'dropout_rate': 0.5, 'num_layers': 1.0, 'lr': 0.001, 'gamma': 2.0, 'val_ndcg': 0.7793508690174312, 'val_ndcg_raw': 0.7765859366396785, 'best_epoch': 12.0, 'epochs_run': 17.0, 'max_epochs': 20.0, 'seed': 0.0}
0 of 1 configs reached max_epochs
0 of 1 were still improving when stopped
Best params saved to ../Models/lstm_drrl_best_params.json
