task 51 | loss drrl | node slurmnode-gpu02
NVIDIA GeForce GTX 1080 Ti, 11264 MiB
NVIDIA GeForce GTX 1080 Ti, 11264 MiB
NVIDIA GeForce GTX 1080 Ti, 11264 MiB
NVIDIA GeForce GTX 1080 Ti, 11264 MiB
NVIDIA GeForce GTX 1080 Ti, 11264 MiB
NVIDIA GeForce GTX 1080 Ti, 11264 MiB
NVIDIA GeForce GTX 1080 Ti, 11264 MiB
NVIDIA GeForce GTX 1080 Ti, 11264 MiB
Using device: cuda
Loading datasets...
Train sessions: 75875 | Val sessions: 16262

Running grid search over 162 combinations...

SLURM array task 51: 1 config -> ../Models/LSTM_grid_drrl_task51.csv
Trying: {'hidden_units': 64, 'dropout_rate': 0.5, 'num_layers': 3, 'lr': 0.0001, 'gamma': 2}
Epoch 1 | Loss: -0.2026 | Val NDCG: 0.7105 | smoothed: 0.7105
Epoch 2 | Loss: -0.2296 | Val NDCG: 0.7141 | smoothed: 0.7123
Epoch 3 | Loss: -0.2310 | Val NDCG: 0.7270 | smoothed: 0.7172
Epoch 4 | Loss: -0.2314 | Val NDCG: 0.7044 | smoothed: 0.7152
Epoch 5 | Loss: -0.2316 | Val NDCG: 0.7100 | smoothed: 0.7138
Epoch 6 | Loss: -0.2318 | Val NDCG: 0.7550 | smoothed: 0.7231
Epoch 7 | Loss: -0.2319 | Val NDCG: 0.7080 | smoothed: 0.7243
Epoch 8 | Loss: -0.2320 | Val NDCG: 0.7068 | smoothed: 0.7233
Epoch 9 | Loss: -0.2319 | Val NDCG: 0.6927 | smoothed: 0.7025
Epoch 10 | Loss: -0.2320 | Val NDCG: 0.6909 | smoothed: 0.6968
Epoch 11 | Loss: -0.2320 | Val NDCG: 0.7323 | smoothed: 0.7053
Epoch 12 | Loss: -0.2320 | Val NDCG: 0.7066 | smoothed: 0.7100

Best smoothed NDCG: 0.7243 at epoch 7 of 12 run

1 combinations completed out of 1


--- Grid Search Results ---
 hidden_units  dropout_rate  num_layers     lr  gamma  val_ndcg  val_ndcg_raw  best_epoch  epochs_run  max_epochs  seed
           64           0.5           3 0.0001      2  0.724334      0.708047           7          12          40     0

Best config: {'hidden_units': 64.0, 'dropout_rate': 0.5, 'num_layers': 3.0, 'lr': 0.0001, 'gamma': 2.0, 'val_ndcg': 0.7243340135557254, 'val_ndcg_raw': 0.70804675690959, 'best_epoch': 7.0, 'epochs_run': 12.0, 'max_epochs': 40.0, 'seed': 0.0}
0 of 1 configs reached max_epochs
0 of 1 were still improving when stopped
Best params saved to ../Models/lstm_drrl_best_params.json
