task 50 | loss pwts | node slurmnode-gpu02
NVIDIA GeForce GTX 1080 Ti, 11264 MiB
NVIDIA GeForce GTX 1080 Ti, 11264 MiB
NVIDIA GeForce GTX 1080 Ti, 11264 MiB
NVIDIA GeForce GTX 1080 Ti, 11264 MiB
NVIDIA GeForce GTX 1080 Ti, 11264 MiB
NVIDIA GeForce GTX 1080 Ti, 11264 MiB
NVIDIA GeForce GTX 1080 Ti, 11264 MiB
NVIDIA GeForce GTX 1080 Ti, 11264 MiB
Using device: cuda
Loading datasets...
Train sessions: 75875 | Val sessions: 16262

Running grid search over 54 combinations...

SLURM array task 50: 1 config -> ../Models/LSTM_grid_pwts_task50.csv
Trying: {'hidden_units': 256, 'dropout_rate': 0.5, 'num_layers': 2, 'lr': 0.001}
Epoch 1 | Loss: 0.6028 | Val NDCG: 0.7755 | smoothed: 0.7755
Epoch 2 | Loss: 0.5908 | Val NDCG: 0.7825 | smoothed: 0.7790
Epoch 3 | Loss: 0.5882 | Val NDCG: 0.7813 | smoothed: 0.7798
Epoch 4 | Loss: 0.5854 | Val NDCG: 0.7836 | smoothed: 0.7824
Epoch 5 | Loss: 0.5834 | Val NDCG: 0.7789 | smoothed: 0.7812
Epoch 6 | Loss: 0.5822 | Val NDCG: 0.7863 | smoothed: 0.7829
Epoch 7 | Loss: 0.5805 | Val NDCG: 0.7831 | smoothed: 0.7828
Epoch 8 | Loss: 0.5802 | Val NDCG: 0.7888 | smoothed: 0.7861
Epoch 9 | Loss: 0.5791 | Val NDCG: 0.7804 | smoothed: 0.7841
Epoch 10 | Loss: 0.5776 | Val NDCG: 0.7863 | smoothed: 0.7852
Epoch 11 | Loss: 0.5779 | Val NDCG: 0.7879 | smoothed: 0.7849
Epoch 12 | Loss: 0.5774 | Val NDCG: 0.7873 | smoothed: 0.7872
Epoch 13 | Loss: 0.5750 | Val NDCG: 0.7890 | smoothed: 0.7881
Epoch 14 | Loss: 0.5766 | Val NDCG: 0.7907 | smoothed: 0.7890
Epoch 15 | Loss: 0.5747 | Val NDCG: 0.7885 | smoothed: 0.7894
Epoch 16 | Loss: 0.5740 | Val NDCG: 0.7902 | smoothed: 0.7898
Epoch 17 | Loss: 0.5727 | Val NDCG: 0.7933 | smoothed: 0.7906
Epoch 18 | Loss: 0.5731 | Val NDCG: 0.7900 | smoothed: 0.7912
Epoch 19 | Loss: 0.5733 | Val NDCG: 0.7903 | smoothed: 0.7912
Epoch 20 | Loss: 0.5729 | Val NDCG: 0.7894 | smoothed: 0.7899

Best smoothed NDCG: 0.7912 at epoch 19 of 20 run

1 combinations completed out of 1


--- Grid Search Results ---
 hidden_units  dropout_rate  num_layers    lr  val_ndcg  val_ndcg_raw  best_epoch  epochs_run  max_epochs  seed
          256           0.5           2 0.001  0.791204      0.790316          19          20          20     0

Best config: {'hidden_units': 256.0, 'dropout_rate': 0.5, 'num_layers': 2.0, 'lr': 0.001, 'val_ndcg': 0.7912039892863852, 'val_ndcg_raw': 0.7903163766462447, 'best_epoch': 19.0, 'epochs_run': 20.0, 'max_epochs': 20.0, 'seed': 0.0}
1 of 1 configs reached max_epochs
1 of 1 were still improving when stopped
Best params saved to ../Models/lstm_pwts_best_params.json
