task 13 | loss pwts | node slurmnode-gpu03
Tesla P100-PCIE-16GB, 16384 MiB
Tesla P100-PCIE-16GB, 16384 MiB
Tesla P100-PCIE-16GB, 16384 MiB
Tesla P100-PCIE-16GB, 16384 MiB
Using device: cuda
Loading datasets...
Train sessions: 75875 | Val sessions: 16262

Running grid search over 54 combinations...

SLURM array task 13: 1 config -> ../Models/LSTM_grid_pwts_task13.csv
Trying: {'hidden_units': 64, 'dropout_rate': 0.5, 'num_layers': 1, 'lr': 0.0001}
Epoch 1 | Loss: 0.6329 | Val NDCG: 0.7557 | smoothed: 0.7557
Epoch 2 | Loss: 0.6118 | Val NDCG: 0.7763 | smoothed: 0.7660
Epoch 3 | Loss: 0.6062 | Val NDCG: 0.7711 | smoothed: 0.7677
Epoch 4 | Loss: 0.6021 | Val NDCG: 0.7785 | smoothed: 0.7753
Epoch 5 | Loss: 0.5987 | Val NDCG: 0.7724 | smoothed: 0.7740
Epoch 6 | Loss: 0.5970 | Val NDCG: 0.7731 | smoothed: 0.7747
Epoch 7 | Loss: 0.5961 | Val NDCG: 0.7669 | smoothed: 0.7708
Epoch 8 | Loss: 0.5962 | Val NDCG: 0.7705 | smoothed: 0.7702
Epoch 9 | Loss: 0.5933 | Val NDCG: 0.7717 | smoothed: 0.7697

Best smoothed NDCG: 0.7753 at epoch 4 of 9 run

1 combinations completed out of 1


--- Grid Search Results ---
 hidden_units  dropout_rate  num_layers     lr  val_ndcg  val_ndcg_raw  best_epoch  epochs_run  max_epochs  seed
           64           0.5           1 0.0001  0.775284      0.778453           4           9          40     0

Best config: {'hidden_units': 64.0, 'dropout_rate': 0.5, 'num_layers': 1.0, 'lr': 0.0001, 'val_ndcg': 0.7752837696687926, 'val_ndcg_raw': 0.7784532062093453, 'best_epoch': 4.0, 'epochs_run': 9.0, 'max_epochs': 40.0, 'seed': 0.0}
0 of 1 configs reached max_epochs
0 of 1 were still improving when stopped
Best params saved to ../Models/lstm_pwts_best_params.json
