task 5 | loss drrl | node slurmnode-gpu03
Tesla P100-PCIE-16GB, 16384 MiB
Tesla P100-PCIE-16GB, 16384 MiB
Tesla P100-PCIE-16GB, 16384 MiB
Tesla P100-PCIE-16GB, 16384 MiB
Using device: cuda
Loading datasets...
Train sessions: 75875 | Val sessions: 16262

Running grid search over 162 combinations...

SLURM array task 5: 1 config -> ../Models/LSTM_grid_drrl_task5.csv
Trying: {'hidden_units': 64, 'dropout_rate': 0.1, 'num_layers': 1, 'lr': 0.0001, 'gamma': 4}
Epoch 1 | Loss: -0.1974 | Val NDCG: 0.7258 | smoothed: 0.7258
Epoch 2 | Loss: -0.2269 | Val NDCG: 0.7408 | smoothed: 0.7333
Epoch 3 | Loss: -0.2292 | Val NDCG: 0.7236 | smoothed: 0.7301
Epoch 4 | Loss: -0.2302 | Val NDCG: 0.7380 | smoothed: 0.7341
Epoch 5 | Loss: -0.2308 | Val NDCG: 0.7260 | smoothed: 0.7292
Epoch 6 | Loss: -0.2311 | Val NDCG: 0.7622 | smoothed: 0.7421
Epoch 7 | Loss: -0.2315 | Val NDCG: 0.7441 | smoothed: 0.7441
Epoch 8 | Loss: -0.2316 | Val NDCG: 0.7291 | smoothed: 0.7452
Epoch 9 | Loss: -0.2318 | Val NDCG: 0.7408 | smoothed: 0.7380
Epoch 10 | Loss: -0.2319 | Val NDCG: 0.7336 | smoothed: 0.7345
Epoch 11 | Loss: -0.2320 | Val NDCG: 0.7512 | smoothed: 0.7419
Epoch 12 | Loss: -0.2321 | Val NDCG: 0.7762 | smoothed: 0.7537
Epoch 13 | Loss: -0.2320 | Val NDCG: 0.7894 | smoothed: 0.7723
Epoch 14 | Loss: -0.2321 | Val NDCG: 0.7899 | smoothed: 0.7852
Epoch 15 | Loss: -0.2321 | Val NDCG: 0.7340 | smoothed: 0.7711
Epoch 16 | Loss: -0.2321 | Val NDCG: 0.7436 | smoothed: 0.7559
Epoch 17 | Loss: -0.2322 | Val NDCG: 0.7982 | smoothed: 0.7586
Epoch 18 | Loss: -0.2322 | Val NDCG: 0.7748 | smoothed: 0.7722
Epoch 19 | Loss: -0.2322 | Val NDCG: 0.7349 | smoothed: 0.7693

Best smoothed NDCG: 0.7852 at epoch 14 of 19 run

1 combinations completed out of 1


--- Grid Search Results ---
 hidden_units  dropout_rate  num_layers     lr  gamma  val_ndcg  val_ndcg_raw  best_epoch  epochs_run  max_epochs  seed
           64           0.1           1 0.0001      4  0.785172      0.789902          14          19          40     0

Best config: {'hidden_units': 64.0, 'dropout_rate': 0.1, 'num_layers': 1.0, 'lr': 0.0001, 'gamma': 4.0, 'val_ndcg': 0.7851724124330598, 'val_ndcg_raw': 0.7899023451496929, 'best_epoch': 14.0, 'epochs_run': 19.0, 'max_epochs': 40.0, 'seed': 0.0}
0 of 1 configs reached max_epochs
0 of 1 were still improving when stopped
Best params saved to ../Models/lstm_drrl_best_params.json
