task 53 | loss drrl | node slurmnode-gpu02
NVIDIA GeForce GTX 1080 Ti, 11264 MiB
NVIDIA GeForce GTX 1080 Ti, 11264 MiB
NVIDIA GeForce GTX 1080 Ti, 11264 MiB
NVIDIA GeForce GTX 1080 Ti, 11264 MiB
NVIDIA GeForce GTX 1080 Ti, 11264 MiB
NVIDIA GeForce GTX 1080 Ti, 11264 MiB
NVIDIA GeForce GTX 1080 Ti, 11264 MiB
NVIDIA GeForce GTX 1080 Ti, 11264 MiB
Using device: cuda
Loading datasets...
Train sessions: 75875 | Val sessions: 16262

Running grid search over 162 combinations...

SLURM array task 53: 1 config -> ../Models/LSTM_grid_drrl_task53.csv
Trying: {'hidden_units': 64, 'dropout_rate': 0.5, 'num_layers': 3, 'lr': 0.0001, 'gamma': 4}
Epoch 1 | Loss: -0.2046 | Val NDCG: 0.7275 | smoothed: 0.7275
Epoch 2 | Loss: -0.2300 | Val NDCG: 0.7237 | smoothed: 0.7256
Epoch 3 | Loss: -0.2313 | Val NDCG: 0.7482 | smoothed: 0.7332
Epoch 4 | Loss: -0.2317 | Val NDCG: 0.7295 | smoothed: 0.7338
Epoch 5 | Loss: -0.2319 | Val NDCG: 0.7051 | smoothed: 0.7276
Epoch 6 | Loss: -0.2320 | Val NDCG: 0.7217 | smoothed: 0.7188
Epoch 7 | Loss: -0.2322 | Val NDCG: 0.7488 | smoothed: 0.7252
Epoch 8 | Loss: -0.2322 | Val NDCG: 0.7040 | smoothed: 0.7248
Epoch 9 | Loss: -0.2323 | Val NDCG: 0.7009 | smoothed: 0.7179

Best smoothed NDCG: 0.7338 at epoch 4 of 9 run

1 combinations completed out of 1


--- Grid Search Results ---
 hidden_units  dropout_rate  num_layers     lr  gamma  val_ndcg  val_ndcg_raw  best_epoch  epochs_run  max_epochs  seed
           64           0.5           3 0.0001      4  0.733798      0.729457           4           9          40     0

Best config: {'hidden_units': 64.0, 'dropout_rate': 0.5, 'num_layers': 3.0, 'lr': 0.0001, 'gamma': 4.0, 'val_ndcg': 0.7337979372888169, 'val_ndcg_raw': 0.7294568230792129, 'best_epoch': 4.0, 'epochs_run': 9.0, 'max_epochs': 40.0, 'seed': 0.0}
0 of 1 configs reached max_epochs
0 of 1 were still improving when stopped
Best params saved to ../Models/lstm_drrl_best_params.json
