task 157 | loss drrl | node slurmnode-gpu03
Tesla P100-PCIE-16GB, 16384 MiB
Tesla P100-PCIE-16GB, 16384 MiB
Tesla P100-PCIE-16GB, 16384 MiB
Tesla P100-PCIE-16GB, 16384 MiB
Using device: cuda
Loading datasets...
Train sessions: 75875 | Val sessions: 16262

Running grid search over 162 combinations...

SLURM array task 157: 1 config -> ../Models/LSTM_grid_drrl_task157.csv
Trying: {'hidden_units': 256, 'dropout_rate': 0.5, 'num_layers': 3, 'lr': 0.001, 'gamma': 3}
Epoch 1 | Loss: -0.2186 | Val NDCG: 0.6883 | smoothed: 0.6883
Epoch 2 | Loss: -0.2284 | Val NDCG: 0.7861 | smoothed: 0.7372
Epoch 3 | Loss: -0.2289 | Val NDCG: 0.7987 | smoothed: 0.7577
Epoch 4 | Loss: -0.2298 | Val NDCG: 0.7890 | smoothed: 0.7913
Epoch 5 | Loss: -0.2300 | Val NDCG: 0.7716 | smoothed: 0.7864
Epoch 6 | Loss: -0.2300 | Val NDCG: 0.7668 | smoothed: 0.7758
Epoch 7 | Loss: -0.2304 | Val NDCG: 0.7881 | smoothed: 0.7755
Epoch 8 | Loss: -0.2305 | Val NDCG: 0.7879 | smoothed: 0.7809
Epoch 9 | Loss: -0.2308 | Val NDCG: 0.7490 | smoothed: 0.7750

Best smoothed NDCG: 0.7913 at epoch 4 of 9 run

1 combinations completed out of 1


--- Grid Search Results ---
 hidden_units  dropout_rate  num_layers    lr  gamma  val_ndcg  val_ndcg_raw  best_epoch  epochs_run  max_epochs  seed
          256           0.5           3 0.001      3  0.791277      0.789026           4           9          20     0

Best config: {'hidden_units': 256.0, 'dropout_rate': 0.5, 'num_layers': 3.0, 'lr': 0.001, 'gamma': 3.0, 'val_ndcg': 0.791277050706582, 'val_ndcg_raw': 0.7890258873831505, 'best_epoch': 4.0, 'epochs_run': 9.0, 'max_epochs': 20.0, 'seed': 0.0}
0 of 1 configs reached max_epochs
0 of 1 were still improving when stopped
Best params saved to ../Models/lstm_drrl_best_params.json
