task 112 | loss drrl | node slurmnode-gpu03
Tesla P100-PCIE-16GB, 16384 MiB
Tesla P100-PCIE-16GB, 16384 MiB
Tesla P100-PCIE-16GB, 16384 MiB
Tesla P100-PCIE-16GB, 16384 MiB
Using device: cuda
Loading datasets...
Train sessions: 75875 | Val sessions: 16262

Running grid search over 162 combinations...

SLURM array task 112: 1 config -> ../Models/LSTM_grid_drrl_task112.csv
Trying: {'hidden_units': 256, 'dropout_rate': 0.1, 'num_layers': 1, 'lr': 0.0001, 'gamma': 3}
Epoch 1 | Loss: -0.2158 | Val NDCG: 0.7412 | smoothed: 0.7412
Epoch 2 | Loss: -0.2264 | Val NDCG: 0.7453 | smoothed: 0.7433
Epoch 3 | Loss: -0.2284 | Val NDCG: 0.7401 | smoothed: 0.7422
Epoch 4 | Loss: -0.2294 | Val NDCG: 0.7314 | smoothed: 0.7390
Epoch 5 | Loss: -0.2300 | Val NDCG: 0.7427 | smoothed: 0.7381
Epoch 6 | Loss: -0.2304 | Val NDCG: 0.7558 | smoothed: 0.7433
Epoch 7 | Loss: -0.2308 | Val NDCG: 0.7214 | smoothed: 0.7400
Epoch 8 | Loss: -0.2310 | Val NDCG: 0.7539 | smoothed: 0.7437
Epoch 9 | Loss: -0.2312 | Val NDCG: 0.7557 | smoothed: 0.7437
Epoch 10 | Loss: -0.2313 | Val NDCG: 0.7410 | smoothed: 0.7502
Epoch 11 | Loss: -0.2315 | Val NDCG: 0.7383 | smoothed: 0.7450
Epoch 12 | Loss: -0.2314 | Val NDCG: 0.7846 | smoothed: 0.7546
Epoch 13 | Loss: -0.2315 | Val NDCG: 0.7623 | smoothed: 0.7617
Epoch 14 | Loss: -0.2317 | Val NDCG: 0.7452 | smoothed: 0.7640
Epoch 15 | Loss: -0.2318 | Val NDCG: 0.7699 | smoothed: 0.7591
Epoch 16 | Loss: -0.2318 | Val NDCG: 0.7778 | smoothed: 0.7643
Epoch 17 | Loss: -0.2317 | Val NDCG: 0.7332 | smoothed: 0.7603
Epoch 18 | Loss: -0.2319 | Val NDCG: 0.7486 | smoothed: 0.7532
Epoch 19 | Loss: -0.2319 | Val NDCG: 0.7610 | smoothed: 0.7476
Epoch 20 | Loss: -0.2319 | Val NDCG: 0.7702 | smoothed: 0.7599
Epoch 21 | Loss: -0.2319 | Val NDCG: 0.7593 | smoothed: 0.7635

Best smoothed NDCG: 0.7643 at epoch 16 of 21 run

1 combinations completed out of 1


--- Grid Search Results ---
 hidden_units  dropout_rate  num_layers     lr  gamma  val_ndcg  val_ndcg_raw  best_epoch  epochs_run  max_epochs  seed
          256           0.1           1 0.0001      3  0.764283      0.777822          16          21          40     0

Best config: {'hidden_units': 256.0, 'dropout_rate': 0.1, 'num_layers': 1.0, 'lr': 0.0001, 'gamma': 3.0, 'val_ndcg': 0.7642827638938874, 'val_ndcg_raw': 0.7778219022532985, 'best_epoch': 16.0, 'epochs_run': 21.0, 'max_epochs': 40.0, 'seed': 0.0}
0 of 1 configs reached max_epochs
0 of 1 were still improving when stopped
Best params saved to ../Models/lstm_drrl_best_params.json
