task 2 | loss drrl | node slurmnode-gpu02
NVIDIA GeForce GTX 1080 Ti, 11264 MiB
NVIDIA GeForce GTX 1080 Ti, 11264 MiB
NVIDIA GeForce GTX 1080 Ti, 11264 MiB
NVIDIA GeForce GTX 1080 Ti, 11264 MiB
NVIDIA GeForce GTX 1080 Ti, 11264 MiB
NVIDIA GeForce GTX 1080 Ti, 11264 MiB
NVIDIA GeForce GTX 1080 Ti, 11264 MiB
NVIDIA GeForce GTX 1080 Ti, 11264 MiB
Using device: cuda
Loading datasets...
Train sessions: 75875 | Val sessions: 16262

Running grid search over 162 combinations...

SLURM array task 2: 1 config -> ../Models/LSTM_grid_drrl_task2.csv
Trying: {'hidden_units': 64, 'dropout_rate': 0.1, 'num_layers': 1, 'lr': 0.001, 'gamma': 4}
Epoch 1 | Loss: -0.2216 | Val NDCG: 0.7397 | smoothed: 0.7397
Epoch 2 | Loss: -0.2284 | Val NDCG: 0.7455 | smoothed: 0.7426
Epoch 3 | Loss: -0.2294 | Val NDCG: 0.7709 | smoothed: 0.7520
Epoch 4 | Loss: -0.2300 | Val NDCG: 0.7383 | smoothed: 0.7516
Epoch 5 | Loss: -0.2304 | Val NDCG: 0.7223 | smoothed: 0.7438
Epoch 6 | Loss: -0.2305 | Val NDCG: 0.7780 | smoothed: 0.7462
Epoch 7 | Loss: -0.2305 | Val NDCG: 0.7776 | smoothed: 0.7593
Epoch 8 | Loss: -0.2308 | Val NDCG: 0.7604 | smoothed: 0.7720
Epoch 9 | Loss: -0.2308 | Val NDCG: 0.7764 | smoothed: 0.7715
Epoch 10 | Loss: -0.2311 | Val NDCG: 0.7731 | smoothed: 0.7700
Epoch 11 | Loss: -0.2310 | Val NDCG: 0.7482 | smoothed: 0.7659
Epoch 12 | Loss: -0.2312 | Val NDCG: 0.7720 | smoothed: 0.7645
Epoch 13 | Loss: -0.2313 | Val NDCG: 0.7826 | smoothed: 0.7676

Best smoothed NDCG: 0.7720 at epoch 8 of 13 run

1 combinations completed out of 1


--- Grid Search Results ---
 hidden_units  dropout_rate  num_layers    lr  gamma  val_ndcg  val_ndcg_raw  best_epoch  epochs_run  max_epochs  seed
           64           0.1           1 0.001      4  0.771995      0.760368           8          13          20     0

Best config: {'hidden_units': 64.0, 'dropout_rate': 0.1, 'num_layers': 1.0, 'lr': 0.001, 'gamma': 4.0, 'val_ndcg': 0.771995197727429, 'val_ndcg_raw': 0.7603675465112781, 'best_epoch': 8.0, 'epochs_run': 13.0, 'max_epochs': 20.0, 'seed': 0.0}
0 of 1 configs reached max_epochs
0 of 1 were still improving when stopped
Best params saved to ../Models/lstm_drrl_best_params.json
