task 19 | loss drrl | node slurmnode-gpu02
NVIDIA GeForce GTX 1080 Ti, 11264 MiB
NVIDIA GeForce GTX 1080 Ti, 11264 MiB
NVIDIA GeForce GTX 1080 Ti, 11264 MiB
NVIDIA GeForce GTX 1080 Ti, 11264 MiB
NVIDIA GeForce GTX 1080 Ti, 11264 MiB
NVIDIA GeForce GTX 1080 Ti, 11264 MiB
NVIDIA GeForce GTX 1080 Ti, 11264 MiB
NVIDIA GeForce GTX 1080 Ti, 11264 MiB
Using device: cuda
Loading datasets...
Train sessions: 75875 | Val sessions: 16262

Running grid search over 162 combinations...

SLURM array task 19: 1 config -> ../Models/LSTM_grid_drrl_task19.csv
Trying: {'hidden_units': 64, 'dropout_rate': 0.3, 'num_layers': 1, 'lr': 0.001, 'gamma': 3}
Epoch 1 | Loss: -0.2204 | Val NDCG: 0.7542 | smoothed: 0.7542
Epoch 2 | Loss: -0.2290 | Val NDCG: 0.7684 | smoothed: 0.7613
Epoch 3 | Loss: -0.2298 | Val NDCG: 0.7752 | smoothed: 0.7660
Epoch 4 | Loss: -0.2300 | Val NDCG: 0.7784 | smoothed: 0.7740
Epoch 5 | Loss: -0.2302 | Val NDCG: 0.7802 | smoothed: 0.7779
Epoch 6 | Loss: -0.2306 | Val NDCG: 0.7713 | smoothed: 0.7766
Epoch 7 | Loss: -0.2308 | Val NDCG: 0.7431 | smoothed: 0.7649
Epoch 8 | Loss: -0.2309 | Val NDCG: 0.7500 | smoothed: 0.7548
Epoch 9 | Loss: -0.2309 | Val NDCG: 0.7652 | smoothed: 0.7527
Epoch 10 | Loss: -0.2312 | Val NDCG: 0.7711 | smoothed: 0.7621

Best smoothed NDCG: 0.7779 at epoch 5 of 10 run

1 combinations completed out of 1


--- Grid Search Results ---
 hidden_units  dropout_rate  num_layers    lr  gamma  val_ndcg  val_ndcg_raw  best_epoch  epochs_run  max_epochs  seed
           64           0.3           1 0.001      3  0.777922      0.780169           5          10          20     0

Best config: {'hidden_units': 64.0, 'dropout_rate': 0.3, 'num_layers': 1.0, 'lr': 0.001, 'gamma': 3.0, 'val_ndcg': 0.7779220773261629, 'val_ndcg_raw': 0.7801690546331397, 'best_epoch': 5.0, 'epochs_run': 10.0, 'max_epochs': 20.0, 'seed': 0.0}
0 of 1 configs reached max_epochs
0 of 1 were still improving when stopped
Best params saved to ../Models/lstm_drrl_best_params.json
