task 77 | loss drrl | node slurmnode-gpu02
NVIDIA GeForce GTX 1080 Ti, 11264 MiB
NVIDIA GeForce GTX 1080 Ti, 11264 MiB
NVIDIA GeForce GTX 1080 Ti, 11264 MiB
NVIDIA GeForce GTX 1080 Ti, 11264 MiB
NVIDIA GeForce GTX 1080 Ti, 11264 MiB
NVIDIA GeForce GTX 1080 Ti, 11264 MiB
NVIDIA GeForce GTX 1080 Ti, 11264 MiB
NVIDIA GeForce GTX 1080 Ti, 11264 MiB
Using device: cuda
Loading datasets...
Train sessions: 75875 | Val sessions: 16262

Running grid search over 162 combinations...

SLURM array task 77: 1 config -> ../Models/LSTM_grid_drrl_task77.csv
Trying: {'hidden_units': 128, 'dropout_rate': 0.3, 'num_layers': 1, 'lr': 0.0001, 'gamma': 4}
Epoch 1 | Loss: -0.2099 | Val NDCG: 0.7567 | smoothed: 0.7567
Epoch 2 | Loss: -0.2267 | Val NDCG: 0.7564 | smoothed: 0.7565
Epoch 3 | Loss: -0.2289 | Val NDCG: 0.7519 | smoothed: 0.7550
Epoch 4 | Loss: -0.2300 | Val NDCG: 0.7394 | smoothed: 0.7492
Epoch 5 | Loss: -0.2308 | Val NDCG: 0.7527 | smoothed: 0.7480
Epoch 6 | Loss: -0.2311 | Val NDCG: 0.7618 | smoothed: 0.7513

Best smoothed NDCG: 0.7567 at epoch 1 of 6 run

1 combinations completed out of 1


--- Grid Search Results ---
 hidden_units  dropout_rate  num_layers     lr  gamma  val_ndcg  val_ndcg_raw  best_epoch  epochs_run  max_epochs  seed
          128           0.3           1 0.0001      4  0.756656      0.756656           1           6          40     0

Best config: {'hidden_units': 128.0, 'dropout_rate': 0.3, 'num_layers': 1.0, 'lr': 0.0001, 'gamma': 4.0, 'val_ndcg': 0.7566557230439473, 'val_ndcg_raw': 0.7566557230439473, 'best_epoch': 1.0, 'epochs_run': 6.0, 'max_epochs': 40.0, 'seed': 0.0}
0 of 1 configs reached max_epochs
0 of 1 were still improving when stopped
Best params saved to ../Models/lstm_drrl_best_params.json
