task 32 | loss bce | node slurmnode-gpu02
NVIDIA GeForce GTX 1080 Ti, 11264 MiB
NVIDIA GeForce GTX 1080 Ti, 11264 MiB
NVIDIA GeForce GTX 1080 Ti, 11264 MiB
NVIDIA GeForce GTX 1080 Ti, 11264 MiB
NVIDIA GeForce GTX 1080 Ti, 11264 MiB
NVIDIA GeForce GTX 1080 Ti, 11264 MiB
NVIDIA GeForce GTX 1080 Ti, 11264 MiB
NVIDIA GeForce GTX 1080 Ti, 11264 MiB
Using device: cuda
Loading datasets...
Train sessions: 75875 | Val sessions: 16262

Running grid search over 54 combinations...

SLURM array task 32: 1 config -> ../Models/LSTM_grid_bce_task32.csv
Trying: {'hidden_units': 128, 'dropout_rate': 0.5, 'num_layers': 2, 'lr': 0.001}
Epoch 1 | Loss: 0.5777 | Val NDCG: 0.7784 | smoothed: 0.7784
Epoch 2 | Loss: 0.5688 | Val NDCG: 0.7750 | smoothed: 0.7767
Epoch 3 | Loss: 0.5639 | Val NDCG: 0.7805 | smoothed: 0.7780
Epoch 4 | Loss: 0.5620 | Val NDCG: 0.7867 | smoothed: 0.7807
Epoch 5 | Loss: 0.5598 | Val NDCG: 0.7731 | smoothed: 0.7801
Epoch 6 | Loss: 0.5582 | Val NDCG: 0.7877 | smoothed: 0.7825
Epoch 7 | Loss: 0.5583 | Val NDCG: 0.7816 | smoothed: 0.7808
Epoch 8 | Loss: 0.5561 | Val NDCG: 0.7874 | smoothed: 0.7856
Epoch 9 | Loss: 0.5548 | Val NDCG: 0.7815 | smoothed: 0.7835
Epoch 10 | Loss: 0.5547 | Val NDCG: 0.7888 | smoothed: 0.7859
Epoch 11 | Loss: 0.5539 | Val NDCG: 0.7867 | smoothed: 0.7857
Epoch 12 | Loss: 0.5525 | Val NDCG: 0.7866 | smoothed: 0.7874
Epoch 13 | Loss: 0.5520 | Val NDCG: 0.7899 | smoothed: 0.7877
Epoch 14 | Loss: 0.5513 | Val NDCG: 0.7905 | smoothed: 0.7890
Epoch 15 | Loss: 0.5527 | Val NDCG: 0.7875 | smoothed: 0.7893
Epoch 16 | Loss: 0.5517 | Val NDCG: 0.7893 | smoothed: 0.7891
Epoch 17 | Loss: 0.5507 | Val NDCG: 0.7894 | smoothed: 0.7887
Epoch 18 | Loss: 0.5510 | Val NDCG: 0.7900 | smoothed: 0.7895
Epoch 19 | Loss: 0.5506 | Val NDCG: 0.7920 | smoothed: 0.7905
Epoch 20 | Loss: 0.5494 | Val NDCG: 0.7893 | smoothed: 0.7904

Best smoothed NDCG: 0.7905 at epoch 19 of 20 run

1 combinations completed out of 1


--- Grid Search Results ---
 hidden_units  dropout_rate  num_layers    lr  val_ndcg  val_ndcg_raw  best_epoch  epochs_run  max_epochs  seed
          128           0.5           2 0.001  0.790461      0.792019          19          20          20     0

Best config: {'hidden_units': 128.0, 'dropout_rate': 0.5, 'num_layers': 2.0, 'lr': 0.001, 'val_ndcg': 0.7904612633986147, 'val_ndcg_raw': 0.7920192199641791, 'best_epoch': 19.0, 'epochs_run': 20.0, 'max_epochs': 20.0, 'seed': 0.0}
1 of 1 configs reached max_epochs
1 of 1 were still improving when stopped
Best params saved to ../Models/lstm_bce_best_params.json
