task 7 | loss drrl | node slurmnode-gpu02
NVIDIA GeForce GTX 1080 Ti, 11264 MiB
NVIDIA GeForce GTX 1080 Ti, 11264 MiB
NVIDIA GeForce GTX 1080 Ti, 11264 MiB
NVIDIA GeForce GTX 1080 Ti, 11264 MiB
NVIDIA GeForce GTX 1080 Ti, 11264 MiB
NVIDIA GeForce GTX 1080 Ti, 11264 MiB
NVIDIA GeForce GTX 1080 Ti, 11264 MiB
NVIDIA GeForce GTX 1080 Ti, 11264 MiB
Using device: cuda
Loading datasets...
Train sessions: 75875 | Val sessions: 16262

Running grid search over 162 combinations...

SLURM array task 7: 1 config -> ../Models/LSTM_grid_drrl_task7.csv
Trying: {'hidden_units': 64, 'dropout_rate': 0.1, 'num_layers': 2, 'lr': 0.001, 'gamma': 3}
Epoch 1 | Loss: -0.2277 | Val NDCG: 0.7629 | smoothed: 0.7629
Epoch 2 | Loss: -0.2314 | Val NDCG: 0.7596 | smoothed: 0.7612
Epoch 3 | Loss: -0.2316 | Val NDCG: 0.7731 | smoothed: 0.7652
Epoch 4 | Loss: -0.2318 | Val NDCG: 0.7693 | smoothed: 0.7673
Epoch 5 | Loss: -0.2317 | Val NDCG: 0.7659 | smoothed: 0.7694
Epoch 6 | Loss: -0.2319 | Val NDCG: 0.7647 | smoothed: 0.7666
Epoch 7 | Loss: -0.2318 | Val NDCG: 0.7913 | smoothed: 0.7740
Epoch 8 | Loss: -0.2318 | Val NDCG: 0.7754 | smoothed: 0.7772
Epoch 9 | Loss: -0.2320 | Val NDCG: 0.7795 | smoothed: 0.7821
Epoch 10 | Loss: -0.2320 | Val NDCG: 0.7873 | smoothed: 0.7807
Epoch 11 | Loss: -0.2321 | Val NDCG: 0.7803 | smoothed: 0.7824
Epoch 12 | Loss: -0.2320 | Val NDCG: 0.7523 | smoothed: 0.7733
Epoch 13 | Loss: -0.2321 | Val NDCG: 0.7843 | smoothed: 0.7723
Epoch 14 | Loss: -0.2320 | Val NDCG: 0.7874 | smoothed: 0.7747
Epoch 15 | Loss: -0.2322 | Val NDCG: 0.7818 | smoothed: 0.7845
Epoch 16 | Loss: -0.2322 | Val NDCG: 0.7661 | smoothed: 0.7785
Epoch 17 | Loss: -0.2322 | Val NDCG: 0.7742 | smoothed: 0.7741
Epoch 18 | Loss: -0.2323 | Val NDCG: 0.7605 | smoothed: 0.7670
Epoch 19 | Loss: -0.2323 | Val NDCG: 0.7817 | smoothed: 0.7721
Epoch 20 | Loss: -0.2323 | Val NDCG: 0.7786 | smoothed: 0.7736

Best smoothed NDCG: 0.7845 at epoch 15 of 20 run

1 combinations completed out of 1


--- Grid Search Results ---
 hidden_units  dropout_rate  num_layers    lr  gamma  val_ndcg  val_ndcg_raw  best_epoch  epochs_run  max_epochs  seed
           64           0.1           2 0.001      3  0.784491      0.781832          15          20          20     0

Best config: {'hidden_units': 64.0, 'dropout_rate': 0.1, 'num_layers': 2.0, 'lr': 0.001, 'gamma': 3.0, 'val_ndcg': 0.784491389675754, 'val_ndcg_raw': 0.7818320887425159, 'best_epoch': 15.0, 'epochs_run': 20.0, 'max_epochs': 20.0, 'seed': 0.0}
1 of 1 configs reached max_epochs
0 of 1 were still improving when stopped
Best params saved to ../Models/lstm_drrl_best_params.json
