task 54 | loss drrl | node slurmnode-gpu03
Tesla P100-PCIE-16GB, 16384 MiB
Tesla P100-PCIE-16GB, 16384 MiB
Tesla P100-PCIE-16GB, 16384 MiB
Tesla P100-PCIE-16GB, 16384 MiB
Using device: cuda
Loading datasets...
Train sessions: 75875 | Val sessions: 16262

Running grid search over 162 combinations...

SLURM array task 54: 1 config -> ../Models/LSTM_grid_drrl_task54.csv
Trying: {'hidden_units': 128, 'dropout_rate': 0.1, 'num_layers': 1, 'lr': 0.001, 'gamma': 2}
Epoch 1 | Loss: -0.2209 | Val NDCG: 0.7410 | smoothed: 0.7410
Epoch 2 | Loss: -0.2277 | Val NDCG: 0.7109 | smoothed: 0.7260
Epoch 3 | Loss: -0.2290 | Val NDCG: 0.7797 | smoothed: 0.7439
Epoch 4 | Loss: -0.2294 | Val NDCG: 0.7835 | smoothed: 0.7580
Epoch 5 | Loss: -0.2296 | Val NDCG: 0.7597 | smoothed: 0.7743
Epoch 6 | Loss: -0.2300 | Val NDCG: 0.7689 | smoothed: 0.7707
Epoch 7 | Loss: -0.2305 | Val NDCG: 0.7511 | smoothed: 0.7599
Epoch 8 | Loss: -0.2305 | Val NDCG: 0.7717 | smoothed: 0.7639
Epoch 9 | Loss: -0.2306 | Val NDCG: 0.6925 | smoothed: 0.7384
Epoch 10 | Loss: -0.2307 | Val NDCG: 0.7098 | smoothed: 0.7247

Best smoothed NDCG: 0.7743 at epoch 5 of 10 run

1 combinations completed out of 1


--- Grid Search Results ---
 hidden_units  dropout_rate  num_layers    lr  gamma  val_ndcg  val_ndcg_raw  best_epoch  epochs_run  max_epochs  seed
          128           0.1           1 0.001      2  0.774276        0.7597           5          10          20     0

Best config: {'hidden_units': 128.0, 'dropout_rate': 0.1, 'num_layers': 1.0, 'lr': 0.001, 'gamma': 2.0, 'val_ndcg': 0.7742758767881425, 'val_ndcg_raw': 0.7597004904208561, 'best_epoch': 5.0, 'epochs_run': 10.0, 'max_epochs': 20.0, 'seed': 0.0}
0 of 1 configs reached max_epochs
0 of 1 were still improving when stopped
Best params saved to ../Models/lstm_drrl_best_params.json
