task 35 | loss pwts | node slurmnode-gpu03
Tesla P100-PCIE-16GB, 16384 MiB
Tesla P100-PCIE-16GB, 16384 MiB
Tesla P100-PCIE-16GB, 16384 MiB
Tesla P100-PCIE-16GB, 16384 MiB
Using device: cuda
Loading datasets...
Train sessions: 75875 | Val sessions: 16262

Running grid search over 54 combinations...

SLURM array task 35: 1 config -> ../Models/LSTM_grid_pwts_task35.csv
Trying: {'hidden_units': 128, 'dropout_rate': 0.5, 'num_layers': 3, 'lr': 0.0001}
Epoch 1 | Loss: 0.6279 | Val NDCG: 0.7447 | smoothed: 0.7447
Epoch 2 | Loss: 0.6064 | Val NDCG: 0.7674 | smoothed: 0.7561
Epoch 3 | Loss: 0.6009 | Val NDCG: 0.7698 | smoothed: 0.7607
Epoch 4 | Loss: 0.5974 | Val NDCG: 0.7786 | smoothed: 0.7719
Epoch 5 | Loss: 0.5971 | Val NDCG: 0.7710 | smoothed: 0.7731
Epoch 6 | Loss: 0.5953 | Val NDCG: 0.7748 | smoothed: 0.7748
Epoch 7 | Loss: 0.5936 | Val NDCG: 0.7658 | smoothed: 0.7706
Epoch 8 | Loss: 0.5936 | Val NDCG: 0.7734 | smoothed: 0.7713
Epoch 9 | Loss: 0.5932 | Val NDCG: 0.7705 | smoothed: 0.7699
Epoch 10 | Loss: 0.5916 | Val NDCG: 0.7768 | smoothed: 0.7736
Epoch 11 | Loss: 0.5908 | Val NDCG: 0.7802 | smoothed: 0.7759
Epoch 12 | Loss: 0.5896 | Val NDCG: 0.7747 | smoothed: 0.7772
Epoch 13 | Loss: 0.5891 | Val NDCG: 0.7807 | smoothed: 0.7785
Epoch 14 | Loss: 0.5898 | Val NDCG: 0.7803 | smoothed: 0.7786
Epoch 15 | Loss: 0.5884 | Val NDCG: 0.7740 | smoothed: 0.7783
Epoch 16 | Loss: 0.5885 | Val NDCG: 0.7761 | smoothed: 0.7768
Epoch 17 | Loss: 0.5876 | Val NDCG: 0.7809 | smoothed: 0.7770
Epoch 18 | Loss: 0.5883 | Val NDCG: 0.7782 | smoothed: 0.7784
Epoch 19 | Loss: 0.5868 | Val NDCG: 0.7769 | smoothed: 0.7787
Epoch 20 | Loss: 0.5874 | Val NDCG: 0.7749 | smoothed: 0.7767
Epoch 21 | Loss: 0.5860 | Val NDCG: 0.7798 | smoothed: 0.7772
Epoch 22 | Loss: 0.5869 | Val NDCG: 0.7758 | smoothed: 0.7768
Epoch 23 | Loss: 0.5854 | Val NDCG: 0.7795 | smoothed: 0.7784
Epoch 24 | Loss: 0.5863 | Val NDCG: 0.7774 | smoothed: 0.7776

Best smoothed NDCG: 0.7787 at epoch 19 of 24 run

1 combinations completed out of 1


--- Grid Search Results ---
 hidden_units  dropout_rate  num_layers     lr  val_ndcg  val_ndcg_raw  best_epoch  epochs_run  max_epochs  seed
          128           0.5           3 0.0001  0.778657      0.776941          19          24          40     0

Best config: {'hidden_units': 128.0, 'dropout_rate': 0.5, 'num_layers': 3.0, 'lr': 0.0001, 'val_ndcg': 0.7786570202395128, 'val_ndcg_raw': 0.7769407159580826, 'best_epoch': 19.0, 'epochs_run': 24.0, 'max_epochs': 40.0, 'seed': 0.0}
0 of 1 configs reached max_epochs
0 of 1 were still improving when stopped
Best params saved to ../Models/lstm_pwts_best_params.json
