task 11 | loss bce | node slurmnode-gpu03
Tesla P100-PCIE-16GB, 16384 MiB
Tesla P100-PCIE-16GB, 16384 MiB
Tesla P100-PCIE-16GB, 16384 MiB
Tesla P100-PCIE-16GB, 16384 MiB
Using device: cuda
Loading datasets...
Train sessions: 75875 | Val sessions: 16262

Running grid search over 54 combinations...

SLURM array task 11: 1 config -> ../Models/LSTM_grid_bce_task11.csv
Trying: {'hidden_units': 64, 'dropout_rate': 0.3, 'num_layers': 3, 'lr': 0.0001}
Epoch 1 | Loss: 0.6063 | Val NDCG: 0.7238 | smoothed: 0.7238
Epoch 2 | Loss: 0.5850 | Val NDCG: 0.7654 | smoothed: 0.7446
Epoch 3 | Loss: 0.5761 | Val NDCG: 0.7615 | smoothed: 0.7503
Epoch 4 | Loss: 0.5730 | Val NDCG: 0.7772 | smoothed: 0.7681
Epoch 5 | Loss: 0.5702 | Val NDCG: 0.7747 | smoothed: 0.7711
Epoch 6 | Loss: 0.5679 | Val NDCG: 0.7787 | smoothed: 0.7769
Epoch 7 | Loss: 0.5688 | Val NDCG: 0.7755 | smoothed: 0.7763
Epoch 8 | Loss: 0.5673 | Val NDCG: 0.7755 | smoothed: 0.7766
Epoch 9 | Loss: 0.5664 | Val NDCG: 0.7736 | smoothed: 0.7749
Epoch 10 | Loss: 0.5654 | Val NDCG: 0.7787 | smoothed: 0.7759
Epoch 11 | Loss: 0.5643 | Val NDCG: 0.7775 | smoothed: 0.7766

Best smoothed NDCG: 0.7769 at epoch 6 of 11 run

1 combinations completed out of 1


--- Grid Search Results ---
 hidden_units  dropout_rate  num_layers     lr  val_ndcg  val_ndcg_raw  best_epoch  epochs_run  max_epochs  seed
           64           0.3           3 0.0001  0.776864      0.778725           6          11          40     0

Best config: {'hidden_units': 64.0, 'dropout_rate': 0.3, 'num_layers': 3.0, 'lr': 0.0001, 'val_ndcg': 0.7768643949988419, 'val_ndcg_raw': 0.778724502554662, 'best_epoch': 6.0, 'epochs_run': 11.0, 'max_epochs': 40.0, 'seed': 0.0}
0 of 1 configs reached max_epochs
0 of 1 were still improving when stopped
Best params saved to ../Models/lstm_bce_best_params.json
