task 71 | loss drrl | node slurmnode-gpu03
Tesla P100-PCIE-16GB, 16384 MiB
Tesla P100-PCIE-16GB, 16384 MiB
Tesla P100-PCIE-16GB, 16384 MiB
Tesla P100-PCIE-16GB, 16384 MiB
Using device: cuda
Loading datasets...
Train sessions: 75875 | Val sessions: 16262

Running grid search over 162 combinations...

SLURM array task 71: 1 config -> ../Models/LSTM_grid_drrl_task71.csv
Trying: {'hidden_units': 128, 'dropout_rate': 0.1, 'num_layers': 3, 'lr': 0.0001, 'gamma': 4}
Epoch 1 | Loss: -0.2162 | Val NDCG: 0.7342 | smoothed: 0.7342
Epoch 2 | Loss: -0.2293 | Val NDCG: 0.7136 | smoothed: 0.7239
Epoch 3 | Loss: -0.2308 | Val NDCG: 0.7288 | smoothed: 0.7255
Epoch 4 | Loss: -0.2313 | Val NDCG: 0.7435 | smoothed: 0.7286
Epoch 5 | Loss: -0.2314 | Val NDCG: 0.7338 | smoothed: 0.7354
Epoch 6 | Loss: -0.2316 | Val NDCG: 0.7659 | smoothed: 0.7477
Epoch 7 | Loss: -0.2318 | Val NDCG: 0.7414 | smoothed: 0.7470
Epoch 8 | Loss: -0.2319 | Val NDCG: 0.7716 | smoothed: 0.7596
Epoch 9 | Loss: -0.2319 | Val NDCG: 0.7373 | smoothed: 0.7501
Epoch 10 | Loss: -0.2320 | Val NDCG: 0.7610 | smoothed: 0.7566
Epoch 11 | Loss: -0.2319 | Val NDCG: 0.7729 | smoothed: 0.7571
Epoch 12 | Loss: -0.2319 | Val NDCG: 0.7792 | smoothed: 0.7710
Epoch 13 | Loss: -0.2320 | Val NDCG: 0.7737 | smoothed: 0.7753
Epoch 14 | Loss: -0.2320 | Val NDCG: 0.7672 | smoothed: 0.7734
Epoch 15 | Loss: -0.2321 | Val NDCG: 0.7558 | smoothed: 0.7656
Epoch 16 | Loss: -0.2320 | Val NDCG: 0.7900 | smoothed: 0.7710
Epoch 17 | Loss: -0.2321 | Val NDCG: 0.7393 | smoothed: 0.7617
Epoch 18 | Loss: -0.2321 | Val NDCG: 0.7699 | smoothed: 0.7664

Best smoothed NDCG: 0.7753 at epoch 13 of 18 run

1 combinations completed out of 1


--- Grid Search Results ---
 hidden_units  dropout_rate  num_layers     lr  gamma  val_ndcg  val_ndcg_raw  best_epoch  epochs_run  max_epochs  seed
          128           0.1           3 0.0001      4  0.775278      0.773697          13          18          40     0

Best config: {'hidden_units': 128.0, 'dropout_rate': 0.1, 'num_layers': 3.0, 'lr': 0.0001, 'gamma': 4.0, 'val_ndcg': 0.7752779439277839, 'val_ndcg_raw': 0.7736970748961095, 'best_epoch': 13.0, 'epochs_run': 18.0, 'max_epochs': 40.0, 'seed': 0.0}
0 of 1 configs reached max_epochs
0 of 1 were still improving when stopped
Best params saved to ../Models/lstm_drrl_best_params.json
