task 27 | loss drrl | node slurmnode-gpu02
NVIDIA GeForce GTX 1080 Ti, 11264 MiB
NVIDIA GeForce GTX 1080 Ti, 11264 MiB
NVIDIA GeForce GTX 1080 Ti, 11264 MiB
NVIDIA GeForce GTX 1080 Ti, 11264 MiB
NVIDIA GeForce GTX 1080 Ti, 11264 MiB
NVIDIA GeForce GTX 1080 Ti, 11264 MiB
NVIDIA GeForce GTX 1080 Ti, 11264 MiB
NVIDIA GeForce GTX 1080 Ti, 11264 MiB
Using device: cuda
Loading datasets...
Train sessions: 75875 | Val sessions: 16262

Running grid search over 162 combinations...

SLURM array task 27: 1 config -> ../Models/LSTM_grid_drrl_task27.csv
Trying: {'hidden_units': 64, 'dropout_rate': 0.3, 'num_layers': 2, 'lr': 0.0001, 'gamma': 2}
Epoch 1 | Loss: -0.2154 | Val NDCG: 0.6417 | smoothed: 0.6417
Epoch 2 | Loss: -0.2308 | Val NDCG: 0.6682 | smoothed: 0.6549
Epoch 3 | Loss: -0.2315 | Val NDCG: 0.6781 | smoothed: 0.6627
Epoch 4 | Loss: -0.2318 | Val NDCG: 0.6938 | smoothed: 0.6800
Epoch 5 | Loss: -0.2319 | Val NDCG: 0.7287 | smoothed: 0.7002
Epoch 6 | Loss: -0.2320 | Val NDCG: 0.7431 | smoothed: 0.7219
Epoch 7 | Loss: -0.2322 | Val NDCG: 0.7259 | smoothed: 0.7326
Epoch 8 | Loss: -0.2322 | Val NDCG: 0.6918 | smoothed: 0.7203
Epoch 9 | Loss: -0.2322 | Val NDCG: 0.6742 | smoothed: 0.6973
Epoch 10 | Loss: -0.2323 | Val NDCG: 0.7227 | smoothed: 0.6963
Epoch 11 | Loss: -0.2323 | Val NDCG: 0.7408 | smoothed: 0.7126
Epoch 12 | Loss: -0.2323 | Val NDCG: 0.7050 | smoothed: 0.7229

Best smoothed NDCG: 0.7326 at epoch 7 of 12 run

1 combinations completed out of 1


--- Grid Search Results ---
 hidden_units  dropout_rate  num_layers     lr  gamma  val_ndcg  val_ndcg_raw  best_epoch  epochs_run  max_epochs  seed
           64           0.3           2 0.0001      2  0.732565       0.72586           7          12          40     0

Best config: {'hidden_units': 64.0, 'dropout_rate': 0.3, 'num_layers': 2.0, 'lr': 0.0001, 'gamma': 2.0, 'val_ndcg': 0.7325646971492435, 'val_ndcg_raw': 0.7258601890322847, 'best_epoch': 7.0, 'epochs_run': 12.0, 'max_epochs': 40.0, 'seed': 0.0}
0 of 1 configs reached max_epochs
0 of 1 were still improving when stopped
Best params saved to ../Models/lstm_drrl_best_params.json
