task 14 | loss pwts | node slurmnode-gpu02
NVIDIA GeForce GTX 1080 Ti, 11264 MiB
NVIDIA GeForce GTX 1080 Ti, 11264 MiB
NVIDIA GeForce GTX 1080 Ti, 11264 MiB
NVIDIA GeForce GTX 1080 Ti, 11264 MiB
NVIDIA GeForce GTX 1080 Ti, 11264 MiB
NVIDIA GeForce GTX 1080 Ti, 11264 MiB
NVIDIA GeForce GTX 1080 Ti, 11264 MiB
NVIDIA GeForce GTX 1080 Ti, 11264 MiB
Using device: cuda
Loading datasets...
Train sessions: 75875 | Val sessions: 16262

Running grid search over 54 combinations...

SLURM array task 14: 1 config -> ../Models/LSTM_grid_pwts_task14.csv
Trying: {'hidden_units': 64, 'dropout_rate': 0.5, 'num_layers': 2, 'lr': 0.001}
Epoch 1 | Loss: 0.6110 | Val NDCG: 0.7805 | smoothed: 0.7805
Epoch 2 | Loss: 0.5954 | Val NDCG: 0.7845 | smoothed: 0.7825
Epoch 3 | Loss: 0.5911 | Val NDCG: 0.7793 | smoothed: 0.7814
Epoch 4 | Loss: 0.5897 | Val NDCG: 0.7907 | smoothed: 0.7848
Epoch 5 | Loss: 0.5878 | Val NDCG: 0.7769 | smoothed: 0.7823
Epoch 6 | Loss: 0.5873 | Val NDCG: 0.7838 | smoothed: 0.7838
Epoch 7 | Loss: 0.5864 | Val NDCG: 0.7796 | smoothed: 0.7801
Epoch 8 | Loss: 0.5849 | Val NDCG: 0.7828 | smoothed: 0.7821
Epoch 9 | Loss: 0.5850 | Val NDCG: 0.7767 | smoothed: 0.7797

Best smoothed NDCG: 0.7848 at epoch 4 of 9 run

1 combinations completed out of 1


--- Grid Search Results ---
 hidden_units  dropout_rate  num_layers    lr  val_ndcg  val_ndcg_raw  best_epoch  epochs_run  max_epochs  seed
           64           0.5           2 0.001  0.784809      0.790666           4           9          20     0

Best config: {'hidden_units': 64.0, 'dropout_rate': 0.5, 'num_layers': 2.0, 'lr': 0.001, 'val_ndcg': 0.7848088428442545, 'val_ndcg_raw': 0.7906659200492525, 'best_epoch': 4.0, 'epochs_run': 9.0, 'max_epochs': 20.0, 'seed': 0.0}
0 of 1 configs reached max_epochs
0 of 1 were still improving when stopped
Best params saved to ../Models/lstm_pwts_best_params.json
