task 26 | loss drrl | node slurmnode-gpu02
NVIDIA GeForce GTX 1080 Ti, 11264 MiB
NVIDIA GeForce GTX 1080 Ti, 11264 MiB
NVIDIA GeForce GTX 1080 Ti, 11264 MiB
NVIDIA GeForce GTX 1080 Ti, 11264 MiB
NVIDIA GeForce GTX 1080 Ti, 11264 MiB
NVIDIA GeForce GTX 1080 Ti, 11264 MiB
NVIDIA GeForce GTX 1080 Ti, 11264 MiB
NVIDIA GeForce GTX 1080 Ti, 11264 MiB
Using device: cuda
Loading datasets...
Train sessions: 75875 | Val sessions: 16262

Running grid search over 162 combinations...

SLURM array task 26: 1 config -> ../Models/LSTM_grid_drrl_task26.csv
Trying: {'hidden_units': 64, 'dropout_rate': 0.3, 'num_layers': 2, 'lr': 0.001, 'gamma': 4}
Epoch 1 | Loss: -0.2276 | Val NDCG: 0.7702 | smoothed: 0.7702
Epoch 2 | Loss: -0.2314 | Val NDCG: 0.7657 | smoothed: 0.7679
Epoch 3 | Loss: -0.2315 | Val NDCG: 0.7463 | smoothed: 0.7607
Epoch 4 | Loss: -0.2315 | Val NDCG: 0.7902 | smoothed: 0.7674
Epoch 5 | Loss: -0.2318 | Val NDCG: 0.7715 | smoothed: 0.7694
Epoch 6 | Loss: -0.2318 | Val NDCG: 0.7885 | smoothed: 0.7834
Epoch 7 | Loss: -0.2318 | Val NDCG: 0.7410 | smoothed: 0.7670
Epoch 8 | Loss: -0.2319 | Val NDCG: 0.7989 | smoothed: 0.7761
Epoch 9 | Loss: -0.2318 | Val NDCG: 0.7827 | smoothed: 0.7742
Epoch 10 | Loss: -0.2319 | Val NDCG: 0.7631 | smoothed: 0.7816
Epoch 11 | Loss: -0.2320 | Val NDCG: 0.7663 | smoothed: 0.7707

Best smoothed NDCG: 0.7834 at epoch 6 of 11 run

1 combinations completed out of 1


--- Grid Search Results ---
 hidden_units  dropout_rate  num_layers    lr  gamma  val_ndcg  val_ndcg_raw  best_epoch  epochs_run  max_epochs  seed
           64           0.3           2 0.001      4  0.783402      0.788465           6          11          20     0

Best config: {'hidden_units': 64.0, 'dropout_rate': 0.3, 'num_layers': 2.0, 'lr': 0.001, 'gamma': 4.0, 'val_ndcg': 0.7834015479363914, 'val_ndcg_raw': 0.7884646134734133, 'best_epoch': 6.0, 'epochs_run': 11.0, 'max_epochs': 20.0, 'seed': 0.0}
0 of 1 configs reached max_epochs
0 of 1 were still improving when stopped
Best params saved to ../Models/lstm_drrl_best_params.json
