task 141 | loss drrl | node slurmnode-gpu03
Tesla P100-PCIE-16GB, 16384 MiB
Tesla P100-PCIE-16GB, 16384 MiB
Tesla P100-PCIE-16GB, 16384 MiB
Tesla P100-PCIE-16GB, 16384 MiB
Using device: cuda
Loading datasets...
Train sessions: 75875 | Val sessions: 16262

Running grid search over 162 combinations...

SLURM array task 141: 1 config -> ../Models/LSTM_grid_drrl_task141.csv
Trying: {'hidden_units': 256, 'dropout_rate': 0.3, 'num_layers': 3, 'lr': 0.0001, 'gamma': 2}
Epoch 1 | Loss: -0.2181 | Val NDCG: 0.6782 | smoothed: 0.6782
Epoch 2 | Loss: -0.2286 | Val NDCG: 0.6778 | smoothed: 0.6780
Epoch 3 | Loss: -0.2299 | Val NDCG: 0.6559 | smoothed: 0.6706
Epoch 4 | Loss: -0.2304 | Val NDCG: 0.7012 | smoothed: 0.6783
Epoch 5 | Loss: -0.2306 | Val NDCG: 0.7671 | smoothed: 0.7081
Epoch 6 | Loss: -0.2308 | Val NDCG: 0.7441 | smoothed: 0.7375
Epoch 7 | Loss: -0.2309 | Val NDCG: 0.7438 | smoothed: 0.7517
Epoch 8 | Loss: -0.2311 | Val NDCG: 0.7328 | smoothed: 0.7402
Epoch 9 | Loss: -0.2311 | Val NDCG: 0.7509 | smoothed: 0.7425
Epoch 10 | Loss: -0.2313 | Val NDCG: 0.7868 | smoothed: 0.7568
Epoch 11 | Loss: -0.2313 | Val NDCG: 0.7656 | smoothed: 0.7678
Epoch 12 | Loss: -0.2313 | Val NDCG: 0.7767 | smoothed: 0.7764
Epoch 13 | Loss: -0.2313 | Val NDCG: 0.6975 | smoothed: 0.7466
Epoch 14 | Loss: -0.2314 | Val NDCG: 0.7778 | smoothed: 0.7507
Epoch 15 | Loss: -0.2314 | Val NDCG: 0.7675 | smoothed: 0.7476
Epoch 16 | Loss: -0.2314 | Val NDCG: 0.7897 | smoothed: 0.7783
Epoch 17 | Loss: -0.2313 | Val NDCG: 0.8078 | smoothed: 0.7883
Epoch 18 | Loss: -0.2313 | Val NDCG: 0.7731 | smoothed: 0.7902
Epoch 19 | Loss: -0.2314 | Val NDCG: 0.7936 | smoothed: 0.7915
Epoch 20 | Loss: -0.2313 | Val NDCG: 0.7224 | smoothed: 0.7630
Epoch 21 | Loss: -0.2313 | Val NDCG: 0.7832 | smoothed: 0.7664
Epoch 22 | Loss: -0.2313 | Val NDCG: 0.7945 | smoothed: 0.7667
Epoch 23 | Loss: -0.2314 | Val NDCG: 0.7581 | smoothed: 0.7786
Epoch 24 | Loss: -0.2314 | Val NDCG: 0.7809 | smoothed: 0.7778

Best smoothed NDCG: 0.7915 at epoch 19 of 24 run

1 combinations completed out of 1


--- Grid Search Results ---
 hidden_units  dropout_rate  num_layers     lr  gamma  val_ndcg  val_ndcg_raw  best_epoch  epochs_run  max_epochs  seed
          256           0.3           3 0.0001      2  0.791472      0.793606          19          24          40     0

Best config: {'hidden_units': 256.0, 'dropout_rate': 0.3, 'num_layers': 3.0, 'lr': 0.0001, 'gamma': 2.0, 'val_ndcg': 0.7914715665083, 'val_ndcg_raw': 0.7936056206918412, 'best_epoch': 19.0, 'epochs_run': 24.0, 'max_epochs': 40.0, 'seed': 0.0}
0 of 1 configs reached max_epochs
0 of 1 were still improving when stopped
Best params saved to ../Models/lstm_drrl_best_params.json
