task 8 | loss pwts | node slurmnode-gpu02
NVIDIA GeForce GTX 1080 Ti, 11264 MiB
NVIDIA GeForce GTX 1080 Ti, 11264 MiB
NVIDIA GeForce GTX 1080 Ti, 11264 MiB
NVIDIA GeForce GTX 1080 Ti, 11264 MiB
NVIDIA GeForce GTX 1080 Ti, 11264 MiB
NVIDIA GeForce GTX 1080 Ti, 11264 MiB
NVIDIA GeForce GTX 1080 Ti, 11264 MiB
NVIDIA GeForce GTX 1080 Ti, 11264 MiB
Using device: cuda
Loading datasets...
Train sessions: 75875 | Val sessions: 16262

Running grid search over 54 combinations...

SLURM array task 8: 1 config -> ../Models/LSTM_grid_pwts_task8.csv
Trying: {'hidden_units': 64, 'dropout_rate': 0.3, 'num_layers': 2, 'lr': 0.001}
Epoch 1 | Loss: 0.6072 | Val NDCG: 0.7815 | smoothed: 0.7815
Epoch 2 | Loss: 0.5932 | Val NDCG: 0.7849 | smoothed: 0.7832
Epoch 3 | Loss: 0.5894 | Val NDCG: 0.7777 | smoothed: 0.7814
Epoch 4 | Loss: 0.5889 | Val NDCG: 0.7875 | smoothed: 0.7834
Epoch 5 | Loss: 0.5862 | Val NDCG: 0.7765 | smoothed: 0.7806
Epoch 6 | Loss: 0.5861 | Val NDCG: 0.7846 | smoothed: 0.7829
Epoch 7 | Loss: 0.5846 | Val NDCG: 0.7771 | smoothed: 0.7794
Epoch 8 | Loss: 0.5828 | Val NDCG: 0.7830 | smoothed: 0.7816
Epoch 9 | Loss: 0.5827 | Val NDCG: 0.7772 | smoothed: 0.7791

Best smoothed NDCG: 0.7834 at epoch 4 of 9 run

1 combinations completed out of 1


--- Grid Search Results ---
 hidden_units  dropout_rate  num_layers    lr  val_ndcg  val_ndcg_raw  best_epoch  epochs_run  max_epochs  seed
           64           0.3           2 0.001  0.783389      0.787537           4           9          20     0

Best config: {'hidden_units': 64.0, 'dropout_rate': 0.3, 'num_layers': 2.0, 'lr': 0.001, 'val_ndcg': 0.7833886620168403, 'val_ndcg_raw': 0.7875366524557311, 'best_epoch': 4.0, 'epochs_run': 9.0, 'max_epochs': 20.0, 'seed': 0.0}
0 of 1 configs reached max_epochs
0 of 1 were still improving when stopped
Best params saved to ../Models/lstm_pwts_best_params.json
