task 108 | loss drrl | node slurmnode-gpu03
Tesla P100-PCIE-16GB, 16384 MiB
Tesla P100-PCIE-16GB, 16384 MiB
Tesla P100-PCIE-16GB, 16384 MiB
Tesla P100-PCIE-16GB, 16384 MiB
Using device: cuda
Loading datasets...
Train sessions: 75875 | Val sessions: 16262

Running grid search over 162 combinations...

SLURM array task 108: 1 config -> ../Models/LSTM_grid_drrl_task108.csv
Trying: {'hidden_units': 256, 'dropout_rate': 0.1, 'num_layers': 1, 'lr': 0.001, 'gamma': 2}
Epoch 1 | Loss: -0.2160 | Val NDCG: 0.7196 | smoothed: 0.7196
Epoch 2 | Loss: -0.2268 | Val NDCG: 0.7605 | smoothed: 0.7400
Epoch 3 | Loss: -0.2285 | Val NDCG: 0.7681 | smoothed: 0.7494
Epoch 4 | Loss: -0.2296 | Val NDCG: 0.7795 | smoothed: 0.7693
Epoch 5 | Loss: -0.2306 | Val NDCG: 0.7686 | smoothed: 0.7720
Epoch 6 | Loss: -0.2309 | Val NDCG: 0.7668 | smoothed: 0.7716
Epoch 7 | Loss: -0.2311 | Val NDCG: 0.7612 | smoothed: 0.7655
Epoch 8 | Loss: -0.2310 | Val NDCG: 0.7600 | smoothed: 0.7627
Epoch 9 | Loss: -0.2310 | Val NDCG: 0.7702 | smoothed: 0.7638
Epoch 10 | Loss: -0.2311 | Val NDCG: 0.7727 | smoothed: 0.7676

Best smoothed NDCG: 0.7720 at epoch 5 of 10 run

1 combinations completed out of 1


--- Grid Search Results ---
 hidden_units  dropout_rate  num_layers    lr  gamma  val_ndcg  val_ndcg_raw  best_epoch  epochs_run  max_epochs  seed
          256           0.1           1 0.001      2  0.772047      0.768619           5          10          20     0

Best config: {'hidden_units': 256.0, 'dropout_rate': 0.1, 'num_layers': 1.0, 'lr': 0.001, 'gamma': 2.0, 'val_ndcg': 0.7720472277385054, 'val_ndcg_raw': 0.7686193872483126, 'best_epoch': 5.0, 'epochs_run': 10.0, 'max_epochs': 20.0, 'seed': 0.0}
0 of 1 configs reached max_epochs
0 of 1 were still improving when stopped
Best params saved to ../Models/lstm_drrl_best_params.json
