task 25 | loss pwts | node slurmnode-gpu03
Tesla P100-PCIE-16GB, 16384 MiB
Tesla P100-PCIE-16GB, 16384 MiB
Tesla P100-PCIE-16GB, 16384 MiB
Tesla P100-PCIE-16GB, 16384 MiB
Using device: cuda
Loading datasets...
Train sessions: 75875 | Val sessions: 16262

Running grid search over 54 combinations...

SLURM array task 25: 1 config -> ../Models/LSTM_grid_pwts_task25.csv
Trying: {'hidden_units': 128, 'dropout_rate': 0.3, 'num_layers': 1, 'lr': 0.0001}
Epoch 1 | Loss: 0.6161 | Val NDCG: 0.7810 | smoothed: 0.7810
Epoch 2 | Loss: 0.5972 | Val NDCG: 0.7798 | smoothed: 0.7804
Epoch 3 | Loss: 0.5933 | Val NDCG: 0.7746 | smoothed: 0.7785
Epoch 4 | Loss: 0.5917 | Val NDCG: 0.7835 | smoothed: 0.7793
Epoch 5 | Loss: 0.5913 | Val NDCG: 0.7729 | smoothed: 0.7770
Epoch 6 | Loss: 0.5905 | Val NDCG: 0.7775 | smoothed: 0.7780

Best smoothed NDCG: 0.7810 at epoch 1 of 6 run

1 combinations completed out of 1


--- Grid Search Results ---
 hidden_units  dropout_rate  num_layers     lr  val_ndcg  val_ndcg_raw  best_epoch  epochs_run  max_epochs  seed
          128           0.3           1 0.0001  0.781038      0.781038           1           6          40     0

Best config: {'hidden_units': 128.0, 'dropout_rate': 0.3, 'num_layers': 1.0, 'lr': 0.0001, 'val_ndcg': 0.7810383077850708, 'val_ndcg_raw': 0.7810383077850708, 'best_epoch': 1.0, 'epochs_run': 6.0, 'max_epochs': 40.0, 'seed': 0.0}
0 of 1 configs reached max_epochs
0 of 1 were still improving when stopped
Best params saved to ../Models/lstm_pwts_best_params.json
