task 100 | loss drrl | node slurmnode-gpu03
Tesla P100-PCIE-16GB, 16384 MiB
Tesla P100-PCIE-16GB, 16384 MiB
Tesla P100-PCIE-16GB, 16384 MiB
Tesla P100-PCIE-16GB, 16384 MiB
Using device: cuda
Loading datasets...
Train sessions: 75875 | Val sessions: 16262

Running grid search over 162 combinations...

SLURM array task 100: 1 config -> ../Models/LSTM_grid_drrl_task100.csv
Trying: {'hidden_units': 128, 'dropout_rate': 0.5, 'num_layers': 2, 'lr': 0.0001, 'gamma': 3}
Epoch 1 | Loss: -0.2134 | Val NDCG: 0.6704 | smoothed: 0.6704
Epoch 2 | Loss: -0.2300 | Val NDCG: 0.6854 | smoothed: 0.6779
Epoch 3 | Loss: -0.2308 | Val NDCG: 0.7154 | smoothed: 0.6904
Epoch 4 | Loss: -0.2313 | Val NDCG: 0.6808 | smoothed: 0.6939
Epoch 5 | Loss: -0.2315 | Val NDCG: 0.7544 | smoothed: 0.7168
Epoch 6 | Loss: -0.2316 | Val NDCG: 0.7370 | smoothed: 0.7240
Epoch 7 | Loss: -0.2318 | Val NDCG: 0.7768 | smoothed: 0.7561
Epoch 8 | Loss: -0.2319 | Val NDCG: 0.7339 | smoothed: 0.7492
Epoch 9 | Loss: -0.2319 | Val NDCG: 0.7460 | smoothed: 0.7523
Epoch 10 | Loss: -0.2321 | Val NDCG: 0.7477 | smoothed: 0.7425
Epoch 11 | Loss: -0.2319 | Val NDCG: 0.7882 | smoothed: 0.7606
Epoch 12 | Loss: -0.2320 | Val NDCG: 0.7830 | smoothed: 0.7730
Epoch 13 | Loss: -0.2321 | Val NDCG: 0.7420 | smoothed: 0.7711
Epoch 14 | Loss: -0.2320 | Val NDCG: 0.7691 | smoothed: 0.7647
Epoch 15 | Loss: -0.2321 | Val NDCG: 0.7836 | smoothed: 0.7649
Epoch 16 | Loss: -0.2321 | Val NDCG: 0.7010 | smoothed: 0.7512
Epoch 17 | Loss: -0.2322 | Val NDCG: 0.7730 | smoothed: 0.7525

Best smoothed NDCG: 0.7730 at epoch 12 of 17 run

1 combinations completed out of 1


--- Grid Search Results ---
 hidden_units  dropout_rate  num_layers     lr  gamma  val_ndcg  val_ndcg_raw  best_epoch  epochs_run  max_epochs  seed
          128           0.5           2 0.0001      3   0.77295      0.783032          12          17          40     0

Best config: {'hidden_units': 128.0, 'dropout_rate': 0.5, 'num_layers': 2.0, 'lr': 0.0001, 'gamma': 3.0, 'val_ndcg': 0.772950414768309, 'val_ndcg_raw': 0.78303180173544, 'best_epoch': 12.0, 'epochs_run': 17.0, 'max_epochs': 40.0, 'seed': 0.0}
0 of 1 configs reached max_epochs
0 of 1 were still improving when stopped
Best params saved to ../Models/lstm_drrl_best_params.json
