task 94 | loss drrl | node slurmnode-gpu03
Tesla P100-PCIE-16GB, 16384 MiB
Tesla P100-PCIE-16GB, 16384 MiB
Tesla P100-PCIE-16GB, 16384 MiB
Tesla P100-PCIE-16GB, 16384 MiB
Using device: cuda
Loading datasets...
Train sessions: 75875 | Val sessions: 16262

Running grid search over 162 combinations...

SLURM array task 94: 1 config -> ../Models/LSTM_grid_drrl_task94.csv
Trying: {'hidden_units': 128, 'dropout_rate': 0.5, 'num_layers': 1, 'lr': 0.0001, 'gamma': 3}
Epoch 1 | Loss: -0.2048 | Val NDCG: 0.7630 | smoothed: 0.7630
Epoch 2 | Loss: -0.2255 | Val NDCG: 0.7638 | smoothed: 0.7634
Epoch 3 | Loss: -0.2287 | Val NDCG: 0.7515 | smoothed: 0.7594
Epoch 4 | Loss: -0.2301 | Val NDCG: 0.7403 | smoothed: 0.7519
Epoch 5 | Loss: -0.2309 | Val NDCG: 0.7595 | smoothed: 0.7504
Epoch 6 | Loss: -0.2313 | Val NDCG: 0.7590 | smoothed: 0.7529
Epoch 7 | Loss: -0.2316 | Val NDCG: 0.7812 | smoothed: 0.7666
Epoch 8 | Loss: -0.2318 | Val NDCG: 0.7490 | smoothed: 0.7631
Epoch 9 | Loss: -0.2320 | Val NDCG: 0.7442 | smoothed: 0.7582
Epoch 10 | Loss: -0.2320 | Val NDCG: 0.7760 | smoothed: 0.7564
Epoch 11 | Loss: -0.2321 | Val NDCG: 0.7716 | smoothed: 0.7640
Epoch 12 | Loss: -0.2321 | Val NDCG: 0.7774 | smoothed: 0.7750
Epoch 13 | Loss: -0.2322 | Val NDCG: 0.7844 | smoothed: 0.7778
Epoch 14 | Loss: -0.2321 | Val NDCG: 0.7482 | smoothed: 0.7700
Epoch 15 | Loss: -0.2322 | Val NDCG: 0.7643 | smoothed: 0.7656
Epoch 16 | Loss: -0.2321 | Val NDCG: 0.7061 | smoothed: 0.7395
Epoch 17 | Loss: -0.2323 | Val NDCG: 0.7955 | smoothed: 0.7553
Epoch 18 | Loss: -0.2322 | Val NDCG: 0.7568 | smoothed: 0.7528

Best smoothed NDCG: 0.7778 at epoch 13 of 18 run

1 combinations completed out of 1


--- Grid Search Results ---
 hidden_units  dropout_rate  num_layers     lr  gamma  val_ndcg  val_ndcg_raw  best_epoch  epochs_run  max_epochs  seed
          128           0.5           1 0.0001      3  0.777818      0.784385          13          18          40     0

Best config: {'hidden_units': 128.0, 'dropout_rate': 0.5, 'num_layers': 1.0, 'lr': 0.0001, 'gamma': 3.0, 'val_ndcg': 0.7778180941178099, 'val_ndcg_raw': 0.7843852618601873, 'best_epoch': 13.0, 'epochs_run': 18.0, 'max_epochs': 40.0, 'seed': 0.0}
0 of 1 configs reached max_epochs
0 of 1 were still improving when stopped
Best params saved to ../Models/lstm_drrl_best_params.json
