task 132 | loss drrl | node slurmnode-gpu03
Tesla P100-PCIE-16GB, 16384 MiB
Tesla P100-PCIE-16GB, 16384 MiB
Tesla P100-PCIE-16GB, 16384 MiB
Tesla P100-PCIE-16GB, 16384 MiB
Using device: cuda
Loading datasets...
Train sessions: 75875 | Val sessions: 16262

Running grid search over 162 combinations...

SLURM array task 132: 1 config -> ../Models/LSTM_grid_drrl_task132.csv
Trying: {'hidden_units': 256, 'dropout_rate': 0.3, 'num_layers': 2, 'lr': 0.001, 'gamma': 2}
Epoch 1 | Loss: -0.2180 | Val NDCG: 0.7745 | smoothed: 0.7745
Epoch 2 | Loss: -0.2268 | Val NDCG: 0.7883 | smoothed: 0.7814
Epoch 3 | Loss: -0.2281 | Val NDCG: 0.7849 | smoothed: 0.7826
Epoch 4 | Loss: -0.2287 | Val NDCG: 0.7693 | smoothed: 0.7808
Epoch 5 | Loss: -0.2291 | Val NDCG: 0.7409 | smoothed: 0.7650
Epoch 6 | Loss: -0.2295 | Val NDCG: 0.7550 | smoothed: 0.7550
Epoch 7 | Loss: -0.2298 | Val NDCG: 0.7583 | smoothed: 0.7514
Epoch 8 | Loss: -0.2300 | Val NDCG: 0.7756 | smoothed: 0.7629

Best smoothed NDCG: 0.7826 at epoch 3 of 8 run

1 combinations completed out of 1


--- Grid Search Results ---
 hidden_units  dropout_rate  num_layers    lr  gamma  val_ndcg  val_ndcg_raw  best_epoch  epochs_run  max_epochs  seed
          256           0.3           2 0.001      2   0.78257      0.784942           3           8          20     0

Best config: {'hidden_units': 256.0, 'dropout_rate': 0.3, 'num_layers': 2.0, 'lr': 0.001, 'gamma': 2.0, 'val_ndcg': 0.7825695962978895, 'val_ndcg_raw': 0.7849415404158705, 'best_epoch': 3.0, 'epochs_run': 8.0, 'max_epochs': 20.0, 'seed': 0.0}
0 of 1 configs reached max_epochs
0 of 1 were still improving when stopped
Best params saved to ../Models/lstm_drrl_best_params.json
