task 46 | loss bce | node slurmnode-gpu02
NVIDIA GeForce GTX 1080 Ti, 11264 MiB
NVIDIA GeForce GTX 1080 Ti, 11264 MiB
NVIDIA GeForce GTX 1080 Ti, 11264 MiB
NVIDIA GeForce GTX 1080 Ti, 11264 MiB
NVIDIA GeForce GTX 1080 Ti, 11264 MiB
NVIDIA GeForce GTX 1080 Ti, 11264 MiB
NVIDIA GeForce GTX 1080 Ti, 11264 MiB
NVIDIA GeForce GTX 1080 Ti, 11264 MiB
Using device: cuda
Loading datasets...
Train sessions: 75875 | Val sessions: 16262

Running grid search over 54 combinations...

SLURM array task 46: 1 config -> ../Models/LSTM_grid_bce_task46.csv
Trying: {'hidden_units': 256, 'dropout_rate': 0.3, 'num_layers': 3, 'lr': 0.001}
Epoch 1 | Loss: 0.5733 | Val NDCG: 0.7829 | smoothed: 0.7829
Epoch 2 | Loss: 0.5637 | Val NDCG: 0.7767 | smoothed: 0.7798
Epoch 3 | Loss: 0.5619 | Val NDCG: 0.7866 | smoothed: 0.7821
Epoch 4 | Loss: 0.5563 | Val NDCG: 0.7878 | smoothed: 0.7837
Epoch 5 | Loss: 0.5538 | Val NDCG: 0.7885 | smoothed: 0.7876
Epoch 6 | Loss: 0.5538 | Val NDCG: 0.7899 | smoothed: 0.7887
Epoch 7 | Loss: 0.5525 | Val NDCG: 0.7880 | smoothed: 0.7888
Epoch 8 | Loss: 0.5508 | Val NDCG: 0.7936 | smoothed: 0.7905
Epoch 9 | Loss: 0.5491 | Val NDCG: 0.7860 | smoothed: 0.7892
Epoch 10 | Loss: 0.5479 | Val NDCG: 0.7925 | smoothed: 0.7907
Epoch 11 | Loss: 0.5481 | Val NDCG: 0.7912 | smoothed: 0.7899
Epoch 12 | Loss: 0.5475 | Val NDCG: 0.7909 | smoothed: 0.7915
Epoch 13 | Loss: 0.5469 | Val NDCG: 0.7897 | smoothed: 0.7906
Epoch 14 | Loss: 0.5452 | Val NDCG: 0.7933 | smoothed: 0.7913
Epoch 15 | Loss: 0.5449 | Val NDCG: 0.7917 | smoothed: 0.7916
Epoch 16 | Loss: 0.5430 | Val NDCG: 0.7932 | smoothed: 0.7928
Epoch 17 | Loss: 0.5426 | Val NDCG: 0.7912 | smoothed: 0.7920
Epoch 18 | Loss: 0.5403 | Val NDCG: 0.7928 | smoothed: 0.7924
Epoch 19 | Loss: 0.5408 | Val NDCG: 0.7934 | smoothed: 0.7924
Epoch 20 | Loss: 0.5407 | Val NDCG: 0.7909 | smoothed: 0.7923

Best smoothed NDCG: 0.7928 at epoch 16 of 20 run

1 combinations completed out of 1


--- Grid Search Results ---
 hidden_units  dropout_rate  num_layers    lr  val_ndcg  val_ndcg_raw  best_epoch  epochs_run  max_epochs  seed
          256           0.3           3 0.001  0.792762      0.793198          16          20          20     0

Best config: {'hidden_units': 256.0, 'dropout_rate': 0.3, 'num_layers': 3.0, 'lr': 0.001, 'val_ndcg': 0.7927615976382324, 'val_ndcg_raw': 0.793197668201967, 'best_epoch': 16.0, 'epochs_run': 20.0, 'max_epochs': 20.0, 'seed': 0.0}
1 of 1 configs reached max_epochs
0 of 1 were still improving when stopped
Best params saved to ../Models/lstm_bce_best_params.json
