task 13 | loss bce | node slurmnode-gpu03
Tesla P100-PCIE-16GB, 16384 MiB
Tesla P100-PCIE-16GB, 16384 MiB
Tesla P100-PCIE-16GB, 16384 MiB
Tesla P100-PCIE-16GB, 16384 MiB
Using device: cuda
Loading datasets...
Train sessions: 75875 | Val sessions: 16262

Running grid search over 54 combinations...

SLURM array task 13: 1 config -> ../Models/LSTM_grid_bce_task13.csv
Trying: {'hidden_units': 64, 'dropout_rate': 0.5, 'num_layers': 1, 'lr': 0.0001}
Epoch 1 | Loss: 0.6034 | Val NDCG: 0.7696 | smoothed: 0.7696
Epoch 2 | Loss: 0.5847 | Val NDCG: 0.7859 | smoothed: 0.7777
Epoch 3 | Loss: 0.5795 | Val NDCG: 0.7776 | smoothed: 0.7777
Epoch 4 | Loss: 0.5754 | Val NDCG: 0.7822 | smoothed: 0.7819
Epoch 5 | Loss: 0.5719 | Val NDCG: 0.7760 | smoothed: 0.7786
Epoch 6 | Loss: 0.5704 | Val NDCG: 0.7803 | smoothed: 0.7795
Epoch 7 | Loss: 0.5686 | Val NDCG: 0.7701 | smoothed: 0.7755
Epoch 8 | Loss: 0.5682 | Val NDCG: 0.7713 | smoothed: 0.7739
Epoch 9 | Loss: 0.5662 | Val NDCG: 0.7761 | smoothed: 0.7725

Best smoothed NDCG: 0.7819 at epoch 4 of 9 run

1 combinations completed out of 1


--- Grid Search Results ---
 hidden_units  dropout_rate  num_layers     lr  val_ndcg  val_ndcg_raw  best_epoch  epochs_run  max_epochs  seed
           64           0.5           1 0.0001  0.781914       0.78223           4           9          40     0

Best config: {'hidden_units': 64.0, 'dropout_rate': 0.5, 'num_layers': 1.0, 'lr': 0.0001, 'val_ndcg': 0.7819144079595874, 'val_ndcg_raw': 0.7822301630569783, 'best_epoch': 4.0, 'epochs_run': 9.0, 'max_epochs': 40.0, 'seed': 0.0}
0 of 1 configs reached max_epochs
0 of 1 were still improving when stopped
Best params saved to ../Models/lstm_bce_best_params.json
