task 73 | loss drrl | node slurmnode-gpu02
NVIDIA GeForce GTX 1080 Ti, 11264 MiB
NVIDIA GeForce GTX 1080 Ti, 11264 MiB
NVIDIA GeForce GTX 1080 Ti, 11264 MiB
NVIDIA GeForce GTX 1080 Ti, 11264 MiB
NVIDIA GeForce GTX 1080 Ti, 11264 MiB
NVIDIA GeForce GTX 1080 Ti, 11264 MiB
NVIDIA GeForce GTX 1080 Ti, 11264 MiB
NVIDIA GeForce GTX 1080 Ti, 11264 MiB
Using device: cuda
Loading datasets...
Train sessions: 75875 | Val sessions: 16262

Running grid search over 162 combinations...

SLURM array task 73: 1 config -> ../Models/LSTM_grid_drrl_task73.csv
Trying: {'hidden_units': 128, 'dropout_rate': 0.3, 'num_layers': 1, 'lr': 0.001, 'gamma': 3}
Epoch 1 | Loss: -0.2229 | Val NDCG: 0.7530 | smoothed: 0.7530
Epoch 2 | Loss: -0.2294 | Val NDCG: 0.7339 | smoothed: 0.7435
Epoch 3 | Loss: -0.2301 | Val NDCG: 0.7800 | smoothed: 0.7556
Epoch 4 | Loss: -0.2307 | Val NDCG: 0.7380 | smoothed: 0.7506
Epoch 5 | Loss: -0.2309 | Val NDCG: 0.7471 | smoothed: 0.7550
Epoch 6 | Loss: -0.2311 | Val NDCG: 0.7688 | smoothed: 0.7513
Epoch 7 | Loss: -0.2313 | Val NDCG: 0.7297 | smoothed: 0.7485
Epoch 8 | Loss: -0.2314 | Val NDCG: 0.7781 | smoothed: 0.7589
Epoch 9 | Loss: -0.2314 | Val NDCG: 0.7624 | smoothed: 0.7567
Epoch 10 | Loss: -0.2316 | Val NDCG: 0.7728 | smoothed: 0.7711
Epoch 11 | Loss: -0.2316 | Val NDCG: 0.7585 | smoothed: 0.7646
Epoch 12 | Loss: -0.2317 | Val NDCG: 0.7653 | smoothed: 0.7655
Epoch 13 | Loss: -0.2317 | Val NDCG: 0.7666 | smoothed: 0.7634
Epoch 14 | Loss: -0.2318 | Val NDCG: 0.7674 | smoothed: 0.7664
Epoch 15 | Loss: -0.2318 | Val NDCG: 0.7688 | smoothed: 0.7676

Best smoothed NDCG: 0.7711 at epoch 10 of 15 run

1 combinations completed out of 1


--- Grid Search Results ---
 hidden_units  dropout_rate  num_layers    lr  gamma  val_ndcg  val_ndcg_raw  best_epoch  epochs_run  max_epochs  seed
          128           0.3           1 0.001      3  0.771109      0.772784          10          15          20     0

Best config: {'hidden_units': 128.0, 'dropout_rate': 0.3, 'num_layers': 1.0, 'lr': 0.001, 'gamma': 3.0, 'val_ndcg': 0.7711093336882667, 'val_ndcg_raw': 0.7727841156396551, 'best_epoch': 10.0, 'epochs_run': 15.0, 'max_epochs': 20.0, 'seed': 0.0}
0 of 1 configs reached max_epochs
0 of 1 were still improving when stopped
Best params saved to ../Models/lstm_drrl_best_params.json
