task 106 | loss drrl | node slurmnode-gpu03
Tesla P100-PCIE-16GB, 16384 MiB
Tesla P100-PCIE-16GB, 16384 MiB
Tesla P100-PCIE-16GB, 16384 MiB
Tesla P100-PCIE-16GB, 16384 MiB
Using device: cuda
Loading datasets...
Train sessions: 75875 | Val sessions: 16262

Running grid search over 162 combinations...

SLURM array task 106: 1 config -> ../Models/LSTM_grid_drrl_task106.csv
Trying: {'hidden_units': 128, 'dropout_rate': 0.5, 'num_layers': 3, 'lr': 0.0001, 'gamma': 3}
Epoch 1 | Loss: -0.2138 | Val NDCG: 0.6774 | smoothed: 0.6774
Epoch 2 | Loss: -0.2307 | Val NDCG: 0.7062 | smoothed: 0.6918
Epoch 3 | Loss: -0.2313 | Val NDCG: 0.7094 | smoothed: 0.6977
Epoch 4 | Loss: -0.2315 | Val NDCG: 0.7101 | smoothed: 0.7086
Epoch 5 | Loss: -0.2318 | Val NDCG: 0.6910 | smoothed: 0.7035
Epoch 6 | Loss: -0.2318 | Val NDCG: 0.7283 | smoothed: 0.7098
Epoch 7 | Loss: -0.2320 | Val NDCG: 0.7525 | smoothed: 0.7239
Epoch 8 | Loss: -0.2320 | Val NDCG: 0.6806 | smoothed: 0.7205
Epoch 9 | Loss: -0.2321 | Val NDCG: 0.7112 | smoothed: 0.7147
Epoch 10 | Loss: -0.2321 | Val NDCG: 0.7179 | smoothed: 0.7032
Epoch 11 | Loss: -0.2321 | Val NDCG: 0.7506 | smoothed: 0.7266
Epoch 12 | Loss: -0.2322 | Val NDCG: 0.7176 | smoothed: 0.7287
Epoch 13 | Loss: -0.2322 | Val NDCG: 0.7524 | smoothed: 0.7402
Epoch 14 | Loss: -0.2322 | Val NDCG: 0.7552 | smoothed: 0.7418
Epoch 15 | Loss: -0.2322 | Val NDCG: 0.7125 | smoothed: 0.7401
Epoch 16 | Loss: -0.2323 | Val NDCG: 0.7809 | smoothed: 0.7496
Epoch 17 | Loss: -0.2322 | Val NDCG: 0.7383 | smoothed: 0.7439
Epoch 18 | Loss: -0.2323 | Val NDCG: 0.7645 | smoothed: 0.7612
Epoch 19 | Loss: -0.2323 | Val NDCG: 0.7492 | smoothed: 0.7506
Epoch 20 | Loss: -0.2323 | Val NDCG: 0.7689 | smoothed: 0.7609
Epoch 21 | Loss: -0.2323 | Val NDCG: 0.7751 | smoothed: 0.7644
Epoch 22 | Loss: -0.2324 | Val NDCG: 0.7737 | smoothed: 0.7726
Epoch 23 | Loss: -0.2324 | Val NDCG: 0.7534 | smoothed: 0.7674
Epoch 24 | Loss: -0.2323 | Val NDCG: 0.7543 | smoothed: 0.7605
Epoch 25 | Loss: -0.2323 | Val NDCG: 0.7823 | smoothed: 0.7634
Epoch 26 | Loss: -0.2324 | Val NDCG: 0.7706 | smoothed: 0.7691
Epoch 27 | Loss: -0.2324 | Val NDCG: 0.7525 | smoothed: 0.7685

Best smoothed NDCG: 0.7726 at epoch 22 of 27 run

1 combinations completed out of 1


--- Grid Search Results ---
 hidden_units  dropout_rate  num_layers     lr  gamma  val_ndcg  val_ndcg_raw  best_epoch  epochs_run  max_epochs  seed
          128           0.5           3 0.0001      3  0.772606      0.773729          22          27          40     0

Best config: {'hidden_units': 128.0, 'dropout_rate': 0.5, 'num_layers': 3.0, 'lr': 0.0001, 'gamma': 3.0, 'val_ndcg': 0.7726063545396565, 'val_ndcg_raw': 0.7737289880231659, 'best_epoch': 22.0, 'epochs_run': 27.0, 'max_epochs': 40.0, 'seed': 0.0}
0 of 1 configs reached max_epochs
0 of 1 were still improving when stopped
Best params saved to ../Models/lstm_drrl_best_params.json
