task 20 | loss bce | node slurmnode-gpu07
NVIDIA A40, 46068 MiB
NVIDIA A40, 46068 MiB
NVIDIA A40, 46068 MiB
NVIDIA A40, 46068 MiB
Using device: cuda
Loading datasets...
Train sessions: 75875 | Val sessions: 16262

Running grid search over 54 combinations...

SLURM array task 20: 1 config -> ../Models/LSTM_grid_bce_task20.csv
Trying: {'hidden_units': 128, 'dropout_rate': 0.1, 'num_layers': 2, 'lr': 0.001}
Epoch 1 | Loss: 0.5739 | Val NDCG: 0.7798 | smoothed: 0.7798
Epoch 2 | Loss: 0.5631 | Val NDCG: 0.7761 | smoothed: 0.7780
Epoch 3 | Loss: 0.5595 | Val NDCG: 0.7831 | smoothed: 0.7797
Epoch 4 | Loss: 0.5573 | Val NDCG: 0.7886 | smoothed: 0.7826
Epoch 5 | Loss: 0.5546 | Val NDCG: 0.7818 | smoothed: 0.7845
Epoch 6 | Loss: 0.5524 | Val NDCG: 0.7921 | smoothed: 0.7875
Epoch 7 | Loss: 0.5521 | Val NDCG: 0.7883 | smoothed: 0.7874
Epoch 8 | Loss: 0.5502 | Val NDCG: 0.7915 | smoothed: 0.7906
Epoch 9 | Loss: 0.5487 | Val NDCG: 0.7882 | smoothed: 0.7893
Epoch 10 | Loss: 0.5483 | Val NDCG: 0.7936 | smoothed: 0.7911
Epoch 11 | Loss: 0.5473 | Val NDCG: 0.7934 | smoothed: 0.7917
Epoch 12 | Loss: 0.5452 | Val NDCG: 0.7931 | smoothed: 0.7934
Epoch 13 | Loss: 0.5443 | Val NDCG: 0.7951 | smoothed: 0.7939
Epoch 14 | Loss: 0.5433 | Val NDCG: 0.7947 | smoothed: 0.7943
Epoch 15 | Loss: 0.5442 | Val NDCG: 0.7921 | smoothed: 0.7940
Epoch 16 | Loss: 0.5424 | Val NDCG: 0.7926 | smoothed: 0.7931
Epoch 17 | Loss: 0.5409 | Val NDCG: 0.7931 | smoothed: 0.7926
Epoch 18 | Loss: 0.5402 | Val NDCG: 0.7926 | smoothed: 0.7928
Epoch 19 | Loss: 0.5388 | Val NDCG: 0.7930 | smoothed: 0.7929

Best smoothed NDCG: 0.7943 at epoch 14 of 19 run

1 combinations completed out of 1


--- Grid Search Results ---
 hidden_units  dropout_rate  num_layers    lr  val_ndcg  val_ndcg_raw  best_epoch  epochs_run  max_epochs  seed
          128           0.1           2 0.001  0.794312      0.794679          14          19          20     0

Best config: {'hidden_units': 128.0, 'dropout_rate': 0.1, 'num_layers': 2.0, 'lr': 0.001, 'val_ndcg': 0.7943120304360197, 'val_ndcg_raw': 0.7946787325046626, 'best_epoch': 14.0, 'epochs_run': 19.0, 'max_epochs': 20.0, 'seed': 0.0}
0 of 1 configs reached max_epochs
0 of 1 were still improving when stopped
Best params saved to ../Models/lstm_bce_best_params.json
