task 143 | loss drrl | node slurmnode-gpu03
Tesla P100-PCIE-16GB, 16384 MiB
Tesla P100-PCIE-16GB, 16384 MiB
Tesla P100-PCIE-16GB, 16384 MiB
Tesla P100-PCIE-16GB, 16384 MiB
Using device: cuda
Loading datasets...
Train sessions: 75875 | Val sessions: 16262

Running grid search over 162 combinations...

SLURM array task 143: 1 config -> ../Models/LSTM_grid_drrl_task143.csv
Trying: {'hidden_units': 256, 'dropout_rate': 0.3, 'num_layers': 3, 'lr': 0.0001, 'gamma': 4}
Epoch 1 | Loss: -0.2203 | Val NDCG: 0.7284 | smoothed: 0.7284
Epoch 2 | Loss: -0.2299 | Val NDCG: 0.7050 | smoothed: 0.7167
Epoch 3 | Loss: -0.2306 | Val NDCG: 0.7662 | smoothed: 0.7332
Epoch 4 | Loss: -0.2312 | Val NDCG: 0.7824 | smoothed: 0.7512
Epoch 5 | Loss: -0.2313 | Val NDCG: 0.7604 | smoothed: 0.7697
Epoch 6 | Loss: -0.2315 | Val NDCG: 0.7415 | smoothed: 0.7615
Epoch 7 | Loss: -0.2316 | Val NDCG: 0.7845 | smoothed: 0.7621
Epoch 8 | Loss: -0.2316 | Val NDCG: 0.7337 | smoothed: 0.7533
Epoch 9 | Loss: -0.2316 | Val NDCG: 0.7269 | smoothed: 0.7484
Epoch 10 | Loss: -0.2318 | Val NDCG: 0.7979 | smoothed: 0.7529

Best smoothed NDCG: 0.7697 at epoch 5 of 10 run

1 combinations completed out of 1


--- Grid Search Results ---
 hidden_units  dropout_rate  num_layers     lr  gamma  val_ndcg  val_ndcg_raw  best_epoch  epochs_run  max_epochs  seed
          256           0.3           3 0.0001      4  0.769673      0.760416           5          10          40     0

Best config: {'hidden_units': 256.0, 'dropout_rate': 0.3, 'num_layers': 3.0, 'lr': 0.0001, 'gamma': 4.0, 'val_ndcg': 0.7696734546356677, 'val_ndcg_raw': 0.7604158211553362, 'best_epoch': 5.0, 'epochs_run': 10.0, 'max_epochs': 40.0, 'seed': 0.0}
0 of 1 configs reached max_epochs
0 of 1 were still improving when stopped
Best params saved to ../Models/lstm_drrl_best_params.json
