task 44 | loss pwts | node slurmnode-gpu02
NVIDIA GeForce GTX 1080 Ti, 11264 MiB
NVIDIA GeForce GTX 1080 Ti, 11264 MiB
NVIDIA GeForce GTX 1080 Ti, 11264 MiB
NVIDIA GeForce GTX 1080 Ti, 11264 MiB
NVIDIA GeForce GTX 1080 Ti, 11264 MiB
NVIDIA GeForce GTX 1080 Ti, 11264 MiB
NVIDIA GeForce GTX 1080 Ti, 11264 MiB
NVIDIA GeForce GTX 1080 Ti, 11264 MiB
Using device: cuda
Loading datasets...
Train sessions: 75875 | Val sessions: 16262

Running grid search over 54 combinations...

SLURM array task 44: 1 config -> ../Models/LSTM_grid_pwts_task44.csv
Trying: {'hidden_units': 256, 'dropout_rate': 0.3, 'num_layers': 2, 'lr': 0.001}
Epoch 1 | Loss: 0.6012 | Val NDCG: 0.7756 | smoothed: 0.7756
Epoch 2 | Loss: 0.5900 | Val NDCG: 0.7841 | smoothed: 0.7798
Epoch 3 | Loss: 0.5871 | Val NDCG: 0.7824 | smoothed: 0.7807
Epoch 4 | Loss: 0.5839 | Val NDCG: 0.7869 | smoothed: 0.7845
Epoch 5 | Loss: 0.5812 | Val NDCG: 0.7797 | smoothed: 0.7830
Epoch 6 | Loss: 0.5800 | Val NDCG: 0.7863 | smoothed: 0.7843
Epoch 7 | Loss: 0.5781 | Val NDCG: 0.7860 | smoothed: 0.7840
Epoch 8 | Loss: 0.5774 | Val NDCG: 0.7902 | smoothed: 0.7875
Epoch 9 | Loss: 0.5759 | Val NDCG: 0.7811 | smoothed: 0.7858
Epoch 10 | Loss: 0.5741 | Val NDCG: 0.7864 | smoothed: 0.7859
Epoch 11 | Loss: 0.5742 | Val NDCG: 0.7905 | smoothed: 0.7860
Epoch 12 | Loss: 0.5729 | Val NDCG: 0.7900 | smoothed: 0.7890
Epoch 13 | Loss: 0.5700 | Val NDCG: 0.7895 | smoothed: 0.7900
Epoch 14 | Loss: 0.5709 | Val NDCG: 0.7913 | smoothed: 0.7902
Epoch 15 | Loss: 0.5693 | Val NDCG: 0.7910 | smoothed: 0.7906
Epoch 16 | Loss: 0.5676 | Val NDCG: 0.7910 | smoothed: 0.7911
Epoch 17 | Loss: 0.5661 | Val NDCG: 0.7940 | smoothed: 0.7920
Epoch 18 | Loss: 0.5654 | Val NDCG: 0.7911 | smoothed: 0.7920
Epoch 19 | Loss: 0.5653 | Val NDCG: 0.7899 | smoothed: 0.7917
Epoch 20 | Loss: 0.5642 | Val NDCG: 0.7910 | smoothed: 0.7907

Best smoothed NDCG: 0.7920 at epoch 18 of 20 run

1 combinations completed out of 1


--- Grid Search Results ---
 hidden_units  dropout_rate  num_layers    lr  val_ndcg  val_ndcg_raw  best_epoch  epochs_run  max_epochs  seed
          256           0.3           2 0.001  0.792045      0.791108          18          20          20     0

Best config: {'hidden_units': 256.0, 'dropout_rate': 0.3, 'num_layers': 2.0, 'lr': 0.001, 'val_ndcg': 0.7920452442148859, 'val_ndcg_raw': 0.7911080809398208, 'best_epoch': 18.0, 'epochs_run': 20.0, 'max_epochs': 20.0, 'seed': 0.0}
1 of 1 configs reached max_epochs
0 of 1 were still improving when stopped
Best params saved to ../Models/lstm_pwts_best_params.json
