task 51 | loss bce | node slurmnode-gpu03
Tesla P100-PCIE-16GB, 16384 MiB
Tesla P100-PCIE-16GB, 16384 MiB
Tesla P100-PCIE-16GB, 16384 MiB
Tesla P100-PCIE-16GB, 16384 MiB
Using device: cuda
Loading datasets...
Train sessions: 75875 | Val sessions: 16262

Running grid search over 54 combinations...

SLURM array task 51: 1 config -> ../Models/LSTM_grid_bce_task51.csv
Trying: {'hidden_units': 256, 'dropout_rate': 0.5, 'num_layers': 2, 'lr': 0.0001}
Epoch 1 | Loss: 0.5859 | Val NDCG: 0.7662 | smoothed: 0.7662
Epoch 2 | Loss: 0.5704 | Val NDCG: 0.7818 | smoothed: 0.7740
Epoch 3 | Loss: 0.5674 | Val NDCG: 0.7814 | smoothed: 0.7765
Epoch 4 | Loss: 0.5659 | Val NDCG: 0.7834 | smoothed: 0.7822
Epoch 5 | Loss: 0.5650 | Val NDCG: 0.7764 | smoothed: 0.7804
Epoch 6 | Loss: 0.5641 | Val NDCG: 0.7858 | smoothed: 0.7819
Epoch 7 | Loss: 0.5634 | Val NDCG: 0.7790 | smoothed: 0.7804
Epoch 8 | Loss: 0.5635 | Val NDCG: 0.7773 | smoothed: 0.7807
Epoch 9 | Loss: 0.5630 | Val NDCG: 0.7772 | smoothed: 0.7778

Best smoothed NDCG: 0.7822 at epoch 4 of 9 run

1 combinations completed out of 1


--- Grid Search Results ---
 hidden_units  dropout_rate  num_layers     lr  val_ndcg  val_ndcg_raw  best_epoch  epochs_run  max_epochs  seed
          256           0.5           2 0.0001  0.782193      0.783418           4           9          40     0

Best config: {'hidden_units': 256.0, 'dropout_rate': 0.5, 'num_layers': 2.0, 'lr': 0.0001, 'val_ndcg': 0.782192745295026, 'val_ndcg_raw': 0.7834176743994347, 'best_epoch': 4.0, 'epochs_run': 9.0, 'max_epochs': 40.0, 'seed': 0.0}
0 of 1 configs reached max_epochs
0 of 1 were still improving when stopped
Best params saved to ../Models/lstm_bce_best_params.json
