task 40 | loss drrl | node slurmnode-gpu02
NVIDIA GeForce GTX 1080 Ti, 11264 MiB
NVIDIA GeForce GTX 1080 Ti, 11264 MiB
NVIDIA GeForce GTX 1080 Ti, 11264 MiB
NVIDIA GeForce GTX 1080 Ti, 11264 MiB
NVIDIA GeForce GTX 1080 Ti, 11264 MiB
NVIDIA GeForce GTX 1080 Ti, 11264 MiB
NVIDIA GeForce GTX 1080 Ti, 11264 MiB
NVIDIA GeForce GTX 1080 Ti, 11264 MiB
Using device: cuda
Loading datasets...
Train sessions: 75875 | Val sessions: 16262

Running grid search over 162 combinations...

SLURM array task 40: 1 config -> ../Models/LSTM_grid_drrl_task40.csv
Trying: {'hidden_units': 64, 'dropout_rate': 0.5, 'num_layers': 1, 'lr': 0.0001, 'gamma': 3}
Epoch 1 | Loss: -0.1856 | Val NDCG: 0.7303 | smoothed: 0.7303
Epoch 2 | Loss: -0.2238 | Val NDCG: 0.7344 | smoothed: 0.7324
Epoch 3 | Loss: -0.2277 | Val NDCG: 0.7412 | smoothed: 0.7353
Epoch 4 | Loss: -0.2295 | Val NDCG: 0.7261 | smoothed: 0.7339
Epoch 5 | Loss: -0.2305 | Val NDCG: 0.7474 | smoothed: 0.7383
Epoch 6 | Loss: -0.2311 | Val NDCG: 0.7328 | smoothed: 0.7355
Epoch 7 | Loss: -0.2315 | Val NDCG: 0.7240 | smoothed: 0.7348
Epoch 8 | Loss: -0.2317 | Val NDCG: 0.7562 | smoothed: 0.7377
Epoch 9 | Loss: -0.2319 | Val NDCG: 0.7275 | smoothed: 0.7359
Epoch 10 | Loss: -0.2320 | Val NDCG: 0.7527 | smoothed: 0.7455
Epoch 11 | Loss: -0.2320 | Val NDCG: 0.7438 | smoothed: 0.7413
Epoch 12 | Loss: -0.2321 | Val NDCG: 0.7522 | smoothed: 0.7496
Epoch 13 | Loss: -0.2322 | Val NDCG: 0.7061 | smoothed: 0.7340
Epoch 14 | Loss: -0.2322 | Val NDCG: 0.7675 | smoothed: 0.7419
Epoch 15 | Loss: -0.2322 | Val NDCG: 0.6994 | smoothed: 0.7243
Epoch 16 | Loss: -0.2322 | Val NDCG: 0.7364 | smoothed: 0.7344
Epoch 17 | Loss: -0.2323 | Val NDCG: 0.6969 | smoothed: 0.7109

Best smoothed NDCG: 0.7496 at epoch 12 of 17 run

1 combinations completed out of 1


--- Grid Search Results ---
 hidden_units  dropout_rate  num_layers     lr  gamma  val_ndcg  val_ndcg_raw  best_epoch  epochs_run  max_epochs  seed
           64           0.5           1 0.0001      3  0.749561      0.752159          12          17          40     0

Best config: {'hidden_units': 64.0, 'dropout_rate': 0.5, 'num_layers': 1.0, 'lr': 0.0001, 'gamma': 3.0, 'val_ndcg': 0.7495611583488629, 'val_ndcg_raw': 0.7521591157018545, 'best_epoch': 12.0, 'epochs_run': 17.0, 'max_epochs': 40.0, 'seed': 0.0}
0 of 1 configs reached max_epochs
0 of 1 were still improving when stopped
Best params saved to ../Models/lstm_drrl_best_params.json
