task 125 | loss drrl | node slurmnode-gpu03
Tesla P100-PCIE-16GB, 16384 MiB
Tesla P100-PCIE-16GB, 16384 MiB
Tesla P100-PCIE-16GB, 16384 MiB
Tesla P100-PCIE-16GB, 16384 MiB
Using device: cuda
Loading datasets...
Train sessions: 75875 | Val sessions: 16262

Running grid search over 162 combinations...

SLURM array task 125: 1 config -> ../Models/LSTM_grid_drrl_task125.csv
Trying: {'hidden_units': 256, 'dropout_rate': 0.1, 'num_layers': 3, 'lr': 0.0001, 'gamma': 4}
Epoch 1 | Loss: -0.2209 | Val NDCG: 0.7462 | smoothed: 0.7462
Epoch 2 | Loss: -0.2296 | Val NDCG: 0.7217 | smoothed: 0.7340
Epoch 3 | Loss: -0.2303 | Val NDCG: 0.7393 | smoothed: 0.7357
Epoch 4 | Loss: -0.2311 | Val NDCG: 0.7363 | smoothed: 0.7324
Epoch 5 | Loss: -0.2313 | Val NDCG: 0.7681 | smoothed: 0.7479
Epoch 6 | Loss: -0.2315 | Val NDCG: 0.7325 | smoothed: 0.7457
Epoch 7 | Loss: -0.2315 | Val NDCG: 0.7563 | smoothed: 0.7523
Epoch 8 | Loss: -0.2317 | Val NDCG: 0.7750 | smoothed: 0.7546
Epoch 9 | Loss: -0.2317 | Val NDCG: 0.7394 | smoothed: 0.7569
Epoch 10 | Loss: -0.2318 | Val NDCG: 0.7547 | smoothed: 0.7564
Epoch 11 | Loss: -0.2318 | Val NDCG: 0.8032 | smoothed: 0.7658
Epoch 12 | Loss: -0.2319 | Val NDCG: 0.7934 | smoothed: 0.7838
Epoch 13 | Loss: -0.2319 | Val NDCG: 0.7800 | smoothed: 0.7922
Epoch 14 | Loss: -0.2319 | Val NDCG: 0.7794 | smoothed: 0.7843
Epoch 15 | Loss: -0.2319 | Val NDCG: 0.7874 | smoothed: 0.7823
Epoch 16 | Loss: -0.2320 | Val NDCG: 0.7797 | smoothed: 0.7822
Epoch 17 | Loss: -0.2320 | Val NDCG: 0.7846 | smoothed: 0.7839
Epoch 18 | Loss: -0.2319 | Val NDCG: 0.7830 | smoothed: 0.7824

Best smoothed NDCG: 0.7922 at epoch 13 of 18 run

1 combinations completed out of 1


--- Grid Search Results ---
 hidden_units  dropout_rate  num_layers     lr  gamma  val_ndcg  val_ndcg_raw  best_epoch  epochs_run  max_epochs  seed
          256           0.1           3 0.0001      4    0.7922      0.780015          13          18          40     0

Best config: {'hidden_units': 256.0, 'dropout_rate': 0.1, 'num_layers': 3.0, 'lr': 0.0001, 'gamma': 4.0, 'val_ndcg': 0.7922002282968638, 'val_ndcg_raw': 0.780015076439677, 'best_epoch': 13.0, 'epochs_run': 18.0, 'max_epochs': 40.0, 'seed': 0.0}
0 of 1 configs reached max_epochs
0 of 1 were still improving when stopped
Best params saved to ../Models/lstm_drrl_best_params.json
