task 78 | loss drrl | node slurmnode-gpu02
NVIDIA GeForce GTX 1080 Ti, 11264 MiB
NVIDIA GeForce GTX 1080 Ti, 11264 MiB
NVIDIA GeForce GTX 1080 Ti, 11264 MiB
NVIDIA GeForce GTX 1080 Ti, 11264 MiB
NVIDIA GeForce GTX 1080 Ti, 11264 MiB
NVIDIA GeForce GTX 1080 Ti, 11264 MiB
NVIDIA GeForce GTX 1080 Ti, 11264 MiB
NVIDIA GeForce GTX 1080 Ti, 11264 MiB
Using device: cuda
Loading datasets...
Train sessions: 75875 | Val sessions: 16262

Running grid search over 162 combinations...

SLURM array task 78: 1 config -> ../Models/LSTM_grid_drrl_task78.csv
Trying: {'hidden_units': 128, 'dropout_rate': 0.3, 'num_layers': 2, 'lr': 0.001, 'gamma': 2}
Epoch 1 | Loss: -0.2195 | Val NDCG: 0.7576 | smoothed: 0.7576
Epoch 2 | Loss: -0.2274 | Val NDCG: 0.7655 | smoothed: 0.7616
Epoch 3 | Loss: -0.2279 | Val NDCG: 0.7802 | smoothed: 0.7678
Epoch 4 | Loss: -0.2286 | Val NDCG: 0.7869 | smoothed: 0.7775
Epoch 5 | Loss: -0.2290 | Val NDCG: 0.7643 | smoothed: 0.7771
Epoch 6 | Loss: -0.2291 | Val NDCG: 0.7845 | smoothed: 0.7786
Epoch 7 | Loss: -0.2293 | Val NDCG: 0.7650 | smoothed: 0.7713
Epoch 8 | Loss: -0.2294 | Val NDCG: 0.7854 | smoothed: 0.7783
Epoch 9 | Loss: -0.2296 | Val NDCG: 0.7761 | smoothed: 0.7755
Epoch 10 | Loss: -0.2299 | Val NDCG: 0.7773 | smoothed: 0.7796
Epoch 11 | Loss: -0.2299 | Val NDCG: 0.7738 | smoothed: 0.7757
Epoch 12 | Loss: -0.2302 | Val NDCG: 0.7931 | smoothed: 0.7814
Epoch 13 | Loss: -0.2301 | Val NDCG: 0.7520 | smoothed: 0.7730
Epoch 14 | Loss: -0.2301 | Val NDCG: 0.7701 | smoothed: 0.7717
Epoch 15 | Loss: -0.2303 | Val NDCG: 0.7955 | smoothed: 0.7725
Epoch 16 | Loss: -0.2304 | Val NDCG: 0.7886 | smoothed: 0.7847
Epoch 17 | Loss: -0.2304 | Val NDCG: 0.7760 | smoothed: 0.7867
Epoch 18 | Loss: -0.2306 | Val NDCG: 0.7839 | smoothed: 0.7828
Epoch 19 | Loss: -0.2305 | Val NDCG: 0.7822 | smoothed: 0.7807
Epoch 20 | Loss: -0.2306 | Val NDCG: 0.7847 | smoothed: 0.7836

Best smoothed NDCG: 0.7867 at epoch 17 of 20 run

1 combinations completed out of 1


--- Grid Search Results ---
 hidden_units  dropout_rate  num_layers    lr  gamma  val_ndcg  val_ndcg_raw  best_epoch  epochs_run  max_epochs  seed
          128           0.3           2 0.001      2    0.7867      0.776001          17          20          20     0

Best config: {'hidden_units': 128.0, 'dropout_rate': 0.3, 'num_layers': 2.0, 'lr': 0.001, 'gamma': 2.0, 'val_ndcg': 0.7866997058314565, 'val_ndcg_raw': 0.7760013660881901, 'best_epoch': 17.0, 'epochs_run': 20.0, 'max_epochs': 20.0, 'seed': 0.0}
1 of 1 configs reached max_epochs
0 of 1 were still improving when stopped
Best params saved to ../Models/lstm_drrl_best_params.json
