task 57 | loss drrl | node slurmnode-gpu02
NVIDIA GeForce GTX 1080 Ti, 11264 MiB
NVIDIA GeForce GTX 1080 Ti, 11264 MiB
NVIDIA GeForce GTX 1080 Ti, 11264 MiB
NVIDIA GeForce GTX 1080 Ti, 11264 MiB
NVIDIA GeForce GTX 1080 Ti, 11264 MiB
NVIDIA GeForce GTX 1080 Ti, 11264 MiB
NVIDIA GeForce GTX 1080 Ti, 11264 MiB
NVIDIA GeForce GTX 1080 Ti, 11264 MiB
Using device: cuda
Loading datasets...
Train sessions: 75875 | Val sessions: 16262

Running grid search over 162 combinations...

SLURM array task 57: 1 config -> ../Models/LSTM_grid_drrl_task57.csv
Trying: {'hidden_units': 128, 'dropout_rate': 0.1, 'num_layers': 1, 'lr': 0.0001, 'gamma': 2}
Epoch 1 | Loss: -0.2100 | Val NDCG: 0.7400 | smoothed: 0.7400
Epoch 2 | Loss: -0.2266 | Val NDCG: 0.7299 | smoothed: 0.7349
Epoch 3 | Loss: -0.2287 | Val NDCG: 0.7207 | smoothed: 0.7302
Epoch 4 | Loss: -0.2296 | Val NDCG: 0.7201 | smoothed: 0.7236
Epoch 5 | Loss: -0.2304 | Val NDCG: 0.7493 | smoothed: 0.7300
Epoch 6 | Loss: -0.2306 | Val NDCG: 0.7316 | smoothed: 0.7337

Best smoothed NDCG: 0.7400 at epoch 1 of 6 run

1 combinations completed out of 1


--- Grid Search Results ---
 hidden_units  dropout_rate  num_layers     lr  gamma  val_ndcg  val_ndcg_raw  best_epoch  epochs_run  max_epochs  seed
          128           0.1           1 0.0001      2  0.739951      0.739951           1           6          40     0

Best config: {'hidden_units': 128.0, 'dropout_rate': 0.1, 'num_layers': 1.0, 'lr': 0.0001, 'gamma': 2.0, 'val_ndcg': 0.7399508654310881, 'val_ndcg_raw': 0.7399508654310881, 'best_epoch': 1.0, 'epochs_run': 6.0, 'max_epochs': 40.0, 'seed': 0.0}
0 of 1 configs reached max_epochs
0 of 1 were still improving when stopped
Best params saved to ../Models/lstm_drrl_best_params.json
