task 111 | loss drrl | node slurmnode-gpu03
Tesla P100-PCIE-16GB, 16384 MiB
Tesla P100-PCIE-16GB, 16384 MiB
Tesla P100-PCIE-16GB, 16384 MiB
Tesla P100-PCIE-16GB, 16384 MiB
Using device: cuda
Loading datasets...
Train sessions: 75875 | Val sessions: 16262

Running grid search over 162 combinations...

SLURM array task 111: 1 config -> ../Models/LSTM_grid_drrl_task111.csv
Trying: {'hidden_units': 256, 'dropout_rate': 0.1, 'num_layers': 1, 'lr': 0.0001, 'gamma': 2}
Epoch 1 | Loss: -0.2122 | Val NDCG: 0.7229 | smoothed: 0.7229
Epoch 2 | Loss: -0.2249 | Val NDCG: 0.7236 | smoothed: 0.7232
Epoch 3 | Loss: -0.2272 | Val NDCG: 0.7113 | smoothed: 0.7193
Epoch 4 | Loss: -0.2283 | Val NDCG: 0.6934 | smoothed: 0.7094
Epoch 5 | Loss: -0.2291 | Val NDCG: 0.7448 | smoothed: 0.7165
Epoch 6 | Loss: -0.2297 | Val NDCG: 0.7421 | smoothed: 0.7268
Epoch 7 | Loss: -0.2302 | Val NDCG: 0.7594 | smoothed: 0.7488
Epoch 8 | Loss: -0.2303 | Val NDCG: 0.7387 | smoothed: 0.7467
Epoch 9 | Loss: -0.2306 | Val NDCG: 0.7535 | smoothed: 0.7505
Epoch 10 | Loss: -0.2308 | Val NDCG: 0.6989 | smoothed: 0.7303
Epoch 11 | Loss: -0.2309 | Val NDCG: 0.7138 | smoothed: 0.7220
Epoch 12 | Loss: -0.2311 | Val NDCG: 0.7478 | smoothed: 0.7201
Epoch 13 | Loss: -0.2311 | Val NDCG: 0.7428 | smoothed: 0.7348
Epoch 14 | Loss: -0.2313 | Val NDCG: 0.7659 | smoothed: 0.7522
Epoch 15 | Loss: -0.2313 | Val NDCG: 0.7639 | smoothed: 0.7575
Epoch 16 | Loss: -0.2313 | Val NDCG: 0.7609 | smoothed: 0.7636
Epoch 17 | Loss: -0.2315 | Val NDCG: 0.7616 | smoothed: 0.7622
Epoch 18 | Loss: -0.2314 | Val NDCG: 0.7556 | smoothed: 0.7594
Epoch 19 | Loss: -0.2315 | Val NDCG: 0.7518 | smoothed: 0.7563
Epoch 20 | Loss: -0.2316 | Val NDCG: 0.7173 | smoothed: 0.7416
Epoch 21 | Loss: -0.2316 | Val NDCG: 0.6964 | smoothed: 0.7218

Best smoothed NDCG: 0.7636 at epoch 16 of 21 run

1 combinations completed out of 1


--- Grid Search Results ---
 hidden_units  dropout_rate  num_layers     lr  gamma  val_ndcg  val_ndcg_raw  best_epoch  epochs_run  max_epochs  seed
          256           0.1           1 0.0001      2  0.763568       0.76091          16          21          40     0

Best config: {'hidden_units': 256.0, 'dropout_rate': 0.1, 'num_layers': 1.0, 'lr': 0.0001, 'gamma': 2.0, 'val_ndcg': 0.7635678326000804, 'val_ndcg_raw': 0.7609097906121519, 'best_epoch': 16.0, 'epochs_run': 21.0, 'max_epochs': 40.0, 'seed': 0.0}
0 of 1 configs reached max_epochs
0 of 1 were still improving when stopped
Best params saved to ../Models/lstm_drrl_best_params.json
