task 30 | loss drrl | node slurmnode-gpu02
NVIDIA GeForce GTX 1080 Ti, 11264 MiB
NVIDIA GeForce GTX 1080 Ti, 11264 MiB
NVIDIA GeForce GTX 1080 Ti, 11264 MiB
NVIDIA GeForce GTX 1080 Ti, 11264 MiB
NVIDIA GeForce GTX 1080 Ti, 11264 MiB
NVIDIA GeForce GTX 1080 Ti, 11264 MiB
NVIDIA GeForce GTX 1080 Ti, 11264 MiB
NVIDIA GeForce GTX 1080 Ti, 11264 MiB
Using device: cuda
Loading datasets...
Train sessions: 75875 | Val sessions: 16262

Running grid search over 162 combinations...

SLURM array task 30: 1 config -> ../Models/LSTM_grid_drrl_task30.csv
Trying: {'hidden_units': 64, 'dropout_rate': 0.3, 'num_layers': 3, 'lr': 0.001, 'gamma': 2}
Epoch 1 | Loss: -0.2212 | Val NDCG: 0.7655 | smoothed: 0.7655
Epoch 2 | Loss: -0.2281 | Val NDCG: 0.7867 | smoothed: 0.7761
Epoch 3 | Loss: -0.2286 | Val NDCG: 0.7528 | smoothed: 0.7683
Epoch 4 | Loss: -0.2289 | Val NDCG: 0.7185 | smoothed: 0.7527
Epoch 5 | Loss: -0.2292 | Val NDCG: 0.8025 | smoothed: 0.7579
Epoch 6 | Loss: -0.2296 | Val NDCG: 0.7920 | smoothed: 0.7710
Epoch 7 | Loss: -0.2296 | Val NDCG: 0.7620 | smoothed: 0.7855
Epoch 8 | Loss: -0.2296 | Val NDCG: 0.7896 | smoothed: 0.7812
Epoch 9 | Loss: -0.2296 | Val NDCG: 0.7791 | smoothed: 0.7769
Epoch 10 | Loss: -0.2297 | Val NDCG: 0.7913 | smoothed: 0.7866
Epoch 11 | Loss: -0.2298 | Val NDCG: 0.7292 | smoothed: 0.7665
Epoch 12 | Loss: -0.2300 | Val NDCG: 0.7858 | smoothed: 0.7687
Epoch 13 | Loss: -0.2302 | Val NDCG: 0.7872 | smoothed: 0.7674
Epoch 14 | Loss: -0.2302 | Val NDCG: 0.7903 | smoothed: 0.7877
Epoch 15 | Loss: -0.2304 | Val NDCG: 0.7830 | smoothed: 0.7868
Epoch 16 | Loss: -0.2304 | Val NDCG: 0.7747 | smoothed: 0.7827
Epoch 17 | Loss: -0.2305 | Val NDCG: 0.7938 | smoothed: 0.7838
Epoch 18 | Loss: -0.2305 | Val NDCG: 0.7878 | smoothed: 0.7855
Epoch 19 | Loss: -0.2306 | Val NDCG: 0.7925 | smoothed: 0.7914
Epoch 20 | Loss: -0.2306 | Val NDCG: 0.7852 | smoothed: 0.7885

Best smoothed NDCG: 0.7914 at epoch 19 of 20 run

1 combinations completed out of 1


--- Grid Search Results ---
 hidden_units  dropout_rate  num_layers    lr  gamma  val_ndcg  val_ndcg_raw  best_epoch  epochs_run  max_epochs  seed
           64           0.3           3 0.001      2  0.791388       0.79251          19          20          20     0

Best config: {'hidden_units': 64.0, 'dropout_rate': 0.3, 'num_layers': 3.0, 'lr': 0.001, 'gamma': 2.0, 'val_ndcg': 0.7913882963849552, 'val_ndcg_raw': 0.79251029731468, 'best_epoch': 19.0, 'epochs_run': 20.0, 'max_epochs': 20.0, 'seed': 0.0}
1 of 1 configs reached max_epochs
1 of 1 were still improving when stopped
Best params saved to ../Models/lstm_drrl_best_params.json
