task 0 | loss bce | node slurmnode-gpu03
Tesla P100-PCIE-16GB, 16384 MiB
Tesla P100-PCIE-16GB, 16384 MiB
Tesla P100-PCIE-16GB, 16384 MiB
Tesla P100-PCIE-16GB, 16384 MiB
Using device: cuda
Loading datasets...
Train sessions: 75875 | Val sessions: 16262

Running grid search over 54 combinations...

SLURM array task 0: 1 config -> ../Models/LSTM_grid_bce_task0.csv
Trying: {'hidden_units': 64, 'dropout_rate': 0.1, 'num_layers': 1, 'lr': 0.001}
Epoch 1 | Loss: 0.5754 | Val NDCG: 0.7794 | smoothed: 0.7794
Epoch 2 | Loss: 0.5650 | Val NDCG: 0.7741 | smoothed: 0.7768
Epoch 3 | Loss: 0.5614 | Val NDCG: 0.7817 | smoothed: 0.7784
Epoch 4 | Loss: 0.5600 | Val NDCG: 0.7874 | smoothed: 0.7811
Epoch 5 | Loss: 0.5590 | Val NDCG: 0.7785 | smoothed: 0.7825
Epoch 6 | Loss: 0.5577 | Val NDCG: 0.7868 | smoothed: 0.7842
Epoch 7 | Loss: 0.5554 | Val NDCG: 0.7828 | smoothed: 0.7827
Epoch 8 | Loss: 0.5546 | Val NDCG: 0.7852 | smoothed: 0.7849
Epoch 9 | Loss: 0.5530 | Val NDCG: 0.7847 | smoothed: 0.7842
Epoch 10 | Loss: 0.5516 | Val NDCG: 0.7916 | smoothed: 0.7871
Epoch 11 | Loss: 0.5508 | Val NDCG: 0.7919 | smoothed: 0.7894
Epoch 12 | Loss: 0.5517 | Val NDCG: 0.7943 | smoothed: 0.7926
Epoch 13 | Loss: 0.5492 | Val NDCG: 0.7910 | smoothed: 0.7924
Epoch 14 | Loss: 0.5503 | Val NDCG: 0.7909 | smoothed: 0.7920
Epoch 15 | Loss: 0.5491 | Val NDCG: 0.7895 | smoothed: 0.7904
Epoch 16 | Loss: 0.5478 | Val NDCG: 0.7917 | smoothed: 0.7907
Epoch 17 | Loss: 0.5480 | Val NDCG: 0.7924 | smoothed: 0.7912

Best smoothed NDCG: 0.7926 at epoch 12 of 17 run

1 combinations completed out of 1


--- Grid Search Results ---
 hidden_units  dropout_rate  num_layers    lr  val_ndcg  val_ndcg_raw  best_epoch  epochs_run  max_epochs  seed
           64           0.1           1 0.001  0.792595      0.794296          12          17          20     0

Best config: {'hidden_units': 64.0, 'dropout_rate': 0.1, 'num_layers': 1.0, 'lr': 0.001, 'val_ndcg': 0.7925949886984324, 'val_ndcg_raw': 0.794295874308411, 'best_epoch': 12.0, 'epochs_run': 17.0, 'max_epochs': 20.0, 'seed': 0.0}
0 of 1 configs reached max_epochs
0 of 1 were still improving when stopped
Best params saved to ../Models/lstm_bce_best_params.json
