task 27 | loss bce | node slurmnode-gpu03
Tesla P100-PCIE-16GB, 16384 MiB
Tesla P100-PCIE-16GB, 16384 MiB
Tesla P100-PCIE-16GB, 16384 MiB
Tesla P100-PCIE-16GB, 16384 MiB
Using device: cuda
Loading datasets...
Train sessions: 75875 | Val sessions: 16262

Running grid search over 54 combinations...

SLURM array task 27: 1 config -> ../Models/LSTM_grid_bce_task27.csv
Trying: {'hidden_units': 128, 'dropout_rate': 0.3, 'num_layers': 2, 'lr': 0.0001}
Epoch 1 | Loss: 0.5926 | Val NDCG: 0.7656 | smoothed: 0.7656
Epoch 2 | Loss: 0.5724 | Val NDCG: 0.7713 | smoothed: 0.7685
Epoch 3 | Loss: 0.5684 | Val NDCG: 0.7749 | smoothed: 0.7706
Epoch 4 | Loss: 0.5669 | Val NDCG: 0.7858 | smoothed: 0.7773
Epoch 5 | Loss: 0.5655 | Val NDCG: 0.7710 | smoothed: 0.7772
Epoch 6 | Loss: 0.5640 | Val NDCG: 0.7858 | smoothed: 0.7808
Epoch 7 | Loss: 0.5648 | Val NDCG: 0.7743 | smoothed: 0.7770
Epoch 8 | Loss: 0.5630 | Val NDCG: 0.7803 | smoothed: 0.7801
Epoch 9 | Loss: 0.5626 | Val NDCG: 0.7784 | smoothed: 0.7777
Epoch 10 | Loss: 0.5624 | Val NDCG: 0.7833 | smoothed: 0.7807
Epoch 11 | Loss: 0.5623 | Val NDCG: 0.7840 | smoothed: 0.7819
Epoch 12 | Loss: 0.5605 | Val NDCG: 0.7805 | smoothed: 0.7826
Epoch 13 | Loss: 0.5603 | Val NDCG: 0.7849 | smoothed: 0.7831
Epoch 14 | Loss: 0.5599 | Val NDCG: 0.7854 | smoothed: 0.7836
Epoch 15 | Loss: 0.5613 | Val NDCG: 0.7778 | smoothed: 0.7827
Epoch 16 | Loss: 0.5603 | Val NDCG: 0.7794 | smoothed: 0.7809
Epoch 17 | Loss: 0.5592 | Val NDCG: 0.7795 | smoothed: 0.7789
Epoch 18 | Loss: 0.5596 | Val NDCG: 0.7815 | smoothed: 0.7801
Epoch 19 | Loss: 0.5590 | Val NDCG: 0.7825 | smoothed: 0.7812

Best smoothed NDCG: 0.7836 at epoch 14 of 19 run

1 combinations completed out of 1


--- Grid Search Results ---
 hidden_units  dropout_rate  num_layers     lr  val_ndcg  val_ndcg_raw  best_epoch  epochs_run  max_epochs  seed
          128           0.3           2 0.0001  0.783608      0.785418          14          19          40     0

Best config: {'hidden_units': 128.0, 'dropout_rate': 0.3, 'num_layers': 2.0, 'lr': 0.0001, 'val_ndcg': 0.7836079318774859, 'val_ndcg_raw': 0.7854184953340781, 'best_epoch': 14.0, 'epochs_run': 19.0, 'max_epochs': 40.0, 'seed': 0.0}
0 of 1 configs reached max_epochs
0 of 1 were still improving when stopped
Best params saved to ../Models/lstm_bce_best_params.json
