task 29 | loss pwts | node slurmnode-gpu02
NVIDIA GeForce GTX 1080 Ti, 11264 MiB
NVIDIA GeForce GTX 1080 Ti, 11264 MiB
NVIDIA GeForce GTX 1080 Ti, 11264 MiB
NVIDIA GeForce GTX 1080 Ti, 11264 MiB
NVIDIA GeForce GTX 1080 Ti, 11264 MiB
NVIDIA GeForce GTX 1080 Ti, 11264 MiB
NVIDIA GeForce GTX 1080 Ti, 11264 MiB
NVIDIA GeForce GTX 1080 Ti, 11264 MiB
Using device: cuda
Loading datasets...
Train sessions: 75875 | Val sessions: 16262

Running grid search over 54 combinations...

SLURM array task 29: 1 config -> ../Models/LSTM_grid_pwts_task29.csv
Trying: {'hidden_units': 128, 'dropout_rate': 0.3, 'num_layers': 3, 'lr': 0.0001}
Epoch 1 | Loss: 0.6235 | Val NDCG: 0.7490 | smoothed: 0.7490
Epoch 2 | Loss: 0.6003 | Val NDCG: 0.7722 | smoothed: 0.7606
Epoch 3 | Loss: 0.5965 | Val NDCG: 0.7751 | smoothed: 0.7655
Epoch 4 | Loss: 0.5934 | Val NDCG: 0.7820 | smoothed: 0.7765
Epoch 5 | Loss: 0.5938 | Val NDCG: 0.7708 | smoothed: 0.7760
Epoch 6 | Loss: 0.5929 | Val NDCG: 0.7793 | smoothed: 0.7774
Epoch 7 | Loss: 0.5907 | Val NDCG: 0.7695 | smoothed: 0.7732
Epoch 8 | Loss: 0.5906 | Val NDCG: 0.7752 | smoothed: 0.7747
Epoch 9 | Loss: 0.5908 | Val NDCG: 0.7727 | smoothed: 0.7725
Epoch 10 | Loss: 0.5891 | Val NDCG: 0.7782 | smoothed: 0.7754
Epoch 11 | Loss: 0.5883 | Val NDCG: 0.7816 | smoothed: 0.7775
Epoch 12 | Loss: 0.5873 | Val NDCG: 0.7773 | smoothed: 0.7790
Epoch 13 | Loss: 0.5871 | Val NDCG: 0.7827 | smoothed: 0.7805
Epoch 14 | Loss: 0.5874 | Val NDCG: 0.7814 | smoothed: 0.7805
Epoch 15 | Loss: 0.5862 | Val NDCG: 0.7748 | smoothed: 0.7796
Epoch 16 | Loss: 0.5863 | Val NDCG: 0.7765 | smoothed: 0.7776
Epoch 17 | Loss: 0.5857 | Val NDCG: 0.7805 | smoothed: 0.7773
Epoch 18 | Loss: 0.5854 | Val NDCG: 0.7797 | smoothed: 0.7789

Best smoothed NDCG: 0.7805 at epoch 13 of 18 run

1 combinations completed out of 1


--- Grid Search Results ---
 hidden_units  dropout_rate  num_layers     lr  val_ndcg  val_ndcg_raw  best_epoch  epochs_run  max_epochs  seed
          128           0.3           3 0.0001  0.780506      0.782696          13          18          40     0

Best config: {'hidden_units': 128.0, 'dropout_rate': 0.3, 'num_layers': 3.0, 'lr': 0.0001, 'val_ndcg': 0.7805056714492883, 'val_ndcg_raw': 0.7826955065301573, 'best_epoch': 13.0, 'epochs_run': 18.0, 'max_epochs': 40.0, 'seed': 0.0}
0 of 1 configs reached max_epochs
0 of 1 were still improving when stopped
Best params saved to ../Models/lstm_pwts_best_params.json
