task 115 | loss drrl | node slurmnode-gpu03
Tesla P100-PCIE-16GB, 16384 MiB
Tesla P100-PCIE-16GB, 16384 MiB
Tesla P100-PCIE-16GB, 16384 MiB
Tesla P100-PCIE-16GB, 16384 MiB
Using device: cuda
Loading datasets...
Train sessions: 75875 | Val sessions: 16262

Running grid search over 162 combinations...

SLURM array task 115: 1 config -> ../Models/LSTM_grid_drrl_task115.csv
Trying: {'hidden_units': 256, 'dropout_rate': 0.1, 'num_layers': 2, 'lr': 0.001, 'gamma': 3}
Epoch 1 | Loss: -0.2235 | Val NDCG: 0.7610 | smoothed: 0.7610
Epoch 2 | Loss: -0.2290 | Val NDCG: 0.7193 | smoothed: 0.7402
Epoch 3 | Loss: -0.2296 | Val NDCG: 0.7698 | smoothed: 0.7501
Epoch 4 | Loss: -0.2302 | Val NDCG: 0.7717 | smoothed: 0.7536
Epoch 5 | Loss: -0.2304 | Val NDCG: 0.7662 | smoothed: 0.7693
Epoch 6 | Loss: -0.2305 | Val NDCG: 0.7520 | smoothed: 0.7633
Epoch 7 | Loss: -0.2306 | Val NDCG: 0.7819 | smoothed: 0.7667
Epoch 8 | Loss: -0.2310 | Val NDCG: 0.7888 | smoothed: 0.7742
Epoch 9 | Loss: -0.2310 | Val NDCG: 0.7744 | smoothed: 0.7817
Epoch 10 | Loss: -0.2311 | Val NDCG: 0.7782 | smoothed: 0.7805
Epoch 11 | Loss: -0.2312 | Val NDCG: 0.7790 | smoothed: 0.7772
Epoch 12 | Loss: -0.2313 | Val NDCG: 0.7882 | smoothed: 0.7818
Epoch 13 | Loss: -0.2313 | Val NDCG: 0.7899 | smoothed: 0.7857
Epoch 14 | Loss: -0.2315 | Val NDCG: 0.7717 | smoothed: 0.7833
Epoch 15 | Loss: -0.2315 | Val NDCG: 0.7534 | smoothed: 0.7717
Epoch 16 | Loss: -0.2316 | Val NDCG: 0.7755 | smoothed: 0.7669
Epoch 17 | Loss: -0.2316 | Val NDCG: 0.7825 | smoothed: 0.7705
Epoch 18 | Loss: -0.2317 | Val NDCG: 0.7758 | smoothed: 0.7779

Best smoothed NDCG: 0.7857 at epoch 13 of 18 run

1 combinations completed out of 1


--- Grid Search Results ---
 hidden_units  dropout_rate  num_layers    lr  gamma  val_ndcg  val_ndcg_raw  best_epoch  epochs_run  max_epochs  seed
          256           0.1           2 0.001      3  0.785719      0.789935          13          18          20     0

Best config: {'hidden_units': 256.0, 'dropout_rate': 0.1, 'num_layers': 2.0, 'lr': 0.001, 'gamma': 3.0, 'val_ndcg': 0.785718713068882, 'val_ndcg_raw': 0.7899346023619844, 'best_epoch': 13.0, 'epochs_run': 18.0, 'max_epochs': 20.0, 'seed': 0.0}
0 of 1 configs reached max_epochs
0 of 1 were still improving when stopped
Best params saved to ../Models/lstm_drrl_best_params.json
