task 1 | loss bce | node slurmnode-gpu03
Tesla P100-PCIE-16GB, 16384 MiB
Tesla P100-PCIE-16GB, 16384 MiB
Tesla P100-PCIE-16GB, 16384 MiB
Tesla P100-PCIE-16GB, 16384 MiB
Using device: cuda
Loading datasets...
Train sessions: 75875 | Val sessions: 16262

Running grid search over 54 combinations...

SLURM array task 1: 1 config -> ../Models/LSTM_grid_bce_task1.csv
Trying: {'hidden_units': 64, 'dropout_rate': 0.1, 'num_layers': 1, 'lr': 0.0001}
Epoch 1 | Loss: 0.5981 | Val NDCG: 0.7682 | smoothed: 0.7682
Epoch 2 | Loss: 0.5780 | Val NDCG: 0.7775 | smoothed: 0.7728
Epoch 3 | Loss: 0.5707 | Val NDCG: 0.7712 | smoothed: 0.7723
Epoch 4 | Loss: 0.5673 | Val NDCG: 0.7799 | smoothed: 0.7762
Epoch 5 | Loss: 0.5657 | Val NDCG: 0.7748 | smoothed: 0.7753
Epoch 6 | Loss: 0.5649 | Val NDCG: 0.7808 | smoothed: 0.7785
Epoch 7 | Loss: 0.5640 | Val NDCG: 0.7727 | smoothed: 0.7761
Epoch 8 | Loss: 0.5641 | Val NDCG: 0.7736 | smoothed: 0.7757
Epoch 9 | Loss: 0.5627 | Val NDCG: 0.7771 | smoothed: 0.7745
Epoch 10 | Loss: 0.5623 | Val NDCG: 0.7832 | smoothed: 0.7780
Epoch 11 | Loss: 0.5617 | Val NDCG: 0.7804 | smoothed: 0.7802
Epoch 12 | Loss: 0.5633 | Val NDCG: 0.7813 | smoothed: 0.7816
Epoch 13 | Loss: 0.5612 | Val NDCG: 0.7818 | smoothed: 0.7812
Epoch 14 | Loss: 0.5620 | Val NDCG: 0.7816 | smoothed: 0.7815
Epoch 15 | Loss: 0.5616 | Val NDCG: 0.7821 | smoothed: 0.7818
Epoch 16 | Loss: 0.5603 | Val NDCG: 0.7792 | smoothed: 0.7809
Epoch 17 | Loss: 0.5604 | Val NDCG: 0.7791 | smoothed: 0.7801
Epoch 18 | Loss: 0.5601 | Val NDCG: 0.7840 | smoothed: 0.7808
Epoch 19 | Loss: 0.5610 | Val NDCG: 0.7807 | smoothed: 0.7813
Epoch 20 | Loss: 0.5609 | Val NDCG: 0.7808 | smoothed: 0.7818
Epoch 21 | Loss: 0.5597 | Val NDCG: 0.7838 | smoothed: 0.7818
Epoch 22 | Loss: 0.5601 | Val NDCG: 0.7807 | smoothed: 0.7818
Epoch 23 | Loss: 0.5603 | Val NDCG: 0.7796 | smoothed: 0.7814
Epoch 24 | Loss: 0.5597 | Val NDCG: 0.7818 | smoothed: 0.7807
Epoch 25 | Loss: 0.5589 | Val NDCG: 0.7813 | smoothed: 0.7809

Best smoothed NDCG: 0.7818 at epoch 20 of 25 run

1 combinations completed out of 1


--- Grid Search Results ---
 hidden_units  dropout_rate  num_layers     lr  val_ndcg  val_ndcg_raw  best_epoch  epochs_run  max_epochs  seed
           64           0.1           1 0.0001  0.781842      0.780835          20          25          40     0

Best config: {'hidden_units': 64.0, 'dropout_rate': 0.1, 'num_layers': 1.0, 'lr': 0.0001, 'val_ndcg': 0.7818419330762404, 'val_ndcg_raw': 0.7808347914881293, 'best_epoch': 20.0, 'epochs_run': 25.0, 'max_epochs': 40.0, 'seed': 0.0}
0 of 1 configs reached max_epochs
0 of 1 were still improving when stopped
Best params saved to ../Models/lstm_bce_best_params.json
