task 3 | loss pwts | node slurmnode-gpu02
NVIDIA GeForce GTX 1080 Ti, 11264 MiB
NVIDIA GeForce GTX 1080 Ti, 11264 MiB
NVIDIA GeForce GTX 1080 Ti, 11264 MiB
NVIDIA GeForce GTX 1080 Ti, 11264 MiB
NVIDIA GeForce GTX 1080 Ti, 11264 MiB
NVIDIA GeForce GTX 1080 Ti, 11264 MiB
NVIDIA GeForce GTX 1080 Ti, 11264 MiB
NVIDIA GeForce GTX 1080 Ti, 11264 MiB
Using device: cuda
Loading datasets...
Train sessions: 75875 | Val sessions: 16262

Running grid search over 54 combinations...

SLURM array task 3: 1 config -> ../Models/LSTM_grid_pwts_task3.csv
Trying: {'hidden_units': 64, 'dropout_rate': 0.1, 'num_layers': 2, 'lr': 0.0001}
Epoch 1 | Loss: 0.6303 | Val NDCG: 0.7641 | smoothed: 0.7641
Epoch 2 | Loss: 0.6031 | Val NDCG: 0.7785 | smoothed: 0.7713
Epoch 3 | Loss: 0.5962 | Val NDCG: 0.7729 | smoothed: 0.7718
Epoch 4 | Loss: 0.5942 | Val NDCG: 0.7883 | smoothed: 0.7799
Epoch 5 | Loss: 0.5924 | Val NDCG: 0.7746 | smoothed: 0.7786
Epoch 6 | Loss: 0.5918 | Val NDCG: 0.7785 | smoothed: 0.7805
Epoch 7 | Loss: 0.5912 | Val NDCG: 0.7748 | smoothed: 0.7760
Epoch 8 | Loss: 0.5900 | Val NDCG: 0.7753 | smoothed: 0.7762
Epoch 9 | Loss: 0.5904 | Val NDCG: 0.7710 | smoothed: 0.7737
Epoch 10 | Loss: 0.5899 | Val NDCG: 0.7826 | smoothed: 0.7763
Epoch 11 | Loss: 0.5899 | Val NDCG: 0.7773 | smoothed: 0.7770

Best smoothed NDCG: 0.7805 at epoch 6 of 11 run

1 combinations completed out of 1


--- Grid Search Results ---
 hidden_units  dropout_rate  num_layers     lr  val_ndcg  val_ndcg_raw  best_epoch  epochs_run  max_epochs  seed
           64           0.1           2 0.0001   0.78048      0.778513           6          11          40     0

Best config: {'hidden_units': 64.0, 'dropout_rate': 0.1, 'num_layers': 2.0, 'lr': 0.0001, 'val_ndcg': 0.7804799239727394, 'val_ndcg_raw': 0.7785130706165676, 'best_epoch': 6.0, 'epochs_run': 11.0, 'max_epochs': 40.0, 'seed': 0.0}
0 of 1 configs reached max_epochs
0 of 1 were still improving when stopped
Best params saved to ../Models/lstm_pwts_best_params.json
