task 81 | loss drrl | node slurmnode-gpu03
Tesla P100-PCIE-16GB, 16384 MiB
Tesla P100-PCIE-16GB, 16384 MiB
Tesla P100-PCIE-16GB, 16384 MiB
Tesla P100-PCIE-16GB, 16384 MiB
Using device: cuda
Loading datasets...
Train sessions: 75875 | Val sessions: 16262

Running grid search over 162 combinations...

SLURM array task 81: 1 config -> ../Models/LSTM_grid_drrl_task81.csv
Trying: {'hidden_units': 128, 'dropout_rate': 0.3, 'num_layers': 2, 'lr': 0.0001, 'gamma': 2}
Epoch 1 | Loss: -0.2132 | Val NDCG: 0.6903 | smoothed: 0.6903
Epoch 2 | Loss: -0.2297 | Val NDCG: 0.7169 | smoothed: 0.7036
Epoch 3 | Loss: -0.2303 | Val NDCG: 0.7246 | smoothed: 0.7106
Epoch 4 | Loss: -0.2308 | Val NDCG: 0.6423 | smoothed: 0.6946
Epoch 5 | Loss: -0.2309 | Val NDCG: 0.7041 | smoothed: 0.6903
Epoch 6 | Loss: -0.2311 | Val NDCG: 0.7200 | smoothed: 0.6888
Epoch 7 | Loss: -0.2313 | Val NDCG: 0.7231 | smoothed: 0.7157
Epoch 8 | Loss: -0.2313 | Val NDCG: 0.7011 | smoothed: 0.7147
Epoch 9 | Loss: -0.2311 | Val NDCG: 0.7766 | smoothed: 0.7336
Epoch 10 | Loss: -0.2315 | Val NDCG: 0.6861 | smoothed: 0.7213
Epoch 11 | Loss: -0.2314 | Val NDCG: 0.7497 | smoothed: 0.7375
Epoch 12 | Loss: -0.2314 | Val NDCG: 0.6926 | smoothed: 0.7095
Epoch 13 | Loss: -0.2315 | Val NDCG: 0.7747 | smoothed: 0.7390
Epoch 14 | Loss: -0.2315 | Val NDCG: 0.7438 | smoothed: 0.7371
Epoch 15 | Loss: -0.2315 | Val NDCG: 0.7059 | smoothed: 0.7415
Epoch 16 | Loss: -0.2316 | Val NDCG: 0.7095 | smoothed: 0.7198
Epoch 17 | Loss: -0.2316 | Val NDCG: 0.6908 | smoothed: 0.7021
Epoch 18 | Loss: -0.2316 | Val NDCG: 0.7280 | smoothed: 0.7094
Epoch 19 | Loss: -0.2317 | Val NDCG: 0.7649 | smoothed: 0.7279
Epoch 20 | Loss: -0.2317 | Val NDCG: 0.7435 | smoothed: 0.7455
Epoch 21 | Loss: -0.2317 | Val NDCG: 0.7150 | smoothed: 0.7412
Epoch 22 | Loss: -0.2317 | Val NDCG: 0.7776 | smoothed: 0.7454
Epoch 23 | Loss: -0.2318 | Val NDCG: 0.7276 | smoothed: 0.7401
Epoch 24 | Loss: -0.2318 | Val NDCG: 0.7000 | smoothed: 0.7351
Epoch 25 | Loss: -0.2318 | Val NDCG: 0.7156 | smoothed: 0.7144

Best smoothed NDCG: 0.7455 at epoch 20 of 25 run

1 combinations completed out of 1


--- Grid Search Results ---
 hidden_units  dropout_rate  num_layers     lr  gamma  val_ndcg  val_ndcg_raw  best_epoch  epochs_run  max_epochs  seed
          128           0.3           2 0.0001      2  0.745492       0.74354          20          25          40     0

Best config: {'hidden_units': 128.0, 'dropout_rate': 0.3, 'num_layers': 2.0, 'lr': 0.0001, 'gamma': 2.0, 'val_ndcg': 0.7454917969323992, 'val_ndcg_raw': 0.7435399144367711, 'best_epoch': 20.0, 'epochs_run': 25.0, 'max_epochs': 40.0, 'seed': 0.0}
0 of 1 configs reached max_epochs
0 of 1 were still improving when stopped
Best params saved to ../Models/lstm_drrl_best_params.json
