task 5 | loss pwts | node slurmnode-gpu02
NVIDIA GeForce GTX 1080 Ti, 11264 MiB
NVIDIA GeForce GTX 1080 Ti, 11264 MiB
NVIDIA GeForce GTX 1080 Ti, 11264 MiB
NVIDIA GeForce GTX 1080 Ti, 11264 MiB
NVIDIA GeForce GTX 1080 Ti, 11264 MiB
NVIDIA GeForce GTX 1080 Ti, 11264 MiB
NVIDIA GeForce GTX 1080 Ti, 11264 MiB
NVIDIA GeForce GTX 1080 Ti, 11264 MiB
Using device: cuda
Loading datasets...
Train sessions: 75875 | Val sessions: 16262

Running grid search over 54 combinations...

SLURM array task 5: 1 config -> ../Models/LSTM_grid_pwts_task5.csv
Trying: {'hidden_units': 64, 'dropout_rate': 0.1, 'num_layers': 3, 'lr': 0.0001}
Epoch 1 | Loss: 0.6342 | Val NDCG: 0.7432 | smoothed: 0.7432
Epoch 2 | Loss: 0.6062 | Val NDCG: 0.7706 | smoothed: 0.7569
Epoch 3 | Loss: 0.5967 | Val NDCG: 0.7700 | smoothed: 0.7612
Epoch 4 | Loss: 0.5943 | Val NDCG: 0.7795 | smoothed: 0.7734
Epoch 5 | Loss: 0.5924 | Val NDCG: 0.7756 | smoothed: 0.7750
Epoch 6 | Loss: 0.5912 | Val NDCG: 0.7743 | smoothed: 0.7764
Epoch 7 | Loss: 0.5925 | Val NDCG: 0.7741 | smoothed: 0.7747
Epoch 8 | Loss: 0.5909 | Val NDCG: 0.7773 | smoothed: 0.7752
Epoch 9 | Loss: 0.5906 | Val NDCG: 0.7738 | smoothed: 0.7751
Epoch 10 | Loss: 0.5889 | Val NDCG: 0.7756 | smoothed: 0.7756
Epoch 11 | Loss: 0.5885 | Val NDCG: 0.7759 | smoothed: 0.7751

Best smoothed NDCG: 0.7764 at epoch 6 of 11 run

1 combinations completed out of 1


--- Grid Search Results ---
 hidden_units  dropout_rate  num_layers     lr  val_ndcg  val_ndcg_raw  best_epoch  epochs_run  max_epochs  seed
           64           0.1           3 0.0001  0.776448      0.774283           6          11          40     0

Best config: {'hidden_units': 64.0, 'dropout_rate': 0.1, 'num_layers': 3.0, 'lr': 0.0001, 'val_ndcg': 0.7764477209621, 'val_ndcg_raw': 0.7742827272480226, 'best_epoch': 6.0, 'epochs_run': 11.0, 'max_epochs': 40.0, 'seed': 0.0}
0 of 1 configs reached max_epochs
0 of 1 were still improving when stopped
Best params saved to ../Models/lstm_pwts_best_params.json
