task 15 | loss drrl | node slurmnode-gpu03
Tesla P100-PCIE-16GB, 16384 MiB
Tesla P100-PCIE-16GB, 16384 MiB
Tesla P100-PCIE-16GB, 16384 MiB
Tesla P100-PCIE-16GB, 16384 MiB
Using device: cuda
Loading datasets...
Train sessions: 75875 | Val sessions: 16262

Running grid search over 162 combinations...

SLURM array task 15: 1 config -> ../Models/LSTM_grid_drrl_task15.csv
Trying: {'hidden_units': 64, 'dropout_rate': 0.1, 'num_layers': 3, 'lr': 0.0001, 'gamma': 2}
Epoch 1 | Loss: -0.2070 | Val NDCG: 0.7158 | smoothed: 0.7158
Epoch 2 | Loss: -0.2279 | Val NDCG: 0.7549 | smoothed: 0.7353
Epoch 3 | Loss: -0.2303 | Val NDCG: 0.7367 | smoothed: 0.7358
Epoch 4 | Loss: -0.2312 | Val NDCG: 0.6827 | smoothed: 0.7247
Epoch 5 | Loss: -0.2313 | Val NDCG: 0.7346 | smoothed: 0.7180
Epoch 6 | Loss: -0.2315 | Val NDCG: 0.7381 | smoothed: 0.7184
Epoch 7 | Loss: -0.2315 | Val NDCG: 0.7278 | smoothed: 0.7335
Epoch 8 | Loss: -0.2315 | Val NDCG: 0.6932 | smoothed: 0.7197

Best smoothed NDCG: 0.7358 at epoch 3 of 8 run

1 combinations completed out of 1


--- Grid Search Results ---
 hidden_units  dropout_rate  num_layers     lr  gamma  val_ndcg  val_ndcg_raw  best_epoch  epochs_run  max_epochs  seed
           64           0.1           3 0.0001      2  0.735756      0.736661           3           8          40     0

Best config: {'hidden_units': 64.0, 'dropout_rate': 0.1, 'num_layers': 3.0, 'lr': 0.0001, 'gamma': 2.0, 'val_ndcg': 0.7357561883846263, 'val_ndcg_raw': 0.7366608278035492, 'best_epoch': 3.0, 'epochs_run': 8.0, 'max_epochs': 40.0, 'seed': 0.0}
0 of 1 configs reached max_epochs
0 of 1 were still improving when stopped
Best params saved to ../Models/lstm_drrl_best_params.json
