task 41 | loss pwts | node slurmnode-gpu02
NVIDIA GeForce GTX 1080 Ti, 11264 MiB
NVIDIA GeForce GTX 1080 Ti, 11264 MiB
NVIDIA GeForce GTX 1080 Ti, 11264 MiB
NVIDIA GeForce GTX 1080 Ti, 11264 MiB
NVIDIA GeForce GTX 1080 Ti, 11264 MiB
NVIDIA GeForce GTX 1080 Ti, 11264 MiB
NVIDIA GeForce GTX 1080 Ti, 11264 MiB
NVIDIA GeForce GTX 1080 Ti, 11264 MiB
Using device: cuda
Loading datasets...
Train sessions: 75875 | Val sessions: 16262

Running grid search over 54 combinations...

SLURM array task 41: 1 config -> ../Models/LSTM_grid_pwts_task41.csv
Trying: {'hidden_units': 256, 'dropout_rate': 0.1, 'num_layers': 3, 'lr': 0.0001}
Epoch 1 | Loss: 0.6100 | Val NDCG: 0.7797 | smoothed: 0.7797
Epoch 2 | Loss: 0.5912 | Val NDCG: 0.7756 | smoothed: 0.7776
Epoch 3 | Loss: 0.5917 | Val NDCG: 0.7812 | smoothed: 0.7788
Epoch 4 | Loss: 0.5872 | Val NDCG: 0.7858 | smoothed: 0.7809
Epoch 5 | Loss: 0.5865 | Val NDCG: 0.7744 | smoothed: 0.7805
Epoch 6 | Loss: 0.5877 | Val NDCG: 0.7783 | smoothed: 0.7795
Epoch 7 | Loss: 0.5862 | Val NDCG: 0.7764 | smoothed: 0.7764
Epoch 8 | Loss: 0.5855 | Val NDCG: 0.7833 | smoothed: 0.7794
Epoch 9 | Loss: 0.5839 | Val NDCG: 0.7740 | smoothed: 0.7779

Best smoothed NDCG: 0.7809 at epoch 4 of 9 run

1 combinations completed out of 1


--- Grid Search Results ---
 hidden_units  dropout_rate  num_layers     lr  val_ndcg  val_ndcg_raw  best_epoch  epochs_run  max_epochs  seed
          256           0.1           3 0.0001  0.780857      0.785815           4           9          40     0

Best config: {'hidden_units': 256.0, 'dropout_rate': 0.1, 'num_layers': 3.0, 'lr': 0.0001, 'val_ndcg': 0.7808572319943629, 'val_ndcg_raw': 0.7858147892613537, 'best_epoch': 4.0, 'epochs_run': 9.0, 'max_epochs': 40.0, 'seed': 0.0}
0 of 1 configs reached max_epochs
0 of 1 were still improving when stopped
Best params saved to ../Models/lstm_pwts_best_params.json
