task 30 | loss pwts | node slurmnode-gpu03
Tesla P100-PCIE-16GB, 16384 MiB
Tesla P100-PCIE-16GB, 16384 MiB
Tesla P100-PCIE-16GB, 16384 MiB
Tesla P100-PCIE-16GB, 16384 MiB
Using device: cuda
Loading datasets...
Train sessions: 75875 | Val sessions: 16262

Running grid search over 54 combinations...

SLURM array task 30: 1 config -> ../Models/LSTM_grid_pwts_task30.csv
Trying: {'hidden_units': 128, 'dropout_rate': 0.5, 'num_layers': 1, 'lr': 0.001}
Epoch 1 | Loss: 0.6030 | Val NDCG: 0.7835 | smoothed: 0.7835
Epoch 2 | Loss: 0.5913 | Val NDCG: 0.7880 | smoothed: 0.7858
Epoch 3 | Loss: 0.5879 | Val NDCG: 0.7772 | smoothed: 0.7829
Epoch 4 | Loss: 0.5859 | Val NDCG: 0.7863 | smoothed: 0.7838
Epoch 5 | Loss: 0.5848 | Val NDCG: 0.7775 | smoothed: 0.7803
Epoch 6 | Loss: 0.5829 | Val NDCG: 0.7831 | smoothed: 0.7823
Epoch 7 | Loss: 0.5813 | Val NDCG: 0.7826 | smoothed: 0.7810

Best smoothed NDCG: 0.7858 at epoch 2 of 7 run

1 combinations completed out of 1


--- Grid Search Results ---
 hidden_units  dropout_rate  num_layers    lr  val_ndcg  val_ndcg_raw  best_epoch  epochs_run  max_epochs  seed
          128           0.5           1 0.001  0.785767      0.788009           2           7          20     0

Best config: {'hidden_units': 128.0, 'dropout_rate': 0.5, 'num_layers': 1.0, 'lr': 0.001, 'val_ndcg': 0.7857669574115069, 'val_ndcg_raw': 0.7880094170749014, 'best_epoch': 2.0, 'epochs_run': 7.0, 'max_epochs': 20.0, 'seed': 0.0}
0 of 1 configs reached max_epochs
0 of 1 were still improving when stopped
Best params saved to ../Models/lstm_pwts_best_params.json
