task 87 | loss drrl | node slurmnode-gpu07
NVIDIA A40, 46068 MiB
NVIDIA A40, 46068 MiB
NVIDIA A40, 46068 MiB
NVIDIA A40, 46068 MiB
Using device: cuda
Loading datasets...
Train sessions: 75875 | Val sessions: 16262

Running grid search over 162 combinations...

SLURM array task 87: 1 config -> ../Models/LSTM_grid_drrl_task87.csv
Trying: {'hidden_units': 128, 'dropout_rate': 0.3, 'num_layers': 3, 'lr': 0.0001, 'gamma': 2}
Epoch 1 | Loss: -0.2129 | Val NDCG: 0.6532 | smoothed: 0.6532
Epoch 2 | Loss: -0.2296 | Val NDCG: 0.6782 | smoothed: 0.6657
Epoch 3 | Loss: -0.2307 | Val NDCG: 0.6727 | smoothed: 0.6680
Epoch 4 | Loss: -0.2311 | Val NDCG: 0.7047 | smoothed: 0.6852
Epoch 5 | Loss: -0.2311 | Val NDCG: 0.7605 | smoothed: 0.7126
Epoch 6 | Loss: -0.2311 | Val NDCG: 0.7627 | smoothed: 0.7426
Epoch 7 | Loss: -0.2314 | Val NDCG: 0.7251 | smoothed: 0.7495
Epoch 8 | Loss: -0.2313 | Val NDCG: 0.7713 | smoothed: 0.7531
Epoch 9 | Loss: -0.2315 | Val NDCG: 0.7403 | smoothed: 0.7456
Epoch 10 | Loss: -0.2316 | Val NDCG: 0.7621 | smoothed: 0.7579
Epoch 11 | Loss: -0.2316 | Val NDCG: 0.7866 | smoothed: 0.7630
Epoch 12 | Loss: -0.2316 | Val NDCG: 0.7277 | smoothed: 0.7588
Epoch 13 | Loss: -0.2317 | Val NDCG: 0.7540 | smoothed: 0.7561
Epoch 14 | Loss: -0.2317 | Val NDCG: 0.7766 | smoothed: 0.7527
Epoch 15 | Loss: -0.2318 | Val NDCG: 0.7505 | smoothed: 0.7604
Epoch 16 | Loss: -0.2318 | Val NDCG: 0.7594 | smoothed: 0.7622

Best smoothed NDCG: 0.7630 at epoch 11 of 16 run

1 combinations completed out of 1


--- Grid Search Results ---
 hidden_units  dropout_rate  num_layers     lr  gamma  val_ndcg  val_ndcg_raw  best_epoch  epochs_run  max_epochs  seed
          128           0.3           3 0.0001      2  0.762998      0.786582          11          16          40     0

Best config: {'hidden_units': 128.0, 'dropout_rate': 0.3, 'num_layers': 3.0, 'lr': 0.0001, 'gamma': 2.0, 'val_ndcg': 0.7629975409800022, 'val_ndcg_raw': 0.7865824115675746, 'best_epoch': 11.0, 'epochs_run': 16.0, 'max_epochs': 40.0, 'seed': 0.0}
0 of 1 configs reached max_epochs
0 of 1 were still improving when stopped
Best params saved to ../Models/lstm_drrl_best_params.json
