task 48 | loss pwts | node slurmnode-gpu02
NVIDIA GeForce GTX 1080 Ti, 11264 MiB
NVIDIA GeForce GTX 1080 Ti, 11264 MiB
NVIDIA GeForce GTX 1080 Ti, 11264 MiB
NVIDIA GeForce GTX 1080 Ti, 11264 MiB
NVIDIA GeForce GTX 1080 Ti, 11264 MiB
NVIDIA GeForce GTX 1080 Ti, 11264 MiB
NVIDIA GeForce GTX 1080 Ti, 11264 MiB
NVIDIA GeForce GTX 1080 Ti, 11264 MiB
Using device: cuda
Loading datasets...
Train sessions: 75875 | Val sessions: 16262

Running grid search over 54 combinations...

SLURM array task 48: 1 config -> ../Models/LSTM_grid_pwts_task48.csv
Trying: {'hidden_units': 256, 'dropout_rate': 0.5, 'num_layers': 1, 'lr': 0.001}
Epoch 1 | Loss: 0.6023 | Val NDCG: 0.7755 | smoothed: 0.7755
Epoch 2 | Loss: 0.5910 | Val NDCG: 0.7798 | smoothed: 0.7777
Epoch 3 | Loss: 0.5875 | Val NDCG: 0.7821 | smoothed: 0.7792
Epoch 4 | Loss: 0.5845 | Val NDCG: 0.7864 | smoothed: 0.7828
Epoch 5 | Loss: 0.5837 | Val NDCG: 0.7867 | smoothed: 0.7851
Epoch 6 | Loss: 0.5818 | Val NDCG: 0.7873 | smoothed: 0.7868
Epoch 7 | Loss: 0.5793 | Val NDCG: 0.7847 | smoothed: 0.7862
Epoch 8 | Loss: 0.5793 | Val NDCG: 0.7856 | smoothed: 0.7858
Epoch 9 | Loss: 0.5768 | Val NDCG: 0.7913 | smoothed: 0.7872
Epoch 10 | Loss: 0.5763 | Val NDCG: 0.7917 | smoothed: 0.7895
Epoch 11 | Loss: 0.5739 | Val NDCG: 0.7917 | smoothed: 0.7916
Epoch 12 | Loss: 0.5742 | Val NDCG: 0.7919 | smoothed: 0.7918
Epoch 13 | Loss: 0.5741 | Val NDCG: 0.7909 | smoothed: 0.7915
Epoch 14 | Loss: 0.5727 | Val NDCG: 0.7908 | smoothed: 0.7912
Epoch 15 | Loss: 0.5717 | Val NDCG: 0.7880 | smoothed: 0.7899
Epoch 16 | Loss: 0.5718 | Val NDCG: 0.7943 | smoothed: 0.7910
Epoch 17 | Loss: 0.5715 | Val NDCG: 0.7929 | smoothed: 0.7917

Best smoothed NDCG: 0.7918 at epoch 12 of 17 run

1 combinations completed out of 1


--- Grid Search Results ---
 hidden_units  dropout_rate  num_layers    lr  val_ndcg  val_ndcg_raw  best_epoch  epochs_run  max_epochs  seed
          256           0.5           1 0.001   0.79176      0.791872          12          17          20     0

Best config: {'hidden_units': 256.0, 'dropout_rate': 0.5, 'num_layers': 1.0, 'lr': 0.001, 'val_ndcg': 0.7917597186457689, 'val_ndcg_raw': 0.7918723918527266, 'best_epoch': 12.0, 'epochs_run': 17.0, 'max_epochs': 20.0, 'seed': 0.0}
0 of 1 configs reached max_epochs
0 of 1 were still improving when stopped
Best params saved to ../Models/lstm_pwts_best_params.json
