task 137 | loss drrl | node slurmnode-gpu03
Tesla P100-PCIE-16GB, 16384 MiB
Tesla P100-PCIE-16GB, 16384 MiB
Tesla P100-PCIE-16GB, 16384 MiB
Tesla P100-PCIE-16GB, 16384 MiB
Using device: cuda
Loading datasets...
Train sessions: 75875 | Val sessions: 16262

Running grid search over 162 combinations...

SLURM array task 137: 1 config -> ../Models/LSTM_grid_drrl_task137.csv
Trying: {'hidden_units': 256, 'dropout_rate': 0.3, 'num_layers': 2, 'lr': 0.0001, 'gamma': 4}
Epoch 1 | Loss: -0.2212 | Val NDCG: 0.7230 | smoothed: 0.7230
Epoch 2 | Loss: -0.2301 | Val NDCG: 0.7604 | smoothed: 0.7417
Epoch 3 | Loss: -0.2307 | Val NDCG: 0.6979 | smoothed: 0.7271
Epoch 4 | Loss: -0.2310 | Val NDCG: 0.7914 | smoothed: 0.7499
Epoch 5 | Loss: -0.2311 | Val NDCG: 0.7378 | smoothed: 0.7424
Epoch 6 | Loss: -0.2313 | Val NDCG: 0.7781 | smoothed: 0.7691
Epoch 7 | Loss: -0.2314 | Val NDCG: 0.7708 | smoothed: 0.7622
Epoch 8 | Loss: -0.2313 | Val NDCG: 0.7893 | smoothed: 0.7794
Epoch 9 | Loss: -0.2316 | Val NDCG: 0.7601 | smoothed: 0.7734
Epoch 10 | Loss: -0.2316 | Val NDCG: 0.7152 | smoothed: 0.7549
Epoch 11 | Loss: -0.2316 | Val NDCG: 0.7743 | smoothed: 0.7499
Epoch 12 | Loss: -0.2316 | Val NDCG: 0.7900 | smoothed: 0.7599
Epoch 13 | Loss: -0.2317 | Val NDCG: 0.7378 | smoothed: 0.7674

Best smoothed NDCG: 0.7794 at epoch 8 of 13 run

1 combinations completed out of 1


--- Grid Search Results ---
 hidden_units  dropout_rate  num_layers     lr  gamma  val_ndcg  val_ndcg_raw  best_epoch  epochs_run  max_epochs  seed
          256           0.3           2 0.0001      4  0.779399      0.789347           8          13          40     0

Best config: {'hidden_units': 256.0, 'dropout_rate': 0.3, 'num_layers': 2.0, 'lr': 0.0001, 'gamma': 4.0, 'val_ndcg': 0.7793992427621627, 'val_ndcg_raw': 0.7893474338426165, 'best_epoch': 8.0, 'epochs_run': 13.0, 'max_epochs': 40.0, 'seed': 0.0}
0 of 1 configs reached max_epochs
0 of 1 were still improving when stopped
Best params saved to ../Models/lstm_drrl_best_params.json
