task 31 | loss pwts | node slurmnode-gpu03
Tesla P100-PCIE-16GB, 16384 MiB
Tesla P100-PCIE-16GB, 16384 MiB
Tesla P100-PCIE-16GB, 16384 MiB
Tesla P100-PCIE-16GB, 16384 MiB
Using device: cuda
Loading datasets...
Train sessions: 75875 | Val sessions: 16262

Running grid search over 54 combinations...

SLURM array task 31: 1 config -> ../Models/LSTM_grid_pwts_task31.csv
Trying: {'hidden_units': 128, 'dropout_rate': 0.5, 'num_layers': 1, 'lr': 0.0001}
Epoch 1 | Loss: 0.6200 | Val NDCG: 0.7830 | smoothed: 0.7830
Epoch 2 | Loss: 0.6014 | Val NDCG: 0.7782 | smoothed: 0.7806
Epoch 3 | Loss: 0.5968 | Val NDCG: 0.7706 | smoothed: 0.7773
Epoch 4 | Loss: 0.5945 | Val NDCG: 0.7834 | smoothed: 0.7774
Epoch 5 | Loss: 0.5937 | Val NDCG: 0.7723 | smoothed: 0.7754
Epoch 6 | Loss: 0.5926 | Val NDCG: 0.7765 | smoothed: 0.7774

Best smoothed NDCG: 0.7830 at epoch 1 of 6 run

1 combinations completed out of 1


--- Grid Search Results ---
 hidden_units  dropout_rate  num_layers     lr  val_ndcg  val_ndcg_raw  best_epoch  epochs_run  max_epochs  seed
          128           0.5           1 0.0001  0.782988      0.782988           1           6          40     0

Best config: {'hidden_units': 128.0, 'dropout_rate': 0.5, 'num_layers': 1.0, 'lr': 0.0001, 'val_ndcg': 0.7829879857344356, 'val_ndcg_raw': 0.7829879857344356, 'best_epoch': 1.0, 'epochs_run': 6.0, 'max_epochs': 40.0, 'seed': 0.0}
0 of 1 configs reached max_epochs
0 of 1 were still improving when stopped
Best params saved to ../Models/lstm_pwts_best_params.json
