task 27 | loss pwts | node slurmnode-gpu02
NVIDIA GeForce GTX 1080 Ti, 11264 MiB
NVIDIA GeForce GTX 1080 Ti, 11264 MiB
NVIDIA GeForce GTX 1080 Ti, 11264 MiB
NVIDIA GeForce GTX 1080 Ti, 11264 MiB
NVIDIA GeForce GTX 1080 Ti, 11264 MiB
NVIDIA GeForce GTX 1080 Ti, 11264 MiB
NVIDIA GeForce GTX 1080 Ti, 11264 MiB
NVIDIA GeForce GTX 1080 Ti, 11264 MiB
Using device: cuda
Loading datasets...
Train sessions: 75875 | Val sessions: 16262

Running grid search over 54 combinations...

SLURM array task 27: 1 config -> ../Models/LSTM_grid_pwts_task27.csv
Trying: {'hidden_units': 128, 'dropout_rate': 0.3, 'num_layers': 2, 'lr': 0.0001}
Epoch 1 | Loss: 0.6192 | Val NDCG: 0.7647 | smoothed: 0.7647
Epoch 2 | Loss: 0.5984 | Val NDCG: 0.7750 | smoothed: 0.7699
Epoch 3 | Loss: 0.5949 | Val NDCG: 0.7751 | smoothed: 0.7716
Epoch 4 | Loss: 0.5933 | Val NDCG: 0.7855 | smoothed: 0.7786
Epoch 5 | Loss: 0.5918 | Val NDCG: 0.7740 | smoothed: 0.7782
Epoch 6 | Loss: 0.5908 | Val NDCG: 0.7822 | smoothed: 0.7806
Epoch 7 | Loss: 0.5916 | Val NDCG: 0.7696 | smoothed: 0.7753
Epoch 8 | Loss: 0.5900 | Val NDCG: 0.7798 | smoothed: 0.7772
Epoch 9 | Loss: 0.5894 | Val NDCG: 0.7792 | smoothed: 0.7762
Epoch 10 | Loss: 0.5890 | Val NDCG: 0.7836 | smoothed: 0.7809
Epoch 11 | Loss: 0.5891 | Val NDCG: 0.7794 | smoothed: 0.7807
Epoch 12 | Loss: 0.5873 | Val NDCG: 0.7774 | smoothed: 0.7801
Epoch 13 | Loss: 0.5873 | Val NDCG: 0.7845 | smoothed: 0.7804
Epoch 14 | Loss: 0.5865 | Val NDCG: 0.7833 | smoothed: 0.7817
Epoch 15 | Loss: 0.5872 | Val NDCG: 0.7769 | smoothed: 0.7816
Epoch 16 | Loss: 0.5865 | Val NDCG: 0.7798 | smoothed: 0.7800
Epoch 17 | Loss: 0.5860 | Val NDCG: 0.7776 | smoothed: 0.7781
Epoch 18 | Loss: 0.5854 | Val NDCG: 0.7787 | smoothed: 0.7787
Epoch 19 | Loss: 0.5851 | Val NDCG: 0.7798 | smoothed: 0.7787

Best smoothed NDCG: 0.7817 at epoch 14 of 19 run

1 combinations completed out of 1


--- Grid Search Results ---
 hidden_units  dropout_rate  num_layers     lr  val_ndcg  val_ndcg_raw  best_epoch  epochs_run  max_epochs  seed
          128           0.3           2 0.0001   0.78174      0.783279          14          19          40     0

Best config: {'hidden_units': 128.0, 'dropout_rate': 0.3, 'num_layers': 2.0, 'lr': 0.0001, 'val_ndcg': 0.7817395326087234, 'val_ndcg_raw': 0.7832789905837985, 'best_epoch': 14.0, 'epochs_run': 19.0, 'max_epochs': 40.0, 'seed': 0.0}
0 of 1 configs reached max_epochs
0 of 1 were still improving when stopped
Best params saved to ../Models/lstm_pwts_best_params.json
