task 82 | loss drrl | node slurmnode-gpu05
Tesla P100-PCIE-16GB, 16384 MiB
Tesla P100-PCIE-16GB, 16384 MiB
Tesla P100-PCIE-16GB, 16384 MiB
Tesla P100-PCIE-16GB, 16384 MiB
Using device: cuda
Loading datasets...
Train sessions: 75875 | Val sessions: 16262

Running grid search over 162 combinations...

SLURM array task 82: 1 config -> ../Models/LSTM_grid_drrl_task82.csv
Trying: {'hidden_units': 128, 'dropout_rate': 0.3, 'num_layers': 2, 'lr': 0.0001, 'gamma': 3}
Epoch 1 | Loss: -0.2152 | Val NDCG: 0.7049 | smoothed: 0.7049
Epoch 2 | Loss: -0.2302 | Val NDCG: 0.7161 | smoothed: 0.7105
Epoch 3 | Loss: -0.2310 | Val NDCG: 0.7490 | smoothed: 0.7233
Epoch 4 | Loss: -0.2312 | Val NDCG: 0.7422 | smoothed: 0.7358
Epoch 5 | Loss: -0.2315 | Val NDCG: 0.7581 | smoothed: 0.7498
Epoch 6 | Loss: -0.2316 | Val NDCG: 0.7588 | smoothed: 0.7531
Epoch 7 | Loss: -0.2318 | Val NDCG: 0.6978 | smoothed: 0.7383
Epoch 8 | Loss: -0.2317 | Val NDCG: 0.7715 | smoothed: 0.7427
Epoch 9 | Loss: -0.2318 | Val NDCG: 0.7479 | smoothed: 0.7391
Epoch 10 | Loss: -0.2320 | Val NDCG: 0.7506 | smoothed: 0.7567
Epoch 11 | Loss: -0.2320 | Val NDCG: 0.7905 | smoothed: 0.7630
Epoch 12 | Loss: -0.2319 | Val NDCG: 0.7837 | smoothed: 0.7749
Epoch 13 | Loss: -0.2320 | Val NDCG: 0.7888 | smoothed: 0.7877
Epoch 14 | Loss: -0.2320 | Val NDCG: 0.7560 | smoothed: 0.7762
Epoch 15 | Loss: -0.2320 | Val NDCG: 0.7805 | smoothed: 0.7751
Epoch 16 | Loss: -0.2321 | Val NDCG: 0.7365 | smoothed: 0.7577
Epoch 17 | Loss: -0.2320 | Val NDCG: 0.7785 | smoothed: 0.7652
Epoch 18 | Loss: -0.2321 | Val NDCG: 0.7714 | smoothed: 0.7621

Best smoothed NDCG: 0.7877 at epoch 13 of 18 run

1 combinations completed out of 1


--- Grid Search Results ---
 hidden_units  dropout_rate  num_layers     lr  gamma  val_ndcg  val_ndcg_raw  best_epoch  epochs_run  max_epochs  seed
          128           0.3           2 0.0001      3  0.787658      0.788775          13          18          40     0

Best config: {'hidden_units': 128.0, 'dropout_rate': 0.3, 'num_layers': 2.0, 'lr': 0.0001, 'gamma': 3.0, 'val_ndcg': 0.787658294422623, 'val_ndcg_raw': 0.7887752889956559, 'best_epoch': 13.0, 'epochs_run': 18.0, 'max_epochs': 40.0, 'seed': 0.0}
0 of 1 configs reached max_epochs
0 of 1 were still improving when stopped
Best params saved to ../Models/lstm_drrl_best_params.json
