task 130 | loss drrl | node slurmnode-gpu03
Tesla P100-PCIE-16GB, 16384 MiB
Tesla P100-PCIE-16GB, 16384 MiB
Tesla P100-PCIE-16GB, 16384 MiB
Tesla P100-PCIE-16GB, 16384 MiB
Using device: cuda
Loading datasets...
Train sessions: 75875 | Val sessions: 16262

Running grid search over 162 combinations...

SLURM array task 130: 1 config -> ../Models/LSTM_grid_drrl_task130.csv
Trying: {'hidden_units': 256, 'dropout_rate': 0.3, 'num_layers': 1, 'lr': 0.0001, 'gamma': 3}
Epoch 1 | Loss: -0.2113 | Val NDCG: 0.7481 | smoothed: 0.7481
Epoch 2 | Loss: -0.2253 | Val NDCG: 0.7314 | smoothed: 0.7397
Epoch 3 | Loss: -0.2276 | Val NDCG: 0.7599 | smoothed: 0.7465
Epoch 4 | Loss: -0.2289 | Val NDCG: 0.7488 | smoothed: 0.7467
Epoch 5 | Loss: -0.2299 | Val NDCG: 0.7438 | smoothed: 0.7508
Epoch 6 | Loss: -0.2304 | Val NDCG: 0.7721 | smoothed: 0.7549
Epoch 7 | Loss: -0.2309 | Val NDCG: 0.7571 | smoothed: 0.7577
Epoch 8 | Loss: -0.2310 | Val NDCG: 0.7578 | smoothed: 0.7623
Epoch 9 | Loss: -0.2313 | Val NDCG: 0.7601 | smoothed: 0.7583
Epoch 10 | Loss: -0.2313 | Val NDCG: 0.7637 | smoothed: 0.7605
Epoch 11 | Loss: -0.2315 | Val NDCG: 0.7727 | smoothed: 0.7655
Epoch 12 | Loss: -0.2316 | Val NDCG: 0.7684 | smoothed: 0.7683
Epoch 13 | Loss: -0.2316 | Val NDCG: 0.7450 | smoothed: 0.7620
Epoch 14 | Loss: -0.2318 | Val NDCG: 0.7453 | smoothed: 0.7529
Epoch 15 | Loss: -0.2318 | Val NDCG: 0.7283 | smoothed: 0.7395
Epoch 16 | Loss: -0.2319 | Val NDCG: 0.7711 | smoothed: 0.7482
Epoch 17 | Loss: -0.2318 | Val NDCG: 0.7716 | smoothed: 0.7570

Best smoothed NDCG: 0.7683 at epoch 12 of 17 run

1 combinations completed out of 1


--- Grid Search Results ---
 hidden_units  dropout_rate  num_layers     lr  gamma  val_ndcg  val_ndcg_raw  best_epoch  epochs_run  max_epochs  seed
          256           0.3           1 0.0001      3   0.76827      0.768435          12          17          40     0

Best config: {'hidden_units': 256.0, 'dropout_rate': 0.3, 'num_layers': 1.0, 'lr': 0.0001, 'gamma': 3.0, 'val_ndcg': 0.7682697873242113, 'val_ndcg_raw': 0.7684349458902237, 'best_epoch': 12.0, 'epochs_run': 17.0, 'max_epochs': 40.0, 'seed': 0.0}
0 of 1 configs reached max_epochs
0 of 1 were still improving when stopped
Best params saved to ../Models/lstm_drrl_best_params.json
