task 45 | loss pwts | node slurmnode-gpu03
Tesla P100-PCIE-16GB, 16384 MiB
Tesla P100-PCIE-16GB, 16384 MiB
Tesla P100-PCIE-16GB, 16384 MiB
Tesla P100-PCIE-16GB, 16384 MiB
Using device: cuda
Loading datasets...
Train sessions: 75875 | Val sessions: 16262

Running grid search over 54 combinations...

SLURM array task 45: 1 config -> ../Models/LSTM_grid_pwts_task45.csv
Trying: {'hidden_units': 256, 'dropout_rate': 0.3, 'num_layers': 2, 'lr': 0.0001}
Epoch 1 | Loss: 0.6103 | Val NDCG: 0.7710 | smoothed: 0.7710
Epoch 2 | Loss: 0.5943 | Val NDCG: 0.7812 | smoothed: 0.7761
Epoch 3 | Loss: 0.5922 | Val NDCG: 0.7812 | smoothed: 0.7778
Epoch 4 | Loss: 0.5903 | Val NDCG: 0.7841 | smoothed: 0.7821
Epoch 5 | Loss: 0.5892 | Val NDCG: 0.7761 | smoothed: 0.7804
Epoch 6 | Loss: 0.5887 | Val NDCG: 0.7812 | smoothed: 0.7804
Epoch 7 | Loss: 0.5878 | Val NDCG: 0.7756 | smoothed: 0.7776
Epoch 8 | Loss: 0.5878 | Val NDCG: 0.7761 | smoothed: 0.7776
Epoch 9 | Loss: 0.5870 | Val NDCG: 0.7713 | smoothed: 0.7743

Best smoothed NDCG: 0.7821 at epoch 4 of 9 run

1 combinations completed out of 1


--- Grid Search Results ---
 hidden_units  dropout_rate  num_layers     lr  val_ndcg  val_ndcg_raw  best_epoch  epochs_run  max_epochs  seed
          256           0.3           2 0.0001  0.782148      0.784105           4           9          40     0

Best config: {'hidden_units': 256.0, 'dropout_rate': 0.3, 'num_layers': 2.0, 'lr': 0.0001, 'val_ndcg': 0.7821481346809634, 'val_ndcg_raw': 0.7841050318051134, 'best_epoch': 4.0, 'epochs_run': 9.0, 'max_epochs': 40.0, 'seed': 0.0}
0 of 1 configs reached max_epochs
0 of 1 were still improving when stopped
Best params saved to ../Models/lstm_pwts_best_params.json
