task 52 | loss bce | node slurmnode-gpu03
Tesla P100-PCIE-16GB, 16384 MiB
Tesla P100-PCIE-16GB, 16384 MiB
Tesla P100-PCIE-16GB, 16384 MiB
Tesla P100-PCIE-16GB, 16384 MiB
Using device: cuda
Loading datasets...
Train sessions: 75875 | Val sessions: 16262

Running grid search over 54 combinations...

SLURM array task 52: 1 config -> ../Models/LSTM_grid_bce_task52.csv
Trying: {'hidden_units': 256, 'dropout_rate': 0.5, 'num_layers': 3, 'lr': 0.001}
Epoch 1 | Loss: 0.5754 | Val NDCG: 0.7798 | smoothed: 0.7798
Epoch 2 | Loss: 0.5658 | Val NDCG: 0.7784 | smoothed: 0.7791
Epoch 3 | Loss: 0.5641 | Val NDCG: 0.7840 | smoothed: 0.7807
Epoch 4 | Loss: 0.5591 | Val NDCG: 0.7878 | smoothed: 0.7834
Epoch 5 | Loss: 0.5567 | Val NDCG: 0.7869 | smoothed: 0.7862
Epoch 6 | Loss: 0.5567 | Val NDCG: 0.7902 | smoothed: 0.7883
Epoch 7 | Loss: 0.5555 | Val NDCG: 0.7865 | smoothed: 0.7879
Epoch 8 | Loss: 0.5538 | Val NDCG: 0.7917 | smoothed: 0.7895
Epoch 9 | Loss: 0.5522 | Val NDCG: 0.7837 | smoothed: 0.7873
Epoch 10 | Loss: 0.5510 | Val NDCG: 0.7929 | smoothed: 0.7894
Epoch 11 | Loss: 0.5514 | Val NDCG: 0.7901 | smoothed: 0.7889
Epoch 12 | Loss: 0.5515 | Val NDCG: 0.7899 | smoothed: 0.7910
Epoch 13 | Loss: 0.5511 | Val NDCG: 0.7897 | smoothed: 0.7899
Epoch 14 | Loss: 0.5500 | Val NDCG: 0.7906 | smoothed: 0.7901
Epoch 15 | Loss: 0.5495 | Val NDCG: 0.7924 | smoothed: 0.7909
Epoch 16 | Loss: 0.5485 | Val NDCG: 0.7922 | smoothed: 0.7917
Epoch 17 | Loss: 0.5483 | Val NDCG: 0.7910 | smoothed: 0.7919
Epoch 18 | Loss: 0.5463 | Val NDCG: 0.7913 | smoothed: 0.7915
Epoch 19 | Loss: 0.5474 | Val NDCG: 0.7945 | smoothed: 0.7923
Epoch 20 | Loss: 0.5477 | Val NDCG: 0.7890 | smoothed: 0.7916

Best smoothed NDCG: 0.7923 at epoch 19 of 20 run

1 combinations completed out of 1


--- Grid Search Results ---
 hidden_units  dropout_rate  num_layers    lr  val_ndcg  val_ndcg_raw  best_epoch  epochs_run  max_epochs  seed
          256           0.5           3 0.001  0.792266      0.794479          19          20          20     0

Best config: {'hidden_units': 256.0, 'dropout_rate': 0.5, 'num_layers': 3.0, 'lr': 0.001, 'val_ndcg': 0.7922660566856021, 'val_ndcg_raw': 0.7944790556569471, 'best_epoch': 19.0, 'epochs_run': 20.0, 'max_epochs': 20.0, 'seed': 0.0}
1 of 1 configs reached max_epochs
1 of 1 were still improving when stopped
Best params saved to ../Models/lstm_bce_best_params.json
