task 32 | loss drrl | node slurmnode-gpu02
NVIDIA GeForce GTX 1080 Ti, 11264 MiB
NVIDIA GeForce GTX 1080 Ti, 11264 MiB
NVIDIA GeForce GTX 1080 Ti, 11264 MiB
NVIDIA GeForce GTX 1080 Ti, 11264 MiB
NVIDIA GeForce GTX 1080 Ti, 11264 MiB
NVIDIA GeForce GTX 1080 Ti, 11264 MiB
NVIDIA GeForce GTX 1080 Ti, 11264 MiB
NVIDIA GeForce GTX 1080 Ti, 11264 MiB
Using device: cuda
Loading datasets...
Train sessions: 75875 | Val sessions: 16262

Running grid search over 162 combinations...

SLURM array task 32: 1 config -> ../Models/LSTM_grid_drrl_task32.csv
Trying: {'hidden_units': 64, 'dropout_rate': 0.3, 'num_layers': 3, 'lr': 0.001, 'gamma': 4}
Epoch 1 | Loss: -0.2241 | Val NDCG: 0.7491 | smoothed: 0.7491
Epoch 2 | Loss: -0.2298 | Val NDCG: 0.7833 | smoothed: 0.7662
Epoch 3 | Loss: -0.2302 | Val NDCG: 0.7403 | smoothed: 0.7576
Epoch 4 | Loss: -0.2305 | Val NDCG: 0.7749 | smoothed: 0.7662
Epoch 5 | Loss: -0.2305 | Val NDCG: 0.7873 | smoothed: 0.7675
Epoch 6 | Loss: -0.2306 | Val NDCG: 0.8024 | smoothed: 0.7882
Epoch 7 | Loss: -0.2308 | Val NDCG: 0.7808 | smoothed: 0.7902
Epoch 8 | Loss: -0.2307 | Val NDCG: 0.7918 | smoothed: 0.7917
Epoch 9 | Loss: -0.2309 | Val NDCG: 0.7885 | smoothed: 0.7870
Epoch 10 | Loss: -0.2309 | Val NDCG: 0.8004 | smoothed: 0.7936
Epoch 11 | Loss: -0.2311 | Val NDCG: 0.7812 | smoothed: 0.7900
Epoch 12 | Loss: -0.2312 | Val NDCG: 0.7551 | smoothed: 0.7789
Epoch 13 | Loss: -0.2313 | Val NDCG: 0.7903 | smoothed: 0.7755
Epoch 14 | Loss: -0.2312 | Val NDCG: 0.7834 | smoothed: 0.7763
Epoch 15 | Loss: -0.2312 | Val NDCG: 0.7852 | smoothed: 0.7863

Best smoothed NDCG: 0.7936 at epoch 10 of 15 run

1 combinations completed out of 1


--- Grid Search Results ---
 hidden_units  dropout_rate  num_layers    lr  gamma  val_ndcg  val_ndcg_raw  best_epoch  epochs_run  max_epochs  seed
           64           0.3           3 0.001      4  0.793553      0.800403          10          15          20     0

Best config: {'hidden_units': 64.0, 'dropout_rate': 0.3, 'num_layers': 3.0, 'lr': 0.001, 'gamma': 4.0, 'val_ndcg': 0.7935526825242968, 'val_ndcg_raw': 0.8004034014655573, 'best_epoch': 10.0, 'epochs_run': 15.0, 'max_epochs': 20.0, 'seed': 0.0}
0 of 1 configs reached max_epochs
0 of 1 were still improving when stopped
Best params saved to ../Models/lstm_drrl_best_params.json
