task 133 | loss drrl | node slurmnode-gpu03
Tesla P100-PCIE-16GB, 16384 MiB
Tesla P100-PCIE-16GB, 16384 MiB
Tesla P100-PCIE-16GB, 16384 MiB
Tesla P100-PCIE-16GB, 16384 MiB
Using device: cuda
Loading datasets...
Train sessions: 75875 | Val sessions: 16262

Running grid search over 162 combinations...

SLURM array task 133: 1 config -> ../Models/LSTM_grid_drrl_task133.csv
Trying: {'hidden_units': 256, 'dropout_rate': 0.3, 'num_layers': 2, 'lr': 0.001, 'gamma': 3}
Epoch 1 | Loss: -0.2227 | Val NDCG: 0.7659 | smoothed: 0.7659
Epoch 2 | Loss: -0.2290 | Val NDCG: 0.7567 | smoothed: 0.7613
Epoch 3 | Loss: -0.2296 | Val NDCG: 0.7512 | smoothed: 0.7579
Epoch 4 | Loss: -0.2302 | Val NDCG: 0.7821 | smoothed: 0.7633
Epoch 5 | Loss: -0.2308 | Val NDCG: 0.7713 | smoothed: 0.7682
Epoch 6 | Loss: -0.2305 | Val NDCG: 0.7918 | smoothed: 0.7817
Epoch 7 | Loss: -0.2309 | Val NDCG: 0.7862 | smoothed: 0.7831
Epoch 8 | Loss: -0.2310 | Val NDCG: 0.7750 | smoothed: 0.7844
Epoch 9 | Loss: -0.2311 | Val NDCG: 0.7545 | smoothed: 0.7719
Epoch 10 | Loss: -0.2313 | Val NDCG: 0.7695 | smoothed: 0.7663
Epoch 11 | Loss: -0.2313 | Val NDCG: 0.7838 | smoothed: 0.7693
Epoch 12 | Loss: -0.2314 | Val NDCG: 0.7992 | smoothed: 0.7842
Epoch 13 | Loss: -0.2315 | Val NDCG: 0.7599 | smoothed: 0.7810

Best smoothed NDCG: 0.7844 at epoch 8 of 13 run

1 combinations completed out of 1


--- Grid Search Results ---
 hidden_units  dropout_rate  num_layers    lr  gamma  val_ndcg  val_ndcg_raw  best_epoch  epochs_run  max_epochs  seed
          256           0.3           2 0.001      3  0.784353      0.775013           8          13          20     0

Best config: {'hidden_units': 256.0, 'dropout_rate': 0.3, 'num_layers': 2.0, 'lr': 0.001, 'gamma': 3.0, 'val_ndcg': 0.7843530911864081, 'val_ndcg_raw': 0.7750127722096815, 'best_epoch': 8.0, 'epochs_run': 13.0, 'max_epochs': 20.0, 'seed': 0.0}
0 of 1 configs reached max_epochs
0 of 1 were still improving when stopped
Best params saved to ../Models/lstm_drrl_best_params.json
