task 30 | loss bce | node slurmnode-gpu03
Tesla P100-PCIE-16GB, 16384 MiB
Tesla P100-PCIE-16GB, 16384 MiB
Tesla P100-PCIE-16GB, 16384 MiB
Tesla P100-PCIE-16GB, 16384 MiB
Using device: cuda
Loading datasets...
Train sessions: 75875 | Val sessions: 16262

Running grid search over 54 combinations...

SLURM array task 30: 1 config -> ../Models/LSTM_grid_bce_task30.csv
Trying: {'hidden_units': 128, 'dropout_rate': 0.5, 'num_layers': 1, 'lr': 0.001}
Epoch 1 | Loss: 0.5759 | Val NDCG: 0.7865 | smoothed: 0.7865
Epoch 2 | Loss: 0.5639 | Val NDCG: 0.7876 | smoothed: 0.7871
Epoch 3 | Loss: 0.5609 | Val NDCG: 0.7804 | smoothed: 0.7848
Epoch 4 | Loss: 0.5590 | Val NDCG: 0.7877 | smoothed: 0.7852
Epoch 5 | Loss: 0.5580 | Val NDCG: 0.7786 | smoothed: 0.7823
Epoch 6 | Loss: 0.5564 | Val NDCG: 0.7883 | smoothed: 0.7849
Epoch 7 | Loss: 0.5543 | Val NDCG: 0.7895 | smoothed: 0.7855

Best smoothed NDCG: 0.7871 at epoch 2 of 7 run

1 combinations completed out of 1


--- Grid Search Results ---
 hidden_units  dropout_rate  num_layers    lr  val_ndcg  val_ndcg_raw  best_epoch  epochs_run  max_epochs  seed
          128           0.5           1 0.001  0.787062      0.787596           2           7          20     0

Best config: {'hidden_units': 128.0, 'dropout_rate': 0.5, 'num_layers': 1.0, 'lr': 0.001, 'val_ndcg': 0.787061765073981, 'val_ndcg_raw': 0.7875960301587637, 'best_epoch': 2.0, 'epochs_run': 7.0, 'max_epochs': 20.0, 'seed': 0.0}
0 of 1 configs reached max_epochs
0 of 1 were still improving when stopped
Best params saved to ../Models/lstm_bce_best_params.json
