task 4 | loss bce | node slurmnode-gpu02
NVIDIA GeForce GTX 1080 Ti, 11264 MiB
NVIDIA GeForce GTX 1080 Ti, 11264 MiB
NVIDIA GeForce GTX 1080 Ti, 11264 MiB
NVIDIA GeForce GTX 1080 Ti, 11264 MiB
NVIDIA GeForce GTX 1080 Ti, 11264 MiB
NVIDIA GeForce GTX 1080 Ti, 11264 MiB
NVIDIA GeForce GTX 1080 Ti, 11264 MiB
NVIDIA GeForce GTX 1080 Ti, 11264 MiB
Using device: cuda
Loading datasets...
Train sessions: 75875 | Val sessions: 16262

Running grid search over 54 combinations...

SLURM array task 4: 1 config -> ../Models/LSTM_grid_bce_task4.csv
Trying: {'hidden_units': 64, 'dropout_rate': 0.1, 'num_layers': 3, 'lr': 0.001}
Epoch 1 | Loss: 0.5788 | Val NDCG: 0.7786 | smoothed: 0.7786
Epoch 2 | Loss: 0.5654 | Val NDCG: 0.7781 | smoothed: 0.7784
Epoch 3 | Loss: 0.5617 | Val NDCG: 0.7800 | smoothed: 0.7789
Epoch 4 | Loss: 0.5605 | Val NDCG: 0.7865 | smoothed: 0.7815
Epoch 5 | Loss: 0.5607 | Val NDCG: 0.7814 | smoothed: 0.7826
Epoch 6 | Loss: 0.5566 | Val NDCG: 0.7882 | smoothed: 0.7854
Epoch 7 | Loss: 0.5572 | Val NDCG: 0.7852 | smoothed: 0.7849
Epoch 8 | Loss: 0.5551 | Val NDCG: 0.7856 | smoothed: 0.7863
Epoch 9 | Loss: 0.5540 | Val NDCG: 0.7847 | smoothed: 0.7851
Epoch 10 | Loss: 0.5530 | Val NDCG: 0.7870 | smoothed: 0.7858
Epoch 11 | Loss: 0.5513 | Val NDCG: 0.7897 | smoothed: 0.7871
Epoch 12 | Loss: 0.5527 | Val NDCG: 0.7883 | smoothed: 0.7883
Epoch 13 | Loss: 0.5514 | Val NDCG: 0.7907 | smoothed: 0.7896
Epoch 14 | Loss: 0.5503 | Val NDCG: 0.7913 | smoothed: 0.7901
Epoch 15 | Loss: 0.5497 | Val NDCG: 0.7882 | smoothed: 0.7901
Epoch 16 | Loss: 0.5489 | Val NDCG: 0.7904 | smoothed: 0.7900
Epoch 17 | Loss: 0.5506 | Val NDCG: 0.7905 | smoothed: 0.7897
Epoch 18 | Loss: 0.5483 | Val NDCG: 0.7919 | smoothed: 0.7910
Epoch 19 | Loss: 0.5487 | Val NDCG: 0.7927 | smoothed: 0.7917
Epoch 20 | Loss: 0.5485 | Val NDCG: 0.7924 | smoothed: 0.7923

Best smoothed NDCG: 0.7923 at epoch 20 of 20 run

1 combinations completed out of 1


--- Grid Search Results ---
 hidden_units  dropout_rate  num_layers    lr  val_ndcg  val_ndcg_raw  best_epoch  epochs_run  max_epochs  seed
           64           0.1           3 0.001  0.792339      0.792367          20          20          20     0

Best config: {'hidden_units': 64.0, 'dropout_rate': 0.1, 'num_layers': 3.0, 'lr': 0.001, 'val_ndcg': 0.7923391781837181, 'val_ndcg_raw': 0.7923670896126258, 'best_epoch': 20.0, 'epochs_run': 20.0, 'max_epochs': 20.0, 'seed': 0.0}
1 of 1 configs reached max_epochs
1 of 1 were still improving when stopped
Best params saved to ../Models/lstm_bce_best_params.json
