task 37 | loss pwts | node slurmnode-gpu03
Tesla P100-PCIE-16GB, 16384 MiB
Tesla P100-PCIE-16GB, 16384 MiB
Tesla P100-PCIE-16GB, 16384 MiB
Tesla P100-PCIE-16GB, 16384 MiB
Using device: cuda
Loading datasets...
Train sessions: 75875 | Val sessions: 16262

Running grid search over 54 combinations...

SLURM array task 37: 1 config -> ../Models/LSTM_grid_pwts_task37.csv
Trying: {'hidden_units': 256, 'dropout_rate': 0.1, 'num_layers': 1, 'lr': 0.0001}
Epoch 1 | Loss: 0.6059 | Val NDCG: 0.7721 | smoothed: 0.7721
Epoch 2 | Loss: 0.5917 | Val NDCG: 0.7769 | smoothed: 0.7745
Epoch 3 | Loss: 0.5901 | Val NDCG: 0.7803 | smoothed: 0.7764
Epoch 4 | Loss: 0.5881 | Val NDCG: 0.7830 | smoothed: 0.7801
Epoch 5 | Loss: 0.5890 | Val NDCG: 0.7772 | smoothed: 0.7802
Epoch 6 | Loss: 0.5882 | Val NDCG: 0.7787 | smoothed: 0.7797
Epoch 7 | Loss: 0.5861 | Val NDCG: 0.7744 | smoothed: 0.7768
Epoch 8 | Loss: 0.5869 | Val NDCG: 0.7747 | smoothed: 0.7759
Epoch 9 | Loss: 0.5846 | Val NDCG: 0.7814 | smoothed: 0.7768
Epoch 10 | Loss: 0.5843 | Val NDCG: 0.7819 | smoothed: 0.7793

Best smoothed NDCG: 0.7802 at epoch 5 of 10 run

1 combinations completed out of 1


--- Grid Search Results ---
 hidden_units  dropout_rate  num_layers     lr  val_ndcg  val_ndcg_raw  best_epoch  epochs_run  max_epochs  seed
          256           0.1           1 0.0001  0.780182      0.777233           5          10          40     0

Best config: {'hidden_units': 256.0, 'dropout_rate': 0.1, 'num_layers': 1.0, 'lr': 0.0001, 'val_ndcg': 0.780182384394665, 'val_ndcg_raw': 0.7772329178443029, 'best_epoch': 5.0, 'epochs_run': 10.0, 'max_epochs': 40.0, 'seed': 0.0}
0 of 1 configs reached max_epochs
0 of 1 were still improving when stopped
Best params saved to ../Models/lstm_pwts_best_params.json
