task 96 | loss drrl | node slurmnode-gpu03
Tesla P100-PCIE-16GB, 16384 MiB
Tesla P100-PCIE-16GB, 16384 MiB
Tesla P100-PCIE-16GB, 16384 MiB
Tesla P100-PCIE-16GB, 16384 MiB
Using device: cuda
Loading datasets...
Train sessions: 75875 | Val sessions: 16262

Running grid search over 162 combinations...

SLURM array task 96: 1 config -> ../Models/LSTM_grid_drrl_task96.csv
Trying: {'hidden_units': 128, 'dropout_rate': 0.5, 'num_layers': 2, 'lr': 0.001, 'gamma': 2}
Epoch 1 | Loss: -0.2199 | Val NDCG: 0.7656 | smoothed: 0.7656
Epoch 2 | Loss: -0.2275 | Val NDCG: 0.7766 | smoothed: 0.7711
Epoch 3 | Loss: -0.2283 | Val NDCG: 0.7837 | smoothed: 0.7753
Epoch 4 | Loss: -0.2283 | Val NDCG: 0.7987 | smoothed: 0.7863
Epoch 5 | Loss: -0.2287 | Val NDCG: 0.7653 | smoothed: 0.7826
Epoch 6 | Loss: -0.2290 | Val NDCG: 0.7288 | smoothed: 0.7643
Epoch 7 | Loss: -0.2290 | Val NDCG: 0.7867 | smoothed: 0.7602
Epoch 8 | Loss: -0.2296 | Val NDCG: 0.7646 | smoothed: 0.7600
Epoch 9 | Loss: -0.2298 | Val NDCG: 0.7637 | smoothed: 0.7716

Best smoothed NDCG: 0.7863 at epoch 4 of 9 run

1 combinations completed out of 1


--- Grid Search Results ---
 hidden_units  dropout_rate  num_layers    lr  gamma  val_ndcg  val_ndcg_raw  best_epoch  epochs_run  max_epochs  seed
          128           0.5           2 0.001      2  0.786332      0.798738           4           9          20     0

Best config: {'hidden_units': 128.0, 'dropout_rate': 0.5, 'num_layers': 2.0, 'lr': 0.001, 'gamma': 2.0, 'val_ndcg': 0.7863324000344258, 'val_ndcg_raw': 0.7987376907510026, 'best_epoch': 4.0, 'epochs_run': 9.0, 'max_epochs': 20.0, 'seed': 0.0}
0 of 1 configs reached max_epochs
0 of 1 were still improving when stopped
Best params saved to ../Models/lstm_drrl_best_params.json
