task 136 | loss drrl | node slurmnode-gpu03
Tesla P100-PCIE-16GB, 16384 MiB
Tesla P100-PCIE-16GB, 16384 MiB
Tesla P100-PCIE-16GB, 16384 MiB
Tesla P100-PCIE-16GB, 16384 MiB
Using device: cuda
Loading datasets...
Train sessions: 75875 | Val sessions: 16262

Running grid search over 162 combinations...

SLURM array task 136: 1 config -> ../Models/LSTM_grid_drrl_task136.csv
Trying: {'hidden_units': 256, 'dropout_rate': 0.3, 'num_layers': 2, 'lr': 0.0001, 'gamma': 3}
Epoch 1 | Loss: -0.2214 | Val NDCG: 0.7357 | smoothed: 0.7357
Epoch 2 | Loss: -0.2302 | Val NDCG: 0.7535 | smoothed: 0.7446
Epoch 3 | Loss: -0.2307 | Val NDCG: 0.7032 | smoothed: 0.7308
Epoch 4 | Loss: -0.2309 | Val NDCG: 0.6888 | smoothed: 0.7152
Epoch 5 | Loss: -0.2313 | Val NDCG: 0.7728 | smoothed: 0.7216
Epoch 6 | Loss: -0.2313 | Val NDCG: 0.7830 | smoothed: 0.7482
Epoch 7 | Loss: -0.2313 | Val NDCG: 0.7938 | smoothed: 0.7832
Epoch 8 | Loss: -0.2314 | Val NDCG: 0.7657 | smoothed: 0.7808
Epoch 9 | Loss: -0.2316 | Val NDCG: 0.7440 | smoothed: 0.7678
Epoch 10 | Loss: -0.2317 | Val NDCG: 0.7510 | smoothed: 0.7536
Epoch 11 | Loss: -0.2317 | Val NDCG: 0.7937 | smoothed: 0.7629
Epoch 12 | Loss: -0.2317 | Val NDCG: 0.7877 | smoothed: 0.7774

Best smoothed NDCG: 0.7832 at epoch 7 of 12 run

1 combinations completed out of 1


--- Grid Search Results ---
 hidden_units  dropout_rate  num_layers     lr  gamma  val_ndcg  val_ndcg_raw  best_epoch  epochs_run  max_epochs  seed
          256           0.3           2 0.0001      3  0.783195      0.793791           7          12          40     0

Best config: {'hidden_units': 256.0, 'dropout_rate': 0.3, 'num_layers': 2.0, 'lr': 0.0001, 'gamma': 3.0, 'val_ndcg': 0.783195334618207, 'val_ndcg_raw': 0.7937910153042569, 'best_epoch': 7.0, 'epochs_run': 12.0, 'max_epochs': 40.0, 'seed': 0.0}
0 of 1 configs reached max_epochs
0 of 1 were still improving when stopped
Best params saved to ../Models/lstm_drrl_best_params.json
