task 121 | loss drrl | node slurmnode-gpu03
Tesla P100-PCIE-16GB, 16384 MiB
Tesla P100-PCIE-16GB, 16384 MiB
Tesla P100-PCIE-16GB, 16384 MiB
Tesla P100-PCIE-16GB, 16384 MiB
Using device: cuda
Loading datasets...
Train sessions: 75875 | Val sessions: 16262

Running grid search over 162 combinations...

SLURM array task 121: 1 config -> ../Models/LSTM_grid_drrl_task121.csv
Trying: {'hidden_units': 256, 'dropout_rate': 0.1, 'num_layers': 3, 'lr': 0.001, 'gamma': 3}
Epoch 1 | Loss: -0.2229 | Val NDCG: 0.7839 | smoothed: 0.7839
Epoch 2 | Loss: -0.2286 | Val NDCG: 0.7810 | smoothed: 0.7824
Epoch 3 | Loss: -0.2296 | Val NDCG: 0.7791 | smoothed: 0.7813
Epoch 4 | Loss: -0.2298 | Val NDCG: 0.7661 | smoothed: 0.7754
Epoch 5 | Loss: -0.2300 | Val NDCG: 0.7799 | smoothed: 0.7750
Epoch 6 | Loss: -0.2303 | Val NDCG: 0.7713 | smoothed: 0.7724

Best smoothed NDCG: 0.7839 at epoch 1 of 6 run

1 combinations completed out of 1


--- Grid Search Results ---
 hidden_units  dropout_rate  num_layers    lr  gamma  val_ndcg  val_ndcg_raw  best_epoch  epochs_run  max_epochs  seed
          256           0.1           3 0.001      3  0.783924      0.783924           1           6          20     0

Best config: {'hidden_units': 256.0, 'dropout_rate': 0.1, 'num_layers': 3.0, 'lr': 0.001, 'gamma': 3.0, 'val_ndcg': 0.7839241349564587, 'val_ndcg_raw': 0.7839241349564587, 'best_epoch': 1.0, 'epochs_run': 6.0, 'max_epochs': 20.0, 'seed': 0.0}
0 of 1 configs reached max_epochs
0 of 1 were still improving when stopped
Best params saved to ../Models/lstm_drrl_best_params.json
