task 37 | loss drrl | node slurmnode-gpu02
NVIDIA GeForce GTX 1080 Ti, 11264 MiB
NVIDIA GeForce GTX 1080 Ti, 11264 MiB
NVIDIA GeForce GTX 1080 Ti, 11264 MiB
NVIDIA GeForce GTX 1080 Ti, 11264 MiB
NVIDIA GeForce GTX 1080 Ti, 11264 MiB
NVIDIA GeForce GTX 1080 Ti, 11264 MiB
NVIDIA GeForce GTX 1080 Ti, 11264 MiB
NVIDIA GeForce GTX 1080 Ti, 11264 MiB
Using device: cuda
Loading datasets...
Train sessions: 75875 | Val sessions: 16262

Running grid search over 162 combinations...

SLURM array task 37: 1 config -> ../Models/LSTM_grid_drrl_task37.csv
Trying: {'hidden_units': 64, 'dropout_rate': 0.5, 'num_layers': 1, 'lr': 0.001, 'gamma': 3}
Epoch 1 | Loss: -0.2195 | Val NDCG: 0.7546 | smoothed: 0.7546
Epoch 2 | Loss: -0.2288 | Val NDCG: 0.7274 | smoothed: 0.7410
Epoch 3 | Loss: -0.2297 | Val NDCG: 0.7889 | smoothed: 0.7570
Epoch 4 | Loss: -0.2301 | Val NDCG: 0.7375 | smoothed: 0.7513
Epoch 5 | Loss: -0.2302 | Val NDCG: 0.7800 | smoothed: 0.7688
Epoch 6 | Loss: -0.2304 | Val NDCG: 0.7792 | smoothed: 0.7656
Epoch 7 | Loss: -0.2307 | Val NDCG: 0.7657 | smoothed: 0.7749
Epoch 8 | Loss: -0.2308 | Val NDCG: 0.7612 | smoothed: 0.7687
Epoch 9 | Loss: -0.2308 | Val NDCG: 0.7577 | smoothed: 0.7615
Epoch 10 | Loss: -0.2310 | Val NDCG: 0.7726 | smoothed: 0.7638
Epoch 11 | Loss: -0.2309 | Val NDCG: 0.7503 | smoothed: 0.7602
Epoch 12 | Loss: -0.2312 | Val NDCG: 0.7797 | smoothed: 0.7675

Best smoothed NDCG: 0.7749 at epoch 7 of 12 run

1 combinations completed out of 1


--- Grid Search Results ---
 hidden_units  dropout_rate  num_layers    lr  gamma  val_ndcg  val_ndcg_raw  best_epoch  epochs_run  max_epochs  seed
           64           0.5           1 0.001      3   0.77495      0.765659           7          12          20     0

Best config: {'hidden_units': 64.0, 'dropout_rate': 0.5, 'num_layers': 1.0, 'lr': 0.001, 'gamma': 3.0, 'val_ndcg': 0.7749497636137757, 'val_ndcg_raw': 0.7656589680031844, 'best_epoch': 7.0, 'epochs_run': 12.0, 'max_epochs': 20.0, 'seed': 0.0}
0 of 1 configs reached max_epochs
0 of 1 were still improving when stopped
Best params saved to ../Models/lstm_drrl_best_params.json
