task 13 | loss drrl | node slurmnode-gpu03
Tesla P100-PCIE-16GB, 16384 MiB
Tesla P100-PCIE-16GB, 16384 MiB
Tesla P100-PCIE-16GB, 16384 MiB
Tesla P100-PCIE-16GB, 16384 MiB
Using device: cuda
Loading datasets...
Train sessions: 75875 | Val sessions: 16262

Running grid search over 162 combinations...

SLURM array task 13: 1 config -> ../Models/LSTM_grid_drrl_task13.csv
Trying: {'hidden_units': 64, 'dropout_rate': 0.1, 'num_layers': 3, 'lr': 0.001, 'gamma': 3}
Epoch 1 | Loss: -0.2247 | Val NDCG: 0.7708 | smoothed: 0.7708
Epoch 2 | Loss: -0.2296 | Val NDCG: 0.7820 | smoothed: 0.7764
Epoch 3 | Loss: -0.2302 | Val NDCG: 0.7565 | smoothed: 0.7698
Epoch 4 | Loss: -0.2305 | Val NDCG: 0.7970 | smoothed: 0.7785
Epoch 5 | Loss: -0.2305 | Val NDCG: 0.7842 | smoothed: 0.7792
Epoch 6 | Loss: -0.2307 | Val NDCG: 0.7627 | smoothed: 0.7813
Epoch 7 | Loss: -0.2307 | Val NDCG: 0.7722 | smoothed: 0.7730
Epoch 8 | Loss: -0.2309 | Val NDCG: 0.7915 | smoothed: 0.7755
Epoch 9 | Loss: -0.2310 | Val NDCG: 0.7953 | smoothed: 0.7863
Epoch 10 | Loss: -0.2310 | Val NDCG: 0.7937 | smoothed: 0.7935
Epoch 11 | Loss: -0.2310 | Val NDCG: 0.7843 | smoothed: 0.7911
Epoch 12 | Loss: -0.2313 | Val NDCG: 0.7720 | smoothed: 0.7833
Epoch 13 | Loss: -0.2313 | Val NDCG: 0.7629 | smoothed: 0.7731
Epoch 14 | Loss: -0.2315 | Val NDCG: 0.7866 | smoothed: 0.7738
Epoch 15 | Loss: -0.2314 | Val NDCG: 0.7796 | smoothed: 0.7764

Best smoothed NDCG: 0.7935 at epoch 10 of 15 run

1 combinations completed out of 1


--- Grid Search Results ---
 hidden_units  dropout_rate  num_layers    lr  gamma  val_ndcg  val_ndcg_raw  best_epoch  epochs_run  max_epochs  seed
           64           0.1           3 0.001      3  0.793521      0.793724          10          15          20     0

Best config: {'hidden_units': 64.0, 'dropout_rate': 0.1, 'num_layers': 3.0, 'lr': 0.001, 'gamma': 3.0, 'val_ndcg': 0.7935207347792916, 'val_ndcg_raw': 0.7937236686033871, 'best_epoch': 10.0, 'epochs_run': 15.0, 'max_epochs': 20.0, 'seed': 0.0}
0 of 1 configs reached max_epochs
0 of 1 were still improving when stopped
Best params saved to ../Models/lstm_drrl_best_params.json
