task 39 | loss bce | node slurmnode-gpu02
NVIDIA GeForce GTX 1080 Ti, 11264 MiB
NVIDIA GeForce GTX 1080 Ti, 11264 MiB
NVIDIA GeForce GTX 1080 Ti, 11264 MiB
NVIDIA GeForce GTX 1080 Ti, 11264 MiB
NVIDIA GeForce GTX 1080 Ti, 11264 MiB
NVIDIA GeForce GTX 1080 Ti, 11264 MiB
NVIDIA GeForce GTX 1080 Ti, 11264 MiB
NVIDIA GeForce GTX 1080 Ti, 11264 MiB
Using device: cuda
Loading datasets...
Train sessions: 75875 | Val sessions: 16262

Running grid search over 54 combinations...

SLURM array task 39: 1 config -> ../Models/LSTM_grid_bce_task39.csv
Trying: {'hidden_units': 256, 'dropout_rate': 0.1, 'num_layers': 2, 'lr': 0.0001}
Epoch 1 | Loss: 0.5803 | Val NDCG: 0.7783 | smoothed: 0.7783
Epoch 2 | Loss: 0.5645 | Val NDCG: 0.7803 | smoothed: 0.7793
Epoch 3 | Loss: 0.5627 | Val NDCG: 0.7793 | smoothed: 0.7793
Epoch 4 | Loss: 0.5616 | Val NDCG: 0.7831 | smoothed: 0.7809
Epoch 5 | Loss: 0.5610 | Val NDCG: 0.7739 | smoothed: 0.7788
Epoch 6 | Loss: 0.5605 | Val NDCG: 0.7849 | smoothed: 0.7807
Epoch 7 | Loss: 0.5596 | Val NDCG: 0.7789 | smoothed: 0.7793
Epoch 8 | Loss: 0.5599 | Val NDCG: 0.7778 | smoothed: 0.7806
Epoch 9 | Loss: 0.5588 | Val NDCG: 0.7747 | smoothed: 0.7772

Best smoothed NDCG: 0.7809 at epoch 4 of 9 run

1 combinations completed out of 1


--- Grid Search Results ---
 hidden_units  dropout_rate  num_layers     lr  val_ndcg  val_ndcg_raw  best_epoch  epochs_run  max_epochs  seed
          256           0.1           2 0.0001  0.780902      0.783093           4           9          40     0

Best config: {'hidden_units': 256.0, 'dropout_rate': 0.1, 'num_layers': 2.0, 'lr': 0.0001, 'val_ndcg': 0.780901750293857, 'val_ndcg_raw': 0.7830932244168967, 'best_epoch': 4.0, 'epochs_run': 9.0, 'max_epochs': 40.0, 'seed': 0.0}
0 of 1 configs reached max_epochs
0 of 1 were still improving when stopped
Best params saved to ../Models/lstm_bce_best_params.json
