task 3 | loss drrl | node slurmnode-gpu03
Tesla P100-PCIE-16GB, 16384 MiB
Tesla P100-PCIE-16GB, 16384 MiB
Tesla P100-PCIE-16GB, 16384 MiB
Tesla P100-PCIE-16GB, 16384 MiB
Using device: cuda
Loading datasets...
Train sessions: 75875 | Val sessions: 16262

Running grid search over 162 combinations...

SLURM array task 3: 1 config -> ../Models/LSTM_grid_drrl_task3.csv
Trying: {'hidden_units': 64, 'dropout_rate': 0.1, 'num_layers': 1, 'lr': 0.0001, 'gamma': 2}
Epoch 1 | Loss: -0.1928 | Val NDCG: 0.7146 | smoothed: 0.7146
Epoch 2 | Loss: -0.2257 | Val NDCG: 0.7258 | smoothed: 0.7202
Epoch 3 | Loss: -0.2285 | Val NDCG: 0.7362 | smoothed: 0.7255
Epoch 4 | Loss: -0.2297 | Val NDCG: 0.7186 | smoothed: 0.7269
Epoch 5 | Loss: -0.2304 | Val NDCG: 0.7062 | smoothed: 0.7203
Epoch 6 | Loss: -0.2308 | Val NDCG: 0.7410 | smoothed: 0.7219
Epoch 7 | Loss: -0.2311 | Val NDCG: 0.7397 | smoothed: 0.7290
Epoch 8 | Loss: -0.2314 | Val NDCG: 0.7053 | smoothed: 0.7286
Epoch 9 | Loss: -0.2315 | Val NDCG: 0.7413 | smoothed: 0.7288
Epoch 10 | Loss: -0.2315 | Val NDCG: 0.7395 | smoothed: 0.7287
Epoch 11 | Loss: -0.2317 | Val NDCG: 0.7734 | smoothed: 0.7514
Epoch 12 | Loss: -0.2316 | Val NDCG: 0.7349 | smoothed: 0.7493
Epoch 13 | Loss: -0.2317 | Val NDCG: 0.7623 | smoothed: 0.7569
Epoch 14 | Loss: -0.2317 | Val NDCG: 0.7851 | smoothed: 0.7608
Epoch 15 | Loss: -0.2319 | Val NDCG: 0.7238 | smoothed: 0.7571
Epoch 16 | Loss: -0.2317 | Val NDCG: 0.7753 | smoothed: 0.7614
Epoch 17 | Loss: -0.2316 | Val NDCG: 0.7889 | smoothed: 0.7627
Epoch 18 | Loss: -0.2318 | Val NDCG: 0.7449 | smoothed: 0.7697
Epoch 19 | Loss: -0.2318 | Val NDCG: 0.7165 | smoothed: 0.7501
Epoch 20 | Loss: -0.2318 | Val NDCG: 0.7841 | smoothed: 0.7485
Epoch 21 | Loss: -0.2319 | Val NDCG: 0.7658 | smoothed: 0.7555
Epoch 22 | Loss: -0.2319 | Val NDCG: 0.7900 | smoothed: 0.7800
Epoch 23 | Loss: -0.2319 | Val NDCG: 0.7318 | smoothed: 0.7625
Epoch 24 | Loss: -0.2319 | Val NDCG: 0.7854 | smoothed: 0.7691
Epoch 25 | Loss: -0.2319 | Val NDCG: 0.7618 | smoothed: 0.7597
Epoch 26 | Loss: -0.2319 | Val NDCG: 0.7708 | smoothed: 0.7727
Epoch 27 | Loss: -0.2320 | Val NDCG: 0.7407 | smoothed: 0.7577

Best smoothed NDCG: 0.7800 at epoch 22 of 27 run

1 combinations completed out of 1


--- Grid Search Results ---
 hidden_units  dropout_rate  num_layers     lr  gamma  val_ndcg  val_ndcg_raw  best_epoch  epochs_run  max_epochs  seed
           64           0.1           1 0.0001      2  0.779989       0.79001          22          27          40     0

Best config: {'hidden_units': 64.0, 'dropout_rate': 0.1, 'num_layers': 1.0, 'lr': 0.0001, 'gamma': 2.0, 'val_ndcg': 0.7799887786151319, 'val_ndcg_raw': 0.790010028195975, 'best_epoch': 22.0, 'epochs_run': 27.0, 'max_epochs': 40.0, 'seed': 0.0}
0 of 1 configs reached max_epochs
0 of 1 were still improving when stopped
Best params saved to ../Models/lstm_drrl_best_params.json
