task 8 | loss bce | node slurmnode-gpu02
NVIDIA GeForce GTX 1080 Ti, 11264 MiB
NVIDIA GeForce GTX 1080 Ti, 11264 MiB
NVIDIA GeForce GTX 1080 Ti, 11264 MiB
NVIDIA GeForce GTX 1080 Ti, 11264 MiB
NVIDIA GeForce GTX 1080 Ti, 11264 MiB
NVIDIA GeForce GTX 1080 Ti, 11264 MiB
NVIDIA GeForce GTX 1080 Ti, 11264 MiB
NVIDIA GeForce GTX 1080 Ti, 11264 MiB
Using device: cuda
Loading datasets...
Train sessions: 75875 | Val sessions: 16262

Running grid search over 54 combinations...

SLURM array task 8: 1 config -> ../Models/LSTM_grid_bce_task8.csv
Trying: {'hidden_units': 64, 'dropout_rate': 0.3, 'num_layers': 2, 'lr': 0.001}
Epoch 1 | Loss: 0.5800 | Val NDCG: 0.7801 | smoothed: 0.7801
Epoch 2 | Loss: 0.5664 | Val NDCG: 0.7826 | smoothed: 0.7814
Epoch 3 | Loss: 0.5627 | Val NDCG: 0.7780 | smoothed: 0.7803
Epoch 4 | Loss: 0.5613 | Val NDCG: 0.7903 | smoothed: 0.7836
Epoch 5 | Loss: 0.5593 | Val NDCG: 0.7772 | smoothed: 0.7818
Epoch 6 | Loss: 0.5585 | Val NDCG: 0.7873 | smoothed: 0.7849
Epoch 7 | Loss: 0.5572 | Val NDCG: 0.7819 | smoothed: 0.7821
Epoch 8 | Loss: 0.5551 | Val NDCG: 0.7875 | smoothed: 0.7855
Epoch 9 | Loss: 0.5554 | Val NDCG: 0.7810 | smoothed: 0.7834
Epoch 10 | Loss: 0.5545 | Val NDCG: 0.7912 | smoothed: 0.7865
Epoch 11 | Loss: 0.5542 | Val NDCG: 0.7834 | smoothed: 0.7852
Epoch 12 | Loss: 0.5531 | Val NDCG: 0.7862 | smoothed: 0.7869
Epoch 13 | Loss: 0.5520 | Val NDCG: 0.7909 | smoothed: 0.7868
Epoch 14 | Loss: 0.5519 | Val NDCG: 0.7918 | smoothed: 0.7896
Epoch 15 | Loss: 0.5520 | Val NDCG: 0.7880 | smoothed: 0.7902
Epoch 16 | Loss: 0.5517 | Val NDCG: 0.7901 | smoothed: 0.7900
Epoch 17 | Loss: 0.5508 | Val NDCG: 0.7933 | smoothed: 0.7905
Epoch 18 | Loss: 0.5505 | Val NDCG: 0.7884 | smoothed: 0.7906
Epoch 19 | Loss: 0.5501 | Val NDCG: 0.7895 | smoothed: 0.7904
Epoch 20 | Loss: 0.5499 | Val NDCG: 0.7873 | smoothed: 0.7884

Best smoothed NDCG: 0.7906 at epoch 18 of 20 run

1 combinations completed out of 1


--- Grid Search Results ---
 hidden_units  dropout_rate  num_layers    lr  val_ndcg  val_ndcg_raw  best_epoch  epochs_run  max_epochs  seed
           64           0.3           2 0.001  0.790619      0.788442          18          20          20     0

Best config: {'hidden_units': 64.0, 'dropout_rate': 0.3, 'num_layers': 2.0, 'lr': 0.001, 'val_ndcg': 0.7906193233719522, 'val_ndcg_raw': 0.7884420027952377, 'best_epoch': 18.0, 'epochs_run': 20.0, 'max_epochs': 20.0, 'seed': 0.0}
1 of 1 configs reached max_epochs
0 of 1 were still improving when stopped
Best params saved to ../Models/lstm_bce_best_params.json
