task 9 | loss bce | node slurmnode-gpu02
NVIDIA GeForce GTX 1080 Ti, 11264 MiB
NVIDIA GeForce GTX 1080 Ti, 11264 MiB
NVIDIA GeForce GTX 1080 Ti, 11264 MiB
NVIDIA GeForce GTX 1080 Ti, 11264 MiB
NVIDIA GeForce GTX 1080 Ti, 11264 MiB
NVIDIA GeForce GTX 1080 Ti, 11264 MiB
NVIDIA GeForce GTX 1080 Ti, 11264 MiB
NVIDIA GeForce GTX 1080 Ti, 11264 MiB
Using device: cuda
Loading datasets...
Train sessions: 75875 | Val sessions: 16262

Running grid search over 54 combinations...

SLURM array task 9: 1 config -> ../Models/LSTM_grid_bce_task9.csv
Trying: {'hidden_units': 64, 'dropout_rate': 0.3, 'num_layers': 2, 'lr': 0.0001}
Epoch 1 | Loss: 0.6039 | Val NDCG: 0.7509 | smoothed: 0.7509
Epoch 2 | Loss: 0.5833 | Val NDCG: 0.7803 | smoothed: 0.7656
Epoch 3 | Loss: 0.5752 | Val NDCG: 0.7689 | smoothed: 0.7667
Epoch 4 | Loss: 0.5720 | Val NDCG: 0.7846 | smoothed: 0.7779
Epoch 5 | Loss: 0.5699 | Val NDCG: 0.7770 | smoothed: 0.7768
Epoch 6 | Loss: 0.5683 | Val NDCG: 0.7817 | smoothed: 0.7811
Epoch 7 | Loss: 0.5671 | Val NDCG: 0.7772 | smoothed: 0.7786
Epoch 8 | Loss: 0.5656 | Val NDCG: 0.7758 | smoothed: 0.7782
Epoch 9 | Loss: 0.5660 | Val NDCG: 0.7754 | smoothed: 0.7761
Epoch 10 | Loss: 0.5651 | Val NDCG: 0.7845 | smoothed: 0.7785
Epoch 11 | Loss: 0.5648 | Val NDCG: 0.7780 | smoothed: 0.7793

Best smoothed NDCG: 0.7811 at epoch 6 of 11 run

1 combinations completed out of 1


--- Grid Search Results ---
 hidden_units  dropout_rate  num_layers     lr  val_ndcg  val_ndcg_raw  best_epoch  epochs_run  max_epochs  seed
           64           0.3           2 0.0001  0.781075      0.781666           6          11          40     0

Best config: {'hidden_units': 64.0, 'dropout_rate': 0.3, 'num_layers': 2.0, 'lr': 0.0001, 'val_ndcg': 0.7810748999958098, 'val_ndcg_raw': 0.781665622059159, 'best_epoch': 6.0, 'epochs_run': 11.0, 'max_epochs': 40.0, 'seed': 0.0}
0 of 1 configs reached max_epochs
0 of 1 were still improving when stopped
Best params saved to ../Models/lstm_bce_best_params.json
