task 116 | loss drrl | node slurmnode-gpu03
Tesla P100-PCIE-16GB, 16384 MiB
Tesla P100-PCIE-16GB, 16384 MiB
Tesla P100-PCIE-16GB, 16384 MiB
Tesla P100-PCIE-16GB, 16384 MiB
Using device: cuda
Loading datasets...
Train sessions: 75875 | Val sessions: 16262

Running grid search over 162 combinations...

SLURM array task 116: 1 config -> ../Models/LSTM_grid_drrl_task116.csv
Trying: {'hidden_units': 256, 'dropout_rate': 0.1, 'num_layers': 2, 'lr': 0.001, 'gamma': 4}
Epoch 1 | Loss: -0.2229 | Val NDCG: 0.7461 | smoothed: 0.7461
Epoch 2 | Loss: -0.2290 | Val NDCG: 0.7771 | smoothed: 0.7616
Epoch 3 | Loss: -0.2293 | Val NDCG: 0.7742 | smoothed: 0.7658
Epoch 4 | Loss: -0.2302 | Val NDCG: 0.7803 | smoothed: 0.7772
Epoch 5 | Loss: -0.2301 | Val NDCG: 0.7605 | smoothed: 0.7717
Epoch 6 | Loss: -0.2307 | Val NDCG: 0.7621 | smoothed: 0.7677
Epoch 7 | Loss: -0.2307 | Val NDCG: 0.7844 | smoothed: 0.7690
Epoch 8 | Loss: -0.2309 | Val NDCG: 0.7762 | smoothed: 0.7742
Epoch 9 | Loss: -0.2307 | Val NDCG: 0.7865 | smoothed: 0.7824
Epoch 10 | Loss: -0.2312 | Val NDCG: 0.7595 | smoothed: 0.7740
Epoch 11 | Loss: -0.2312 | Val NDCG: 0.7737 | smoothed: 0.7732
Epoch 12 | Loss: -0.2314 | Val NDCG: 0.7559 | smoothed: 0.7630
Epoch 13 | Loss: -0.2313 | Val NDCG: 0.7637 | smoothed: 0.7645
Epoch 14 | Loss: -0.2315 | Val NDCG: 0.7880 | smoothed: 0.7692

Best smoothed NDCG: 0.7824 at epoch 9 of 14 run

1 combinations completed out of 1


--- Grid Search Results ---
 hidden_units  dropout_rate  num_layers    lr  gamma  val_ndcg  val_ndcg_raw  best_epoch  epochs_run  max_epochs  seed
          256           0.1           2 0.001      4  0.782351      0.786483           9          14          20     0

Best config: {'hidden_units': 256.0, 'dropout_rate': 0.1, 'num_layers': 2.0, 'lr': 0.001, 'gamma': 4.0, 'val_ndcg': 0.7823512051372111, 'val_ndcg_raw': 0.7864829025019933, 'best_epoch': 9.0, 'epochs_run': 14.0, 'max_epochs': 20.0, 'seed': 0.0}
0 of 1 configs reached max_epochs
0 of 1 were still improving when stopped
Best params saved to ../Models/lstm_drrl_best_params.json
