task 153 | loss drrl | node slurmnode-gpu03
Tesla P100-PCIE-16GB, 16384 MiB
Tesla P100-PCIE-16GB, 16384 MiB
Tesla P100-PCIE-16GB, 16384 MiB
Tesla P100-PCIE-16GB, 16384 MiB
Using device: cuda
Loading datasets...
Train sessions: 75875 | Val sessions: 16262

Running grid search over 162 combinations...

SLURM array task 153: 1 config -> ../Models/LSTM_grid_drrl_task153.csv
Trying: {'hidden_units': 256, 'dropout_rate': 0.5, 'num_layers': 2, 'lr': 0.0001, 'gamma': 2}
Epoch 1 | Loss: -0.2184 | Val NDCG: 0.6853 | smoothed: 0.6853
Epoch 2 | Loss: -0.2291 | Val NDCG: 0.7032 | smoothed: 0.6942
Epoch 3 | Loss: -0.2297 | Val NDCG: 0.6656 | smoothed: 0.6847
Epoch 4 | Loss: -0.2302 | Val NDCG: 0.6705 | smoothed: 0.6798
Epoch 5 | Loss: -0.2305 | Val NDCG: 0.7636 | smoothed: 0.6999
Epoch 6 | Loss: -0.2307 | Val NDCG: 0.7086 | smoothed: 0.7142
Epoch 7 | Loss: -0.2306 | Val NDCG: 0.7135 | smoothed: 0.7286
Epoch 8 | Loss: -0.2307 | Val NDCG: 0.7243 | smoothed: 0.7155
Epoch 9 | Loss: -0.2307 | Val NDCG: 0.7447 | smoothed: 0.7275
Epoch 10 | Loss: -0.2312 | Val NDCG: 0.7677 | smoothed: 0.7456
Epoch 11 | Loss: -0.2310 | Val NDCG: 0.7710 | smoothed: 0.7611
Epoch 12 | Loss: -0.2312 | Val NDCG: 0.6859 | smoothed: 0.7415
Epoch 13 | Loss: -0.2313 | Val NDCG: 0.7843 | smoothed: 0.7471
Epoch 14 | Loss: -0.2312 | Val NDCG: 0.7201 | smoothed: 0.7301
Epoch 15 | Loss: -0.2314 | Val NDCG: 0.7789 | smoothed: 0.7611
Epoch 16 | Loss: -0.2316 | Val NDCG: 0.7322 | smoothed: 0.7437

Best smoothed NDCG: 0.7611 at epoch 11 of 16 run

1 combinations completed out of 1


--- Grid Search Results ---
 hidden_units  dropout_rate  num_layers     lr  gamma  val_ndcg  val_ndcg_raw  best_epoch  epochs_run  max_epochs  seed
          256           0.5           2 0.0001      2  0.761147      0.771003          11          16          40     0

Best config: {'hidden_units': 256.0, 'dropout_rate': 0.5, 'num_layers': 2.0, 'lr': 0.0001, 'gamma': 2.0, 'val_ndcg': 0.7611474510060806, 'val_ndcg_raw': 0.7710027926209189, 'best_epoch': 11.0, 'epochs_run': 16.0, 'max_epochs': 40.0, 'seed': 0.0}
0 of 1 configs reached max_epochs
0 of 1 were still improving when stopped
Best params saved to ../Models/lstm_drrl_best_params.json
