task 3 | loss bce | node slurmnode-gpu05
Tesla P100-PCIE-16GB, 16384 MiB
Tesla P100-PCIE-16GB, 16384 MiB
Tesla P100-PCIE-16GB, 16384 MiB
Tesla P100-PCIE-16GB, 16384 MiB
Using device: cuda
Loading datasets...
Train sessions: 75875 | Val sessions: 16262

Running grid search over 54 combinations...

SLURM array task 3: 1 config -> ../Models/LSTM_grid_bce_task3.csv
Trying: {'hidden_units': 64, 'dropout_rate': 0.1, 'num_layers': 2, 'lr': 0.0001}
Epoch 1 | Loss: 0.6017 | Val NDCG: 0.7583 | smoothed: 0.7583
Epoch 2 | Loss: 0.5794 | Val NDCG: 0.7777 | smoothed: 0.7680
Epoch 3 | Loss: 0.5701 | Val NDCG: 0.7696 | smoothed: 0.7685
Epoch 4 | Loss: 0.5676 | Val NDCG: 0.7899 | smoothed: 0.7791
Epoch 5 | Loss: 0.5656 | Val NDCG: 0.7706 | smoothed: 0.7767
Epoch 6 | Loss: 0.5648 | Val NDCG: 0.7839 | smoothed: 0.7815
Epoch 7 | Loss: 0.5644 | Val NDCG: 0.7784 | smoothed: 0.7776
Epoch 8 | Loss: 0.5631 | Val NDCG: 0.7782 | smoothed: 0.7801
Epoch 9 | Loss: 0.5635 | Val NDCG: 0.7768 | smoothed: 0.7778
Epoch 10 | Loss: 0.5630 | Val NDCG: 0.7837 | smoothed: 0.7796
Epoch 11 | Loss: 0.5630 | Val NDCG: 0.7769 | smoothed: 0.7791

Best smoothed NDCG: 0.7815 at epoch 6 of 11 run

1 combinations completed out of 1


--- Grid Search Results ---
 hidden_units  dropout_rate  num_layers     lr  val_ndcg  val_ndcg_raw  best_epoch  epochs_run  max_epochs  seed
           64           0.1           2 0.0001  0.781455      0.783857           6          11          40     0

Best config: {'hidden_units': 64.0, 'dropout_rate': 0.1, 'num_layers': 2.0, 'lr': 0.0001, 'val_ndcg': 0.7814554196532678, 'val_ndcg_raw': 0.7838569755757068, 'best_epoch': 6.0, 'epochs_run': 11.0, 'max_epochs': 40.0, 'seed': 0.0}
0 of 1 configs reached max_epochs
0 of 1 were still improving when stopped
Best params saved to ../Models/lstm_bce_best_params.json
