task 83 | loss drrl | node slurmnode-gpu05
Tesla P100-PCIE-16GB, 16384 MiB
Tesla P100-PCIE-16GB, 16384 MiB
Tesla P100-PCIE-16GB, 16384 MiB
Tesla P100-PCIE-16GB, 16384 MiB
Using device: cuda
Loading datasets...
Train sessions: 75875 | Val sessions: 16262

Running grid search over 162 combinations...

SLURM array task 83: 1 config -> ../Models/LSTM_grid_drrl_task83.csv
Trying: {'hidden_units': 128, 'dropout_rate': 0.3, 'num_layers': 2, 'lr': 0.0001, 'gamma': 4}
Epoch 1 | Loss: -0.2151 | Val NDCG: 0.7005 | smoothed: 0.7005
Epoch 2 | Loss: -0.2302 | Val NDCG: 0.7589 | smoothed: 0.7297
Epoch 3 | Loss: -0.2310 | Val NDCG: 0.7482 | smoothed: 0.7359
Epoch 4 | Loss: -0.2313 | Val NDCG: 0.6933 | smoothed: 0.7335
Epoch 5 | Loss: -0.2315 | Val NDCG: 0.7502 | smoothed: 0.7306
Epoch 6 | Loss: -0.2316 | Val NDCG: 0.7704 | smoothed: 0.7380
Epoch 7 | Loss: -0.2318 | Val NDCG: 0.7602 | smoothed: 0.7603
Epoch 8 | Loss: -0.2317 | Val NDCG: 0.7254 | smoothed: 0.7520
Epoch 9 | Loss: -0.2318 | Val NDCG: 0.7277 | smoothed: 0.7378
Epoch 10 | Loss: -0.2318 | Val NDCG: 0.7897 | smoothed: 0.7476
Epoch 11 | Loss: -0.2319 | Val NDCG: 0.7689 | smoothed: 0.7621
Epoch 12 | Loss: -0.2319 | Val NDCG: 0.7767 | smoothed: 0.7784
Epoch 13 | Loss: -0.2320 | Val NDCG: 0.7883 | smoothed: 0.7779
Epoch 14 | Loss: -0.2320 | Val NDCG: 0.7297 | smoothed: 0.7649
Epoch 15 | Loss: -0.2320 | Val NDCG: 0.7035 | smoothed: 0.7405
Epoch 16 | Loss: -0.2320 | Val NDCG: 0.7084 | smoothed: 0.7139
Epoch 17 | Loss: -0.2320 | Val NDCG: 0.7500 | smoothed: 0.7207

Best smoothed NDCG: 0.7784 at epoch 12 of 17 run

1 combinations completed out of 1


--- Grid Search Results ---
 hidden_units  dropout_rate  num_layers     lr  gamma  val_ndcg  val_ndcg_raw  best_epoch  epochs_run  max_epochs  seed
          128           0.3           2 0.0001      4  0.778399      0.776654          12          17          40     0

Best config: {'hidden_units': 128.0, 'dropout_rate': 0.3, 'num_layers': 2.0, 'lr': 0.0001, 'gamma': 4.0, 'val_ndcg': 0.7783985331569273, 'val_ndcg_raw': 0.7766541047964012, 'best_epoch': 12.0, 'epochs_run': 17.0, 'max_epochs': 40.0, 'seed': 0.0}
0 of 1 configs reached max_epochs
0 of 1 were still improving when stopped
Best params saved to ../Models/lstm_drrl_best_params.json
