task 7 | loss pwts | node slurmnode-gpu02
NVIDIA GeForce GTX 1080 Ti, 11264 MiB
NVIDIA GeForce GTX 1080 Ti, 11264 MiB
NVIDIA GeForce GTX 1080 Ti, 11264 MiB
NVIDIA GeForce GTX 1080 Ti, 11264 MiB
NVIDIA GeForce GTX 1080 Ti, 11264 MiB
NVIDIA GeForce GTX 1080 Ti, 11264 MiB
NVIDIA GeForce GTX 1080 Ti, 11264 MiB
NVIDIA GeForce GTX 1080 Ti, 11264 MiB
Using device: cuda
Loading datasets...
Train sessions: 75875 | Val sessions: 16262

Running grid search over 54 combinations...

SLURM array task 7: 1 config -> ../Models/LSTM_grid_pwts_task7.csv
Trying: {'hidden_units': 64, 'dropout_rate': 0.3, 'num_layers': 1, 'lr': 0.0001}
Epoch 1 | Loss: 0.6290 | Val NDCG: 0.7610 | smoothed: 0.7610
Epoch 2 | Loss: 0.6074 | Val NDCG: 0.7767 | smoothed: 0.7689
Epoch 3 | Loss: 0.6013 | Val NDCG: 0.7731 | smoothed: 0.7703
Epoch 4 | Loss: 0.5979 | Val NDCG: 0.7799 | smoothed: 0.7766
Epoch 5 | Loss: 0.5951 | Val NDCG: 0.7748 | smoothed: 0.7759
Epoch 6 | Loss: 0.5940 | Val NDCG: 0.7745 | smoothed: 0.7764
Epoch 7 | Loss: 0.5935 | Val NDCG: 0.7688 | smoothed: 0.7727
Epoch 8 | Loss: 0.5938 | Val NDCG: 0.7708 | smoothed: 0.7714
Epoch 9 | Loss: 0.5916 | Val NDCG: 0.7725 | smoothed: 0.7707

Best smoothed NDCG: 0.7766 at epoch 4 of 9 run

1 combinations completed out of 1


--- Grid Search Results ---
 hidden_units  dropout_rate  num_layers     lr  val_ndcg  val_ndcg_raw  best_epoch  epochs_run  max_epochs  seed
           64           0.3           1 0.0001  0.776573      0.779882           4           9          40     0

Best config: {'hidden_units': 64.0, 'dropout_rate': 0.3, 'num_layers': 1.0, 'lr': 0.0001, 'val_ndcg': 0.7765734025237897, 'val_ndcg_raw': 0.7798824496158787, 'best_epoch': 4.0, 'epochs_run': 9.0, 'max_epochs': 40.0, 'seed': 0.0}
0 of 1 configs reached max_epochs
0 of 1 were still improving when stopped
Best params saved to ../Models/lstm_pwts_best_params.json
