task 4 | loss drrl | node slurmnode-gpu02
NVIDIA GeForce GTX 1080 Ti, 11264 MiB
NVIDIA GeForce GTX 1080 Ti, 11264 MiB
NVIDIA GeForce GTX 1080 Ti, 11264 MiB
NVIDIA GeForce GTX 1080 Ti, 11264 MiB
NVIDIA GeForce GTX 1080 Ti, 11264 MiB
NVIDIA GeForce GTX 1080 Ti, 11264 MiB
NVIDIA GeForce GTX 1080 Ti, 11264 MiB
NVIDIA GeForce GTX 1080 Ti, 11264 MiB
Using device: cuda
Loading datasets...
Train sessions: 75875 | Val sessions: 16262

Running grid search over 162 combinations...

SLURM array task 4: 1 config -> ../Models/LSTM_grid_drrl_task4.csv
Trying: {'hidden_units': 64, 'dropout_rate': 0.1, 'num_layers': 1, 'lr': 0.0001, 'gamma': 3}
Epoch 1 | Loss: -0.1972 | Val NDCG: 0.7282 | smoothed: 0.7282
Epoch 2 | Loss: -0.2269 | Val NDCG: 0.7449 | smoothed: 0.7366
Epoch 3 | Loss: -0.2292 | Val NDCG: 0.7236 | smoothed: 0.7322
Epoch 4 | Loss: -0.2302 | Val NDCG: 0.7287 | smoothed: 0.7324
Epoch 5 | Loss: -0.2308 | Val NDCG: 0.7485 | smoothed: 0.7336
Epoch 6 | Loss: -0.2312 | Val NDCG: 0.7631 | smoothed: 0.7468
Epoch 7 | Loss: -0.2314 | Val NDCG: 0.7659 | smoothed: 0.7592
Epoch 8 | Loss: -0.2316 | Val NDCG: 0.7390 | smoothed: 0.7560
Epoch 9 | Loss: -0.2318 | Val NDCG: 0.7436 | smoothed: 0.7495
Epoch 10 | Loss: -0.2318 | Val NDCG: 0.7857 | smoothed: 0.7561
Epoch 11 | Loss: -0.2320 | Val NDCG: 0.7684 | smoothed: 0.7659
Epoch 12 | Loss: -0.2320 | Val NDCG: 0.7420 | smoothed: 0.7654
Epoch 13 | Loss: -0.2321 | Val NDCG: 0.7753 | smoothed: 0.7619
Epoch 14 | Loss: -0.2321 | Val NDCG: 0.7217 | smoothed: 0.7463
Epoch 15 | Loss: -0.2322 | Val NDCG: 0.7874 | smoothed: 0.7615
Epoch 16 | Loss: -0.2321 | Val NDCG: 0.7327 | smoothed: 0.7473

Best smoothed NDCG: 0.7659 at epoch 11 of 16 run

1 combinations completed out of 1


--- Grid Search Results ---
 hidden_units  dropout_rate  num_layers     lr  gamma  val_ndcg  val_ndcg_raw  best_epoch  epochs_run  max_epochs  seed
           64           0.1           1 0.0001      3  0.765941      0.768431          11          16          40     0

Best config: {'hidden_units': 64.0, 'dropout_rate': 0.1, 'num_layers': 1.0, 'lr': 0.0001, 'gamma': 3.0, 'val_ndcg': 0.7659406350433585, 'val_ndcg_raw': 0.7684312252692903, 'best_epoch': 11.0, 'epochs_run': 16.0, 'max_epochs': 40.0, 'seed': 0.0}
0 of 1 configs reached max_epochs
0 of 1 were still improving when stopped
Best params saved to ../Models/lstm_drrl_best_params.json
