task 17 | loss drrl | node slurmnode-gpu02
NVIDIA GeForce GTX 1080 Ti, 11264 MiB
NVIDIA GeForce GTX 1080 Ti, 11264 MiB
NVIDIA GeForce GTX 1080 Ti, 11264 MiB
NVIDIA GeForce GTX 1080 Ti, 11264 MiB
NVIDIA GeForce GTX 1080 Ti, 11264 MiB
NVIDIA GeForce GTX 1080 Ti, 11264 MiB
NVIDIA GeForce GTX 1080 Ti, 11264 MiB
NVIDIA GeForce GTX 1080 Ti, 11264 MiB
Using device: cuda
Loading datasets...
Train sessions: 75875 | Val sessions: 16262

Running grid search over 162 combinations...

SLURM array task 17: 1 config -> ../Models/LSTM_grid_drrl_task17.csv
Trying: {'hidden_units': 64, 'dropout_rate': 0.1, 'num_layers': 3, 'lr': 0.0001, 'gamma': 4}
Epoch 1 | Loss: -0.2091 | Val NDCG: 0.7437 | smoothed: 0.7437
Epoch 2 | Loss: -0.2287 | Val NDCG: 0.7272 | smoothed: 0.7355
Epoch 3 | Loss: -0.2308 | Val NDCG: 0.6916 | smoothed: 0.7208
Epoch 4 | Loss: -0.2316 | Val NDCG: 0.7601 | smoothed: 0.7263
Epoch 5 | Loss: -0.2317 | Val NDCG: 0.7092 | smoothed: 0.7203
Epoch 6 | Loss: -0.2319 | Val NDCG: 0.7017 | smoothed: 0.7237

Best smoothed NDCG: 0.7437 at epoch 1 of 6 run

1 combinations completed out of 1


--- Grid Search Results ---
 hidden_units  dropout_rate  num_layers     lr  gamma  val_ndcg  val_ndcg_raw  best_epoch  epochs_run  max_epochs  seed
           64           0.1           3 0.0001      4  0.743726      0.743726           1           6          40     0

Best config: {'hidden_units': 64.0, 'dropout_rate': 0.1, 'num_layers': 3.0, 'lr': 0.0001, 'gamma': 4.0, 'val_ndcg': 0.743725631614631, 'val_ndcg_raw': 0.743725631614631, 'best_epoch': 1.0, 'epochs_run': 6.0, 'max_epochs': 40.0, 'seed': 0.0}
0 of 1 configs reached max_epochs
0 of 1 were still improving when stopped
Best params saved to ../Models/lstm_drrl_best_params.json
