task 14 | loss drrl | node slurmnode-gpu02
NVIDIA GeForce GTX 1080 Ti, 11264 MiB
NVIDIA GeForce GTX 1080 Ti, 11264 MiB
NVIDIA GeForce GTX 1080 Ti, 11264 MiB
NVIDIA GeForce GTX 1080 Ti, 11264 MiB
NVIDIA GeForce GTX 1080 Ti, 11264 MiB
NVIDIA GeForce GTX 1080 Ti, 11264 MiB
NVIDIA GeForce GTX 1080 Ti, 11264 MiB
NVIDIA GeForce GTX 1080 Ti, 11264 MiB
Using device: cuda
Loading datasets...
Train sessions: 75875 | Val sessions: 16262

Running grid search over 162 combinations...

SLURM array task 14: 1 config -> ../Models/LSTM_grid_drrl_task14.csv
Trying: {'hidden_units': 64, 'dropout_rate': 0.1, 'num_layers': 3, 'lr': 0.001, 'gamma': 4}
Epoch 1 | Loss: -0.2249 | Val NDCG: 0.7537 | smoothed: 0.7537
Epoch 2 | Loss: -0.2291 | Val NDCG: 0.7684 | smoothed: 0.7610
Epoch 3 | Loss: -0.2303 | Val NDCG: 0.7596 | smoothed: 0.7606
Epoch 4 | Loss: -0.2303 | Val NDCG: 0.7997 | smoothed: 0.7759
Epoch 5 | Loss: -0.2304 | Val NDCG: 0.7556 | smoothed: 0.7717
Epoch 6 | Loss: -0.2307 | Val NDCG: 0.7932 | smoothed: 0.7828
Epoch 7 | Loss: -0.2310 | Val NDCG: 0.7625 | smoothed: 0.7704
Epoch 8 | Loss: -0.2308 | Val NDCG: 0.7770 | smoothed: 0.7776
Epoch 9 | Loss: -0.2310 | Val NDCG: 0.7706 | smoothed: 0.7700
Epoch 10 | Loss: -0.2309 | Val NDCG: 0.7891 | smoothed: 0.7789
Epoch 11 | Loss: -0.2311 | Val NDCG: 0.7775 | smoothed: 0.7791

Best smoothed NDCG: 0.7828 at epoch 6 of 11 run

1 combinations completed out of 1


--- Grid Search Results ---
 hidden_units  dropout_rate  num_layers    lr  gamma  val_ndcg  val_ndcg_raw  best_epoch  epochs_run  max_epochs  seed
           64           0.1           3 0.001      4  0.782846      0.793157           6          11          20     0

Best config: {'hidden_units': 64.0, 'dropout_rate': 0.1, 'num_layers': 3.0, 'lr': 0.001, 'gamma': 4.0, 'val_ndcg': 0.7828458395623752, 'val_ndcg_raw': 0.7931571924212355, 'best_epoch': 6.0, 'epochs_run': 11.0, 'max_epochs': 20.0, 'seed': 0.0}
0 of 1 configs reached max_epochs
0 of 1 were still improving when stopped
Best params saved to ../Models/lstm_drrl_best_params.json
