task 118 | loss drrl | node slurmnode-gpu03
Tesla P100-PCIE-16GB, 16384 MiB
Tesla P100-PCIE-16GB, 16384 MiB
Tesla P100-PCIE-16GB, 16384 MiB
Tesla P100-PCIE-16GB, 16384 MiB
Using device: cuda
Loading datasets...
Train sessions: 75875 | Val sessions: 16262

Running grid search over 162 combinations...

SLURM array task 118: 1 config -> ../Models/LSTM_grid_drrl_task118.csv
Trying: {'hidden_units': 256, 'dropout_rate': 0.1, 'num_layers': 2, 'lr': 0.0001, 'gamma': 3}
Epoch 1 | Loss: -0.2218 | Val NDCG: 0.7205 | smoothed: 0.7205
Epoch 2 | Loss: -0.2295 | Val NDCG: 0.7934 | smoothed: 0.7569
Epoch 3 | Loss: -0.2306 | Val NDCG: 0.6934 | smoothed: 0.7358
Epoch 4 | Loss: -0.2309 | Val NDCG: 0.7764 | smoothed: 0.7544
Epoch 5 | Loss: -0.2312 | Val NDCG: 0.7851 | smoothed: 0.7517
Epoch 6 | Loss: -0.2314 | Val NDCG: 0.7604 | smoothed: 0.7740
Epoch 7 | Loss: -0.2315 | Val NDCG: 0.7968 | smoothed: 0.7808
Epoch 8 | Loss: -0.2315 | Val NDCG: 0.7636 | smoothed: 0.7736
Epoch 9 | Loss: -0.2315 | Val NDCG: 0.7691 | smoothed: 0.7765
Epoch 10 | Loss: -0.2317 | Val NDCG: 0.7678 | smoothed: 0.7669
Epoch 11 | Loss: -0.2317 | Val NDCG: 0.7794 | smoothed: 0.7721
Epoch 12 | Loss: -0.2317 | Val NDCG: 0.7630 | smoothed: 0.7701

Best smoothed NDCG: 0.7808 at epoch 7 of 12 run

1 combinations completed out of 1


--- Grid Search Results ---
 hidden_units  dropout_rate  num_layers     lr  gamma  val_ndcg  val_ndcg_raw  best_epoch  epochs_run  max_epochs  seed
          256           0.1           2 0.0001      3  0.780759      0.796775           7          12          40     0

Best config: {'hidden_units': 256.0, 'dropout_rate': 0.1, 'num_layers': 2.0, 'lr': 0.0001, 'gamma': 3.0, 'val_ndcg': 0.7807589379156519, 'val_ndcg_raw': 0.7967747446578128, 'best_epoch': 7.0, 'epochs_run': 12.0, 'max_epochs': 40.0, 'seed': 0.0}
0 of 1 configs reached max_epochs
0 of 1 were still improving when stopped
Best params saved to ../Models/lstm_drrl_best_params.json
