task 25 | loss drrl | node slurmnode-gpu02
NVIDIA GeForce GTX 1080 Ti, 11264 MiB
NVIDIA GeForce GTX 1080 Ti, 11264 MiB
NVIDIA GeForce GTX 1080 Ti, 11264 MiB
NVIDIA GeForce GTX 1080 Ti, 11264 MiB
NVIDIA GeForce GTX 1080 Ti, 11264 MiB
NVIDIA GeForce GTX 1080 Ti, 11264 MiB
NVIDIA GeForce GTX 1080 Ti, 11264 MiB
NVIDIA GeForce GTX 1080 Ti, 11264 MiB
Using device: cuda
Loading datasets...
Train sessions: 75875 | Val sessions: 16262

Running grid search over 162 combinations...

SLURM array task 25: 1 config -> ../Models/LSTM_grid_drrl_task25.csv
Trying: {'hidden_units': 64, 'dropout_rate': 0.3, 'num_layers': 2, 'lr': 0.001, 'gamma': 3}
Epoch 1 | Loss: -0.2277 | Val NDCG: 0.7684 | smoothed: 0.7684
Epoch 2 | Loss: -0.2313 | Val NDCG: 0.7678 | smoothed: 0.7681
Epoch 3 | Loss: -0.2315 | Val NDCG: 0.7935 | smoothed: 0.7766
Epoch 4 | Loss: -0.2317 | Val NDCG: 0.7919 | smoothed: 0.7844
Epoch 5 | Loss: -0.2318 | Val NDCG: 0.7902 | smoothed: 0.7919
Epoch 6 | Loss: -0.2318 | Val NDCG: 0.7719 | smoothed: 0.7846
Epoch 7 | Loss: -0.2318 | Val NDCG: 0.7925 | smoothed: 0.7849
Epoch 8 | Loss: -0.2319 | Val NDCG: 0.7825 | smoothed: 0.7823
Epoch 9 | Loss: -0.2319 | Val NDCG: 0.7921 | smoothed: 0.7890
Epoch 10 | Loss: -0.2320 | Val NDCG: 0.7719 | smoothed: 0.7822

Best smoothed NDCG: 0.7919 at epoch 5 of 10 run

1 combinations completed out of 1


--- Grid Search Results ---
 hidden_units  dropout_rate  num_layers    lr  gamma  val_ndcg  val_ndcg_raw  best_epoch  epochs_run  max_epochs  seed
           64           0.3           2 0.001      3  0.791865      0.790214           5          10          20     0

Best config: {'hidden_units': 64.0, 'dropout_rate': 0.3, 'num_layers': 2.0, 'lr': 0.001, 'gamma': 3.0, 'val_ndcg': 0.7918651880059571, 'val_ndcg_raw': 0.7902135107460072, 'best_epoch': 5.0, 'epochs_run': 10.0, 'max_epochs': 20.0, 'seed': 0.0}
0 of 1 configs reached max_epochs
0 of 1 were still improving when stopped
Best params saved to ../Models/lstm_drrl_best_params.json
