task 19 | loss bce | node slurmnode-gpu07
NVIDIA A40, 46068 MiB
NVIDIA A40, 46068 MiB
NVIDIA A40, 46068 MiB
NVIDIA A40, 46068 MiB
Using device: cuda
Loading datasets...
Train sessions: 75875 | Val sessions: 16262

Running grid search over 54 combinations...

SLURM array task 19: 1 config -> ../Models/LSTM_grid_bce_task19.csv
Trying: {'hidden_units': 128, 'dropout_rate': 0.1, 'num_layers': 1, 'lr': 0.0001}
Epoch 1 | Loss: 0.5871 | Val NDCG: 0.7796 | smoothed: 0.7796
Epoch 2 | Loss: 0.5675 | Val NDCG: 0.7753 | smoothed: 0.7774
Epoch 3 | Loss: 0.5640 | Val NDCG: 0.7776 | smoothed: 0.7775
Epoch 4 | Loss: 0.5625 | Val NDCG: 0.7840 | smoothed: 0.7790
Epoch 5 | Loss: 0.5631 | Val NDCG: 0.7735 | smoothed: 0.7784
Epoch 6 | Loss: 0.5622 | Val NDCG: 0.7826 | smoothed: 0.7800
Epoch 7 | Loss: 0.5616 | Val NDCG: 0.7801 | smoothed: 0.7787
Epoch 8 | Loss: 0.5627 | Val NDCG: 0.7759 | smoothed: 0.7795
Epoch 9 | Loss: 0.5615 | Val NDCG: 0.7785 | smoothed: 0.7782
Epoch 10 | Loss: 0.5596 | Val NDCG: 0.7814 | smoothed: 0.7786
Epoch 11 | Loss: 0.5597 | Val NDCG: 0.7841 | smoothed: 0.7813
Epoch 12 | Loss: 0.5605 | Val NDCG: 0.7804 | smoothed: 0.7820
Epoch 13 | Loss: 0.5600 | Val NDCG: 0.7829 | smoothed: 0.7825
Epoch 14 | Loss: 0.5585 | Val NDCG: 0.7847 | smoothed: 0.7827
Epoch 15 | Loss: 0.5588 | Val NDCG: 0.7840 | smoothed: 0.7839
Epoch 16 | Loss: 0.5584 | Val NDCG: 0.7851 | smoothed: 0.7846
Epoch 17 | Loss: 0.5577 | Val NDCG: 0.7837 | smoothed: 0.7842
Epoch 18 | Loss: 0.5569 | Val NDCG: 0.7834 | smoothed: 0.7841
Epoch 19 | Loss: 0.5568 | Val NDCG: 0.7855 | smoothed: 0.7842
Epoch 20 | Loss: 0.5561 | Val NDCG: 0.7831 | smoothed: 0.7840
Epoch 21 | Loss: 0.5562 | Val NDCG: 0.7829 | smoothed: 0.7838

Best smoothed NDCG: 0.7846 at epoch 16 of 21 run

1 combinations completed out of 1


--- Grid Search Results ---
 hidden_units  dropout_rate  num_layers     lr  val_ndcg  val_ndcg_raw  best_epoch  epochs_run  max_epochs  seed
          128           0.1           1 0.0001  0.784583       0.78508          16          21          40     0

Best config: {'hidden_units': 128.0, 'dropout_rate': 0.1, 'num_layers': 1.0, 'lr': 0.0001, 'val_ndcg': 0.7845831097961272, 'val_ndcg_raw': 0.7850802677981695, 'best_epoch': 16.0, 'epochs_run': 21.0, 'max_epochs': 40.0, 'seed': 0.0}
0 of 1 configs reached max_epochs
0 of 1 were still improving when stopped
Best params saved to ../Models/lstm_bce_best_params.json
