task 38 | loss bce | node slurmnode-gpu02
NVIDIA GeForce GTX 1080 Ti, 11264 MiB
NVIDIA GeForce GTX 1080 Ti, 11264 MiB
NVIDIA GeForce GTX 1080 Ti, 11264 MiB
NVIDIA GeForce GTX 1080 Ti, 11264 MiB
NVIDIA GeForce GTX 1080 Ti, 11264 MiB
NVIDIA GeForce GTX 1080 Ti, 11264 MiB
NVIDIA GeForce GTX 1080 Ti, 11264 MiB
NVIDIA GeForce GTX 1080 Ti, 11264 MiB
Using device: cuda
Loading datasets...
Train sessions: 75875 | Val sessions: 16262

Running grid search over 54 combinations...

SLURM array task 38: 1 config -> ../Models/LSTM_grid_bce_task38.csv
Trying: {'hidden_units': 256, 'dropout_rate': 0.1, 'num_layers': 2, 'lr': 0.001}
Epoch 1 | Loss: 0.5711 | Val NDCG: 0.7767 | smoothed: 0.7767
Epoch 2 | Loss: 0.5615 | Val NDCG: 0.7849 | smoothed: 0.7808
Epoch 3 | Loss: 0.5578 | Val NDCG: 0.7844 | smoothed: 0.7820
Epoch 4 | Loss: 0.5553 | Val NDCG: 0.7872 | smoothed: 0.7855
Epoch 5 | Loss: 0.5525 | Val NDCG: 0.7845 | smoothed: 0.7854
Epoch 6 | Loss: 0.5510 | Val NDCG: 0.7932 | smoothed: 0.7883
Epoch 7 | Loss: 0.5494 | Val NDCG: 0.7894 | smoothed: 0.7890
Epoch 8 | Loss: 0.5484 | Val NDCG: 0.7915 | smoothed: 0.7914
Epoch 9 | Loss: 0.5468 | Val NDCG: 0.7839 | smoothed: 0.7883
Epoch 10 | Loss: 0.5444 | Val NDCG: 0.7904 | smoothed: 0.7886
Epoch 11 | Loss: 0.5435 | Val NDCG: 0.7923 | smoothed: 0.7889
Epoch 12 | Loss: 0.5421 | Val NDCG: 0.7911 | smoothed: 0.7913
Epoch 13 | Loss: 0.5384 | Val NDCG: 0.7897 | smoothed: 0.7910

Best smoothed NDCG: 0.7914 at epoch 8 of 13 run

1 combinations completed out of 1


--- Grid Search Results ---
 hidden_units  dropout_rate  num_layers    lr  val_ndcg  val_ndcg_raw  best_epoch  epochs_run  max_epochs  seed
          256           0.1           2 0.001  0.791359      0.791515           8          13          20     0

Best config: {'hidden_units': 256.0, 'dropout_rate': 0.1, 'num_layers': 2.0, 'lr': 0.001, 'val_ndcg': 0.7913594653704702, 'val_ndcg_raw': 0.7915152112652045, 'best_epoch': 8.0, 'epochs_run': 13.0, 'max_epochs': 20.0, 'seed': 0.0}
0 of 1 configs reached max_epochs
0 of 1 were still improving when stopped
Best params saved to ../Models/lstm_bce_best_params.json
