task 150 | loss drrl | node slurmnode-gpu03
Tesla P100-PCIE-16GB, 16384 MiB
Tesla P100-PCIE-16GB, 16384 MiB
Tesla P100-PCIE-16GB, 16384 MiB
Tesla P100-PCIE-16GB, 16384 MiB
Using device: cuda
Loading datasets...
Train sessions: 75875 | Val sessions: 16262

Running grid search over 162 combinations...

SLURM array task 150: 1 config -> ../Models/LSTM_grid_drrl_task150.csv
Trying: {'hidden_units': 256, 'dropout_rate': 0.5, 'num_layers': 2, 'lr': 0.001, 'gamma': 2}
Epoch 1 | Loss: -0.2178 | Val NDCG: 0.7783 | smoothed: 0.7783
Epoch 2 | Loss: -0.2270 | Val NDCG: 0.7781 | smoothed: 0.7782
Epoch 3 | Loss: -0.2280 | Val NDCG: 0.7743 | smoothed: 0.7769
Epoch 4 | Loss: -0.2288 | Val NDCG: 0.7742 | smoothed: 0.7755
Epoch 5 | Loss: -0.2290 | Val NDCG: 0.7615 | smoothed: 0.7700
Epoch 6 | Loss: -0.2295 | Val NDCG: 0.7227 | smoothed: 0.7528

Best smoothed NDCG: 0.7783 at epoch 1 of 6 run

1 combinations completed out of 1


--- Grid Search Results ---
 hidden_units  dropout_rate  num_layers    lr  gamma  val_ndcg  val_ndcg_raw  best_epoch  epochs_run  max_epochs  seed
          256           0.5           2 0.001      2  0.778293      0.778293           1           6          20     0

Best config: {'hidden_units': 256.0, 'dropout_rate': 0.5, 'num_layers': 2.0, 'lr': 0.001, 'gamma': 2.0, 'val_ndcg': 0.778293451617666, 'val_ndcg_raw': 0.778293451617666, 'best_epoch': 1.0, 'epochs_run': 6.0, 'max_epochs': 20.0, 'seed': 0.0}
0 of 1 configs reached max_epochs
0 of 1 were still improving when stopped
Best params saved to ../Models/lstm_drrl_best_params.json
