task 145 | loss drrl | node slurmnode-gpu03
Tesla P100-PCIE-16GB, 16384 MiB
Tesla P100-PCIE-16GB, 16384 MiB
Tesla P100-PCIE-16GB, 16384 MiB
Tesla P100-PCIE-16GB, 16384 MiB
Using device: cuda
Loading datasets...
Train sessions: 75875 | Val sessions: 16262

Running grid search over 162 combinations...

SLURM array task 145: 1 config -> ../Models/LSTM_grid_drrl_task145.csv
Trying: {'hidden_units': 256, 'dropout_rate': 0.5, 'num_layers': 1, 'lr': 0.001, 'gamma': 3}
Epoch 1 | Loss: -0.2204 | Val NDCG: 0.7494 | smoothed: 0.7494
Epoch 2 | Loss: -0.2287 | Val NDCG: 0.7349 | smoothed: 0.7422
Epoch 3 | Loss: -0.2302 | Val NDCG: 0.7566 | smoothed: 0.7470
Epoch 4 | Loss: -0.2308 | Val NDCG: 0.7842 | smoothed: 0.7586
Epoch 5 | Loss: -0.2313 | Val NDCG: 0.7692 | smoothed: 0.7700
Epoch 6 | Loss: -0.2316 | Val NDCG: 0.7707 | smoothed: 0.7747
Epoch 7 | Loss: -0.2317 | Val NDCG: 0.7728 | smoothed: 0.7709
Epoch 8 | Loss: -0.2315 | Val NDCG: 0.7820 | smoothed: 0.7752
Epoch 9 | Loss: -0.2316 | Val NDCG: 0.7846 | smoothed: 0.7798
Epoch 10 | Loss: -0.2314 | Val NDCG: 0.7765 | smoothed: 0.7810
Epoch 11 | Loss: -0.2316 | Val NDCG: 0.7749 | smoothed: 0.7786
Epoch 12 | Loss: -0.2315 | Val NDCG: 0.7691 | smoothed: 0.7735
Epoch 13 | Loss: -0.2318 | Val NDCG: 0.7777 | smoothed: 0.7739
Epoch 14 | Loss: -0.2317 | Val NDCG: 0.7714 | smoothed: 0.7727
Epoch 15 | Loss: -0.2315 | Val NDCG: 0.7724 | smoothed: 0.7738

Best smoothed NDCG: 0.7810 at epoch 10 of 15 run

1 combinations completed out of 1


--- Grid Search Results ---
 hidden_units  dropout_rate  num_layers    lr  gamma  val_ndcg  val_ndcg_raw  best_epoch  epochs_run  max_epochs  seed
          256           0.5           1 0.001      3  0.781035      0.776475          10          15          20     0

Best config: {'hidden_units': 256.0, 'dropout_rate': 0.5, 'num_layers': 1.0, 'lr': 0.001, 'gamma': 3.0, 'val_ndcg': 0.7810352976136031, 'val_ndcg_raw': 0.7764751530052524, 'best_epoch': 10.0, 'epochs_run': 15.0, 'max_epochs': 20.0, 'seed': 0.0}
0 of 1 configs reached max_epochs
0 of 1 were still improving when stopped
Best params saved to ../Models/lstm_drrl_best_params.json
