task 32 | loss pwts | node slurmnode-gpu02
NVIDIA GeForce GTX 1080 Ti, 11264 MiB
NVIDIA GeForce GTX 1080 Ti, 11264 MiB
NVIDIA GeForce GTX 1080 Ti, 11264 MiB
NVIDIA GeForce GTX 1080 Ti, 11264 MiB
NVIDIA GeForce GTX 1080 Ti, 11264 MiB
NVIDIA GeForce GTX 1080 Ti, 11264 MiB
NVIDIA GeForce GTX 1080 Ti, 11264 MiB
NVIDIA GeForce GTX 1080 Ti, 11264 MiB
Using device: cuda
Loading datasets...
Train sessions: 75875 | Val sessions: 16262

Running grid search over 54 combinations...

SLURM array task 32: 1 config -> ../Models/LSTM_grid_pwts_task32.csv
Trying: {'hidden_units': 128, 'dropout_rate': 0.5, 'num_layers': 2, 'lr': 0.001}
Epoch 1 | Loss: 0.6066 | Val NDCG: 0.7759 | smoothed: 0.7759
Epoch 2 | Loss: 0.5930 | Val NDCG: 0.7763 | smoothed: 0.7761
Epoch 3 | Loss: 0.5901 | Val NDCG: 0.7805 | smoothed: 0.7776
Epoch 4 | Loss: 0.5880 | Val NDCG: 0.7890 | smoothed: 0.7819
Epoch 5 | Loss: 0.5859 | Val NDCG: 0.7726 | smoothed: 0.7807
Epoch 6 | Loss: 0.5837 | Val NDCG: 0.7830 | smoothed: 0.7815
Epoch 7 | Loss: 0.5841 | Val NDCG: 0.7784 | smoothed: 0.7780
Epoch 8 | Loss: 0.5824 | Val NDCG: 0.7857 | smoothed: 0.7824
Epoch 9 | Loss: 0.5813 | Val NDCG: 0.7805 | smoothed: 0.7815
Epoch 10 | Loss: 0.5810 | Val NDCG: 0.7891 | smoothed: 0.7851
Epoch 11 | Loss: 0.5808 | Val NDCG: 0.7851 | smoothed: 0.7849
Epoch 12 | Loss: 0.5790 | Val NDCG: 0.7841 | smoothed: 0.7861
Epoch 13 | Loss: 0.5784 | Val NDCG: 0.7881 | smoothed: 0.7858
Epoch 14 | Loss: 0.5782 | Val NDCG: 0.7885 | smoothed: 0.7869
Epoch 15 | Loss: 0.5788 | Val NDCG: 0.7860 | smoothed: 0.7875
Epoch 16 | Loss: 0.5780 | Val NDCG: 0.7877 | smoothed: 0.7874
Epoch 17 | Loss: 0.5774 | Val NDCG: 0.7873 | smoothed: 0.7870
Epoch 18 | Loss: 0.5770 | Val NDCG: 0.7865 | smoothed: 0.7872
Epoch 19 | Loss: 0.5764 | Val NDCG: 0.7886 | smoothed: 0.7874
Epoch 20 | Loss: 0.5763 | Val NDCG: 0.7902 | smoothed: 0.7884

Best smoothed NDCG: 0.7884 at epoch 20 of 20 run

1 combinations completed out of 1


--- Grid Search Results ---
 hidden_units  dropout_rate  num_layers    lr  val_ndcg  val_ndcg_raw  best_epoch  epochs_run  max_epochs  seed
          128           0.5           2 0.001  0.788429      0.790231          20          20          20     0

Best config: {'hidden_units': 128.0, 'dropout_rate': 0.5, 'num_layers': 2.0, 'lr': 0.001, 'val_ndcg': 0.7884294824169161, 'val_ndcg_raw': 0.7902311752863903, 'best_epoch': 20.0, 'epochs_run': 20.0, 'max_epochs': 20.0, 'seed': 0.0}
1 of 1 configs reached max_epochs
1 of 1 were still improving when stopped
Best params saved to ../Models/lstm_pwts_best_params.json
