task 17 | loss pwts | node slurmnode-gpu02
NVIDIA GeForce GTX 1080 Ti, 11264 MiB
NVIDIA GeForce GTX 1080 Ti, 11264 MiB
NVIDIA GeForce GTX 1080 Ti, 11264 MiB
NVIDIA GeForce GTX 1080 Ti, 11264 MiB
NVIDIA GeForce GTX 1080 Ti, 11264 MiB
NVIDIA GeForce GTX 1080 Ti, 11264 MiB
NVIDIA GeForce GTX 1080 Ti, 11264 MiB
NVIDIA GeForce GTX 1080 Ti, 11264 MiB
Using device: cuda
Loading datasets...
Train sessions: 75875 | Val sessions: 16262

Running grid search over 54 combinations...

SLURM array task 17: 1 config -> ../Models/LSTM_grid_pwts_task17.csv
Trying: {'hidden_units': 64, 'dropout_rate': 0.5, 'num_layers': 3, 'lr': 0.0001}
Epoch 1 | Loss: 0.6411 | Val NDCG: 0.6983 | smoothed: 0.6983
Epoch 2 | Loss: 0.6187 | Val NDCG: 0.7589 | smoothed: 0.7286
Epoch 3 | Loss: 0.6090 | Val NDCG: 0.7568 | smoothed: 0.7380
Epoch 4 | Loss: 0.6056 | Val NDCG: 0.7729 | smoothed: 0.7629
Epoch 5 | Loss: 0.6022 | Val NDCG: 0.7706 | smoothed: 0.7668
Epoch 6 | Loss: 0.5999 | Val NDCG: 0.7723 | smoothed: 0.7720
Epoch 7 | Loss: 0.6000 | Val NDCG: 0.7704 | smoothed: 0.7711
Epoch 8 | Loss: 0.5980 | Val NDCG: 0.7740 | smoothed: 0.7723
Epoch 9 | Loss: 0.5968 | Val NDCG: 0.7715 | smoothed: 0.7720
Epoch 10 | Loss: 0.5947 | Val NDCG: 0.7750 | smoothed: 0.7735
Epoch 11 | Loss: 0.5939 | Val NDCG: 0.7729 | smoothed: 0.7731
Epoch 12 | Loss: 0.5942 | Val NDCG: 0.7724 | smoothed: 0.7735
Epoch 13 | Loss: 0.5932 | Val NDCG: 0.7796 | smoothed: 0.7750
Epoch 14 | Loss: 0.5925 | Val NDCG: 0.7798 | smoothed: 0.7773
Epoch 15 | Loss: 0.5922 | Val NDCG: 0.7742 | smoothed: 0.7778
Epoch 16 | Loss: 0.5907 | Val NDCG: 0.7778 | smoothed: 0.7773
Epoch 17 | Loss: 0.5921 | Val NDCG: 0.7758 | smoothed: 0.7759
Epoch 18 | Loss: 0.5911 | Val NDCG: 0.7754 | smoothed: 0.7763
Epoch 19 | Loss: 0.5904 | Val NDCG: 0.7791 | smoothed: 0.7768
Epoch 20 | Loss: 0.5905 | Val NDCG: 0.7763 | smoothed: 0.7769

Best smoothed NDCG: 0.7778 at epoch 15 of 20 run

1 combinations completed out of 1


--- Grid Search Results ---
 hidden_units  dropout_rate  num_layers     lr  val_ndcg  val_ndcg_raw  best_epoch  epochs_run  max_epochs  seed
           64           0.5           3 0.0001  0.777831      0.774155          15          20          40     0

Best config: {'hidden_units': 64.0, 'dropout_rate': 0.5, 'num_layers': 3.0, 'lr': 0.0001, 'val_ndcg': 0.7778306724836717, 'val_ndcg_raw': 0.7741553690347032, 'best_epoch': 15.0, 'epochs_run': 20.0, 'max_epochs': 40.0, 'seed': 0.0}
0 of 1 configs reached max_epochs
0 of 1 were still improving when stopped
Best params saved to ../Models/lstm_pwts_best_params.json
