task 99 | loss drrl | node slurmnode-gpu03
Tesla P100-PCIE-16GB, 16384 MiB
Tesla P100-PCIE-16GB, 16384 MiB
Tesla P100-PCIE-16GB, 16384 MiB
Tesla P100-PCIE-16GB, 16384 MiB
Using device: cuda
Loading datasets...
Train sessions: 75875 | Val sessions: 16262

Running grid search over 162 combinations...

SLURM array task 99: 1 config -> ../Models/LSTM_grid_drrl_task99.csv
Trying: {'hidden_units': 128, 'dropout_rate': 0.5, 'num_layers': 2, 'lr': 0.0001, 'gamma': 2}
Epoch 1 | Loss: -0.2115 | Val NDCG: 0.6685 | smoothed: 0.6685
Epoch 2 | Loss: -0.2295 | Val NDCG: 0.6755 | smoothed: 0.6720
Epoch 3 | Loss: -0.2304 | Val NDCG: 0.7039 | smoothed: 0.6826
Epoch 4 | Loss: -0.2306 | Val NDCG: 0.6628 | smoothed: 0.6807
Epoch 5 | Loss: -0.2312 | Val NDCG: 0.6917 | smoothed: 0.6862
Epoch 6 | Loss: -0.2312 | Val NDCG: 0.7473 | smoothed: 0.7006
Epoch 7 | Loss: -0.2313 | Val NDCG: 0.6841 | smoothed: 0.7077
Epoch 8 | Loss: -0.2314 | Val NDCG: 0.7739 | smoothed: 0.7351
Epoch 9 | Loss: -0.2315 | Val NDCG: 0.7014 | smoothed: 0.7198
Epoch 10 | Loss: -0.2315 | Val NDCG: 0.6980 | smoothed: 0.7244
Epoch 11 | Loss: -0.2316 | Val NDCG: 0.7237 | smoothed: 0.7077
Epoch 12 | Loss: -0.2316 | Val NDCG: 0.7052 | smoothed: 0.7090
Epoch 13 | Loss: -0.2317 | Val NDCG: 0.6972 | smoothed: 0.7087

Best smoothed NDCG: 0.7351 at epoch 8 of 13 run

1 combinations completed out of 1


--- Grid Search Results ---
 hidden_units  dropout_rate  num_layers     lr  gamma  val_ndcg  val_ndcg_raw  best_epoch  epochs_run  max_epochs  seed
          128           0.5           2 0.0001      2  0.735119      0.773917           8          13          40     0

Best config: {'hidden_units': 128.0, 'dropout_rate': 0.5, 'num_layers': 2.0, 'lr': 0.0001, 'gamma': 2.0, 'val_ndcg': 0.7351191987164577, 'val_ndcg_raw': 0.7739170073007604, 'best_epoch': 8.0, 'epochs_run': 13.0, 'max_epochs': 40.0, 'seed': 0.0}
0 of 1 configs reached max_epochs
0 of 1 were still improving when stopped
Best params saved to ../Models/lstm_drrl_best_params.json
