task 26 | loss pwts | node slurmnode-gpu03
Tesla P100-PCIE-16GB, 16384 MiB
Tesla P100-PCIE-16GB, 16384 MiB
Tesla P100-PCIE-16GB, 16384 MiB
Tesla P100-PCIE-16GB, 16384 MiB
Using device: cuda
Loading datasets...
Train sessions: 75875 | Val sessions: 16262

Running grid search over 54 combinations...

SLURM array task 26: 1 config -> ../Models/LSTM_grid_pwts_task26.csv
Trying: {'hidden_units': 128, 'dropout_rate': 0.3, 'num_layers': 2, 'lr': 0.001}
Epoch 1 | Loss: 0.6036 | Val NDCG: 0.7772 | smoothed: 0.7772
Epoch 2 | Loss: 0.5918 | Val NDCG: 0.7797 | smoothed: 0.7784
Epoch 3 | Loss: 0.5878 | Val NDCG: 0.7840 | smoothed: 0.7803
Epoch 4 | Loss: 0.5861 | Val NDCG: 0.7867 | smoothed: 0.7835
Epoch 5 | Loss: 0.5836 | Val NDCG: 0.7769 | smoothed: 0.7826
Epoch 6 | Loss: 0.5817 | Val NDCG: 0.7845 | smoothed: 0.7827
Epoch 7 | Loss: 0.5818 | Val NDCG: 0.7813 | smoothed: 0.7809
Epoch 8 | Loss: 0.5799 | Val NDCG: 0.7877 | smoothed: 0.7845
Epoch 9 | Loss: 0.5787 | Val NDCG: 0.7837 | smoothed: 0.7842
Epoch 10 | Loss: 0.5779 | Val NDCG: 0.7907 | smoothed: 0.7874
Epoch 11 | Loss: 0.5777 | Val NDCG: 0.7888 | smoothed: 0.7877
Epoch 12 | Loss: 0.5757 | Val NDCG: 0.7871 | smoothed: 0.7889
Epoch 13 | Loss: 0.5750 | Val NDCG: 0.7914 | smoothed: 0.7891
Epoch 14 | Loss: 0.5749 | Val NDCG: 0.7912 | smoothed: 0.7899
Epoch 15 | Loss: 0.5750 | Val NDCG: 0.7850 | smoothed: 0.7892
Epoch 16 | Loss: 0.5742 | Val NDCG: 0.7899 | smoothed: 0.7887
Epoch 17 | Loss: 0.5732 | Val NDCG: 0.7911 | smoothed: 0.7886
Epoch 18 | Loss: 0.5726 | Val NDCG: 0.7883 | smoothed: 0.7898
Epoch 19 | Loss: 0.5723 | Val NDCG: 0.7921 | smoothed: 0.7905
Epoch 20 | Loss: 0.5718 | Val NDCG: 0.7916 | smoothed: 0.7907

Best smoothed NDCG: 0.7907 at epoch 20 of 20 run

1 combinations completed out of 1


--- Grid Search Results ---
 hidden_units  dropout_rate  num_layers    lr  val_ndcg  val_ndcg_raw  best_epoch  epochs_run  max_epochs  seed
          128           0.3           2 0.001  0.790677      0.791627          20          20          20     0

Best config: {'hidden_units': 128.0, 'dropout_rate': 0.3, 'num_layers': 2.0, 'lr': 0.001, 'val_ndcg': 0.7906770921170861, 'val_ndcg_raw': 0.7916270673568241, 'best_epoch': 20.0, 'epochs_run': 20.0, 'max_epochs': 20.0, 'seed': 0.0}
1 of 1 configs reached max_epochs
1 of 1 were still improving when stopped
Best params saved to ../Models/lstm_pwts_best_params.json
