task 131 | loss drrl | node slurmnode-gpu03
Tesla P100-PCIE-16GB, 16384 MiB
Tesla P100-PCIE-16GB, 16384 MiB
Tesla P100-PCIE-16GB, 16384 MiB
Tesla P100-PCIE-16GB, 16384 MiB
Using device: cuda
Loading datasets...
Train sessions: 75875 | Val sessions: 16262

Running grid search over 162 combinations...

SLURM array task 131: 1 config -> ../Models/LSTM_grid_drrl_task131.csv
Trying: {'hidden_units': 256, 'dropout_rate': 0.3, 'num_layers': 1, 'lr': 0.0001, 'gamma': 4}
Epoch 1 | Loss: -0.2109 | Val NDCG: 0.7410 | smoothed: 0.7410
Epoch 2 | Loss: -0.2252 | Val NDCG: 0.7267 | smoothed: 0.7338
Epoch 3 | Loss: -0.2276 | Val NDCG: 0.7416 | smoothed: 0.7364
Epoch 4 | Loss: -0.2288 | Val NDCG: 0.7570 | smoothed: 0.7417
Epoch 5 | Loss: -0.2299 | Val NDCG: 0.7515 | smoothed: 0.7500
Epoch 6 | Loss: -0.2304 | Val NDCG: 0.7660 | smoothed: 0.7582
Epoch 7 | Loss: -0.2308 | Val NDCG: 0.7646 | smoothed: 0.7607
Epoch 8 | Loss: -0.2310 | Val NDCG: 0.7552 | smoothed: 0.7619
Epoch 9 | Loss: -0.2313 | Val NDCG: 0.7515 | smoothed: 0.7571
Epoch 10 | Loss: -0.2314 | Val NDCG: 0.7521 | smoothed: 0.7529
Epoch 11 | Loss: -0.2315 | Val NDCG: 0.7474 | smoothed: 0.7503
Epoch 12 | Loss: -0.2316 | Val NDCG: 0.7721 | smoothed: 0.7572
Epoch 13 | Loss: -0.2317 | Val NDCG: 0.7446 | smoothed: 0.7547

Best smoothed NDCG: 0.7619 at epoch 8 of 13 run

1 combinations completed out of 1


--- Grid Search Results ---
 hidden_units  dropout_rate  num_layers     lr  gamma  val_ndcg  val_ndcg_raw  best_epoch  epochs_run  max_epochs  seed
          256           0.3           1 0.0001      4  0.761934      0.755231           8          13          40     0

Best config: {'hidden_units': 256.0, 'dropout_rate': 0.3, 'num_layers': 1.0, 'lr': 0.0001, 'gamma': 4.0, 'val_ndcg': 0.7619335573248028, 'val_ndcg_raw': 0.7552313398467807, 'best_epoch': 8.0, 'epochs_run': 13.0, 'max_epochs': 40.0, 'seed': 0.0}
0 of 1 configs reached max_epochs
0 of 1 were still improving when stopped
Best params saved to ../Models/lstm_drrl_best_params.json
