task 103 | loss drrl | node slurmnode-gpu03
Tesla P100-PCIE-16GB, 16384 MiB
Tesla P100-PCIE-16GB, 16384 MiB
Tesla P100-PCIE-16GB, 16384 MiB
Tesla P100-PCIE-16GB, 16384 MiB
Using device: cuda
Loading datasets...
Train sessions: 75875 | Val sessions: 16262

Running grid search over 162 combinations...

SLURM array task 103: 1 config -> ../Models/LSTM_grid_drrl_task103.csv
Trying: {'hidden_units': 128, 'dropout_rate': 0.5, 'num_layers': 3, 'lr': 0.001, 'gamma': 3}
Epoch 1 | Loss: -0.2237 | Val NDCG: 0.7080 | smoothed: 0.7080
Epoch 2 | Loss: -0.2293 | Val NDCG: 0.7885 | smoothed: 0.7483
Epoch 3 | Loss: -0.2298 | Val NDCG: 0.7807 | smoothed: 0.7591
Epoch 4 | Loss: -0.2299 | Val NDCG: 0.7558 | smoothed: 0.7750
Epoch 5 | Loss: -0.2301 | Val NDCG: 0.7773 | smoothed: 0.7713
Epoch 6 | Loss: -0.2302 | Val NDCG: 0.7939 | smoothed: 0.7757
Epoch 7 | Loss: -0.2305 | Val NDCG: 0.7925 | smoothed: 0.7879
Epoch 8 | Loss: -0.2307 | Val NDCG: 0.7896 | smoothed: 0.7920
Epoch 9 | Loss: -0.2305 | Val NDCG: 0.7511 | smoothed: 0.7777
Epoch 10 | Loss: -0.2307 | Val NDCG: 0.7806 | smoothed: 0.7738
Epoch 11 | Loss: -0.2306 | Val NDCG: 0.7805 | smoothed: 0.7707
Epoch 12 | Loss: -0.2306 | Val NDCG: 0.7709 | smoothed: 0.7773
Epoch 13 | Loss: -0.2309 | Val NDCG: 0.7826 | smoothed: 0.7780

Best smoothed NDCG: 0.7920 at epoch 8 of 13 run

1 combinations completed out of 1


--- Grid Search Results ---
 hidden_units  dropout_rate  num_layers    lr  gamma  val_ndcg  val_ndcg_raw  best_epoch  epochs_run  max_epochs  seed
          128           0.5           3 0.001      3  0.792003      0.789582           8          13          20     0

Best config: {'hidden_units': 128.0, 'dropout_rate': 0.5, 'num_layers': 3.0, 'lr': 0.001, 'gamma': 3.0, 'val_ndcg': 0.792002577881776, 'val_ndcg_raw': 0.7895824175583608, 'best_epoch': 8.0, 'epochs_run': 13.0, 'max_epochs': 20.0, 'seed': 0.0}
0 of 1 configs reached max_epochs
0 of 1 were still improving when stopped
Best params saved to ../Models/lstm_drrl_best_params.json
