task 39 | loss drrl | node slurmnode-gpu02
NVIDIA GeForce GTX 1080 Ti, 11264 MiB
NVIDIA GeForce GTX 1080 Ti, 11264 MiB
NVIDIA GeForce GTX 1080 Ti, 11264 MiB
NVIDIA GeForce GTX 1080 Ti, 11264 MiB
NVIDIA GeForce GTX 1080 Ti, 11264 MiB
NVIDIA GeForce GTX 1080 Ti, 11264 MiB
NVIDIA GeForce GTX 1080 Ti, 11264 MiB
NVIDIA GeForce GTX 1080 Ti, 11264 MiB
Using device: cuda
Loading datasets...
Train sessions: 75875 | Val sessions: 16262

Running grid search over 162 combinations...

SLURM array task 39: 1 config -> ../Models/LSTM_grid_drrl_task39.csv
Trying: {'hidden_units': 64, 'dropout_rate': 0.5, 'num_layers': 1, 'lr': 0.0001, 'gamma': 2}
Epoch 1 | Loss: -0.1780 | Val NDCG: 0.7097 | smoothed: 0.7097
Epoch 2 | Loss: -0.2218 | Val NDCG: 0.7149 | smoothed: 0.7123
Epoch 3 | Loss: -0.2266 | Val NDCG: 0.7201 | smoothed: 0.7149
Epoch 4 | Loss: -0.2288 | Val NDCG: 0.7165 | smoothed: 0.7172
Epoch 5 | Loss: -0.2300 | Val NDCG: 0.7211 | smoothed: 0.7192
Epoch 6 | Loss: -0.2307 | Val NDCG: 0.7293 | smoothed: 0.7223
Epoch 7 | Loss: -0.2313 | Val NDCG: 0.7367 | smoothed: 0.7290
Epoch 8 | Loss: -0.2315 | Val NDCG: 0.7389 | smoothed: 0.7350
Epoch 9 | Loss: -0.2317 | Val NDCG: 0.7658 | smoothed: 0.7471
Epoch 10 | Loss: -0.2318 | Val NDCG: 0.7599 | smoothed: 0.7549
Epoch 11 | Loss: -0.2318 | Val NDCG: 0.7268 | smoothed: 0.7508
Epoch 12 | Loss: -0.2318 | Val NDCG: 0.7020 | smoothed: 0.7296
Epoch 13 | Loss: -0.2319 | Val NDCG: 0.7453 | smoothed: 0.7247
Epoch 14 | Loss: -0.2320 | Val NDCG: 0.7897 | smoothed: 0.7457
Epoch 15 | Loss: -0.2319 | Val NDCG: 0.7350 | smoothed: 0.7567
Epoch 16 | Loss: -0.2320 | Val NDCG: 0.7084 | smoothed: 0.7443
Epoch 17 | Loss: -0.2320 | Val NDCG: 0.7201 | smoothed: 0.7212
Epoch 18 | Loss: -0.2320 | Val NDCG: 0.7546 | smoothed: 0.7277
Epoch 19 | Loss: -0.2320 | Val NDCG: 0.6992 | smoothed: 0.7246
Epoch 20 | Loss: -0.2320 | Val NDCG: 0.7880 | smoothed: 0.7473

Best smoothed NDCG: 0.7567 at epoch 15 of 20 run

1 combinations completed out of 1


--- Grid Search Results ---
 hidden_units  dropout_rate  num_layers     lr  gamma  val_ndcg  val_ndcg_raw  best_epoch  epochs_run  max_epochs  seed
           64           0.5           1 0.0001      2  0.756662      0.734988          15          20          40     0

Best config: {'hidden_units': 64.0, 'dropout_rate': 0.5, 'num_layers': 1.0, 'lr': 0.0001, 'gamma': 2.0, 'val_ndcg': 0.7566615839096315, 'val_ndcg_raw': 0.7349876263473679, 'best_epoch': 15.0, 'epochs_run': 20.0, 'max_epochs': 40.0, 'seed': 0.0}
0 of 1 configs reached max_epochs
0 of 1 were still improving when stopped
Best params saved to ../Models/lstm_drrl_best_params.json
