task 42 | loss pwts | node slurmnode-gpu02
NVIDIA GeForce GTX 1080 Ti, 11264 MiB
NVIDIA GeForce GTX 1080 Ti, 11264 MiB
NVIDIA GeForce GTX 1080 Ti, 11264 MiB
NVIDIA GeForce GTX 1080 Ti, 11264 MiB
NVIDIA GeForce GTX 1080 Ti, 11264 MiB
NVIDIA GeForce GTX 1080 Ti, 11264 MiB
NVIDIA GeForce GTX 1080 Ti, 11264 MiB
NVIDIA GeForce GTX 1080 Ti, 11264 MiB
Using device: cuda
Loading datasets...
Train sessions: 75875 | Val sessions: 16262

Running grid search over 54 combinations...

SLURM array task 42: 1 config -> ../Models/LSTM_grid_pwts_task42.csv
Trying: {'hidden_units': 256, 'dropout_rate': 0.3, 'num_layers': 1, 'lr': 0.001}
Epoch 1 | Loss: 0.6005 | Val NDCG: 0.7769 | smoothed: 0.7769
Epoch 2 | Loss: 0.5907 | Val NDCG: 0.7842 | smoothed: 0.7805
Epoch 3 | Loss: 0.5871 | Val NDCG: 0.7835 | smoothed: 0.7815
Epoch 4 | Loss: 0.5836 | Val NDCG: 0.7863 | smoothed: 0.7847
Epoch 5 | Loss: 0.5830 | Val NDCG: 0.7871 | smoothed: 0.7856
Epoch 6 | Loss: 0.5811 | Val NDCG: 0.7873 | smoothed: 0.7869
Epoch 7 | Loss: 0.5782 | Val NDCG: 0.7864 | smoothed: 0.7869
Epoch 8 | Loss: 0.5781 | Val NDCG: 0.7850 | smoothed: 0.7863
Epoch 9 | Loss: 0.5752 | Val NDCG: 0.7913 | smoothed: 0.7876
Epoch 10 | Loss: 0.5743 | Val NDCG: 0.7918 | smoothed: 0.7894
Epoch 11 | Loss: 0.5717 | Val NDCG: 0.7908 | smoothed: 0.7913
Epoch 12 | Loss: 0.5716 | Val NDCG: 0.7924 | smoothed: 0.7917
Epoch 13 | Loss: 0.5708 | Val NDCG: 0.7916 | smoothed: 0.7916
Epoch 14 | Loss: 0.5689 | Val NDCG: 0.7898 | smoothed: 0.7912
Epoch 15 | Loss: 0.5677 | Val NDCG: 0.7874 | smoothed: 0.7896
Epoch 16 | Loss: 0.5671 | Val NDCG: 0.7925 | smoothed: 0.7899
Epoch 17 | Loss: 0.5665 | Val NDCG: 0.7929 | smoothed: 0.7909

Best smoothed NDCG: 0.7917 at epoch 12 of 17 run

1 combinations completed out of 1


--- Grid Search Results ---
 hidden_units  dropout_rate  num_layers    lr  val_ndcg  val_ndcg_raw  best_epoch  epochs_run  max_epochs  seed
          256           0.3           1 0.001   0.79165      0.792355          12          17          20     0

Best config: {'hidden_units': 256.0, 'dropout_rate': 0.3, 'num_layers': 1.0, 'lr': 0.001, 'val_ndcg': 0.7916504449620142, 'val_ndcg_raw': 0.7923545343170905, 'best_epoch': 12.0, 'epochs_run': 17.0, 'max_epochs': 20.0, 'seed': 0.0}
0 of 1 configs reached max_epochs
0 of 1 were still improving when stopped
Best params saved to ../Models/lstm_pwts_best_params.json
