task 84 | loss drrl | node slurmnode-gpu05
Tesla P100-PCIE-16GB, 16384 MiB
Tesla P100-PCIE-16GB, 16384 MiB
Tesla P100-PCIE-16GB, 16384 MiB
Tesla P100-PCIE-16GB, 16384 MiB
Using device: cuda
Loading datasets...
Train sessions: 75875 | Val sessions: 16262

Running grid search over 162 combinations...

SLURM array task 84: 1 config -> ../Models/LSTM_grid_drrl_task84.csv
Trying: {'hidden_units': 128, 'dropout_rate': 0.3, 'num_layers': 3, 'lr': 0.001, 'gamma': 2}
Epoch 1 | Loss: -0.2212 | Val NDCG: 0.7904 | smoothed: 0.7904
Epoch 2 | Loss: -0.2274 | Val NDCG: 0.7613 | smoothed: 0.7758
Epoch 3 | Loss: -0.2279 | Val NDCG: 0.7466 | smoothed: 0.7661
Epoch 4 | Loss: -0.2283 | Val NDCG: 0.8018 | smoothed: 0.7699
Epoch 5 | Loss: -0.2288 | Val NDCG: 0.7902 | smoothed: 0.7795
Epoch 6 | Loss: -0.2291 | Val NDCG: 0.7704 | smoothed: 0.7875

Best smoothed NDCG: 0.7904 at epoch 1 of 6 run

1 combinations completed out of 1


--- Grid Search Results ---
 hidden_units  dropout_rate  num_layers    lr  gamma  val_ndcg  val_ndcg_raw  best_epoch  epochs_run  max_epochs  seed
          128           0.3           3 0.001      2   0.79042       0.79042           1           6          20     0

Best config: {'hidden_units': 128.0, 'dropout_rate': 0.3, 'num_layers': 3.0, 'lr': 0.001, 'gamma': 2.0, 'val_ndcg': 0.7904200306532709, 'val_ndcg_raw': 0.7904200306532709, 'best_epoch': 1.0, 'epochs_run': 6.0, 'max_epochs': 20.0, 'seed': 0.0}
0 of 1 configs reached max_epochs
0 of 1 were still improving when stopped
Best params saved to ../Models/lstm_drrl_best_params.json
