task 31 | loss drrl | node slurmnode-gpu02
NVIDIA GeForce GTX 1080 Ti, 11264 MiB
NVIDIA GeForce GTX 1080 Ti, 11264 MiB
NVIDIA GeForce GTX 1080 Ti, 11264 MiB
NVIDIA GeForce GTX 1080 Ti, 11264 MiB
NVIDIA GeForce GTX 1080 Ti, 11264 MiB
NVIDIA GeForce GTX 1080 Ti, 11264 MiB
NVIDIA GeForce GTX 1080 Ti, 11264 MiB
NVIDIA GeForce GTX 1080 Ti, 11264 MiB
Using device: cuda
Loading datasets...
Train sessions: 75875 | Val sessions: 16262

Running grid search over 162 combinations...

SLURM array task 31: 1 config -> ../Models/LSTM_grid_drrl_task31.csv
Trying: {'hidden_units': 64, 'dropout_rate': 0.3, 'num_layers': 3, 'lr': 0.001, 'gamma': 3}
Epoch 1 | Loss: -0.2244 | Val NDCG: 0.7752 | smoothed: 0.7752
Epoch 2 | Loss: -0.2297 | Val NDCG: 0.7694 | smoothed: 0.7723
Epoch 3 | Loss: -0.2303 | Val NDCG: 0.7353 | smoothed: 0.7600
Epoch 4 | Loss: -0.2304 | Val NDCG: 0.7292 | smoothed: 0.7446
Epoch 5 | Loss: -0.2307 | Val NDCG: 0.7899 | smoothed: 0.7515
Epoch 6 | Loss: -0.2306 | Val NDCG: 0.7524 | smoothed: 0.7572

Best smoothed NDCG: 0.7752 at epoch 1 of 6 run

1 combinations completed out of 1


--- Grid Search Results ---
 hidden_units  dropout_rate  num_layers    lr  gamma  val_ndcg  val_ndcg_raw  best_epoch  epochs_run  max_epochs  seed
           64           0.3           3 0.001      3  0.775171      0.775171           1           6          20     0

Best config: {'hidden_units': 64.0, 'dropout_rate': 0.3, 'num_layers': 3.0, 'lr': 0.001, 'gamma': 3.0, 'val_ndcg': 0.7751714065711531, 'val_ndcg_raw': 0.7751714065711531, 'best_epoch': 1.0, 'epochs_run': 6.0, 'max_epochs': 20.0, 'seed': 0.0}
0 of 1 configs reached max_epochs
0 of 1 were still improving when stopped
Best params saved to ../Models/lstm_drrl_best_params.json
