task 47 | loss bce | node slurmnode-gpu03
Tesla P100-PCIE-16GB, 16384 MiB
Tesla P100-PCIE-16GB, 16384 MiB
Tesla P100-PCIE-16GB, 16384 MiB
Tesla P100-PCIE-16GB, 16384 MiB
Using device: cuda
Loading datasets...
Train sessions: 75875 | Val sessions: 16262

Running grid search over 54 combinations...

SLURM array task 47: 1 config -> ../Models/LSTM_grid_bce_task47.csv
Trying: {'hidden_units': 256, 'dropout_rate': 0.3, 'num_layers': 3, 'lr': 0.0001}
Epoch 1 | Loss: 0.5849 | Val NDCG: 0.7795 | smoothed: 0.7795
Epoch 2 | Loss: 0.5680 | Val NDCG: 0.7725 | smoothed: 0.7760
Epoch 3 | Loss: 0.5672 | Val NDCG: 0.7789 | smoothed: 0.7770
Epoch 4 | Loss: 0.5633 | Val NDCG: 0.7865 | smoothed: 0.7793
Epoch 5 | Loss: 0.5621 | Val NDCG: 0.7719 | smoothed: 0.7791
Epoch 6 | Loss: 0.5628 | Val NDCG: 0.7809 | smoothed: 0.7797
Epoch 7 | Loss: 0.5623 | Val NDCG: 0.7787 | smoothed: 0.7772
Epoch 8 | Loss: 0.5613 | Val NDCG: 0.7832 | smoothed: 0.7809
Epoch 9 | Loss: 0.5598 | Val NDCG: 0.7760 | smoothed: 0.7793
Epoch 10 | Loss: 0.5585 | Val NDCG: 0.7814 | smoothed: 0.7802
Epoch 11 | Loss: 0.5587 | Val NDCG: 0.7841 | smoothed: 0.7805
Epoch 12 | Loss: 0.5589 | Val NDCG: 0.7835 | smoothed: 0.7830
Epoch 13 | Loss: 0.5583 | Val NDCG: 0.7810 | smoothed: 0.7829
Epoch 14 | Loss: 0.5571 | Val NDCG: 0.7855 | smoothed: 0.7833
Epoch 15 | Loss: 0.5567 | Val NDCG: 0.7826 | smoothed: 0.7830
Epoch 16 | Loss: 0.5551 | Val NDCG: 0.7864 | smoothed: 0.7848
Epoch 17 | Loss: 0.5546 | Val NDCG: 0.7857 | smoothed: 0.7849
Epoch 18 | Loss: 0.5527 | Val NDCG: 0.7878 | smoothed: 0.7866
Epoch 19 | Loss: 0.5535 | Val NDCG: 0.7883 | smoothed: 0.7873
Epoch 20 | Loss: 0.5536 | Val NDCG: 0.7847 | smoothed: 0.7870
Epoch 21 | Loss: 0.5526 | Val NDCG: 0.7890 | smoothed: 0.7874
Epoch 22 | Loss: 0.5522 | Val NDCG: 0.7896 | smoothed: 0.7878
Epoch 23 | Loss: 0.5522 | Val NDCG: 0.7842 | smoothed: 0.7876
Epoch 24 | Loss: 0.5516 | Val NDCG: 0.7913 | smoothed: 0.7884
Epoch 25 | Loss: 0.5508 | Val NDCG: 0.7914 | smoothed: 0.7890
Epoch 26 | Loss: 0.5513 | Val NDCG: 0.7855 | smoothed: 0.7894
Epoch 27 | Loss: 0.5505 | Val NDCG: 0.7908 | smoothed: 0.7892
Epoch 28 | Loss: 0.5502 | Val NDCG: 0.7899 | smoothed: 0.7887
Epoch 29 | Loss: 0.5492 | Val NDCG: 0.7905 | smoothed: 0.7904
Epoch 30 | Loss: 0.5497 | Val NDCG: 0.7896 | smoothed: 0.7900
Epoch 31 | Loss: 0.5489 | Val NDCG: 0.7924 | smoothed: 0.7908
Epoch 32 | Loss: 0.5491 | Val NDCG: 0.7885 | smoothed: 0.7902
Epoch 33 | Loss: 0.5480 | Val NDCG: 0.7916 | smoothed: 0.7908
Epoch 34 | Loss: 0.5471 | Val NDCG: 0.7945 | smoothed: 0.7915
Epoch 35 | Loss: 0.5483 | Val NDCG: 0.7913 | smoothed: 0.7925
Epoch 36 | Loss: 0.5472 | Val NDCG: 0.7901 | smoothed: 0.7920
Epoch 37 | Loss: 0.5475 | Val NDCG: 0.7933 | smoothed: 0.7916
Epoch 38 | Loss: 0.5463 | Val NDCG: 0.7928 | smoothed: 0.7920
Epoch 39 | Loss: 0.5449 | Val NDCG: 0.7971 | smoothed: 0.7944
Epoch 40 | Loss: 0.5462 | Val NDCG: 0.7945 | smoothed: 0.7948

Best smoothed NDCG: 0.7948 at epoch 40 of 40 run

1 combinations completed out of 1


--- Grid Search Results ---
 hidden_units  dropout_rate  num_layers     lr  val_ndcg  val_ndcg_raw  best_epoch  epochs_run  max_epochs  seed
          256           0.3           3 0.0001  0.794789      0.794484          40          40          40     0

Best config: {'hidden_units': 256.0, 'dropout_rate': 0.3, 'num_layers': 3.0, 'lr': 0.0001, 'val_ndcg': 0.7947886308627631, 'val_ndcg_raw': 0.7944839959630634, 'best_epoch': 40.0, 'epochs_run': 40.0, 'max_epochs': 40.0, 'seed': 0.0}
1 of 1 configs reached max_epochs
1 of 1 were still improving when stopped
Best params saved to ../Models/lstm_bce_best_params.json
