task 93 | loss drrl | node slurmnode-gpu08
NVIDIA A40, 46068 MiB
NVIDIA A40, 46068 MiB
NVIDIA A40, 46068 MiB
NVIDIA A40, 46068 MiB
Using device: cuda
Loading datasets...
Train sessions: 75875 | Val sessions: 16262

Running grid search over 162 combinations...

SLURM array task 93: 1 config -> ../Models/LSTM_grid_drrl_task93.csv
Trying: {'hidden_units': 128, 'dropout_rate': 0.5, 'num_layers': 1, 'lr': 0.0001, 'gamma': 2}
Epoch 1 | Loss: -0.1986 | Val NDCG: 0.7388 | smoothed: 0.7388
Epoch 2 | Loss: -0.2236 | Val NDCG: 0.7564 | smoothed: 0.7476
Epoch 3 | Loss: -0.2278 | Val NDCG: 0.7394 | smoothed: 0.7449
Epoch 4 | Loss: -0.2296 | Val NDCG: 0.7191 | smoothed: 0.7383
Epoch 5 | Loss: -0.2304 | Val NDCG: 0.7339 | smoothed: 0.7308
Epoch 6 | Loss: -0.2310 | Val NDCG: 0.7139 | smoothed: 0.7223
Epoch 7 | Loss: -0.2313 | Val NDCG: 0.7592 | smoothed: 0.7357

Best smoothed NDCG: 0.7476 at epoch 2 of 7 run

1 combinations completed out of 1


--- Grid Search Results ---
 hidden_units  dropout_rate  num_layers     lr  gamma  val_ndcg  val_ndcg_raw  best_epoch  epochs_run  max_epochs  seed
          128           0.5           1 0.0001      2  0.747596      0.756425           2           7          40     0

Best config: {'hidden_units': 128.0, 'dropout_rate': 0.5, 'num_layers': 1.0, 'lr': 0.0001, 'gamma': 2.0, 'val_ndcg': 0.7475961280054839, 'val_ndcg_raw': 0.756424918084501, 'best_epoch': 2.0, 'epochs_run': 7.0, 'max_epochs': 40.0, 'seed': 0.0}
0 of 1 configs reached max_epochs
0 of 1 were still improving when stopped
Best params saved to ../Models/lstm_drrl_best_params.json
