task 64 | loss drrl | node slurmnode-gpu03
Tesla P100-PCIE-16GB, 16384 MiB
Tesla P100-PCIE-16GB, 16384 MiB
Tesla P100-PCIE-16GB, 16384 MiB
Tesla P100-PCIE-16GB, 16384 MiB
Using device: cuda
Loading datasets...
Train sessions: 75875 | Val sessions: 16262

Running grid search over 162 combinations...

SLURM array task 64: 1 config -> ../Models/LSTM_grid_drrl_task64.csv
Trying: {'hidden_units': 128, 'dropout_rate': 0.1, 'num_layers': 2, 'lr': 0.0001, 'gamma': 3}
Epoch 1 | Loss: -0.2166 | Val NDCG: 0.7439 | smoothed: 0.7439
Epoch 2 | Loss: -0.2301 | Val NDCG: 0.6977 | smoothed: 0.7208
Epoch 3 | Loss: -0.2309 | Val NDCG: 0.7440 | smoothed: 0.7286
Epoch 4 | Loss: -0.2315 | Val NDCG: 0.7462 | smoothed: 0.7293
Epoch 5 | Loss: -0.2315 | Val NDCG: 0.7208 | smoothed: 0.7370
Epoch 6 | Loss: -0.2317 | Val NDCG: 0.7495 | smoothed: 0.7388

Best smoothed NDCG: 0.7439 at epoch 1 of 6 run

1 combinations completed out of 1


--- Grid Search Results ---
 hidden_units  dropout_rate  num_layers     lr  gamma  val_ndcg  val_ndcg_raw  best_epoch  epochs_run  max_epochs  seed
          128           0.1           2 0.0001      3  0.743932      0.743932           1           6          40     0

Best config: {'hidden_units': 128.0, 'dropout_rate': 0.1, 'num_layers': 2.0, 'lr': 0.0001, 'gamma': 3.0, 'val_ndcg': 0.743931572994307, 'val_ndcg_raw': 0.743931572994307, 'best_epoch': 1.0, 'epochs_run': 6.0, 'max_epochs': 40.0, 'seed': 0.0}
0 of 1 configs reached max_epochs
0 of 1 were still improving when stopped
Best params saved to ../Models/lstm_drrl_best_params.json
