task 139 | loss drrl | node slurmnode-gpu03
Tesla P100-PCIE-16GB, 16384 MiB
Tesla P100-PCIE-16GB, 16384 MiB
Tesla P100-PCIE-16GB, 16384 MiB
Tesla P100-PCIE-16GB, 16384 MiB
Using device: cuda
Loading datasets...
Train sessions: 75875 | Val sessions: 16262

Running grid search over 162 combinations...

SLURM array task 139: 1 config -> ../Models/LSTM_grid_drrl_task139.csv
Trying: {'hidden_units': 256, 'dropout_rate': 0.3, 'num_layers': 3, 'lr': 0.001, 'gamma': 3}
Epoch 1 | Loss: -0.2218 | Val NDCG: 0.7191 | smoothed: 0.7191
Epoch 2 | Loss: -0.2286 | Val NDCG: 0.7399 | smoothed: 0.7295
Epoch 3 | Loss: -0.2293 | Val NDCG: 0.7926 | smoothed: 0.7505
Epoch 4 | Loss: -0.2298 | Val NDCG: 0.7897 | smoothed: 0.7741
Epoch 5 | Loss: -0.2300 | Val NDCG: 0.7689 | smoothed: 0.7837
Epoch 6 | Loss: -0.2300 | Val NDCG: 0.7709 | smoothed: 0.7765
Epoch 7 | Loss: -0.2304 | Val NDCG: 0.7782 | smoothed: 0.7727
Epoch 8 | Loss: -0.2305 | Val NDCG: 0.7907 | smoothed: 0.7799
Epoch 9 | Loss: -0.2309 | Val NDCG: 0.7815 | smoothed: 0.7835
Epoch 10 | Loss: -0.2308 | Val NDCG: 0.7839 | smoothed: 0.7854
Epoch 11 | Loss: -0.2310 | Val NDCG: 0.7756 | smoothed: 0.7803
Epoch 12 | Loss: -0.2312 | Val NDCG: 0.7413 | smoothed: 0.7669
Epoch 13 | Loss: -0.2308 | Val NDCG: 0.7801 | smoothed: 0.7656
Epoch 14 | Loss: -0.2314 | Val NDCG: 0.7869 | smoothed: 0.7694
Epoch 15 | Loss: -0.2311 | Val NDCG: 0.7928 | smoothed: 0.7866
Epoch 16 | Loss: -0.2313 | Val NDCG: 0.8041 | smoothed: 0.7946
Epoch 17 | Loss: -0.2309 | Val NDCG: 0.7663 | smoothed: 0.7877
Epoch 18 | Loss: -0.2314 | Val NDCG: 0.7849 | smoothed: 0.7851
Epoch 19 | Loss: -0.2313 | Val NDCG: 0.7757 | smoothed: 0.7756
Epoch 20 | Loss: -0.2316 | Val NDCG: 0.7853 | smoothed: 0.7820

Best smoothed NDCG: 0.7946 at epoch 16 of 20 run

1 combinations completed out of 1


--- Grid Search Results ---
 hidden_units  dropout_rate  num_layers    lr  gamma  val_ndcg  val_ndcg_raw  best_epoch  epochs_run  max_epochs  seed
          256           0.3           3 0.001      3  0.794611      0.804109          16          20          20     0

Best config: {'hidden_units': 256.0, 'dropout_rate': 0.3, 'num_layers': 3.0, 'lr': 0.001, 'gamma': 3.0, 'val_ndcg': 0.7946110167458705, 'val_ndcg_raw': 0.8041088789475841, 'best_epoch': 16.0, 'epochs_run': 20.0, 'max_epochs': 20.0, 'seed': 0.0}
1 of 1 configs reached max_epochs
0 of 1 were still improving when stopped
Best params saved to ../Models/lstm_drrl_best_params.json
