task 18 | loss drrl | node slurmnode-gpu02
NVIDIA GeForce GTX 1080 Ti, 11264 MiB
NVIDIA GeForce GTX 1080 Ti, 11264 MiB
NVIDIA GeForce GTX 1080 Ti, 11264 MiB
NVIDIA GeForce GTX 1080 Ti, 11264 MiB
NVIDIA GeForce GTX 1080 Ti, 11264 MiB
NVIDIA GeForce GTX 1080 Ti, 11264 MiB
NVIDIA GeForce GTX 1080 Ti, 11264 MiB
NVIDIA GeForce GTX 1080 Ti, 11264 MiB
Using device: cuda
Loading datasets...
Train sessions: 75875 | Val sessions: 16262

Running grid search over 162 combinations...

SLURM array task 18: 1 config -> ../Models/LSTM_grid_drrl_task18.csv
Trying: {'hidden_units': 64, 'dropout_rate': 0.3, 'num_layers': 1, 'lr': 0.001, 'gamma': 2}
Epoch 1 | Loss: -0.2175 | Val NDCG: 0.6994 | smoothed: 0.6994
Epoch 2 | Loss: -0.2266 | Val NDCG: 0.7339 | smoothed: 0.7166
Epoch 3 | Loss: -0.2280 | Val NDCG: 0.7563 | smoothed: 0.7299
Epoch 4 | Loss: -0.2285 | Val NDCG: 0.7782 | smoothed: 0.7561
Epoch 5 | Loss: -0.2289 | Val NDCG: 0.7707 | smoothed: 0.7684
Epoch 6 | Loss: -0.2291 | Val NDCG: 0.7749 | smoothed: 0.7746
Epoch 7 | Loss: -0.2294 | Val NDCG: 0.7921 | smoothed: 0.7792
Epoch 8 | Loss: -0.2296 | Val NDCG: 0.7681 | smoothed: 0.7783
Epoch 9 | Loss: -0.2297 | Val NDCG: 0.6752 | smoothed: 0.7451
Epoch 10 | Loss: -0.2299 | Val NDCG: 0.7423 | smoothed: 0.7285
Epoch 11 | Loss: -0.2300 | Val NDCG: 0.7416 | smoothed: 0.7197
Epoch 12 | Loss: -0.2300 | Val NDCG: 0.7619 | smoothed: 0.7486

Best smoothed NDCG: 0.7792 at epoch 7 of 12 run

1 combinations completed out of 1


--- Grid Search Results ---
 hidden_units  dropout_rate  num_layers    lr  gamma  val_ndcg  val_ndcg_raw  best_epoch  epochs_run  max_epochs  seed
           64           0.3           1 0.001      2   0.77923      0.792095           7          12          20     0

Best config: {'hidden_units': 64.0, 'dropout_rate': 0.3, 'num_layers': 1.0, 'lr': 0.001, 'gamma': 2.0, 'val_ndcg': 0.7792301091927469, 'val_ndcg_raw': 0.7920954565848818, 'best_epoch': 7.0, 'epochs_run': 12.0, 'max_epochs': 20.0, 'seed': 0.0}
0 of 1 configs reached max_epochs
0 of 1 were still improving when stopped
Best params saved to ../Models/lstm_drrl_best_params.json
