task 41 | loss bce | node slurmnode-gpu02
NVIDIA GeForce GTX 1080 Ti, 11264 MiB
NVIDIA GeForce GTX 1080 Ti, 11264 MiB
NVIDIA GeForce GTX 1080 Ti, 11264 MiB
NVIDIA GeForce GTX 1080 Ti, 11264 MiB
NVIDIA GeForce GTX 1080 Ti, 11264 MiB
NVIDIA GeForce GTX 1080 Ti, 11264 MiB
NVIDIA GeForce GTX 1080 Ti, 11264 MiB
NVIDIA GeForce GTX 1080 Ti, 11264 MiB
Using device: cuda
Loading datasets...
Train sessions: 75875 | Val sessions: 16262

Running grid search over 54 combinations...

SLURM array task 41: 1 config -> ../Models/LSTM_grid_bce_task41.csv
Trying: {'hidden_units': 256, 'dropout_rate': 0.1, 'num_layers': 3, 'lr': 0.0001}
Epoch 1 | Loss: 0.5826 | Val NDCG: 0.7838 | smoothed: 0.7838
Epoch 2 | Loss: 0.5650 | Val NDCG: 0.7728 | smoothed: 0.7783
Epoch 3 | Loss: 0.5648 | Val NDCG: 0.7795 | smoothed: 0.7787
Epoch 4 | Loss: 0.5611 | Val NDCG: 0.7868 | smoothed: 0.7797
Epoch 5 | Loss: 0.5602 | Val NDCG: 0.7712 | smoothed: 0.7792
Epoch 6 | Loss: 0.5611 | Val NDCG: 0.7823 | smoothed: 0.7801

Best smoothed NDCG: 0.7838 at epoch 1 of 6 run

1 combinations completed out of 1


--- Grid Search Results ---
 hidden_units  dropout_rate  num_layers     lr  val_ndcg  val_ndcg_raw  best_epoch  epochs_run  max_epochs  seed
          256           0.1           3 0.0001  0.783822      0.783822           1           6          40     0

Best config: {'hidden_units': 256.0, 'dropout_rate': 0.1, 'num_layers': 3.0, 'lr': 0.0001, 'val_ndcg': 0.7838217919298476, 'val_ndcg_raw': 0.7838217919298476, 'best_epoch': 1.0, 'epochs_run': 6.0, 'max_epochs': 40.0, 'seed': 0.0}
0 of 1 configs reached max_epochs
0 of 1 were still improving when stopped
Best params saved to ../Models/lstm_bce_best_params.json
