task 66 | loss drrl | node slurmnode-gpu03
Tesla P100-PCIE-16GB, 16384 MiB
Tesla P100-PCIE-16GB, 16384 MiB
Tesla P100-PCIE-16GB, 16384 MiB
Tesla P100-PCIE-16GB, 16384 MiB
Using device: cuda
Loading datasets...
Train sessions: 75875 | Val sessions: 16262

Running grid search over 162 combinations...

SLURM array task 66: 1 config -> ../Models/LSTM_grid_drrl_task66.csv
Trying: {'hidden_units': 128, 'dropout_rate': 0.1, 'num_layers': 3, 'lr': 0.001, 'gamma': 2}
Epoch 1 | Loss: -0.2211 | Val NDCG: 0.7699 | smoothed: 0.7699
Epoch 2 | Loss: -0.2268 | Val NDCG: 0.7719 | smoothed: 0.7709
Epoch 3 | Loss: -0.2277 | Val NDCG: 0.7884 | smoothed: 0.7767
Epoch 4 | Loss: -0.2286 | Val NDCG: 0.7802 | smoothed: 0.7802
Epoch 5 | Loss: -0.2287 | Val NDCG: 0.7498 | smoothed: 0.7728
Epoch 6 | Loss: -0.2289 | Val NDCG: 0.7942 | smoothed: 0.7748
Epoch 7 | Loss: -0.2294 | Val NDCG: 0.7627 | smoothed: 0.7689
Epoch 8 | Loss: -0.2295 | Val NDCG: 0.7783 | smoothed: 0.7784
Epoch 9 | Loss: -0.2299 | Val NDCG: 0.7080 | smoothed: 0.7497

Best smoothed NDCG: 0.7802 at epoch 4 of 9 run

1 combinations completed out of 1


--- Grid Search Results ---
 hidden_units  dropout_rate  num_layers    lr  gamma  val_ndcg  val_ndcg_raw  best_epoch  epochs_run  max_epochs  seed
          128           0.1           3 0.001      2  0.780163       0.78023           4           9          20     0

Best config: {'hidden_units': 128.0, 'dropout_rate': 0.1, 'num_layers': 3.0, 'lr': 0.001, 'gamma': 2.0, 'val_ndcg': 0.7801633521569991, 'val_ndcg_raw': 0.7802298378351038, 'best_epoch': 4.0, 'epochs_run': 9.0, 'max_epochs': 20.0, 'seed': 0.0}
0 of 1 configs reached max_epochs
0 of 1 were still improving when stopped
Best params saved to ../Models/lstm_drrl_best_params.json
