task 16 | loss drrl | node slurmnode-gpu02
NVIDIA GeForce GTX 1080 Ti, 11264 MiB
NVIDIA GeForce GTX 1080 Ti, 11264 MiB
NVIDIA GeForce GTX 1080 Ti, 11264 MiB
NVIDIA GeForce GTX 1080 Ti, 11264 MiB
NVIDIA GeForce GTX 1080 Ti, 11264 MiB
NVIDIA GeForce GTX 1080 Ti, 11264 MiB
NVIDIA GeForce GTX 1080 Ti, 11264 MiB
NVIDIA GeForce GTX 1080 Ti, 11264 MiB
Using device: cuda
Loading datasets...
Train sessions: 75875 | Val sessions: 16262

Running grid search over 162 combinations...

SLURM array task 16: 1 config -> ../Models/LSTM_grid_drrl_task16.csv
Trying: {'hidden_units': 64, 'dropout_rate': 0.1, 'num_layers': 3, 'lr': 0.0001, 'gamma': 3}
Epoch 1 | Loss: -0.2091 | Val NDCG: 0.7459 | smoothed: 0.7459
Epoch 2 | Loss: -0.2287 | Val NDCG: 0.7330 | smoothed: 0.7395
Epoch 3 | Loss: -0.2309 | Val NDCG: 0.6992 | smoothed: 0.7261
Epoch 4 | Loss: -0.2316 | Val NDCG: 0.7565 | smoothed: 0.7296
Epoch 5 | Loss: -0.2318 | Val NDCG: 0.7216 | smoothed: 0.7258
Epoch 6 | Loss: -0.2319 | Val NDCG: 0.7245 | smoothed: 0.7342

Best smoothed NDCG: 0.7459 at epoch 1 of 6 run

1 combinations completed out of 1


--- Grid Search Results ---
 hidden_units  dropout_rate  num_layers     lr  gamma  val_ndcg  val_ndcg_raw  best_epoch  epochs_run  max_epochs  seed
           64           0.1           3 0.0001      3  0.745925      0.745925           1           6          40     0

Best config: {'hidden_units': 64.0, 'dropout_rate': 0.1, 'num_layers': 3.0, 'lr': 0.0001, 'gamma': 3.0, 'val_ndcg': 0.7459254694680564, 'val_ndcg_raw': 0.7459254694680564, 'best_epoch': 1.0, 'epochs_run': 6.0, 'max_epochs': 40.0, 'seed': 0.0}
0 of 1 configs reached max_epochs
0 of 1 were still improving when stopped
Best params saved to ../Models/lstm_drrl_best_params.json
