task 35 | loss bce | node slurmnode-gpu03
Tesla P100-PCIE-16GB, 16384 MiB
Tesla P100-PCIE-16GB, 16384 MiB
Tesla P100-PCIE-16GB, 16384 MiB
Tesla P100-PCIE-16GB, 16384 MiB
Using device: cuda
Loading datasets...
Train sessions: 75875 | Val sessions: 16262

Running grid search over 54 combinations...

SLURM array task 35: 1 config -> ../Models/LSTM_grid_bce_task35.csv
Trying: {'hidden_units': 128, 'dropout_rate': 0.5, 'num_layers': 3, 'lr': 0.0001}
Epoch 1 | Loss: 0.5982 | Val NDCG: 0.7482 | smoothed: 0.7482
Epoch 2 | Loss: 0.5796 | Val NDCG: 0.7637 | smoothed: 0.7559
Epoch 3 | Loss: 0.5739 | Val NDCG: 0.7691 | smoothed: 0.7603
Epoch 4 | Loss: 0.5710 | Val NDCG: 0.7829 | smoothed: 0.7719
Epoch 5 | Loss: 0.5694 | Val NDCG: 0.7704 | smoothed: 0.7741
Epoch 6 | Loss: 0.5679 | Val NDCG: 0.7807 | smoothed: 0.7780
Epoch 7 | Loss: 0.5670 | Val NDCG: 0.7704 | smoothed: 0.7739
Epoch 8 | Loss: 0.5664 | Val NDCG: 0.7756 | smoothed: 0.7756
Epoch 9 | Loss: 0.5660 | Val NDCG: 0.7741 | smoothed: 0.7734
Epoch 10 | Loss: 0.5648 | Val NDCG: 0.7778 | smoothed: 0.7758
Epoch 11 | Loss: 0.5634 | Val NDCG: 0.7838 | smoothed: 0.7786
Epoch 12 | Loss: 0.5625 | Val NDCG: 0.7768 | smoothed: 0.7795
Epoch 13 | Loss: 0.5622 | Val NDCG: 0.7824 | smoothed: 0.7810
Epoch 14 | Loss: 0.5624 | Val NDCG: 0.7824 | smoothed: 0.7806
Epoch 15 | Loss: 0.5616 | Val NDCG: 0.7782 | smoothed: 0.7810
Epoch 16 | Loss: 0.5619 | Val NDCG: 0.7769 | smoothed: 0.7792
Epoch 17 | Loss: 0.5612 | Val NDCG: 0.7818 | smoothed: 0.7790
Epoch 18 | Loss: 0.5615 | Val NDCG: 0.7814 | smoothed: 0.7800

Best smoothed NDCG: 0.7810 at epoch 13 of 18 run

1 combinations completed out of 1


--- Grid Search Results ---
 hidden_units  dropout_rate  num_layers     lr  val_ndcg  val_ndcg_raw  best_epoch  epochs_run  max_epochs  seed
          128           0.5           3 0.0001   0.78103      0.782407          13          18          40     0

Best config: {'hidden_units': 128.0, 'dropout_rate': 0.5, 'num_layers': 3.0, 'lr': 0.0001, 'val_ndcg': 0.7810300245031181, 'val_ndcg_raw': 0.782406545934596, 'best_epoch': 13.0, 'epochs_run': 18.0, 'max_epochs': 40.0, 'seed': 0.0}
0 of 1 configs reached max_epochs
0 of 1 were still improving when stopped
Best params saved to ../Models/lstm_bce_best_params.json
