task 45 | loss bce | node slurmnode-gpu03
Tesla P100-PCIE-16GB, 16384 MiB
Tesla P100-PCIE-16GB, 16384 MiB
Tesla P100-PCIE-16GB, 16384 MiB
Tesla P100-PCIE-16GB, 16384 MiB
Using device: cuda
Loading datasets...
Train sessions: 75875 | Val sessions: 16262

Running grid search over 54 combinations...

SLURM array task 45: 1 config -> ../Models/LSTM_grid_bce_task45.csv
Trying: {'hidden_units': 256, 'dropout_rate': 0.3, 'num_layers': 2, 'lr': 0.0001}
Epoch 1 | Loss: 0.5826 | Val NDCG: 0.7741 | smoothed: 0.7741
Epoch 2 | Loss: 0.5671 | Val NDCG: 0.7802 | smoothed: 0.7771
Epoch 3 | Loss: 0.5652 | Val NDCG: 0.7817 | smoothed: 0.7787
Epoch 4 | Loss: 0.5642 | Val NDCG: 0.7837 | smoothed: 0.7819
Epoch 5 | Loss: 0.5627 | Val NDCG: 0.7679 | smoothed: 0.7778
Epoch 6 | Loss: 0.5621 | Val NDCG: 0.7861 | smoothed: 0.7792
Epoch 7 | Loss: 0.5614 | Val NDCG: 0.7794 | smoothed: 0.7778
Epoch 8 | Loss: 0.5617 | Val NDCG: 0.7763 | smoothed: 0.7806
Epoch 9 | Loss: 0.5609 | Val NDCG: 0.7734 | smoothed: 0.7764

Best smoothed NDCG: 0.7819 at epoch 4 of 9 run

1 combinations completed out of 1


--- Grid Search Results ---
 hidden_units  dropout_rate  num_layers     lr  val_ndcg  val_ndcg_raw  best_epoch  epochs_run  max_epochs  seed
          256           0.3           2 0.0001  0.781891      0.783715           4           9          40     0

Best config: {'hidden_units': 256.0, 'dropout_rate': 0.3, 'num_layers': 2.0, 'lr': 0.0001, 'val_ndcg': 0.781890806437418, 'val_ndcg_raw': 0.7837153063960624, 'best_epoch': 4.0, 'epochs_run': 9.0, 'max_epochs': 40.0, 'seed': 0.0}
0 of 1 configs reached max_epochs
0 of 1 were still improving when stopped
Best params saved to ../Models/lstm_bce_best_params.json
