task 20 | loss pwts | node slurmnode-gpu03
Tesla P100-PCIE-16GB, 16384 MiB
Tesla P100-PCIE-16GB, 16384 MiB
Tesla P100-PCIE-16GB, 16384 MiB
Tesla P100-PCIE-16GB, 16384 MiB
Using device: cuda
Loading datasets...
Train sessions: 75875 | Val sessions: 16262

Running grid search over 54 combinations...

SLURM array task 20: 1 config -> ../Models/LSTM_grid_pwts_task20.csv
Trying: {'hidden_units': 128, 'dropout_rate': 0.1, 'num_layers': 2, 'lr': 0.001}
Epoch 1 | Loss: 0.6018 | Val NDCG: 0.7765 | smoothed: 0.7765
Epoch 2 | Loss: 0.5900 | Val NDCG: 0.7788 | smoothed: 0.7776
Epoch 3 | Loss: 0.5859 | Val NDCG: 0.7817 | smoothed: 0.7790
Epoch 4 | Loss: 0.5843 | Val NDCG: 0.7898 | smoothed: 0.7835
Epoch 5 | Loss: 0.5815 | Val NDCG: 0.7801 | smoothed: 0.7839
Epoch 6 | Loss: 0.5793 | Val NDCG: 0.7879 | smoothed: 0.7860
Epoch 7 | Loss: 0.5790 | Val NDCG: 0.7852 | smoothed: 0.7844
Epoch 8 | Loss: 0.5769 | Val NDCG: 0.7890 | smoothed: 0.7874
Epoch 9 | Loss: 0.5754 | Val NDCG: 0.7867 | smoothed: 0.7870
Epoch 10 | Loss: 0.5744 | Val NDCG: 0.7911 | smoothed: 0.7889
Epoch 11 | Loss: 0.5738 | Val NDCG: 0.7895 | smoothed: 0.7891
Epoch 12 | Loss: 0.5711 | Val NDCG: 0.7904 | smoothed: 0.7903
Epoch 13 | Loss: 0.5703 | Val NDCG: 0.7932 | smoothed: 0.7910
Epoch 14 | Loss: 0.5700 | Val NDCG: 0.7932 | smoothed: 0.7923
Epoch 15 | Loss: 0.5694 | Val NDCG: 0.7884 | smoothed: 0.7916
Epoch 16 | Loss: 0.5679 | Val NDCG: 0.7915 | smoothed: 0.7910
Epoch 17 | Loss: 0.5667 | Val NDCG: 0.7922 | smoothed: 0.7907
Epoch 18 | Loss: 0.5651 | Val NDCG: 0.7891 | smoothed: 0.7909
Epoch 19 | Loss: 0.5645 | Val NDCG: 0.7910 | smoothed: 0.7908

Best smoothed NDCG: 0.7923 at epoch 14 of 19 run

1 combinations completed out of 1


--- Grid Search Results ---
 hidden_units  dropout_rate  num_layers    lr  val_ndcg  val_ndcg_raw  best_epoch  epochs_run  max_epochs  seed
          128           0.1           2 0.001  0.792265      0.793174          14          19          20     0

Best config: {'hidden_units': 128.0, 'dropout_rate': 0.1, 'num_layers': 2.0, 'lr': 0.001, 'val_ndcg': 0.792265237300791, 'val_ndcg_raw': 0.7931740082486864, 'best_epoch': 14.0, 'epochs_run': 19.0, 'max_epochs': 20.0, 'seed': 0.0}
0 of 1 configs reached max_epochs
0 of 1 were still improving when stopped
Best params saved to ../Models/lstm_pwts_best_params.json
