task 1 | loss pwts | node slurmnode-gpu07
NVIDIA A40, 46068 MiB
NVIDIA A40, 46068 MiB
NVIDIA A40, 46068 MiB
NVIDIA A40, 46068 MiB
Using device: cuda
Loading datasets...
Train sessions: 75875 | Val sessions: 16262

Running grid search over 54 combinations...

SLURM array task 1: 1 config -> ../Models/LSTM_grid_pwts_task1.csv
Trying: {'hidden_units': 64, 'dropout_rate': 0.1, 'num_layers': 1, 'lr': 0.0001}
Epoch 1 | Loss: 0.6262 | Val NDCG: 0.7629 | smoothed: 0.7629
Epoch 2 | Loss: 0.6031 | Val NDCG: 0.7752 | smoothed: 0.7691
Epoch 3 | Loss: 0.5964 | Val NDCG: 0.7714 | smoothed: 0.7699
Epoch 4 | Loss: 0.5940 | Val NDCG: 0.7812 | smoothed: 0.7760
Epoch 5 | Loss: 0.5920 | Val NDCG: 0.7760 | smoothed: 0.7762
Epoch 6 | Loss: 0.5910 | Val NDCG: 0.7757 | smoothed: 0.7776
Epoch 7 | Loss: 0.5911 | Val NDCG: 0.7698 | smoothed: 0.7738
Epoch 8 | Loss: 0.5916 | Val NDCG: 0.7722 | smoothed: 0.7726
Epoch 9 | Loss: 0.5893 | Val NDCG: 0.7721 | smoothed: 0.7714
Epoch 10 | Loss: 0.5898 | Val NDCG: 0.7797 | smoothed: 0.7747
Epoch 11 | Loss: 0.5885 | Val NDCG: 0.7766 | smoothed: 0.7761

Best smoothed NDCG: 0.7776 at epoch 6 of 11 run

1 combinations completed out of 1


--- Grid Search Results ---
 hidden_units  dropout_rate  num_layers     lr  val_ndcg  val_ndcg_raw  best_epoch  epochs_run  max_epochs  seed
           64           0.1           1 0.0001   0.77763      0.775704           6          11          40     0

Best config: {'hidden_units': 64.0, 'dropout_rate': 0.1, 'num_layers': 1.0, 'lr': 0.0001, 'val_ndcg': 0.7776300719645057, 'val_ndcg_raw': 0.7757035463493538, 'best_epoch': 6.0, 'epochs_run': 11.0, 'max_epochs': 40.0, 'seed': 0.0}
0 of 1 configs reached max_epochs
0 of 1 were still improving when stopped
Best params saved to ../Models/lstm_pwts_best_params.json
