task 38 | loss drrl | node slurmnode-gpu02
NVIDIA GeForce GTX 1080 Ti, 11264 MiB
NVIDIA GeForce GTX 1080 Ti, 11264 MiB
NVIDIA GeForce GTX 1080 Ti, 11264 MiB
NVIDIA GeForce GTX 1080 Ti, 11264 MiB
NVIDIA GeForce GTX 1080 Ti, 11264 MiB
NVIDIA GeForce GTX 1080 Ti, 11264 MiB
NVIDIA GeForce GTX 1080 Ti, 11264 MiB
NVIDIA GeForce GTX 1080 Ti, 11264 MiB
Using device: cuda
Loading datasets...
Train sessions: 75875 | Val sessions: 16262

Running grid search over 162 combinations...

SLURM array task 38: 1 config -> ../Models/LSTM_grid_drrl_task38.csv
Trying: {'hidden_units': 64, 'dropout_rate': 0.5, 'num_layers': 1, 'lr': 0.001, 'gamma': 4}
Epoch 1 | Loss: -0.2193 | Val NDCG: 0.7404 | smoothed: 0.7404
Epoch 2 | Loss: -0.2289 | Val NDCG: 0.7509 | smoothed: 0.7456
Epoch 3 | Loss: -0.2296 | Val NDCG: 0.7847 | smoothed: 0.7587
Epoch 4 | Loss: -0.2298 | Val NDCG: 0.7480 | smoothed: 0.7612
Epoch 5 | Loss: -0.2303 | Val NDCG: 0.7796 | smoothed: 0.7708
Epoch 6 | Loss: -0.2303 | Val NDCG: 0.7652 | smoothed: 0.7643
Epoch 7 | Loss: -0.2305 | Val NDCG: 0.7793 | smoothed: 0.7747
Epoch 8 | Loss: -0.2308 | Val NDCG: 0.7247 | smoothed: 0.7564
Epoch 9 | Loss: -0.2309 | Val NDCG: 0.7789 | smoothed: 0.7610
Epoch 10 | Loss: -0.2309 | Val NDCG: 0.7533 | smoothed: 0.7523
Epoch 11 | Loss: -0.2311 | Val NDCG: 0.7830 | smoothed: 0.7717
Epoch 12 | Loss: -0.2310 | Val NDCG: 0.7914 | smoothed: 0.7759
Epoch 13 | Loss: -0.2311 | Val NDCG: 0.7238 | smoothed: 0.7661
Epoch 14 | Loss: -0.2312 | Val NDCG: 0.6780 | smoothed: 0.7311
Epoch 15 | Loss: -0.2312 | Val NDCG: 0.7632 | smoothed: 0.7217
Epoch 16 | Loss: -0.2312 | Val NDCG: 0.7357 | smoothed: 0.7256
Epoch 17 | Loss: -0.2313 | Val NDCG: 0.7764 | smoothed: 0.7584

Best smoothed NDCG: 0.7759 at epoch 12 of 17 run

1 combinations completed out of 1


--- Grid Search Results ---
 hidden_units  dropout_rate  num_layers    lr  gamma  val_ndcg  val_ndcg_raw  best_epoch  epochs_run  max_epochs  seed
           64           0.5           1 0.001      4  0.775924       0.79144          12          17          20     0

Best config: {'hidden_units': 64.0, 'dropout_rate': 0.5, 'num_layers': 1.0, 'lr': 0.001, 'gamma': 4.0, 'val_ndcg': 0.7759238183637794, 'val_ndcg_raw': 0.7914398369059751, 'best_epoch': 12.0, 'epochs_run': 17.0, 'max_epochs': 20.0, 'seed': 0.0}
0 of 1 configs reached max_epochs
0 of 1 were still improving when stopped
Best params saved to ../Models/lstm_drrl_best_params.json
