task 21 | loss pwts | node slurmnode-gpu03
Tesla P100-PCIE-16GB, 16384 MiB
Tesla P100-PCIE-16GB, 16384 MiB
Tesla P100-PCIE-16GB, 16384 MiB
Tesla P100-PCIE-16GB, 16384 MiB
Using device: cuda
Loading datasets...
Train sessions: 75875 | Val sessions: 16262

Running grid search over 54 combinations...

SLURM array task 21: 1 config -> ../Models/LSTM_grid_pwts_task21.csv
Trying: {'hidden_units': 128, 'dropout_rate': 0.1, 'num_layers': 2, 'lr': 0.0001}
Epoch 1 | Loss: 0.6163 | Val NDCG: 0.7682 | smoothed: 0.7682
Epoch 2 | Loss: 0.5946 | Val NDCG: 0.7772 | smoothed: 0.7727
Epoch 3 | Loss: 0.5914 | Val NDCG: 0.7771 | smoothed: 0.7742
Epoch 4 | Loss: 0.5907 | Val NDCG: 0.7872 | smoothed: 0.7805
Epoch 5 | Loss: 0.5892 | Val NDCG: 0.7729 | smoothed: 0.7791
Epoch 6 | Loss: 0.5882 | Val NDCG: 0.7815 | smoothed: 0.7806
Epoch 7 | Loss: 0.5890 | Val NDCG: 0.7706 | smoothed: 0.7750
Epoch 8 | Loss: 0.5876 | Val NDCG: 0.7792 | smoothed: 0.7771
Epoch 9 | Loss: 0.5872 | Val NDCG: 0.7788 | smoothed: 0.7762
Epoch 10 | Loss: 0.5868 | Val NDCG: 0.7831 | smoothed: 0.7804
Epoch 11 | Loss: 0.5871 | Val NDCG: 0.7799 | smoothed: 0.7806
Epoch 12 | Loss: 0.5851 | Val NDCG: 0.7781 | smoothed: 0.7804
Epoch 13 | Loss: 0.5850 | Val NDCG: 0.7836 | smoothed: 0.7805
Epoch 14 | Loss: 0.5847 | Val NDCG: 0.7826 | smoothed: 0.7814
Epoch 15 | Loss: 0.5854 | Val NDCG: 0.7769 | smoothed: 0.7810
Epoch 16 | Loss: 0.5844 | Val NDCG: 0.7800 | smoothed: 0.7798
Epoch 17 | Loss: 0.5835 | Val NDCG: 0.7784 | smoothed: 0.7784
Epoch 18 | Loss: 0.5834 | Val NDCG: 0.7783 | smoothed: 0.7789
Epoch 19 | Loss: 0.5830 | Val NDCG: 0.7794 | smoothed: 0.7787

Best smoothed NDCG: 0.7814 at epoch 14 of 19 run

1 combinations completed out of 1


--- Grid Search Results ---
 hidden_units  dropout_rate  num_layers     lr  val_ndcg  val_ndcg_raw  best_epoch  epochs_run  max_epochs  seed
          128           0.1           2 0.0001  0.781436      0.782589          14          19          40     0

Best config: {'hidden_units': 128.0, 'dropout_rate': 0.1, 'num_layers': 2.0, 'lr': 0.0001, 'val_ndcg': 0.781435867719873, 'val_ndcg_raw': 0.7825889699811323, 'best_epoch': 14.0, 'epochs_run': 19.0, 'max_epochs': 40.0, 'seed': 0.0}
0 of 1 configs reached max_epochs
0 of 1 were still improving when stopped
Best params saved to ../Models/lstm_pwts_best_params.json
