task 4 | loss pwts | node slurmnode-gpu05
Tesla P100-PCIE-16GB, 16384 MiB
Tesla P100-PCIE-16GB, 16384 MiB
Tesla P100-PCIE-16GB, 16384 MiB
Tesla P100-PCIE-16GB, 16384 MiB
Using device: cuda
Loading datasets...
Train sessions: 75875 | Val sessions: 16262

Running grid search over 54 combinations...

SLURM array task 4: 1 config -> ../Models/LSTM_grid_pwts_task4.csv
Trying: {'hidden_units': 64, 'dropout_rate': 0.1, 'num_layers': 3, 'lr': 0.001}
Epoch 1 | Loss: 0.6059 | Val NDCG: 0.7793 | smoothed: 0.7793
Epoch 2 | Loss: 0.5925 | Val NDCG: 0.7764 | smoothed: 0.7779
Epoch 3 | Loss: 0.5886 | Val NDCG: 0.7749 | smoothed: 0.7769
Epoch 4 | Loss: 0.5866 | Val NDCG: 0.7853 | smoothed: 0.7789
Epoch 5 | Loss: 0.5851 | Val NDCG: 0.7818 | smoothed: 0.7807
Epoch 6 | Loss: 0.5830 | Val NDCG: 0.7846 | smoothed: 0.7839
Epoch 7 | Loss: 0.5838 | Val NDCG: 0.7794 | smoothed: 0.7819
Epoch 8 | Loss: 0.5814 | Val NDCG: 0.7844 | smoothed: 0.7828
Epoch 9 | Loss: 0.5803 | Val NDCG: 0.7775 | smoothed: 0.7804
Epoch 10 | Loss: 0.5789 | Val NDCG: 0.7839 | smoothed: 0.7819
Epoch 11 | Loss: 0.5777 | Val NDCG: 0.7844 | smoothed: 0.7819

Best smoothed NDCG: 0.7839 at epoch 6 of 11 run

1 combinations completed out of 1


--- Grid Search Results ---
 hidden_units  dropout_rate  num_layers    lr  val_ndcg  val_ndcg_raw  best_epoch  epochs_run  max_epochs  seed
           64           0.1           3 0.001  0.783887      0.784561           6          11          20     0

Best config: {'hidden_units': 64.0, 'dropout_rate': 0.1, 'num_layers': 3.0, 'lr': 0.001, 'val_ndcg': 0.7838870689063814, 'val_ndcg_raw': 0.7845607708687939, 'best_epoch': 6.0, 'epochs_run': 11.0, 'max_epochs': 20.0, 'seed': 0.0}
0 of 1 configs reached max_epochs
0 of 1 were still improving when stopped
Best params saved to ../Models/lstm_pwts_best_params.json
