task 10 | loss pwts | node slurmnode-gpu02
NVIDIA GeForce GTX 1080 Ti, 11264 MiB
NVIDIA GeForce GTX 1080 Ti, 11264 MiB
NVIDIA GeForce GTX 1080 Ti, 11264 MiB
NVIDIA GeForce GTX 1080 Ti, 11264 MiB
NVIDIA GeForce GTX 1080 Ti, 11264 MiB
NVIDIA GeForce GTX 1080 Ti, 11264 MiB
NVIDIA GeForce GTX 1080 Ti, 11264 MiB
NVIDIA GeForce GTX 1080 Ti, 11264 MiB
Using device: cuda
Loading datasets...
Train sessions: 75875 | Val sessions: 16262

Running grid search over 54 combinations...

SLURM array task 10: 1 config -> ../Models/LSTM_grid_pwts_task10.csv
Trying: {'hidden_units': 64, 'dropout_rate': 0.3, 'num_layers': 3, 'lr': 0.001}
Epoch 1 | Loss: 0.6092 | Val NDCG: 0.7781 | smoothed: 0.7781
Epoch 2 | Loss: 0.5942 | Val NDCG: 0.7795 | smoothed: 0.7788
Epoch 3 | Loss: 0.5904 | Val NDCG: 0.7787 | smoothed: 0.7787
Epoch 4 | Loss: 0.5883 | Val NDCG: 0.7837 | smoothed: 0.7806
Epoch 5 | Loss: 0.5870 | Val NDCG: 0.7782 | smoothed: 0.7802
Epoch 6 | Loss: 0.5852 | Val NDCG: 0.7836 | smoothed: 0.7818
Epoch 7 | Loss: 0.5864 | Val NDCG: 0.7765 | smoothed: 0.7794
Epoch 8 | Loss: 0.5841 | Val NDCG: 0.7835 | smoothed: 0.7812
Epoch 9 | Loss: 0.5833 | Val NDCG: 0.7779 | smoothed: 0.7793
Epoch 10 | Loss: 0.5816 | Val NDCG: 0.7827 | smoothed: 0.7814
Epoch 11 | Loss: 0.5808 | Val NDCG: 0.7833 | smoothed: 0.7813

Best smoothed NDCG: 0.7818 at epoch 6 of 11 run

1 combinations completed out of 1


--- Grid Search Results ---
 hidden_units  dropout_rate  num_layers    lr  val_ndcg  val_ndcg_raw  best_epoch  epochs_run  max_epochs  seed
           64           0.3           3 0.001  0.781838      0.783621           6          11          20     0

Best config: {'hidden_units': 64.0, 'dropout_rate': 0.3, 'num_layers': 3.0, 'lr': 0.001, 'val_ndcg': 0.7818379504083662, 'val_ndcg_raw': 0.7836213198275828, 'best_epoch': 6.0, 'epochs_run': 11.0, 'max_epochs': 20.0, 'seed': 0.0}
0 of 1 configs reached max_epochs
0 of 1 were still improving when stopped
Best params saved to ../Models/lstm_pwts_best_params.json
