task 74 | loss drrl | node slurmnode-gpu02
NVIDIA GeForce GTX 1080 Ti, 11264 MiB
NVIDIA GeForce GTX 1080 Ti, 11264 MiB
NVIDIA GeForce GTX 1080 Ti, 11264 MiB
NVIDIA GeForce GTX 1080 Ti, 11264 MiB
NVIDIA GeForce GTX 1080 Ti, 11264 MiB
NVIDIA GeForce GTX 1080 Ti, 11264 MiB
NVIDIA GeForce GTX 1080 Ti, 11264 MiB
NVIDIA GeForce GTX 1080 Ti, 11264 MiB
Using device: cuda
Loading datasets...
Train sessions: 75875 | Val sessions: 16262

Running grid search over 162 combinations...

SLURM array task 74: 1 config -> ../Models/LSTM_grid_drrl_task74.csv
Trying: {'hidden_units': 128, 'dropout_rate': 0.3, 'num_layers': 1, 'lr': 0.001, 'gamma': 4}
Epoch 1 | Loss: -0.2229 | Val NDCG: 0.7602 | smoothed: 0.7602
Epoch 2 | Loss: -0.2294 | Val NDCG: 0.7902 | smoothed: 0.7752
Epoch 3 | Loss: -0.2300 | Val NDCG: 0.7641 | smoothed: 0.7715
Epoch 4 | Loss: -0.2304 | Val NDCG: 0.7051 | smoothed: 0.7531
Epoch 5 | Loss: -0.2309 | Val NDCG: 0.7272 | smoothed: 0.7322
Epoch 6 | Loss: -0.2312 | Val NDCG: 0.7531 | smoothed: 0.7285
Epoch 7 | Loss: -0.2312 | Val NDCG: 0.7187 | smoothed: 0.7330

Best smoothed NDCG: 0.7752 at epoch 2 of 7 run

1 combinations completed out of 1


--- Grid Search Results ---
 hidden_units  dropout_rate  num_layers    lr  gamma  val_ndcg  val_ndcg_raw  best_epoch  epochs_run  max_epochs  seed
          128           0.3           1 0.001      4  0.775204      0.790197           2           7          20     0

Best config: {'hidden_units': 128.0, 'dropout_rate': 0.3, 'num_layers': 1.0, 'lr': 0.001, 'gamma': 4.0, 'val_ndcg': 0.7752043466078493, 'val_ndcg_raw': 0.7901972112509672, 'best_epoch': 2.0, 'epochs_run': 7.0, 'max_epochs': 20.0, 'seed': 0.0}
0 of 1 configs reached max_epochs
0 of 1 were still improving when stopped
Best params saved to ../Models/lstm_drrl_best_params.json
