task 107 | loss drrl | node slurmnode-gpu03
Tesla P100-PCIE-16GB, 16384 MiB
Tesla P100-PCIE-16GB, 16384 MiB
Tesla P100-PCIE-16GB, 16384 MiB
Tesla P100-PCIE-16GB, 16384 MiB
Using device: cuda
Loading datasets...
Train sessions: 75875 | Val sessions: 16262

Running grid search over 162 combinations...

SLURM array task 107: 1 config -> ../Models/LSTM_grid_drrl_task107.csv
Trying: {'hidden_units': 128, 'dropout_rate': 0.5, 'num_layers': 3, 'lr': 0.0001, 'gamma': 4}
Epoch 1 | Loss: -0.2137 | Val NDCG: 0.6626 | smoothed: 0.6626
Epoch 2 | Loss: -0.2306 | Val NDCG: 0.7185 | smoothed: 0.6905
Epoch 3 | Loss: -0.2314 | Val NDCG: 0.6956 | smoothed: 0.6922
Epoch 4 | Loss: -0.2316 | Val NDCG: 0.7581 | smoothed: 0.7241
Epoch 5 | Loss: -0.2318 | Val NDCG: 0.7262 | smoothed: 0.7267
Epoch 6 | Loss: -0.2318 | Val NDCG: 0.7325 | smoothed: 0.7390
Epoch 7 | Loss: -0.2320 | Val NDCG: 0.7598 | smoothed: 0.7395
Epoch 8 | Loss: -0.2320 | Val NDCG: 0.7798 | smoothed: 0.7574
Epoch 9 | Loss: -0.2320 | Val NDCG: 0.7258 | smoothed: 0.7552
Epoch 10 | Loss: -0.2321 | Val NDCG: 0.7667 | smoothed: 0.7574
Epoch 11 | Loss: -0.2322 | Val NDCG: 0.7029 | smoothed: 0.7318
Epoch 12 | Loss: -0.2321 | Val NDCG: 0.7223 | smoothed: 0.7307
Epoch 13 | Loss: -0.2322 | Val NDCG: 0.7660 | smoothed: 0.7304
Epoch 14 | Loss: -0.2322 | Val NDCG: 0.7119 | smoothed: 0.7334
Epoch 15 | Loss: -0.2323 | Val NDCG: 0.7792 | smoothed: 0.7524

Best smoothed NDCG: 0.7574 at epoch 10 of 15 run

1 combinations completed out of 1


--- Grid Search Results ---
 hidden_units  dropout_rate  num_layers     lr  gamma  val_ndcg  val_ndcg_raw  best_epoch  epochs_run  max_epochs  seed
          128           0.5           3 0.0001      4  0.757447      0.766712          10          15          40     0

Best config: {'hidden_units': 128.0, 'dropout_rate': 0.5, 'num_layers': 3.0, 'lr': 0.0001, 'gamma': 4.0, 'val_ndcg': 0.7574466000327021, 'val_ndcg_raw': 0.7667123924996972, 'best_epoch': 10.0, 'epochs_run': 15.0, 'max_epochs': 40.0, 'seed': 0.0}
0 of 1 configs reached max_epochs
0 of 1 were still improving when stopped
Best params saved to ../Models/lstm_drrl_best_params.json
