task 49 | loss drrl | node slurmnode-gpu03
Tesla P100-PCIE-16GB, 16384 MiB
Tesla P100-PCIE-16GB, 16384 MiB
Tesla P100-PCIE-16GB, 16384 MiB
Tesla P100-PCIE-16GB, 16384 MiB
Using device: cuda
Loading datasets...
Train sessions: 75875 | Val sessions: 16262

Running grid search over 162 combinations...

SLURM array task 49: 1 config -> ../Models/LSTM_grid_drrl_task49.csv
Trying: {'hidden_units': 64, 'dropout_rate': 0.5, 'num_layers': 3, 'lr': 0.001, 'gamma': 3}
Epoch 1 | Loss: -0.2242 | Val NDCG: 0.6779 | smoothed: 0.6779
Epoch 2 | Loss: -0.2301 | Val NDCG: 0.7688 | smoothed: 0.7234
Epoch 3 | Loss: -0.2304 | Val NDCG: 0.7746 | smoothed: 0.7404
Epoch 4 | Loss: -0.2307 | Val NDCG: 0.7792 | smoothed: 0.7742
Epoch 5 | Loss: -0.2306 | Val NDCG: 0.7626 | smoothed: 0.7721
Epoch 6 | Loss: -0.2308 | Val NDCG: 0.7621 | smoothed: 0.7680
Epoch 7 | Loss: -0.2307 | Val NDCG: 0.7903 | smoothed: 0.7717
Epoch 8 | Loss: -0.2307 | Val NDCG: 0.7945 | smoothed: 0.7823
Epoch 9 | Loss: -0.2309 | Val NDCG: 0.7776 | smoothed: 0.7875
Epoch 10 | Loss: -0.2306 | Val NDCG: 0.7960 | smoothed: 0.7894
Epoch 11 | Loss: -0.2311 | Val NDCG: 0.7919 | smoothed: 0.7885
Epoch 12 | Loss: -0.2310 | Val NDCG: 0.7974 | smoothed: 0.7951
Epoch 13 | Loss: -0.2313 | Val NDCG: 0.7541 | smoothed: 0.7811
Epoch 14 | Loss: -0.2312 | Val NDCG: 0.7728 | smoothed: 0.7748
Epoch 15 | Loss: -0.2313 | Val NDCG: 0.7979 | smoothed: 0.7749
Epoch 16 | Loss: -0.2313 | Val NDCG: 0.7840 | smoothed: 0.7849
Epoch 17 | Loss: -0.2314 | Val NDCG: 0.7835 | smoothed: 0.7885

Best smoothed NDCG: 0.7951 at epoch 12 of 17 run

1 combinations completed out of 1


--- Grid Search Results ---
 hidden_units  dropout_rate  num_layers    lr  gamma  val_ndcg  val_ndcg_raw  best_epoch  epochs_run  max_epochs  seed
           64           0.5           3 0.001      3  0.795093      0.797382          12          17          20     0

Best config: {'hidden_units': 64.0, 'dropout_rate': 0.5, 'num_layers': 3.0, 'lr': 0.001, 'gamma': 3.0, 'val_ndcg': 0.7950933047213947, 'val_ndcg_raw': 0.7973817627065006, 'best_epoch': 12.0, 'epochs_run': 17.0, 'max_epochs': 20.0, 'seed': 0.0}
0 of 1 configs reached max_epochs
0 of 1 were still improving when stopped
Best params saved to ../Models/lstm_drrl_best_params.json
