task 134 | loss drrl | node slurmnode-gpu03
Tesla P100-PCIE-16GB, 16384 MiB
Tesla P100-PCIE-16GB, 16384 MiB
Tesla P100-PCIE-16GB, 16384 MiB
Tesla P100-PCIE-16GB, 16384 MiB
Using device: cuda
Loading datasets...
Train sessions: 75875 | Val sessions: 16262

Running grid search over 162 combinations...

SLURM array task 134: 1 config -> ../Models/LSTM_grid_drrl_task134.csv
Trying: {'hidden_units': 256, 'dropout_rate': 0.3, 'num_layers': 2, 'lr': 0.001, 'gamma': 4}
Epoch 1 | Loss: -0.2226 | Val NDCG: 0.7384 | smoothed: 0.7384
Epoch 2 | Loss: -0.2287 | Val NDCG: 0.7959 | smoothed: 0.7671
Epoch 3 | Loss: -0.2294 | Val NDCG: 0.7732 | smoothed: 0.7692
Epoch 4 | Loss: -0.2302 | Val NDCG: 0.7319 | smoothed: 0.7670
Epoch 5 | Loss: -0.2304 | Val NDCG: 0.8007 | smoothed: 0.7686
Epoch 6 | Loss: -0.2308 | Val NDCG: 0.7621 | smoothed: 0.7649
Epoch 7 | Loss: -0.2310 | Val NDCG: 0.7683 | smoothed: 0.7770
Epoch 8 | Loss: -0.2310 | Val NDCG: 0.7751 | smoothed: 0.7685
Epoch 9 | Loss: -0.2309 | Val NDCG: 0.7774 | smoothed: 0.7736
Epoch 10 | Loss: -0.2311 | Val NDCG: 0.7830 | smoothed: 0.7785
Epoch 11 | Loss: -0.2312 | Val NDCG: 0.7942 | smoothed: 0.7849
Epoch 12 | Loss: -0.2314 | Val NDCG: 0.7486 | smoothed: 0.7753
Epoch 13 | Loss: -0.2315 | Val NDCG: 0.7957 | smoothed: 0.7795
Epoch 14 | Loss: -0.2315 | Val NDCG: 0.7771 | smoothed: 0.7738
Epoch 15 | Loss: -0.2314 | Val NDCG: 0.7745 | smoothed: 0.7824
Epoch 16 | Loss: -0.2316 | Val NDCG: 0.7866 | smoothed: 0.7794

Best smoothed NDCG: 0.7849 at epoch 11 of 16 run

1 combinations completed out of 1


--- Grid Search Results ---
 hidden_units  dropout_rate  num_layers    lr  gamma  val_ndcg  val_ndcg_raw  best_epoch  epochs_run  max_epochs  seed
          256           0.3           2 0.001      4  0.784882      0.794243          11          16          20     0

Best config: {'hidden_units': 256.0, 'dropout_rate': 0.3, 'num_layers': 2.0, 'lr': 0.001, 'gamma': 4.0, 'val_ndcg': 0.7848822153486791, 'val_ndcg_raw': 0.7942434290655194, 'best_epoch': 11.0, 'epochs_run': 16.0, 'max_epochs': 20.0, 'seed': 0.0}
0 of 1 configs reached max_epochs
0 of 1 were still improving when stopped
Best params saved to ../Models/lstm_drrl_best_params.json
