task 6 | loss pwts | node slurmnode-gpu03
Tesla P100-PCIE-16GB, 16384 MiB
Tesla P100-PCIE-16GB, 16384 MiB
Tesla P100-PCIE-16GB, 16384 MiB
Tesla P100-PCIE-16GB, 16384 MiB
Using device: cuda
Loading datasets...
Train sessions: 75875 | Val sessions: 16262

Running grid search over 54 combinations...

SLURM array task 6: 1 config -> ../Models/LSTM_grid_pwts_task6.csv
Trying: {'hidden_units': 64, 'dropout_rate': 0.3, 'num_layers': 1, 'lr': 0.001}
Epoch 1 | Loss: 0.6046 | Val NDCG: 0.7766 | smoothed: 0.7766
Epoch 2 | Loss: 0.5925 | Val NDCG: 0.7744 | smoothed: 0.7755
Epoch 3 | Loss: 0.5894 | Val NDCG: 0.7808 | smoothed: 0.7773
Epoch 4 | Loss: 0.5876 | Val NDCG: 0.7878 | smoothed: 0.7810
Epoch 5 | Loss: 0.5856 | Val NDCG: 0.7740 | smoothed: 0.7809
Epoch 6 | Loss: 0.5847 | Val NDCG: 0.7815 | smoothed: 0.7811
Epoch 7 | Loss: 0.5837 | Val NDCG: 0.7772 | smoothed: 0.7776
Epoch 8 | Loss: 0.5840 | Val NDCG: 0.7798 | smoothed: 0.7795
Epoch 9 | Loss: 0.5808 | Val NDCG: 0.7794 | smoothed: 0.7788
Epoch 10 | Loss: 0.5805 | Val NDCG: 0.7880 | smoothed: 0.7824
Epoch 11 | Loss: 0.5792 | Val NDCG: 0.7876 | smoothed: 0.7850
Epoch 12 | Loss: 0.5809 | Val NDCG: 0.7896 | smoothed: 0.7884
Epoch 13 | Loss: 0.5779 | Val NDCG: 0.7885 | smoothed: 0.7885
Epoch 14 | Loss: 0.5791 | Val NDCG: 0.7894 | smoothed: 0.7891
Epoch 15 | Loss: 0.5785 | Val NDCG: 0.7875 | smoothed: 0.7885
Epoch 16 | Loss: 0.5770 | Val NDCG: 0.7897 | smoothed: 0.7889
Epoch 17 | Loss: 0.5767 | Val NDCG: 0.7900 | smoothed: 0.7891
Epoch 18 | Loss: 0.5756 | Val NDCG: 0.7885 | smoothed: 0.7894
Epoch 19 | Loss: 0.5767 | Val NDCG: 0.7915 | smoothed: 0.7900
Epoch 20 | Loss: 0.5766 | Val NDCG: 0.7890 | smoothed: 0.7897

Best smoothed NDCG: 0.7900 at epoch 19 of 20 run

1 combinations completed out of 1


--- Grid Search Results ---
 hidden_units  dropout_rate  num_layers    lr  val_ndcg  val_ndcg_raw  best_epoch  epochs_run  max_epochs  seed
           64           0.3           1 0.001  0.790024       0.79152          19          20          20     0

Best config: {'hidden_units': 64.0, 'dropout_rate': 0.3, 'num_layers': 1.0, 'lr': 0.001, 'val_ndcg': 0.7900235614651758, 'val_ndcg_raw': 0.791519958391412, 'best_epoch': 19.0, 'epochs_run': 20.0, 'max_epochs': 20.0, 'seed': 0.0}
1 of 1 configs reached max_epochs
1 of 1 were still improving when stopped
Best params saved to ../Models/lstm_pwts_best_params.json
