task 70 | loss drrl | node slurmnode-gpu02
NVIDIA GeForce GTX 1080 Ti, 11264 MiB
NVIDIA GeForce GTX 1080 Ti, 11264 MiB
NVIDIA GeForce GTX 1080 Ti, 11264 MiB
NVIDIA GeForce GTX 1080 Ti, 11264 MiB
NVIDIA GeForce GTX 1080 Ti, 11264 MiB
NVIDIA GeForce GTX 1080 Ti, 11264 MiB
NVIDIA GeForce GTX 1080 Ti, 11264 MiB
NVIDIA GeForce GTX 1080 Ti, 11264 MiB
Using device: cuda
Loading datasets...
Train sessions: 75875 | Val sessions: 16262

Running grid search over 162 combinations...

SLURM array task 70: 1 config -> ../Models/LSTM_grid_drrl_task70.csv
Trying: {'hidden_units': 128, 'dropout_rate': 0.1, 'num_layers': 3, 'lr': 0.0001, 'gamma': 3}
Epoch 1 | Loss: -0.2163 | Val NDCG: 0.7314 | smoothed: 0.7314
Epoch 2 | Loss: -0.2294 | Val NDCG: 0.7655 | smoothed: 0.7485
Epoch 3 | Loss: -0.2309 | Val NDCG: 0.7262 | smoothed: 0.7411
Epoch 4 | Loss: -0.2313 | Val NDCG: 0.7721 | smoothed: 0.7546
Epoch 5 | Loss: -0.2315 | Val NDCG: 0.7505 | smoothed: 0.7496
Epoch 6 | Loss: -0.2316 | Val NDCG: 0.7636 | smoothed: 0.7621
Epoch 7 | Loss: -0.2318 | Val NDCG: 0.7610 | smoothed: 0.7584
Epoch 8 | Loss: -0.2318 | Val NDCG: 0.7715 | smoothed: 0.7654
Epoch 9 | Loss: -0.2318 | Val NDCG: 0.7898 | smoothed: 0.7741
Epoch 10 | Loss: -0.2319 | Val NDCG: 0.7464 | smoothed: 0.7693
Epoch 11 | Loss: -0.2319 | Val NDCG: 0.7915 | smoothed: 0.7759
Epoch 12 | Loss: -0.2320 | Val NDCG: 0.7696 | smoothed: 0.7692
Epoch 13 | Loss: -0.2320 | Val NDCG: 0.7897 | smoothed: 0.7836
Epoch 14 | Loss: -0.2320 | Val NDCG: 0.7607 | smoothed: 0.7733
Epoch 15 | Loss: -0.2321 | Val NDCG: 0.7813 | smoothed: 0.7772
Epoch 16 | Loss: -0.2321 | Val NDCG: 0.7718 | smoothed: 0.7712
Epoch 17 | Loss: -0.2321 | Val NDCG: 0.7900 | smoothed: 0.7810
Epoch 18 | Loss: -0.2321 | Val NDCG: 0.7646 | smoothed: 0.7755

Best smoothed NDCG: 0.7836 at epoch 13 of 18 run

1 combinations completed out of 1


--- Grid Search Results ---
 hidden_units  dropout_rate  num_layers     lr  gamma  val_ndcg  val_ndcg_raw  best_epoch  epochs_run  max_epochs  seed
          128           0.1           3 0.0001      3  0.783581      0.789669          13          18          40     0

Best config: {'hidden_units': 128.0, 'dropout_rate': 0.1, 'num_layers': 3.0, 'lr': 0.0001, 'gamma': 3.0, 'val_ndcg': 0.7835814979680591, 'val_ndcg_raw': 0.7896689700748079, 'best_epoch': 13.0, 'epochs_run': 18.0, 'max_epochs': 40.0, 'seed': 0.0}
0 of 1 configs reached max_epochs
0 of 1 were still improving when stopped
Best params saved to ../Models/lstm_drrl_best_params.json
