task 6 | loss drrl | node slurmnode-gpu02
NVIDIA GeForce GTX 1080 Ti, 11264 MiB
NVIDIA GeForce GTX 1080 Ti, 11264 MiB
NVIDIA GeForce GTX 1080 Ti, 11264 MiB
NVIDIA GeForce GTX 1080 Ti, 11264 MiB
NVIDIA GeForce GTX 1080 Ti, 11264 MiB
NVIDIA GeForce GTX 1080 Ti, 11264 MiB
NVIDIA GeForce GTX 1080 Ti, 11264 MiB
NVIDIA GeForce GTX 1080 Ti, 11264 MiB
Using device: cuda
Loading datasets...
Train sessions: 75875 | Val sessions: 16262

Running grid search over 162 combinations...

SLURM array task 6: 1 config -> ../Models/LSTM_grid_drrl_task6.csv
Trying: {'hidden_units': 64, 'dropout_rate': 0.1, 'num_layers': 2, 'lr': 0.001, 'gamma': 2}
Epoch 1 | Loss: -0.2261 | Val NDCG: 0.7444 | smoothed: 0.7444
Epoch 2 | Loss: -0.2306 | Val NDCG: 0.7187 | smoothed: 0.7316
Epoch 3 | Loss: -0.2307 | Val NDCG: 0.7898 | smoothed: 0.7510
Epoch 4 | Loss: -0.2309 | Val NDCG: 0.7802 | smoothed: 0.7629
Epoch 5 | Loss: -0.2311 | Val NDCG: 0.7818 | smoothed: 0.7839
Epoch 6 | Loss: -0.2311 | Val NDCG: 0.7537 | smoothed: 0.7719
Epoch 7 | Loss: -0.2311 | Val NDCG: 0.7807 | smoothed: 0.7721
Epoch 8 | Loss: -0.2313 | Val NDCG: 0.7873 | smoothed: 0.7739
Epoch 9 | Loss: -0.2313 | Val NDCG: 0.7810 | smoothed: 0.7830
Epoch 10 | Loss: -0.2313 | Val NDCG: 0.7966 | smoothed: 0.7883
Epoch 11 | Loss: -0.2315 | Val NDCG: 0.7421 | smoothed: 0.7732
Epoch 12 | Loss: -0.2314 | Val NDCG: 0.7900 | smoothed: 0.7762
Epoch 13 | Loss: -0.2314 | Val NDCG: 0.7753 | smoothed: 0.7691
Epoch 14 | Loss: -0.2315 | Val NDCG: 0.7743 | smoothed: 0.7798
Epoch 15 | Loss: -0.2316 | Val NDCG: 0.7819 | smoothed: 0.7771

Best smoothed NDCG: 0.7883 at epoch 10 of 15 run

1 combinations completed out of 1


--- Grid Search Results ---
 hidden_units  dropout_rate  num_layers    lr  gamma  val_ndcg  val_ndcg_raw  best_epoch  epochs_run  max_epochs  seed
           64           0.1           2 0.001      2    0.7883       0.79657          10          15          20     0

Best config: {'hidden_units': 64.0, 'dropout_rate': 0.1, 'num_layers': 2.0, 'lr': 0.001, 'gamma': 2.0, 'val_ndcg': 0.7882999039289774, 'val_ndcg_raw': 0.7965696403775827, 'best_epoch': 10.0, 'epochs_run': 15.0, 'max_epochs': 20.0, 'seed': 0.0}
0 of 1 configs reached max_epochs
0 of 1 were still improving when stopped
Best params saved to ../Models/lstm_drrl_best_params.json
