task 61 | loss drrl | node slurmnode-gpu02
NVIDIA GeForce GTX 1080 Ti, 11264 MiB
NVIDIA GeForce GTX 1080 Ti, 11264 MiB
NVIDIA GeForce GTX 1080 Ti, 11264 MiB
NVIDIA GeForce GTX 1080 Ti, 11264 MiB
NVIDIA GeForce GTX 1080 Ti, 11264 MiB
NVIDIA GeForce GTX 1080 Ti, 11264 MiB
NVIDIA GeForce GTX 1080 Ti, 11264 MiB
NVIDIA GeForce GTX 1080 Ti, 11264 MiB
Using device: cuda
Loading datasets...
Train sessions: 75875 | Val sessions: 16262

Running grid search over 162 combinations...

SLURM array task 61: 1 config -> ../Models/LSTM_grid_drrl_task61.csv
Trying: {'hidden_units': 128, 'dropout_rate': 0.1, 'num_layers': 2, 'lr': 0.001, 'gamma': 3}
Epoch 1 | Loss: -0.2234 | Val NDCG: 0.7680 | smoothed: 0.7680
Epoch 2 | Loss: -0.2294 | Val NDCG: 0.7613 | smoothed: 0.7646
Epoch 3 | Loss: -0.2299 | Val NDCG: 0.7840 | smoothed: 0.7711
Epoch 4 | Loss: -0.2303 | Val NDCG: 0.7922 | smoothed: 0.7792
Epoch 5 | Loss: -0.2303 | Val NDCG: 0.7877 | smoothed: 0.7880
Epoch 6 | Loss: -0.2301 | Val NDCG: 0.7732 | smoothed: 0.7844
Epoch 7 | Loss: -0.2305 | Val NDCG: 0.7701 | smoothed: 0.7770
Epoch 8 | Loss: -0.2309 | Val NDCG: 0.7737 | smoothed: 0.7723
Epoch 9 | Loss: -0.2310 | Val NDCG: 0.7683 | smoothed: 0.7707
Epoch 10 | Loss: -0.2311 | Val NDCG: 0.7794 | smoothed: 0.7738

Best smoothed NDCG: 0.7880 at epoch 5 of 10 run

1 combinations completed out of 1


--- Grid Search Results ---
 hidden_units  dropout_rate  num_layers    lr  gamma  val_ndcg  val_ndcg_raw  best_epoch  epochs_run  max_epochs  seed
          128           0.1           2 0.001      3   0.78797      0.787731           5          10          20     0

Best config: {'hidden_units': 128.0, 'dropout_rate': 0.1, 'num_layers': 2.0, 'lr': 0.001, 'gamma': 3.0, 'val_ndcg': 0.7879695313981961, 'val_ndcg_raw': 0.7877308651457694, 'best_epoch': 5.0, 'epochs_run': 10.0, 'max_epochs': 20.0, 'seed': 0.0}
0 of 1 configs reached max_epochs
0 of 1 were still improving when stopped
Best params saved to ../Models/lstm_drrl_best_params.json
