task 60 | loss drrl | node slurmnode-gpu03
Tesla P100-PCIE-16GB, 16384 MiB
Tesla P100-PCIE-16GB, 16384 MiB
Tesla P100-PCIE-16GB, 16384 MiB
Tesla P100-PCIE-16GB, 16384 MiB
Using device: cuda
Loading datasets...
Train sessions: 75875 | Val sessions: 16262

Running grid search over 162 combinations...

SLURM array task 60: 1 config -> ../Models/LSTM_grid_drrl_task60.csv
Trying: {'hidden_units': 128, 'dropout_rate': 0.1, 'num_layers': 2, 'lr': 0.001, 'gamma': 2}
Epoch 1 | Loss: -0.2186 | Val NDCG: 0.7332 | smoothed: 0.7332
Epoch 2 | Loss: -0.2271 | Val NDCG: 0.7716 | smoothed: 0.7524
Epoch 3 | Loss: -0.2281 | Val NDCG: 0.7776 | smoothed: 0.7608
Epoch 4 | Loss: -0.2287 | Val NDCG: 0.7478 | smoothed: 0.7657
Epoch 5 | Loss: -0.2287 | Val NDCG: 0.7844 | smoothed: 0.7699
Epoch 6 | Loss: -0.2291 | Val NDCG: 0.7922 | smoothed: 0.7748
Epoch 7 | Loss: -0.2293 | Val NDCG: 0.7759 | smoothed: 0.7842
Epoch 8 | Loss: -0.2290 | Val NDCG: 0.7879 | smoothed: 0.7853
Epoch 9 | Loss: -0.2296 | Val NDCG: 0.7813 | smoothed: 0.7817
Epoch 10 | Loss: -0.2297 | Val NDCG: 0.7878 | smoothed: 0.7857
Epoch 11 | Loss: -0.2298 | Val NDCG: 0.7898 | smoothed: 0.7863
Epoch 12 | Loss: -0.2301 | Val NDCG: 0.7724 | smoothed: 0.7833
Epoch 13 | Loss: -0.2301 | Val NDCG: 0.7820 | smoothed: 0.7814
Epoch 14 | Loss: -0.2297 | Val NDCG: 0.7778 | smoothed: 0.7774
Epoch 15 | Loss: -0.2303 | Val NDCG: 0.7692 | smoothed: 0.7763
Epoch 16 | Loss: -0.2305 | Val NDCG: 0.7932 | smoothed: 0.7801

Best smoothed NDCG: 0.7863 at epoch 11 of 16 run

1 combinations completed out of 1


--- Grid Search Results ---
 hidden_units  dropout_rate  num_layers    lr  gamma  val_ndcg  val_ndcg_raw  best_epoch  epochs_run  max_epochs  seed
          128           0.1           2 0.001      2  0.786307      0.789786          11          16          20     0

Best config: {'hidden_units': 128.0, 'dropout_rate': 0.1, 'num_layers': 2.0, 'lr': 0.001, 'gamma': 2.0, 'val_ndcg': 0.7863066967607862, 'val_ndcg_raw': 0.789785866535028, 'best_epoch': 11.0, 'epochs_run': 16.0, 'max_epochs': 20.0, 'seed': 0.0}
0 of 1 configs reached max_epochs
0 of 1 were still improving when stopped
Best params saved to ../Models/lstm_drrl_best_params.json
