task 15 | loss pwts | node slurmnode-gpu03
Tesla P100-PCIE-16GB, 16384 MiB
Tesla P100-PCIE-16GB, 16384 MiB
Tesla P100-PCIE-16GB, 16384 MiB
Tesla P100-PCIE-16GB, 16384 MiB
Using device: cuda
Loading datasets...
Train sessions: 75875 | Val sessions: 16262

Running grid search over 54 combinations...

SLURM array task 15: 1 config -> ../Models/LSTM_grid_pwts_task15.csv
Trying: {'hidden_units': 64, 'dropout_rate': 0.5, 'num_layers': 2, 'lr': 0.0001}
Epoch 1 | Loss: 0.6370 | Val NDCG: 0.7350 | smoothed: 0.7350
Epoch 2 | Loss: 0.6150 | Val NDCG: 0.7713 | smoothed: 0.7532
Epoch 3 | Loss: 0.6074 | Val NDCG: 0.7621 | smoothed: 0.7561
Epoch 4 | Loss: 0.6042 | Val NDCG: 0.7773 | smoothed: 0.7702
Epoch 5 | Loss: 0.6016 | Val NDCG: 0.7684 | smoothed: 0.7693
Epoch 6 | Loss: 0.5992 | Val NDCG: 0.7680 | smoothed: 0.7712
Epoch 7 | Loss: 0.5977 | Val NDCG: 0.7680 | smoothed: 0.7681
Epoch 8 | Loss: 0.5959 | Val NDCG: 0.7650 | smoothed: 0.7670
Epoch 9 | Loss: 0.5960 | Val NDCG: 0.7694 | smoothed: 0.7675
Epoch 10 | Loss: 0.5949 | Val NDCG: 0.7772 | smoothed: 0.7705
Epoch 11 | Loss: 0.5947 | Val NDCG: 0.7722 | smoothed: 0.7729
Epoch 12 | Loss: 0.5936 | Val NDCG: 0.7672 | smoothed: 0.7722
Epoch 13 | Loss: 0.5919 | Val NDCG: 0.7790 | smoothed: 0.7728
Epoch 14 | Loss: 0.5916 | Val NDCG: 0.7765 | smoothed: 0.7742
Epoch 15 | Loss: 0.5918 | Val NDCG: 0.7746 | smoothed: 0.7767
Epoch 16 | Loss: 0.5917 | Val NDCG: 0.7733 | smoothed: 0.7748
Epoch 17 | Loss: 0.5904 | Val NDCG: 0.7775 | smoothed: 0.7751
Epoch 18 | Loss: 0.5903 | Val NDCG: 0.7771 | smoothed: 0.7760
Epoch 19 | Loss: 0.5903 | Val NDCG: 0.7760 | smoothed: 0.7769
Epoch 20 | Loss: 0.5898 | Val NDCG: 0.7721 | smoothed: 0.7751
Epoch 21 | Loss: 0.5896 | Val NDCG: 0.7783 | smoothed: 0.7755
Epoch 22 | Loss: 0.5892 | Val NDCG: 0.7757 | smoothed: 0.7754
Epoch 23 | Loss: 0.5888 | Val NDCG: 0.7749 | smoothed: 0.7763
Epoch 24 | Loss: 0.5882 | Val NDCG: 0.7754 | smoothed: 0.7753

Best smoothed NDCG: 0.7769 at epoch 19 of 24 run

1 combinations completed out of 1


--- Grid Search Results ---
 hidden_units  dropout_rate  num_layers     lr  val_ndcg  val_ndcg_raw  best_epoch  epochs_run  max_epochs  seed
           64           0.5           2 0.0001  0.776856      0.775974          19          24          40     0

Best config: {'hidden_units': 64.0, 'dropout_rate': 0.5, 'num_layers': 2.0, 'lr': 0.0001, 'val_ndcg': 0.7768562795910748, 'val_ndcg_raw': 0.775974202796723, 'best_epoch': 19.0, 'epochs_run': 24.0, 'max_epochs': 40.0, 'seed': 0.0}
0 of 1 configs reached max_epochs
0 of 1 were still improving when stopped
Best params saved to ../Models/lstm_pwts_best_params.json
