task 126 | loss drrl | node slurmnode-gpu03
Tesla P100-PCIE-16GB, 16384 MiB
Tesla P100-PCIE-16GB, 16384 MiB
Tesla P100-PCIE-16GB, 16384 MiB
Tesla P100-PCIE-16GB, 16384 MiB
Using device: cuda
Loading datasets...
Train sessions: 75875 | Val sessions: 16262

Running grid search over 162 combinations...

SLURM array task 126: 1 config -> ../Models/LSTM_grid_drrl_task126.csv
Trying: {'hidden_units': 256, 'dropout_rate': 0.3, 'num_layers': 1, 'lr': 0.001, 'gamma': 2}
Epoch 1 | Loss: -0.2150 | Val NDCG: 0.7367 | smoothed: 0.7367
Epoch 2 | Loss: -0.2270 | Val NDCG: 0.7325 | smoothed: 0.7346
Epoch 3 | Loss: -0.2295 | Val NDCG: 0.7766 | smoothed: 0.7486
Epoch 4 | Loss: -0.2306 | Val NDCG: 0.7780 | smoothed: 0.7624
Epoch 5 | Loss: -0.2307 | Val NDCG: 0.7567 | smoothed: 0.7704
Epoch 6 | Loss: -0.2309 | Val NDCG: 0.7594 | smoothed: 0.7647
Epoch 7 | Loss: -0.2309 | Val NDCG: 0.7750 | smoothed: 0.7637
Epoch 8 | Loss: -0.2308 | Val NDCG: 0.7636 | smoothed: 0.7660
Epoch 9 | Loss: -0.2309 | Val NDCG: 0.7720 | smoothed: 0.7702
Epoch 10 | Loss: -0.2310 | Val NDCG: 0.7640 | smoothed: 0.7665

Best smoothed NDCG: 0.7704 at epoch 5 of 10 run

1 combinations completed out of 1


--- Grid Search Results ---
 hidden_units  dropout_rate  num_layers    lr  gamma  val_ndcg  val_ndcg_raw  best_epoch  epochs_run  max_epochs  seed
          256           0.3           1 0.001      2   0.77041      0.756654           5          10          20     0

Best config: {'hidden_units': 256.0, 'dropout_rate': 0.3, 'num_layers': 1.0, 'lr': 0.001, 'gamma': 2.0, 'val_ndcg': 0.7704096407046448, 'val_ndcg_raw': 0.7566537068395959, 'best_epoch': 5.0, 'epochs_run': 10.0, 'max_epochs': 20.0, 'seed': 0.0}
0 of 1 configs reached max_epochs
0 of 1 were still improving when stopped
Best params saved to ../Models/lstm_drrl_best_params.json
