task 58 | loss drrl | node slurmnode-gpu02
NVIDIA GeForce GTX 1080 Ti, 11264 MiB
NVIDIA GeForce GTX 1080 Ti, 11264 MiB
NVIDIA GeForce GTX 1080 Ti, 11264 MiB
NVIDIA GeForce GTX 1080 Ti, 11264 MiB
NVIDIA GeForce GTX 1080 Ti, 11264 MiB
NVIDIA GeForce GTX 1080 Ti, 11264 MiB
NVIDIA GeForce GTX 1080 Ti, 11264 MiB
NVIDIA GeForce GTX 1080 Ti, 11264 MiB
Using device: cuda
Loading datasets...
Train sessions: 75875 | Val sessions: 16262

Running grid search over 162 combinations...

SLURM array task 58: 1 config -> ../Models/LSTM_grid_drrl_task58.csv
Trying: {'hidden_units': 128, 'dropout_rate': 0.1, 'num_layers': 1, 'lr': 0.0001, 'gamma': 3}
Epoch 1 | Loss: -0.2138 | Val NDCG: 0.7501 | smoothed: 0.7501
Epoch 2 | Loss: -0.2279 | Val NDCG: 0.7555 | smoothed: 0.7528
Epoch 3 | Loss: -0.2295 | Val NDCG: 0.7564 | smoothed: 0.7540
Epoch 4 | Loss: -0.2303 | Val NDCG: 0.6970 | smoothed: 0.7363
Epoch 5 | Loss: -0.2308 | Val NDCG: 0.7651 | smoothed: 0.7395
Epoch 6 | Loss: -0.2311 | Val NDCG: 0.7619 | smoothed: 0.7413
Epoch 7 | Loss: -0.2313 | Val NDCG: 0.7358 | smoothed: 0.7543
Epoch 8 | Loss: -0.2315 | Val NDCG: 0.7179 | smoothed: 0.7385
Epoch 9 | Loss: -0.2316 | Val NDCG: 0.7131 | smoothed: 0.7223
Epoch 10 | Loss: -0.2318 | Val NDCG: 0.7493 | smoothed: 0.7268
Epoch 11 | Loss: -0.2319 | Val NDCG: 0.7692 | smoothed: 0.7439
Epoch 12 | Loss: -0.2318 | Val NDCG: 0.7730 | smoothed: 0.7638
Epoch 13 | Loss: -0.2318 | Val NDCG: 0.7471 | smoothed: 0.7631
Epoch 14 | Loss: -0.2320 | Val NDCG: 0.7560 | smoothed: 0.7587
Epoch 15 | Loss: -0.2321 | Val NDCG: 0.7270 | smoothed: 0.7434
Epoch 16 | Loss: -0.2320 | Val NDCG: 0.7628 | smoothed: 0.7486
Epoch 17 | Loss: -0.2321 | Val NDCG: 0.7911 | smoothed: 0.7603

Best smoothed NDCG: 0.7638 at epoch 12 of 17 run

1 combinations completed out of 1


--- Grid Search Results ---
 hidden_units  dropout_rate  num_layers     lr  gamma  val_ndcg  val_ndcg_raw  best_epoch  epochs_run  max_epochs  seed
          128           0.1           1 0.0001      3  0.763824      0.772996          12          17          40     0

Best config: {'hidden_units': 128.0, 'dropout_rate': 0.1, 'num_layers': 1.0, 'lr': 0.0001, 'gamma': 3.0, 'val_ndcg': 0.7638236212050842, 'val_ndcg_raw': 0.7729961065453115, 'best_epoch': 12.0, 'epochs_run': 17.0, 'max_epochs': 40.0, 'seed': 0.0}
0 of 1 configs reached max_epochs
0 of 1 were still improving when stopped
Best params saved to ../Models/lstm_drrl_best_params.json
