task 88 | loss drrl | node slurmnode-gpu07
NVIDIA A40, 46068 MiB
NVIDIA A40, 46068 MiB
NVIDIA A40, 46068 MiB
NVIDIA A40, 46068 MiB
Using device: cuda
Loading datasets...
Train sessions: 75875 | Val sessions: 16262

Running grid search over 162 combinations...

SLURM array task 88: 1 config -> ../Models/LSTM_grid_drrl_task88.csv
Trying: {'hidden_units': 128, 'dropout_rate': 0.3, 'num_layers': 3, 'lr': 0.0001, 'gamma': 3}
Epoch 1 | Loss: -0.2148 | Val NDCG: 0.6800 | smoothed: 0.6800
Epoch 2 | Loss: -0.2304 | Val NDCG: 0.7482 | smoothed: 0.7141
Epoch 3 | Loss: -0.2312 | Val NDCG: 0.7247 | smoothed: 0.7177
Epoch 4 | Loss: -0.2315 | Val NDCG: 0.7086 | smoothed: 0.7272
Epoch 5 | Loss: -0.2318 | Val NDCG: 0.7531 | smoothed: 0.7288
Epoch 6 | Loss: -0.2317 | Val NDCG: 0.7593 | smoothed: 0.7403
Epoch 7 | Loss: -0.2318 | Val NDCG: 0.7457 | smoothed: 0.7527
Epoch 8 | Loss: -0.2320 | Val NDCG: 0.7569 | smoothed: 0.7540
Epoch 9 | Loss: -0.2319 | Val NDCG: 0.7393 | smoothed: 0.7473
Epoch 10 | Loss: -0.2320 | Val NDCG: 0.7670 | smoothed: 0.7544
Epoch 11 | Loss: -0.2320 | Val NDCG: 0.8028 | smoothed: 0.7697
Epoch 12 | Loss: -0.2321 | Val NDCG: 0.7661 | smoothed: 0.7786
Epoch 13 | Loss: -0.2321 | Val NDCG: 0.7704 | smoothed: 0.7798
Epoch 14 | Loss: -0.2322 | Val NDCG: 0.7723 | smoothed: 0.7696
Epoch 15 | Loss: -0.2322 | Val NDCG: 0.7402 | smoothed: 0.7609
Epoch 16 | Loss: -0.2322 | Val NDCG: 0.7271 | smoothed: 0.7465
Epoch 17 | Loss: -0.2322 | Val NDCG: 0.7456 | smoothed: 0.7377
Epoch 18 | Loss: -0.2323 | Val NDCG: 0.7245 | smoothed: 0.7324

Best smoothed NDCG: 0.7798 at epoch 13 of 18 run

1 combinations completed out of 1


--- Grid Search Results ---
 hidden_units  dropout_rate  num_layers     lr  gamma  val_ndcg  val_ndcg_raw  best_epoch  epochs_run  max_epochs  seed
          128           0.3           3 0.0001      3  0.779754      0.770366          13          18          40     0

Best config: {'hidden_units': 128.0, 'dropout_rate': 0.3, 'num_layers': 3.0, 'lr': 0.0001, 'gamma': 3.0, 'val_ndcg': 0.7797540043066776, 'val_ndcg_raw': 0.7703662899020519, 'best_epoch': 13.0, 'epochs_run': 18.0, 'max_epochs': 40.0, 'seed': 0.0}
0 of 1 configs reached max_epochs
0 of 1 were still improving when stopped
Best params saved to ../Models/lstm_drrl_best_params.json
