task 0 | loss drrl | node slurmnode-gpu08
NVIDIA A40, 46068 MiB
NVIDIA A40, 46068 MiB
NVIDIA A40, 46068 MiB
NVIDIA A40, 46068 MiB
Using device: cuda
Loading datasets...
Train sessions: 75875 | Val sessions: 16262

Running grid search over 162 combinations...

SLURM array task 0: 1 config -> ../Models/LSTM_grid_drrl_task0.csv
Trying: {'hidden_units': 64, 'dropout_rate': 0.1, 'num_layers': 1, 'lr': 0.001, 'gamma': 2}
Epoch 1 | Loss: -0.2189 | Val NDCG: 0.7220 | smoothed: 0.7220
Epoch 2 | Loss: -0.2268 | Val NDCG: 0.7720 | smoothed: 0.7470
Epoch 3 | Loss: -0.2279 | Val NDCG: 0.7903 | smoothed: 0.7615
Epoch 4 | Loss: -0.2286 | Val NDCG: 0.6627 | smoothed: 0.7417
Epoch 5 | Loss: -0.2287 | Val NDCG: 0.6862 | smoothed: 0.7131
Epoch 6 | Loss: -0.2292 | Val NDCG: 0.7201 | smoothed: 0.6897
Epoch 7 | Loss: -0.2294 | Val NDCG: 0.7819 | smoothed: 0.7294
Epoch 8 | Loss: -0.2298 | Val NDCG: 0.7687 | smoothed: 0.7569

Best smoothed NDCG: 0.7615 at epoch 3 of 8 run

1 combinations completed out of 1


--- Grid Search Results ---
 hidden_units  dropout_rate  num_layers    lr  gamma  val_ndcg  val_ndcg_raw  best_epoch  epochs_run  max_epochs  seed
           64           0.1           1 0.001      2  0.761459      0.790338           3           8          20     0

Best config: {'hidden_units': 64.0, 'dropout_rate': 0.1, 'num_layers': 1.0, 'lr': 0.001, 'gamma': 2.0, 'val_ndcg': 0.7614586220868871, 'val_ndcg_raw': 0.7903382908124919, 'best_epoch': 3.0, 'epochs_run': 8.0, 'max_epochs': 20.0, 'seed': 0.0}
0 of 1 configs reached max_epochs
0 of 1 were still improving when stopped
Best params saved to ../Models/lstm_drrl_best_params.json
