task 23 | loss pwts | node slurmnode-gpu03
Tesla P100-PCIE-16GB, 16384 MiB
Tesla P100-PCIE-16GB, 16384 MiB
Tesla P100-PCIE-16GB, 16384 MiB
Tesla P100-PCIE-16GB, 16384 MiB
Using device: cuda
Loading datasets...
Train sessions: 75875 | Val sessions: 16262

Running grid search over 54 combinations...

SLURM array task 23: 1 config -> ../Models/LSTM_grid_pwts_task23.csv
Trying: {'hidden_units': 128, 'dropout_rate': 0.1, 'num_layers': 3, 'lr': 0.0001}
Epoch 1 | Loss: 0.6204 | Val NDCG: 0.7581 | smoothed: 0.7581
Epoch 2 | Loss: 0.5959 | Val NDCG: 0.7733 | smoothed: 0.7657
Epoch 3 | Loss: 0.5929 | Val NDCG: 0.7769 | smoothed: 0.7695
Epoch 4 | Loss: 0.5902 | Val NDCG: 0.7828 | smoothed: 0.7777
Epoch 5 | Loss: 0.5907 | Val NDCG: 0.7717 | smoothed: 0.7771
Epoch 6 | Loss: 0.5898 | Val NDCG: 0.7815 | smoothed: 0.7787
Epoch 7 | Loss: 0.5882 | Val NDCG: 0.7697 | smoothed: 0.7743
Epoch 8 | Loss: 0.5882 | Val NDCG: 0.7758 | smoothed: 0.7757
Epoch 9 | Loss: 0.5884 | Val NDCG: 0.7756 | smoothed: 0.7737
Epoch 10 | Loss: 0.5866 | Val NDCG: 0.7783 | smoothed: 0.7765
Epoch 11 | Loss: 0.5858 | Val NDCG: 0.7812 | smoothed: 0.7783

Best smoothed NDCG: 0.7787 at epoch 6 of 11 run

1 combinations completed out of 1


--- Grid Search Results ---
 hidden_units  dropout_rate  num_layers     lr  val_ndcg  val_ndcg_raw  best_epoch  epochs_run  max_epochs  seed
          128           0.1           3 0.0001  0.778654      0.781517           6          11          40     0

Best config: {'hidden_units': 128.0, 'dropout_rate': 0.1, 'num_layers': 3.0, 'lr': 0.0001, 'val_ndcg': 0.7786542416516014, 'val_ndcg_raw': 0.7815173125272653, 'best_epoch': 6.0, 'epochs_run': 11.0, 'max_epochs': 40.0, 'seed': 0.0}
0 of 1 configs reached max_epochs
0 of 1 were still improving when stopped
Best params saved to ../Models/lstm_pwts_best_params.json
