task 25 | loss bce | node slurmnode-gpu08
NVIDIA A40, 46068 MiB
NVIDIA A40, 46068 MiB
NVIDIA A40, 46068 MiB
NVIDIA A40, 46068 MiB
Using device: cuda
Loading datasets...
Train sessions: 75875 | Val sessions: 16262

Running grid search over 54 combinations...

SLURM array task 25: 1 config -> ../Models/LSTM_grid_bce_task25.csv
Trying: {'hidden_units': 128, 'dropout_rate': 0.3, 'num_layers': 1, 'lr': 0.0001}
Epoch 1 | Loss: 0.5893 | Val NDCG: 0.7825 | smoothed: 0.7825
Epoch 2 | Loss: 0.5705 | Val NDCG: 0.7796 | smoothed: 0.7811
Epoch 3 | Loss: 0.5666 | Val NDCG: 0.7766 | smoothed: 0.7796
Epoch 4 | Loss: 0.5649 | Val NDCG: 0.7861 | smoothed: 0.7808
Epoch 5 | Loss: 0.5651 | Val NDCG: 0.7732 | smoothed: 0.7786
Epoch 6 | Loss: 0.5641 | Val NDCG: 0.7828 | smoothed: 0.7807

Best smoothed NDCG: 0.7825 at epoch 1 of 6 run

1 combinations completed out of 1


--- Grid Search Results ---
 hidden_units  dropout_rate  num_layers     lr  val_ndcg  val_ndcg_raw  best_epoch  epochs_run  max_epochs  seed
          128           0.3           1 0.0001  0.782547      0.782547           1           6          40     0

Best config: {'hidden_units': 128.0, 'dropout_rate': 0.3, 'num_layers': 1.0, 'lr': 0.0001, 'val_ndcg': 0.7825469234711102, 'val_ndcg_raw': 0.7825469234711102, 'best_epoch': 1.0, 'epochs_run': 6.0, 'max_epochs': 40.0, 'seed': 0.0}
0 of 1 configs reached max_epochs
0 of 1 were still improving when stopped
Best params saved to ../Models/lstm_bce_best_params.json
