task 34 | loss bce | node slurmnode-gpu02
NVIDIA GeForce GTX 1080 Ti, 11264 MiB
NVIDIA GeForce GTX 1080 Ti, 11264 MiB
NVIDIA GeForce GTX 1080 Ti, 11264 MiB
NVIDIA GeForce GTX 1080 Ti, 11264 MiB
NVIDIA GeForce GTX 1080 Ti, 11264 MiB
NVIDIA GeForce GTX 1080 Ti, 11264 MiB
NVIDIA GeForce GTX 1080 Ti, 11264 MiB
NVIDIA GeForce GTX 1080 Ti, 11264 MiB
Using device: cuda
Loading datasets...
Train sessions: 75875 | Val sessions: 16262

Running grid search over 54 combinations...

SLURM array task 34: 1 config -> ../Models/LSTM_grid_bce_task34.csv
Trying: {'hidden_units': 128, 'dropout_rate': 0.5, 'num_layers': 3, 'lr': 0.001}
Epoch 1 | Loss: 0.5795 | Val NDCG: 0.7750 | smoothed: 0.7750
Epoch 2 | Loss: 0.5672 | Val NDCG: 0.7757 | smoothed: 0.7754
Epoch 3 | Loss: 0.5641 | Val NDCG: 0.7744 | smoothed: 0.7750
Epoch 4 | Loss: 0.5610 | Val NDCG: 0.7888 | smoothed: 0.7797
Epoch 5 | Loss: 0.5598 | Val NDCG: 0.7795 | smoothed: 0.7809
Epoch 6 | Loss: 0.5587 | Val NDCG: 0.7885 | smoothed: 0.7856
Epoch 7 | Loss: 0.5568 | Val NDCG: 0.7796 | smoothed: 0.7825
Epoch 8 | Loss: 0.5562 | Val NDCG: 0.7875 | smoothed: 0.7852
Epoch 9 | Loss: 0.5558 | Val NDCG: 0.7829 | smoothed: 0.7833
Epoch 10 | Loss: 0.5545 | Val NDCG: 0.7852 | smoothed: 0.7852
Epoch 11 | Loss: 0.5527 | Val NDCG: 0.7895 | smoothed: 0.7859
Epoch 12 | Loss: 0.5519 | Val NDCG: 0.7887 | smoothed: 0.7878
Epoch 13 | Loss: 0.5523 | Val NDCG: 0.7922 | smoothed: 0.7901
Epoch 14 | Loss: 0.5517 | Val NDCG: 0.7913 | smoothed: 0.7907
Epoch 15 | Loss: 0.5508 | Val NDCG: 0.7856 | smoothed: 0.7897
Epoch 16 | Loss: 0.5515 | Val NDCG: 0.7897 | smoothed: 0.7889
Epoch 17 | Loss: 0.5511 | Val NDCG: 0.7908 | smoothed: 0.7887
Epoch 18 | Loss: 0.5504 | Val NDCG: 0.7918 | smoothed: 0.7908
Epoch 19 | Loss: 0.5499 | Val NDCG: 0.7888 | smoothed: 0.7905
Epoch 20 | Loss: 0.5504 | Val NDCG: 0.7901 | smoothed: 0.7902

Best smoothed NDCG: 0.7908 at epoch 18 of 20 run

1 combinations completed out of 1


--- Grid Search Results ---
 hidden_units  dropout_rate  num_layers    lr  val_ndcg  val_ndcg_raw  best_epoch  epochs_run  max_epochs  seed
          128           0.5           3 0.001  0.790761      0.791789          18          20          20     0

Best config: {'hidden_units': 128.0, 'dropout_rate': 0.5, 'num_layers': 3.0, 'lr': 0.001, 'val_ndcg': 0.7907606929159954, 'val_ndcg_raw': 0.7917888807617846, 'best_epoch': 18.0, 'epochs_run': 20.0, 'max_epochs': 20.0, 'seed': 0.0}
1 of 1 configs reached max_epochs
0 of 1 were still improving when stopped
Best params saved to ../Models/lstm_bce_best_params.json
