task 9 | loss pwts | node slurmnode-gpu03
Tesla P100-PCIE-16GB, 16384 MiB
Tesla P100-PCIE-16GB, 16384 MiB
Tesla P100-PCIE-16GB, 16384 MiB
Tesla P100-PCIE-16GB, 16384 MiB
Using device: cuda
Loading datasets...
Train sessions: 75875 | Val sessions: 16262

Running grid search over 54 combinations...

SLURM array task 9: 1 config -> ../Models/LSTM_grid_pwts_task9.csv
Trying: {'hidden_units': 64, 'dropout_rate': 0.3, 'num_layers': 2, 'lr': 0.0001}
Epoch 1 | Loss: 0.6331 | Val NDCG: 0.7544 | smoothed: 0.7544
Epoch 2 | Loss: 0.6088 | Val NDCG: 0.7773 | smoothed: 0.7658
Epoch 3 | Loss: 0.6017 | Val NDCG: 0.7685 | smoothed: 0.7667
Epoch 4 | Loss: 0.5987 | Val NDCG: 0.7845 | smoothed: 0.7768
Epoch 5 | Loss: 0.5968 | Val NDCG: 0.7738 | smoothed: 0.7756
Epoch 6 | Loss: 0.5951 | Val NDCG: 0.7752 | smoothed: 0.7778
Epoch 7 | Loss: 0.5943 | Val NDCG: 0.7737 | smoothed: 0.7742
Epoch 8 | Loss: 0.5932 | Val NDCG: 0.7717 | smoothed: 0.7735
Epoch 9 | Loss: 0.5932 | Val NDCG: 0.7705 | smoothed: 0.7720
Epoch 10 | Loss: 0.5926 | Val NDCG: 0.7811 | smoothed: 0.7744
Epoch 11 | Loss: 0.5924 | Val NDCG: 0.7745 | smoothed: 0.7754

Best smoothed NDCG: 0.7778 at epoch 6 of 11 run

1 combinations completed out of 1


--- Grid Search Results ---
 hidden_units  dropout_rate  num_layers     lr  val_ndcg  val_ndcg_raw  best_epoch  epochs_run  max_epochs  seed
           64           0.3           2 0.0001   0.77783      0.775191           6          11          40     0

Best config: {'hidden_units': 64.0, 'dropout_rate': 0.3, 'num_layers': 2.0, 'lr': 0.0001, 'val_ndcg': 0.7778303065582598, 'val_ndcg_raw': 0.7751905564271924, 'best_epoch': 6.0, 'epochs_run': 11.0, 'max_epochs': 40.0, 'seed': 0.0}
0 of 1 configs reached max_epochs
0 of 1 were still improving when stopped
Best params saved to ../Models/lstm_pwts_best_params.json
