task 35 | loss drrl | node slurmnode-gpu02
NVIDIA GeForce GTX 1080 Ti, 11264 MiB
NVIDIA GeForce GTX 1080 Ti, 11264 MiB
NVIDIA GeForce GTX 1080 Ti, 11264 MiB
NVIDIA GeForce GTX 1080 Ti, 11264 MiB
NVIDIA GeForce GTX 1080 Ti, 11264 MiB
NVIDIA GeForce GTX 1080 Ti, 11264 MiB
NVIDIA GeForce GTX 1080 Ti, 11264 MiB
NVIDIA GeForce GTX 1080 Ti, 11264 MiB
Using device: cuda
Loading datasets...
Train sessions: 75875 | Val sessions: 16262

Running grid search over 162 combinations...

SLURM array task 35: 1 config -> ../Models/LSTM_grid_drrl_task35.csv
Trying: {'hidden_units': 64, 'dropout_rate': 0.3, 'num_layers': 3, 'lr': 0.0001, 'gamma': 4}
Epoch 1 | Loss: -0.2062 | Val NDCG: 0.7284 | smoothed: 0.7284
Epoch 2 | Loss: -0.2297 | Val NDCG: 0.7323 | smoothed: 0.7304
Epoch 3 | Loss: -0.2311 | Val NDCG: 0.7329 | smoothed: 0.7312
Epoch 4 | Loss: -0.2316 | Val NDCG: 0.7530 | smoothed: 0.7394
Epoch 5 | Loss: -0.2318 | Val NDCG: 0.7558 | smoothed: 0.7472
Epoch 6 | Loss: -0.2319 | Val NDCG: 0.7495 | smoothed: 0.7527
Epoch 7 | Loss: -0.2321 | Val NDCG: 0.7602 | smoothed: 0.7551
Epoch 8 | Loss: -0.2321 | Val NDCG: 0.7691 | smoothed: 0.7596
Epoch 9 | Loss: -0.2322 | Val NDCG: 0.7590 | smoothed: 0.7628
Epoch 10 | Loss: -0.2322 | Val NDCG: 0.7647 | smoothed: 0.7643
Epoch 11 | Loss: -0.2322 | Val NDCG: 0.7443 | smoothed: 0.7560
Epoch 12 | Loss: -0.2323 | Val NDCG: 0.7699 | smoothed: 0.7596
Epoch 13 | Loss: -0.2323 | Val NDCG: 0.7402 | smoothed: 0.7515
Epoch 14 | Loss: -0.2323 | Val NDCG: 0.7444 | smoothed: 0.7515
Epoch 15 | Loss: -0.2323 | Val NDCG: 0.7478 | smoothed: 0.7441

Best smoothed NDCG: 0.7643 at epoch 10 of 15 run

1 combinations completed out of 1


--- Grid Search Results ---
 hidden_units  dropout_rate  num_layers     lr  gamma  val_ndcg  val_ndcg_raw  best_epoch  epochs_run  max_epochs  seed
           64           0.3           3 0.0001      4  0.764267      0.764661          10          15          40     0

Best config: {'hidden_units': 64.0, 'dropout_rate': 0.3, 'num_layers': 3.0, 'lr': 0.0001, 'gamma': 4.0, 'val_ndcg': 0.7642668811906982, 'val_ndcg_raw': 0.7646612737328214, 'best_epoch': 10.0, 'epochs_run': 15.0, 'max_epochs': 40.0, 'seed': 0.0}
0 of 1 configs reached max_epochs
0 of 1 were still improving when stopped
Best params saved to ../Models/lstm_drrl_best_params.json
