task 49 | loss pwts | node slurmnode-gpu03
Tesla P100-PCIE-16GB, 16384 MiB
Tesla P100-PCIE-16GB, 16384 MiB
Tesla P100-PCIE-16GB, 16384 MiB
Tesla P100-PCIE-16GB, 16384 MiB
Using device: cuda
Loading datasets...
Train sessions: 75875 | Val sessions: 16262

Running grid search over 54 combinations...

SLURM array task 49: 1 config -> ../Models/LSTM_grid_pwts_task49.csv
Trying: {'hidden_units': 256, 'dropout_rate': 0.5, 'num_layers': 1, 'lr': 0.0001}
Epoch 1 | Loss: 0.6116 | Val NDCG: 0.7695 | smoothed: 0.7695
Epoch 2 | Loss: 0.5968 | Val NDCG: 0.7763 | smoothed: 0.7729
Epoch 3 | Loss: 0.5941 | Val NDCG: 0.7788 | smoothed: 0.7748
Epoch 4 | Loss: 0.5918 | Val NDCG: 0.7824 | smoothed: 0.7791
Epoch 5 | Loss: 0.5927 | Val NDCG: 0.7730 | smoothed: 0.7781
Epoch 6 | Loss: 0.5917 | Val NDCG: 0.7744 | smoothed: 0.7766
Epoch 7 | Loss: 0.5896 | Val NDCG: 0.7722 | smoothed: 0.7732
Epoch 8 | Loss: 0.5901 | Val NDCG: 0.7715 | smoothed: 0.7727
Epoch 9 | Loss: 0.5883 | Val NDCG: 0.7794 | smoothed: 0.7743

Best smoothed NDCG: 0.7791 at epoch 4 of 9 run

1 combinations completed out of 1


--- Grid Search Results ---
 hidden_units  dropout_rate  num_layers     lr  val_ndcg  val_ndcg_raw  best_epoch  epochs_run  max_epochs  seed
          256           0.5           1 0.0001   0.77915      0.782383           4           9          40     0

Best config: {'hidden_units': 256.0, 'dropout_rate': 0.5, 'num_layers': 1.0, 'lr': 0.0001, 'val_ndcg': 0.7791497683225287, 'val_ndcg_raw': 0.7823825469799368, 'best_epoch': 4.0, 'epochs_run': 9.0, 'max_epochs': 40.0, 'seed': 0.0}
0 of 1 configs reached max_epochs
0 of 1 were still improving when stopped
Best params saved to ../Models/lstm_pwts_best_params.json
