task 33 | loss drrl | node slurmnode-gpu02
NVIDIA GeForce GTX 1080 Ti, 11264 MiB
NVIDIA GeForce GTX 1080 Ti, 11264 MiB
NVIDIA GeForce GTX 1080 Ti, 11264 MiB
NVIDIA GeForce GTX 1080 Ti, 11264 MiB
NVIDIA GeForce GTX 1080 Ti, 11264 MiB
NVIDIA GeForce GTX 1080 Ti, 11264 MiB
NVIDIA GeForce GTX 1080 Ti, 11264 MiB
NVIDIA GeForce GTX 1080 Ti, 11264 MiB
Using device: cuda
Loading datasets...
Train sessions: 75875 | Val sessions: 16262

Running grid search over 162 combinations...

SLURM array task 33: 1 config -> ../Models/LSTM_grid_drrl_task33.csv
Trying: {'hidden_units': 64, 'dropout_rate': 0.3, 'num_layers': 3, 'lr': 0.0001, 'gamma': 2}
Epoch 1 | Loss: -0.2039 | Val NDCG: 0.7184 | smoothed: 0.7184
Epoch 2 | Loss: -0.2292 | Val NDCG: 0.7011 | smoothed: 0.7098
Epoch 3 | Loss: -0.2307 | Val NDCG: 0.7210 | smoothed: 0.7135
Epoch 4 | Loss: -0.2312 | Val NDCG: 0.7445 | smoothed: 0.7222
Epoch 5 | Loss: -0.2314 | Val NDCG: 0.7672 | smoothed: 0.7442
Epoch 6 | Loss: -0.2316 | Val NDCG: 0.7082 | smoothed: 0.7400
Epoch 7 | Loss: -0.2318 | Val NDCG: 0.7054 | smoothed: 0.7269
Epoch 8 | Loss: -0.2318 | Val NDCG: 0.7325 | smoothed: 0.7154
Epoch 9 | Loss: -0.2319 | Val NDCG: 0.7135 | smoothed: 0.7171
Epoch 10 | Loss: -0.2320 | Val NDCG: 0.7662 | smoothed: 0.7374

Best smoothed NDCG: 0.7442 at epoch 5 of 10 run

1 combinations completed out of 1


--- Grid Search Results ---
 hidden_units  dropout_rate  num_layers     lr  gamma  val_ndcg  val_ndcg_raw  best_epoch  epochs_run  max_epochs  seed
           64           0.3           3 0.0001      2  0.744249      0.767186           5          10          40     0

Best config: {'hidden_units': 64.0, 'dropout_rate': 0.3, 'num_layers': 3.0, 'lr': 0.0001, 'gamma': 2.0, 'val_ndcg': 0.7442492184284873, 'val_ndcg_raw': 0.7671858309019148, 'best_epoch': 5.0, 'epochs_run': 10.0, 'max_epochs': 40.0, 'seed': 0.0}
0 of 1 configs reached max_epochs
0 of 1 were still improving when stopped
Best params saved to ../Models/lstm_drrl_best_params.json
