task 117 | loss drrl | node slurmnode-gpu03
Tesla P100-PCIE-16GB, 16384 MiB
Tesla P100-PCIE-16GB, 16384 MiB
Tesla P100-PCIE-16GB, 16384 MiB
Tesla P100-PCIE-16GB, 16384 MiB
Using device: cuda
Loading datasets...
Train sessions: 75875 | Val sessions: 16262

Running grid search over 162 combinations...

SLURM array task 117: 1 config -> ../Models/LSTM_grid_drrl_task117.csv
Trying: {'hidden_units': 256, 'dropout_rate': 0.1, 'num_layers': 2, 'lr': 0.0001, 'gamma': 2}
Epoch 1 | Loss: -0.2193 | Val NDCG: 0.6745 | smoothed: 0.6745
Epoch 2 | Loss: -0.2282 | Val NDCG: 0.7241 | smoothed: 0.6993
Epoch 3 | Loss: -0.2293 | Val NDCG: 0.7500 | smoothed: 0.7162
Epoch 4 | Loss: -0.2300 | Val NDCG: 0.7216 | smoothed: 0.7319
Epoch 5 | Loss: -0.2302 | Val NDCG: 0.7523 | smoothed: 0.7413
Epoch 6 | Loss: -0.2302 | Val NDCG: 0.7757 | smoothed: 0.7499
Epoch 7 | Loss: -0.2306 | Val NDCG: 0.7636 | smoothed: 0.7639
Epoch 8 | Loss: -0.2306 | Val NDCG: 0.7242 | smoothed: 0.7545
Epoch 9 | Loss: -0.2307 | Val NDCG: 0.7637 | smoothed: 0.7505
Epoch 10 | Loss: -0.2308 | Val NDCG: 0.7588 | smoothed: 0.7489
Epoch 11 | Loss: -0.2308 | Val NDCG: 0.7751 | smoothed: 0.7658
Epoch 12 | Loss: -0.2310 | Val NDCG: 0.7504 | smoothed: 0.7614
Epoch 13 | Loss: -0.2310 | Val NDCG: 0.7423 | smoothed: 0.7559
Epoch 14 | Loss: -0.2311 | Val NDCG: 0.7908 | smoothed: 0.7612
Epoch 15 | Loss: -0.2312 | Val NDCG: 0.7795 | smoothed: 0.7709
Epoch 16 | Loss: -0.2311 | Val NDCG: 0.7851 | smoothed: 0.7851
Epoch 17 | Loss: -0.2313 | Val NDCG: 0.7769 | smoothed: 0.7805
Epoch 18 | Loss: -0.2312 | Val NDCG: 0.7851 | smoothed: 0.7824
Epoch 19 | Loss: -0.2313 | Val NDCG: 0.7940 | smoothed: 0.7853
Epoch 20 | Loss: -0.2314 | Val NDCG: 0.7897 | smoothed: 0.7896
Epoch 21 | Loss: -0.2313 | Val NDCG: 0.7875 | smoothed: 0.7904
Epoch 22 | Loss: -0.2313 | Val NDCG: 0.7943 | smoothed: 0.7905
Epoch 23 | Loss: -0.2314 | Val NDCG: 0.7718 | smoothed: 0.7845
Epoch 24 | Loss: -0.2314 | Val NDCG: 0.7607 | smoothed: 0.7756
Epoch 25 | Loss: -0.2314 | Val NDCG: 0.7961 | smoothed: 0.7762
Epoch 26 | Loss: -0.2315 | Val NDCG: 0.7813 | smoothed: 0.7794
Epoch 27 | Loss: -0.2315 | Val NDCG: 0.7935 | smoothed: 0.7903

Best smoothed NDCG: 0.7905 at epoch 22 of 27 run

1 combinations completed out of 1


--- Grid Search Results ---
 hidden_units  dropout_rate  num_layers     lr  gamma  val_ndcg  val_ndcg_raw  best_epoch  epochs_run  max_epochs  seed
          256           0.1           2 0.0001      2  0.790513      0.794319          22          27          40     0

Best config: {'hidden_units': 256.0, 'dropout_rate': 0.1, 'num_layers': 2.0, 'lr': 0.0001, 'gamma': 2.0, 'val_ndcg': 0.7905130653034896, 'val_ndcg_raw': 0.7943193260581823, 'best_epoch': 22.0, 'epochs_run': 27.0, 'max_epochs': 40.0, 'seed': 0.0}
0 of 1 configs reached max_epochs
0 of 1 were still improving when stopped
Best params saved to ../Models/lstm_drrl_best_params.json
