task 91 | loss drrl | node slurmnode-gpu08
NVIDIA A40, 46068 MiB
NVIDIA A40, 46068 MiB
NVIDIA A40, 46068 MiB
NVIDIA A40, 46068 MiB
Using device: cuda
Loading datasets...
Train sessions: 75875 | Val sessions: 16262

Running grid search over 162 combinations...

SLURM array task 91: 1 config -> ../Models/LSTM_grid_drrl_task91.csv
Trying: {'hidden_units': 128, 'dropout_rate': 0.5, 'num_layers': 1, 'lr': 0.001, 'gamma': 3}
Epoch 1 | Loss: -0.2225 | Val NDCG: 0.7716 | smoothed: 0.7716
Epoch 2 | Loss: -0.2293 | Val NDCG: 0.7672 | smoothed: 0.7694
Epoch 3 | Loss: -0.2301 | Val NDCG: 0.7625 | smoothed: 0.7671
Epoch 4 | Loss: -0.2306 | Val NDCG: 0.7700 | smoothed: 0.7666
Epoch 5 | Loss: -0.2308 | Val NDCG: 0.7702 | smoothed: 0.7675
Epoch 6 | Loss: -0.2309 | Val NDCG: 0.7776 | smoothed: 0.7726
Epoch 7 | Loss: -0.2311 | Val NDCG: 0.7242 | smoothed: 0.7573
Epoch 8 | Loss: -0.2313 | Val NDCG: 0.6985 | smoothed: 0.7334
Epoch 9 | Loss: -0.2314 | Val NDCG: 0.7360 | smoothed: 0.7196
Epoch 10 | Loss: -0.2314 | Val NDCG: 0.7436 | smoothed: 0.7260
Epoch 11 | Loss: -0.2316 | Val NDCG: 0.7874 | smoothed: 0.7557

Best smoothed NDCG: 0.7726 at epoch 6 of 11 run

1 combinations completed out of 1


--- Grid Search Results ---
 hidden_units  dropout_rate  num_layers    lr  gamma  val_ndcg  val_ndcg_raw  best_epoch  epochs_run  max_epochs  seed
          128           0.5           1 0.001      3  0.772589      0.777577           6          11          20     0

Best config: {'hidden_units': 128.0, 'dropout_rate': 0.5, 'num_layers': 1.0, 'lr': 0.001, 'gamma': 3.0, 'val_ndcg': 0.7725885499870458, 'val_ndcg_raw': 0.7775769157711864, 'best_epoch': 6.0, 'epochs_run': 11.0, 'max_epochs': 20.0, 'seed': 0.0}
0 of 1 configs reached max_epochs
0 of 1 were still improving when stopped
Best params saved to ../Models/lstm_drrl_best_params.json
