task 49 | loss bce | node slurmnode-gpu02
NVIDIA GeForce GTX 1080 Ti, 11264 MiB
NVIDIA GeForce GTX 1080 Ti, 11264 MiB
NVIDIA GeForce GTX 1080 Ti, 11264 MiB
NVIDIA GeForce GTX 1080 Ti, 11264 MiB
NVIDIA GeForce GTX 1080 Ti, 11264 MiB
NVIDIA GeForce GTX 1080 Ti, 11264 MiB
NVIDIA GeForce GTX 1080 Ti, 11264 MiB
NVIDIA GeForce GTX 1080 Ti, 11264 MiB
Using device: cuda
Loading datasets...
Train sessions: 75875 | Val sessions: 16262

Running grid search over 54 combinations...

SLURM array task 49: 1 config -> ../Models/LSTM_grid_bce_task49.csv
Trying: {'hidden_units': 256, 'dropout_rate': 0.5, 'num_layers': 1, 'lr': 0.0001}
Epoch 1 | Loss: 0.5837 | Val NDCG: 0.7671 | smoothed: 0.7671
Epoch 2 | Loss: 0.5697 | Val NDCG: 0.7769 | smoothed: 0.7720
Epoch 3 | Loss: 0.5667 | Val NDCG: 0.7786 | smoothed: 0.7742
Epoch 4 | Loss: 0.5650 | Val NDCG: 0.7831 | smoothed: 0.7795
Epoch 5 | Loss: 0.5645 | Val NDCG: 0.7744 | smoothed: 0.7787
Epoch 6 | Loss: 0.5642 | Val NDCG: 0.7806 | smoothed: 0.7793
Epoch 7 | Loss: 0.5626 | Val NDCG: 0.7754 | smoothed: 0.7768
Epoch 8 | Loss: 0.5632 | Val NDCG: 0.7735 | smoothed: 0.7765
Epoch 9 | Loss: 0.5609 | Val NDCG: 0.7830 | smoothed: 0.7773

Best smoothed NDCG: 0.7795 at epoch 4 of 9 run

1 combinations completed out of 1


--- Grid Search Results ---
 hidden_units  dropout_rate  num_layers     lr  val_ndcg  val_ndcg_raw  best_epoch  epochs_run  max_epochs  seed
          256           0.5           1 0.0001  0.779501      0.783056           4           9          40     0

Best config: {'hidden_units': 256.0, 'dropout_rate': 0.5, 'num_layers': 1.0, 'lr': 0.0001, 'val_ndcg': 0.7795010520936794, 'val_ndcg_raw': 0.7830557891362488, 'best_epoch': 4.0, 'epochs_run': 9.0, 'max_epochs': 40.0, 'seed': 0.0}
0 of 1 configs reached max_epochs
0 of 1 were still improving when stopped
Best params saved to ../Models/lstm_bce_best_params.json
