task 16 | loss bce | node slurmnode-gpu05
Tesla P100-PCIE-16GB, 16384 MiB
Tesla P100-PCIE-16GB, 16384 MiB
Tesla P100-PCIE-16GB, 16384 MiB
Tesla P100-PCIE-16GB, 16384 MiB
Using device: cuda
Loading datasets...
Train sessions: 75875 | Val sessions: 16262

Running grid search over 54 combinations...

SLURM array task 16: 1 config -> ../Models/LSTM_grid_bce_task16.csv
Trying: {'hidden_units': 64, 'dropout_rate': 0.5, 'num_layers': 3, 'lr': 0.001}
Epoch 1 | Loss: 0.5854 | Val NDCG: 0.7826 | smoothed: 0.7826
Epoch 2 | Loss: 0.5695 | Val NDCG: 0.7753 | smoothed: 0.7790
Epoch 3 | Loss: 0.5651 | Val NDCG: 0.7776 | smoothed: 0.7785
Epoch 4 | Loss: 0.5638 | Val NDCG: 0.7877 | smoothed: 0.7802
Epoch 5 | Loss: 0.5627 | Val NDCG: 0.7840 | smoothed: 0.7831
Epoch 6 | Loss: 0.5603 | Val NDCG: 0.7837 | smoothed: 0.7851
Epoch 7 | Loss: 0.5613 | Val NDCG: 0.7824 | smoothed: 0.7833
Epoch 8 | Loss: 0.5602 | Val NDCG: 0.7784 | smoothed: 0.7815
Epoch 9 | Loss: 0.5588 | Val NDCG: 0.7753 | smoothed: 0.7787
Epoch 10 | Loss: 0.5576 | Val NDCG: 0.7852 | smoothed: 0.7796
Epoch 11 | Loss: 0.5566 | Val NDCG: 0.7827 | smoothed: 0.7811

Best smoothed NDCG: 0.7851 at epoch 6 of 11 run

1 combinations completed out of 1


--- Grid Search Results ---
 hidden_units  dropout_rate  num_layers    lr  val_ndcg  val_ndcg_raw  best_epoch  epochs_run  max_epochs  seed
           64           0.5           3 0.001  0.785119      0.783672           6          11          20     0

Best config: {'hidden_units': 64.0, 'dropout_rate': 0.5, 'num_layers': 3.0, 'lr': 0.001, 'val_ndcg': 0.7851193167786175, 'val_ndcg_raw': 0.7836715811448982, 'best_epoch': 6.0, 'epochs_run': 11.0, 'max_epochs': 20.0, 'seed': 0.0}
0 of 1 configs reached max_epochs
0 of 1 were still improving when stopped
Best params saved to ../Models/lstm_bce_best_params.json
