task 42 | loss drrl | node slurmnode-gpu02
NVIDIA GeForce GTX 1080 Ti, 11264 MiB
NVIDIA GeForce GTX 1080 Ti, 11264 MiB
NVIDIA GeForce GTX 1080 Ti, 11264 MiB
NVIDIA GeForce GTX 1080 Ti, 11264 MiB
NVIDIA GeForce GTX 1080 Ti, 11264 MiB
NVIDIA GeForce GTX 1080 Ti, 11264 MiB
NVIDIA GeForce GTX 1080 Ti, 11264 MiB
NVIDIA GeForce GTX 1080 Ti, 11264 MiB
Using device: cuda
Loading datasets...
Train sessions: 75875 | Val sessions: 16262

Running grid search over 162 combinations...

SLURM array task 42: 1 config -> ../Models/LSTM_grid_drrl_task42.csv
Trying: {'hidden_units': 64, 'dropout_rate': 0.5, 'num_layers': 2, 'lr': 0.001, 'gamma': 2}
Epoch 1 | Loss: -0.2265 | Val NDCG: 0.7591 | smoothed: 0.7591
Epoch 2 | Loss: -0.2306 | Val NDCG: 0.7573 | smoothed: 0.7582
Epoch 3 | Loss: -0.2306 | Val NDCG: 0.7625 | smoothed: 0.7596
Epoch 4 | Loss: -0.2308 | Val NDCG: 0.7924 | smoothed: 0.7707
Epoch 5 | Loss: -0.2310 | Val NDCG: 0.6962 | smoothed: 0.7504
Epoch 6 | Loss: -0.2312 | Val NDCG: 0.7942 | smoothed: 0.7609
Epoch 7 | Loss: -0.2312 | Val NDCG: 0.7623 | smoothed: 0.7509
Epoch 8 | Loss: -0.2312 | Val NDCG: 0.7842 | smoothed: 0.7802
Epoch 9 | Loss: -0.2313 | Val NDCG: 0.7501 | smoothed: 0.7655
Epoch 10 | Loss: -0.2313 | Val NDCG: 0.7992 | smoothed: 0.7778
Epoch 11 | Loss: -0.2313 | Val NDCG: 0.8039 | smoothed: 0.7844
Epoch 12 | Loss: -0.2315 | Val NDCG: 0.7695 | smoothed: 0.7909
Epoch 13 | Loss: -0.2315 | Val NDCG: 0.7939 | smoothed: 0.7891
Epoch 14 | Loss: -0.2314 | Val NDCG: 0.7932 | smoothed: 0.7855
Epoch 15 | Loss: -0.2316 | Val NDCG: 0.7808 | smoothed: 0.7893
Epoch 16 | Loss: -0.2315 | Val NDCG: 0.7793 | smoothed: 0.7844
Epoch 17 | Loss: -0.2316 | Val NDCG: 0.7797 | smoothed: 0.7800

Best smoothed NDCG: 0.7909 at epoch 12 of 17 run

1 combinations completed out of 1


--- Grid Search Results ---
 hidden_units  dropout_rate  num_layers    lr  gamma  val_ndcg  val_ndcg_raw  best_epoch  epochs_run  max_epochs  seed
           64           0.5           2 0.001      2  0.790869      0.769521          12          17          20     0

Best config: {'hidden_units': 64.0, 'dropout_rate': 0.5, 'num_layers': 2.0, 'lr': 0.001, 'gamma': 2.0, 'val_ndcg': 0.7908694536663066, 'val_ndcg_raw': 0.7695206733192892, 'best_epoch': 12.0, 'epochs_run': 17.0, 'max_epochs': 20.0, 'seed': 0.0}
0 of 1 configs reached max_epochs
0 of 1 were still improving when stopped
Best params saved to ../Models/lstm_drrl_best_params.json
