task 40 | loss pwts | node slurmnode-gpu03
Tesla P100-PCIE-16GB, 16384 MiB
Tesla P100-PCIE-16GB, 16384 MiB
Tesla P100-PCIE-16GB, 16384 MiB
Tesla P100-PCIE-16GB, 16384 MiB
Using device: cuda
Loading datasets...
Train sessions: 75875 | Val sessions: 16262

Running grid search over 54 combinations...

SLURM array task 40: 1 config -> ../Models/LSTM_grid_pwts_task40.csv
Trying: {'hidden_units': 256, 'dropout_rate': 0.1, 'num_layers': 3, 'lr': 0.001}
Epoch 1 | Loss: 0.6003 | Val NDCG: 0.7796 | smoothed: 0.7796
Epoch 2 | Loss: 0.5890 | Val NDCG: 0.7777 | smoothed: 0.7787
Epoch 3 | Loss: 0.5878 | Val NDCG: 0.7836 | smoothed: 0.7803
Epoch 4 | Loss: 0.5811 | Val NDCG: 0.7858 | smoothed: 0.7823
Epoch 5 | Loss: 0.5790 | Val NDCG: 0.7868 | smoothed: 0.7854
Epoch 6 | Loss: 0.5792 | Val NDCG: 0.7862 | smoothed: 0.7863
Epoch 7 | Loss: 0.5768 | Val NDCG: 0.7859 | smoothed: 0.7863
Epoch 8 | Loss: 0.5747 | Val NDCG: 0.7915 | smoothed: 0.7879
Epoch 9 | Loss: 0.5725 | Val NDCG: 0.7814 | smoothed: 0.7863
Epoch 10 | Loss: 0.5706 | Val NDCG: 0.7910 | smoothed: 0.7880
Epoch 11 | Loss: 0.5693 | Val NDCG: 0.7895 | smoothed: 0.7873
Epoch 12 | Loss: 0.5680 | Val NDCG: 0.7869 | smoothed: 0.7892
Epoch 13 | Loss: 0.5670 | Val NDCG: 0.7848 | smoothed: 0.7871
Epoch 14 | Loss: 0.5644 | Val NDCG: 0.7871 | smoothed: 0.7863
Epoch 15 | Loss: 0.5614 | Val NDCG: 0.7890 | smoothed: 0.7870
Epoch 16 | Loss: 0.5583 | Val NDCG: 0.7875 | smoothed: 0.7879
Epoch 17 | Loss: 0.5557 | Val NDCG: 0.7844 | smoothed: 0.7870

Best smoothed NDCG: 0.7892 at epoch 12 of 17 run

1 combinations completed out of 1


--- Grid Search Results ---
 hidden_units  dropout_rate  num_layers    lr  val_ndcg  val_ndcg_raw  best_epoch  epochs_run  max_epochs  seed
          256           0.1           3 0.001  0.789153      0.786927          12          17          20     0

Best config: {'hidden_units': 256.0, 'dropout_rate': 0.1, 'num_layers': 3.0, 'lr': 0.001, 'val_ndcg': 0.7891530805290597, 'val_ndcg_raw': 0.786927178316482, 'best_epoch': 12.0, 'epochs_run': 17.0, 'max_epochs': 20.0, 'seed': 0.0}
0 of 1 configs reached max_epochs
0 of 1 were still improving when stopped
Best params saved to ../Models/lstm_pwts_best_params.json
