task 11 | loss pwts | node slurmnode-gpu03
Tesla P100-PCIE-16GB, 16384 MiB
Tesla P100-PCIE-16GB, 16384 MiB
Tesla P100-PCIE-16GB, 16384 MiB
Tesla P100-PCIE-16GB, 16384 MiB
Using device: cuda
Loading datasets...
Train sessions: 75875 | Val sessions: 16262

Running grid search over 54 combinations...

SLURM array task 11: 1 config -> ../Models/LSTM_grid_pwts_task11.csv
Trying: {'hidden_units': 64, 'dropout_rate': 0.3, 'num_layers': 3, 'lr': 0.0001}
Epoch 1 | Loss: 0.6367 | Val NDCG: 0.7254 | smoothed: 0.7254
Epoch 2 | Loss: 0.6122 | Val NDCG: 0.7694 | smoothed: 0.7474
Epoch 3 | Loss: 0.6030 | Val NDCG: 0.7638 | smoothed: 0.7529
Epoch 4 | Loss: 0.5995 | Val NDCG: 0.7761 | smoothed: 0.7698
Epoch 5 | Loss: 0.5967 | Val NDCG: 0.7739 | smoothed: 0.7713
Epoch 6 | Loss: 0.5951 | Val NDCG: 0.7724 | smoothed: 0.7742
Epoch 7 | Loss: 0.5962 | Val NDCG: 0.7713 | smoothed: 0.7725
Epoch 8 | Loss: 0.5943 | Val NDCG: 0.7736 | smoothed: 0.7724
Epoch 9 | Loss: 0.5934 | Val NDCG: 0.7724 | smoothed: 0.7724
Epoch 10 | Loss: 0.5919 | Val NDCG: 0.7753 | smoothed: 0.7738
Epoch 11 | Loss: 0.5912 | Val NDCG: 0.7736 | smoothed: 0.7738

Best smoothed NDCG: 0.7742 at epoch 6 of 11 run

1 combinations completed out of 1


--- Grid Search Results ---
 hidden_units  dropout_rate  num_layers     lr  val_ndcg  val_ndcg_raw  best_epoch  epochs_run  max_epochs  seed
           64           0.3           3 0.0001  0.774156       0.77241           6          11          40     0

Best config: {'hidden_units': 64.0, 'dropout_rate': 0.3, 'num_layers': 3.0, 'lr': 0.0001, 'val_ndcg': 0.7741558288758714, 'val_ndcg_raw': 0.7724100721055298, 'best_epoch': 6.0, 'epochs_run': 11.0, 'max_epochs': 40.0, 'seed': 0.0}
0 of 1 configs reached max_epochs
0 of 1 were still improving when stopped
Best params saved to ../Models/lstm_pwts_best_params.json
