task 43 | loss drrl | node slurmnode-gpu03
Tesla P100-PCIE-16GB, 16384 MiB
Tesla P100-PCIE-16GB, 16384 MiB
Tesla P100-PCIE-16GB, 16384 MiB
Tesla P100-PCIE-16GB, 16384 MiB
Using device: cuda
Loading datasets...
Train sessions: 75875 | Val sessions: 16262

Running grid search over 162 combinations...

SLURM array task 43: 1 config -> ../Models/LSTM_grid_drrl_task43.csv
Trying: {'hidden_units': 64, 'dropout_rate': 0.5, 'num_layers': 2, 'lr': 0.001, 'gamma': 3}
Epoch 1 | Loss: -0.2281 | Val NDCG: 0.7698 | smoothed: 0.7698
Epoch 2 | Loss: -0.2314 | Val NDCG: 0.7698 | smoothed: 0.7698
Epoch 3 | Loss: -0.2317 | Val NDCG: 0.7890 | smoothed: 0.7762
Epoch 4 | Loss: -0.2318 | Val NDCG: 0.7904 | smoothed: 0.7831
Epoch 5 | Loss: -0.2316 | Val NDCG: 0.7762 | smoothed: 0.7852
Epoch 6 | Loss: -0.2318 | Val NDCG: 0.7918 | smoothed: 0.7861
Epoch 7 | Loss: -0.2318 | Val NDCG: 0.8005 | smoothed: 0.7895
Epoch 8 | Loss: -0.2319 | Val NDCG: 0.7888 | smoothed: 0.7937
Epoch 9 | Loss: -0.2320 | Val NDCG: 0.7868 | smoothed: 0.7920
Epoch 10 | Loss: -0.2319 | Val NDCG: 0.7945 | smoothed: 0.7901
Epoch 11 | Loss: -0.2319 | Val NDCG: 0.7945 | smoothed: 0.7919
Epoch 12 | Loss: -0.2320 | Val NDCG: 0.7837 | smoothed: 0.7909
Epoch 13 | Loss: -0.2321 | Val NDCG: 0.7979 | smoothed: 0.7921

Best smoothed NDCG: 0.7937 at epoch 8 of 13 run

1 combinations completed out of 1


--- Grid Search Results ---
 hidden_units  dropout_rate  num_layers    lr  gamma  val_ndcg  val_ndcg_raw  best_epoch  epochs_run  max_epochs  seed
           64           0.5           2 0.001      3  0.793727      0.788846           8          13          20     0

Best config: {'hidden_units': 64.0, 'dropout_rate': 0.5, 'num_layers': 2.0, 'lr': 0.001, 'gamma': 3.0, 'val_ndcg': 0.7937272481603771, 'val_ndcg_raw': 0.7888455961859778, 'best_epoch': 8.0, 'epochs_run': 13.0, 'max_epochs': 20.0, 'seed': 0.0}
0 of 1 configs reached max_epochs
0 of 1 were still improving when stopped
Best params saved to ../Models/lstm_drrl_best_params.json
