task 44 | loss bce | node slurmnode-gpu02
NVIDIA GeForce GTX 1080 Ti, 11264 MiB
NVIDIA GeForce GTX 1080 Ti, 11264 MiB
NVIDIA GeForce GTX 1080 Ti, 11264 MiB
NVIDIA GeForce GTX 1080 Ti, 11264 MiB
NVIDIA GeForce GTX 1080 Ti, 11264 MiB
NVIDIA GeForce GTX 1080 Ti, 11264 MiB
NVIDIA GeForce GTX 1080 Ti, 11264 MiB
NVIDIA GeForce GTX 1080 Ti, 11264 MiB
Using device: cuda
Loading datasets...
Train sessions: 75875 | Val sessions: 16262

Running grid search over 54 combinations...

SLURM array task 44: 1 config -> ../Models/LSTM_grid_bce_task44.csv
Trying: {'hidden_units': 256, 'dropout_rate': 0.3, 'num_layers': 2, 'lr': 0.001}
Epoch 1 | Loss: 0.5726 | Val NDCG: 0.7779 | smoothed: 0.7779
Epoch 2 | Loss: 0.5630 | Val NDCG: 0.7828 | smoothed: 0.7803
Epoch 3 | Loss: 0.5596 | Val NDCG: 0.7834 | smoothed: 0.7813
Epoch 4 | Loss: 0.5571 | Val NDCG: 0.7852 | smoothed: 0.7838
Epoch 5 | Loss: 0.5543 | Val NDCG: 0.7814 | smoothed: 0.7833
Epoch 6 | Loss: 0.5528 | Val NDCG: 0.7914 | smoothed: 0.7860
Epoch 7 | Loss: 0.5517 | Val NDCG: 0.7888 | smoothed: 0.7872
Epoch 8 | Loss: 0.5509 | Val NDCG: 0.7922 | smoothed: 0.7908
Epoch 9 | Loss: 0.5500 | Val NDCG: 0.7836 | smoothed: 0.7882
Epoch 10 | Loss: 0.5480 | Val NDCG: 0.7913 | smoothed: 0.7890
Epoch 11 | Loss: 0.5477 | Val NDCG: 0.7934 | smoothed: 0.7894
Epoch 12 | Loss: 0.5470 | Val NDCG: 0.7919 | smoothed: 0.7922
Epoch 13 | Loss: 0.5445 | Val NDCG: 0.7907 | smoothed: 0.7920
Epoch 14 | Loss: 0.5451 | Val NDCG: 0.7936 | smoothed: 0.7921
Epoch 15 | Loss: 0.5433 | Val NDCG: 0.7908 | smoothed: 0.7917
Epoch 16 | Loss: 0.5415 | Val NDCG: 0.7926 | smoothed: 0.7923
Epoch 17 | Loss: 0.5399 | Val NDCG: 0.7961 | smoothed: 0.7932
Epoch 18 | Loss: 0.5403 | Val NDCG: 0.7938 | smoothed: 0.7942
Epoch 19 | Loss: 0.5398 | Val NDCG: 0.7911 | smoothed: 0.7937
Epoch 20 | Loss: 0.5393 | Val NDCG: 0.7902 | smoothed: 0.7917

Best smoothed NDCG: 0.7942 at epoch 18 of 20 run

1 combinations completed out of 1


--- Grid Search Results ---
 hidden_units  dropout_rate  num_layers    lr  val_ndcg  val_ndcg_raw  best_epoch  epochs_run  max_epochs  seed
          256           0.3           2 0.001   0.79418       0.79383          18          20          20     0

Best config: {'hidden_units': 256.0, 'dropout_rate': 0.3, 'num_layers': 2.0, 'lr': 0.001, 'val_ndcg': 0.7941800704419607, 'val_ndcg_raw': 0.7938296527962558, 'best_epoch': 18.0, 'epochs_run': 20.0, 'max_epochs': 20.0, 'seed': 0.0}
1 of 1 configs reached max_epochs
0 of 1 were still improving when stopped
Best params saved to ../Models/lstm_bce_best_params.json
