task 51 | loss bce | node slurmnode-gpu02
NVIDIA GeForce GTX 1080 Ti, 11264 MiB
NVIDIA GeForce GTX 1080 Ti, 11264 MiB
NVIDIA GeForce GTX 1080 Ti, 11264 MiB
NVIDIA GeForce GTX 1080 Ti, 11264 MiB
NVIDIA GeForce GTX 1080 Ti, 11264 MiB
NVIDIA GeForce GTX 1080 Ti, 11264 MiB
NVIDIA GeForce GTX 1080 Ti, 11264 MiB
NVIDIA GeForce GTX 1080 Ti, 11264 MiB
Using device: cuda
Loading datasets...
Train sessions: 75875 | Val sessions: 16262

Running grid search over 162 combinations...

SLURM array task 51: 1 config -> ../Models/sasrec_grid_bce_task51.csv
Trying: {'hidden_units': 64, 'dropout_rate': 0.5, 'num_blocks': 3, 'num_heads': 8, 'lr': 0.0001}
Epoch 1 | Loss: 0.6222 | Val NDCG: 0.7254 | smoothed: 0.7254
Epoch 2 | Loss: 0.6032 | Val NDCG: 0.7326 | smoothed: 0.7290
Epoch 3 | Loss: 0.5962 | Val NDCG: 0.7404 | smoothed: 0.7328
Epoch 4 | Loss: 0.5916 | Val NDCG: 0.7482 | smoothed: 0.7404
Epoch 5 | Loss: 0.5879 | Val NDCG: 0.7521 | smoothed: 0.7469
Epoch 6 | Loss: 0.5864 | Val NDCG: 0.7537 | smoothed: 0.7513
Epoch 7 | Loss: 0.5845 | Val NDCG: 0.7546 | smoothed: 0.7534
Epoch 8 | Loss: 0.5839 | Val NDCG: 0.7550 | smoothed: 0.7544
Epoch 9 | Loss: 0.5819 | Val NDCG: 0.7554 | smoothed: 0.7550
Epoch 10 | Loss: 0.5816 | Val NDCG: 0.7576 | smoothed: 0.7560
Epoch 11 | Loss: 0.5805 | Val NDCG: 0.7574 | smoothed: 0.7568
Epoch 12 | Loss: 0.5797 | Val NDCG: 0.7579 | smoothed: 0.7576
Epoch 13 | Loss: 0.5797 | Val NDCG: 0.7593 | smoothed: 0.7582
Epoch 14 | Loss: 0.5782 | Val NDCG: 0.7605 | smoothed: 0.7592
Epoch 15 | Loss: 0.5773 | Val NDCG: 0.7593 | smoothed: 0.7597
Epoch 16 | Loss: 0.5779 | Val NDCG: 0.7606 | smoothed: 0.7601
Epoch 17 | Loss: 0.5765 | Val NDCG: 0.7605 | smoothed: 0.7601
Epoch 18 | Loss: 0.5758 | Val NDCG: 0.7602 | smoothed: 0.7604
Epoch 19 | Loss: 0.5757 | Val NDCG: 0.7606 | smoothed: 0.7604
Epoch 20 | Loss: 0.5758 | Val NDCG: 0.7615 | smoothed: 0.7608
Epoch 21 | Loss: 0.5749 | Val NDCG: 0.7612 | smoothed: 0.7611
Epoch 22 | Loss: 0.5755 | Val NDCG: 0.7627 | smoothed: 0.7618
Epoch 23 | Loss: 0.5747 | Val NDCG: 0.7630 | smoothed: 0.7623
Epoch 24 | Loss: 0.5758 | Val NDCG: 0.7630 | smoothed: 0.7629
Epoch 25 | Loss: 0.5743 | Val NDCG: 0.7635 | smoothed: 0.7632
Epoch 26 | Loss: 0.5758 | Val NDCG: 0.7627 | smoothed: 0.7631
Epoch 27 | Loss: 0.5748 | Val NDCG: 0.7618 | smoothed: 0.7627
Epoch 28 | Loss: 0.5740 | Val NDCG: 0.7630 | smoothed: 0.7625
Epoch 29 | Loss: 0.5740 | Val NDCG: 0.7640 | smoothed: 0.7630
Epoch 30 | Loss: 0.5737 | Val NDCG: 0.7644 | smoothed: 0.7638
Epoch 31 | Loss: 0.5742 | Val NDCG: 0.7641 | smoothed: 0.7642
Epoch 32 | Loss: 0.5740 | Val NDCG: 0.7656 | smoothed: 0.7647
Epoch 33 | Loss: 0.5737 | Val NDCG: 0.7656 | smoothed: 0.7651
Epoch 34 | Loss: 0.5740 | Val NDCG: 0.7644 | smoothed: 0.7652
Epoch 35 | Loss: 0.5729 | Val NDCG: 0.7649 | smoothed: 0.7650
Epoch 36 | Loss: 0.5726 | Val NDCG: 0.7645 | smoothed: 0.7646
Epoch 37 | Loss: 0.5726 | Val NDCG: 0.7643 | smoothed: 0.7646
Epoch 38 | Loss: 0.5739 | Val NDCG: 0.7651 | smoothed: 0.7646
Epoch 39 | Loss: 0.5733 | Val NDCG: 0.7650 | smoothed: 0.7648

Best smoothed NDCG: 0.7652 at epoch 34 of 39 run

1 combinations completed out of 1


--- Grid Search Results ---
 hidden_units  dropout_rate  num_blocks  num_heads     lr  val_ndcg  val_ndcg_raw  best_epoch  epochs_run  max_epochs
           64           0.5           3          8 0.0001  0.765231       0.76442          34          39          40

Best config: {'hidden_units': 64.0, 'dropout_rate': 0.5, 'num_blocks': 3.0, 'num_heads': 8.0, 'lr': 0.0001, 'val_ndcg': 0.7652309603438442, 'val_ndcg_raw': 0.7644200136942249, 'best_epoch': 34.0, 'epochs_run': 39.0, 'max_epochs': 40.0}
0 of 1 configs reached max_epochs
0 of 1 were still improving when stopped
Best params saved to ../Models/sasrec_bce_best_params.json
