task 70 | loss pwts | node slurmnode-gpu05
Tesla P100-PCIE-16GB, 16384 MiB
Tesla P100-PCIE-16GB, 16384 MiB
Tesla P100-PCIE-16GB, 16384 MiB
Tesla P100-PCIE-16GB, 16384 MiB
Using device: cuda
Loading datasets...
Train sessions: 75875 | Val sessions: 16262

Running grid search over 162 combinations...

SLURM array task 70: 1 config -> ../Models/sasrec_grid_pwts_task70.csv
Trying: {'hidden_units': 128, 'dropout_rate': 0.1, 'num_blocks': 3, 'num_heads': 16, 'lr': 0.001}
Epoch 1 | Loss: 0.6131 | Val NDCG: 0.7584 | smoothed: 0.7584
Epoch 2 | Loss: 0.6018 | Val NDCG: 0.7693 | smoothed: 0.7639
Epoch 3 | Loss: 0.6006 | Val NDCG: 0.7666 | smoothed: 0.7648
Epoch 4 | Loss: 0.5985 | Val NDCG: 0.7667 | smoothed: 0.7676
Epoch 5 | Loss: 0.5968 | Val NDCG: 0.7697 | smoothed: 0.7677
Epoch 6 | Loss: 0.5951 | Val NDCG: 0.7697 | smoothed: 0.7687
Epoch 7 | Loss: 0.5961 | Val NDCG: 0.7703 | smoothed: 0.7699
Epoch 8 | Loss: 0.5932 | Val NDCG: 0.7732 | smoothed: 0.7711
Epoch 9 | Loss: 0.5928 | Val NDCG: 0.7734 | smoothed: 0.7723
Epoch 10 | Loss: 0.5924 | Val NDCG: 0.7684 | smoothed: 0.7717
Epoch 11 | Loss: 0.5919 | Val NDCG: 0.7768 | smoothed: 0.7729
Epoch 12 | Loss: 0.5905 | Val NDCG: 0.7743 | smoothed: 0.7732
Epoch 13 | Loss: 0.5900 | Val NDCG: 0.7741 | smoothed: 0.7750
Epoch 14 | Loss: 0.5904 | Val NDCG: 0.7757 | smoothed: 0.7747
Epoch 15 | Loss: 0.5888 | Val NDCG: 0.7765 | smoothed: 0.7754
Epoch 16 | Loss: 0.5887 | Val NDCG: 0.7741 | smoothed: 0.7754
Epoch 17 | Loss: 0.5876 | Val NDCG: 0.7776 | smoothed: 0.7760
Epoch 18 | Loss: 0.5876 | Val NDCG: 0.7770 | smoothed: 0.7762
Epoch 19 | Loss: 0.5859 | Val NDCG: 0.7779 | smoothed: 0.7775
Epoch 20 | Loss: 0.5876 | Val NDCG: 0.7761 | smoothed: 0.7770

Best smoothed NDCG: 0.7775 at epoch 19 of 20 run

1 combinations completed out of 1


--- Grid Search Results ---
 hidden_units  dropout_rate  num_blocks  num_heads    lr  val_ndcg  val_ndcg_raw  best_epoch  epochs_run  max_epochs
          128           0.1           3         16 0.001  0.777504        0.7779          19          20          20

Best config: {'hidden_units': 128.0, 'dropout_rate': 0.1, 'num_blocks': 3.0, 'num_heads': 16.0, 'lr': 0.001, 'val_ndcg': 0.7775043842222673, 'val_ndcg_raw': 0.7779000830936709, 'best_epoch': 19.0, 'epochs_run': 20.0, 'max_epochs': 20.0}
1 of 1 configs reached max_epochs
1 of 1 were still improving when stopped
Best params saved to ../Models/sasrec_pwts_best_params.json
