task 110 | loss drrl | node slurmnode-gpu07
NVIDIA A40, 46068 MiB
NVIDIA A40, 46068 MiB
NVIDIA A40, 46068 MiB
NVIDIA A40, 46068 MiB
Using device: cuda
Loading datasets...
Train sessions: 75875 | Val sessions: 16262

Running grid search over 486 combinations...

SLURM array task 110: 1 config -> ../Models/sasrec_grid_drrl_task110.csv
Trying: {'hidden_units': 64, 'dropout_rate': 0.5, 'num_blocks': 1, 'num_heads': 4, 'lr': 0.001, 'gamma': 4}
Epoch 1 | Loss: -0.1793 | Val NDCG: 0.7112 | smoothed: 0.7112
Epoch 2 | Loss: -0.2274 | Val NDCG: 0.7234 | smoothed: 0.7173
Epoch 3 | Loss: -0.2286 | Val NDCG: 0.6902 | smoothed: 0.7083
Epoch 4 | Loss: -0.2290 | Val NDCG: 0.7069 | smoothed: 0.7068
Epoch 5 | Loss: -0.2298 | Val NDCG: 0.7335 | smoothed: 0.7102
Epoch 6 | Loss: -0.2299 | Val NDCG: 0.6998 | smoothed: 0.7134
Epoch 7 | Loss: -0.2302 | Val NDCG: 0.7074 | smoothed: 0.7136

Best smoothed NDCG: 0.7173 at epoch 2 of 7 run

1 combinations completed out of 1


--- Grid Search Results ---
 hidden_units  dropout_rate  num_blocks  num_heads    lr  gamma  val_ndcg  val_ndcg_raw  best_epoch  epochs_run  max_epochs
           64           0.5           1          4 0.001      4  0.717313      0.723444           2           7          20

Best config: {'hidden_units': 64.0, 'dropout_rate': 0.5, 'num_blocks': 1.0, 'num_heads': 4.0, 'lr': 0.001, 'gamma': 4.0, 'val_ndcg': 0.7173128359619647, 'val_ndcg_raw': 0.7234439151506026, 'best_epoch': 2.0, 'epochs_run': 7.0, 'max_epochs': 20.0}
0 of 1 configs reached max_epochs
0 of 1 were still improving when stopped
Best params saved to ../Models/sasrec_drrl_best_params.json
