task 79 | loss bce | node slurmnode-gpu05
Tesla P100-PCIE-16GB, 16384 MiB
Tesla P100-PCIE-16GB, 16384 MiB
Tesla P100-PCIE-16GB, 16384 MiB
Tesla P100-PCIE-16GB, 16384 MiB
Using device: cuda
Loading datasets...
Train sessions: 75875 | Val sessions: 16262

Running grid search over 162 combinations...

SLURM array task 79: 1 config -> ../Models/sasrec_grid_bce_task79.csv
Trying: {'hidden_units': 128, 'dropout_rate': 0.3, 'num_blocks': 2, 'num_heads': 4, 'lr': 0.0001}
Epoch 1 | Loss: 0.6035 | Val NDCG: 0.7372 | smoothed: 0.7372
Epoch 2 | Loss: 0.5871 | Val NDCG: 0.7510 | smoothed: 0.7441
Epoch 3 | Loss: 0.5836 | Val NDCG: 0.7564 | smoothed: 0.7482
Epoch 4 | Loss: 0.5803 | Val NDCG: 0.7594 | smoothed: 0.7556
Epoch 5 | Loss: 0.5797 | Val NDCG: 0.7583 | smoothed: 0.7580
Epoch 6 | Loss: 0.5779 | Val NDCG: 0.7651 | smoothed: 0.7609
Epoch 7 | Loss: 0.5767 | Val NDCG: 0.7673 | smoothed: 0.7635
Epoch 8 | Loss: 0.5761 | Val NDCG: 0.7647 | smoothed: 0.7657
Epoch 9 | Loss: 0.5744 | Val NDCG: 0.7661 | smoothed: 0.7660
Epoch 10 | Loss: 0.5746 | Val NDCG: 0.7664 | smoothed: 0.7657
Epoch 11 | Loss: 0.5740 | Val NDCG: 0.7661 | smoothed: 0.7662
Epoch 12 | Loss: 0.5737 | Val NDCG: 0.7658 | smoothed: 0.7661
Epoch 13 | Loss: 0.5737 | Val NDCG: 0.7714 | smoothed: 0.7678
Epoch 14 | Loss: 0.5725 | Val NDCG: 0.7688 | smoothed: 0.7686
Epoch 15 | Loss: 0.5729 | Val NDCG: 0.7682 | smoothed: 0.7694
Epoch 16 | Loss: 0.5718 | Val NDCG: 0.7694 | smoothed: 0.7688
Epoch 17 | Loss: 0.5708 | Val NDCG: 0.7708 | smoothed: 0.7695
Epoch 18 | Loss: 0.5714 | Val NDCG: 0.7724 | smoothed: 0.7708
Epoch 19 | Loss: 0.5708 | Val NDCG: 0.7733 | smoothed: 0.7721
Epoch 20 | Loss: 0.5702 | Val NDCG: 0.7730 | smoothed: 0.7729
Epoch 21 | Loss: 0.5689 | Val NDCG: 0.7726 | smoothed: 0.7730
Epoch 22 | Loss: 0.5703 | Val NDCG: 0.7730 | smoothed: 0.7729
Epoch 23 | Loss: 0.5697 | Val NDCG: 0.7739 | smoothed: 0.7732
Epoch 24 | Loss: 0.5695 | Val NDCG: 0.7734 | smoothed: 0.7735
Epoch 25 | Loss: 0.5700 | Val NDCG: 0.7747 | smoothed: 0.7740
Epoch 26 | Loss: 0.5685 | Val NDCG: 0.7739 | smoothed: 0.7740
Epoch 27 | Loss: 0.5699 | Val NDCG: 0.7751 | smoothed: 0.7746
Epoch 28 | Loss: 0.5696 | Val NDCG: 0.7733 | smoothed: 0.7741
Epoch 29 | Loss: 0.5684 | Val NDCG: 0.7744 | smoothed: 0.7743
Epoch 30 | Loss: 0.5687 | Val NDCG: 0.7729 | smoothed: 0.7735
Epoch 31 | Loss: 0.5680 | Val NDCG: 0.7736 | smoothed: 0.7736
Epoch 32 | Loss: 0.5701 | Val NDCG: 0.7727 | smoothed: 0.7731

Best smoothed NDCG: 0.7746 at epoch 27 of 32 run

1 combinations completed out of 1


--- Grid Search Results ---
 hidden_units  dropout_rate  num_blocks  num_heads     lr  val_ndcg  val_ndcg_raw  best_epoch  epochs_run  max_epochs
          128           0.3           2          4 0.0001  0.774569      0.775065          27          32          40

Best config: {'hidden_units': 128.0, 'dropout_rate': 0.3, 'num_blocks': 2.0, 'num_heads': 4.0, 'lr': 0.0001, 'val_ndcg': 0.7745690625055612, 'val_ndcg_raw': 0.7750653446962968, 'best_epoch': 27.0, 'epochs_run': 32.0, 'max_epochs': 40.0}
0 of 1 configs reached max_epochs
0 of 1 were still improving when stopped
Best params saved to ../Models/sasrec_bce_best_params.json
