task 17 | loss bce | node slurmnode-gpu08
NVIDIA A40, 46068 MiB
NVIDIA A40, 46068 MiB
NVIDIA A40, 46068 MiB
NVIDIA A40, 46068 MiB
Using device: cuda
Loading datasets...
Train sessions: 75875 | Val sessions: 16262

Running grid search over 162 combinations...

SLURM array task 17: 1 config -> ../Models/sasrec_grid_bce_task17.csv
Trying: {'hidden_units': 64, 'dropout_rate': 0.1, 'num_blocks': 3, 'num_heads': 16, 'lr': 0.0001}
Epoch 1 | Loss: 0.6035 | Val NDCG: 0.7400 | smoothed: 0.7400
Epoch 2 | Loss: 0.5859 | Val NDCG: 0.7545 | smoothed: 0.7473
Epoch 3 | Loss: 0.5806 | Val NDCG: 0.7579 | smoothed: 0.7508
Epoch 4 | Loss: 0.5775 | Val NDCG: 0.7601 | smoothed: 0.7575
Epoch 5 | Loss: 0.5752 | Val NDCG: 0.7645 | smoothed: 0.7609
Epoch 6 | Loss: 0.5737 | Val NDCG: 0.7652 | smoothed: 0.7633
Epoch 7 | Loss: 0.5726 | Val NDCG: 0.7628 | smoothed: 0.7642
Epoch 8 | Loss: 0.5728 | Val NDCG: 0.7645 | smoothed: 0.7642
Epoch 9 | Loss: 0.5708 | Val NDCG: 0.7648 | smoothed: 0.7640
Epoch 10 | Loss: 0.5709 | Val NDCG: 0.7663 | smoothed: 0.7652
Epoch 11 | Loss: 0.5707 | Val NDCG: 0.7668 | smoothed: 0.7660
Epoch 12 | Loss: 0.5709 | Val NDCG: 0.7649 | smoothed: 0.7660
Epoch 13 | Loss: 0.5689 | Val NDCG: 0.7667 | smoothed: 0.7661
Epoch 14 | Loss: 0.5698 | Val NDCG: 0.7686 | smoothed: 0.7667
Epoch 15 | Loss: 0.5693 | Val NDCG: 0.7662 | smoothed: 0.7672
Epoch 16 | Loss: 0.5686 | Val NDCG: 0.7681 | smoothed: 0.7677
Epoch 17 | Loss: 0.5682 | Val NDCG: 0.7689 | smoothed: 0.7677
Epoch 18 | Loss: 0.5686 | Val NDCG: 0.7696 | smoothed: 0.7689
Epoch 19 | Loss: 0.5682 | Val NDCG: 0.7704 | smoothed: 0.7696
Epoch 20 | Loss: 0.5676 | Val NDCG: 0.7722 | smoothed: 0.7707
Epoch 21 | Loss: 0.5662 | Val NDCG: 0.7690 | smoothed: 0.7705
Epoch 22 | Loss: 0.5668 | Val NDCG: 0.7720 | smoothed: 0.7711
Epoch 23 | Loss: 0.5666 | Val NDCG: 0.7709 | smoothed: 0.7706
Epoch 24 | Loss: 0.5669 | Val NDCG: 0.7710 | smoothed: 0.7713
Epoch 25 | Loss: 0.5664 | Val NDCG: 0.7713 | smoothed: 0.7711
Epoch 26 | Loss: 0.5653 | Val NDCG: 0.7705 | smoothed: 0.7709
Epoch 27 | Loss: 0.5661 | Val NDCG: 0.7728 | smoothed: 0.7716
Epoch 28 | Loss: 0.5641 | Val NDCG: 0.7717 | smoothed: 0.7717
Epoch 29 | Loss: 0.5651 | Val NDCG: 0.7698 | smoothed: 0.7715
Epoch 30 | Loss: 0.5661 | Val NDCG: 0.7718 | smoothed: 0.7711
Epoch 31 | Loss: 0.5653 | Val NDCG: 0.7713 | smoothed: 0.7710
Epoch 32 | Loss: 0.5648 | Val NDCG: 0.7719 | smoothed: 0.7717
Epoch 33 | Loss: 0.5644 | Val NDCG: 0.7719 | smoothed: 0.7717
Epoch 34 | Loss: 0.5651 | Val NDCG: 0.7741 | smoothed: 0.7726
Epoch 35 | Loss: 0.5638 | Val NDCG: 0.7732 | smoothed: 0.7731
Epoch 36 | Loss: 0.5650 | Val NDCG: 0.7732 | smoothed: 0.7735
Epoch 37 | Loss: 0.5631 | Val NDCG: 0.7718 | smoothed: 0.7727
Epoch 38 | Loss: 0.5640 | Val NDCG: 0.7734 | smoothed: 0.7728
Epoch 39 | Loss: 0.5627 | Val NDCG: 0.7729 | smoothed: 0.7727
Epoch 40 | Loss: 0.5625 | Val NDCG: 0.7757 | smoothed: 0.7740

Best smoothed NDCG: 0.7740 at epoch 40 of 40 run

1 combinations completed out of 1


--- Grid Search Results ---
 hidden_units  dropout_rate  num_blocks  num_heads     lr  val_ndcg  val_ndcg_raw  best_epoch  epochs_run  max_epochs
           64           0.1           3         16 0.0001  0.774001      0.775741          40          40          40

Best config: {'hidden_units': 64.0, 'dropout_rate': 0.1, 'num_blocks': 3.0, 'num_heads': 16.0, 'lr': 0.0001, 'val_ndcg': 0.7740011814939233, 'val_ndcg_raw': 0.7757408579898368, 'best_epoch': 40.0, 'epochs_run': 40.0, 'max_epochs': 40.0}
1 of 1 configs reached max_epochs
1 of 1 were still improving when stopped
Best params saved to ../Models/sasrec_bce_best_params.json
