task 124 | loss pwts | node slurmnode-gpu07
NVIDIA A40, 46068 MiB
NVIDIA A40, 46068 MiB
NVIDIA A40, 46068 MiB
NVIDIA A40, 46068 MiB
Using device: cuda
Loading datasets...
Train sessions: 75875 | Val sessions: 16262

Running grid search over 162 combinations...

SLURM array task 124: 1 config -> ../Models/sasrec_grid_pwts_task124.csv
Trying: {'hidden_units': 256, 'dropout_rate': 0.1, 'num_blocks': 3, 'num_heads': 16, 'lr': 0.001}
Epoch 1 | Loss: 0.6135 | Val NDCG: 0.7622 | smoothed: 0.7622
Epoch 2 | Loss: 0.6041 | Val NDCG: 0.7645 | smoothed: 0.7634
Epoch 3 | Loss: 0.6027 | Val NDCG: 0.7629 | smoothed: 0.7632
Epoch 4 | Loss: 0.5993 | Val NDCG: 0.7668 | smoothed: 0.7647
Epoch 5 | Loss: 0.5994 | Val NDCG: 0.7722 | smoothed: 0.7673
Epoch 6 | Loss: 0.5978 | Val NDCG: 0.7701 | smoothed: 0.7697
Epoch 7 | Loss: 0.5975 | Val NDCG: 0.7689 | smoothed: 0.7704
Epoch 8 | Loss: 0.5966 | Val NDCG: 0.7707 | smoothed: 0.7699
Epoch 9 | Loss: 0.5958 | Val NDCG: 0.7702 | smoothed: 0.7699
Epoch 10 | Loss: 0.5952 | Val NDCG: 0.7725 | smoothed: 0.7711
Epoch 11 | Loss: 0.5953 | Val NDCG: 0.7731 | smoothed: 0.7719
Epoch 12 | Loss: 0.5939 | Val NDCG: 0.7718 | smoothed: 0.7725
Epoch 13 | Loss: 0.5944 | Val NDCG: 0.7715 | smoothed: 0.7721
Epoch 14 | Loss: 0.5932 | Val NDCG: 0.7753 | smoothed: 0.7729
Epoch 15 | Loss: 0.5938 | Val NDCG: 0.7711 | smoothed: 0.7726
Epoch 16 | Loss: 0.5929 | Val NDCG: 0.7729 | smoothed: 0.7731
Epoch 17 | Loss: 0.5915 | Val NDCG: 0.7722 | smoothed: 0.7721
Epoch 18 | Loss: 0.5922 | Val NDCG: 0.7728 | smoothed: 0.7727
Epoch 19 | Loss: 0.5925 | Val NDCG: 0.7741 | smoothed: 0.7730
Epoch 20 | Loss: 0.5917 | Val NDCG: 0.7725 | smoothed: 0.7731

Best smoothed NDCG: 0.7731 at epoch 20 of 20 run

1 combinations completed out of 1


--- Grid Search Results ---
 hidden_units  dropout_rate  num_blocks  num_heads    lr  val_ndcg  val_ndcg_raw  best_epoch  epochs_run  max_epochs
          256           0.1           3         16 0.001  0.773136      0.772516          20          20          20

Best config: {'hidden_units': 256.0, 'dropout_rate': 0.1, 'num_blocks': 3.0, 'num_heads': 16.0, 'lr': 0.001, 'val_ndcg': 0.7731360858858928, 'val_ndcg_raw': 0.7725158211594152, 'best_epoch': 20.0, 'epochs_run': 20.0, 'max_epochs': 20.0}
1 of 1 configs reached max_epochs
1 of 1 were still improving when stopped
Best params saved to ../Models/sasrec_pwts_best_params.json
