task 427 | loss drrl | node slurmnode-gpu03
Tesla P100-PCIE-16GB, 16384 MiB
Tesla P100-PCIE-16GB, 16384 MiB
Tesla P100-PCIE-16GB, 16384 MiB
Tesla P100-PCIE-16GB, 16384 MiB
Using device: cuda
Loading datasets...
Train sessions: 75875 | Val sessions: 16262

Running grid search over 486 combinations...

SLURM array task 427: 1 config -> ../Models/sasrec_grid_drrl_task427.csv
Trying: {'hidden_units': 256, 'dropout_rate': 0.3, 'num_blocks': 3, 'num_heads': 16, 'lr': 0.001, 'gamma': 3}
Epoch 1 | Loss: -0.1697 | Val NDCG: 0.7464 | smoothed: 0.7464
Epoch 2 | Loss: -0.2202 | Val NDCG: 0.7042 | smoothed: 0.7253
Epoch 3 | Loss: -0.2247 | Val NDCG: 0.7292 | smoothed: 0.7266
Epoch 4 | Loss: -0.2265 | Val NDCG: 0.7405 | smoothed: 0.7246
Epoch 5 | Loss: -0.2282 | Val NDCG: 0.7309 | smoothed: 0.7335
Epoch 6 | Loss: -0.2290 | Val NDCG: 0.7509 | smoothed: 0.7408

Best smoothed NDCG: 0.7464 at epoch 1 of 6 run

1 combinations completed out of 1


--- Grid Search Results ---
 hidden_units  dropout_rate  num_blocks  num_heads    lr  gamma  val_ndcg  val_ndcg_raw  best_epoch  epochs_run  max_epochs
          256           0.3           3         16 0.001      3  0.746381      0.746381           1           6          20

Best config: {'hidden_units': 256.0, 'dropout_rate': 0.3, 'num_blocks': 3.0, 'num_heads': 16.0, 'lr': 0.001, 'gamma': 3.0, 'val_ndcg': 0.7463806084307023, 'val_ndcg_raw': 0.7463806084307023, 'best_epoch': 1.0, 'epochs_run': 6.0, 'max_epochs': 20.0}
0 of 1 configs reached max_epochs
0 of 1 were still improving when stopped
Best params saved to ../Models/sasrec_drrl_best_params.json
