task 13 | loss bce | node slurmnode-gpu02
NVIDIA GeForce GTX 1080 Ti, 11264 MiB
NVIDIA GeForce GTX 1080 Ti, 11264 MiB
NVIDIA GeForce GTX 1080 Ti, 11264 MiB
NVIDIA GeForce GTX 1080 Ti, 11264 MiB
NVIDIA GeForce GTX 1080 Ti, 11264 MiB
NVIDIA GeForce GTX 1080 Ti, 11264 MiB
NVIDIA GeForce GTX 1080 Ti, 11264 MiB
NVIDIA GeForce GTX 1080 Ti, 11264 MiB
Using device: cuda
Loading datasets...
Train sessions: 75875 | Val sessions: 16262

Running grid search over 162 combinations...

SLURM array task 13: 1 config -> ../Models/sasrec_grid_bce_task13.csv
Trying: {'hidden_units': 64, 'dropout_rate': 0.1, 'num_blocks': 3, 'num_heads': 4, 'lr': 0.0001}
Epoch 1 | Loss: 0.6048 | Val NDCG: 0.7471 | smoothed: 0.7471
Epoch 2 | Loss: 0.5854 | Val NDCG: 0.7553 | smoothed: 0.7512
Epoch 3 | Loss: 0.5800 | Val NDCG: 0.7626 | smoothed: 0.7550
Epoch 4 | Loss: 0.5781 | Val NDCG: 0.7629 | smoothed: 0.7603
Epoch 5 | Loss: 0.5756 | Val NDCG: 0.7640 | smoothed: 0.7632
Epoch 6 | Loss: 0.5731 | Val NDCG: 0.7678 | smoothed: 0.7649
Epoch 7 | Loss: 0.5733 | Val NDCG: 0.7660 | smoothed: 0.7659
Epoch 8 | Loss: 0.5722 | Val NDCG: 0.7663 | smoothed: 0.7667
Epoch 9 | Loss: 0.5705 | Val NDCG: 0.7671 | smoothed: 0.7664
Epoch 10 | Loss: 0.5706 | Val NDCG: 0.7678 | smoothed: 0.7670
Epoch 11 | Loss: 0.5705 | Val NDCG: 0.7683 | smoothed: 0.7677
Epoch 12 | Loss: 0.5700 | Val NDCG: 0.7711 | smoothed: 0.7691
Epoch 13 | Loss: 0.5699 | Val NDCG: 0.7711 | smoothed: 0.7702
Epoch 14 | Loss: 0.5692 | Val NDCG: 0.7698 | smoothed: 0.7707
Epoch 15 | Loss: 0.5679 | Val NDCG: 0.7715 | smoothed: 0.7708
Epoch 16 | Loss: 0.5690 | Val NDCG: 0.7709 | smoothed: 0.7707
Epoch 17 | Loss: 0.5674 | Val NDCG: 0.7724 | smoothed: 0.7716
Epoch 18 | Loss: 0.5681 | Val NDCG: 0.7726 | smoothed: 0.7720
Epoch 19 | Loss: 0.5682 | Val NDCG: 0.7704 | smoothed: 0.7718
Epoch 20 | Loss: 0.5669 | Val NDCG: 0.7735 | smoothed: 0.7722
Epoch 21 | Loss: 0.5684 | Val NDCG: 0.7715 | smoothed: 0.7718
Epoch 22 | Loss: 0.5678 | Val NDCG: 0.7720 | smoothed: 0.7723
Epoch 23 | Loss: 0.5669 | Val NDCG: 0.7736 | smoothed: 0.7724
Epoch 24 | Loss: 0.5669 | Val NDCG: 0.7722 | smoothed: 0.7726
Epoch 25 | Loss: 0.5663 | Val NDCG: 0.7742 | smoothed: 0.7733
Epoch 26 | Loss: 0.5665 | Val NDCG: 0.7741 | smoothed: 0.7735
Epoch 27 | Loss: 0.5663 | Val NDCG: 0.7761 | smoothed: 0.7748
Epoch 28 | Loss: 0.5654 | Val NDCG: 0.7738 | smoothed: 0.7746
Epoch 29 | Loss: 0.5641 | Val NDCG: 0.7748 | smoothed: 0.7749
Epoch 30 | Loss: 0.5663 | Val NDCG: 0.7753 | smoothed: 0.7747
Epoch 31 | Loss: 0.5659 | Val NDCG: 0.7732 | smoothed: 0.7745
Epoch 32 | Loss: 0.5660 | Val NDCG: 0.7746 | smoothed: 0.7744
Epoch 33 | Loss: 0.5654 | Val NDCG: 0.7754 | smoothed: 0.7744
Epoch 34 | Loss: 0.5661 | Val NDCG: 0.7755 | smoothed: 0.7752
Epoch 35 | Loss: 0.5644 | Val NDCG: 0.7743 | smoothed: 0.7751
Epoch 36 | Loss: 0.5643 | Val NDCG: 0.7753 | smoothed: 0.7750
Epoch 37 | Loss: 0.5647 | Val NDCG: 0.7759 | smoothed: 0.7752
Epoch 38 | Loss: 0.5650 | Val NDCG: 0.7763 | smoothed: 0.7758
Epoch 39 | Loss: 0.5636 | Val NDCG: 0.7746 | smoothed: 0.7756
Epoch 40 | Loss: 0.5641 | Val NDCG: 0.7772 | smoothed: 0.7760

Best smoothed NDCG: 0.7760 at epoch 40 of 40 run

1 combinations completed out of 1


--- Grid Search Results ---
 hidden_units  dropout_rate  num_blocks  num_heads     lr  val_ndcg  val_ndcg_raw  best_epoch  epochs_run  max_epochs
           64           0.1           3          4 0.0001  0.776045      0.777242          40          40          40

Best config: {'hidden_units': 64.0, 'dropout_rate': 0.1, 'num_blocks': 3.0, 'num_heads': 4.0, 'lr': 0.0001, 'val_ndcg': 0.7760447719729598, 'val_ndcg_raw': 0.7772417959051613, 'best_epoch': 40.0, 'epochs_run': 40.0, 'max_epochs': 40.0}
1 of 1 configs reached max_epochs
1 of 1 were still improving when stopped
Best params saved to ../Models/sasrec_bce_best_params.json
