task 32 | loss pwts | node slurmnode-gpu02
NVIDIA GeForce GTX 1080 Ti, 11264 MiB
NVIDIA GeForce GTX 1080 Ti, 11264 MiB
NVIDIA GeForce GTX 1080 Ti, 11264 MiB
NVIDIA GeForce GTX 1080 Ti, 11264 MiB
NVIDIA GeForce GTX 1080 Ti, 11264 MiB
NVIDIA GeForce GTX 1080 Ti, 11264 MiB
NVIDIA GeForce GTX 1080 Ti, 11264 MiB
NVIDIA GeForce GTX 1080 Ti, 11264 MiB
Using device: cuda
Loading datasets...
Train sessions: 75875 | Val sessions: 16262

Running grid search over 162 combinations...

SLURM array task 32: 1 config -> ../Models/sasrec_grid_pwts_task32.csv
Trying: {'hidden_units': 64, 'dropout_rate': 0.3, 'num_blocks': 3, 'num_heads': 8, 'lr': 0.001}
Epoch 1 | Loss: 0.6226 | Val NDCG: 0.7601 | smoothed: 0.7601
Epoch 2 | Loss: 0.6081 | Val NDCG: 0.7627 | smoothed: 0.7614
Epoch 3 | Loss: 0.6058 | Val NDCG: 0.7647 | smoothed: 0.7625
Epoch 4 | Loss: 0.6024 | Val NDCG: 0.7668 | smoothed: 0.7647
Epoch 5 | Loss: 0.6010 | Val NDCG: 0.7667 | smoothed: 0.7661
Epoch 6 | Loss: 0.6012 | Val NDCG: 0.7647 | smoothed: 0.7661
Epoch 7 | Loss: 0.6008 | Val NDCG: 0.7694 | smoothed: 0.7669
Epoch 8 | Loss: 0.6008 | Val NDCG: 0.7694 | smoothed: 0.7679
Epoch 9 | Loss: 0.5986 | Val NDCG: 0.7706 | smoothed: 0.7698
Epoch 10 | Loss: 0.5978 | Val NDCG: 0.7694 | smoothed: 0.7698
Epoch 11 | Loss: 0.5978 | Val NDCG: 0.7696 | smoothed: 0.7699
Epoch 12 | Loss: 0.5966 | Val NDCG: 0.7754 | smoothed: 0.7715
Epoch 13 | Loss: 0.5964 | Val NDCG: 0.7704 | smoothed: 0.7718
Epoch 14 | Loss: 0.5967 | Val NDCG: 0.7751 | smoothed: 0.7736
Epoch 15 | Loss: 0.5965 | Val NDCG: 0.7734 | smoothed: 0.7730
Epoch 16 | Loss: 0.5951 | Val NDCG: 0.7739 | smoothed: 0.7741
Epoch 17 | Loss: 0.5945 | Val NDCG: 0.7724 | smoothed: 0.7732
Epoch 18 | Loss: 0.5947 | Val NDCG: 0.7712 | smoothed: 0.7725
Epoch 19 | Loss: 0.5956 | Val NDCG: 0.7753 | smoothed: 0.7730
Epoch 20 | Loss: 0.5936 | Val NDCG: 0.7769 | smoothed: 0.7745

Best smoothed NDCG: 0.7745 at epoch 20 of 20 run

1 combinations completed out of 1


--- Grid Search Results ---
 hidden_units  dropout_rate  num_blocks  num_heads    lr  val_ndcg  val_ndcg_raw  best_epoch  epochs_run  max_epochs
           64           0.3           3          8 0.001  0.774466      0.776884          20          20          20

Best config: {'hidden_units': 64.0, 'dropout_rate': 0.3, 'num_blocks': 3.0, 'num_heads': 8.0, 'lr': 0.001, 'val_ndcg': 0.7744658642858012, 'val_ndcg_raw': 0.7768844578296735, 'best_epoch': 20.0, 'epochs_run': 20.0, 'max_epochs': 20.0}
1 of 1 configs reached max_epochs
1 of 1 were still improving when stopped
Best params saved to ../Models/sasrec_pwts_best_params.json
