task 255 | loss drrl | node slurmnode-gpu03
Tesla P100-PCIE-16GB, 16384 MiB
Tesla P100-PCIE-16GB, 16384 MiB
Tesla P100-PCIE-16GB, 16384 MiB
Tesla P100-PCIE-16GB, 16384 MiB
Using device: cuda
Loading datasets...
Train sessions: 75875 | Val sessions: 16262

Running grid search over 486 combinations...

SLURM array task 255: 1 config -> ../Models/sasrec_grid_drrl_task255.csv
Trying: {'hidden_units': 128, 'dropout_rate': 0.3, 'num_blocks': 3, 'num_heads': 4, 'lr': 0.0001, 'gamma': 2}
Epoch 1 | Loss: 0.0064 | Val NDCG: 0.7282 | smoothed: 0.7282
Epoch 2 | Loss: -0.2042 | Val NDCG: 0.7309 | smoothed: 0.7295
Epoch 3 | Loss: -0.2196 | Val NDCG: 0.7246 | smoothed: 0.7279
Epoch 4 | Loss: -0.2248 | Val NDCG: 0.7245 | smoothed: 0.7267
Epoch 5 | Loss: -0.2269 | Val NDCG: 0.7203 | smoothed: 0.7231
Epoch 6 | Loss: -0.2281 | Val NDCG: 0.7186 | smoothed: 0.7211
Epoch 7 | Loss: -0.2286 | Val NDCG: 0.7297 | smoothed: 0.7229

Best smoothed NDCG: 0.7295 at epoch 2 of 7 run

1 combinations completed out of 1


--- Grid Search Results ---
 hidden_units  dropout_rate  num_blocks  num_heads     lr  gamma  val_ndcg  val_ndcg_raw  best_epoch  epochs_run  max_epochs
          128           0.3           3          4 0.0001      2  0.729512      0.730851           2           7          40

Best config: {'hidden_units': 128.0, 'dropout_rate': 0.3, 'num_blocks': 3.0, 'num_heads': 4.0, 'lr': 0.0001, 'gamma': 2.0, 'val_ndcg': 0.7295120570376216, 'val_ndcg_raw': 0.7308510085240801, 'best_epoch': 2.0, 'epochs_run': 7.0, 'max_epochs': 40.0}
0 of 1 configs reached max_epochs
0 of 1 were still improving when stopped
Best params saved to ../Models/sasrec_drrl_best_params.json
