task 107 | loss drrl | node slurmnode-gpu07
NVIDIA A40, 46068 MiB
NVIDIA A40, 46068 MiB
NVIDIA A40, 46068 MiB
NVIDIA A40, 46068 MiB
Using device: cuda
Loading datasets...
Train sessions: 75875 | Val sessions: 16262

Running grid search over 486 combinations...

SLURM array task 107: 1 config -> ../Models/sasrec_grid_drrl_task107.csv
Trying: {'hidden_units': 64, 'dropout_rate': 0.3, 'num_blocks': 3, 'num_heads': 16, 'lr': 0.0001, 'gamma': 4}
Epoch 1 | Loss: -0.0198 | Val NDCG: 0.7254 | smoothed: 0.7254
Epoch 2 | Loss: -0.2052 | Val NDCG: 0.7288 | smoothed: 0.7271
Epoch 3 | Loss: -0.2204 | Val NDCG: 0.7232 | smoothed: 0.7258
Epoch 4 | Loss: -0.2256 | Val NDCG: 0.7177 | smoothed: 0.7232
Epoch 5 | Loss: -0.2278 | Val NDCG: 0.7141 | smoothed: 0.7183
Epoch 6 | Loss: -0.2291 | Val NDCG: 0.7155 | smoothed: 0.7158
Epoch 7 | Loss: -0.2299 | Val NDCG: 0.7132 | smoothed: 0.7143

Best smoothed NDCG: 0.7271 at epoch 2 of 7 run

1 combinations completed out of 1


--- Grid Search Results ---
 hidden_units  dropout_rate  num_blocks  num_heads     lr  gamma  val_ndcg  val_ndcg_raw  best_epoch  epochs_run  max_epochs
           64           0.3           3         16 0.0001      4  0.727066      0.728783           2           7          40

Best config: {'hidden_units': 64.0, 'dropout_rate': 0.3, 'num_blocks': 3.0, 'num_heads': 16.0, 'lr': 0.0001, 'gamma': 4.0, 'val_ndcg': 0.7270664596708825, 'val_ndcg_raw': 0.7287826832891229, 'best_epoch': 2.0, 'epochs_run': 7.0, 'max_epochs': 40.0}
0 of 1 configs reached max_epochs
0 of 1 were still improving when stopped
Best params saved to ../Models/sasrec_drrl_best_params.json
