task 18 | loss drrl | node slurmnode-gpu02
NVIDIA GeForce GTX 1080 Ti, 11264 MiB
NVIDIA GeForce GTX 1080 Ti, 11264 MiB
NVIDIA GeForce GTX 1080 Ti, 11264 MiB
NVIDIA GeForce GTX 1080 Ti, 11264 MiB
NVIDIA GeForce GTX 1080 Ti, 11264 MiB
NVIDIA GeForce GTX 1080 Ti, 11264 MiB
NVIDIA GeForce GTX 1080 Ti, 11264 MiB
NVIDIA GeForce GTX 1080 Ti, 11264 MiB
Using device: cuda
Loading datasets...
Train sessions: 75875 | Val sessions: 16262

Running grid search over 486 combinations...

SLURM array task 18: 1 config -> ../Models/sasrec_grid_drrl_task18.csv
Trying: {'hidden_units': 64, 'dropout_rate': 0.1, 'num_blocks': 2, 'num_heads': 4, 'lr': 0.001, 'gamma': 2}
Epoch 1 | Loss: -0.1717 | Val NDCG: 0.7226 | smoothed: 0.7226
Epoch 2 | Loss: -0.2200 | Val NDCG: 0.7405 | smoothed: 0.7315
Epoch 3 | Loss: -0.2240 | Val NDCG: 0.7204 | smoothed: 0.7278
Epoch 4 | Loss: -0.2262 | Val NDCG: 0.7257 | smoothed: 0.7289
Epoch 5 | Loss: -0.2278 | Val NDCG: 0.7455 | smoothed: 0.7306
Epoch 6 | Loss: -0.2286 | Val NDCG: 0.7160 | smoothed: 0.7291
Epoch 7 | Loss: -0.2292 | Val NDCG: 0.7349 | smoothed: 0.7321
Epoch 8 | Loss: -0.2292 | Val NDCG: 0.7446 | smoothed: 0.7318
Epoch 9 | Loss: -0.2293 | Val NDCG: 0.7425 | smoothed: 0.7407
Epoch 10 | Loss: -0.2295 | Val NDCG: 0.7296 | smoothed: 0.7389
Epoch 11 | Loss: -0.2294 | Val NDCG: 0.7515 | smoothed: 0.7412
Epoch 12 | Loss: -0.2295 | Val NDCG: 0.7558 | smoothed: 0.7456
Epoch 13 | Loss: -0.2296 | Val NDCG: 0.7541 | smoothed: 0.7538
Epoch 14 | Loss: -0.2299 | Val NDCG: 0.7587 | smoothed: 0.7562
Epoch 15 | Loss: -0.2299 | Val NDCG: 0.7658 | smoothed: 0.7595
Epoch 16 | Loss: -0.2298 | Val NDCG: 0.7529 | smoothed: 0.7591
Epoch 17 | Loss: -0.2301 | Val NDCG: 0.7605 | smoothed: 0.7597
Epoch 18 | Loss: -0.2302 | Val NDCG: 0.7632 | smoothed: 0.7589
Epoch 19 | Loss: -0.2303 | Val NDCG: 0.7664 | smoothed: 0.7634
Epoch 20 | Loss: -0.2303 | Val NDCG: 0.7705 | smoothed: 0.7667

Best smoothed NDCG: 0.7667 at epoch 20 of 20 run

1 combinations completed out of 1


--- Grid Search Results ---
 hidden_units  dropout_rate  num_blocks  num_heads    lr  gamma  val_ndcg  val_ndcg_raw  best_epoch  epochs_run  max_epochs
           64           0.1           2          4 0.001      2  0.766681      0.770484          20          20          20

Best config: {'hidden_units': 64.0, 'dropout_rate': 0.1, 'num_blocks': 2.0, 'num_heads': 4.0, 'lr': 0.001, 'gamma': 2.0, 'val_ndcg': 0.766680987028708, 'val_ndcg_raw': 0.7704842957785288, 'best_epoch': 20.0, 'epochs_run': 20.0, 'max_epochs': 20.0}
1 of 1 configs reached max_epochs
1 of 1 were still improving when stopped
Best params saved to ../Models/sasrec_drrl_best_params.json
