task 125 | loss pwts | node slurmnode-gpu07
NVIDIA A40, 46068 MiB
NVIDIA A40, 46068 MiB
NVIDIA A40, 46068 MiB
NVIDIA A40, 46068 MiB
Using device: cuda
Loading datasets...
Train sessions: 75875 | Val sessions: 16262

Running grid search over 162 combinations...

SLURM array task 125: 1 config -> ../Models/sasrec_grid_pwts_task125.csv
Trying: {'hidden_units': 256, 'dropout_rate': 0.1, 'num_blocks': 3, 'num_heads': 16, 'lr': 0.0001}
Epoch 1 | Loss: 0.6190 | Val NDCG: 0.7618 | smoothed: 0.7618
Epoch 2 | Loss: 0.6052 | Val NDCG: 0.7620 | smoothed: 0.7619
Epoch 3 | Loss: 0.6018 | Val NDCG: 0.7690 | smoothed: 0.7643
Epoch 4 | Loss: 0.6009 | Val NDCG: 0.7655 | smoothed: 0.7655
Epoch 5 | Loss: 0.5993 | Val NDCG: 0.7649 | smoothed: 0.7665
Epoch 6 | Loss: 0.5982 | Val NDCG: 0.7692 | smoothed: 0.7665
Epoch 7 | Loss: 0.5960 | Val NDCG: 0.7663 | smoothed: 0.7668
Epoch 8 | Loss: 0.5953 | Val NDCG: 0.7742 | smoothed: 0.7699
Epoch 9 | Loss: 0.5952 | Val NDCG: 0.7725 | smoothed: 0.7710
Epoch 10 | Loss: 0.5952 | Val NDCG: 0.7684 | smoothed: 0.7717
Epoch 11 | Loss: 0.5936 | Val NDCG: 0.7711 | smoothed: 0.7707
Epoch 12 | Loss: 0.5921 | Val NDCG: 0.7743 | smoothed: 0.7713
Epoch 13 | Loss: 0.5918 | Val NDCG: 0.7723 | smoothed: 0.7726
Epoch 14 | Loss: 0.5922 | Val NDCG: 0.7704 | smoothed: 0.7723
Epoch 15 | Loss: 0.5906 | Val NDCG: 0.7728 | smoothed: 0.7718
Epoch 16 | Loss: 0.5897 | Val NDCG: 0.7742 | smoothed: 0.7724
Epoch 17 | Loss: 0.5902 | Val NDCG: 0.7742 | smoothed: 0.7737
Epoch 18 | Loss: 0.5895 | Val NDCG: 0.7744 | smoothed: 0.7743
Epoch 19 | Loss: 0.5888 | Val NDCG: 0.7793 | smoothed: 0.7760
Epoch 20 | Loss: 0.5875 | Val NDCG: 0.7739 | smoothed: 0.7759
Epoch 21 | Loss: 0.5878 | Val NDCG: 0.7774 | smoothed: 0.7769
Epoch 22 | Loss: 0.5878 | Val NDCG: 0.7765 | smoothed: 0.7759
Epoch 23 | Loss: 0.5865 | Val NDCG: 0.7763 | smoothed: 0.7767
Epoch 24 | Loss: 0.5864 | Val NDCG: 0.7745 | smoothed: 0.7758
Epoch 25 | Loss: 0.5846 | Val NDCG: 0.7791 | smoothed: 0.7767
Epoch 26 | Loss: 0.5852 | Val NDCG: 0.7785 | smoothed: 0.7774
Epoch 27 | Loss: 0.5840 | Val NDCG: 0.7774 | smoothed: 0.7784
Epoch 28 | Loss: 0.5848 | Val NDCG: 0.7755 | smoothed: 0.7772
Epoch 29 | Loss: 0.5830 | Val NDCG: 0.7754 | smoothed: 0.7761
Epoch 30 | Loss: 0.5828 | Val NDCG: 0.7755 | smoothed: 0.7755
Epoch 31 | Loss: 0.5823 | Val NDCG: 0.7768 | smoothed: 0.7759
Epoch 32 | Loss: 0.5810 | Val NDCG: 0.7759 | smoothed: 0.7761

Best smoothed NDCG: 0.7784 at epoch 27 of 32 run

1 combinations completed out of 1


--- Grid Search Results ---
 hidden_units  dropout_rate  num_blocks  num_heads     lr  val_ndcg  val_ndcg_raw  best_epoch  epochs_run  max_epochs
          256           0.1           3         16 0.0001  0.778371      0.777449          27          32          40

Best config: {'hidden_units': 256.0, 'dropout_rate': 0.1, 'num_blocks': 3.0, 'num_heads': 16.0, 'lr': 0.0001, 'val_ndcg': 0.7783710537479694, 'val_ndcg_raw': 0.7774494749131473, 'best_epoch': 27.0, 'epochs_run': 32.0, 'max_epochs': 40.0}
0 of 1 configs reached max_epochs
0 of 1 were still improving when stopped
Best params saved to ../Models/sasrec_pwts_best_params.json
