task 86 | loss drrl | node slurmnode-gpu03
Tesla P100-PCIE-16GB, 16384 MiB
Tesla P100-PCIE-16GB, 16384 MiB
Tesla P100-PCIE-16GB, 16384 MiB
Tesla P100-PCIE-16GB, 16384 MiB
Using device: cuda
Loading datasets...
Train sessions: 75875 | Val sessions: 16262

Running grid search over 486 combinations...

SLURM array task 86: 1 config -> ../Models/sasrec_grid_drrl_task86.csv
Trying: {'hidden_units': 64, 'dropout_rate': 0.3, 'num_blocks': 2, 'num_heads': 16, 'lr': 0.001, 'gamma': 4}
Epoch 1 | Loss: -0.1877 | Val NDCG: 0.7157 | smoothed: 0.7157
Epoch 2 | Loss: -0.2273 | Val NDCG: 0.7022 | smoothed: 0.7090
Epoch 3 | Loss: -0.2286 | Val NDCG: 0.7040 | smoothed: 0.7073
Epoch 4 | Loss: -0.2296 | Val NDCG: 0.7173 | smoothed: 0.7078
Epoch 5 | Loss: -0.2299 | Val NDCG: 0.7157 | smoothed: 0.7123
Epoch 6 | Loss: -0.2299 | Val NDCG: 0.7368 | smoothed: 0.7233
Epoch 7 | Loss: -0.2298 | Val NDCG: 0.7510 | smoothed: 0.7345
Epoch 8 | Loss: -0.2303 | Val NDCG: 0.7458 | smoothed: 0.7445
Epoch 9 | Loss: -0.2307 | Val NDCG: 0.7475 | smoothed: 0.7481
Epoch 10 | Loss: -0.2304 | Val NDCG: 0.7557 | smoothed: 0.7497
Epoch 11 | Loss: -0.2306 | Val NDCG: 0.7642 | smoothed: 0.7558
Epoch 12 | Loss: -0.2305 | Val NDCG: 0.7548 | smoothed: 0.7582
Epoch 13 | Loss: -0.2306 | Val NDCG: 0.7670 | smoothed: 0.7620
Epoch 14 | Loss: -0.2306 | Val NDCG: 0.7665 | smoothed: 0.7627
Epoch 15 | Loss: -0.2306 | Val NDCG: 0.7690 | smoothed: 0.7675
Epoch 16 | Loss: -0.2306 | Val NDCG: 0.7728 | smoothed: 0.7694
Epoch 17 | Loss: -0.2306 | Val NDCG: 0.7652 | smoothed: 0.7690
Epoch 18 | Loss: -0.2307 | Val NDCG: 0.7718 | smoothed: 0.7699
Epoch 19 | Loss: -0.2309 | Val NDCG: 0.7728 | smoothed: 0.7699
Epoch 20 | Loss: -0.2308 | Val NDCG: 0.7726 | smoothed: 0.7724

Best smoothed NDCG: 0.7724 at epoch 20 of 20 run

1 combinations completed out of 1


--- Grid Search Results ---
 hidden_units  dropout_rate  num_blocks  num_heads    lr  gamma  val_ndcg  val_ndcg_raw  best_epoch  epochs_run  max_epochs
           64           0.3           2         16 0.001      4  0.772395      0.772598          20          20          20

Best config: {'hidden_units': 64.0, 'dropout_rate': 0.3, 'num_blocks': 2.0, 'num_heads': 16.0, 'lr': 0.001, 'gamma': 4.0, 'val_ndcg': 0.7723952341762071, 'val_ndcg_raw': 0.7725984738523831, 'best_epoch': 20.0, 'epochs_run': 20.0, 'max_epochs': 20.0}
1 of 1 configs reached max_epochs
1 of 1 were still improving when stopped
Best params saved to ../Models/sasrec_drrl_best_params.json
