task 134 | loss bce | node slurmnode-gpu07
NVIDIA A40, 46068 MiB
NVIDIA A40, 46068 MiB
NVIDIA A40, 46068 MiB
NVIDIA A40, 46068 MiB
Using device: cuda
Loading datasets...
Train sessions: 75875 | Val sessions: 16262

Running grid search over 162 combinations...

SLURM array task 134: 1 config -> ../Models/sasrec_grid_bce_task134.csv
Trying: {'hidden_units': 256, 'dropout_rate': 0.3, 'num_blocks': 2, 'num_heads': 8, 'lr': 0.001}
Epoch 1 | Loss: 0.5890 | Val NDCG: 0.7571 | smoothed: 0.7571
Epoch 2 | Loss: 0.5798 | Val NDCG: 0.7664 | smoothed: 0.7617
Epoch 3 | Loss: 0.5775 | Val NDCG: 0.7691 | smoothed: 0.7642
Epoch 4 | Loss: 0.5754 | Val NDCG: 0.7722 | smoothed: 0.7692
Epoch 5 | Loss: 0.5739 | Val NDCG: 0.7721 | smoothed: 0.7711
Epoch 6 | Loss: 0.5715 | Val NDCG: 0.7693 | smoothed: 0.7712
Epoch 7 | Loss: 0.5724 | Val NDCG: 0.7676 | smoothed: 0.7697
Epoch 8 | Loss: 0.5711 | Val NDCG: 0.7780 | smoothed: 0.7717
Epoch 9 | Loss: 0.5702 | Val NDCG: 0.7776 | smoothed: 0.7744
Epoch 10 | Loss: 0.5683 | Val NDCG: 0.7796 | smoothed: 0.7784
Epoch 11 | Loss: 0.5677 | Val NDCG: 0.7797 | smoothed: 0.7789
Epoch 12 | Loss: 0.5671 | Val NDCG: 0.7770 | smoothed: 0.7787
Epoch 13 | Loss: 0.5667 | Val NDCG: 0.7819 | smoothed: 0.7795
Epoch 14 | Loss: 0.5660 | Val NDCG: 0.7768 | smoothed: 0.7786
Epoch 15 | Loss: 0.5662 | Val NDCG: 0.7780 | smoothed: 0.7789
Epoch 16 | Loss: 0.5659 | Val NDCG: 0.7827 | smoothed: 0.7792
Epoch 17 | Loss: 0.5659 | Val NDCG: 0.7775 | smoothed: 0.7794
Epoch 18 | Loss: 0.5655 | Val NDCG: 0.7808 | smoothed: 0.7803
Epoch 19 | Loss: 0.5633 | Val NDCG: 0.7789 | smoothed: 0.7791
Epoch 20 | Loss: 0.5643 | Val NDCG: 0.7801 | smoothed: 0.7799

Best smoothed NDCG: 0.7803 at epoch 18 of 20 run

1 combinations completed out of 1


--- Grid Search Results ---
 hidden_units  dropout_rate  num_blocks  num_heads    lr  val_ndcg  val_ndcg_raw  best_epoch  epochs_run  max_epochs
          256           0.3           2          8 0.001  0.780347      0.780839          18          20          20

Best config: {'hidden_units': 256.0, 'dropout_rate': 0.3, 'num_blocks': 2.0, 'num_heads': 8.0, 'lr': 0.001, 'val_ndcg': 0.780347217174355, 'val_ndcg_raw': 0.7808391633210708, 'best_epoch': 18.0, 'epochs_run': 20.0, 'max_epochs': 20.0}
1 of 1 configs reached max_epochs
0 of 1 were still improving when stopped
Best params saved to ../Models/sasrec_bce_best_params.json
