task 447 | loss drrl | node slurmnode-gpu03
Tesla P100-PCIE-16GB, 16384 MiB
Tesla P100-PCIE-16GB, 16384 MiB
Tesla P100-PCIE-16GB, 16384 MiB
Tesla P100-PCIE-16GB, 16384 MiB
Using device: cuda
Loading datasets...
Train sessions: 75875 | Val sessions: 16262

Running grid search over 486 combinations...

SLURM array task 447: 1 config -> ../Models/sasrec_grid_drrl_task447.csv
Trying: {'hidden_units': 256, 'dropout_rate': 0.5, 'num_blocks': 1, 'num_heads': 16, 'lr': 0.0001, 'gamma': 2}
Epoch 1 | Loss: 0.2289 | Val NDCG: 0.7127 | smoothed: 0.7127
Epoch 2 | Loss: -0.1730 | Val NDCG: 0.7044 | smoothed: 0.7085
Epoch 3 | Loss: -0.2090 | Val NDCG: 0.6995 | smoothed: 0.7055
Epoch 4 | Loss: -0.2224 | Val NDCG: 0.6975 | smoothed: 0.7004
Epoch 5 | Loss: -0.2281 | Val NDCG: 0.7012 | smoothed: 0.6994
Epoch 6 | Loss: -0.2294 | Val NDCG: 0.7096 | smoothed: 0.7028

Best smoothed NDCG: 0.7127 at epoch 1 of 6 run

1 combinations completed out of 1


--- Grid Search Results ---
 hidden_units  dropout_rate  num_blocks  num_heads     lr  gamma  val_ndcg  val_ndcg_raw  best_epoch  epochs_run  max_epochs
          256           0.5           1         16 0.0001      2  0.712671      0.712671           1           6          40

Best config: {'hidden_units': 256.0, 'dropout_rate': 0.5, 'num_blocks': 1.0, 'num_heads': 16.0, 'lr': 0.0001, 'gamma': 2.0, 'val_ndcg': 0.7126708553635898, 'val_ndcg_raw': 0.7126708553635898, 'best_epoch': 1.0, 'epochs_run': 6.0, 'max_epochs': 40.0}
0 of 1 configs reached max_epochs
0 of 1 were still improving when stopped
Best params saved to ../Models/sasrec_drrl_best_params.json
