task 14 | loss pwts | node slurmnode-gpu02
NVIDIA GeForce GTX 1080 Ti, 11264 MiB
NVIDIA GeForce GTX 1080 Ti, 11264 MiB
NVIDIA GeForce GTX 1080 Ti, 11264 MiB
NVIDIA GeForce GTX 1080 Ti, 11264 MiB
NVIDIA GeForce GTX 1080 Ti, 11264 MiB
NVIDIA GeForce GTX 1080 Ti, 11264 MiB
NVIDIA GeForce GTX 1080 Ti, 11264 MiB
NVIDIA GeForce GTX 1080 Ti, 11264 MiB
Using device: cuda
Loading datasets...
Train sessions: 75875 | Val sessions: 16262

Running grid search over 162 combinations...

SLURM array task 14: 1 config -> ../Models/sasrec_grid_pwts_task14.csv
Trying: {'hidden_units': 64, 'dropout_rate': 0.1, 'num_blocks': 3, 'num_heads': 8, 'lr': 0.001}
Epoch 1 | Loss: 0.6136 | Val NDCG: 0.7599 | smoothed: 0.7599
Epoch 2 | Loss: 0.6016 | Val NDCG: 0.7669 | smoothed: 0.7634
Epoch 3 | Loss: 0.6005 | Val NDCG: 0.7645 | smoothed: 0.7637
Epoch 4 | Loss: 0.5990 | Val NDCG: 0.7666 | smoothed: 0.7660
Epoch 5 | Loss: 0.5961 | Val NDCG: 0.7708 | smoothed: 0.7673
Epoch 6 | Loss: 0.5960 | Val NDCG: 0.7696 | smoothed: 0.7690
Epoch 7 | Loss: 0.5963 | Val NDCG: 0.7723 | smoothed: 0.7709
Epoch 8 | Loss: 0.5942 | Val NDCG: 0.7715 | smoothed: 0.7711
Epoch 9 | Loss: 0.5932 | Val NDCG: 0.7725 | smoothed: 0.7721
Epoch 10 | Loss: 0.5933 | Val NDCG: 0.7762 | smoothed: 0.7734
Epoch 11 | Loss: 0.5929 | Val NDCG: 0.7778 | smoothed: 0.7755
Epoch 12 | Loss: 0.5923 | Val NDCG: 0.7759 | smoothed: 0.7766
Epoch 13 | Loss: 0.5913 | Val NDCG: 0.7766 | smoothed: 0.7768
Epoch 14 | Loss: 0.5912 | Val NDCG: 0.7777 | smoothed: 0.7767
Epoch 15 | Loss: 0.5900 | Val NDCG: 0.7755 | smoothed: 0.7766
Epoch 16 | Loss: 0.5899 | Val NDCG: 0.7758 | smoothed: 0.7763
Epoch 17 | Loss: 0.5896 | Val NDCG: 0.7761 | smoothed: 0.7758
Epoch 18 | Loss: 0.5892 | Val NDCG: 0.7783 | smoothed: 0.7767

Best smoothed NDCG: 0.7768 at epoch 13 of 18 run

1 combinations completed out of 1


--- Grid Search Results ---
 hidden_units  dropout_rate  num_blocks  num_heads    lr  val_ndcg  val_ndcg_raw  best_epoch  epochs_run  max_epochs
           64           0.1           3          8 0.001  0.776754      0.776567          13          18          20

Best config: {'hidden_units': 64.0, 'dropout_rate': 0.1, 'num_blocks': 3.0, 'num_heads': 8.0, 'lr': 0.001, 'val_ndcg': 0.776753573700992, 'val_ndcg_raw': 0.7765669202967931, 'best_epoch': 13.0, 'epochs_run': 18.0, 'max_epochs': 20.0}
0 of 1 configs reached max_epochs
0 of 1 were still improving when stopped
Best params saved to ../Models/sasrec_pwts_best_params.json
