task 297 | loss drrl | node slurmnode-gpu03
Tesla P100-PCIE-16GB, 16384 MiB
Tesla P100-PCIE-16GB, 16384 MiB
Tesla P100-PCIE-16GB, 16384 MiB
Tesla P100-PCIE-16GB, 16384 MiB
Using device: cuda
Loading datasets...
Train sessions: 75875 | Val sessions: 16262

Running grid search over 486 combinations...

SLURM array task 297: 1 config -> ../Models/sasrec_grid_drrl_task297.csv
Trying: {'hidden_units': 128, 'dropout_rate': 0.5, 'num_blocks': 2, 'num_heads': 8, 'lr': 0.0001, 'gamma': 2}
Epoch 1 | Loss: 0.2287 | Val NDCG: 0.7103 | smoothed: 0.7103
Epoch 2 | Loss: -0.1790 | Val NDCG: 0.7176 | smoothed: 0.7140
Epoch 3 | Loss: -0.2123 | Val NDCG: 0.7100 | smoothed: 0.7126
Epoch 4 | Loss: -0.2220 | Val NDCG: 0.7000 | smoothed: 0.7092
Epoch 5 | Loss: -0.2260 | Val NDCG: 0.6989 | smoothed: 0.7030
Epoch 6 | Loss: -0.2281 | Val NDCG: 0.6984 | smoothed: 0.6991
Epoch 7 | Loss: -0.2291 | Val NDCG: 0.6946 | smoothed: 0.6973

Best smoothed NDCG: 0.7140 at epoch 2 of 7 run

1 combinations completed out of 1


--- Grid Search Results ---
 hidden_units  dropout_rate  num_blocks  num_heads     lr  gamma  val_ndcg  val_ndcg_raw  best_epoch  epochs_run  max_epochs
          128           0.5           2          8 0.0001      2  0.713965      0.717599           2           7          40

Best config: {'hidden_units': 128.0, 'dropout_rate': 0.5, 'num_blocks': 2.0, 'num_heads': 8.0, 'lr': 0.0001, 'gamma': 2.0, 'val_ndcg': 0.7139649212103377, 'val_ndcg_raw': 0.7175989959899294, 'best_epoch': 2.0, 'epochs_run': 7.0, 'max_epochs': 40.0}
0 of 1 configs reached max_epochs
0 of 1 were still improving when stopped
Best params saved to ../Models/sasrec_drrl_best_params.json
