task 112 | loss drrl | node slurmnode-gpu07
NVIDIA A40, 46068 MiB
NVIDIA A40, 46068 MiB
NVIDIA A40, 46068 MiB
NVIDIA A40, 46068 MiB
Using device: cuda
Loading datasets...
Train sessions: 75875 | Val sessions: 16262

Running grid search over 486 combinations...

SLURM array task 112: 1 config -> ../Models/sasrec_grid_drrl_task112.csv
Trying: {'hidden_units': 64, 'dropout_rate': 0.5, 'num_blocks': 1, 'num_heads': 4, 'lr': 0.0001, 'gamma': 3}
Epoch 1 | Loss: 0.2151 | Val NDCG: 0.7095 | smoothed: 0.7095
Epoch 2 | Loss: -0.1738 | Val NDCG: 0.7022 | smoothed: 0.7058
Epoch 3 | Loss: -0.2169 | Val NDCG: 0.7005 | smoothed: 0.7041
Epoch 4 | Loss: -0.2274 | Val NDCG: 0.7099 | smoothed: 0.7042
Epoch 5 | Loss: -0.2301 | Val NDCG: 0.7154 | smoothed: 0.7086
Epoch 6 | Loss: -0.2312 | Val NDCG: 0.7113 | smoothed: 0.7122
Epoch 7 | Loss: -0.2317 | Val NDCG: 0.7132 | smoothed: 0.7133
Epoch 8 | Loss: -0.2321 | Val NDCG: 0.7305 | smoothed: 0.7184
Epoch 9 | Loss: -0.2322 | Val NDCG: 0.7245 | smoothed: 0.7227
Epoch 10 | Loss: -0.2323 | Val NDCG: 0.7159 | smoothed: 0.7236
Epoch 11 | Loss: -0.2323 | Val NDCG: 0.7345 | smoothed: 0.7250
Epoch 12 | Loss: -0.2323 | Val NDCG: 0.7322 | smoothed: 0.7275
Epoch 13 | Loss: -0.2324 | Val NDCG: 0.7218 | smoothed: 0.7295
Epoch 14 | Loss: -0.2324 | Val NDCG: 0.7316 | smoothed: 0.7286
Epoch 15 | Loss: -0.2323 | Val NDCG: 0.7412 | smoothed: 0.7316
Epoch 16 | Loss: -0.2324 | Val NDCG: 0.7284 | smoothed: 0.7337
Epoch 17 | Loss: -0.2324 | Val NDCG: 0.7258 | smoothed: 0.7318
Epoch 18 | Loss: -0.2324 | Val NDCG: 0.7347 | smoothed: 0.7296
Epoch 19 | Loss: -0.2323 | Val NDCG: 0.7456 | smoothed: 0.7354
Epoch 20 | Loss: -0.2324 | Val NDCG: 0.7505 | smoothed: 0.7436
Epoch 21 | Loss: -0.2324 | Val NDCG: 0.7465 | smoothed: 0.7475
Epoch 22 | Loss: -0.2324 | Val NDCG: 0.7352 | smoothed: 0.7441
Epoch 23 | Loss: -0.2324 | Val NDCG: 0.7351 | smoothed: 0.7390
Epoch 24 | Loss: -0.2324 | Val NDCG: 0.7455 | smoothed: 0.7386
Epoch 25 | Loss: -0.2324 | Val NDCG: 0.7591 | smoothed: 0.7466
Epoch 26 | Loss: -0.2324 | Val NDCG: 0.7502 | smoothed: 0.7516
Epoch 27 | Loss: -0.2324 | Val NDCG: 0.7596 | smoothed: 0.7563
Epoch 28 | Loss: -0.2324 | Val NDCG: 0.7512 | smoothed: 0.7537
Epoch 29 | Loss: -0.2324 | Val NDCG: 0.7445 | smoothed: 0.7518
Epoch 30 | Loss: -0.2324 | Val NDCG: 0.7485 | smoothed: 0.7481
Epoch 31 | Loss: -0.2324 | Val NDCG: 0.7644 | smoothed: 0.7525
Epoch 32 | Loss: -0.2324 | Val NDCG: 0.7635 | smoothed: 0.7588
Epoch 33 | Loss: -0.2324 | Val NDCG: 0.7552 | smoothed: 0.7610
Epoch 34 | Loss: -0.2324 | Val NDCG: 0.7431 | smoothed: 0.7539
Epoch 35 | Loss: -0.2325 | Val NDCG: 0.7419 | smoothed: 0.7467
Epoch 36 | Loss: -0.2324 | Val NDCG: 0.7483 | smoothed: 0.7444
Epoch 37 | Loss: -0.2325 | Val NDCG: 0.7485 | smoothed: 0.7462
Epoch 38 | Loss: -0.2324 | Val NDCG: 0.7505 | smoothed: 0.7491

Best smoothed NDCG: 0.7610 at epoch 33 of 38 run

1 combinations completed out of 1


--- Grid Search Results ---
 hidden_units  dropout_rate  num_blocks  num_heads     lr  gamma  val_ndcg  val_ndcg_raw  best_epoch  epochs_run  max_epochs
           64           0.5           1          4 0.0001      3  0.761044      0.755152          33          38          40

Best config: {'hidden_units': 64.0, 'dropout_rate': 0.5, 'num_blocks': 1.0, 'num_heads': 4.0, 'lr': 0.0001, 'gamma': 3.0, 'val_ndcg': 0.7610439462463908, 'val_ndcg_raw': 0.7551524239229073, 'best_epoch': 33.0, 'epochs_run': 38.0, 'max_epochs': 40.0}
0 of 1 configs reached max_epochs
0 of 1 were still improving when stopped
Best params saved to ../Models/sasrec_drrl_best_params.json
