task 76 | loss drrl | node slurmnode-gpu07
NVIDIA A40, 46068 MiB
NVIDIA A40, 46068 MiB
NVIDIA A40, 46068 MiB
NVIDIA A40, 46068 MiB
Using device: cuda
Loading datasets...
Train sessions: 75875 | Val sessions: 16262

Running grid search over 486 combinations...

SLURM array task 76: 1 config -> ../Models/sasrec_grid_drrl_task76.csv
Trying: {'hidden_units': 64, 'dropout_rate': 0.3, 'num_blocks': 2, 'num_heads': 4, 'lr': 0.0001, 'gamma': 3}
Epoch 1 | Loss: -0.0163 | Val NDCG: 0.7157 | smoothed: 0.7157
Epoch 2 | Loss: -0.2048 | Val NDCG: 0.7095 | smoothed: 0.7126
Epoch 3 | Loss: -0.2201 | Val NDCG: 0.7024 | smoothed: 0.7092
Epoch 4 | Loss: -0.2253 | Val NDCG: 0.7022 | smoothed: 0.7047
Epoch 5 | Loss: -0.2277 | Val NDCG: 0.7041 | smoothed: 0.7029
Epoch 6 | Loss: -0.2292 | Val NDCG: 0.7017 | smoothed: 0.7027

Best smoothed NDCG: 0.7157 at epoch 1 of 6 run

1 combinations completed out of 1


--- Grid Search Results ---
 hidden_units  dropout_rate  num_blocks  num_heads     lr  gamma  val_ndcg  val_ndcg_raw  best_epoch  epochs_run  max_epochs
           64           0.3           2          4 0.0001      3  0.715681      0.715681           1           6          40

Best config: {'hidden_units': 64.0, 'dropout_rate': 0.3, 'num_blocks': 2.0, 'num_heads': 4.0, 'lr': 0.0001, 'gamma': 3.0, 'val_ndcg': 0.7156809679267221, 'val_ndcg_raw': 0.7156809679267221, 'best_epoch': 1.0, 'epochs_run': 6.0, 'max_epochs': 40.0}
0 of 1 configs reached max_epochs
0 of 1 were still improving when stopped
Best params saved to ../Models/sasrec_drrl_best_params.json
