task 205 | loss drrl | node slurmnode-gpu07
NVIDIA A40, 46068 MiB
NVIDIA A40, 46068 MiB
NVIDIA A40, 46068 MiB
NVIDIA A40, 46068 MiB
Using device: cuda
Loading datasets...
Train sessions: 75875 | Val sessions: 16262

Running grid search over 486 combinations...

SLURM array task 205: 1 config -> ../Models/sasrec_grid_drrl_task205.csv
Trying: {'hidden_units': 128, 'dropout_rate': 0.1, 'num_blocks': 3, 'num_heads': 8, 'lr': 0.001, 'gamma': 3}
Epoch 1 | Loss: -0.1884 | Val NDCG: 0.7481 | smoothed: 0.7481
Epoch 2 | Loss: -0.2204 | Val NDCG: 0.7353 | smoothed: 0.7417
Epoch 3 | Loss: -0.2252 | Val NDCG: 0.7556 | smoothed: 0.7463
Epoch 4 | Loss: -0.2262 | Val NDCG: 0.7451 | smoothed: 0.7453
Epoch 5 | Loss: -0.2283 | Val NDCG: 0.7592 | smoothed: 0.7533
Epoch 6 | Loss: -0.2286 | Val NDCG: 0.7584 | smoothed: 0.7543
Epoch 7 | Loss: -0.2293 | Val NDCG: 0.7445 | smoothed: 0.7541
Epoch 8 | Loss: -0.2291 | Val NDCG: 0.7500 | smoothed: 0.7510
Epoch 9 | Loss: -0.2297 | Val NDCG: 0.7379 | smoothed: 0.7441
Epoch 10 | Loss: -0.2297 | Val NDCG: 0.7645 | smoothed: 0.7508
Epoch 11 | Loss: -0.2297 | Val NDCG: 0.7681 | smoothed: 0.7568
Epoch 12 | Loss: -0.2299 | Val NDCG: 0.7760 | smoothed: 0.7695
Epoch 13 | Loss: -0.2299 | Val NDCG: 0.7757 | smoothed: 0.7733
Epoch 14 | Loss: -0.2298 | Val NDCG: 0.7671 | smoothed: 0.7729
Epoch 15 | Loss: -0.2301 | Val NDCG: 0.7487 | smoothed: 0.7638
Epoch 16 | Loss: -0.2300 | Val NDCG: 0.7714 | smoothed: 0.7624
Epoch 17 | Loss: -0.2301 | Val NDCG: 0.7657 | smoothed: 0.7620
Epoch 18 | Loss: -0.2302 | Val NDCG: 0.7725 | smoothed: 0.7699

Best smoothed NDCG: 0.7733 at epoch 13 of 18 run

1 combinations completed out of 1


--- Grid Search Results ---
 hidden_units  dropout_rate  num_blocks  num_heads    lr  gamma  val_ndcg  val_ndcg_raw  best_epoch  epochs_run  max_epochs
          128           0.1           3          8 0.001      3  0.773272      0.775659          13          18          20

Best config: {'hidden_units': 128.0, 'dropout_rate': 0.1, 'num_blocks': 3.0, 'num_heads': 8.0, 'lr': 0.001, 'gamma': 3.0, 'val_ndcg': 0.7732720985266944, 'val_ndcg_raw': 0.7756591545302428, 'best_epoch': 13.0, 'epochs_run': 18.0, 'max_epochs': 20.0}
0 of 1 configs reached max_epochs
0 of 1 were still improving when stopped
Best params saved to ../Models/sasrec_drrl_best_params.json
