task 19 | loss pwts | node slurmnode-gpu02
NVIDIA GeForce GTX 1080 Ti, 11264 MiB
NVIDIA GeForce GTX 1080 Ti, 11264 MiB
NVIDIA GeForce GTX 1080 Ti, 11264 MiB
NVIDIA GeForce GTX 1080 Ti, 11264 MiB
NVIDIA GeForce GTX 1080 Ti, 11264 MiB
NVIDIA GeForce GTX 1080 Ti, 11264 MiB
NVIDIA GeForce GTX 1080 Ti, 11264 MiB
NVIDIA GeForce GTX 1080 Ti, 11264 MiB
Using device: cuda
Loading datasets...
Train sessions: 75875 | Val sessions: 16262

Running grid search over 162 combinations...

SLURM array task 19: 1 config -> ../Models/sasrec_grid_pwts_task19.csv
Trying: {'hidden_units': 64, 'dropout_rate': 0.3, 'num_blocks': 1, 'num_heads': 4, 'lr': 0.0001}
Epoch 1 | Loss: 0.6592 | Val NDCG: 0.7390 | smoothed: 0.7390
Epoch 2 | Loss: 0.6385 | Val NDCG: 0.7486 | smoothed: 0.7438
Epoch 3 | Loss: 0.6296 | Val NDCG: 0.7521 | smoothed: 0.7465
Epoch 4 | Loss: 0.6250 | Val NDCG: 0.7527 | smoothed: 0.7511
Epoch 5 | Loss: 0.6213 | Val NDCG: 0.7541 | smoothed: 0.7529
Epoch 6 | Loss: 0.6196 | Val NDCG: 0.7564 | smoothed: 0.7544
Epoch 7 | Loss: 0.6179 | Val NDCG: 0.7568 | smoothed: 0.7558
Epoch 8 | Loss: 0.6163 | Val NDCG: 0.7597 | smoothed: 0.7576
Epoch 9 | Loss: 0.6141 | Val NDCG: 0.7604 | smoothed: 0.7589
Epoch 10 | Loss: 0.6141 | Val NDCG: 0.7614 | smoothed: 0.7605
Epoch 11 | Loss: 0.6132 | Val NDCG: 0.7632 | smoothed: 0.7616
Epoch 12 | Loss: 0.6131 | Val NDCG: 0.7631 | smoothed: 0.7626
Epoch 13 | Loss: 0.6114 | Val NDCG: 0.7650 | smoothed: 0.7638
Epoch 14 | Loss: 0.6109 | Val NDCG: 0.7660 | smoothed: 0.7647
Epoch 15 | Loss: 0.6120 | Val NDCG: 0.7644 | smoothed: 0.7652
Epoch 16 | Loss: 0.6109 | Val NDCG: 0.7654 | smoothed: 0.7653
Epoch 17 | Loss: 0.6106 | Val NDCG: 0.7664 | smoothed: 0.7654
Epoch 18 | Loss: 0.6098 | Val NDCG: 0.7669 | smoothed: 0.7662
Epoch 19 | Loss: 0.6095 | Val NDCG: 0.7674 | smoothed: 0.7669
Epoch 20 | Loss: 0.6086 | Val NDCG: 0.7679 | smoothed: 0.7674
Epoch 21 | Loss: 0.6080 | Val NDCG: 0.7685 | smoothed: 0.7679
Epoch 22 | Loss: 0.6074 | Val NDCG: 0.7695 | smoothed: 0.7686
Epoch 23 | Loss: 0.6082 | Val NDCG: 0.7692 | smoothed: 0.7691
Epoch 24 | Loss: 0.6067 | Val NDCG: 0.7695 | smoothed: 0.7694
Epoch 25 | Loss: 0.6076 | Val NDCG: 0.7683 | smoothed: 0.7690
Epoch 26 | Loss: 0.6071 | Val NDCG: 0.7686 | smoothed: 0.7688
Epoch 27 | Loss: 0.6067 | Val NDCG: 0.7702 | smoothed: 0.7690
Epoch 28 | Loss: 0.6054 | Val NDCG: 0.7698 | smoothed: 0.7695
Epoch 29 | Loss: 0.6069 | Val NDCG: 0.7696 | smoothed: 0.7699
Epoch 30 | Loss: 0.6062 | Val NDCG: 0.7718 | smoothed: 0.7704
Epoch 31 | Loss: 0.6060 | Val NDCG: 0.7712 | smoothed: 0.7709
Epoch 32 | Loss: 0.6059 | Val NDCG: 0.7709 | smoothed: 0.7713
Epoch 33 | Loss: 0.6061 | Val NDCG: 0.7709 | smoothed: 0.7710
Epoch 34 | Loss: 0.6054 | Val NDCG: 0.7702 | smoothed: 0.7707
Epoch 35 | Loss: 0.6057 | Val NDCG: 0.7718 | smoothed: 0.7710
Epoch 36 | Loss: 0.6050 | Val NDCG: 0.7717 | smoothed: 0.7712
Epoch 37 | Loss: 0.6052 | Val NDCG: 0.7714 | smoothed: 0.7716
Epoch 38 | Loss: 0.6050 | Val NDCG: 0.7722 | smoothed: 0.7718
Epoch 39 | Loss: 0.6051 | Val NDCG: 0.7713 | smoothed: 0.7717
Epoch 40 | Loss: 0.6047 | Val NDCG: 0.7727 | smoothed: 0.7721

Best smoothed NDCG: 0.7721 at epoch 40 of 40 run

1 combinations completed out of 1


--- Grid Search Results ---
 hidden_units  dropout_rate  num_blocks  num_heads     lr  val_ndcg  val_ndcg_raw  best_epoch  epochs_run  max_epochs
           64           0.3           1          4 0.0001  0.772073      0.772686          40          40          40

Best config: {'hidden_units': 64.0, 'dropout_rate': 0.3, 'num_blocks': 1.0, 'num_heads': 4.0, 'lr': 0.0001, 'val_ndcg': 0.7720726545460828, 'val_ndcg_raw': 0.7726859019478007, 'best_epoch': 40.0, 'epochs_run': 40.0, 'max_epochs': 40.0}
1 of 1 configs reached max_epochs
1 of 1 were still improving when stopped
Best params saved to ../Models/sasrec_pwts_best_params.json
