task 81 | loss bce | node slurmnode-gpu05
Tesla P100-PCIE-16GB, 16384 MiB
Tesla P100-PCIE-16GB, 16384 MiB
Tesla P100-PCIE-16GB, 16384 MiB
Tesla P100-PCIE-16GB, 16384 MiB
Using device: cuda
Loading datasets...
Train sessions: 75875 | Val sessions: 16262

Running grid search over 162 combinations...

SLURM array task 81: 1 config -> ../Models/sasrec_grid_bce_task81.csv
Trying: {'hidden_units': 128, 'dropout_rate': 0.3, 'num_blocks': 2, 'num_heads': 8, 'lr': 0.0001}
Epoch 1 | Loss: 0.6031 | Val NDCG: 0.7507 | smoothed: 0.7507
Epoch 2 | Loss: 0.5870 | Val NDCG: 0.7570 | smoothed: 0.7538
Epoch 3 | Loss: 0.5827 | Val NDCG: 0.7577 | smoothed: 0.7551
Epoch 4 | Loss: 0.5809 | Val NDCG: 0.7624 | smoothed: 0.7590
Epoch 5 | Loss: 0.5777 | Val NDCG: 0.7604 | smoothed: 0.7602
Epoch 6 | Loss: 0.5775 | Val NDCG: 0.7614 | smoothed: 0.7614
Epoch 7 | Loss: 0.5764 | Val NDCG: 0.7665 | smoothed: 0.7628
Epoch 8 | Loss: 0.5748 | Val NDCG: 0.7632 | smoothed: 0.7637
Epoch 9 | Loss: 0.5747 | Val NDCG: 0.7628 | smoothed: 0.7642
Epoch 10 | Loss: 0.5731 | Val NDCG: 0.7688 | smoothed: 0.7649
Epoch 11 | Loss: 0.5730 | Val NDCG: 0.7649 | smoothed: 0.7655
Epoch 12 | Loss: 0.5730 | Val NDCG: 0.7685 | smoothed: 0.7674
Epoch 13 | Loss: 0.5717 | Val NDCG: 0.7686 | smoothed: 0.7673
Epoch 14 | Loss: 0.5719 | Val NDCG: 0.7676 | smoothed: 0.7682
Epoch 15 | Loss: 0.5708 | Val NDCG: 0.7703 | smoothed: 0.7688
Epoch 16 | Loss: 0.5710 | Val NDCG: 0.7713 | smoothed: 0.7697
Epoch 17 | Loss: 0.5697 | Val NDCG: 0.7716 | smoothed: 0.7711
Epoch 18 | Loss: 0.5713 | Val NDCG: 0.7706 | smoothed: 0.7712
Epoch 19 | Loss: 0.5701 | Val NDCG: 0.7714 | smoothed: 0.7712
Epoch 20 | Loss: 0.5708 | Val NDCG: 0.7699 | smoothed: 0.7706
Epoch 21 | Loss: 0.5715 | Val NDCG: 0.7694 | smoothed: 0.7702
Epoch 22 | Loss: 0.5684 | Val NDCG: 0.7723 | smoothed: 0.7705
Epoch 23 | Loss: 0.5689 | Val NDCG: 0.7715 | smoothed: 0.7711
Epoch 24 | Loss: 0.5702 | Val NDCG: 0.7714 | smoothed: 0.7718
Epoch 25 | Loss: 0.5694 | Val NDCG: 0.7725 | smoothed: 0.7718
Epoch 26 | Loss: 0.5684 | Val NDCG: 0.7736 | smoothed: 0.7725
Epoch 27 | Loss: 0.5679 | Val NDCG: 0.7730 | smoothed: 0.7731
Epoch 28 | Loss: 0.5682 | Val NDCG: 0.7738 | smoothed: 0.7735
Epoch 29 | Loss: 0.5682 | Val NDCG: 0.7718 | smoothed: 0.7729
Epoch 30 | Loss: 0.5685 | Val NDCG: 0.7744 | smoothed: 0.7733
Epoch 31 | Loss: 0.5687 | Val NDCG: 0.7750 | smoothed: 0.7737
Epoch 32 | Loss: 0.5674 | Val NDCG: 0.7741 | smoothed: 0.7745
Epoch 33 | Loss: 0.5673 | Val NDCG: 0.7731 | smoothed: 0.7740
Epoch 34 | Loss: 0.5669 | Val NDCG: 0.7748 | smoothed: 0.7740
Epoch 35 | Loss: 0.5665 | Val NDCG: 0.7739 | smoothed: 0.7739
Epoch 36 | Loss: 0.5676 | Val NDCG: 0.7750 | smoothed: 0.7746
Epoch 37 | Loss: 0.5669 | Val NDCG: 0.7737 | smoothed: 0.7742
Epoch 38 | Loss: 0.5667 | Val NDCG: 0.7733 | smoothed: 0.7740
Epoch 39 | Loss: 0.5666 | Val NDCG: 0.7751 | smoothed: 0.7740
Epoch 40 | Loss: 0.5670 | Val NDCG: 0.7744 | smoothed: 0.7743

Best smoothed NDCG: 0.7746 at epoch 36 of 40 run

1 combinations completed out of 1


--- Grid Search Results ---
 hidden_units  dropout_rate  num_blocks  num_heads     lr  val_ndcg  val_ndcg_raw  best_epoch  epochs_run  max_epochs
          128           0.3           2          8 0.0001  0.774572      0.775048          36          40          40

Best config: {'hidden_units': 128.0, 'dropout_rate': 0.3, 'num_blocks': 2.0, 'num_heads': 8.0, 'lr': 0.0001, 'val_ndcg': 0.7745718978450711, 'val_ndcg_raw': 0.7750477415267389, 'best_epoch': 36.0, 'epochs_run': 40.0, 'max_epochs': 40.0}
1 of 1 configs reached max_epochs
0 of 1 were still improving when stopped
Best params saved to ../Models/sasrec_bce_best_params.json
