task 407 | loss drrl | node slurmnode-gpu03
Tesla P100-PCIE-16GB, 16384 MiB
Tesla P100-PCIE-16GB, 16384 MiB
Tesla P100-PCIE-16GB, 16384 MiB
Tesla P100-PCIE-16GB, 16384 MiB
Using device: cuda
Loading datasets...
Train sessions: 75875 | Val sessions: 16262

Running grid search over 486 combinations...

SLURM array task 407: 1 config -> ../Models/sasrec_grid_drrl_task407.csv
Trying: {'hidden_units': 256, 'dropout_rate': 0.3, 'num_blocks': 2, 'num_heads': 8, 'lr': 0.0001, 'gamma': 4}
Epoch 1 | Loss: -0.1005 | Val NDCG: 0.7276 | smoothed: 0.7276
Epoch 2 | Loss: -0.2152 | Val NDCG: 0.7091 | smoothed: 0.7183
Epoch 3 | Loss: -0.2227 | Val NDCG: 0.7228 | smoothed: 0.7198
Epoch 4 | Loss: -0.2248 | Val NDCG: 0.7147 | smoothed: 0.7155
Epoch 5 | Loss: -0.2268 | Val NDCG: 0.7315 | smoothed: 0.7230
Epoch 6 | Loss: -0.2266 | Val NDCG: 0.7325 | smoothed: 0.7262

Best smoothed NDCG: 0.7276 at epoch 1 of 6 run

1 combinations completed out of 1


--- Grid Search Results ---
 hidden_units  dropout_rate  num_blocks  num_heads     lr  gamma  val_ndcg  val_ndcg_raw  best_epoch  epochs_run  max_epochs
          256           0.3           2          8 0.0001      4  0.727584      0.727584           1           6          40

Best config: {'hidden_units': 256.0, 'dropout_rate': 0.3, 'num_blocks': 2.0, 'num_heads': 8.0, 'lr': 0.0001, 'gamma': 4.0, 'val_ndcg': 0.7275835388802324, 'val_ndcg_raw': 0.7275835388802324, 'best_epoch': 1.0, 'epochs_run': 6.0, 'max_epochs': 40.0}
0 of 1 configs reached max_epochs
0 of 1 were still improving when stopped
Best params saved to ../Models/sasrec_drrl_best_params.json
