task 454 | loss drrl | node slurmnode-gpu03
Tesla P100-PCIE-16GB, 16384 MiB
Tesla P100-PCIE-16GB, 16384 MiB
Tesla P100-PCIE-16GB, 16384 MiB
Tesla P100-PCIE-16GB, 16384 MiB
Using device: cuda
Loading datasets...
Train sessions: 75875 | Val sessions: 16262

Running grid search over 486 combinations...

SLURM array task 454: 1 config -> ../Models/sasrec_grid_drrl_task454.csv
Trying: {'hidden_units': 256, 'dropout_rate': 0.5, 'num_blocks': 2, 'num_heads': 4, 'lr': 0.0001, 'gamma': 3}
Epoch 1 | Loss: -0.0507 | Val NDCG: 0.7215 | smoothed: 0.7215
Epoch 2 | Loss: -0.2152 | Val NDCG: 0.7083 | smoothed: 0.7149
Epoch 3 | Loss: -0.2243 | Val NDCG: 0.6986 | smoothed: 0.7094
Epoch 4 | Loss: -0.2269 | Val NDCG: 0.7041 | smoothed: 0.7036
Epoch 5 | Loss: -0.2281 | Val NDCG: 0.7004 | smoothed: 0.7010
Epoch 6 | Loss: -0.2287 | Val NDCG: 0.7097 | smoothed: 0.7047

Best smoothed NDCG: 0.7215 at epoch 1 of 6 run

1 combinations completed out of 1


--- Grid Search Results ---
 hidden_units  dropout_rate  num_blocks  num_heads     lr  gamma  val_ndcg  val_ndcg_raw  best_epoch  epochs_run  max_epochs
          256           0.5           2          4 0.0001      3  0.721458      0.721458           1           6          40

Best config: {'hidden_units': 256.0, 'dropout_rate': 0.5, 'num_blocks': 2.0, 'num_heads': 4.0, 'lr': 0.0001, 'gamma': 3.0, 'val_ndcg': 0.7214578579782338, 'val_ndcg_raw': 0.7214578579782338, 'best_epoch': 1.0, 'epochs_run': 6.0, 'max_epochs': 40.0}
0 of 1 configs reached max_epochs
0 of 1 were still improving when stopped
Best params saved to ../Models/sasrec_drrl_best_params.json
