task 31 | loss pwts | node slurmnode-gpu02
NVIDIA GeForce GTX 1080 Ti, 11264 MiB
NVIDIA GeForce GTX 1080 Ti, 11264 MiB
NVIDIA GeForce GTX 1080 Ti, 11264 MiB
NVIDIA GeForce GTX 1080 Ti, 11264 MiB
NVIDIA GeForce GTX 1080 Ti, 11264 MiB
NVIDIA GeForce GTX 1080 Ti, 11264 MiB
NVIDIA GeForce GTX 1080 Ti, 11264 MiB
NVIDIA GeForce GTX 1080 Ti, 11264 MiB
Using device: cuda
Loading datasets...
Train sessions: 75875 | Val sessions: 16262

Running grid search over 162 combinations...

SLURM array task 31: 1 config -> ../Models/sasrec_grid_pwts_task31.csv
Trying: {'hidden_units': 64, 'dropout_rate': 0.3, 'num_blocks': 3, 'num_heads': 4, 'lr': 0.0001}
Epoch 1 | Loss: 0.6474 | Val NDCG: 0.7289 | smoothed: 0.7289
Epoch 2 | Loss: 0.6276 | Val NDCG: 0.7406 | smoothed: 0.7348
Epoch 3 | Loss: 0.6216 | Val NDCG: 0.7481 | smoothed: 0.7392
Epoch 4 | Loss: 0.6169 | Val NDCG: 0.7527 | smoothed: 0.7471
Epoch 5 | Loss: 0.6136 | Val NDCG: 0.7568 | smoothed: 0.7526
Epoch 6 | Loss: 0.6120 | Val NDCG: 0.7583 | smoothed: 0.7560
Epoch 7 | Loss: 0.6099 | Val NDCG: 0.7573 | smoothed: 0.7575
Epoch 8 | Loss: 0.6077 | Val NDCG: 0.7611 | smoothed: 0.7589
Epoch 9 | Loss: 0.6072 | Val NDCG: 0.7624 | smoothed: 0.7603
Epoch 10 | Loss: 0.6066 | Val NDCG: 0.7651 | smoothed: 0.7629
Epoch 11 | Loss: 0.6049 | Val NDCG: 0.7622 | smoothed: 0.7632
Epoch 12 | Loss: 0.6059 | Val NDCG: 0.7644 | smoothed: 0.7639
Epoch 13 | Loss: 0.6048 | Val NDCG: 0.7638 | smoothed: 0.7635
Epoch 14 | Loss: 0.6042 | Val NDCG: 0.7643 | smoothed: 0.7642
Epoch 15 | Loss: 0.6031 | Val NDCG: 0.7651 | smoothed: 0.7644
Epoch 16 | Loss: 0.6033 | Val NDCG: 0.7654 | smoothed: 0.7649
Epoch 17 | Loss: 0.6040 | Val NDCG: 0.7668 | smoothed: 0.7657
Epoch 18 | Loss: 0.6018 | Val NDCG: 0.7674 | smoothed: 0.7665
Epoch 19 | Loss: 0.6020 | Val NDCG: 0.7684 | smoothed: 0.7675
Epoch 20 | Loss: 0.6019 | Val NDCG: 0.7658 | smoothed: 0.7672
Epoch 21 | Loss: 0.6020 | Val NDCG: 0.7681 | smoothed: 0.7674
Epoch 22 | Loss: 0.6006 | Val NDCG: 0.7680 | smoothed: 0.7673
Epoch 23 | Loss: 0.6013 | Val NDCG: 0.7697 | smoothed: 0.7686
Epoch 24 | Loss: 0.6008 | Val NDCG: 0.7690 | smoothed: 0.7689
Epoch 25 | Loss: 0.6001 | Val NDCG: 0.7698 | smoothed: 0.7695
Epoch 26 | Loss: 0.5996 | Val NDCG: 0.7696 | smoothed: 0.7695
Epoch 27 | Loss: 0.5996 | Val NDCG: 0.7698 | smoothed: 0.7698
Epoch 28 | Loss: 0.5997 | Val NDCG: 0.7705 | smoothed: 0.7700
Epoch 29 | Loss: 0.5994 | Val NDCG: 0.7704 | smoothed: 0.7702
Epoch 30 | Loss: 0.5994 | Val NDCG: 0.7694 | smoothed: 0.7701
Epoch 31 | Loss: 0.6000 | Val NDCG: 0.7705 | smoothed: 0.7701
Epoch 32 | Loss: 0.5997 | Val NDCG: 0.7728 | smoothed: 0.7709
Epoch 33 | Loss: 0.6000 | Val NDCG: 0.7721 | smoothed: 0.7718
Epoch 34 | Loss: 0.5982 | Val NDCG: 0.7711 | smoothed: 0.7720
Epoch 35 | Loss: 0.5983 | Val NDCG: 0.7731 | smoothed: 0.7721
Epoch 36 | Loss: 0.5994 | Val NDCG: 0.7717 | smoothed: 0.7720
Epoch 37 | Loss: 0.5981 | Val NDCG: 0.7713 | smoothed: 0.7720
Epoch 38 | Loss: 0.5973 | Val NDCG: 0.7747 | smoothed: 0.7726
Epoch 39 | Loss: 0.5990 | Val NDCG: 0.7722 | smoothed: 0.7727
Epoch 40 | Loss: 0.5975 | Val NDCG: 0.7725 | smoothed: 0.7732

Best smoothed NDCG: 0.7732 at epoch 40 of 40 run

1 combinations completed out of 1


--- Grid Search Results ---
 hidden_units  dropout_rate  num_blocks  num_heads     lr  val_ndcg  val_ndcg_raw  best_epoch  epochs_run  max_epochs
           64           0.3           3          4 0.0001  0.773157      0.772544          40          40          40

Best config: {'hidden_units': 64.0, 'dropout_rate': 0.3, 'num_blocks': 3.0, 'num_heads': 4.0, 'lr': 0.0001, 'val_ndcg': 0.7731569910828059, 'val_ndcg_raw': 0.7725441439020976, 'best_epoch': 40.0, 'epochs_run': 40.0, 'max_epochs': 40.0}
1 of 1 configs reached max_epochs
1 of 1 were still improving when stopped
Best params saved to ../Models/sasrec_pwts_best_params.json
