task 39 | loss pwts | node slurmnode-gpu02
NVIDIA GeForce GTX 1080 Ti, 11264 MiB
NVIDIA GeForce GTX 1080 Ti, 11264 MiB
NVIDIA GeForce GTX 1080 Ti, 11264 MiB
NVIDIA GeForce GTX 1080 Ti, 11264 MiB
NVIDIA GeForce GTX 1080 Ti, 11264 MiB
NVIDIA GeForce GTX 1080 Ti, 11264 MiB
NVIDIA GeForce GTX 1080 Ti, 11264 MiB
NVIDIA GeForce GTX 1080 Ti, 11264 MiB
Using device: cuda
Loading datasets...
Train sessions: 75875 | Val sessions: 16262

Running grid search over 162 combinations...

SLURM array task 39: 1 config -> ../Models/sasrec_grid_pwts_task39.csv
Trying: {'hidden_units': 64, 'dropout_rate': 0.5, 'num_blocks': 1, 'num_heads': 8, 'lr': 0.0001}
Epoch 1 | Loss: 0.6620 | Val NDCG: 0.7134 | smoothed: 0.7134
Epoch 2 | Loss: 0.6432 | Val NDCG: 0.7273 | smoothed: 0.7204
Epoch 3 | Loss: 0.6375 | Val NDCG: 0.7343 | smoothed: 0.7250
Epoch 4 | Loss: 0.6332 | Val NDCG: 0.7395 | smoothed: 0.7337
Epoch 5 | Loss: 0.6294 | Val NDCG: 0.7452 | smoothed: 0.7397
Epoch 6 | Loss: 0.6249 | Val NDCG: 0.7488 | smoothed: 0.7445
Epoch 7 | Loss: 0.6242 | Val NDCG: 0.7498 | smoothed: 0.7479
Epoch 8 | Loss: 0.6230 | Val NDCG: 0.7528 | smoothed: 0.7505
Epoch 9 | Loss: 0.6201 | Val NDCG: 0.7531 | smoothed: 0.7519
Epoch 10 | Loss: 0.6198 | Val NDCG: 0.7560 | smoothed: 0.7540
Epoch 11 | Loss: 0.6189 | Val NDCG: 0.7580 | smoothed: 0.7557
Epoch 12 | Loss: 0.6174 | Val NDCG: 0.7583 | smoothed: 0.7574
Epoch 13 | Loss: 0.6166 | Val NDCG: 0.7596 | smoothed: 0.7586
Epoch 14 | Loss: 0.6158 | Val NDCG: 0.7600 | smoothed: 0.7593
Epoch 15 | Loss: 0.6167 | Val NDCG: 0.7608 | smoothed: 0.7601
Epoch 16 | Loss: 0.6147 | Val NDCG: 0.7620 | smoothed: 0.7609
Epoch 17 | Loss: 0.6147 | Val NDCG: 0.7618 | smoothed: 0.7615
Epoch 18 | Loss: 0.6142 | Val NDCG: 0.7626 | smoothed: 0.7621
Epoch 19 | Loss: 0.6140 | Val NDCG: 0.7631 | smoothed: 0.7625
Epoch 20 | Loss: 0.6131 | Val NDCG: 0.7639 | smoothed: 0.7632
Epoch 21 | Loss: 0.6130 | Val NDCG: 0.7634 | smoothed: 0.7635
Epoch 22 | Loss: 0.6130 | Val NDCG: 0.7639 | smoothed: 0.7637
Epoch 23 | Loss: 0.6115 | Val NDCG: 0.7647 | smoothed: 0.7640
Epoch 24 | Loss: 0.6121 | Val NDCG: 0.7661 | smoothed: 0.7649
Epoch 25 | Loss: 0.6115 | Val NDCG: 0.7654 | smoothed: 0.7654
Epoch 26 | Loss: 0.6107 | Val NDCG: 0.7660 | smoothed: 0.7658
Epoch 27 | Loss: 0.6118 | Val NDCG: 0.7666 | smoothed: 0.7660
Epoch 28 | Loss: 0.6104 | Val NDCG: 0.7679 | smoothed: 0.7668
Epoch 29 | Loss: 0.6099 | Val NDCG: 0.7674 | smoothed: 0.7673
Epoch 30 | Loss: 0.6111 | Val NDCG: 0.7677 | smoothed: 0.7677
Epoch 31 | Loss: 0.6103 | Val NDCG: 0.7682 | smoothed: 0.7678
Epoch 32 | Loss: 0.6095 | Val NDCG: 0.7683 | smoothed: 0.7681
Epoch 33 | Loss: 0.6096 | Val NDCG: 0.7672 | smoothed: 0.7679
Epoch 34 | Loss: 0.6097 | Val NDCG: 0.7674 | smoothed: 0.7676
Epoch 35 | Loss: 0.6098 | Val NDCG: 0.7691 | smoothed: 0.7679
Epoch 36 | Loss: 0.6093 | Val NDCG: 0.7687 | smoothed: 0.7684
Epoch 37 | Loss: 0.6088 | Val NDCG: 0.7685 | smoothed: 0.7688
Epoch 38 | Loss: 0.6088 | Val NDCG: 0.7692 | smoothed: 0.7688
Epoch 39 | Loss: 0.6094 | Val NDCG: 0.7691 | smoothed: 0.7689
Epoch 40 | Loss: 0.6099 | Val NDCG: 0.7688 | smoothed: 0.7690

Best smoothed NDCG: 0.7690 at epoch 40 of 40 run

1 combinations completed out of 1


--- Grid Search Results ---
 hidden_units  dropout_rate  num_blocks  num_heads     lr  val_ndcg  val_ndcg_raw  best_epoch  epochs_run  max_epochs
           64           0.5           1          8 0.0001  0.769039      0.768775          40          40          40

Best config: {'hidden_units': 64.0, 'dropout_rate': 0.5, 'num_blocks': 1.0, 'num_heads': 8.0, 'lr': 0.0001, 'val_ndcg': 0.7690390453670908, 'val_ndcg_raw': 0.7687754811456619, 'best_epoch': 40.0, 'epochs_run': 40.0, 'max_epochs': 40.0}
1 of 1 configs reached max_epochs
1 of 1 were still improving when stopped
Best params saved to ../Models/sasrec_pwts_best_params.json
