task 202 | loss drrl | node slurmnode-gpu07
NVIDIA A40, 46068 MiB
NVIDIA A40, 46068 MiB
NVIDIA A40, 46068 MiB
NVIDIA A40, 46068 MiB
Using device: cuda
Loading datasets...
Train sessions: 75875 | Val sessions: 16262

Running grid search over 486 combinations...

SLURM array task 202: 1 config -> ../Models/sasrec_grid_drrl_task202.csv
Trying: {'hidden_units': 128, 'dropout_rate': 0.1, 'num_blocks': 3, 'num_heads': 4, 'lr': 0.0001, 'gamma': 3}
Epoch 1 | Loss: -0.1152 | Val NDCG: 0.7321 | smoothed: 0.7321
Epoch 2 | Loss: -0.2124 | Val NDCG: 0.7356 | smoothed: 0.7338
Epoch 3 | Loss: -0.2215 | Val NDCG: 0.7338 | smoothed: 0.7338
Epoch 4 | Loss: -0.2246 | Val NDCG: 0.7385 | smoothed: 0.7360
Epoch 5 | Loss: -0.2265 | Val NDCG: 0.7436 | smoothed: 0.7387
Epoch 6 | Loss: -0.2270 | Val NDCG: 0.7533 | smoothed: 0.7451
Epoch 7 | Loss: -0.2278 | Val NDCG: 0.7449 | smoothed: 0.7473
Epoch 8 | Loss: -0.2283 | Val NDCG: 0.7525 | smoothed: 0.7502
Epoch 9 | Loss: -0.2282 | Val NDCG: 0.7488 | smoothed: 0.7487
Epoch 10 | Loss: -0.2288 | Val NDCG: 0.7628 | smoothed: 0.7547
Epoch 11 | Loss: -0.2285 | Val NDCG: 0.7717 | smoothed: 0.7611
Epoch 12 | Loss: -0.2286 | Val NDCG: 0.7690 | smoothed: 0.7679
Epoch 13 | Loss: -0.2294 | Val NDCG: 0.7635 | smoothed: 0.7681
Epoch 14 | Loss: -0.2293 | Val NDCG: 0.7626 | smoothed: 0.7650
Epoch 15 | Loss: -0.2294 | Val NDCG: 0.7714 | smoothed: 0.7658
Epoch 16 | Loss: -0.2288 | Val NDCG: 0.7596 | smoothed: 0.7645
Epoch 17 | Loss: -0.2297 | Val NDCG: 0.7674 | smoothed: 0.7661
Epoch 18 | Loss: -0.2297 | Val NDCG: 0.7748 | smoothed: 0.7673

Best smoothed NDCG: 0.7681 at epoch 13 of 18 run

1 combinations completed out of 1


--- Grid Search Results ---
 hidden_units  dropout_rate  num_blocks  num_heads     lr  gamma  val_ndcg  val_ndcg_raw  best_epoch  epochs_run  max_epochs
          128           0.1           3          4 0.0001      3  0.768095      0.763518          13          18          40

Best config: {'hidden_units': 128.0, 'dropout_rate': 0.1, 'num_blocks': 3.0, 'num_heads': 4.0, 'lr': 0.0001, 'gamma': 3.0, 'val_ndcg': 0.7680953830981387, 'val_ndcg_raw': 0.7635180573788263, 'best_epoch': 13.0, 'epochs_run': 18.0, 'max_epochs': 40.0}
0 of 1 configs reached max_epochs
0 of 1 were still improving when stopped
Best params saved to ../Models/sasrec_drrl_best_params.json
