task 133 | loss drrl | node slurmnode-gpu05
Tesla P100-PCIE-16GB, 16384 MiB
Tesla P100-PCIE-16GB, 16384 MiB
Tesla P100-PCIE-16GB, 16384 MiB
Tesla P100-PCIE-16GB, 16384 MiB
Using device: cuda
Loading datasets...
Train sessions: 75875 | Val sessions: 16262

Running grid search over 486 combinations...

SLURM array task 133: 1 config -> ../Models/sasrec_grid_drrl_task133.csv
Trying: {'hidden_units': 64, 'dropout_rate': 0.5, 'num_blocks': 2, 'num_heads': 8, 'lr': 0.001, 'gamma': 3}
Epoch 1 | Loss: -0.1813 | Val NDCG: 0.7149 | smoothed: 0.7149
Epoch 2 | Loss: -0.2274 | Val NDCG: 0.7078 | smoothed: 0.7113
Epoch 3 | Loss: -0.2288 | Val NDCG: 0.7026 | smoothed: 0.7084
Epoch 4 | Loss: -0.2292 | Val NDCG: 0.7119 | smoothed: 0.7074
Epoch 5 | Loss: -0.2295 | Val NDCG: 0.7397 | smoothed: 0.7181
Epoch 6 | Loss: -0.2296 | Val NDCG: 0.7276 | smoothed: 0.7264
Epoch 7 | Loss: -0.2293 | Val NDCG: 0.7502 | smoothed: 0.7392
Epoch 8 | Loss: -0.2298 | Val NDCG: 0.7425 | smoothed: 0.7401
Epoch 9 | Loss: -0.2300 | Val NDCG: 0.7582 | smoothed: 0.7503
Epoch 10 | Loss: -0.2302 | Val NDCG: 0.7552 | smoothed: 0.7520
Epoch 11 | Loss: -0.2304 | Val NDCG: 0.7540 | smoothed: 0.7558
Epoch 12 | Loss: -0.2302 | Val NDCG: 0.7536 | smoothed: 0.7543
Epoch 13 | Loss: -0.2303 | Val NDCG: 0.7595 | smoothed: 0.7557
Epoch 14 | Loss: -0.2302 | Val NDCG: 0.7672 | smoothed: 0.7601
Epoch 15 | Loss: -0.2303 | Val NDCG: 0.7616 | smoothed: 0.7628
Epoch 16 | Loss: -0.2304 | Val NDCG: 0.7644 | smoothed: 0.7644
Epoch 17 | Loss: -0.2305 | Val NDCG: 0.7565 | smoothed: 0.7608
Epoch 18 | Loss: -0.2304 | Val NDCG: 0.7611 | smoothed: 0.7607
Epoch 19 | Loss: -0.2305 | Val NDCG: 0.7666 | smoothed: 0.7614
Epoch 20 | Loss: -0.2304 | Val NDCG: 0.7695 | smoothed: 0.7657

Best smoothed NDCG: 0.7657 at epoch 20 of 20 run

1 combinations completed out of 1


--- Grid Search Results ---
 hidden_units  dropout_rate  num_blocks  num_heads    lr  gamma  val_ndcg  val_ndcg_raw  best_epoch  epochs_run  max_epochs
           64           0.5           2          8 0.001      3  0.765721       0.76946          20          20          20

Best config: {'hidden_units': 64.0, 'dropout_rate': 0.5, 'num_blocks': 2.0, 'num_heads': 8.0, 'lr': 0.001, 'gamma': 3.0, 'val_ndcg': 0.7657210095868697, 'val_ndcg_raw': 0.7694598662544313, 'best_epoch': 20.0, 'epochs_run': 20.0, 'max_epochs': 20.0}
1 of 1 configs reached max_epochs
1 of 1 were still improving when stopped
Best params saved to ../Models/sasrec_drrl_best_params.json
