task 264 | loss drrl | node slurmnode-gpu03
Tesla P100-PCIE-16GB, 16384 MiB
Tesla P100-PCIE-16GB, 16384 MiB
Tesla P100-PCIE-16GB, 16384 MiB
Tesla P100-PCIE-16GB, 16384 MiB
Using device: cuda
Loading datasets...
Train sessions: 75875 | Val sessions: 16262

Running grid search over 486 combinations...

SLURM array task 264: 1 config -> ../Models/sasrec_grid_drrl_task264.csv
Trying: {'hidden_units': 128, 'dropout_rate': 0.3, 'num_blocks': 3, 'num_heads': 16, 'lr': 0.001, 'gamma': 2}
Epoch 1 | Loss: -0.1549 | Val NDCG: 0.7097 | smoothed: 0.7097
Epoch 2 | Loss: -0.2149 | Val NDCG: 0.7018 | smoothed: 0.7057
Epoch 3 | Loss: -0.2207 | Val NDCG: 0.7151 | smoothed: 0.7089
Epoch 4 | Loss: -0.2235 | Val NDCG: 0.6916 | smoothed: 0.7028
Epoch 5 | Loss: -0.2246 | Val NDCG: 0.7255 | smoothed: 0.7107
Epoch 6 | Loss: -0.2255 | Val NDCG: 0.7433 | smoothed: 0.7201
Epoch 7 | Loss: -0.2261 | Val NDCG: 0.7317 | smoothed: 0.7335
Epoch 8 | Loss: -0.2261 | Val NDCG: 0.7282 | smoothed: 0.7344
Epoch 9 | Loss: -0.2264 | Val NDCG: 0.7564 | smoothed: 0.7388
Epoch 10 | Loss: -0.2270 | Val NDCG: 0.7438 | smoothed: 0.7428
Epoch 11 | Loss: -0.2272 | Val NDCG: 0.7619 | smoothed: 0.7540
Epoch 12 | Loss: -0.2276 | Val NDCG: 0.7628 | smoothed: 0.7562
Epoch 13 | Loss: -0.2278 | Val NDCG: 0.7652 | smoothed: 0.7633
Epoch 14 | Loss: -0.2281 | Val NDCG: 0.7653 | smoothed: 0.7644
Epoch 15 | Loss: -0.2284 | Val NDCG: 0.7609 | smoothed: 0.7638
Epoch 16 | Loss: -0.2282 | Val NDCG: 0.7702 | smoothed: 0.7655
Epoch 17 | Loss: -0.2281 | Val NDCG: 0.7639 | smoothed: 0.7650
Epoch 18 | Loss: -0.2282 | Val NDCG: 0.7653 | smoothed: 0.7665
Epoch 19 | Loss: -0.2285 | Val NDCG: 0.7693 | smoothed: 0.7662
Epoch 20 | Loss: -0.2282 | Val NDCG: 0.7655 | smoothed: 0.7667

Best smoothed NDCG: 0.7667 at epoch 20 of 20 run

1 combinations completed out of 1


--- Grid Search Results ---
 hidden_units  dropout_rate  num_blocks  num_heads    lr  gamma  val_ndcg  val_ndcg_raw  best_epoch  epochs_run  max_epochs
          128           0.3           3         16 0.001      2  0.766714      0.765527          20          20          20

Best config: {'hidden_units': 128.0, 'dropout_rate': 0.3, 'num_blocks': 3.0, 'num_heads': 16.0, 'lr': 0.001, 'gamma': 2.0, 'val_ndcg': 0.7667138731136771, 'val_ndcg_raw': 0.7655269848752565, 'best_epoch': 20.0, 'epochs_run': 20.0, 'max_epochs': 20.0}
1 of 1 configs reached max_epochs
1 of 1 were still improving when stopped
Best params saved to ../Models/sasrec_drrl_best_params.json
