task 1 | loss bce | node slurmnode-gpu07
NVIDIA A40, 46068 MiB
NVIDIA A40, 46068 MiB
NVIDIA A40, 46068 MiB
NVIDIA A40, 46068 MiB
Using device: cuda
Loading datasets...
Train sessions: 75875 | Val sessions: 16262

Running grid search over 162 combinations...

SLURM array task 1: 1 config -> ../Models/sasrec_grid_bce_task1.csv
Trying: {'hidden_units': 64, 'dropout_rate': 0.1, 'num_blocks': 1, 'num_heads': 4, 'lr': 0.0001}
Epoch 1 | Loss: 0.6124 | Val NDCG: 0.7349 | smoothed: 0.7349
Epoch 2 | Loss: 0.5929 | Val NDCG: 0.7509 | smoothed: 0.7429
Epoch 3 | Loss: 0.5870 | Val NDCG: 0.7555 | smoothed: 0.7471
Epoch 4 | Loss: 0.5837 | Val NDCG: 0.7616 | smoothed: 0.7560
Epoch 5 | Loss: 0.5819 | Val NDCG: 0.7627 | smoothed: 0.7600
Epoch 6 | Loss: 0.5800 | Val NDCG: 0.7640 | smoothed: 0.7628
Epoch 7 | Loss: 0.5801 | Val NDCG: 0.7649 | smoothed: 0.7639
Epoch 8 | Loss: 0.5788 | Val NDCG: 0.7675 | smoothed: 0.7655
Epoch 9 | Loss: 0.5776 | Val NDCG: 0.7686 | smoothed: 0.7670
Epoch 10 | Loss: 0.5776 | Val NDCG: 0.7682 | smoothed: 0.7681
Epoch 11 | Loss: 0.5779 | Val NDCG: 0.7693 | smoothed: 0.7687
Epoch 12 | Loss: 0.5763 | Val NDCG: 0.7692 | smoothed: 0.7689
Epoch 13 | Loss: 0.5763 | Val NDCG: 0.7723 | smoothed: 0.7703
Epoch 14 | Loss: 0.5754 | Val NDCG: 0.7685 | smoothed: 0.7700
Epoch 15 | Loss: 0.5748 | Val NDCG: 0.7720 | smoothed: 0.7709
Epoch 16 | Loss: 0.5750 | Val NDCG: 0.7726 | smoothed: 0.7711
Epoch 17 | Loss: 0.5742 | Val NDCG: 0.7700 | smoothed: 0.7715
Epoch 18 | Loss: 0.5738 | Val NDCG: 0.7713 | smoothed: 0.7713
Epoch 19 | Loss: 0.5733 | Val NDCG: 0.7723 | smoothed: 0.7712
Epoch 20 | Loss: 0.5715 | Val NDCG: 0.7711 | smoothed: 0.7716
Epoch 21 | Loss: 0.5729 | Val NDCG: 0.7710 | smoothed: 0.7715
Epoch 22 | Loss: 0.5718 | Val NDCG: 0.7714 | smoothed: 0.7712
Epoch 23 | Loss: 0.5703 | Val NDCG: 0.7725 | smoothed: 0.7716
Epoch 24 | Loss: 0.5713 | Val NDCG: 0.7722 | smoothed: 0.7721
Epoch 25 | Loss: 0.5720 | Val NDCG: 0.7715 | smoothed: 0.7721
Epoch 26 | Loss: 0.5701 | Val NDCG: 0.7721 | smoothed: 0.7720
Epoch 27 | Loss: 0.5695 | Val NDCG: 0.7721 | smoothed: 0.7719
Epoch 28 | Loss: 0.5700 | Val NDCG: 0.7720 | smoothed: 0.7721
Epoch 29 | Loss: 0.5704 | Val NDCG: 0.7730 | smoothed: 0.7724
Epoch 30 | Loss: 0.5693 | Val NDCG: 0.7727 | smoothed: 0.7726
Epoch 31 | Loss: 0.5710 | Val NDCG: 0.7728 | smoothed: 0.7729
Epoch 32 | Loss: 0.5699 | Val NDCG: 0.7730 | smoothed: 0.7729
Epoch 33 | Loss: 0.5701 | Val NDCG: 0.7746 | smoothed: 0.7735
Epoch 34 | Loss: 0.5699 | Val NDCG: 0.7745 | smoothed: 0.7740
Epoch 35 | Loss: 0.5704 | Val NDCG: 0.7739 | smoothed: 0.7743
Epoch 36 | Loss: 0.5696 | Val NDCG: 0.7747 | smoothed: 0.7744
Epoch 37 | Loss: 0.5697 | Val NDCG: 0.7731 | smoothed: 0.7739
Epoch 38 | Loss: 0.5684 | Val NDCG: 0.7734 | smoothed: 0.7738
Epoch 39 | Loss: 0.5685 | Val NDCG: 0.7747 | smoothed: 0.7738
Epoch 40 | Loss: 0.5686 | Val NDCG: 0.7738 | smoothed: 0.7740

Best smoothed NDCG: 0.7744 at epoch 36 of 40 run

1 combinations completed out of 1


--- Grid Search Results ---
 hidden_units  dropout_rate  num_blocks  num_heads     lr  val_ndcg  val_ndcg_raw  best_epoch  epochs_run  max_epochs
           64           0.1           1          4 0.0001  0.774359      0.774726          36          40          40

Best config: {'hidden_units': 64.0, 'dropout_rate': 0.1, 'num_blocks': 1.0, 'num_heads': 4.0, 'lr': 0.0001, 'val_ndcg': 0.7743591330919163, 'val_ndcg_raw': 0.774726338380296, 'best_epoch': 36.0, 'epochs_run': 40.0, 'max_epochs': 40.0}
1 of 1 configs reached max_epochs
0 of 1 were still improving when stopped
Best params saved to ../Models/sasrec_bce_best_params.json
