task 30 | loss pwts | node slurmnode-gpu02
NVIDIA GeForce GTX 1080 Ti, 11264 MiB
NVIDIA GeForce GTX 1080 Ti, 11264 MiB
NVIDIA GeForce GTX 1080 Ti, 11264 MiB
NVIDIA GeForce GTX 1080 Ti, 11264 MiB
NVIDIA GeForce GTX 1080 Ti, 11264 MiB
NVIDIA GeForce GTX 1080 Ti, 11264 MiB
NVIDIA GeForce GTX 1080 Ti, 11264 MiB
NVIDIA GeForce GTX 1080 Ti, 11264 MiB
Using device: cuda
Loading datasets...
Train sessions: 75875 | Val sessions: 16262

Running grid search over 162 combinations...

SLURM array task 30: 1 config -> ../Models/sasrec_grid_pwts_task30.csv
Trying: {'hidden_units': 64, 'dropout_rate': 0.3, 'num_blocks': 3, 'num_heads': 4, 'lr': 0.001}
Epoch 1 | Loss: 0.6206 | Val NDCG: 0.7480 | smoothed: 0.7480
Epoch 2 | Loss: 0.6069 | Val NDCG: 0.7628 | smoothed: 0.7554
Epoch 3 | Loss: 0.6055 | Val NDCG: 0.7658 | smoothed: 0.7589
Epoch 4 | Loss: 0.6034 | Val NDCG: 0.7651 | smoothed: 0.7646
Epoch 5 | Loss: 0.6016 | Val NDCG: 0.7694 | smoothed: 0.7668
Epoch 6 | Loss: 0.6017 | Val NDCG: 0.7707 | smoothed: 0.7684
Epoch 7 | Loss: 0.6011 | Val NDCG: 0.7661 | smoothed: 0.7687
Epoch 8 | Loss: 0.5999 | Val NDCG: 0.7684 | smoothed: 0.7684
Epoch 9 | Loss: 0.5989 | Val NDCG: 0.7694 | smoothed: 0.7679
Epoch 10 | Loss: 0.5983 | Val NDCG: 0.7680 | smoothed: 0.7686
Epoch 11 | Loss: 0.5981 | Val NDCG: 0.7733 | smoothed: 0.7702
Epoch 12 | Loss: 0.5977 | Val NDCG: 0.7716 | smoothed: 0.7710
Epoch 13 | Loss: 0.5964 | Val NDCG: 0.7734 | smoothed: 0.7728
Epoch 14 | Loss: 0.5964 | Val NDCG: 0.7744 | smoothed: 0.7731
Epoch 15 | Loss: 0.5955 | Val NDCG: 0.7725 | smoothed: 0.7734
Epoch 16 | Loss: 0.5969 | Val NDCG: 0.7763 | smoothed: 0.7744
Epoch 17 | Loss: 0.5960 | Val NDCG: 0.7764 | smoothed: 0.7751
Epoch 18 | Loss: 0.5956 | Val NDCG: 0.7736 | smoothed: 0.7754
Epoch 19 | Loss: 0.5954 | Val NDCG: 0.7788 | smoothed: 0.7763
Epoch 20 | Loss: 0.5943 | Val NDCG: 0.7736 | smoothed: 0.7753

Best smoothed NDCG: 0.7763 at epoch 19 of 20 run

1 combinations completed out of 1


--- Grid Search Results ---
 hidden_units  dropout_rate  num_blocks  num_heads    lr  val_ndcg  val_ndcg_raw  best_epoch  epochs_run  max_epochs
           64           0.3           3          4 0.001  0.776258      0.778778          19          20          20

Best config: {'hidden_units': 64.0, 'dropout_rate': 0.3, 'num_blocks': 3.0, 'num_heads': 4.0, 'lr': 0.001, 'val_ndcg': 0.7762582845246526, 'val_ndcg_raw': 0.7787775858773721, 'best_epoch': 19.0, 'epochs_run': 20.0, 'max_epochs': 20.0}
1 of 1 configs reached max_epochs
1 of 1 were still improving when stopped
Best params saved to ../Models/sasrec_pwts_best_params.json
