task 34 | loss pwts | node slurmnode-gpu05
Tesla P100-PCIE-16GB, 16384 MiB
Tesla P100-PCIE-16GB, 16384 MiB
Tesla P100-PCIE-16GB, 16384 MiB
Tesla P100-PCIE-16GB, 16384 MiB
Using device: cuda
Loading datasets...
Train sessions: 75875 | Val sessions: 16262

Running grid search over 162 combinations...

SLURM array task 34: 1 config -> ../Models/sasrec_grid_pwts_task34.csv
Trying: {'hidden_units': 64, 'dropout_rate': 0.3, 'num_blocks': 3, 'num_heads': 16, 'lr': 0.001}
Epoch 1 | Loss: 0.6201 | Val NDCG: 0.7581 | smoothed: 0.7581
Epoch 2 | Loss: 0.6072 | Val NDCG: 0.7619 | smoothed: 0.7600
Epoch 3 | Loss: 0.6034 | Val NDCG: 0.7652 | smoothed: 0.7617
Epoch 4 | Loss: 0.6025 | Val NDCG: 0.7641 | smoothed: 0.7637
Epoch 5 | Loss: 0.6008 | Val NDCG: 0.7688 | smoothed: 0.7661
Epoch 6 | Loss: 0.5994 | Val NDCG: 0.7651 | smoothed: 0.7660
Epoch 7 | Loss: 0.6001 | Val NDCG: 0.7683 | smoothed: 0.7674
Epoch 8 | Loss: 0.5990 | Val NDCG: 0.7667 | smoothed: 0.7667
Epoch 9 | Loss: 0.5982 | Val NDCG: 0.7690 | smoothed: 0.7680
Epoch 10 | Loss: 0.5974 | Val NDCG: 0.7701 | smoothed: 0.7686
Epoch 11 | Loss: 0.5976 | Val NDCG: 0.7694 | smoothed: 0.7695
Epoch 12 | Loss: 0.5959 | Val NDCG: 0.7752 | smoothed: 0.7716
Epoch 13 | Loss: 0.5955 | Val NDCG: 0.7717 | smoothed: 0.7721
Epoch 14 | Loss: 0.5959 | Val NDCG: 0.7748 | smoothed: 0.7739
Epoch 15 | Loss: 0.5960 | Val NDCG: 0.7699 | smoothed: 0.7722
Epoch 16 | Loss: 0.5952 | Val NDCG: 0.7722 | smoothed: 0.7723
Epoch 17 | Loss: 0.5936 | Val NDCG: 0.7738 | smoothed: 0.7720
Epoch 18 | Loss: 0.5933 | Val NDCG: 0.7728 | smoothed: 0.7729
Epoch 19 | Loss: 0.5941 | Val NDCG: 0.7715 | smoothed: 0.7727

Best smoothed NDCG: 0.7739 at epoch 14 of 19 run

1 combinations completed out of 1


--- Grid Search Results ---
 hidden_units  dropout_rate  num_blocks  num_heads    lr  val_ndcg  val_ndcg_raw  best_epoch  epochs_run  max_epochs
           64           0.3           3         16 0.001  0.773946      0.774842          14          19          20

Best config: {'hidden_units': 64.0, 'dropout_rate': 0.3, 'num_blocks': 3.0, 'num_heads': 16.0, 'lr': 0.001, 'val_ndcg': 0.7739455617756336, 'val_ndcg_raw': 0.7748416138612999, 'best_epoch': 14.0, 'epochs_run': 19.0, 'max_epochs': 20.0}
0 of 1 configs reached max_epochs
0 of 1 were still improving when stopped
Best params saved to ../Models/sasrec_pwts_best_params.json
