task 4 | loss pwts | node slurmnode-gpu02
NVIDIA GeForce GTX 1080 Ti, 11264 MiB
NVIDIA GeForce GTX 1080 Ti, 11264 MiB
NVIDIA GeForce GTX 1080 Ti, 11264 MiB
NVIDIA GeForce GTX 1080 Ti, 11264 MiB
NVIDIA GeForce GTX 1080 Ti, 11264 MiB
NVIDIA GeForce GTX 1080 Ti, 11264 MiB
NVIDIA GeForce GTX 1080 Ti, 11264 MiB
NVIDIA GeForce GTX 1080 Ti, 11264 MiB
Using device: cuda
Loading datasets...
Train sessions: 75875 | Val sessions: 16262

Running grid search over 162 combinations...

SLURM array task 4: 1 config -> ../Models/sasrec_grid_pwts_task4.csv
Trying: {'hidden_units': 64, 'dropout_rate': 0.1, 'num_blocks': 1, 'num_heads': 16, 'lr': 0.001}
Epoch 1 | Loss: 0.6207 | Val NDCG: 0.7663 | smoothed: 0.7663
Epoch 2 | Loss: 0.6058 | Val NDCG: 0.7658 | smoothed: 0.7660
Epoch 3 | Loss: 0.6036 | Val NDCG: 0.7645 | smoothed: 0.7655
Epoch 4 | Loss: 0.6009 | Val NDCG: 0.7719 | smoothed: 0.7674
Epoch 5 | Loss: 0.5994 | Val NDCG: 0.7718 | smoothed: 0.7694
Epoch 6 | Loss: 0.5990 | Val NDCG: 0.7703 | smoothed: 0.7713
Epoch 7 | Loss: 0.5975 | Val NDCG: 0.7745 | smoothed: 0.7722
Epoch 8 | Loss: 0.5970 | Val NDCG: 0.7699 | smoothed: 0.7716
Epoch 9 | Loss: 0.5966 | Val NDCG: 0.7763 | smoothed: 0.7736
Epoch 10 | Loss: 0.5961 | Val NDCG: 0.7697 | smoothed: 0.7720
Epoch 11 | Loss: 0.5953 | Val NDCG: 0.7747 | smoothed: 0.7736
Epoch 12 | Loss: 0.5950 | Val NDCG: 0.7740 | smoothed: 0.7728
Epoch 13 | Loss: 0.5944 | Val NDCG: 0.7747 | smoothed: 0.7745
Epoch 14 | Loss: 0.5943 | Val NDCG: 0.7715 | smoothed: 0.7734
Epoch 15 | Loss: 0.5934 | Val NDCG: 0.7762 | smoothed: 0.7741
Epoch 16 | Loss: 0.5933 | Val NDCG: 0.7796 | smoothed: 0.7758
Epoch 17 | Loss: 0.5919 | Val NDCG: 0.7742 | smoothed: 0.7767
Epoch 18 | Loss: 0.5923 | Val NDCG: 0.7747 | smoothed: 0.7762
Epoch 19 | Loss: 0.5918 | Val NDCG: 0.7748 | smoothed: 0.7746
Epoch 20 | Loss: 0.5915 | Val NDCG: 0.7748 | smoothed: 0.7748

Best smoothed NDCG: 0.7767 at epoch 17 of 20 run

1 combinations completed out of 1


--- Grid Search Results ---
 hidden_units  dropout_rate  num_blocks  num_heads    lr  val_ndcg  val_ndcg_raw  best_epoch  epochs_run  max_epochs
           64           0.1           1         16 0.001  0.776671      0.774239          17          20          20

Best config: {'hidden_units': 64.0, 'dropout_rate': 0.1, 'num_blocks': 1.0, 'num_heads': 16.0, 'lr': 0.001, 'val_ndcg': 0.7766710513555655, 'val_ndcg_raw': 0.7742392455950113, 'best_epoch': 17.0, 'epochs_run': 20.0, 'max_epochs': 20.0}
1 of 1 configs reached max_epochs
0 of 1 were still improving when stopped
Best params saved to ../Models/sasrec_pwts_best_params.json
