task 380 | loss drrl | node slurmnode-gpu03
Tesla P100-PCIE-16GB, 16384 MiB
Tesla P100-PCIE-16GB, 16384 MiB
Tesla P100-PCIE-16GB, 16384 MiB
Tesla P100-PCIE-16GB, 16384 MiB
Using device: cuda
Loading datasets...
Train sessions: 75875 | Val sessions: 16262

Running grid search over 486 combinations...

SLURM array task 380: 1 config -> ../Models/sasrec_grid_drrl_task380.csv
Trying: {'hidden_units': 256, 'dropout_rate': 0.3, 'num_blocks': 1, 'num_heads': 4, 'lr': 0.001, 'gamma': 4}
Epoch 1 | Loss: -0.1737 | Val NDCG: 0.7034 | smoothed: 0.7034
Epoch 2 | Loss: -0.2197 | Val NDCG: 0.6992 | smoothed: 0.7013
Epoch 3 | Loss: -0.2224 | Val NDCG: 0.7137 | smoothed: 0.7054
Epoch 4 | Loss: -0.2262 | Val NDCG: 0.7179 | smoothed: 0.7102
Epoch 5 | Loss: -0.2264 | Val NDCG: 0.7307 | smoothed: 0.7207
Epoch 6 | Loss: -0.2270 | Val NDCG: 0.7423 | smoothed: 0.7303
Epoch 7 | Loss: -0.2274 | Val NDCG: 0.7374 | smoothed: 0.7368
Epoch 8 | Loss: -0.2280 | Val NDCG: 0.7510 | smoothed: 0.7436
Epoch 9 | Loss: -0.2284 | Val NDCG: 0.7568 | smoothed: 0.7484
Epoch 10 | Loss: -0.2285 | Val NDCG: 0.7550 | smoothed: 0.7543
Epoch 11 | Loss: -0.2287 | Val NDCG: 0.7628 | smoothed: 0.7582
Epoch 12 | Loss: -0.2289 | Val NDCG: 0.7662 | smoothed: 0.7613
Epoch 13 | Loss: -0.2293 | Val NDCG: 0.7610 | smoothed: 0.7633
Epoch 14 | Loss: -0.2296 | Val NDCG: 0.7658 | smoothed: 0.7643
Epoch 15 | Loss: -0.2295 | Val NDCG: 0.7601 | smoothed: 0.7623
Epoch 16 | Loss: -0.2299 | Val NDCG: 0.7654 | smoothed: 0.7638
Epoch 17 | Loss: -0.2298 | Val NDCG: 0.7592 | smoothed: 0.7616
Epoch 18 | Loss: -0.2297 | Val NDCG: 0.7662 | smoothed: 0.7636
Epoch 19 | Loss: -0.2300 | Val NDCG: 0.7539 | smoothed: 0.7597

Best smoothed NDCG: 0.7643 at epoch 14 of 19 run

1 combinations completed out of 1


--- Grid Search Results ---
 hidden_units  dropout_rate  num_blocks  num_heads    lr  gamma  val_ndcg  val_ndcg_raw  best_epoch  epochs_run  max_epochs
          256           0.3           1          4 0.001      4  0.764309       0.76577          14          19          20

Best config: {'hidden_units': 256.0, 'dropout_rate': 0.3, 'num_blocks': 1.0, 'num_heads': 4.0, 'lr': 0.001, 'gamma': 4.0, 'val_ndcg': 0.7643093056055245, 'val_ndcg_raw': 0.7657701381799645, 'best_epoch': 14.0, 'epochs_run': 19.0, 'max_epochs': 20.0}
0 of 1 configs reached max_epochs
0 of 1 were still improving when stopped
Best params saved to ../Models/sasrec_drrl_best_params.json
