task 75 | loss pwts | node slurmnode-gpu05
Tesla P100-PCIE-16GB, 16384 MiB
Tesla P100-PCIE-16GB, 16384 MiB
Tesla P100-PCIE-16GB, 16384 MiB
Tesla P100-PCIE-16GB, 16384 MiB
Using device: cuda
Loading datasets...
Train sessions: 75875 | Val sessions: 16262

Running grid search over 162 combinations...

SLURM array task 75: 1 config -> ../Models/sasrec_grid_pwts_task75.csv
Trying: {'hidden_units': 128, 'dropout_rate': 0.3, 'num_blocks': 1, 'num_heads': 8, 'lr': 0.0001}
Epoch 1 | Loss: 0.6498 | Val NDCG: 0.7294 | smoothed: 0.7294
Epoch 2 | Loss: 0.6295 | Val NDCG: 0.7402 | smoothed: 0.7348
Epoch 3 | Loss: 0.6219 | Val NDCG: 0.7508 | smoothed: 0.7401
Epoch 4 | Loss: 0.6185 | Val NDCG: 0.7572 | smoothed: 0.7494
Epoch 5 | Loss: 0.6151 | Val NDCG: 0.7580 | smoothed: 0.7553
Epoch 6 | Loss: 0.6122 | Val NDCG: 0.7624 | smoothed: 0.7592
Epoch 7 | Loss: 0.6121 | Val NDCG: 0.7637 | smoothed: 0.7613
Epoch 8 | Loss: 0.6112 | Val NDCG: 0.7641 | smoothed: 0.7634
Epoch 9 | Loss: 0.6100 | Val NDCG: 0.7667 | smoothed: 0.7648
Epoch 10 | Loss: 0.6090 | Val NDCG: 0.7671 | smoothed: 0.7660
Epoch 11 | Loss: 0.6076 | Val NDCG: 0.7671 | smoothed: 0.7670
Epoch 12 | Loss: 0.6076 | Val NDCG: 0.7696 | smoothed: 0.7679
Epoch 13 | Loss: 0.6072 | Val NDCG: 0.7702 | smoothed: 0.7690
Epoch 14 | Loss: 0.6069 | Val NDCG: 0.7704 | smoothed: 0.7701
Epoch 15 | Loss: 0.6064 | Val NDCG: 0.7706 | smoothed: 0.7704
Epoch 16 | Loss: 0.6057 | Val NDCG: 0.7707 | smoothed: 0.7706
Epoch 17 | Loss: 0.6056 | Val NDCG: 0.7705 | smoothed: 0.7706
Epoch 18 | Loss: 0.6054 | Val NDCG: 0.7689 | smoothed: 0.7700
Epoch 19 | Loss: 0.6034 | Val NDCG: 0.7705 | smoothed: 0.7699
Epoch 20 | Loss: 0.6022 | Val NDCG: 0.7715 | smoothed: 0.7703
Epoch 21 | Loss: 0.6033 | Val NDCG: 0.7689 | smoothed: 0.7703
Epoch 22 | Loss: 0.6023 | Val NDCG: 0.7721 | smoothed: 0.7708
Epoch 23 | Loss: 0.6025 | Val NDCG: 0.7707 | smoothed: 0.7706
Epoch 24 | Loss: 0.6015 | Val NDCG: 0.7703 | smoothed: 0.7710
Epoch 25 | Loss: 0.6023 | Val NDCG: 0.7716 | smoothed: 0.7709
Epoch 26 | Loss: 0.6007 | Val NDCG: 0.7716 | smoothed: 0.7712
Epoch 27 | Loss: 0.6012 | Val NDCG: 0.7692 | smoothed: 0.7708
Epoch 28 | Loss: 0.6012 | Val NDCG: 0.7710 | smoothed: 0.7706
Epoch 29 | Loss: 0.6000 | Val NDCG: 0.7720 | smoothed: 0.7707
Epoch 30 | Loss: 0.6012 | Val NDCG: 0.7707 | smoothed: 0.7712
Epoch 31 | Loss: 0.5993 | Val NDCG: 0.7723 | smoothed: 0.7717
Epoch 32 | Loss: 0.5997 | Val NDCG: 0.7692 | smoothed: 0.7707
Epoch 33 | Loss: 0.6002 | Val NDCG: 0.7719 | smoothed: 0.7711
Epoch 34 | Loss: 0.6002 | Val NDCG: 0.7722 | smoothed: 0.7711
Epoch 35 | Loss: 0.5985 | Val NDCG: 0.7720 | smoothed: 0.7720
Epoch 36 | Loss: 0.5986 | Val NDCG: 0.7727 | smoothed: 0.7723
Epoch 37 | Loss: 0.5996 | Val NDCG: 0.7732 | smoothed: 0.7726
Epoch 38 | Loss: 0.5990 | Val NDCG: 0.7741 | smoothed: 0.7733
Epoch 39 | Loss: 0.6000 | Val NDCG: 0.7711 | smoothed: 0.7728
Epoch 40 | Loss: 0.5991 | Val NDCG: 0.7733 | smoothed: 0.7728

Best smoothed NDCG: 0.7733 at epoch 38 of 40 run

1 combinations completed out of 1


--- Grid Search Results ---
 hidden_units  dropout_rate  num_blocks  num_heads     lr  val_ndcg  val_ndcg_raw  best_epoch  epochs_run  max_epochs
          128           0.3           1          8 0.0001  0.773332      0.774109          38          40          40

Best config: {'hidden_units': 128.0, 'dropout_rate': 0.3, 'num_blocks': 1.0, 'num_heads': 8.0, 'lr': 0.0001, 'val_ndcg': 0.7733319858322796, 'val_ndcg_raw': 0.7741086467778285, 'best_epoch': 38.0, 'epochs_run': 40.0, 'max_epochs': 40.0}
1 of 1 configs reached max_epochs
0 of 1 were still improving when stopped
Best params saved to ../Models/sasrec_pwts_best_params.json
