task 338 | loss drrl | node slurmnode-gpu03
Tesla P100-PCIE-16GB, 16384 MiB
Tesla P100-PCIE-16GB, 16384 MiB
Tesla P100-PCIE-16GB, 16384 MiB
Tesla P100-PCIE-16GB, 16384 MiB
Using device: cuda
Loading datasets...
Train sessions: 75875 | Val sessions: 16262

Running grid search over 486 combinations...

SLURM array task 338: 1 config -> ../Models/sasrec_grid_drrl_task338.csv
Trying: {'hidden_units': 256, 'dropout_rate': 0.1, 'num_blocks': 1, 'num_heads': 16, 'lr': 0.001, 'gamma': 4}
Epoch 1 | Loss: -0.1727 | Val NDCG: 0.7330 | smoothed: 0.7330
Epoch 2 | Loss: -0.2192 | Val NDCG: 0.7409 | smoothed: 0.7369
Epoch 3 | Loss: -0.2221 | Val NDCG: 0.7311 | smoothed: 0.7350
Epoch 4 | Loss: -0.2249 | Val NDCG: 0.7605 | smoothed: 0.7442
Epoch 5 | Loss: -0.2255 | Val NDCG: 0.7471 | smoothed: 0.7463
Epoch 6 | Loss: -0.2268 | Val NDCG: 0.7595 | smoothed: 0.7557
Epoch 7 | Loss: -0.2268 | Val NDCG: 0.7539 | smoothed: 0.7535
Epoch 8 | Loss: -0.2275 | Val NDCG: 0.7493 | smoothed: 0.7542
Epoch 9 | Loss: -0.2277 | Val NDCG: 0.7708 | smoothed: 0.7580
Epoch 10 | Loss: -0.2279 | Val NDCG: 0.7672 | smoothed: 0.7624
Epoch 11 | Loss: -0.2280 | Val NDCG: 0.7599 | smoothed: 0.7660
Epoch 12 | Loss: -0.2285 | Val NDCG: 0.7585 | smoothed: 0.7619
Epoch 13 | Loss: -0.2279 | Val NDCG: 0.7742 | smoothed: 0.7642
Epoch 14 | Loss: -0.2282 | Val NDCG: 0.7625 | smoothed: 0.7651
Epoch 15 | Loss: -0.2285 | Val NDCG: 0.7692 | smoothed: 0.7687
Epoch 16 | Loss: -0.2286 | Val NDCG: 0.7654 | smoothed: 0.7657
Epoch 17 | Loss: -0.2287 | Val NDCG: 0.7705 | smoothed: 0.7684
Epoch 18 | Loss: -0.2281 | Val NDCG: 0.7748 | smoothed: 0.7702
Epoch 19 | Loss: -0.2287 | Val NDCG: 0.7739 | smoothed: 0.7731
Epoch 20 | Loss: -0.2288 | Val NDCG: 0.7660 | smoothed: 0.7716

Best smoothed NDCG: 0.7731 at epoch 19 of 20 run

1 combinations completed out of 1


--- Grid Search Results ---
 hidden_units  dropout_rate  num_blocks  num_heads    lr  gamma  val_ndcg  val_ndcg_raw  best_epoch  epochs_run  max_epochs
          256           0.1           1         16 0.001      4  0.773065      0.773934          19          20          20

Best config: {'hidden_units': 256.0, 'dropout_rate': 0.1, 'num_blocks': 1.0, 'num_heads': 16.0, 'lr': 0.001, 'gamma': 4.0, 'val_ndcg': 0.7730648298507262, 'val_ndcg_raw': 0.7739338918212338, 'best_epoch': 19.0, 'epochs_run': 20.0, 'max_epochs': 20.0}
1 of 1 configs reached max_epochs
1 of 1 were still improving when stopped
Best params saved to ../Models/sasrec_drrl_best_params.json
