task 46 | loss pwts | node slurmnode-gpu02
NVIDIA GeForce GTX 1080 Ti, 11264 MiB
NVIDIA GeForce GTX 1080 Ti, 11264 MiB
NVIDIA GeForce GTX 1080 Ti, 11264 MiB
NVIDIA GeForce GTX 1080 Ti, 11264 MiB
NVIDIA GeForce GTX 1080 Ti, 11264 MiB
NVIDIA GeForce GTX 1080 Ti, 11264 MiB
NVIDIA GeForce GTX 1080 Ti, 11264 MiB
NVIDIA GeForce GTX 1080 Ti, 11264 MiB
Using device: cuda
Loading datasets...
Train sessions: 75875 | Val sessions: 16262

Running grid search over 162 combinations...

SLURM array task 46: 1 config -> ../Models/sasrec_grid_pwts_task46.csv
Trying: {'hidden_units': 64, 'dropout_rate': 0.5, 'num_blocks': 2, 'num_heads': 16, 'lr': 0.001}
Epoch 1 | Loss: 0.6298 | Val NDCG: 0.7465 | smoothed: 0.7465
Epoch 2 | Loss: 0.6141 | Val NDCG: 0.7544 | smoothed: 0.7504
Epoch 3 | Loss: 0.6093 | Val NDCG: 0.7626 | smoothed: 0.7545
Epoch 4 | Loss: 0.6083 | Val NDCG: 0.7615 | smoothed: 0.7595
Epoch 5 | Loss: 0.6069 | Val NDCG: 0.7626 | smoothed: 0.7622
Epoch 6 | Loss: 0.6059 | Val NDCG: 0.7624 | smoothed: 0.7622
Epoch 7 | Loss: 0.6051 | Val NDCG: 0.7633 | smoothed: 0.7627
Epoch 8 | Loss: 0.6029 | Val NDCG: 0.7664 | smoothed: 0.7640
Epoch 9 | Loss: 0.6032 | Val NDCG: 0.7645 | smoothed: 0.7647
Epoch 10 | Loss: 0.6027 | Val NDCG: 0.7648 | smoothed: 0.7653
Epoch 11 | Loss: 0.6036 | Val NDCG: 0.7613 | smoothed: 0.7636
Epoch 12 | Loss: 0.6023 | Val NDCG: 0.7667 | smoothed: 0.7643
Epoch 13 | Loss: 0.6010 | Val NDCG: 0.7647 | smoothed: 0.7642
Epoch 14 | Loss: 0.6006 | Val NDCG: 0.7654 | smoothed: 0.7656
Epoch 15 | Loss: 0.6006 | Val NDCG: 0.7630 | smoothed: 0.7644
Epoch 16 | Loss: 0.5999 | Val NDCG: 0.7666 | smoothed: 0.7650
Epoch 17 | Loss: 0.6003 | Val NDCG: 0.7655 | smoothed: 0.7650
Epoch 18 | Loss: 0.5990 | Val NDCG: 0.7680 | smoothed: 0.7667
Epoch 19 | Loss: 0.6001 | Val NDCG: 0.7666 | smoothed: 0.7667
Epoch 20 | Loss: 0.5988 | Val NDCG: 0.7673 | smoothed: 0.7673

Best smoothed NDCG: 0.7673 at epoch 20 of 20 run

1 combinations completed out of 1


--- Grid Search Results ---
 hidden_units  dropout_rate  num_blocks  num_heads    lr  val_ndcg  val_ndcg_raw  best_epoch  epochs_run  max_epochs
           64           0.5           2         16 0.001  0.767277      0.767295          20          20          20

Best config: {'hidden_units': 64.0, 'dropout_rate': 0.5, 'num_blocks': 2.0, 'num_heads': 16.0, 'lr': 0.001, 'val_ndcg': 0.7672772472338786, 'val_ndcg_raw': 0.7672947735719683, 'best_epoch': 20.0, 'epochs_run': 20.0, 'max_epochs': 20.0}
1 of 1 configs reached max_epochs
1 of 1 were still improving when stopped
Best params saved to ../Models/sasrec_pwts_best_params.json
