task 136 | loss drrl | node slurmnode-gpu07
NVIDIA A40, 46068 MiB
NVIDIA A40, 46068 MiB
NVIDIA A40, 46068 MiB
NVIDIA A40, 46068 MiB
Using device: cuda
Loading datasets...
Train sessions: 75875 | Val sessions: 16262

Running grid search over 486 combinations...

SLURM array task 136: 1 config -> ../Models/sasrec_grid_drrl_task136.csv
Trying: {'hidden_units': 64, 'dropout_rate': 0.5, 'num_blocks': 2, 'num_heads': 8, 'lr': 0.0001, 'gamma': 3}
Epoch 1 | Loss: 0.1153 | Val NDCG: 0.7120 | smoothed: 0.7120
Epoch 2 | Loss: -0.1949 | Val NDCG: 0.7039 | smoothed: 0.7080
Epoch 3 | Loss: -0.2178 | Val NDCG: 0.6925 | smoothed: 0.7028
Epoch 4 | Loss: -0.2246 | Val NDCG: 0.6889 | smoothed: 0.6951
Epoch 5 | Loss: -0.2276 | Val NDCG: 0.6862 | smoothed: 0.6892
Epoch 6 | Loss: -0.2294 | Val NDCG: 0.6849 | smoothed: 0.6866

Best smoothed NDCG: 0.7120 at epoch 1 of 6 run

1 combinations completed out of 1


--- Grid Search Results ---
 hidden_units  dropout_rate  num_blocks  num_heads     lr  gamma  val_ndcg  val_ndcg_raw  best_epoch  epochs_run  max_epochs
           64           0.5           2          8 0.0001      3  0.711966      0.711966           1           6          40

Best config: {'hidden_units': 64.0, 'dropout_rate': 0.5, 'num_blocks': 2.0, 'num_heads': 8.0, 'lr': 0.0001, 'gamma': 3.0, 'val_ndcg': 0.7119662825775662, 'val_ndcg_raw': 0.7119662825775662, 'best_epoch': 1.0, 'epochs_run': 6.0, 'max_epochs': 40.0}
0 of 1 configs reached max_epochs
0 of 1 were still improving when stopped
Best params saved to ../Models/sasrec_drrl_best_params.json
