task 332 | loss drrl | node slurmnode-gpu03
Tesla P100-PCIE-16GB, 16384 MiB
Tesla P100-PCIE-16GB, 16384 MiB
Tesla P100-PCIE-16GB, 16384 MiB
Tesla P100-PCIE-16GB, 16384 MiB
Using device: cuda
Loading datasets...
Train sessions: 75875 | Val sessions: 16262

Running grid search over 486 combinations...

SLURM array task 332: 1 config -> ../Models/sasrec_grid_drrl_task332.csv
Trying: {'hidden_units': 256, 'dropout_rate': 0.1, 'num_blocks': 1, 'num_heads': 8, 'lr': 0.001, 'gamma': 4}
Epoch 1 | Loss: -0.1657 | Val NDCG: 0.7594 | smoothed: 0.7594
Epoch 2 | Loss: -0.2222 | Val NDCG: 0.7471 | smoothed: 0.7532
Epoch 3 | Loss: -0.2249 | Val NDCG: 0.7279 | smoothed: 0.7448
Epoch 4 | Loss: -0.2266 | Val NDCG: 0.7471 | smoothed: 0.7407
Epoch 5 | Loss: -0.2281 | Val NDCG: 0.7274 | smoothed: 0.7341
Epoch 6 | Loss: -0.2281 | Val NDCG: 0.7436 | smoothed: 0.7394

Best smoothed NDCG: 0.7594 at epoch 1 of 6 run

1 combinations completed out of 1


--- Grid Search Results ---
 hidden_units  dropout_rate  num_blocks  num_heads    lr  gamma  val_ndcg  val_ndcg_raw  best_epoch  epochs_run  max_epochs
          256           0.1           1          8 0.001      4  0.759405      0.759405           1           6          20

Best config: {'hidden_units': 256.0, 'dropout_rate': 0.1, 'num_blocks': 1.0, 'num_heads': 8.0, 'lr': 0.001, 'gamma': 4.0, 'val_ndcg': 0.7594051604502958, 'val_ndcg_raw': 0.7594051604502958, 'best_epoch': 1.0, 'epochs_run': 6.0, 'max_epochs': 20.0}
0 of 1 configs reached max_epochs
0 of 1 were still improving when stopped
Best params saved to ../Models/sasrec_drrl_best_params.json
