task 105 | loss pwts | node slurmnode-gpu05
Tesla P100-PCIE-16GB, 16384 MiB
Tesla P100-PCIE-16GB, 16384 MiB
Tesla P100-PCIE-16GB, 16384 MiB
Tesla P100-PCIE-16GB, 16384 MiB
Using device: cuda
Loading datasets...
Train sessions: 75875 | Val sessions: 16262

Running grid search over 162 combinations...

SLURM array task 105: 1 config -> ../Models/sasrec_grid_pwts_task105.csv
Trying: {'hidden_units': 128, 'dropout_rate': 0.5, 'num_blocks': 3, 'num_heads': 8, 'lr': 0.0001}
Epoch 1 | Loss: 0.6478 | Val NDCG: 0.7186 | smoothed: 0.7186
Epoch 2 | Loss: 0.6292 | Val NDCG: 0.7415 | smoothed: 0.7301
Epoch 3 | Loss: 0.6220 | Val NDCG: 0.7445 | smoothed: 0.7349
Epoch 4 | Loss: 0.6170 | Val NDCG: 0.7519 | smoothed: 0.7460
Epoch 5 | Loss: 0.6142 | Val NDCG: 0.7530 | smoothed: 0.7498
Epoch 6 | Loss: 0.6128 | Val NDCG: 0.7553 | smoothed: 0.7534
Epoch 7 | Loss: 0.6121 | Val NDCG: 0.7578 | smoothed: 0.7554
Epoch 8 | Loss: 0.6091 | Val NDCG: 0.7593 | smoothed: 0.7575
Epoch 9 | Loss: 0.6085 | Val NDCG: 0.7599 | smoothed: 0.7590
Epoch 10 | Loss: 0.6077 | Val NDCG: 0.7622 | smoothed: 0.7605
Epoch 11 | Loss: 0.6081 | Val NDCG: 0.7638 | smoothed: 0.7620
Epoch 12 | Loss: 0.6063 | Val NDCG: 0.7637 | smoothed: 0.7632
Epoch 13 | Loss: 0.6060 | Val NDCG: 0.7650 | smoothed: 0.7641
Epoch 14 | Loss: 0.6059 | Val NDCG: 0.7654 | smoothed: 0.7647
Epoch 15 | Loss: 0.6044 | Val NDCG: 0.7648 | smoothed: 0.7651
Epoch 16 | Loss: 0.6042 | Val NDCG: 0.7659 | smoothed: 0.7654
Epoch 17 | Loss: 0.6034 | Val NDCG: 0.7663 | smoothed: 0.7657
Epoch 18 | Loss: 0.6033 | Val NDCG: 0.7680 | smoothed: 0.7667
Epoch 19 | Loss: 0.6031 | Val NDCG: 0.7669 | smoothed: 0.7671
Epoch 20 | Loss: 0.6041 | Val NDCG: 0.7671 | smoothed: 0.7673
Epoch 21 | Loss: 0.6025 | Val NDCG: 0.7655 | smoothed: 0.7665
Epoch 22 | Loss: 0.6020 | Val NDCG: 0.7663 | smoothed: 0.7663
Epoch 23 | Loss: 0.6017 | Val NDCG: 0.7692 | smoothed: 0.7670
Epoch 24 | Loss: 0.6014 | Val NDCG: 0.7703 | smoothed: 0.7686
Epoch 25 | Loss: 0.5998 | Val NDCG: 0.7680 | smoothed: 0.7692
Epoch 26 | Loss: 0.6015 | Val NDCG: 0.7688 | smoothed: 0.7690
Epoch 27 | Loss: 0.6011 | Val NDCG: 0.7679 | smoothed: 0.7682
Epoch 28 | Loss: 0.6010 | Val NDCG: 0.7701 | smoothed: 0.7689
Epoch 29 | Loss: 0.6005 | Val NDCG: 0.7713 | smoothed: 0.7698
Epoch 30 | Loss: 0.6007 | Val NDCG: 0.7718 | smoothed: 0.7711
Epoch 31 | Loss: 0.5999 | Val NDCG: 0.7700 | smoothed: 0.7710
Epoch 32 | Loss: 0.6000 | Val NDCG: 0.7721 | smoothed: 0.7713
Epoch 33 | Loss: 0.5996 | Val NDCG: 0.7708 | smoothed: 0.7710
Epoch 34 | Loss: 0.5994 | Val NDCG: 0.7713 | smoothed: 0.7714
Epoch 35 | Loss: 0.6000 | Val NDCG: 0.7706 | smoothed: 0.7709
Epoch 36 | Loss: 0.5998 | Val NDCG: 0.7715 | smoothed: 0.7711
Epoch 37 | Loss: 0.5991 | Val NDCG: 0.7703 | smoothed: 0.7708
Epoch 38 | Loss: 0.5987 | Val NDCG: 0.7712 | smoothed: 0.7710
Epoch 39 | Loss: 0.5987 | Val NDCG: 0.7728 | smoothed: 0.7714
Epoch 40 | Loss: 0.5980 | Val NDCG: 0.7715 | smoothed: 0.7719

Best smoothed NDCG: 0.7719 at epoch 40 of 40 run

1 combinations completed out of 1


--- Grid Search Results ---
 hidden_units  dropout_rate  num_blocks  num_heads     lr  val_ndcg  val_ndcg_raw  best_epoch  epochs_run  max_epochs
          128           0.5           3          8 0.0001  0.771852      0.771524          40          40          40

Best config: {'hidden_units': 128.0, 'dropout_rate': 0.5, 'num_blocks': 3.0, 'num_heads': 8.0, 'lr': 0.0001, 'val_ndcg': 0.7718515303211175, 'val_ndcg_raw': 0.7715240185437445, 'best_epoch': 40.0, 'epochs_run': 40.0, 'max_epochs': 40.0}
1 of 1 configs reached max_epochs
1 of 1 were still improving when stopped
Best params saved to ../Models/sasrec_pwts_best_params.json
