task 52 | loss pwts | node slurmnode-gpu05
Tesla P100-PCIE-16GB, 16384 MiB
Tesla P100-PCIE-16GB, 16384 MiB
Tesla P100-PCIE-16GB, 16384 MiB
Tesla P100-PCIE-16GB, 16384 MiB
Using device: cuda
Loading datasets...
Train sessions: 75875 | Val sessions: 16262

Running grid search over 162 combinations...

SLURM array task 52: 1 config -> ../Models/sasrec_grid_pwts_task52.csv
Trying: {'hidden_units': 64, 'dropout_rate': 0.5, 'num_blocks': 3, 'num_heads': 16, 'lr': 0.001}
Epoch 1 | Loss: 0.6284 | Val NDCG: 0.7554 | smoothed: 0.7554
Epoch 2 | Loss: 0.6118 | Val NDCG: 0.7572 | smoothed: 0.7563
Epoch 3 | Loss: 0.6084 | Val NDCG: 0.7605 | smoothed: 0.7577
Epoch 4 | Loss: 0.6073 | Val NDCG: 0.7622 | smoothed: 0.7600
Epoch 5 | Loss: 0.6043 | Val NDCG: 0.7657 | smoothed: 0.7628
Epoch 6 | Loss: 0.6052 | Val NDCG: 0.7643 | smoothed: 0.7641
Epoch 7 | Loss: 0.6029 | Val NDCG: 0.7669 | smoothed: 0.7656
Epoch 8 | Loss: 0.6033 | Val NDCG: 0.7645 | smoothed: 0.7653
Epoch 9 | Loss: 0.6023 | Val NDCG: 0.7660 | smoothed: 0.7658
Epoch 10 | Loss: 0.6010 | Val NDCG: 0.7661 | smoothed: 0.7655
Epoch 11 | Loss: 0.6007 | Val NDCG: 0.7689 | smoothed: 0.7670
Epoch 12 | Loss: 0.6008 | Val NDCG: 0.7618 | smoothed: 0.7656
Epoch 13 | Loss: 0.6011 | Val NDCG: 0.7700 | smoothed: 0.7669
Epoch 14 | Loss: 0.5996 | Val NDCG: 0.7703 | smoothed: 0.7674
Epoch 15 | Loss: 0.6003 | Val NDCG: 0.7643 | smoothed: 0.7682
Epoch 16 | Loss: 0.5985 | Val NDCG: 0.7670 | smoothed: 0.7672
Epoch 17 | Loss: 0.5982 | Val NDCG: 0.7711 | smoothed: 0.7675
Epoch 18 | Loss: 0.5983 | Val NDCG: 0.7692 | smoothed: 0.7691
Epoch 19 | Loss: 0.5982 | Val NDCG: 0.7712 | smoothed: 0.7705
Epoch 20 | Loss: 0.5984 | Val NDCG: 0.7689 | smoothed: 0.7698

Best smoothed NDCG: 0.7705 at epoch 19 of 20 run

1 combinations completed out of 1


--- Grid Search Results ---
 hidden_units  dropout_rate  num_blocks  num_heads    lr  val_ndcg  val_ndcg_raw  best_epoch  epochs_run  max_epochs
           64           0.5           3         16 0.001  0.770472      0.771156          19          20          20

Best config: {'hidden_units': 64.0, 'dropout_rate': 0.5, 'num_blocks': 3.0, 'num_heads': 16.0, 'lr': 0.001, 'val_ndcg': 0.7704718577000417, 'val_ndcg_raw': 0.7711558390306678, 'best_epoch': 19.0, 'epochs_run': 20.0, 'max_epochs': 20.0}
1 of 1 configs reached max_epochs
1 of 1 were still improving when stopped
Best params saved to ../Models/sasrec_pwts_best_params.json
