task 241 | loss drrl | node slurmnode-gpu03
Tesla P100-PCIE-16GB, 16384 MiB
Tesla P100-PCIE-16GB, 16384 MiB
Tesla P100-PCIE-16GB, 16384 MiB
Tesla P100-PCIE-16GB, 16384 MiB
Using device: cuda
Loading datasets...
Train sessions: 75875 | Val sessions: 16262

Running grid search over 486 combinations...

SLURM array task 241: 1 config -> ../Models/sasrec_grid_drrl_task241.csv
Trying: {'hidden_units': 128, 'dropout_rate': 0.3, 'num_blocks': 2, 'num_heads': 8, 'lr': 0.001, 'gamma': 3}
Epoch 1 | Loss: -0.1896 | Val NDCG: 0.7238 | smoothed: 0.7238
Epoch 2 | Loss: -0.2244 | Val NDCG: 0.7163 | smoothed: 0.7200
Epoch 3 | Loss: -0.2265 | Val NDCG: 0.7267 | smoothed: 0.7223
Epoch 4 | Loss: -0.2277 | Val NDCG: 0.7321 | smoothed: 0.7250
Epoch 5 | Loss: -0.2276 | Val NDCG: 0.7417 | smoothed: 0.7335
Epoch 6 | Loss: -0.2285 | Val NDCG: 0.7415 | smoothed: 0.7385
Epoch 7 | Loss: -0.2284 | Val NDCG: 0.7700 | smoothed: 0.7511
Epoch 8 | Loss: -0.2282 | Val NDCG: 0.7699 | smoothed: 0.7605
Epoch 9 | Loss: -0.2288 | Val NDCG: 0.7647 | smoothed: 0.7682
Epoch 10 | Loss: -0.2290 | Val NDCG: 0.7615 | smoothed: 0.7654
Epoch 11 | Loss: -0.2293 | Val NDCG: 0.7725 | smoothed: 0.7662
Epoch 12 | Loss: -0.2294 | Val NDCG: 0.7642 | smoothed: 0.7661
Epoch 13 | Loss: -0.2297 | Val NDCG: 0.7628 | smoothed: 0.7665
Epoch 14 | Loss: -0.2296 | Val NDCG: 0.7621 | smoothed: 0.7630

Best smoothed NDCG: 0.7682 at epoch 9 of 14 run

1 combinations completed out of 1


--- Grid Search Results ---
 hidden_units  dropout_rate  num_blocks  num_heads    lr  gamma  val_ndcg  val_ndcg_raw  best_epoch  epochs_run  max_epochs
          128           0.3           2          8 0.001      3  0.768192      0.764661           9          14          20

Best config: {'hidden_units': 128.0, 'dropout_rate': 0.3, 'num_blocks': 2.0, 'num_heads': 8.0, 'lr': 0.001, 'gamma': 3.0, 'val_ndcg': 0.7681922713203039, 'val_ndcg_raw': 0.7646607464178263, 'best_epoch': 9.0, 'epochs_run': 14.0, 'max_epochs': 20.0}
0 of 1 configs reached max_epochs
0 of 1 were still improving when stopped
Best params saved to ../Models/sasrec_drrl_best_params.json
