task 159 | loss drrl | node slurmnode-gpu05
Tesla P100-PCIE-16GB, 16384 MiB
Tesla P100-PCIE-16GB, 16384 MiB
Tesla P100-PCIE-16GB, 16384 MiB
Tesla P100-PCIE-16GB, 16384 MiB
Using device: cuda
Loading datasets...
Train sessions: 75875 | Val sessions: 16262

Running grid search over 486 combinations...

SLURM array task 159: 1 config -> ../Models/sasrec_grid_drrl_task159.csv
Trying: {'hidden_units': 64, 'dropout_rate': 0.5, 'num_blocks': 3, 'num_heads': 16, 'lr': 0.0001, 'gamma': 2}
Epoch 1 | Loss: 0.2911 | Val NDCG: 0.7016 | smoothed: 0.7016
Epoch 2 | Loss: -0.1646 | Val NDCG: 0.7098 | smoothed: 0.7057
Epoch 3 | Loss: -0.2061 | Val NDCG: 0.7154 | smoothed: 0.7089
Epoch 4 | Loss: -0.2191 | Val NDCG: 0.7096 | smoothed: 0.7116
Epoch 5 | Loss: -0.2246 | Val NDCG: 0.7020 | smoothed: 0.7090
Epoch 6 | Loss: -0.2274 | Val NDCG: 0.6984 | smoothed: 0.7033
Epoch 7 | Loss: -0.2291 | Val NDCG: 0.6967 | smoothed: 0.6990
Epoch 8 | Loss: -0.2300 | Val NDCG: 0.6947 | smoothed: 0.6966
Epoch 9 | Loss: -0.2307 | Val NDCG: 0.6964 | smoothed: 0.6959

Best smoothed NDCG: 0.7116 at epoch 4 of 9 run

1 combinations completed out of 1


--- Grid Search Results ---
 hidden_units  dropout_rate  num_blocks  num_heads     lr  gamma  val_ndcg  val_ndcg_raw  best_epoch  epochs_run  max_epochs
           64           0.5           3         16 0.0001      2    0.7116      0.709586           4           9          40

Best config: {'hidden_units': 64.0, 'dropout_rate': 0.5, 'num_blocks': 3.0, 'num_heads': 16.0, 'lr': 0.0001, 'gamma': 2.0, 'val_ndcg': 0.7116004368846808, 'val_ndcg_raw': 0.7095861822979902, 'best_epoch': 4.0, 'epochs_run': 9.0, 'max_epochs': 40.0}
0 of 1 configs reached max_epochs
0 of 1 were still improving when stopped
Best params saved to ../Models/sasrec_drrl_best_params.json
