task 101 | loss bce | node slurmnode-gpu05
Tesla P100-PCIE-16GB, 16384 MiB
Tesla P100-PCIE-16GB, 16384 MiB
Tesla P100-PCIE-16GB, 16384 MiB
Tesla P100-PCIE-16GB, 16384 MiB
Using device: cuda
Loading datasets...
Train sessions: 75875 | Val sessions: 16262

Running grid search over 162 combinations...

SLURM array task 101: 1 config -> ../Models/sasrec_grid_bce_task101.csv
Trying: {'hidden_units': 128, 'dropout_rate': 0.5, 'num_blocks': 2, 'num_heads': 16, 'lr': 0.0001}
Epoch 1 | Loss: 0.6134 | Val NDCG: 0.7355 | smoothed: 0.7355
Epoch 2 | Loss: 0.5963 | Val NDCG: 0.7405 | smoothed: 0.7380
Epoch 3 | Loss: 0.5904 | Val NDCG: 0.7519 | smoothed: 0.7426
Epoch 4 | Loss: 0.5870 | Val NDCG: 0.7544 | smoothed: 0.7489
Epoch 5 | Loss: 0.5835 | Val NDCG: 0.7544 | smoothed: 0.7536
Epoch 6 | Loss: 0.5826 | Val NDCG: 0.7544 | smoothed: 0.7544
Epoch 7 | Loss: 0.5808 | Val NDCG: 0.7569 | smoothed: 0.7552
Epoch 8 | Loss: 0.5808 | Val NDCG: 0.7544 | smoothed: 0.7552
Epoch 9 | Loss: 0.5780 | Val NDCG: 0.7575 | smoothed: 0.7563
Epoch 10 | Loss: 0.5777 | Val NDCG: 0.7584 | smoothed: 0.7568
Epoch 11 | Loss: 0.5774 | Val NDCG: 0.7594 | smoothed: 0.7584
Epoch 12 | Loss: 0.5770 | Val NDCG: 0.7574 | smoothed: 0.7584
Epoch 13 | Loss: 0.5762 | Val NDCG: 0.7602 | smoothed: 0.7590
Epoch 14 | Loss: 0.5758 | Val NDCG: 0.7622 | smoothed: 0.7599
Epoch 15 | Loss: 0.5754 | Val NDCG: 0.7622 | smoothed: 0.7615
Epoch 16 | Loss: 0.5749 | Val NDCG: 0.7647 | smoothed: 0.7630
Epoch 17 | Loss: 0.5751 | Val NDCG: 0.7636 | smoothed: 0.7635
Epoch 18 | Loss: 0.5742 | Val NDCG: 0.7620 | smoothed: 0.7634
Epoch 19 | Loss: 0.5746 | Val NDCG: 0.7633 | smoothed: 0.7629
Epoch 20 | Loss: 0.5734 | Val NDCG: 0.7652 | smoothed: 0.7635
Epoch 21 | Loss: 0.5738 | Val NDCG: 0.7660 | smoothed: 0.7648
Epoch 22 | Loss: 0.5740 | Val NDCG: 0.7654 | smoothed: 0.7655
Epoch 23 | Loss: 0.5731 | Val NDCG: 0.7649 | smoothed: 0.7654
Epoch 24 | Loss: 0.5734 | Val NDCG: 0.7660 | smoothed: 0.7654
Epoch 25 | Loss: 0.5717 | Val NDCG: 0.7645 | smoothed: 0.7651
Epoch 26 | Loss: 0.5728 | Val NDCG: 0.7648 | smoothed: 0.7651
Epoch 27 | Loss: 0.5713 | Val NDCG: 0.7700 | smoothed: 0.7664
Epoch 28 | Loss: 0.5723 | Val NDCG: 0.7684 | smoothed: 0.7677
Epoch 29 | Loss: 0.5728 | Val NDCG: 0.7662 | smoothed: 0.7682
Epoch 30 | Loss: 0.5719 | Val NDCG: 0.7677 | smoothed: 0.7674
Epoch 31 | Loss: 0.5720 | Val NDCG: 0.7681 | smoothed: 0.7673
Epoch 32 | Loss: 0.5720 | Val NDCG: 0.7670 | smoothed: 0.7676
Epoch 33 | Loss: 0.5713 | Val NDCG: 0.7695 | smoothed: 0.7682
Epoch 34 | Loss: 0.5713 | Val NDCG: 0.7701 | smoothed: 0.7689
Epoch 35 | Loss: 0.5705 | Val NDCG: 0.7669 | smoothed: 0.7688
Epoch 36 | Loss: 0.5703 | Val NDCG: 0.7666 | smoothed: 0.7679
Epoch 37 | Loss: 0.5711 | Val NDCG: 0.7672 | smoothed: 0.7669
Epoch 38 | Loss: 0.5698 | Val NDCG: 0.7685 | smoothed: 0.7674
Epoch 39 | Loss: 0.5700 | Val NDCG: 0.7678 | smoothed: 0.7678

Best smoothed NDCG: 0.7689 at epoch 34 of 39 run

1 combinations completed out of 1


--- Grid Search Results ---
 hidden_units  dropout_rate  num_blocks  num_heads     lr  val_ndcg  val_ndcg_raw  best_epoch  epochs_run  max_epochs
          128           0.5           2         16 0.0001  0.768856      0.770093          34          39          40

Best config: {'hidden_units': 128.0, 'dropout_rate': 0.5, 'num_blocks': 2.0, 'num_heads': 16.0, 'lr': 0.0001, 'val_ndcg': 0.7688558257080079, 'val_ndcg_raw': 0.7700934047221234, 'best_epoch': 34.0, 'epochs_run': 39.0, 'max_epochs': 40.0}
0 of 1 configs reached max_epochs
0 of 1 were still improving when stopped
Best params saved to ../Models/sasrec_bce_best_params.json
