task 425 | loss drrl | node slurmnode-gpu03
Tesla P100-PCIE-16GB, 16384 MiB
Tesla P100-PCIE-16GB, 16384 MiB
Tesla P100-PCIE-16GB, 16384 MiB
Tesla P100-PCIE-16GB, 16384 MiB
Using device: cuda
Loading datasets...
Train sessions: 75875 | Val sessions: 16262

Running grid search over 486 combinations...

SLURM array task 425: 1 config -> ../Models/sasrec_grid_drrl_task425.csv
Trying: {'hidden_units': 256, 'dropout_rate': 0.3, 'num_blocks': 3, 'num_heads': 8, 'lr': 0.0001, 'gamma': 4}
Epoch 1 | Loss: -0.1299 | Val NDCG: 0.7451 | smoothed: 0.7451
Epoch 2 | Loss: -0.2172 | Val NDCG: 0.7378 | smoothed: 0.7414
Epoch 3 | Loss: -0.2224 | Val NDCG: 0.7323 | smoothed: 0.7384
Epoch 4 | Loss: -0.2255 | Val NDCG: 0.7389 | smoothed: 0.7363
Epoch 5 | Loss: -0.2258 | Val NDCG: 0.7575 | smoothed: 0.7429
Epoch 6 | Loss: -0.2269 | Val NDCG: 0.7572 | smoothed: 0.7512
Epoch 7 | Loss: -0.2273 | Val NDCG: 0.7492 | smoothed: 0.7546
Epoch 8 | Loss: -0.2276 | Val NDCG: 0.7503 | smoothed: 0.7522
Epoch 9 | Loss: -0.2283 | Val NDCG: 0.7585 | smoothed: 0.7526
Epoch 10 | Loss: -0.2282 | Val NDCG: 0.7444 | smoothed: 0.7511
Epoch 11 | Loss: -0.2286 | Val NDCG: 0.7688 | smoothed: 0.7572
Epoch 12 | Loss: -0.2288 | Val NDCG: 0.7432 | smoothed: 0.7521
Epoch 13 | Loss: -0.2291 | Val NDCG: 0.7588 | smoothed: 0.7569
Epoch 14 | Loss: -0.2289 | Val NDCG: 0.7635 | smoothed: 0.7552
Epoch 15 | Loss: -0.2292 | Val NDCG: 0.7451 | smoothed: 0.7558
Epoch 16 | Loss: -0.2294 | Val NDCG: 0.7659 | smoothed: 0.7582
Epoch 17 | Loss: -0.2294 | Val NDCG: 0.7533 | smoothed: 0.7548
Epoch 18 | Loss: -0.2293 | Val NDCG: 0.7563 | smoothed: 0.7585
Epoch 19 | Loss: -0.2295 | Val NDCG: 0.7684 | smoothed: 0.7593
Epoch 20 | Loss: -0.2296 | Val NDCG: 0.7631 | smoothed: 0.7626
Epoch 21 | Loss: -0.2299 | Val NDCG: 0.7617 | smoothed: 0.7644
Epoch 22 | Loss: -0.2300 | Val NDCG: 0.7645 | smoothed: 0.7631
Epoch 23 | Loss: -0.2299 | Val NDCG: 0.7706 | smoothed: 0.7656
Epoch 24 | Loss: -0.2299 | Val NDCG: 0.7634 | smoothed: 0.7662
Epoch 25 | Loss: -0.2302 | Val NDCG: 0.7547 | smoothed: 0.7629
Epoch 26 | Loss: -0.2302 | Val NDCG: 0.7569 | smoothed: 0.7583
Epoch 27 | Loss: -0.2300 | Val NDCG: 0.7610 | smoothed: 0.7575
Epoch 28 | Loss: -0.2302 | Val NDCG: 0.7635 | smoothed: 0.7604
Epoch 29 | Loss: -0.2304 | Val NDCG: 0.7638 | smoothed: 0.7627

Best smoothed NDCG: 0.7662 at epoch 24 of 29 run

1 combinations completed out of 1


--- Grid Search Results ---
 hidden_units  dropout_rate  num_blocks  num_heads     lr  gamma  val_ndcg  val_ndcg_raw  best_epoch  epochs_run  max_epochs
          256           0.3           3          8 0.0001      4  0.766181      0.763376          24          29          40

Best config: {'hidden_units': 256.0, 'dropout_rate': 0.3, 'num_blocks': 3.0, 'num_heads': 8.0, 'lr': 0.0001, 'gamma': 4.0, 'val_ndcg': 0.7661812839505946, 'val_ndcg_raw': 0.7633755390340777, 'best_epoch': 24.0, 'epochs_run': 29.0, 'max_epochs': 40.0}
0 of 1 configs reached max_epochs
0 of 1 were still improving when stopped
Best params saved to ../Models/sasrec_drrl_best_params.json
