task 102 | loss bce | node slurmnode-gpu05
Tesla P100-PCIE-16GB, 16384 MiB
Tesla P100-PCIE-16GB, 16384 MiB
Tesla P100-PCIE-16GB, 16384 MiB
Tesla P100-PCIE-16GB, 16384 MiB
Using device: cuda
Loading datasets...
Train sessions: 75875 | Val sessions: 16262

Running grid search over 162 combinations...

SLURM array task 102: 1 config -> ../Models/sasrec_grid_bce_task102.csv
Trying: {'hidden_units': 128, 'dropout_rate': 0.5, 'num_blocks': 3, 'num_heads': 4, 'lr': 0.001}
Epoch 1 | Loss: 0.5940 | Val NDCG: 0.7612 | smoothed: 0.7612
Epoch 2 | Loss: 0.5826 | Val NDCG: 0.7643 | smoothed: 0.7628
Epoch 3 | Loss: 0.5789 | Val NDCG: 0.7698 | smoothed: 0.7651
Epoch 4 | Loss: 0.5777 | Val NDCG: 0.7656 | smoothed: 0.7666
Epoch 5 | Loss: 0.5768 | Val NDCG: 0.7666 | smoothed: 0.7673
Epoch 6 | Loss: 0.5757 | Val NDCG: 0.7692 | smoothed: 0.7671
Epoch 7 | Loss: 0.5753 | Val NDCG: 0.7730 | smoothed: 0.7696
Epoch 8 | Loss: 0.5745 | Val NDCG: 0.7694 | smoothed: 0.7705
Epoch 9 | Loss: 0.5727 | Val NDCG: 0.7738 | smoothed: 0.7721
Epoch 10 | Loss: 0.5738 | Val NDCG: 0.7753 | smoothed: 0.7729
Epoch 11 | Loss: 0.5724 | Val NDCG: 0.7713 | smoothed: 0.7735
Epoch 12 | Loss: 0.5724 | Val NDCG: 0.7778 | smoothed: 0.7748
Epoch 13 | Loss: 0.5716 | Val NDCG: 0.7743 | smoothed: 0.7745
Epoch 14 | Loss: 0.5708 | Val NDCG: 0.7718 | smoothed: 0.7746
Epoch 15 | Loss: 0.5701 | Val NDCG: 0.7746 | smoothed: 0.7736
Epoch 16 | Loss: 0.5704 | Val NDCG: 0.7727 | smoothed: 0.7730
Epoch 17 | Loss: 0.5705 | Val NDCG: 0.7747 | smoothed: 0.7740

Best smoothed NDCG: 0.7748 at epoch 12 of 17 run

1 combinations completed out of 1


--- Grid Search Results ---
 hidden_units  dropout_rate  num_blocks  num_heads    lr  val_ndcg  val_ndcg_raw  best_epoch  epochs_run  max_epochs
          128           0.5           3          4 0.001   0.77481      0.777826          12          17          20

Best config: {'hidden_units': 128.0, 'dropout_rate': 0.5, 'num_blocks': 3.0, 'num_heads': 4.0, 'lr': 0.001, 'val_ndcg': 0.7748104159210337, 'val_ndcg_raw': 0.7778264036073789, 'best_epoch': 12.0, 'epochs_run': 17.0, 'max_epochs': 20.0}
0 of 1 configs reached max_epochs
0 of 1 were still improving when stopped
Best params saved to ../Models/sasrec_bce_best_params.json
