task 9 | loss pwts | node slurmnode-gpu02
NVIDIA GeForce GTX 1080 Ti, 11264 MiB
NVIDIA GeForce GTX 1080 Ti, 11264 MiB
NVIDIA GeForce GTX 1080 Ti, 11264 MiB
NVIDIA GeForce GTX 1080 Ti, 11264 MiB
NVIDIA GeForce GTX 1080 Ti, 11264 MiB
NVIDIA GeForce GTX 1080 Ti, 11264 MiB
NVIDIA GeForce GTX 1080 Ti, 11264 MiB
NVIDIA GeForce GTX 1080 Ti, 11264 MiB
Using device: cuda
Loading datasets...
Train sessions: 75875 | Val sessions: 16262

Running grid search over 162 combinations...

SLURM array task 9: 1 config -> ../Models/sasrec_grid_pwts_task9.csv
Trying: {'hidden_units': 64, 'dropout_rate': 0.1, 'num_blocks': 2, 'num_heads': 8, 'lr': 0.0001}
Epoch 1 | Loss: 0.6384 | Val NDCG: 0.7392 | smoothed: 0.7392
Epoch 2 | Loss: 0.6164 | Val NDCG: 0.7541 | smoothed: 0.7467
Epoch 3 | Loss: 0.6113 | Val NDCG: 0.7561 | smoothed: 0.7498
Epoch 4 | Loss: 0.6090 | Val NDCG: 0.7594 | smoothed: 0.7565
Epoch 5 | Loss: 0.6067 | Val NDCG: 0.7600 | smoothed: 0.7585
Epoch 6 | Loss: 0.6046 | Val NDCG: 0.7626 | smoothed: 0.7606
Epoch 7 | Loss: 0.6042 | Val NDCG: 0.7634 | smoothed: 0.7620
Epoch 8 | Loss: 0.6037 | Val NDCG: 0.7655 | smoothed: 0.7639
Epoch 9 | Loss: 0.6022 | Val NDCG: 0.7662 | smoothed: 0.7651
Epoch 10 | Loss: 0.6021 | Val NDCG: 0.7655 | smoothed: 0.7657
Epoch 11 | Loss: 0.6009 | Val NDCG: 0.7671 | smoothed: 0.7663
Epoch 12 | Loss: 0.6001 | Val NDCG: 0.7669 | smoothed: 0.7665
Epoch 13 | Loss: 0.6006 | Val NDCG: 0.7671 | smoothed: 0.7670
Epoch 14 | Loss: 0.6005 | Val NDCG: 0.7673 | smoothed: 0.7671
Epoch 15 | Loss: 0.5991 | Val NDCG: 0.7673 | smoothed: 0.7672
Epoch 16 | Loss: 0.5995 | Val NDCG: 0.7696 | smoothed: 0.7680
Epoch 17 | Loss: 0.5988 | Val NDCG: 0.7653 | smoothed: 0.7674
Epoch 18 | Loss: 0.5985 | Val NDCG: 0.7705 | smoothed: 0.7684
Epoch 19 | Loss: 0.5980 | Val NDCG: 0.7692 | smoothed: 0.7683
Epoch 20 | Loss: 0.5981 | Val NDCG: 0.7690 | smoothed: 0.7696
Epoch 21 | Loss: 0.5973 | Val NDCG: 0.7694 | smoothed: 0.7692
Epoch 22 | Loss: 0.5985 | Val NDCG: 0.7703 | smoothed: 0.7696
Epoch 23 | Loss: 0.5951 | Val NDCG: 0.7695 | smoothed: 0.7698
Epoch 24 | Loss: 0.5965 | Val NDCG: 0.7691 | smoothed: 0.7697
Epoch 25 | Loss: 0.5972 | Val NDCG: 0.7706 | smoothed: 0.7698
Epoch 26 | Loss: 0.5959 | Val NDCG: 0.7708 | smoothed: 0.7702
Epoch 27 | Loss: 0.5959 | Val NDCG: 0.7698 | smoothed: 0.7704
Epoch 28 | Loss: 0.5952 | Val NDCG: 0.7709 | smoothed: 0.7705
Epoch 29 | Loss: 0.5961 | Val NDCG: 0.7704 | smoothed: 0.7703
Epoch 30 | Loss: 0.5948 | Val NDCG: 0.7696 | smoothed: 0.7703
Epoch 31 | Loss: 0.5951 | Val NDCG: 0.7718 | smoothed: 0.7706
Epoch 32 | Loss: 0.5946 | Val NDCG: 0.7733 | smoothed: 0.7716
Epoch 33 | Loss: 0.5955 | Val NDCG: 0.7722 | smoothed: 0.7724
Epoch 34 | Loss: 0.5929 | Val NDCG: 0.7710 | smoothed: 0.7721
Epoch 35 | Loss: 0.5943 | Val NDCG: 0.7740 | smoothed: 0.7724
Epoch 36 | Loss: 0.5948 | Val NDCG: 0.7723 | smoothed: 0.7724
Epoch 37 | Loss: 0.5948 | Val NDCG: 0.7707 | smoothed: 0.7723
Epoch 38 | Loss: 0.5950 | Val NDCG: 0.7737 | smoothed: 0.7722

Best smoothed NDCG: 0.7724 at epoch 33 of 38 run

1 combinations completed out of 1


--- Grid Search Results ---
 hidden_units  dropout_rate  num_blocks  num_heads     lr  val_ndcg  val_ndcg_raw  best_epoch  epochs_run  max_epochs
           64           0.1           2          8 0.0001  0.772422      0.772156          33          38          40

Best config: {'hidden_units': 64.0, 'dropout_rate': 0.1, 'num_blocks': 2.0, 'num_heads': 8.0, 'lr': 0.0001, 'val_ndcg': 0.7724215126532189, 'val_ndcg_raw': 0.7721563451357502, 'best_epoch': 33.0, 'epochs_run': 38.0, 'max_epochs': 40.0}
0 of 1 configs reached max_epochs
0 of 1 were still improving when stopped
Best params saved to ../Models/sasrec_pwts_best_params.json
