task 375 | loss drrl | node slurmnode-gpu05
Tesla P100-PCIE-16GB, 16384 MiB
Tesla P100-PCIE-16GB, 16384 MiB
Tesla P100-PCIE-16GB, 16384 MiB
Tesla P100-PCIE-16GB, 16384 MiB
Using device: cuda
Loading datasets...
Train sessions: 75875 | Val sessions: 16262

Running grid search over 486 combinations...

SLURM array task 375: 1 config -> ../Models/sasrec_grid_drrl_task375.csv
Trying: {'hidden_units': 256, 'dropout_rate': 0.1, 'num_blocks': 3, 'num_heads': 16, 'lr': 0.0001, 'gamma': 2}
Epoch 1 | Loss: -0.0882 | Val NDCG: 0.7445 | smoothed: 0.7445
Epoch 2 | Loss: -0.2096 | Val NDCG: 0.7252 | smoothed: 0.7349
Epoch 3 | Loss: -0.2162 | Val NDCG: 0.7224 | smoothed: 0.7307
Epoch 4 | Loss: -0.2200 | Val NDCG: 0.7541 | smoothed: 0.7339
Epoch 5 | Loss: -0.2213 | Val NDCG: 0.7276 | smoothed: 0.7347
Epoch 6 | Loss: -0.2230 | Val NDCG: 0.7484 | smoothed: 0.7434

Best smoothed NDCG: 0.7445 at epoch 1 of 6 run

1 combinations completed out of 1


--- Grid Search Results ---
 hidden_units  dropout_rate  num_blocks  num_heads     lr  gamma  val_ndcg  val_ndcg_raw  best_epoch  epochs_run  max_epochs
          256           0.1           3         16 0.0001      2  0.744538      0.744538           1           6          40

Best config: {'hidden_units': 256.0, 'dropout_rate': 0.1, 'num_blocks': 3.0, 'num_heads': 16.0, 'lr': 0.0001, 'gamma': 2.0, 'val_ndcg': 0.7445378990592021, 'val_ndcg_raw': 0.7445378990592021, 'best_epoch': 1.0, 'epochs_run': 6.0, 'max_epochs': 40.0}
0 of 1 configs reached max_epochs
0 of 1 were still improving when stopped
Best params saved to ../Models/sasrec_drrl_best_params.json
