task 266 | loss drrl | node slurmnode-gpu05
Tesla P100-PCIE-16GB, 16384 MiB
Tesla P100-PCIE-16GB, 16384 MiB
Tesla P100-PCIE-16GB, 16384 MiB
Tesla P100-PCIE-16GB, 16384 MiB
Using device: cuda
Loading datasets...
Train sessions: 75875 | Val sessions: 16262

Running grid search over 486 combinations...

SLURM array task 266: 1 config -> ../Models/sasrec_grid_drrl_task266.csv
Trying: {'hidden_units': 128, 'dropout_rate': 0.3, 'num_blocks': 3, 'num_heads': 16, 'lr': 0.001, 'gamma': 4}
Epoch 1 | Loss: -0.1877 | Val NDCG: 0.7240 | smoothed: 0.7240
Epoch 2 | Loss: -0.2232 | Val NDCG: 0.7416 | smoothed: 0.7328
Epoch 3 | Loss: -0.2268 | Val NDCG: 0.7414 | smoothed: 0.7357
Epoch 4 | Loss: -0.2284 | Val NDCG: 0.7341 | smoothed: 0.7390
Epoch 5 | Loss: -0.2293 | Val NDCG: 0.7405 | smoothed: 0.7386
Epoch 6 | Loss: -0.2294 | Val NDCG: 0.7329 | smoothed: 0.7358
Epoch 7 | Loss: -0.2296 | Val NDCG: 0.7473 | smoothed: 0.7403
Epoch 8 | Loss: -0.2298 | Val NDCG: 0.7715 | smoothed: 0.7506
Epoch 9 | Loss: -0.2296 | Val NDCG: 0.7634 | smoothed: 0.7607
Epoch 10 | Loss: -0.2297 | Val NDCG: 0.7665 | smoothed: 0.7671
Epoch 11 | Loss: -0.2301 | Val NDCG: 0.7537 | smoothed: 0.7612
Epoch 12 | Loss: -0.2299 | Val NDCG: 0.7617 | smoothed: 0.7606
Epoch 13 | Loss: -0.2301 | Val NDCG: 0.7539 | smoothed: 0.7564
Epoch 14 | Loss: -0.2302 | Val NDCG: 0.7676 | smoothed: 0.7611
Epoch 15 | Loss: -0.2299 | Val NDCG: 0.7748 | smoothed: 0.7654

Best smoothed NDCG: 0.7671 at epoch 10 of 15 run

1 combinations completed out of 1


--- Grid Search Results ---
 hidden_units  dropout_rate  num_blocks  num_heads    lr  gamma  val_ndcg  val_ndcg_raw  best_epoch  epochs_run  max_epochs
          128           0.3           3         16 0.001      4  0.767109      0.766497          10          15          20

Best config: {'hidden_units': 128.0, 'dropout_rate': 0.3, 'num_blocks': 3.0, 'num_heads': 16.0, 'lr': 0.001, 'gamma': 4.0, 'val_ndcg': 0.7671090790041198, 'val_ndcg_raw': 0.7664970464149193, 'best_epoch': 10.0, 'epochs_run': 15.0, 'max_epochs': 20.0}
0 of 1 configs reached max_epochs
0 of 1 were still improving when stopped
Best params saved to ../Models/sasrec_drrl_best_params.json
