task 144 | loss pwts | node slurmnode-gpu07
NVIDIA A40, 46068 MiB
NVIDIA A40, 46068 MiB
NVIDIA A40, 46068 MiB
NVIDIA A40, 46068 MiB
Using device: cuda
Loading datasets...
Train sessions: 75875 | Val sessions: 16262

Running grid search over 162 combinations...

SLURM array task 144: 1 config -> ../Models/sasrec_grid_pwts_task144.csv
Trying: {'hidden_units': 256, 'dropout_rate': 0.5, 'num_blocks': 1, 'num_heads': 4, 'lr': 0.001}
Epoch 1 | Loss: 0.6301 | Val NDCG: 0.7585 | smoothed: 0.7585
Epoch 2 | Loss: 0.6181 | Val NDCG: 0.7638 | smoothed: 0.7611
Epoch 3 | Loss: 0.6152 | Val NDCG: 0.7621 | smoothed: 0.7615
Epoch 4 | Loss: 0.6127 | Val NDCG: 0.7687 | smoothed: 0.7649
Epoch 5 | Loss: 0.6102 | Val NDCG: 0.7665 | smoothed: 0.7658
Epoch 6 | Loss: 0.6101 | Val NDCG: 0.7697 | smoothed: 0.7683
Epoch 7 | Loss: 0.6093 | Val NDCG: 0.7729 | smoothed: 0.7697
Epoch 8 | Loss: 0.6073 | Val NDCG: 0.7784 | smoothed: 0.7736
Epoch 9 | Loss: 0.6069 | Val NDCG: 0.7760 | smoothed: 0.7757
Epoch 10 | Loss: 0.6065 | Val NDCG: 0.7708 | smoothed: 0.7750
Epoch 11 | Loss: 0.6056 | Val NDCG: 0.7699 | smoothed: 0.7722
Epoch 12 | Loss: 0.6056 | Val NDCG: 0.7743 | smoothed: 0.7717
Epoch 13 | Loss: 0.6057 | Val NDCG: 0.7772 | smoothed: 0.7738
Epoch 14 | Loss: 0.6044 | Val NDCG: 0.7776 | smoothed: 0.7764
Epoch 15 | Loss: 0.6048 | Val NDCG: 0.7738 | smoothed: 0.7762
Epoch 16 | Loss: 0.6025 | Val NDCG: 0.7777 | smoothed: 0.7763
Epoch 17 | Loss: 0.6037 | Val NDCG: 0.7788 | smoothed: 0.7768
Epoch 18 | Loss: 0.6037 | Val NDCG: 0.7760 | smoothed: 0.7775
Epoch 19 | Loss: 0.6030 | Val NDCG: 0.7798 | smoothed: 0.7782
Epoch 20 | Loss: 0.6019 | Val NDCG: 0.7794 | smoothed: 0.7784

Best smoothed NDCG: 0.7784 at epoch 20 of 20 run

1 combinations completed out of 1


--- Grid Search Results ---
 hidden_units  dropout_rate  num_blocks  num_heads    lr  val_ndcg  val_ndcg_raw  best_epoch  epochs_run  max_epochs
          256           0.5           1          4 0.001  0.778358      0.779359          20          20          20

Best config: {'hidden_units': 256.0, 'dropout_rate': 0.5, 'num_blocks': 1.0, 'num_heads': 4.0, 'lr': 0.001, 'val_ndcg': 0.7783582526757896, 'val_ndcg_raw': 0.7793594500368995, 'best_epoch': 20.0, 'epochs_run': 20.0, 'max_epochs': 20.0}
1 of 1 configs reached max_epochs
1 of 1 were still improving when stopped
Best params saved to ../Models/sasrec_pwts_best_params.json
