task 331 | loss drrl | node slurmnode-gpu03
Tesla P100-PCIE-16GB, 16384 MiB
Tesla P100-PCIE-16GB, 16384 MiB
Tesla P100-PCIE-16GB, 16384 MiB
Tesla P100-PCIE-16GB, 16384 MiB
Using device: cuda
Loading datasets...
Train sessions: 75875 | Val sessions: 16262

Running grid search over 486 combinations...

SLURM array task 331: 1 config -> ../Models/sasrec_grid_drrl_task331.csv
Trying: {'hidden_units': 256, 'dropout_rate': 0.1, 'num_blocks': 1, 'num_heads': 8, 'lr': 0.001, 'gamma': 3}
Epoch 1 | Loss: -0.1720 | Val NDCG: 0.7495 | smoothed: 0.7495
Epoch 2 | Loss: -0.2194 | Val NDCG: 0.7420 | smoothed: 0.7458
Epoch 3 | Loss: -0.2228 | Val NDCG: 0.7380 | smoothed: 0.7432
Epoch 4 | Loss: -0.2245 | Val NDCG: 0.7310 | smoothed: 0.7370
Epoch 5 | Loss: -0.2264 | Val NDCG: 0.7505 | smoothed: 0.7398
Epoch 6 | Loss: -0.2275 | Val NDCG: 0.7465 | smoothed: 0.7427

Best smoothed NDCG: 0.7495 at epoch 1 of 6 run

1 combinations completed out of 1


--- Grid Search Results ---
 hidden_units  dropout_rate  num_blocks  num_heads    lr  gamma  val_ndcg  val_ndcg_raw  best_epoch  epochs_run  max_epochs
          256           0.1           1          8 0.001      3  0.749522      0.749522           1           6          20

Best config: {'hidden_units': 256.0, 'dropout_rate': 0.1, 'num_blocks': 1.0, 'num_heads': 8.0, 'lr': 0.001, 'gamma': 3.0, 'val_ndcg': 0.7495217474466729, 'val_ndcg_raw': 0.7495217474466729, 'best_epoch': 1.0, 'epochs_run': 6.0, 'max_epochs': 20.0}
0 of 1 configs reached max_epochs
0 of 1 were still improving when stopped
Best params saved to ../Models/sasrec_drrl_best_params.json
