task 8 | loss bce | node slurmnode-gpu02
NVIDIA GeForce GTX 1080 Ti, 11264 MiB
NVIDIA GeForce GTX 1080 Ti, 11264 MiB
NVIDIA GeForce GTX 1080 Ti, 11264 MiB
NVIDIA GeForce GTX 1080 Ti, 11264 MiB
NVIDIA GeForce GTX 1080 Ti, 11264 MiB
NVIDIA GeForce GTX 1080 Ti, 11264 MiB
NVIDIA GeForce GTX 1080 Ti, 11264 MiB
NVIDIA GeForce GTX 1080 Ti, 11264 MiB
Using device: cuda
Loading datasets...
Train sessions: 75875 | Val sessions: 16262

Running grid search over 162 combinations...

SLURM array task 8: 1 config -> ../Models/sasrec_grid_bce_task8.csv
Trying: {'hidden_units': 64, 'dropout_rate': 0.1, 'num_blocks': 2, 'num_heads': 8, 'lr': 0.001}
Epoch 1 | Loss: 0.5848 | Val NDCG: 0.7552 | smoothed: 0.7552
Epoch 2 | Loss: 0.5731 | Val NDCG: 0.7616 | smoothed: 0.7584
Epoch 3 | Loss: 0.5715 | Val NDCG: 0.7725 | smoothed: 0.7631
Epoch 4 | Loss: 0.5706 | Val NDCG: 0.7736 | smoothed: 0.7692
Epoch 5 | Loss: 0.5691 | Val NDCG: 0.7727 | smoothed: 0.7729
Epoch 6 | Loss: 0.5679 | Val NDCG: 0.7757 | smoothed: 0.7740
Epoch 7 | Loss: 0.5665 | Val NDCG: 0.7721 | smoothed: 0.7735
Epoch 8 | Loss: 0.5664 | Val NDCG: 0.7733 | smoothed: 0.7737
Epoch 9 | Loss: 0.5652 | Val NDCG: 0.7729 | smoothed: 0.7728
Epoch 10 | Loss: 0.5662 | Val NDCG: 0.7793 | smoothed: 0.7752
Epoch 11 | Loss: 0.5635 | Val NDCG: 0.7748 | smoothed: 0.7757
Epoch 12 | Loss: 0.5645 | Val NDCG: 0.7767 | smoothed: 0.7769
Epoch 13 | Loss: 0.5641 | Val NDCG: 0.7756 | smoothed: 0.7757
Epoch 14 | Loss: 0.5631 | Val NDCG: 0.7780 | smoothed: 0.7768
Epoch 15 | Loss: 0.5642 | Val NDCG: 0.7791 | smoothed: 0.7776
Epoch 16 | Loss: 0.5615 | Val NDCG: 0.7788 | smoothed: 0.7786
Epoch 17 | Loss: 0.5602 | Val NDCG: 0.7780 | smoothed: 0.7787
Epoch 18 | Loss: 0.5610 | Val NDCG: 0.7797 | smoothed: 0.7788
Epoch 19 | Loss: 0.5614 | Val NDCG: 0.7801 | smoothed: 0.7792
Epoch 20 | Loss: 0.5608 | Val NDCG: 0.7793 | smoothed: 0.7797

Best smoothed NDCG: 0.7797 at epoch 20 of 20 run

1 combinations completed out of 1


--- Grid Search Results ---
 hidden_units  dropout_rate  num_blocks  num_heads    lr  val_ndcg  val_ndcg_raw  best_epoch  epochs_run  max_epochs
           64           0.1           2          8 0.001  0.779662      0.779281          20          20          20

Best config: {'hidden_units': 64.0, 'dropout_rate': 0.1, 'num_blocks': 2.0, 'num_heads': 8.0, 'lr': 0.001, 'val_ndcg': 0.779662285903358, 'val_ndcg_raw': 0.779281102311544, 'best_epoch': 20.0, 'epochs_run': 20.0, 'max_epochs': 20.0}
1 of 1 configs reached max_epochs
1 of 1 were still improving when stopped
Best params saved to ../Models/sasrec_bce_best_params.json
