task 4 | loss bce | node slurmnode-gpu02
NVIDIA GeForce GTX 1080 Ti, 11264 MiB
NVIDIA GeForce GTX 1080 Ti, 11264 MiB
NVIDIA GeForce GTX 1080 Ti, 11264 MiB
NVIDIA GeForce GTX 1080 Ti, 11264 MiB
NVIDIA GeForce GTX 1080 Ti, 11264 MiB
NVIDIA GeForce GTX 1080 Ti, 11264 MiB
NVIDIA GeForce GTX 1080 Ti, 11264 MiB
NVIDIA GeForce GTX 1080 Ti, 11264 MiB
Using device: cuda
Loading datasets...
Train sessions: 75875 | Val sessions: 16262

Running grid search over 162 combinations...

SLURM array task 4: 1 config -> ../Models/sasrec_grid_bce_task4.csv
Trying: {'hidden_units': 64, 'dropout_rate': 0.1, 'num_blocks': 1, 'num_heads': 16, 'lr': 0.001}
Epoch 1 | Loss: 0.5891 | Val NDCG: 0.7597 | smoothed: 0.7597
Epoch 2 | Loss: 0.5769 | Val NDCG: 0.7667 | smoothed: 0.7632
Epoch 3 | Loss: 0.5735 | Val NDCG: 0.7650 | smoothed: 0.7638
Epoch 4 | Loss: 0.5726 | Val NDCG: 0.7681 | smoothed: 0.7666
Epoch 5 | Loss: 0.5703 | Val NDCG: 0.7682 | smoothed: 0.7671
Epoch 6 | Loss: 0.5699 | Val NDCG: 0.7692 | smoothed: 0.7685
Epoch 7 | Loss: 0.5696 | Val NDCG: 0.7737 | smoothed: 0.7704
Epoch 8 | Loss: 0.5680 | Val NDCG: 0.7719 | smoothed: 0.7716
Epoch 9 | Loss: 0.5668 | Val NDCG: 0.7744 | smoothed: 0.7733
Epoch 10 | Loss: 0.5674 | Val NDCG: 0.7739 | smoothed: 0.7734
Epoch 11 | Loss: 0.5675 | Val NDCG: 0.7736 | smoothed: 0.7740
Epoch 12 | Loss: 0.5662 | Val NDCG: 0.7752 | smoothed: 0.7742
Epoch 13 | Loss: 0.5656 | Val NDCG: 0.7716 | smoothed: 0.7734
Epoch 14 | Loss: 0.5651 | Val NDCG: 0.7785 | smoothed: 0.7751
Epoch 15 | Loss: 0.5652 | Val NDCG: 0.7752 | smoothed: 0.7751
Epoch 16 | Loss: 0.5640 | Val NDCG: 0.7772 | smoothed: 0.7770
Epoch 17 | Loss: 0.5639 | Val NDCG: 0.7804 | smoothed: 0.7776
Epoch 18 | Loss: 0.5639 | Val NDCG: 0.7786 | smoothed: 0.7788
Epoch 19 | Loss: 0.5639 | Val NDCG: 0.7772 | smoothed: 0.7787
Epoch 20 | Loss: 0.5639 | Val NDCG: 0.7796 | smoothed: 0.7785

Best smoothed NDCG: 0.7788 at epoch 18 of 20 run

1 combinations completed out of 1


--- Grid Search Results ---
 hidden_units  dropout_rate  num_blocks  num_heads    lr  val_ndcg  val_ndcg_raw  best_epoch  epochs_run  max_epochs
           64           0.1           1         16 0.001  0.778764      0.778612          18          20          20

Best config: {'hidden_units': 64.0, 'dropout_rate': 0.1, 'num_blocks': 1.0, 'num_heads': 16.0, 'lr': 0.001, 'val_ndcg': 0.7787642040680812, 'val_ndcg_raw': 0.778611933028223, 'best_epoch': 18.0, 'epochs_run': 20.0, 'max_epochs': 20.0}
1 of 1 configs reached max_epochs
0 of 1 were still improving when stopped
Best params saved to ../Models/sasrec_bce_best_params.json
