task 377 | loss drrl | node slurmnode-gpu05
Tesla P100-PCIE-16GB, 16384 MiB
Tesla P100-PCIE-16GB, 16384 MiB
Tesla P100-PCIE-16GB, 16384 MiB
Tesla P100-PCIE-16GB, 16384 MiB
Using device: cuda
Loading datasets...
Train sessions: 75875 | Val sessions: 16262

Running grid search over 486 combinations...

SLURM array task 377: 1 config -> ../Models/sasrec_grid_drrl_task377.csv
Trying: {'hidden_units': 256, 'dropout_rate': 0.1, 'num_blocks': 3, 'num_heads': 16, 'lr': 0.0001, 'gamma': 4}
Epoch 1 | Loss: -0.1302 | Val NDCG: 0.7283 | smoothed: 0.7283
Epoch 2 | Loss: -0.2122 | Val NDCG: 0.7416 | smoothed: 0.7350
Epoch 3 | Loss: -0.2205 | Val NDCG: 0.7482 | smoothed: 0.7394
Epoch 4 | Loss: -0.2222 | Val NDCG: 0.7617 | smoothed: 0.7505
Epoch 5 | Loss: -0.2240 | Val NDCG: 0.7398 | smoothed: 0.7499
Epoch 6 | Loss: -0.2253 | Val NDCG: 0.7466 | smoothed: 0.7493
Epoch 7 | Loss: -0.2254 | Val NDCG: 0.7408 | smoothed: 0.7424
Epoch 8 | Loss: -0.2266 | Val NDCG: 0.7684 | smoothed: 0.7519
Epoch 9 | Loss: -0.2266 | Val NDCG: 0.7639 | smoothed: 0.7577
Epoch 10 | Loss: -0.2276 | Val NDCG: 0.7637 | smoothed: 0.7654
Epoch 11 | Loss: -0.2278 | Val NDCG: 0.7578 | smoothed: 0.7618
Epoch 12 | Loss: -0.2276 | Val NDCG: 0.7497 | smoothed: 0.7571
Epoch 13 | Loss: -0.2275 | Val NDCG: 0.7627 | smoothed: 0.7567
Epoch 14 | Loss: -0.2283 | Val NDCG: 0.7545 | smoothed: 0.7557
Epoch 15 | Loss: -0.2285 | Val NDCG: 0.7588 | smoothed: 0.7587

Best smoothed NDCG: 0.7654 at epoch 10 of 15 run

1 combinations completed out of 1


--- Grid Search Results ---
 hidden_units  dropout_rate  num_blocks  num_heads     lr  gamma  val_ndcg  val_ndcg_raw  best_epoch  epochs_run  max_epochs
          256           0.1           3         16 0.0001      4  0.765365      0.763728          10          15          40

Best config: {'hidden_units': 256.0, 'dropout_rate': 0.1, 'num_blocks': 3.0, 'num_heads': 16.0, 'lr': 0.0001, 'gamma': 4.0, 'val_ndcg': 0.7653645844817373, 'val_ndcg_raw': 0.7637278044939916, 'best_epoch': 10.0, 'epochs_run': 15.0, 'max_epochs': 40.0}
0 of 1 configs reached max_epochs
0 of 1 were still improving when stopped
Best params saved to ../Models/sasrec_drrl_best_params.json
