task 129 | loss bce | node slurmnode-gpu05
Tesla P100-PCIE-16GB, 16384 MiB
Tesla P100-PCIE-16GB, 16384 MiB
Tesla P100-PCIE-16GB, 16384 MiB
Tesla P100-PCIE-16GB, 16384 MiB
Using device: cuda
Loading datasets...
Train sessions: 75875 | Val sessions: 16262

Running grid search over 162 combinations...

SLURM array task 129: 1 config -> ../Models/sasrec_grid_bce_task129.csv
Trying: {'hidden_units': 256, 'dropout_rate': 0.3, 'num_blocks': 1, 'num_heads': 8, 'lr': 0.0001}
Epoch 1 | Loss: 0.6020 | Val NDCG: 0.7492 | smoothed: 0.7492
Epoch 2 | Loss: 0.5879 | Val NDCG: 0.7568 | smoothed: 0.7530
Epoch 3 | Loss: 0.5831 | Val NDCG: 0.7591 | smoothed: 0.7550
Epoch 4 | Loss: 0.5795 | Val NDCG: 0.7676 | smoothed: 0.7612
Epoch 5 | Loss: 0.5780 | Val NDCG: 0.7658 | smoothed: 0.7641
Epoch 6 | Loss: 0.5762 | Val NDCG: 0.7680 | smoothed: 0.7671
Epoch 7 | Loss: 0.5763 | Val NDCG: 0.7670 | smoothed: 0.7669
Epoch 8 | Loss: 0.5745 | Val NDCG: 0.7652 | smoothed: 0.7667
Epoch 9 | Loss: 0.5738 | Val NDCG: 0.7714 | smoothed: 0.7678
Epoch 10 | Loss: 0.5740 | Val NDCG: 0.7683 | smoothed: 0.7683
Epoch 11 | Loss: 0.5733 | Val NDCG: 0.7714 | smoothed: 0.7703
Epoch 12 | Loss: 0.5724 | Val NDCG: 0.7719 | smoothed: 0.7705
Epoch 13 | Loss: 0.5717 | Val NDCG: 0.7733 | smoothed: 0.7722
Epoch 14 | Loss: 0.5716 | Val NDCG: 0.7722 | smoothed: 0.7724
Epoch 15 | Loss: 0.5716 | Val NDCG: 0.7739 | smoothed: 0.7731
Epoch 16 | Loss: 0.5708 | Val NDCG: 0.7726 | smoothed: 0.7729
Epoch 17 | Loss: 0.5705 | Val NDCG: 0.7758 | smoothed: 0.7741
Epoch 18 | Loss: 0.5703 | Val NDCG: 0.7740 | smoothed: 0.7741
Epoch 19 | Loss: 0.5697 | Val NDCG: 0.7760 | smoothed: 0.7753
Epoch 20 | Loss: 0.5696 | Val NDCG: 0.7769 | smoothed: 0.7756
Epoch 21 | Loss: 0.5703 | Val NDCG: 0.7744 | smoothed: 0.7758
Epoch 22 | Loss: 0.5699 | Val NDCG: 0.7757 | smoothed: 0.7757
Epoch 23 | Loss: 0.5685 | Val NDCG: 0.7763 | smoothed: 0.7755
Epoch 24 | Loss: 0.5704 | Val NDCG: 0.7762 | smoothed: 0.7761
Epoch 25 | Loss: 0.5694 | Val NDCG: 0.7757 | smoothed: 0.7760
Epoch 26 | Loss: 0.5692 | Val NDCG: 0.7749 | smoothed: 0.7756
Epoch 27 | Loss: 0.5685 | Val NDCG: 0.7736 | smoothed: 0.7747
Epoch 28 | Loss: 0.5689 | Val NDCG: 0.7757 | smoothed: 0.7747
Epoch 29 | Loss: 0.5683 | Val NDCG: 0.7764 | smoothed: 0.7752

Best smoothed NDCG: 0.7761 at epoch 24 of 29 run

1 combinations completed out of 1


--- Grid Search Results ---
 hidden_units  dropout_rate  num_blocks  num_heads     lr  val_ndcg  val_ndcg_raw  best_epoch  epochs_run  max_epochs
          256           0.3           1          8 0.0001  0.776061      0.776162          24          29          40

Best config: {'hidden_units': 256.0, 'dropout_rate': 0.3, 'num_blocks': 1.0, 'num_heads': 8.0, 'lr': 0.0001, 'val_ndcg': 0.7760610408292345, 'val_ndcg_raw': 0.7761616347294177, 'best_epoch': 24.0, 'epochs_run': 29.0, 'max_epochs': 40.0}
0 of 1 configs reached max_epochs
0 of 1 were still improving when stopped
Best params saved to ../Models/sasrec_bce_best_params.json
