task 143 | loss drrl | node slurmnode-gpu07
NVIDIA A40, 46068 MiB
NVIDIA A40, 46068 MiB
NVIDIA A40, 46068 MiB
NVIDIA A40, 46068 MiB
Using device: cuda
Loading datasets...
Train sessions: 75875 | Val sessions: 16262

Running grid search over 486 combinations...

SLURM array task 143: 1 config -> ../Models/sasrec_grid_drrl_task143.csv
Trying: {'hidden_units': 64, 'dropout_rate': 0.5, 'num_blocks': 2, 'num_heads': 16, 'lr': 0.0001, 'gamma': 4}
Epoch 1 | Loss: 0.0789 | Val NDCG: 0.7184 | smoothed: 0.7184
Epoch 2 | Loss: -0.2002 | Val NDCG: 0.7083 | smoothed: 0.7133
Epoch 3 | Loss: -0.2206 | Val NDCG: 0.7077 | smoothed: 0.7114
Epoch 4 | Loss: -0.2262 | Val NDCG: 0.7078 | smoothed: 0.7079
Epoch 5 | Loss: -0.2287 | Val NDCG: 0.7078 | smoothed: 0.7078
Epoch 6 | Loss: -0.2300 | Val NDCG: 0.7102 | smoothed: 0.7086

Best smoothed NDCG: 0.7184 at epoch 1 of 6 run

1 combinations completed out of 1


--- Grid Search Results ---
 hidden_units  dropout_rate  num_blocks  num_heads     lr  gamma  val_ndcg  val_ndcg_raw  best_epoch  epochs_run  max_epochs
           64           0.5           2         16 0.0001      4  0.718356      0.718356           1           6          40

Best config: {'hidden_units': 64.0, 'dropout_rate': 0.5, 'num_blocks': 2.0, 'num_heads': 16.0, 'lr': 0.0001, 'gamma': 4.0, 'val_ndcg': 0.7183562991053374, 'val_ndcg_raw': 0.7183562991053374, 'best_epoch': 1.0, 'epochs_run': 6.0, 'max_epochs': 40.0}
0 of 1 configs reached max_epochs
0 of 1 were still improving when stopped
Best params saved to ../Models/sasrec_drrl_best_params.json
