task 12 | loss pwts | node slurmnode-gpu02
NVIDIA GeForce GTX 1080 Ti, 11264 MiB
NVIDIA GeForce GTX 1080 Ti, 11264 MiB
NVIDIA GeForce GTX 1080 Ti, 11264 MiB
NVIDIA GeForce GTX 1080 Ti, 11264 MiB
NVIDIA GeForce GTX 1080 Ti, 11264 MiB
NVIDIA GeForce GTX 1080 Ti, 11264 MiB
NVIDIA GeForce GTX 1080 Ti, 11264 MiB
NVIDIA GeForce GTX 1080 Ti, 11264 MiB
Using device: cuda
Loading datasets...
Train sessions: 75875 | Val sessions: 16262

Running grid search over 162 combinations...

SLURM array task 12: 1 config -> ../Models/sasrec_grid_pwts_task12.csv
Trying: {'hidden_units': 64, 'dropout_rate': 0.1, 'num_blocks': 3, 'num_heads': 4, 'lr': 0.001}
Epoch 1 | Loss: 0.6157 | Val NDCG: 0.7669 | smoothed: 0.7669
Epoch 2 | Loss: 0.6030 | Val NDCG: 0.7668 | smoothed: 0.7669
Epoch 3 | Loss: 0.6002 | Val NDCG: 0.7651 | smoothed: 0.7663
Epoch 4 | Loss: 0.5994 | Val NDCG: 0.7699 | smoothed: 0.7673
Epoch 5 | Loss: 0.5976 | Val NDCG: 0.7691 | smoothed: 0.7680
Epoch 6 | Loss: 0.5963 | Val NDCG: 0.7745 | smoothed: 0.7711
Epoch 7 | Loss: 0.5950 | Val NDCG: 0.7679 | smoothed: 0.7705
Epoch 8 | Loss: 0.5945 | Val NDCG: 0.7721 | smoothed: 0.7715
Epoch 9 | Loss: 0.5953 | Val NDCG: 0.7715 | smoothed: 0.7705
Epoch 10 | Loss: 0.5927 | Val NDCG: 0.7730 | smoothed: 0.7722
Epoch 11 | Loss: 0.5929 | Val NDCG: 0.7728 | smoothed: 0.7724
Epoch 12 | Loss: 0.5925 | Val NDCG: 0.7729 | smoothed: 0.7729
Epoch 13 | Loss: 0.5922 | Val NDCG: 0.7752 | smoothed: 0.7736
Epoch 14 | Loss: 0.5912 | Val NDCG: 0.7743 | smoothed: 0.7741
Epoch 15 | Loss: 0.5913 | Val NDCG: 0.7760 | smoothed: 0.7751
Epoch 16 | Loss: 0.5896 | Val NDCG: 0.7758 | smoothed: 0.7754
Epoch 17 | Loss: 0.5900 | Val NDCG: 0.7778 | smoothed: 0.7765
Epoch 18 | Loss: 0.5907 | Val NDCG: 0.7765 | smoothed: 0.7767
Epoch 19 | Loss: 0.5902 | Val NDCG: 0.7772 | smoothed: 0.7772
Epoch 20 | Loss: 0.5897 | Val NDCG: 0.7818 | smoothed: 0.7785

Best smoothed NDCG: 0.7785 at epoch 20 of 20 run

1 combinations completed out of 1


--- Grid Search Results ---
 hidden_units  dropout_rate  num_blocks  num_heads    lr  val_ndcg  val_ndcg_raw  best_epoch  epochs_run  max_epochs
           64           0.1           3          4 0.001  0.778474      0.781756          20          20          20

Best config: {'hidden_units': 64.0, 'dropout_rate': 0.1, 'num_blocks': 3.0, 'num_heads': 4.0, 'lr': 0.001, 'val_ndcg': 0.7784739361834262, 'val_ndcg_raw': 0.7817559980577533, 'best_epoch': 20.0, 'epochs_run': 20.0, 'max_epochs': 20.0}
1 of 1 configs reached max_epochs
1 of 1 were still improving when stopped
Best params saved to ../Models/sasrec_pwts_best_params.json
