task 61 | loss drrl | node slurmnode-gpu03
Tesla P100-PCIE-16GB, 16384 MiB
Tesla P100-PCIE-16GB, 16384 MiB
Tesla P100-PCIE-16GB, 16384 MiB
Tesla P100-PCIE-16GB, 16384 MiB
Using device: cuda
Loading datasets...
Train sessions: 75875 | Val sessions: 16262

Running grid search over 486 combinations...

SLURM array task 61: 1 config -> ../Models/sasrec_grid_drrl_task61.csv
Trying: {'hidden_units': 64, 'dropout_rate': 0.3, 'num_blocks': 1, 'num_heads': 8, 'lr': 0.001, 'gamma': 3}
Epoch 1 | Loss: -0.1931 | Val NDCG: 0.7104 | smoothed: 0.7104
Epoch 2 | Loss: -0.2276 | Val NDCG: 0.7219 | smoothed: 0.7162
Epoch 3 | Loss: -0.2288 | Val NDCG: 0.7261 | smoothed: 0.7195
Epoch 4 | Loss: -0.2290 | Val NDCG: 0.7162 | smoothed: 0.7214
Epoch 5 | Loss: -0.2295 | Val NDCG: 0.7211 | smoothed: 0.7211
Epoch 6 | Loss: -0.2295 | Val NDCG: 0.7487 | smoothed: 0.7286
Epoch 7 | Loss: -0.2297 | Val NDCG: 0.7188 | smoothed: 0.7295
Epoch 8 | Loss: -0.2298 | Val NDCG: 0.7463 | smoothed: 0.7379
Epoch 9 | Loss: -0.2297 | Val NDCG: 0.7527 | smoothed: 0.7393
Epoch 10 | Loss: -0.2300 | Val NDCG: 0.7475 | smoothed: 0.7488
Epoch 11 | Loss: -0.2300 | Val NDCG: 0.7560 | smoothed: 0.7521
Epoch 12 | Loss: -0.2300 | Val NDCG: 0.7658 | smoothed: 0.7565
Epoch 13 | Loss: -0.2303 | Val NDCG: 0.7671 | smoothed: 0.7630
Epoch 14 | Loss: -0.2301 | Val NDCG: 0.7643 | smoothed: 0.7657
Epoch 15 | Loss: -0.2301 | Val NDCG: 0.7671 | smoothed: 0.7661
Epoch 16 | Loss: -0.2303 | Val NDCG: 0.7579 | smoothed: 0.7631
Epoch 17 | Loss: -0.2304 | Val NDCG: 0.7532 | smoothed: 0.7594
Epoch 18 | Loss: -0.2299 | Val NDCG: 0.7666 | smoothed: 0.7592
Epoch 19 | Loss: -0.2304 | Val NDCG: 0.7652 | smoothed: 0.7617
Epoch 20 | Loss: -0.2304 | Val NDCG: 0.7679 | smoothed: 0.7666

Best smoothed NDCG: 0.7666 at epoch 20 of 20 run

1 combinations completed out of 1


--- Grid Search Results ---
 hidden_units  dropout_rate  num_blocks  num_heads    lr  gamma  val_ndcg  val_ndcg_raw  best_epoch  epochs_run  max_epochs
           64           0.3           1          8 0.001      3  0.766577      0.767937          20          20          20

Best config: {'hidden_units': 64.0, 'dropout_rate': 0.3, 'num_blocks': 1.0, 'num_heads': 8.0, 'lr': 0.001, 'gamma': 3.0, 'val_ndcg': 0.7665772529957809, 'val_ndcg_raw': 0.7679374441570206, 'best_epoch': 20.0, 'epochs_run': 20.0, 'max_epochs': 20.0}
1 of 1 configs reached max_epochs
1 of 1 were still improving when stopped
Best params saved to ../Models/sasrec_drrl_best_params.json
