task 47 | loss bce | node slurmnode-gpu02
NVIDIA GeForce GTX 1080 Ti, 11264 MiB
NVIDIA GeForce GTX 1080 Ti, 11264 MiB
NVIDIA GeForce GTX 1080 Ti, 11264 MiB
NVIDIA GeForce GTX 1080 Ti, 11264 MiB
NVIDIA GeForce GTX 1080 Ti, 11264 MiB
NVIDIA GeForce GTX 1080 Ti, 11264 MiB
NVIDIA GeForce GTX 1080 Ti, 11264 MiB
NVIDIA GeForce GTX 1080 Ti, 11264 MiB
Using device: cuda
Loading datasets...
Train sessions: 75875 | Val sessions: 16262

Running grid search over 162 combinations...

SLURM array task 47: 1 config -> ../Models/sasrec_grid_bce_task47.csv
Trying: {'hidden_units': 64, 'dropout_rate': 0.5, 'num_blocks': 2, 'num_heads': 16, 'lr': 0.0001}
Epoch 1 | Loss: 0.6242 | Val NDCG: 0.7175 | smoothed: 0.7175
Epoch 2 | Loss: 0.6030 | Val NDCG: 0.7228 | smoothed: 0.7202
Epoch 3 | Loss: 0.5984 | Val NDCG: 0.7326 | smoothed: 0.7243
Epoch 4 | Loss: 0.5939 | Val NDCG: 0.7415 | smoothed: 0.7323
Epoch 5 | Loss: 0.5900 | Val NDCG: 0.7467 | smoothed: 0.7403
Epoch 6 | Loss: 0.5887 | Val NDCG: 0.7500 | smoothed: 0.7461
Epoch 7 | Loss: 0.5863 | Val NDCG: 0.7512 | smoothed: 0.7493
Epoch 8 | Loss: 0.5848 | Val NDCG: 0.7528 | smoothed: 0.7513
Epoch 9 | Loss: 0.5829 | Val NDCG: 0.7541 | smoothed: 0.7527
Epoch 10 | Loss: 0.5832 | Val NDCG: 0.7538 | smoothed: 0.7535
Epoch 11 | Loss: 0.5812 | Val NDCG: 0.7543 | smoothed: 0.7540
Epoch 12 | Loss: 0.5802 | Val NDCG: 0.7563 | smoothed: 0.7548
Epoch 13 | Loss: 0.5804 | Val NDCG: 0.7564 | smoothed: 0.7556
Epoch 14 | Loss: 0.5794 | Val NDCG: 0.7557 | smoothed: 0.7561
Epoch 15 | Loss: 0.5800 | Val NDCG: 0.7555 | smoothed: 0.7558
Epoch 16 | Loss: 0.5785 | Val NDCG: 0.7578 | smoothed: 0.7563
Epoch 17 | Loss: 0.5776 | Val NDCG: 0.7543 | smoothed: 0.7559
Epoch 18 | Loss: 0.5790 | Val NDCG: 0.7553 | smoothed: 0.7558
Epoch 19 | Loss: 0.5764 | Val NDCG: 0.7559 | smoothed: 0.7552
Epoch 20 | Loss: 0.5762 | Val NDCG: 0.7566 | smoothed: 0.7559
Epoch 21 | Loss: 0.5772 | Val NDCG: 0.7568 | smoothed: 0.7564
Epoch 22 | Loss: 0.5766 | Val NDCG: 0.7570 | smoothed: 0.7568
Epoch 23 | Loss: 0.5768 | Val NDCG: 0.7581 | smoothed: 0.7573
Epoch 24 | Loss: 0.5767 | Val NDCG: 0.7585 | smoothed: 0.7579
Epoch 25 | Loss: 0.5756 | Val NDCG: 0.7581 | smoothed: 0.7582
Epoch 26 | Loss: 0.5762 | Val NDCG: 0.7587 | smoothed: 0.7584
Epoch 27 | Loss: 0.5755 | Val NDCG: 0.7582 | smoothed: 0.7583
Epoch 28 | Loss: 0.5751 | Val NDCG: 0.7578 | smoothed: 0.7582
Epoch 29 | Loss: 0.5741 | Val NDCG: 0.7592 | smoothed: 0.7584
Epoch 30 | Loss: 0.5741 | Val NDCG: 0.7570 | smoothed: 0.7580
Epoch 31 | Loss: 0.5747 | Val NDCG: 0.7583 | smoothed: 0.7581

Best smoothed NDCG: 0.7584 at epoch 26 of 31 run

1 combinations completed out of 1


--- Grid Search Results ---
 hidden_units  dropout_rate  num_blocks  num_heads     lr  val_ndcg  val_ndcg_raw  best_epoch  epochs_run  max_epochs
           64           0.5           2         16 0.0001  0.758415      0.758661          26          31          40

Best config: {'hidden_units': 64.0, 'dropout_rate': 0.5, 'num_blocks': 2.0, 'num_heads': 16.0, 'lr': 0.0001, 'val_ndcg': 0.7584152609213253, 'val_ndcg_raw': 0.7586605785009667, 'best_epoch': 26.0, 'epochs_run': 31.0, 'max_epochs': 40.0}
0 of 1 configs reached max_epochs
0 of 1 were still improving when stopped
Best params saved to ../Models/sasrec_bce_best_params.json
