task 245 | loss drrl | node slurmnode-gpu05
Tesla P100-PCIE-16GB, 16384 MiB
Tesla P100-PCIE-16GB, 16384 MiB
Tesla P100-PCIE-16GB, 16384 MiB
Tesla P100-PCIE-16GB, 16384 MiB
Using device: cuda
Loading datasets...
Train sessions: 75875 | Val sessions: 16262

Running grid search over 486 combinations...

SLURM array task 245: 1 config -> ../Models/sasrec_grid_drrl_task245.csv
Trying: {'hidden_units': 128, 'dropout_rate': 0.3, 'num_blocks': 2, 'num_heads': 8, 'lr': 0.0001, 'gamma': 4}
Epoch 1 | Loss: -0.0653 | Val NDCG: 0.7196 | smoothed: 0.7196
Epoch 2 | Loss: -0.2133 | Val NDCG: 0.7084 | smoothed: 0.7140
Epoch 3 | Loss: -0.2237 | Val NDCG: 0.7046 | smoothed: 0.7109
Epoch 4 | Loss: -0.2271 | Val NDCG: 0.7099 | smoothed: 0.7077
Epoch 5 | Loss: -0.2287 | Val NDCG: 0.7124 | smoothed: 0.7090
Epoch 6 | Loss: -0.2296 | Val NDCG: 0.7083 | smoothed: 0.7102

Best smoothed NDCG: 0.7196 at epoch 1 of 6 run

1 combinations completed out of 1


--- Grid Search Results ---
 hidden_units  dropout_rate  num_blocks  num_heads     lr  gamma  val_ndcg  val_ndcg_raw  best_epoch  epochs_run  max_epochs
          128           0.3           2          8 0.0001      4   0.71958       0.71958           1           6          40

Best config: {'hidden_units': 128.0, 'dropout_rate': 0.3, 'num_blocks': 2.0, 'num_heads': 8.0, 'lr': 0.0001, 'gamma': 4.0, 'val_ndcg': 0.7195799409792033, 'val_ndcg_raw': 0.7195799409792033, 'best_epoch': 1.0, 'epochs_run': 6.0, 'max_epochs': 40.0}
0 of 1 configs reached max_epochs
0 of 1 were still improving when stopped
Best params saved to ../Models/sasrec_drrl_best_params.json
