task 97 | loss drrl | node slurmnode-gpu07
NVIDIA A40, 46068 MiB
NVIDIA A40, 46068 MiB
NVIDIA A40, 46068 MiB
NVIDIA A40, 46068 MiB
Using device: cuda
Loading datasets...
Train sessions: 75875 | Val sessions: 16262

Running grid search over 486 combinations...

SLURM array task 97: 1 config -> ../Models/sasrec_grid_drrl_task97.csv
Trying: {'hidden_units': 64, 'dropout_rate': 0.3, 'num_blocks': 3, 'num_heads': 8, 'lr': 0.001, 'gamma': 3}
Epoch 1 | Loss: -0.1925 | Val NDCG: 0.7362 | smoothed: 0.7362
Epoch 2 | Loss: -0.2242 | Val NDCG: 0.7347 | smoothed: 0.7355
Epoch 3 | Loss: -0.2268 | Val NDCG: 0.7441 | smoothed: 0.7384
Epoch 4 | Loss: -0.2277 | Val NDCG: 0.7439 | smoothed: 0.7409
Epoch 5 | Loss: -0.2286 | Val NDCG: 0.7414 | smoothed: 0.7432
Epoch 6 | Loss: -0.2289 | Val NDCG: 0.7614 | smoothed: 0.7489
Epoch 7 | Loss: -0.2294 | Val NDCG: 0.7603 | smoothed: 0.7544
Epoch 8 | Loss: -0.2300 | Val NDCG: 0.7562 | smoothed: 0.7593
Epoch 9 | Loss: -0.2301 | Val NDCG: 0.7625 | smoothed: 0.7597
Epoch 10 | Loss: -0.2304 | Val NDCG: 0.7507 | smoothed: 0.7565
Epoch 11 | Loss: -0.2303 | Val NDCG: 0.7570 | smoothed: 0.7567
Epoch 12 | Loss: -0.2305 | Val NDCG: 0.7440 | smoothed: 0.7506
Epoch 13 | Loss: -0.2305 | Val NDCG: 0.7596 | smoothed: 0.7535
Epoch 14 | Loss: -0.2305 | Val NDCG: 0.7580 | smoothed: 0.7538

Best smoothed NDCG: 0.7597 at epoch 9 of 14 run

1 combinations completed out of 1


--- Grid Search Results ---
 hidden_units  dropout_rate  num_blocks  num_heads    lr  gamma  val_ndcg  val_ndcg_raw  best_epoch  epochs_run  max_epochs
           64           0.3           3          8 0.001      3  0.759693      0.762495           9          14          20

Best config: {'hidden_units': 64.0, 'dropout_rate': 0.3, 'num_blocks': 3.0, 'num_heads': 8.0, 'lr': 0.001, 'gamma': 3.0, 'val_ndcg': 0.7596933993360097, 'val_ndcg_raw': 0.7624945845616062, 'best_epoch': 9.0, 'epochs_run': 14.0, 'max_epochs': 20.0}
0 of 1 configs reached max_epochs
0 of 1 were still improving when stopped
Best params saved to ../Models/sasrec_drrl_best_params.json
