task 276 | loss drrl | node slurmnode-gpu03
Tesla P100-PCIE-16GB, 16384 MiB
Tesla P100-PCIE-16GB, 16384 MiB
Tesla P100-PCIE-16GB, 16384 MiB
Tesla P100-PCIE-16GB, 16384 MiB
Using device: cuda
Loading datasets...
Train sessions: 75875 | Val sessions: 16262

Running grid search over 486 combinations...

SLURM array task 276: 1 config -> ../Models/sasrec_grid_drrl_task276.csv
Trying: {'hidden_units': 128, 'dropout_rate': 0.5, 'num_blocks': 1, 'num_heads': 8, 'lr': 0.001, 'gamma': 2}
Epoch 1 | Loss: -0.1420 | Val NDCG: 0.7132 | smoothed: 0.7132
Epoch 2 | Loss: -0.2221 | Val NDCG: 0.7047 | smoothed: 0.7089
Epoch 3 | Loss: -0.2244 | Val NDCG: 0.7014 | smoothed: 0.7064
Epoch 4 | Loss: -0.2254 | Val NDCG: 0.6887 | smoothed: 0.6982
Epoch 5 | Loss: -0.2253 | Val NDCG: 0.7031 | smoothed: 0.6977
Epoch 6 | Loss: -0.2259 | Val NDCG: 0.7194 | smoothed: 0.7037

Best smoothed NDCG: 0.7132 at epoch 1 of 6 run

1 combinations completed out of 1


--- Grid Search Results ---
 hidden_units  dropout_rate  num_blocks  num_heads    lr  gamma  val_ndcg  val_ndcg_raw  best_epoch  epochs_run  max_epochs
          128           0.5           1          8 0.001      2  0.713194      0.713194           1           6          20

Best config: {'hidden_units': 128.0, 'dropout_rate': 0.5, 'num_blocks': 1.0, 'num_heads': 8.0, 'lr': 0.001, 'gamma': 2.0, 'val_ndcg': 0.7131942250251146, 'val_ndcg_raw': 0.7131942250251146, 'best_epoch': 1.0, 'epochs_run': 6.0, 'max_epochs': 20.0}
0 of 1 configs reached max_epochs
0 of 1 were still improving when stopped
Best params saved to ../Models/sasrec_drrl_best_params.json
