task 257 | loss drrl | node slurmnode-gpu03
Tesla P100-PCIE-16GB, 16384 MiB
Tesla P100-PCIE-16GB, 16384 MiB
Tesla P100-PCIE-16GB, 16384 MiB
Tesla P100-PCIE-16GB, 16384 MiB
Using device: cuda
Loading datasets...
Train sessions: 75875 | Val sessions: 16262

Running grid search over 486 combinations...

SLURM array task 257: 1 config -> ../Models/sasrec_grid_drrl_task257.csv
Trying: {'hidden_units': 128, 'dropout_rate': 0.3, 'num_blocks': 3, 'num_heads': 4, 'lr': 0.0001, 'gamma': 4}
Epoch 1 | Loss: -0.0885 | Val NDCG: 0.7273 | smoothed: 0.7273
Epoch 2 | Loss: -0.2154 | Val NDCG: 0.7251 | smoothed: 0.7262
Epoch 3 | Loss: -0.2241 | Val NDCG: 0.7172 | smoothed: 0.7232
Epoch 4 | Loss: -0.2272 | Val NDCG: 0.7261 | smoothed: 0.7228
Epoch 5 | Loss: -0.2285 | Val NDCG: 0.7267 | smoothed: 0.7234
Epoch 6 | Loss: -0.2294 | Val NDCG: 0.7171 | smoothed: 0.7233

Best smoothed NDCG: 0.7273 at epoch 1 of 6 run

1 combinations completed out of 1


--- Grid Search Results ---
 hidden_units  dropout_rate  num_blocks  num_heads     lr  gamma  val_ndcg  val_ndcg_raw  best_epoch  epochs_run  max_epochs
          128           0.3           3          4 0.0001      4  0.727273      0.727273           1           6          40

Best config: {'hidden_units': 128.0, 'dropout_rate': 0.3, 'num_blocks': 3.0, 'num_heads': 4.0, 'lr': 0.0001, 'gamma': 4.0, 'val_ndcg': 0.7272727303930545, 'val_ndcg_raw': 0.7272727303930545, 'best_epoch': 1.0, 'epochs_run': 6.0, 'max_epochs': 40.0}
0 of 1 configs reached max_epochs
0 of 1 were still improving when stopped
Best params saved to ../Models/sasrec_drrl_best_params.json
