task 91 | loss bce | node slurmnode-gpu05
Tesla P100-PCIE-16GB, 16384 MiB
Tesla P100-PCIE-16GB, 16384 MiB
Tesla P100-PCIE-16GB, 16384 MiB
Tesla P100-PCIE-16GB, 16384 MiB
Using device: cuda
Loading datasets...
Train sessions: 75875 | Val sessions: 16262

Running grid search over 162 combinations...

SLURM array task 91: 1 config -> ../Models/sasrec_grid_bce_task91.csv
Trying: {'hidden_units': 128, 'dropout_rate': 0.5, 'num_blocks': 1, 'num_heads': 4, 'lr': 0.0001}
Epoch 1 | Loss: 0.6186 | Val NDCG: 0.7299 | smoothed: 0.7299
Epoch 2 | Loss: 0.6014 | Val NDCG: 0.7377 | smoothed: 0.7338
Epoch 3 | Loss: 0.5974 | Val NDCG: 0.7450 | smoothed: 0.7375
Epoch 4 | Loss: 0.5929 | Val NDCG: 0.7527 | smoothed: 0.7451
Epoch 5 | Loss: 0.5911 | Val NDCG: 0.7542 | smoothed: 0.7507
Epoch 6 | Loss: 0.5890 | Val NDCG: 0.7579 | smoothed: 0.7549
Epoch 7 | Loss: 0.5872 | Val NDCG: 0.7599 | smoothed: 0.7573
Epoch 8 | Loss: 0.5862 | Val NDCG: 0.7628 | smoothed: 0.7602
Epoch 9 | Loss: 0.5852 | Val NDCG: 0.7643 | smoothed: 0.7623
Epoch 10 | Loss: 0.5840 | Val NDCG: 0.7641 | smoothed: 0.7637
Epoch 11 | Loss: 0.5833 | Val NDCG: 0.7636 | smoothed: 0.7640
Epoch 12 | Loss: 0.5831 | Val NDCG: 0.7659 | smoothed: 0.7646
Epoch 13 | Loss: 0.5822 | Val NDCG: 0.7676 | smoothed: 0.7657
Epoch 14 | Loss: 0.5829 | Val NDCG: 0.7686 | smoothed: 0.7674
Epoch 15 | Loss: 0.5817 | Val NDCG: 0.7678 | smoothed: 0.7680
Epoch 16 | Loss: 0.5812 | Val NDCG: 0.7690 | smoothed: 0.7685
Epoch 17 | Loss: 0.5810 | Val NDCG: 0.7701 | smoothed: 0.7690
Epoch 18 | Loss: 0.5810 | Val NDCG: 0.7693 | smoothed: 0.7695
Epoch 19 | Loss: 0.5802 | Val NDCG: 0.7700 | smoothed: 0.7698
Epoch 20 | Loss: 0.5798 | Val NDCG: 0.7707 | smoothed: 0.7700
Epoch 21 | Loss: 0.5798 | Val NDCG: 0.7707 | smoothed: 0.7705
Epoch 22 | Loss: 0.5794 | Val NDCG: 0.7696 | smoothed: 0.7703
Epoch 23 | Loss: 0.5787 | Val NDCG: 0.7714 | smoothed: 0.7705
Epoch 24 | Loss: 0.5797 | Val NDCG: 0.7721 | smoothed: 0.7710
Epoch 25 | Loss: 0.5786 | Val NDCG: 0.7731 | smoothed: 0.7722
Epoch 26 | Loss: 0.5789 | Val NDCG: 0.7725 | smoothed: 0.7726
Epoch 27 | Loss: 0.5788 | Val NDCG: 0.7749 | smoothed: 0.7735
Epoch 28 | Loss: 0.5781 | Val NDCG: 0.7717 | smoothed: 0.7730
Epoch 29 | Loss: 0.5776 | Val NDCG: 0.7724 | smoothed: 0.7730
Epoch 30 | Loss: 0.5787 | Val NDCG: 0.7747 | smoothed: 0.7730
Epoch 31 | Loss: 0.5792 | Val NDCG: 0.7733 | smoothed: 0.7735
Epoch 32 | Loss: 0.5777 | Val NDCG: 0.7742 | smoothed: 0.7741
Epoch 33 | Loss: 0.5784 | Val NDCG: 0.7732 | smoothed: 0.7735
Epoch 34 | Loss: 0.5771 | Val NDCG: 0.7750 | smoothed: 0.7741
Epoch 35 | Loss: 0.5773 | Val NDCG: 0.7760 | smoothed: 0.7747
Epoch 36 | Loss: 0.5769 | Val NDCG: 0.7754 | smoothed: 0.7755
Epoch 37 | Loss: 0.5773 | Val NDCG: 0.7748 | smoothed: 0.7754
Epoch 38 | Loss: 0.5777 | Val NDCG: 0.7768 | smoothed: 0.7757
Epoch 39 | Loss: 0.5766 | Val NDCG: 0.7750 | smoothed: 0.7755
Epoch 40 | Loss: 0.5756 | Val NDCG: 0.7761 | smoothed: 0.7760

Best smoothed NDCG: 0.7760 at epoch 40 of 40 run

1 combinations completed out of 1


--- Grid Search Results ---
 hidden_units  dropout_rate  num_blocks  num_heads     lr  val_ndcg  val_ndcg_raw  best_epoch  epochs_run  max_epochs
          128           0.5           1          4 0.0001  0.775965      0.776096          40          40          40

Best config: {'hidden_units': 128.0, 'dropout_rate': 0.5, 'num_blocks': 1.0, 'num_heads': 4.0, 'lr': 0.0001, 'val_ndcg': 0.7759645653028064, 'val_ndcg_raw': 0.7760956453899739, 'best_epoch': 40.0, 'epochs_run': 40.0, 'max_epochs': 40.0}
1 of 1 configs reached max_epochs
1 of 1 were still improving when stopped
Best params saved to ../Models/sasrec_bce_best_params.json
