task 47 | loss pwts | node slurmnode-gpu02
NVIDIA GeForce GTX 1080 Ti, 11264 MiB
NVIDIA GeForce GTX 1080 Ti, 11264 MiB
NVIDIA GeForce GTX 1080 Ti, 11264 MiB
NVIDIA GeForce GTX 1080 Ti, 11264 MiB
NVIDIA GeForce GTX 1080 Ti, 11264 MiB
NVIDIA GeForce GTX 1080 Ti, 11264 MiB
NVIDIA GeForce GTX 1080 Ti, 11264 MiB
NVIDIA GeForce GTX 1080 Ti, 11264 MiB
Using device: cuda
Loading datasets...
Train sessions: 75875 | Val sessions: 16262

Running grid search over 162 combinations...

SLURM array task 47: 1 config -> ../Models/sasrec_grid_pwts_task47.csv
Trying: {'hidden_units': 64, 'dropout_rate': 0.5, 'num_blocks': 2, 'num_heads': 16, 'lr': 0.0001}
Epoch 1 | Loss: 0.6621 | Val NDCG: 0.7201 | smoothed: 0.7201
Epoch 2 | Loss: 0.6387 | Val NDCG: 0.7236 | smoothed: 0.7219
Epoch 3 | Loss: 0.6315 | Val NDCG: 0.7333 | smoothed: 0.7257
Epoch 4 | Loss: 0.6267 | Val NDCG: 0.7394 | smoothed: 0.7321
Epoch 5 | Loss: 0.6238 | Val NDCG: 0.7457 | smoothed: 0.7395
Epoch 6 | Loss: 0.6206 | Val NDCG: 0.7465 | smoothed: 0.7439
Epoch 7 | Loss: 0.6188 | Val NDCG: 0.7484 | smoothed: 0.7469
Epoch 8 | Loss: 0.6181 | Val NDCG: 0.7524 | smoothed: 0.7491
Epoch 9 | Loss: 0.6153 | Val NDCG: 0.7531 | smoothed: 0.7513
Epoch 10 | Loss: 0.6130 | Val NDCG: 0.7545 | smoothed: 0.7534
Epoch 11 | Loss: 0.6125 | Val NDCG: 0.7565 | smoothed: 0.7547
Epoch 12 | Loss: 0.6120 | Val NDCG: 0.7569 | smoothed: 0.7560
Epoch 13 | Loss: 0.6115 | Val NDCG: 0.7571 | smoothed: 0.7568
Epoch 14 | Loss: 0.6098 | Val NDCG: 0.7572 | smoothed: 0.7570
Epoch 15 | Loss: 0.6095 | Val NDCG: 0.7591 | smoothed: 0.7578
Epoch 16 | Loss: 0.6096 | Val NDCG: 0.7600 | smoothed: 0.7588
Epoch 17 | Loss: 0.6090 | Val NDCG: 0.7594 | smoothed: 0.7595
Epoch 18 | Loss: 0.6076 | Val NDCG: 0.7597 | smoothed: 0.7597
Epoch 19 | Loss: 0.6076 | Val NDCG: 0.7602 | smoothed: 0.7597
Epoch 20 | Loss: 0.6066 | Val NDCG: 0.7608 | smoothed: 0.7602
Epoch 21 | Loss: 0.6073 | Val NDCG: 0.7611 | smoothed: 0.7607
Epoch 22 | Loss: 0.6072 | Val NDCG: 0.7610 | smoothed: 0.7610
Epoch 23 | Loss: 0.6061 | Val NDCG: 0.7605 | smoothed: 0.7609
Epoch 24 | Loss: 0.6066 | Val NDCG: 0.7609 | smoothed: 0.7608
Epoch 25 | Loss: 0.6053 | Val NDCG: 0.7616 | smoothed: 0.7610
Epoch 26 | Loss: 0.6059 | Val NDCG: 0.7616 | smoothed: 0.7614
Epoch 27 | Loss: 0.6043 | Val NDCG: 0.7616 | smoothed: 0.7616
Epoch 28 | Loss: 0.6050 | Val NDCG: 0.7621 | smoothed: 0.7617
Epoch 29 | Loss: 0.6048 | Val NDCG: 0.7625 | smoothed: 0.7621
Epoch 30 | Loss: 0.6045 | Val NDCG: 0.7631 | smoothed: 0.7626
Epoch 31 | Loss: 0.6038 | Val NDCG: 0.7624 | smoothed: 0.7627
Epoch 32 | Loss: 0.6038 | Val NDCG: 0.7624 | smoothed: 0.7627
Epoch 33 | Loss: 0.6039 | Val NDCG: 0.7627 | smoothed: 0.7625
Epoch 34 | Loss: 0.6034 | Val NDCG: 0.7627 | smoothed: 0.7626
Epoch 35 | Loss: 0.6037 | Val NDCG: 0.7641 | smoothed: 0.7632
Epoch 36 | Loss: 0.6037 | Val NDCG: 0.7637 | smoothed: 0.7635
Epoch 37 | Loss: 0.6041 | Val NDCG: 0.7625 | smoothed: 0.7634
Epoch 38 | Loss: 0.6032 | Val NDCG: 0.7634 | smoothed: 0.7632
Epoch 39 | Loss: 0.6031 | Val NDCG: 0.7627 | smoothed: 0.7628
Epoch 40 | Loss: 0.6034 | Val NDCG: 0.7637 | smoothed: 0.7633

Best smoothed NDCG: 0.7635 at epoch 36 of 40 run

1 combinations completed out of 1


--- Grid Search Results ---
 hidden_units  dropout_rate  num_blocks  num_heads     lr  val_ndcg  val_ndcg_raw  best_epoch  epochs_run  max_epochs
           64           0.5           2         16 0.0001  0.763497      0.763707          36          40          40

Best config: {'hidden_units': 64.0, 'dropout_rate': 0.5, 'num_blocks': 2.0, 'num_heads': 16.0, 'lr': 0.0001, 'val_ndcg': 0.7634971698744258, 'val_ndcg_raw': 0.7637065351967016, 'best_epoch': 36.0, 'epochs_run': 40.0, 'max_epochs': 40.0}
1 of 1 configs reached max_epochs
0 of 1 were still improving when stopped
Best params saved to ../Models/sasrec_pwts_best_params.json
