task 56 | loss bce | node slurmnode-gpu02
NVIDIA GeForce GTX 1080 Ti, 11264 MiB
NVIDIA GeForce GTX 1080 Ti, 11264 MiB
NVIDIA GeForce GTX 1080 Ti, 11264 MiB
NVIDIA GeForce GTX 1080 Ti, 11264 MiB
NVIDIA GeForce GTX 1080 Ti, 11264 MiB
NVIDIA GeForce GTX 1080 Ti, 11264 MiB
NVIDIA GeForce GTX 1080 Ti, 11264 MiB
NVIDIA GeForce GTX 1080 Ti, 11264 MiB
Using device: cuda
Loading datasets...
Train sessions: 75875 | Val sessions: 16262

Running grid search over 162 combinations...

SLURM array task 56: 1 config -> ../Models/sasrec_grid_bce_task56.csv
Trying: {'hidden_units': 128, 'dropout_rate': 0.1, 'num_blocks': 1, 'num_heads': 8, 'lr': 0.001}
Epoch 1 | Loss: 0.5859 | Val NDCG: 0.7574 | smoothed: 0.7574
Epoch 2 | Loss: 0.5776 | Val NDCG: 0.7650 | smoothed: 0.7612
Epoch 3 | Loss: 0.5755 | Val NDCG: 0.7739 | smoothed: 0.7654
Epoch 4 | Loss: 0.5716 | Val NDCG: 0.7695 | smoothed: 0.7695
Epoch 5 | Loss: 0.5702 | Val NDCG: 0.7738 | smoothed: 0.7724
Epoch 6 | Loss: 0.5699 | Val NDCG: 0.7754 | smoothed: 0.7729
Epoch 7 | Loss: 0.5680 | Val NDCG: 0.7745 | smoothed: 0.7746
Epoch 8 | Loss: 0.5670 | Val NDCG: 0.7729 | smoothed: 0.7743
Epoch 9 | Loss: 0.5672 | Val NDCG: 0.7768 | smoothed: 0.7747
Epoch 10 | Loss: 0.5657 | Val NDCG: 0.7779 | smoothed: 0.7759
Epoch 11 | Loss: 0.5649 | Val NDCG: 0.7774 | smoothed: 0.7774
Epoch 12 | Loss: 0.5653 | Val NDCG: 0.7807 | smoothed: 0.7787
Epoch 13 | Loss: 0.5646 | Val NDCG: 0.7778 | smoothed: 0.7787
Epoch 14 | Loss: 0.5642 | Val NDCG: 0.7787 | smoothed: 0.7791
Epoch 15 | Loss: 0.5641 | Val NDCG: 0.7803 | smoothed: 0.7789
Epoch 16 | Loss: 0.5625 | Val NDCG: 0.7757 | smoothed: 0.7782
Epoch 17 | Loss: 0.5631 | Val NDCG: 0.7818 | smoothed: 0.7792
Epoch 18 | Loss: 0.5625 | Val NDCG: 0.7827 | smoothed: 0.7801
Epoch 19 | Loss: 0.5618 | Val NDCG: 0.7807 | smoothed: 0.7817
Epoch 20 | Loss: 0.5607 | Val NDCG: 0.7856 | smoothed: 0.7830

Best smoothed NDCG: 0.7830 at epoch 20 of 20 run

1 combinations completed out of 1


--- Grid Search Results ---
 hidden_units  dropout_rate  num_blocks  num_heads    lr  val_ndcg  val_ndcg_raw  best_epoch  epochs_run  max_epochs
          128           0.1           1          8 0.001  0.783016      0.785573          20          20          20

Best config: {'hidden_units': 128.0, 'dropout_rate': 0.1, 'num_blocks': 1.0, 'num_heads': 8.0, 'lr': 0.001, 'val_ndcg': 0.7830163651741627, 'val_ndcg_raw': 0.7855732855878595, 'best_epoch': 20.0, 'epochs_run': 20.0, 'max_epochs': 20.0}
1 of 1 configs reached max_epochs
1 of 1 were still improving when stopped
Best params saved to ../Models/sasrec_bce_best_params.json
