task 24 | loss pwts | node slurmnode-gpu02
NVIDIA GeForce GTX 1080 Ti, 11264 MiB
NVIDIA GeForce GTX 1080 Ti, 11264 MiB
NVIDIA GeForce GTX 1080 Ti, 11264 MiB
NVIDIA GeForce GTX 1080 Ti, 11264 MiB
NVIDIA GeForce GTX 1080 Ti, 11264 MiB
NVIDIA GeForce GTX 1080 Ti, 11264 MiB
NVIDIA GeForce GTX 1080 Ti, 11264 MiB
NVIDIA GeForce GTX 1080 Ti, 11264 MiB
Using device: cuda
Loading datasets...
Train sessions: 75875 | Val sessions: 16262

Running grid search over 162 combinations...

SLURM array task 24: 1 config -> ../Models/sasrec_grid_pwts_task24.csv
Trying: {'hidden_units': 64, 'dropout_rate': 0.3, 'num_blocks': 2, 'num_heads': 4, 'lr': 0.001}
Epoch 1 | Loss: 0.6237 | Val NDCG: 0.7585 | smoothed: 0.7585
Epoch 2 | Loss: 0.6092 | Val NDCG: 0.7641 | smoothed: 0.7613
Epoch 3 | Loss: 0.6068 | Val NDCG: 0.7636 | smoothed: 0.7621
Epoch 4 | Loss: 0.6054 | Val NDCG: 0.7641 | smoothed: 0.7639
Epoch 5 | Loss: 0.6042 | Val NDCG: 0.7674 | smoothed: 0.7650
Epoch 6 | Loss: 0.6014 | Val NDCG: 0.7656 | smoothed: 0.7657
Epoch 7 | Loss: 0.6006 | Val NDCG: 0.7677 | smoothed: 0.7669
Epoch 8 | Loss: 0.6006 | Val NDCG: 0.7707 | smoothed: 0.7680
Epoch 9 | Loss: 0.6004 | Val NDCG: 0.7680 | smoothed: 0.7688
Epoch 10 | Loss: 0.5993 | Val NDCG: 0.7719 | smoothed: 0.7702
Epoch 11 | Loss: 0.5992 | Val NDCG: 0.7686 | smoothed: 0.7695
Epoch 12 | Loss: 0.5992 | Val NDCG: 0.7677 | smoothed: 0.7694
Epoch 13 | Loss: 0.5982 | Val NDCG: 0.7732 | smoothed: 0.7698
Epoch 14 | Loss: 0.5977 | Val NDCG: 0.7745 | smoothed: 0.7718
Epoch 15 | Loss: 0.5978 | Val NDCG: 0.7744 | smoothed: 0.7740
Epoch 16 | Loss: 0.5977 | Val NDCG: 0.7719 | smoothed: 0.7736
Epoch 17 | Loss: 0.5969 | Val NDCG: 0.7747 | smoothed: 0.7737
Epoch 18 | Loss: 0.5955 | Val NDCG: 0.7731 | smoothed: 0.7733
Epoch 19 | Loss: 0.5956 | Val NDCG: 0.7745 | smoothed: 0.7741
Epoch 20 | Loss: 0.5965 | Val NDCG: 0.7781 | smoothed: 0.7753

Best smoothed NDCG: 0.7753 at epoch 20 of 20 run

1 combinations completed out of 1


--- Grid Search Results ---
 hidden_units  dropout_rate  num_blocks  num_heads    lr  val_ndcg  val_ndcg_raw  best_epoch  epochs_run  max_epochs
           64           0.3           2          4 0.001   0.77527      0.778142          20          20          20

Best config: {'hidden_units': 64.0, 'dropout_rate': 0.3, 'num_blocks': 2.0, 'num_heads': 4.0, 'lr': 0.001, 'val_ndcg': 0.7752697617772096, 'val_ndcg_raw': 0.7781422667394957, 'best_epoch': 20.0, 'epochs_run': 20.0, 'max_epochs': 20.0}
1 of 1 configs reached max_epochs
1 of 1 were still improving when stopped
Best params saved to ../Models/sasrec_pwts_best_params.json
