task 188 | loss drrl | node slurmnode-gpu07
NVIDIA A40, 46068 MiB
NVIDIA A40, 46068 MiB
NVIDIA A40, 46068 MiB
NVIDIA A40, 46068 MiB
Using device: cuda
Loading datasets...
Train sessions: 75875 | Val sessions: 16262

Running grid search over 486 combinations...

SLURM array task 188: 1 config -> ../Models/sasrec_grid_drrl_task188.csv
Trying: {'hidden_units': 128, 'dropout_rate': 0.1, 'num_blocks': 2, 'num_heads': 8, 'lr': 0.001, 'gamma': 4}
Epoch 1 | Loss: -0.1847 | Val NDCG: 0.7064 | smoothed: 0.7064
Epoch 2 | Loss: -0.2238 | Val NDCG: 0.7546 | smoothed: 0.7305
Epoch 3 | Loss: -0.2263 | Val NDCG: 0.7595 | smoothed: 0.7402
Epoch 4 | Loss: -0.2285 | Val NDCG: 0.7208 | smoothed: 0.7450
Epoch 5 | Loss: -0.2288 | Val NDCG: 0.7447 | smoothed: 0.7417
Epoch 6 | Loss: -0.2291 | Val NDCG: 0.7556 | smoothed: 0.7404
Epoch 7 | Loss: -0.2295 | Val NDCG: 0.7463 | smoothed: 0.7488
Epoch 8 | Loss: -0.2295 | Val NDCG: 0.7539 | smoothed: 0.7519
Epoch 9 | Loss: -0.2298 | Val NDCG: 0.7573 | smoothed: 0.7525
Epoch 10 | Loss: -0.2301 | Val NDCG: 0.7585 | smoothed: 0.7566
Epoch 11 | Loss: -0.2300 | Val NDCG: 0.7627 | smoothed: 0.7595
Epoch 12 | Loss: -0.2304 | Val NDCG: 0.7669 | smoothed: 0.7627
Epoch 13 | Loss: -0.2303 | Val NDCG: 0.7507 | smoothed: 0.7601
Epoch 14 | Loss: -0.2303 | Val NDCG: 0.7669 | smoothed: 0.7615
Epoch 15 | Loss: -0.2304 | Val NDCG: 0.7696 | smoothed: 0.7624
Epoch 16 | Loss: -0.2302 | Val NDCG: 0.7691 | smoothed: 0.7685
Epoch 17 | Loss: -0.2303 | Val NDCG: 0.7659 | smoothed: 0.7682
Epoch 18 | Loss: -0.2302 | Val NDCG: 0.7490 | smoothed: 0.7613
Epoch 19 | Loss: -0.2305 | Val NDCG: 0.7653 | smoothed: 0.7601
Epoch 20 | Loss: -0.2303 | Val NDCG: 0.7717 | smoothed: 0.7620

Best smoothed NDCG: 0.7685 at epoch 16 of 20 run

1 combinations completed out of 1


--- Grid Search Results ---
 hidden_units  dropout_rate  num_blocks  num_heads    lr  gamma  val_ndcg  val_ndcg_raw  best_epoch  epochs_run  max_epochs
          128           0.1           2          8 0.001      4  0.768526      0.769111          16          20          20

Best config: {'hidden_units': 128.0, 'dropout_rate': 0.1, 'num_blocks': 2.0, 'num_heads': 8.0, 'lr': 0.001, 'gamma': 4.0, 'val_ndcg': 0.7685255690220774, 'val_ndcg_raw': 0.7691112248272914, 'best_epoch': 16.0, 'epochs_run': 20.0, 'max_epochs': 20.0}
1 of 1 configs reached max_epochs
0 of 1 were still improving when stopped
Best params saved to ../Models/sasrec_drrl_best_params.json
