task 77 | loss drrl | node slurmnode-gpu07
NVIDIA A40, 46068 MiB
NVIDIA A40, 46068 MiB
NVIDIA A40, 46068 MiB
NVIDIA A40, 46068 MiB
Using device: cuda
Loading datasets...
Train sessions: 75875 | Val sessions: 16262

Running grid search over 486 combinations...

SLURM array task 77: 1 config -> ../Models/sasrec_grid_drrl_task77.csv
Trying: {'hidden_units': 64, 'dropout_rate': 0.3, 'num_blocks': 2, 'num_heads': 4, 'lr': 0.0001, 'gamma': 4}
Epoch 1 | Loss: -0.0081 | Val NDCG: 0.7266 | smoothed: 0.7266
Epoch 2 | Loss: -0.2046 | Val NDCG: 0.7171 | smoothed: 0.7218
Epoch 3 | Loss: -0.2209 | Val NDCG: 0.7159 | smoothed: 0.7199
Epoch 4 | Loss: -0.2260 | Val NDCG: 0.7148 | smoothed: 0.7159
Epoch 5 | Loss: -0.2284 | Val NDCG: 0.7139 | smoothed: 0.7148
Epoch 6 | Loss: -0.2297 | Val NDCG: 0.7147 | smoothed: 0.7145

Best smoothed NDCG: 0.7266 at epoch 1 of 6 run

1 combinations completed out of 1


--- Grid Search Results ---
 hidden_units  dropout_rate  num_blocks  num_heads     lr  gamma  val_ndcg  val_ndcg_raw  best_epoch  epochs_run  max_epochs
           64           0.3           2          4 0.0001      4  0.726598      0.726598           1           6          40

Best config: {'hidden_units': 64.0, 'dropout_rate': 0.3, 'num_blocks': 2.0, 'num_heads': 4.0, 'lr': 0.0001, 'gamma': 4.0, 'val_ndcg': 0.7265976187616289, 'val_ndcg_raw': 0.7265976187616289, 'best_epoch': 1.0, 'epochs_run': 6.0, 'max_epochs': 40.0}
0 of 1 configs reached max_epochs
0 of 1 were still improving when stopped
Best params saved to ../Models/sasrec_drrl_best_params.json
