task 33 | loss pwts | node slurmnode-gpu02
NVIDIA GeForce GTX 1080 Ti, 11264 MiB
NVIDIA GeForce GTX 1080 Ti, 11264 MiB
NVIDIA GeForce GTX 1080 Ti, 11264 MiB
NVIDIA GeForce GTX 1080 Ti, 11264 MiB
NVIDIA GeForce GTX 1080 Ti, 11264 MiB
NVIDIA GeForce GTX 1080 Ti, 11264 MiB
NVIDIA GeForce GTX 1080 Ti, 11264 MiB
NVIDIA GeForce GTX 1080 Ti, 11264 MiB
Using device: cuda
Loading datasets...
Train sessions: 75875 | Val sessions: 16262

Running grid search over 162 combinations...

SLURM array task 33: 1 config -> ../Models/sasrec_grid_pwts_task33.csv
Trying: {'hidden_units': 64, 'dropout_rate': 0.3, 'num_blocks': 3, 'num_heads': 8, 'lr': 0.0001}
Epoch 1 | Loss: 0.6492 | Val NDCG: 0.7203 | smoothed: 0.7203
Epoch 2 | Loss: 0.6278 | Val NDCG: 0.7382 | smoothed: 0.7292
Epoch 3 | Loss: 0.6206 | Val NDCG: 0.7500 | smoothed: 0.7362
Epoch 4 | Loss: 0.6171 | Val NDCG: 0.7548 | smoothed: 0.7477
Epoch 5 | Loss: 0.6134 | Val NDCG: 0.7560 | smoothed: 0.7536
Epoch 6 | Loss: 0.6116 | Val NDCG: 0.7592 | smoothed: 0.7566
Epoch 7 | Loss: 0.6100 | Val NDCG: 0.7607 | smoothed: 0.7586
Epoch 8 | Loss: 0.6086 | Val NDCG: 0.7618 | smoothed: 0.7606
Epoch 9 | Loss: 0.6067 | Val NDCG: 0.7635 | smoothed: 0.7620
Epoch 10 | Loss: 0.6063 | Val NDCG: 0.7628 | smoothed: 0.7627
Epoch 11 | Loss: 0.6053 | Val NDCG: 0.7642 | smoothed: 0.7635
Epoch 12 | Loss: 0.6039 | Val NDCG: 0.7659 | smoothed: 0.7643
Epoch 13 | Loss: 0.6046 | Val NDCG: 0.7651 | smoothed: 0.7651
Epoch 14 | Loss: 0.6042 | Val NDCG: 0.7640 | smoothed: 0.7650
Epoch 15 | Loss: 0.6034 | Val NDCG: 0.7646 | smoothed: 0.7645
Epoch 16 | Loss: 0.6030 | Val NDCG: 0.7641 | smoothed: 0.7642
Epoch 17 | Loss: 0.6025 | Val NDCG: 0.7650 | smoothed: 0.7646
Epoch 18 | Loss: 0.6015 | Val NDCG: 0.7663 | smoothed: 0.7652
Epoch 19 | Loss: 0.6024 | Val NDCG: 0.7669 | smoothed: 0.7661
Epoch 20 | Loss: 0.6013 | Val NDCG: 0.7668 | smoothed: 0.7667
Epoch 21 | Loss: 0.6010 | Val NDCG: 0.7680 | smoothed: 0.7672
Epoch 22 | Loss: 0.6007 | Val NDCG: 0.7678 | smoothed: 0.7675
Epoch 23 | Loss: 0.6005 | Val NDCG: 0.7671 | smoothed: 0.7676
Epoch 24 | Loss: 0.6002 | Val NDCG: 0.7678 | smoothed: 0.7676
Epoch 25 | Loss: 0.5996 | Val NDCG: 0.7679 | smoothed: 0.7676
Epoch 26 | Loss: 0.5996 | Val NDCG: 0.7675 | smoothed: 0.7677
Epoch 27 | Loss: 0.5993 | Val NDCG: 0.7679 | smoothed: 0.7677
Epoch 28 | Loss: 0.5996 | Val NDCG: 0.7686 | smoothed: 0.7680
Epoch 29 | Loss: 0.5994 | Val NDCG: 0.7687 | smoothed: 0.7684
Epoch 30 | Loss: 0.5997 | Val NDCG: 0.7687 | smoothed: 0.7687
Epoch 31 | Loss: 0.5993 | Val NDCG: 0.7680 | smoothed: 0.7685
Epoch 32 | Loss: 0.5978 | Val NDCG: 0.7678 | smoothed: 0.7682
Epoch 33 | Loss: 0.5985 | Val NDCG: 0.7696 | smoothed: 0.7685
Epoch 34 | Loss: 0.5986 | Val NDCG: 0.7679 | smoothed: 0.7684
Epoch 35 | Loss: 0.5984 | Val NDCG: 0.7691 | smoothed: 0.7689
Epoch 36 | Loss: 0.5981 | Val NDCG: 0.7693 | smoothed: 0.7688
Epoch 37 | Loss: 0.5981 | Val NDCG: 0.7689 | smoothed: 0.7691
Epoch 38 | Loss: 0.5983 | Val NDCG: 0.7692 | smoothed: 0.7691
Epoch 39 | Loss: 0.5965 | Val NDCG: 0.7684 | smoothed: 0.7688
Epoch 40 | Loss: 0.5972 | Val NDCG: 0.7706 | smoothed: 0.7694

Best smoothed NDCG: 0.7694 at epoch 40 of 40 run

1 combinations completed out of 1


--- Grid Search Results ---
 hidden_units  dropout_rate  num_blocks  num_heads     lr  val_ndcg  val_ndcg_raw  best_epoch  epochs_run  max_epochs
           64           0.3           3          8 0.0001   0.76942      0.770642          40          40          40

Best config: {'hidden_units': 64.0, 'dropout_rate': 0.3, 'num_blocks': 3.0, 'num_heads': 8.0, 'lr': 0.0001, 'val_ndcg': 0.7694198329618018, 'val_ndcg_raw': 0.7706424542736898, 'best_epoch': 40.0, 'epochs_run': 40.0, 'max_epochs': 40.0}
1 of 1 configs reached max_epochs
1 of 1 were still improving when stopped
Best params saved to ../Models/sasrec_pwts_best_params.json
