task 211 | loss drrl | node slurmnode-gpu03
Tesla P100-PCIE-16GB, 16384 MiB
Tesla P100-PCIE-16GB, 16384 MiB
Tesla P100-PCIE-16GB, 16384 MiB
Tesla P100-PCIE-16GB, 16384 MiB
Using device: cuda
Loading datasets...
Train sessions: 75875 | Val sessions: 16262

Running grid search over 486 combinations...

SLURM array task 211: 1 config -> ../Models/sasrec_grid_drrl_task211.csv
Trying: {'hidden_units': 128, 'dropout_rate': 0.1, 'num_blocks': 3, 'num_heads': 16, 'lr': 0.001, 'gamma': 3}
Epoch 1 | Loss: -0.1789 | Val NDCG: 0.7604 | smoothed: 0.7604
Epoch 2 | Loss: -0.2210 | Val NDCG: 0.7211 | smoothed: 0.7407
Epoch 3 | Loss: -0.2253 | Val NDCG: 0.7618 | smoothed: 0.7478
Epoch 4 | Loss: -0.2272 | Val NDCG: 0.7600 | smoothed: 0.7477
Epoch 5 | Loss: -0.2283 | Val NDCG: 0.7312 | smoothed: 0.7510
Epoch 6 | Loss: -0.2289 | Val NDCG: 0.7539 | smoothed: 0.7484

Best smoothed NDCG: 0.7604 at epoch 1 of 6 run

1 combinations completed out of 1


--- Grid Search Results ---
 hidden_units  dropout_rate  num_blocks  num_heads    lr  gamma  val_ndcg  val_ndcg_raw  best_epoch  epochs_run  max_epochs
          128           0.1           3         16 0.001      3  0.760358      0.760358           1           6          20

Best config: {'hidden_units': 128.0, 'dropout_rate': 0.1, 'num_blocks': 3.0, 'num_heads': 16.0, 'lr': 0.001, 'gamma': 3.0, 'val_ndcg': 0.7603580209382086, 'val_ndcg_raw': 0.7603580209382086, 'best_epoch': 1.0, 'epochs_run': 6.0, 'max_epochs': 20.0}
0 of 1 configs reached max_epochs
0 of 1 were still improving when stopped
Best params saved to ../Models/sasrec_drrl_best_params.json
