task 98 | loss bce | node slurmnode-gpu05
Tesla P100-PCIE-16GB, 16384 MiB
Tesla P100-PCIE-16GB, 16384 MiB
Tesla P100-PCIE-16GB, 16384 MiB
Tesla P100-PCIE-16GB, 16384 MiB
Using device: cuda
Loading datasets...
Train sessions: 75875 | Val sessions: 16262

Running grid search over 162 combinations...

SLURM array task 98: 1 config -> ../Models/sasrec_grid_bce_task98.csv
Trying: {'hidden_units': 128, 'dropout_rate': 0.5, 'num_blocks': 2, 'num_heads': 8, 'lr': 0.001}
Epoch 1 | Loss: 0.5948 | Val NDCG: 0.7579 | smoothed: 0.7579
Epoch 2 | Loss: 0.5816 | Val NDCG: 0.7652 | smoothed: 0.7616
Epoch 3 | Loss: 0.5803 | Val NDCG: 0.7649 | smoothed: 0.7627
Epoch 4 | Loss: 0.5772 | Val NDCG: 0.7619 | smoothed: 0.7640
Epoch 5 | Loss: 0.5769 | Val NDCG: 0.7706 | smoothed: 0.7658
Epoch 6 | Loss: 0.5760 | Val NDCG: 0.7677 | smoothed: 0.7668
Epoch 7 | Loss: 0.5742 | Val NDCG: 0.7570 | smoothed: 0.7651
Epoch 8 | Loss: 0.5739 | Val NDCG: 0.7730 | smoothed: 0.7659
Epoch 9 | Loss: 0.5726 | Val NDCG: 0.7682 | smoothed: 0.7661
Epoch 10 | Loss: 0.5731 | Val NDCG: 0.7720 | smoothed: 0.7711
Epoch 11 | Loss: 0.5725 | Val NDCG: 0.7749 | smoothed: 0.7717
Epoch 12 | Loss: 0.5723 | Val NDCG: 0.7756 | smoothed: 0.7742
Epoch 13 | Loss: 0.5712 | Val NDCG: 0.7783 | smoothed: 0.7763
Epoch 14 | Loss: 0.5708 | Val NDCG: 0.7742 | smoothed: 0.7761
Epoch 15 | Loss: 0.5708 | Val NDCG: 0.7717 | smoothed: 0.7747
Epoch 16 | Loss: 0.5706 | Val NDCG: 0.7788 | smoothed: 0.7749
Epoch 17 | Loss: 0.5704 | Val NDCG: 0.7795 | smoothed: 0.7767
Epoch 18 | Loss: 0.5697 | Val NDCG: 0.7775 | smoothed: 0.7786
Epoch 19 | Loss: 0.5696 | Val NDCG: 0.7719 | smoothed: 0.7763
Epoch 20 | Loss: 0.5686 | Val NDCG: 0.7762 | smoothed: 0.7752

Best smoothed NDCG: 0.7786 at epoch 18 of 20 run

1 combinations completed out of 1


--- Grid Search Results ---
 hidden_units  dropout_rate  num_blocks  num_heads    lr  val_ndcg  val_ndcg_raw  best_epoch  epochs_run  max_epochs
          128           0.5           2          8 0.001  0.778589      0.777509          18          20          20

Best config: {'hidden_units': 128.0, 'dropout_rate': 0.5, 'num_blocks': 2.0, 'num_heads': 8.0, 'lr': 0.001, 'val_ndcg': 0.77858854931297, 'val_ndcg_raw': 0.7775087378507939, 'best_epoch': 18.0, 'epochs_run': 20.0, 'max_epochs': 20.0}
1 of 1 configs reached max_epochs
0 of 1 were still improving when stopped
Best params saved to ../Models/sasrec_bce_best_params.json
