task 2 | loss bce | node slurmnode-gpu02
NVIDIA GeForce GTX 1080 Ti, 11264 MiB
NVIDIA GeForce GTX 1080 Ti, 11264 MiB
NVIDIA GeForce GTX 1080 Ti, 11264 MiB
NVIDIA GeForce GTX 1080 Ti, 11264 MiB
NVIDIA GeForce GTX 1080 Ti, 11264 MiB
NVIDIA GeForce GTX 1080 Ti, 11264 MiB
NVIDIA GeForce GTX 1080 Ti, 11264 MiB
NVIDIA GeForce GTX 1080 Ti, 11264 MiB
Using device: cuda
Loading datasets...
Train sessions: 75875 | Val sessions: 16262

Running grid search over 162 combinations...

SLURM array task 2: 1 config -> ../Models/sasrec_grid_bce_task2.csv
Trying: {'hidden_units': 64, 'dropout_rate': 0.1, 'num_blocks': 1, 'num_heads': 8, 'lr': 0.001}
Epoch 1 | Loss: 0.5892 | Val NDCG: 0.7664 | smoothed: 0.7664
Epoch 2 | Loss: 0.5776 | Val NDCG: 0.7665 | smoothed: 0.7664
Epoch 3 | Loss: 0.5733 | Val NDCG: 0.7670 | smoothed: 0.7666
Epoch 4 | Loss: 0.5721 | Val NDCG: 0.7694 | smoothed: 0.7676
Epoch 5 | Loss: 0.5711 | Val NDCG: 0.7710 | smoothed: 0.7691
Epoch 6 | Loss: 0.5698 | Val NDCG: 0.7723 | smoothed: 0.7709
Epoch 7 | Loss: 0.5683 | Val NDCG: 0.7741 | smoothed: 0.7725
Epoch 8 | Loss: 0.5687 | Val NDCG: 0.7728 | smoothed: 0.7731
Epoch 9 | Loss: 0.5683 | Val NDCG: 0.7711 | smoothed: 0.7726
Epoch 10 | Loss: 0.5657 | Val NDCG: 0.7778 | smoothed: 0.7739
Epoch 11 | Loss: 0.5668 | Val NDCG: 0.7715 | smoothed: 0.7734
Epoch 12 | Loss: 0.5663 | Val NDCG: 0.7765 | smoothed: 0.7752
Epoch 13 | Loss: 0.5664 | Val NDCG: 0.7777 | smoothed: 0.7752
Epoch 14 | Loss: 0.5655 | Val NDCG: 0.7780 | smoothed: 0.7774
Epoch 15 | Loss: 0.5647 | Val NDCG: 0.7796 | smoothed: 0.7785
Epoch 16 | Loss: 0.5646 | Val NDCG: 0.7759 | smoothed: 0.7779
Epoch 17 | Loss: 0.5632 | Val NDCG: 0.7783 | smoothed: 0.7780
Epoch 18 | Loss: 0.5645 | Val NDCG: 0.7802 | smoothed: 0.7781
Epoch 19 | Loss: 0.5640 | Val NDCG: 0.7794 | smoothed: 0.7793
Epoch 20 | Loss: 0.5640 | Val NDCG: 0.7813 | smoothed: 0.7803

Best smoothed NDCG: 0.7803 at epoch 20 of 20 run

1 combinations completed out of 1


--- Grid Search Results ---
 hidden_units  dropout_rate  num_blocks  num_heads    lr  val_ndcg  val_ndcg_raw  best_epoch  epochs_run  max_epochs
           64           0.1           1          8 0.001  0.780298      0.781258          20          20          20

Best config: {'hidden_units': 64.0, 'dropout_rate': 0.1, 'num_blocks': 1.0, 'num_heads': 8.0, 'lr': 0.001, 'val_ndcg': 0.7802981924085807, 'val_ndcg_raw': 0.7812581123881109, 'best_epoch': 20.0, 'epochs_run': 20.0, 'max_epochs': 20.0}
1 of 1 configs reached max_epochs
1 of 1 were still improving when stopped
Best params saved to ../Models/sasrec_bce_best_params.json
