task 461 | loss drrl | node slurmnode-gpu03
Tesla P100-PCIE-16GB, 16384 MiB
Tesla P100-PCIE-16GB, 16384 MiB
Tesla P100-PCIE-16GB, 16384 MiB
Tesla P100-PCIE-16GB, 16384 MiB
Using device: cuda
Loading datasets...
Train sessions: 75875 | Val sessions: 16262

Running grid search over 486 combinations...

SLURM array task 461: 1 config -> ../Models/sasrec_grid_drrl_task461.csv
Trying: {'hidden_units': 256, 'dropout_rate': 0.5, 'num_blocks': 2, 'num_heads': 8, 'lr': 0.0001, 'gamma': 4}
Epoch 1 | Loss: -0.0419 | Val NDCG: 0.7232 | smoothed: 0.7232
Epoch 2 | Loss: -0.2138 | Val NDCG: 0.7203 | smoothed: 0.7217
Epoch 3 | Loss: -0.2230 | Val NDCG: 0.7099 | smoothed: 0.7178
Epoch 4 | Loss: -0.2259 | Val NDCG: 0.7130 | smoothed: 0.7144
Epoch 5 | Loss: -0.2273 | Val NDCG: 0.7148 | smoothed: 0.7126
Epoch 6 | Loss: -0.2280 | Val NDCG: 0.7245 | smoothed: 0.7174

Best smoothed NDCG: 0.7232 at epoch 1 of 6 run

1 combinations completed out of 1


--- Grid Search Results ---
 hidden_units  dropout_rate  num_blocks  num_heads     lr  gamma  val_ndcg  val_ndcg_raw  best_epoch  epochs_run  max_epochs
          256           0.5           2          8 0.0001      4  0.723227      0.723227           1           6          40

Best config: {'hidden_units': 256.0, 'dropout_rate': 0.5, 'num_blocks': 2.0, 'num_heads': 8.0, 'lr': 0.0001, 'gamma': 4.0, 'val_ndcg': 0.7232272122904063, 'val_ndcg_raw': 0.7232272122904063, 'best_epoch': 1.0, 'epochs_run': 6.0, 'max_epochs': 40.0}
0 of 1 configs reached max_epochs
0 of 1 were still improving when stopped
Best params saved to ../Models/sasrec_drrl_best_params.json
