task 120 | loss pwts | node slurmnode-gpu07
NVIDIA A40, 46068 MiB
NVIDIA A40, 46068 MiB
NVIDIA A40, 46068 MiB
NVIDIA A40, 46068 MiB
Using device: cuda
Loading datasets...
Train sessions: 75875 | Val sessions: 16262

Running grid search over 162 combinations...

SLURM array task 120: 1 config -> ../Models/sasrec_grid_pwts_task120.csv
Trying: {'hidden_units': 256, 'dropout_rate': 0.1, 'num_blocks': 3, 'num_heads': 4, 'lr': 0.001}
Epoch 1 | Loss: 0.6200 | Val NDCG: 0.7673 | smoothed: 0.7673
Epoch 2 | Loss: 0.6076 | Val NDCG: 0.7664 | smoothed: 0.7669
Epoch 3 | Loss: 0.6052 | Val NDCG: 0.7665 | smoothed: 0.7667
Epoch 4 | Loss: 0.6024 | Val NDCG: 0.7712 | smoothed: 0.7680
Epoch 5 | Loss: 0.6002 | Val NDCG: 0.7680 | smoothed: 0.7686
Epoch 6 | Loss: 0.5991 | Val NDCG: 0.7709 | smoothed: 0.7700
Epoch 7 | Loss: 0.5984 | Val NDCG: 0.7742 | smoothed: 0.7711
Epoch 8 | Loss: 0.5979 | Val NDCG: 0.7748 | smoothed: 0.7733
Epoch 9 | Loss: 0.5969 | Val NDCG: 0.7737 | smoothed: 0.7742
Epoch 10 | Loss: 0.5961 | Val NDCG: 0.7697 | smoothed: 0.7727
Epoch 11 | Loss: 0.5958 | Val NDCG: 0.7768 | smoothed: 0.7734
Epoch 12 | Loss: 0.5945 | Val NDCG: 0.7749 | smoothed: 0.7738
Epoch 13 | Loss: 0.5942 | Val NDCG: 0.7765 | smoothed: 0.7761
Epoch 14 | Loss: 0.5944 | Val NDCG: 0.7763 | smoothed: 0.7759
Epoch 15 | Loss: 0.5946 | Val NDCG: 0.7737 | smoothed: 0.7755
Epoch 16 | Loss: 0.5929 | Val NDCG: 0.7784 | smoothed: 0.7761
Epoch 17 | Loss: 0.5913 | Val NDCG: 0.7790 | smoothed: 0.7770
Epoch 18 | Loss: 0.5911 | Val NDCG: 0.7765 | smoothed: 0.7780
Epoch 19 | Loss: 0.5906 | Val NDCG: 0.7801 | smoothed: 0.7785
Epoch 20 | Loss: 0.5892 | Val NDCG: 0.7806 | smoothed: 0.7791

Best smoothed NDCG: 0.7791 at epoch 20 of 20 run

1 combinations completed out of 1


--- Grid Search Results ---
 hidden_units  dropout_rate  num_blocks  num_heads    lr  val_ndcg  val_ndcg_raw  best_epoch  epochs_run  max_epochs
          256           0.1           3          4 0.001  0.779063      0.780642          20          20          20

Best config: {'hidden_units': 256.0, 'dropout_rate': 0.1, 'num_blocks': 3.0, 'num_heads': 4.0, 'lr': 0.001, 'val_ndcg': 0.7790628837553819, 'val_ndcg_raw': 0.7806424538348646, 'best_epoch': 20.0, 'epochs_run': 20.0, 'max_epochs': 20.0}
1 of 1 configs reached max_epochs
1 of 1 were still improving when stopped
Best params saved to ../Models/sasrec_pwts_best_params.json
