task 114 | loss drrl | node slurmnode-gpu07
NVIDIA A40, 46068 MiB
NVIDIA A40, 46068 MiB
NVIDIA A40, 46068 MiB
NVIDIA A40, 46068 MiB
Using device: cuda
Loading datasets...
Train sessions: 75875 | Val sessions: 16262

Running grid search over 486 combinations...

SLURM array task 114: 1 config -> ../Models/sasrec_grid_drrl_task114.csv
Trying: {'hidden_units': 64, 'dropout_rate': 0.5, 'num_blocks': 1, 'num_heads': 8, 'lr': 0.001, 'gamma': 2}
Epoch 1 | Loss: -0.1387 | Val NDCG: 0.7101 | smoothed: 0.7101
Epoch 2 | Loss: -0.2252 | Val NDCG: 0.7269 | smoothed: 0.7185
Epoch 3 | Loss: -0.2269 | Val NDCG: 0.7195 | smoothed: 0.7188
Epoch 4 | Loss: -0.2268 | Val NDCG: 0.7189 | smoothed: 0.7218
Epoch 5 | Loss: -0.2274 | Val NDCG: 0.7036 | smoothed: 0.7140
Epoch 6 | Loss: -0.2277 | Val NDCG: 0.7068 | smoothed: 0.7098
Epoch 7 | Loss: -0.2276 | Val NDCG: 0.7230 | smoothed: 0.7112
Epoch 8 | Loss: -0.2278 | Val NDCG: 0.7215 | smoothed: 0.7171
Epoch 9 | Loss: -0.2282 | Val NDCG: 0.7243 | smoothed: 0.7229
Epoch 10 | Loss: -0.2282 | Val NDCG: 0.7416 | smoothed: 0.7291
Epoch 11 | Loss: -0.2283 | Val NDCG: 0.7316 | smoothed: 0.7325
Epoch 12 | Loss: -0.2287 | Val NDCG: 0.7501 | smoothed: 0.7411
Epoch 13 | Loss: -0.2288 | Val NDCG: 0.7252 | smoothed: 0.7357
Epoch 14 | Loss: -0.2287 | Val NDCG: 0.7540 | smoothed: 0.7431
Epoch 15 | Loss: -0.2288 | Val NDCG: 0.7537 | smoothed: 0.7443
Epoch 16 | Loss: -0.2289 | Val NDCG: 0.7531 | smoothed: 0.7536
Epoch 17 | Loss: -0.2290 | Val NDCG: 0.7630 | smoothed: 0.7566
Epoch 18 | Loss: -0.2289 | Val NDCG: 0.7555 | smoothed: 0.7572
Epoch 19 | Loss: -0.2291 | Val NDCG: 0.7618 | smoothed: 0.7601
Epoch 20 | Loss: -0.2293 | Val NDCG: 0.7525 | smoothed: 0.7566

Best smoothed NDCG: 0.7601 at epoch 19 of 20 run

1 combinations completed out of 1


--- Grid Search Results ---
 hidden_units  dropout_rate  num_blocks  num_heads    lr  gamma  val_ndcg  val_ndcg_raw  best_epoch  epochs_run  max_epochs
           64           0.5           1          8 0.001      2  0.760094      0.761795          19          20          20

Best config: {'hidden_units': 64.0, 'dropout_rate': 0.5, 'num_blocks': 1.0, 'num_heads': 8.0, 'lr': 0.001, 'gamma': 2.0, 'val_ndcg': 0.7600938147671855, 'val_ndcg_raw': 0.7617950509580413, 'best_epoch': 19.0, 'epochs_run': 20.0, 'max_epochs': 20.0}
1 of 1 configs reached max_epochs
1 of 1 were still improving when stopped
Best params saved to ../Models/sasrec_drrl_best_params.json
