task 58 | loss bce | node slurmnode-gpu02
NVIDIA GeForce GTX 1080 Ti, 11264 MiB
NVIDIA GeForce GTX 1080 Ti, 11264 MiB
NVIDIA GeForce GTX 1080 Ti, 11264 MiB
NVIDIA GeForce GTX 1080 Ti, 11264 MiB
NVIDIA GeForce GTX 1080 Ti, 11264 MiB
NVIDIA GeForce GTX 1080 Ti, 11264 MiB
NVIDIA GeForce GTX 1080 Ti, 11264 MiB
NVIDIA GeForce GTX 1080 Ti, 11264 MiB
Using device: cuda
Loading datasets...
Train sessions: 75875 | Val sessions: 16262

Running grid search over 162 combinations...

SLURM array task 58: 1 config -> ../Models/sasrec_grid_bce_task58.csv
Trying: {'hidden_units': 128, 'dropout_rate': 0.1, 'num_blocks': 1, 'num_heads': 16, 'lr': 0.001}
Epoch 1 | Loss: 0.5857 | Val NDCG: 0.7655 | smoothed: 0.7655
Epoch 2 | Loss: 0.5742 | Val NDCG: 0.7672 | smoothed: 0.7663
Epoch 3 | Loss: 0.5722 | Val NDCG: 0.7675 | smoothed: 0.7667
Epoch 4 | Loss: 0.5698 | Val NDCG: 0.7719 | smoothed: 0.7688
Epoch 5 | Loss: 0.5691 | Val NDCG: 0.7737 | smoothed: 0.7710
Epoch 6 | Loss: 0.5678 | Val NDCG: 0.7703 | smoothed: 0.7719
Epoch 7 | Loss: 0.5673 | Val NDCG: 0.7740 | smoothed: 0.7726
Epoch 8 | Loss: 0.5674 | Val NDCG: 0.7759 | smoothed: 0.7734
Epoch 9 | Loss: 0.5666 | Val NDCG: 0.7741 | smoothed: 0.7747
Epoch 10 | Loss: 0.5658 | Val NDCG: 0.7750 | smoothed: 0.7750
Epoch 11 | Loss: 0.5644 | Val NDCG: 0.7734 | smoothed: 0.7742
Epoch 12 | Loss: 0.5644 | Val NDCG: 0.7772 | smoothed: 0.7752
Epoch 13 | Loss: 0.5632 | Val NDCG: 0.7802 | smoothed: 0.7770
Epoch 14 | Loss: 0.5636 | Val NDCG: 0.7782 | smoothed: 0.7785
Epoch 15 | Loss: 0.5626 | Val NDCG: 0.7786 | smoothed: 0.7790
Epoch 16 | Loss: 0.5631 | Val NDCG: 0.7800 | smoothed: 0.7789
Epoch 17 | Loss: 0.5615 | Val NDCG: 0.7840 | smoothed: 0.7808
Epoch 18 | Loss: 0.5625 | Val NDCG: 0.7795 | smoothed: 0.7811
Epoch 19 | Loss: 0.5599 | Val NDCG: 0.7806 | smoothed: 0.7814
Epoch 20 | Loss: 0.5608 | Val NDCG: 0.7813 | smoothed: 0.7805

Best smoothed NDCG: 0.7814 at epoch 19 of 20 run

1 combinations completed out of 1


--- Grid Search Results ---
 hidden_units  dropout_rate  num_blocks  num_heads    lr  val_ndcg  val_ndcg_raw  best_epoch  epochs_run  max_epochs
          128           0.1           1         16 0.001  0.781364      0.780597          19          20          20

Best config: {'hidden_units': 128.0, 'dropout_rate': 0.1, 'num_blocks': 1.0, 'num_heads': 16.0, 'lr': 0.001, 'val_ndcg': 0.7813639464375578, 'val_ndcg_raw': 0.7805965171566492, 'best_epoch': 19.0, 'epochs_run': 20.0, 'max_epochs': 20.0}
1 of 1 configs reached max_epochs
1 of 1 were still improving when stopped
Best params saved to ../Models/sasrec_bce_best_params.json
