task 11 | loss pwts | node slurmnode-gpu02
NVIDIA GeForce GTX 1080 Ti, 11264 MiB
NVIDIA GeForce GTX 1080 Ti, 11264 MiB
NVIDIA GeForce GTX 1080 Ti, 11264 MiB
NVIDIA GeForce GTX 1080 Ti, 11264 MiB
NVIDIA GeForce GTX 1080 Ti, 11264 MiB
NVIDIA GeForce GTX 1080 Ti, 11264 MiB
NVIDIA GeForce GTX 1080 Ti, 11264 MiB
NVIDIA GeForce GTX 1080 Ti, 11264 MiB
Using device: cuda
Loading datasets...
Train sessions: 75875 | Val sessions: 16262

Running grid search over 162 combinations...

SLURM array task 11: 1 config -> ../Models/sasrec_grid_pwts_task11.csv
Trying: {'hidden_units': 64, 'dropout_rate': 0.1, 'num_blocks': 2, 'num_heads': 16, 'lr': 0.0001}
Epoch 1 | Loss: 0.6407 | Val NDCG: 0.7334 | smoothed: 0.7334
Epoch 2 | Loss: 0.6184 | Val NDCG: 0.7478 | smoothed: 0.7406
Epoch 3 | Loss: 0.6129 | Val NDCG: 0.7508 | smoothed: 0.7440
Epoch 4 | Loss: 0.6094 | Val NDCG: 0.7512 | smoothed: 0.7499
Epoch 5 | Loss: 0.6063 | Val NDCG: 0.7571 | smoothed: 0.7530
Epoch 6 | Loss: 0.6065 | Val NDCG: 0.7607 | smoothed: 0.7563
Epoch 7 | Loss: 0.6044 | Val NDCG: 0.7581 | smoothed: 0.7586
Epoch 8 | Loss: 0.6049 | Val NDCG: 0.7609 | smoothed: 0.7599
Epoch 9 | Loss: 0.6032 | Val NDCG: 0.7618 | smoothed: 0.7603
Epoch 10 | Loss: 0.6012 | Val NDCG: 0.7620 | smoothed: 0.7616
Epoch 11 | Loss: 0.6023 | Val NDCG: 0.7618 | smoothed: 0.7619
Epoch 12 | Loss: 0.6010 | Val NDCG: 0.7643 | smoothed: 0.7627
Epoch 13 | Loss: 0.5992 | Val NDCG: 0.7641 | smoothed: 0.7634
Epoch 14 | Loss: 0.6002 | Val NDCG: 0.7640 | smoothed: 0.7641
Epoch 15 | Loss: 0.5986 | Val NDCG: 0.7652 | smoothed: 0.7644
Epoch 16 | Loss: 0.5984 | Val NDCG: 0.7657 | smoothed: 0.7650
Epoch 17 | Loss: 0.5979 | Val NDCG: 0.7665 | smoothed: 0.7658
Epoch 18 | Loss: 0.5982 | Val NDCG: 0.7677 | smoothed: 0.7666
Epoch 19 | Loss: 0.5974 | Val NDCG: 0.7689 | smoothed: 0.7677
Epoch 20 | Loss: 0.5973 | Val NDCG: 0.7695 | smoothed: 0.7687
Epoch 21 | Loss: 0.5966 | Val NDCG: 0.7696 | smoothed: 0.7694
Epoch 22 | Loss: 0.5972 | Val NDCG: 0.7698 | smoothed: 0.7696
Epoch 23 | Loss: 0.5980 | Val NDCG: 0.7695 | smoothed: 0.7696
Epoch 24 | Loss: 0.5966 | Val NDCG: 0.7695 | smoothed: 0.7696
Epoch 25 | Loss: 0.5961 | Val NDCG: 0.7685 | smoothed: 0.7692
Epoch 26 | Loss: 0.5969 | Val NDCG: 0.7710 | smoothed: 0.7697
Epoch 27 | Loss: 0.5968 | Val NDCG: 0.7719 | smoothed: 0.7705
Epoch 28 | Loss: 0.5956 | Val NDCG: 0.7689 | smoothed: 0.7706
Epoch 29 | Loss: 0.5959 | Val NDCG: 0.7698 | smoothed: 0.7702
Epoch 30 | Loss: 0.5955 | Val NDCG: 0.7706 | smoothed: 0.7698
Epoch 31 | Loss: 0.5956 | Val NDCG: 0.7703 | smoothed: 0.7702
Epoch 32 | Loss: 0.5939 | Val NDCG: 0.7711 | smoothed: 0.7706
Epoch 33 | Loss: 0.5934 | Val NDCG: 0.7728 | smoothed: 0.7714
Epoch 34 | Loss: 0.5933 | Val NDCG: 0.7715 | smoothed: 0.7718
Epoch 35 | Loss: 0.5935 | Val NDCG: 0.7716 | smoothed: 0.7720
Epoch 36 | Loss: 0.5938 | Val NDCG: 0.7713 | smoothed: 0.7715
Epoch 37 | Loss: 0.5947 | Val NDCG: 0.7726 | smoothed: 0.7718
Epoch 38 | Loss: 0.5929 | Val NDCG: 0.7703 | smoothed: 0.7714
Epoch 39 | Loss: 0.5942 | Val NDCG: 0.7733 | smoothed: 0.7721
Epoch 40 | Loss: 0.5929 | Val NDCG: 0.7733 | smoothed: 0.7723

Best smoothed NDCG: 0.7723 at epoch 40 of 40 run

1 combinations completed out of 1


--- Grid Search Results ---
 hidden_units  dropout_rate  num_blocks  num_heads     lr  val_ndcg  val_ndcg_raw  best_epoch  epochs_run  max_epochs
           64           0.1           2         16 0.0001  0.772318      0.773296          40          40          40

Best config: {'hidden_units': 64.0, 'dropout_rate': 0.1, 'num_blocks': 2.0, 'num_heads': 16.0, 'lr': 0.0001, 'val_ndcg': 0.7723184953188719, 'val_ndcg_raw': 0.773296072259146, 'best_epoch': 40.0, 'epochs_run': 40.0, 'max_epochs': 40.0}
1 of 1 configs reached max_epochs
1 of 1 were still improving when stopped
Best params saved to ../Models/sasrec_pwts_best_params.json
