task 316 | loss drrl | node slurmnode-gpu05
Tesla P100-PCIE-16GB, 16384 MiB
Tesla P100-PCIE-16GB, 16384 MiB
Tesla P100-PCIE-16GB, 16384 MiB
Tesla P100-PCIE-16GB, 16384 MiB
Using device: cuda
Loading datasets...
Train sessions: 75875 | Val sessions: 16262

Running grid search over 486 combinations...

SLURM array task 316: 1 config -> ../Models/sasrec_grid_drrl_task316.csv
Trying: {'hidden_units': 128, 'dropout_rate': 0.5, 'num_blocks': 3, 'num_heads': 8, 'lr': 0.0001, 'gamma': 3}
Epoch 1 | Loss: -0.0291 | Val NDCG: 0.7255 | smoothed: 0.7255
Epoch 2 | Loss: -0.2111 | Val NDCG: 0.7181 | smoothed: 0.7218
Epoch 3 | Loss: -0.2226 | Val NDCG: 0.7094 | smoothed: 0.7177
Epoch 4 | Loss: -0.2265 | Val NDCG: 0.7095 | smoothed: 0.7124
Epoch 5 | Loss: -0.2284 | Val NDCG: 0.7073 | smoothed: 0.7087
Epoch 6 | Loss: -0.2294 | Val NDCG: 0.7120 | smoothed: 0.7096

Best smoothed NDCG: 0.7255 at epoch 1 of 6 run

1 combinations completed out of 1


--- Grid Search Results ---
 hidden_units  dropout_rate  num_blocks  num_heads     lr  gamma  val_ndcg  val_ndcg_raw  best_epoch  epochs_run  max_epochs
          128           0.5           3          8 0.0001      3  0.725507      0.725507           1           6          40

Best config: {'hidden_units': 128.0, 'dropout_rate': 0.5, 'num_blocks': 3.0, 'num_heads': 8.0, 'lr': 0.0001, 'gamma': 3.0, 'val_ndcg': 0.7255069456877788, 'val_ndcg_raw': 0.7255069456877788, 'best_epoch': 1.0, 'epochs_run': 6.0, 'max_epochs': 40.0}
0 of 1 configs reached max_epochs
0 of 1 were still improving when stopped
Best params saved to ../Models/sasrec_drrl_best_params.json
