task 311 | loss drrl | node slurmnode-gpu03
Tesla P100-PCIE-16GB, 16384 MiB
Tesla P100-PCIE-16GB, 16384 MiB
Tesla P100-PCIE-16GB, 16384 MiB
Tesla P100-PCIE-16GB, 16384 MiB
Using device: cuda
Loading datasets...
Train sessions: 75875 | Val sessions: 16262

Running grid search over 486 combinations...

SLURM array task 311: 1 config -> ../Models/sasrec_grid_drrl_task311.csv
Trying: {'hidden_units': 128, 'dropout_rate': 0.5, 'num_blocks': 3, 'num_heads': 4, 'lr': 0.0001, 'gamma': 4}
Epoch 1 | Loss: -0.0390 | Val NDCG: 0.7163 | smoothed: 0.7163
Epoch 2 | Loss: -0.2101 | Val NDCG: 0.7092 | smoothed: 0.7128
Epoch 3 | Loss: -0.2220 | Val NDCG: 0.7085 | smoothed: 0.7113
Epoch 4 | Loss: -0.2258 | Val NDCG: 0.7080 | smoothed: 0.7086
Epoch 5 | Loss: -0.2277 | Val NDCG: 0.7086 | smoothed: 0.7084
Epoch 6 | Loss: -0.2288 | Val NDCG: 0.7071 | smoothed: 0.7079

Best smoothed NDCG: 0.7163 at epoch 1 of 6 run

1 combinations completed out of 1


--- Grid Search Results ---
 hidden_units  dropout_rate  num_blocks  num_heads     lr  gamma  val_ndcg  val_ndcg_raw  best_epoch  epochs_run  max_epochs
          128           0.5           3          4 0.0001      4  0.716303      0.716303           1           6          40

Best config: {'hidden_units': 128.0, 'dropout_rate': 0.5, 'num_blocks': 3.0, 'num_heads': 4.0, 'lr': 0.0001, 'gamma': 4.0, 'val_ndcg': 0.7163030254110698, 'val_ndcg_raw': 0.7163030254110698, 'best_epoch': 1.0, 'epochs_run': 6.0, 'max_epochs': 40.0}
0 of 1 configs reached max_epochs
0 of 1 were still improving when stopped
Best params saved to ../Models/sasrec_drrl_best_params.json
