task 151 | loss pwts | node slurmnode-gpu07
NVIDIA A40, 46068 MiB
NVIDIA A40, 46068 MiB
NVIDIA A40, 46068 MiB
NVIDIA A40, 46068 MiB
Using device: cuda
Loading datasets...
Train sessions: 75875 | Val sessions: 16262

Running grid search over 162 combinations...

SLURM array task 151: 1 config -> ../Models/sasrec_grid_pwts_task151.csv
Trying: {'hidden_units': 256, 'dropout_rate': 0.5, 'num_blocks': 2, 'num_heads': 4, 'lr': 0.0001}
Epoch 1 | Loss: 0.6392 | Val NDCG: 0.7372 | smoothed: 0.7372
Epoch 2 | Loss: 0.6235 | Val NDCG: 0.7460 | smoothed: 0.7416
Epoch 3 | Loss: 0.6164 | Val NDCG: 0.7544 | smoothed: 0.7458
Epoch 4 | Loss: 0.6132 | Val NDCG: 0.7602 | smoothed: 0.7535
Epoch 5 | Loss: 0.6115 | Val NDCG: 0.7586 | smoothed: 0.7578
Epoch 6 | Loss: 0.6115 | Val NDCG: 0.7649 | smoothed: 0.7613
Epoch 7 | Loss: 0.6102 | Val NDCG: 0.7659 | smoothed: 0.7631
Epoch 8 | Loss: 0.6085 | Val NDCG: 0.7640 | smoothed: 0.7649
Epoch 9 | Loss: 0.6068 | Val NDCG: 0.7658 | smoothed: 0.7652
Epoch 10 | Loss: 0.6060 | Val NDCG: 0.7626 | smoothed: 0.7641
Epoch 11 | Loss: 0.6057 | Val NDCG: 0.7675 | smoothed: 0.7653
Epoch 12 | Loss: 0.6050 | Val NDCG: 0.7654 | smoothed: 0.7652
Epoch 13 | Loss: 0.6050 | Val NDCG: 0.7697 | smoothed: 0.7676
Epoch 14 | Loss: 0.6035 | Val NDCG: 0.7696 | smoothed: 0.7682
Epoch 15 | Loss: 0.6038 | Val NDCG: 0.7702 | smoothed: 0.7698
Epoch 16 | Loss: 0.6033 | Val NDCG: 0.7675 | smoothed: 0.7691
Epoch 17 | Loss: 0.6034 | Val NDCG: 0.7701 | smoothed: 0.7693
Epoch 18 | Loss: 0.6028 | Val NDCG: 0.7699 | smoothed: 0.7692
Epoch 19 | Loss: 0.6021 | Val NDCG: 0.7680 | smoothed: 0.7693
Epoch 20 | Loss: 0.6023 | Val NDCG: 0.7707 | smoothed: 0.7696

Best smoothed NDCG: 0.7698 at epoch 15 of 20 run

1 combinations completed out of 1


--- Grid Search Results ---
 hidden_units  dropout_rate  num_blocks  num_heads     lr  val_ndcg  val_ndcg_raw  best_epoch  epochs_run  max_epochs
          256           0.5           2          4 0.0001  0.769832      0.770198          15          20          40

Best config: {'hidden_units': 256.0, 'dropout_rate': 0.5, 'num_blocks': 2.0, 'num_heads': 4.0, 'lr': 0.0001, 'val_ndcg': 0.7698321182911244, 'val_ndcg_raw': 0.7701983010915746, 'best_epoch': 15.0, 'epochs_run': 20.0, 'max_epochs': 40.0}
0 of 1 configs reached max_epochs
0 of 1 were still improving when stopped
Best params saved to ../Models/sasrec_pwts_best_params.json
