task 130 | loss pwts | node slurmnode-gpu07
NVIDIA A40, 46068 MiB
NVIDIA A40, 46068 MiB
NVIDIA A40, 46068 MiB
NVIDIA A40, 46068 MiB
Using device: cuda
Loading datasets...
Train sessions: 75875 | Val sessions: 16262

Running grid search over 162 combinations...

SLURM array task 130: 1 config -> ../Models/sasrec_grid_pwts_task130.csv
Trying: {'hidden_units': 256, 'dropout_rate': 0.3, 'num_blocks': 1, 'num_heads': 16, 'lr': 0.001}
Epoch 1 | Loss: 0.6215 | Val NDCG: 0.7568 | smoothed: 0.7568
Epoch 2 | Loss: 0.6110 | Val NDCG: 0.7636 | smoothed: 0.7602
Epoch 3 | Loss: 0.6082 | Val NDCG: 0.7716 | smoothed: 0.7640
Epoch 4 | Loss: 0.6050 | Val NDCG: 0.7682 | smoothed: 0.7678
Epoch 5 | Loss: 0.6040 | Val NDCG: 0.7700 | smoothed: 0.7699
Epoch 6 | Loss: 0.6024 | Val NDCG: 0.7719 | smoothed: 0.7700
Epoch 7 | Loss: 0.6021 | Val NDCG: 0.7721 | smoothed: 0.7713
Epoch 8 | Loss: 0.5998 | Val NDCG: 0.7751 | smoothed: 0.7730
Epoch 9 | Loss: 0.5981 | Val NDCG: 0.7763 | smoothed: 0.7745
Epoch 10 | Loss: 0.5975 | Val NDCG: 0.7773 | smoothed: 0.7762
Epoch 11 | Loss: 0.5968 | Val NDCG: 0.7744 | smoothed: 0.7760
Epoch 12 | Loss: 0.5977 | Val NDCG: 0.7765 | smoothed: 0.7761
Epoch 13 | Loss: 0.5967 | Val NDCG: 0.7749 | smoothed: 0.7753
Epoch 14 | Loss: 0.5956 | Val NDCG: 0.7797 | smoothed: 0.7770
Epoch 15 | Loss: 0.5952 | Val NDCG: 0.7786 | smoothed: 0.7778
Epoch 16 | Loss: 0.5945 | Val NDCG: 0.7779 | smoothed: 0.7788
Epoch 17 | Loss: 0.5951 | Val NDCG: 0.7789 | smoothed: 0.7785
Epoch 18 | Loss: 0.5944 | Val NDCG: 0.7760 | smoothed: 0.7776
Epoch 19 | Loss: 0.5934 | Val NDCG: 0.7755 | smoothed: 0.7768
Epoch 20 | Loss: 0.5927 | Val NDCG: 0.7789 | smoothed: 0.7768

Best smoothed NDCG: 0.7788 at epoch 16 of 20 run

1 combinations completed out of 1


--- Grid Search Results ---
 hidden_units  dropout_rate  num_blocks  num_heads    lr  val_ndcg  val_ndcg_raw  best_epoch  epochs_run  max_epochs
          256           0.3           1         16 0.001  0.778752      0.777912          16          20          20

Best config: {'hidden_units': 256.0, 'dropout_rate': 0.3, 'num_blocks': 1.0, 'num_heads': 16.0, 'lr': 0.001, 'val_ndcg': 0.7787523794138081, 'val_ndcg_raw': 0.77791222306619, 'best_epoch': 16.0, 'epochs_run': 20.0, 'max_epochs': 20.0}
1 of 1 configs reached max_epochs
0 of 1 were still improving when stopped
Best params saved to ../Models/sasrec_pwts_best_params.json
