task 5 | loss bce | node slurmnode-gpu02
NVIDIA GeForce GTX 1080 Ti, 11264 MiB
NVIDIA GeForce GTX 1080 Ti, 11264 MiB
NVIDIA GeForce GTX 1080 Ti, 11264 MiB
NVIDIA GeForce GTX 1080 Ti, 11264 MiB
NVIDIA GeForce GTX 1080 Ti, 11264 MiB
NVIDIA GeForce GTX 1080 Ti, 11264 MiB
NVIDIA GeForce GTX 1080 Ti, 11264 MiB
NVIDIA GeForce GTX 1080 Ti, 11264 MiB
Using device: cuda
Loading datasets...
Train sessions: 75875 | Val sessions: 16262

Running grid search over 162 combinations...

SLURM array task 5: 1 config -> ../Models/sasrec_grid_bce_task5.csv
Trying: {'hidden_units': 64, 'dropout_rate': 0.1, 'num_blocks': 1, 'num_heads': 16, 'lr': 0.0001}
Epoch 1 | Loss: 0.6124 | Val NDCG: 0.7427 | smoothed: 0.7427
Epoch 2 | Loss: 0.5909 | Val NDCG: 0.7459 | smoothed: 0.7443
Epoch 3 | Loss: 0.5844 | Val NDCG: 0.7525 | smoothed: 0.7470
Epoch 4 | Loss: 0.5818 | Val NDCG: 0.7544 | smoothed: 0.7509
Epoch 5 | Loss: 0.5800 | Val NDCG: 0.7602 | smoothed: 0.7557
Epoch 6 | Loss: 0.5783 | Val NDCG: 0.7596 | smoothed: 0.7581
Epoch 7 | Loss: 0.5775 | Val NDCG: 0.7625 | smoothed: 0.7608
Epoch 8 | Loss: 0.5766 | Val NDCG: 0.7634 | smoothed: 0.7618
Epoch 9 | Loss: 0.5757 | Val NDCG: 0.7642 | smoothed: 0.7634
Epoch 10 | Loss: 0.5754 | Val NDCG: 0.7645 | smoothed: 0.7640
Epoch 11 | Loss: 0.5759 | Val NDCG: 0.7637 | smoothed: 0.7641
Epoch 12 | Loss: 0.5755 | Val NDCG: 0.7633 | smoothed: 0.7638
Epoch 13 | Loss: 0.5735 | Val NDCG: 0.7643 | smoothed: 0.7638
Epoch 14 | Loss: 0.5732 | Val NDCG: 0.7664 | smoothed: 0.7647
Epoch 15 | Loss: 0.5730 | Val NDCG: 0.7676 | smoothed: 0.7661
Epoch 16 | Loss: 0.5732 | Val NDCG: 0.7662 | smoothed: 0.7667
Epoch 17 | Loss: 0.5716 | Val NDCG: 0.7666 | smoothed: 0.7668
Epoch 18 | Loss: 0.5714 | Val NDCG: 0.7669 | smoothed: 0.7666
Epoch 19 | Loss: 0.5715 | Val NDCG: 0.7674 | smoothed: 0.7670
Epoch 20 | Loss: 0.5713 | Val NDCG: 0.7682 | smoothed: 0.7675
Epoch 21 | Loss: 0.5712 | Val NDCG: 0.7668 | smoothed: 0.7675
Epoch 22 | Loss: 0.5705 | Val NDCG: 0.7685 | smoothed: 0.7679
Epoch 23 | Loss: 0.5712 | Val NDCG: 0.7680 | smoothed: 0.7678
Epoch 24 | Loss: 0.5706 | Val NDCG: 0.7681 | smoothed: 0.7682
Epoch 25 | Loss: 0.5704 | Val NDCG: 0.7678 | smoothed: 0.7680
Epoch 26 | Loss: 0.5710 | Val NDCG: 0.7703 | smoothed: 0.7687
Epoch 27 | Loss: 0.5701 | Val NDCG: 0.7687 | smoothed: 0.7689
Epoch 28 | Loss: 0.5711 | Val NDCG: 0.7695 | smoothed: 0.7695
Epoch 29 | Loss: 0.5702 | Val NDCG: 0.7687 | smoothed: 0.7690
Epoch 30 | Loss: 0.5685 | Val NDCG: 0.7697 | smoothed: 0.7693
Epoch 31 | Loss: 0.5694 | Val NDCG: 0.7691 | smoothed: 0.7692
Epoch 32 | Loss: 0.5693 | Val NDCG: 0.7706 | smoothed: 0.7698
Epoch 33 | Loss: 0.5708 | Val NDCG: 0.7712 | smoothed: 0.7703
Epoch 34 | Loss: 0.5702 | Val NDCG: 0.7693 | smoothed: 0.7704
Epoch 35 | Loss: 0.5688 | Val NDCG: 0.7723 | smoothed: 0.7710
Epoch 36 | Loss: 0.5688 | Val NDCG: 0.7685 | smoothed: 0.7700
Epoch 37 | Loss: 0.5678 | Val NDCG: 0.7706 | smoothed: 0.7705
Epoch 38 | Loss: 0.5691 | Val NDCG: 0.7731 | smoothed: 0.7707
Epoch 39 | Loss: 0.5685 | Val NDCG: 0.7708 | smoothed: 0.7715
Epoch 40 | Loss: 0.5689 | Val NDCG: 0.7710 | smoothed: 0.7716

Best smoothed NDCG: 0.7716 at epoch 40 of 40 run

1 combinations completed out of 1


--- Grid Search Results ---
 hidden_units  dropout_rate  num_blocks  num_heads     lr  val_ndcg  val_ndcg_raw  best_epoch  epochs_run  max_epochs
           64           0.1           1         16 0.0001  0.771614      0.770966          40          40          40

Best config: {'hidden_units': 64.0, 'dropout_rate': 0.1, 'num_blocks': 1.0, 'num_heads': 16.0, 'lr': 0.0001, 'val_ndcg': 0.7716142495430812, 'val_ndcg_raw': 0.7709655422736943, 'best_epoch': 40.0, 'epochs_run': 40.0, 'max_epochs': 40.0}
1 of 1 configs reached max_epochs
1 of 1 were still improving when stopped
Best params saved to ../Models/sasrec_bce_best_params.json
