task 72 | loss bce | node slurmnode-gpu05
Tesla P100-PCIE-16GB, 16384 MiB
Tesla P100-PCIE-16GB, 16384 MiB
Tesla P100-PCIE-16GB, 16384 MiB
Tesla P100-PCIE-16GB, 16384 MiB
Using device: cuda
Loading datasets...
Train sessions: 75875 | Val sessions: 16262

Running grid search over 162 combinations...

SLURM array task 72: 1 config -> ../Models/sasrec_grid_bce_task72.csv
Trying: {'hidden_units': 128, 'dropout_rate': 0.3, 'num_blocks': 1, 'num_heads': 4, 'lr': 0.001}
Epoch 1 | Loss: 0.5918 | Val NDCG: 0.7564 | smoothed: 0.7564
Epoch 2 | Loss: 0.5813 | Val NDCG: 0.7684 | smoothed: 0.7624
Epoch 3 | Loss: 0.5789 | Val NDCG: 0.7633 | smoothed: 0.7627
Epoch 4 | Loss: 0.5771 | Val NDCG: 0.7714 | smoothed: 0.7677
Epoch 5 | Loss: 0.5769 | Val NDCG: 0.7748 | smoothed: 0.7698
Epoch 6 | Loss: 0.5763 | Val NDCG: 0.7767 | smoothed: 0.7743
Epoch 7 | Loss: 0.5762 | Val NDCG: 0.7750 | smoothed: 0.7755
Epoch 8 | Loss: 0.5739 | Val NDCG: 0.7750 | smoothed: 0.7756
Epoch 9 | Loss: 0.5741 | Val NDCG: 0.7765 | smoothed: 0.7755
Epoch 10 | Loss: 0.5737 | Val NDCG: 0.7776 | smoothed: 0.7764
Epoch 11 | Loss: 0.5738 | Val NDCG: 0.7772 | smoothed: 0.7771
Epoch 12 | Loss: 0.5726 | Val NDCG: 0.7803 | smoothed: 0.7784
Epoch 13 | Loss: 0.5713 | Val NDCG: 0.7814 | smoothed: 0.7797
Epoch 14 | Loss: 0.5723 | Val NDCG: 0.7782 | smoothed: 0.7800
Epoch 15 | Loss: 0.5711 | Val NDCG: 0.7780 | smoothed: 0.7792
Epoch 16 | Loss: 0.5708 | Val NDCG: 0.7774 | smoothed: 0.7779
Epoch 17 | Loss: 0.5711 | Val NDCG: 0.7801 | smoothed: 0.7785
Epoch 18 | Loss: 0.5712 | Val NDCG: 0.7810 | smoothed: 0.7795
Epoch 19 | Loss: 0.5701 | Val NDCG: 0.7801 | smoothed: 0.7804
Epoch 20 | Loss: 0.5697 | Val NDCG: 0.7823 | smoothed: 0.7811

Best smoothed NDCG: 0.7811 at epoch 20 of 20 run

1 combinations completed out of 1


--- Grid Search Results ---
 hidden_units  dropout_rate  num_blocks  num_heads    lr  val_ndcg  val_ndcg_raw  best_epoch  epochs_run  max_epochs
          128           0.3           1          4 0.001  0.781126      0.782292          20          20          20

Best config: {'hidden_units': 128.0, 'dropout_rate': 0.3, 'num_blocks': 1.0, 'num_heads': 4.0, 'lr': 0.001, 'val_ndcg': 0.7811257613688577, 'val_ndcg_raw': 0.7822924060521754, 'best_epoch': 20.0, 'epochs_run': 20.0, 'max_epochs': 20.0}
1 of 1 configs reached max_epochs
1 of 1 were still improving when stopped
Best params saved to ../Models/sasrec_bce_best_params.json
