task 73 | loss bce | node slurmnode-gpu05
Tesla P100-PCIE-16GB, 16384 MiB
Tesla P100-PCIE-16GB, 16384 MiB
Tesla P100-PCIE-16GB, 16384 MiB
Tesla P100-PCIE-16GB, 16384 MiB
Using device: cuda
Loading datasets...
Train sessions: 75875 | Val sessions: 16262

Running grid search over 162 combinations...

SLURM array task 73: 1 config -> ../Models/sasrec_grid_bce_task73.csv
Trying: {'hidden_units': 128, 'dropout_rate': 0.3, 'num_blocks': 1, 'num_heads': 4, 'lr': 0.0001}
Epoch 1 | Loss: 0.6137 | Val NDCG: 0.7306 | smoothed: 0.7306
Epoch 2 | Loss: 0.5938 | Val NDCG: 0.7467 | smoothed: 0.7387
Epoch 3 | Loss: 0.5893 | Val NDCG: 0.7556 | smoothed: 0.7443
Epoch 4 | Loss: 0.5868 | Val NDCG: 0.7591 | smoothed: 0.7538
Epoch 5 | Loss: 0.5847 | Val NDCG: 0.7643 | smoothed: 0.7596
Epoch 6 | Loss: 0.5828 | Val NDCG: 0.7669 | smoothed: 0.7634
Epoch 7 | Loss: 0.5821 | Val NDCG: 0.7646 | smoothed: 0.7653
Epoch 8 | Loss: 0.5807 | Val NDCG: 0.7644 | smoothed: 0.7653
Epoch 9 | Loss: 0.5800 | Val NDCG: 0.7680 | smoothed: 0.7656
Epoch 10 | Loss: 0.5781 | Val NDCG: 0.7702 | smoothed: 0.7675
Epoch 11 | Loss: 0.5785 | Val NDCG: 0.7720 | smoothed: 0.7701
Epoch 12 | Loss: 0.5779 | Val NDCG: 0.7674 | smoothed: 0.7699
Epoch 13 | Loss: 0.5777 | Val NDCG: 0.7695 | smoothed: 0.7696
Epoch 14 | Loss: 0.5771 | Val NDCG: 0.7702 | smoothed: 0.7690
Epoch 15 | Loss: 0.5772 | Val NDCG: 0.7725 | smoothed: 0.7707
Epoch 16 | Loss: 0.5779 | Val NDCG: 0.7715 | smoothed: 0.7714
Epoch 17 | Loss: 0.5766 | Val NDCG: 0.7709 | smoothed: 0.7716
Epoch 18 | Loss: 0.5770 | Val NDCG: 0.7719 | smoothed: 0.7714
Epoch 19 | Loss: 0.5756 | Val NDCG: 0.7740 | smoothed: 0.7723
Epoch 20 | Loss: 0.5752 | Val NDCG: 0.7738 | smoothed: 0.7733
Epoch 21 | Loss: 0.5757 | Val NDCG: 0.7724 | smoothed: 0.7734
Epoch 22 | Loss: 0.5753 | Val NDCG: 0.7747 | smoothed: 0.7736
Epoch 23 | Loss: 0.5748 | Val NDCG: 0.7750 | smoothed: 0.7740
Epoch 24 | Loss: 0.5744 | Val NDCG: 0.7752 | smoothed: 0.7750
Epoch 25 | Loss: 0.5746 | Val NDCG: 0.7736 | smoothed: 0.7746
Epoch 26 | Loss: 0.5737 | Val NDCG: 0.7736 | smoothed: 0.7741
Epoch 27 | Loss: 0.5736 | Val NDCG: 0.7762 | smoothed: 0.7745
Epoch 28 | Loss: 0.5750 | Val NDCG: 0.7765 | smoothed: 0.7754
Epoch 29 | Loss: 0.5744 | Val NDCG: 0.7760 | smoothed: 0.7762
Epoch 30 | Loss: 0.5739 | Val NDCG: 0.7773 | smoothed: 0.7766
Epoch 31 | Loss: 0.5742 | Val NDCG: 0.7766 | smoothed: 0.7766
Epoch 32 | Loss: 0.5739 | Val NDCG: 0.7757 | smoothed: 0.7765
Epoch 33 | Loss: 0.5744 | Val NDCG: 0.7771 | smoothed: 0.7765
Epoch 34 | Loss: 0.5738 | Val NDCG: 0.7753 | smoothed: 0.7761
Epoch 35 | Loss: 0.5732 | Val NDCG: 0.7774 | smoothed: 0.7766
Epoch 36 | Loss: 0.5739 | Val NDCG: 0.7766 | smoothed: 0.7764
Epoch 37 | Loss: 0.5738 | Val NDCG: 0.7768 | smoothed: 0.7769
Epoch 38 | Loss: 0.5742 | Val NDCG: 0.7791 | smoothed: 0.7775
Epoch 39 | Loss: 0.5724 | Val NDCG: 0.7775 | smoothed: 0.7778
Epoch 40 | Loss: 0.5722 | Val NDCG: 0.7786 | smoothed: 0.7784

Best smoothed NDCG: 0.7784 at epoch 40 of 40 run

1 combinations completed out of 1


--- Grid Search Results ---
 hidden_units  dropout_rate  num_blocks  num_heads     lr  val_ndcg  val_ndcg_raw  best_epoch  epochs_run  max_epochs
          128           0.3           1          4 0.0001  0.778421      0.778604          40          40          40

Best config: {'hidden_units': 128.0, 'dropout_rate': 0.3, 'num_blocks': 1.0, 'num_heads': 4.0, 'lr': 0.0001, 'val_ndcg': 0.7784212391073048, 'val_ndcg_raw': 0.7786042517608234, 'best_epoch': 40.0, 'epochs_run': 40.0, 'max_epochs': 40.0}
1 of 1 configs reached max_epochs
1 of 1 were still improving when stopped
Best params saved to ../Models/sasrec_bce_best_params.json
