task 117 | loss drrl | node slurmnode-gpu07
NVIDIA A40, 46068 MiB
NVIDIA A40, 46068 MiB
NVIDIA A40, 46068 MiB
NVIDIA A40, 46068 MiB
Using device: cuda
Loading datasets...
Train sessions: 75875 | Val sessions: 16262

Running grid search over 486 combinations...

SLURM array task 117: 1 config -> ../Models/sasrec_grid_drrl_task117.csv
Trying: {'hidden_units': 64, 'dropout_rate': 0.5, 'num_blocks': 1, 'num_heads': 8, 'lr': 0.0001, 'gamma': 2}
Epoch 1 | Loss: 0.4634 | Val NDCG: 0.7032 | smoothed: 0.7032
Epoch 2 | Loss: -0.1131 | Val NDCG: 0.7090 | smoothed: 0.7061
Epoch 3 | Loss: -0.2064 | Val NDCG: 0.7084 | smoothed: 0.7069
Epoch 4 | Loss: -0.2250 | Val NDCG: 0.7082 | smoothed: 0.7086
Epoch 5 | Loss: -0.2287 | Val NDCG: 0.7160 | smoothed: 0.7109
Epoch 6 | Loss: -0.2302 | Val NDCG: 0.7200 | smoothed: 0.7147
Epoch 7 | Loss: -0.2312 | Val NDCG: 0.7174 | smoothed: 0.7178
Epoch 8 | Loss: -0.2317 | Val NDCG: 0.7244 | smoothed: 0.7206
Epoch 9 | Loss: -0.2319 | Val NDCG: 0.7276 | smoothed: 0.7231
Epoch 10 | Loss: -0.2319 | Val NDCG: 0.7377 | smoothed: 0.7299
Epoch 11 | Loss: -0.2321 | Val NDCG: 0.7307 | smoothed: 0.7320
Epoch 12 | Loss: -0.2320 | Val NDCG: 0.7392 | smoothed: 0.7359
Epoch 13 | Loss: -0.2321 | Val NDCG: 0.7392 | smoothed: 0.7364
Epoch 14 | Loss: -0.2320 | Val NDCG: 0.7356 | smoothed: 0.7380
Epoch 15 | Loss: -0.2321 | Val NDCG: 0.7446 | smoothed: 0.7398
Epoch 16 | Loss: -0.2321 | Val NDCG: 0.7470 | smoothed: 0.7424
Epoch 17 | Loss: -0.2321 | Val NDCG: 0.7447 | smoothed: 0.7455
Epoch 18 | Loss: -0.2321 | Val NDCG: 0.7247 | smoothed: 0.7388
Epoch 19 | Loss: -0.2321 | Val NDCG: 0.7382 | smoothed: 0.7359
Epoch 20 | Loss: -0.2321 | Val NDCG: 0.7418 | smoothed: 0.7349
Epoch 21 | Loss: -0.2321 | Val NDCG: 0.7478 | smoothed: 0.7426
Epoch 22 | Loss: -0.2322 | Val NDCG: 0.7507 | smoothed: 0.7467
Epoch 23 | Loss: -0.2321 | Val NDCG: 0.7399 | smoothed: 0.7461
Epoch 24 | Loss: -0.2321 | Val NDCG: 0.7153 | smoothed: 0.7353
Epoch 25 | Loss: -0.2322 | Val NDCG: 0.7342 | smoothed: 0.7298
Epoch 26 | Loss: -0.2322 | Val NDCG: 0.7443 | smoothed: 0.7312
Epoch 27 | Loss: -0.2322 | Val NDCG: 0.7467 | smoothed: 0.7417

Best smoothed NDCG: 0.7467 at epoch 22 of 27 run

1 combinations completed out of 1


--- Grid Search Results ---
 hidden_units  dropout_rate  num_blocks  num_heads     lr  gamma  val_ndcg  val_ndcg_raw  best_epoch  epochs_run  max_epochs
           64           0.5           1          8 0.0001      2  0.746742      0.750677          22          27          40

Best config: {'hidden_units': 64.0, 'dropout_rate': 0.5, 'num_blocks': 1.0, 'num_heads': 8.0, 'lr': 0.0001, 'gamma': 2.0, 'val_ndcg': 0.7467421642002706, 'val_ndcg_raw': 0.7506765919610585, 'best_epoch': 22.0, 'epochs_run': 27.0, 'max_epochs': 40.0}
0 of 1 configs reached max_epochs
0 of 1 were still improving when stopped
Best params saved to ../Models/sasrec_drrl_best_params.json
