task 92 | loss pwts | node slurmnode-gpu03
Tesla P100-PCIE-16GB, 16384 MiB
Tesla P100-PCIE-16GB, 16384 MiB
Tesla P100-PCIE-16GB, 16384 MiB
Tesla P100-PCIE-16GB, 16384 MiB
Using device: cuda
Loading datasets...
Train sessions: 75875 | Val sessions: 16262

Running grid search over 162 combinations...

SLURM array task 92: 1 config -> ../Models/sasrec_grid_pwts_task92.csv
Trying: {'hidden_units': 128, 'dropout_rate': 0.5, 'num_blocks': 1, 'num_heads': 8, 'lr': 0.001}
Epoch 1 | Loss: 0.6308 | Val NDCG: 0.7558 | smoothed: 0.7558
Epoch 2 | Loss: 0.6166 | Val NDCG: 0.7663 | smoothed: 0.7611
Epoch 3 | Loss: 0.6121 | Val NDCG: 0.7666 | smoothed: 0.7629
Epoch 4 | Loss: 0.6106 | Val NDCG: 0.7661 | smoothed: 0.7663
Epoch 5 | Loss: 0.6099 | Val NDCG: 0.7700 | smoothed: 0.7676
Epoch 6 | Loss: 0.6083 | Val NDCG: 0.7657 | smoothed: 0.7673
Epoch 7 | Loss: 0.6077 | Val NDCG: 0.7690 | smoothed: 0.7683
Epoch 8 | Loss: 0.6070 | Val NDCG: 0.7724 | smoothed: 0.7691
Epoch 9 | Loss: 0.6067 | Val NDCG: 0.7689 | smoothed: 0.7701
Epoch 10 | Loss: 0.6053 | Val NDCG: 0.7721 | smoothed: 0.7711
Epoch 11 | Loss: 0.6046 | Val NDCG: 0.7735 | smoothed: 0.7715
Epoch 12 | Loss: 0.6050 | Val NDCG: 0.7745 | smoothed: 0.7733
Epoch 13 | Loss: 0.6041 | Val NDCG: 0.7777 | smoothed: 0.7752
Epoch 14 | Loss: 0.6036 | Val NDCG: 0.7728 | smoothed: 0.7750
Epoch 15 | Loss: 0.6036 | Val NDCG: 0.7782 | smoothed: 0.7762
Epoch 16 | Loss: 0.6032 | Val NDCG: 0.7748 | smoothed: 0.7753
Epoch 17 | Loss: 0.6033 | Val NDCG: 0.7781 | smoothed: 0.7770
Epoch 18 | Loss: 0.6030 | Val NDCG: 0.7762 | smoothed: 0.7764
Epoch 19 | Loss: 0.6025 | Val NDCG: 0.7780 | smoothed: 0.7774
Epoch 20 | Loss: 0.6026 | Val NDCG: 0.7794 | smoothed: 0.7779

Best smoothed NDCG: 0.7779 at epoch 20 of 20 run

1 combinations completed out of 1


--- Grid Search Results ---
 hidden_units  dropout_rate  num_blocks  num_heads    lr  val_ndcg  val_ndcg_raw  best_epoch  epochs_run  max_epochs
          128           0.5           1          8 0.001  0.777874       0.77941          20          20          20

Best config: {'hidden_units': 128.0, 'dropout_rate': 0.5, 'num_blocks': 1.0, 'num_heads': 8.0, 'lr': 0.001, 'val_ndcg': 0.7778743435524514, 'val_ndcg_raw': 0.7794099417636903, 'best_epoch': 20.0, 'epochs_run': 20.0, 'max_epochs': 20.0}
1 of 1 configs reached max_epochs
1 of 1 were still improving when stopped
Best params saved to ../Models/sasrec_pwts_best_params.json
