task 90 | loss drrl | node slurmnode-gpu07
NVIDIA A40, 46068 MiB
NVIDIA A40, 46068 MiB
NVIDIA A40, 46068 MiB
NVIDIA A40, 46068 MiB
Using device: cuda
Loading datasets...
Train sessions: 75875 | Val sessions: 16262

Running grid search over 486 combinations...

SLURM array task 90: 1 config -> ../Models/sasrec_grid_drrl_task90.csv
Trying: {'hidden_units': 64, 'dropout_rate': 0.3, 'num_blocks': 3, 'num_heads': 4, 'lr': 0.001, 'gamma': 2}
Epoch 1 | Loss: -0.1704 | Val NDCG: 0.7213 | smoothed: 0.7213
Epoch 2 | Loss: -0.2214 | Val NDCG: 0.7155 | smoothed: 0.7184
Epoch 3 | Loss: -0.2247 | Val NDCG: 0.6878 | smoothed: 0.7082
Epoch 4 | Loss: -0.2257 | Val NDCG: 0.7068 | smoothed: 0.7034
Epoch 5 | Loss: -0.2267 | Val NDCG: 0.7326 | smoothed: 0.7091
Epoch 6 | Loss: -0.2273 | Val NDCG: 0.7577 | smoothed: 0.7324
Epoch 7 | Loss: -0.2277 | Val NDCG: 0.7408 | smoothed: 0.7437
Epoch 8 | Loss: -0.2282 | Val NDCG: 0.7282 | smoothed: 0.7422
Epoch 9 | Loss: -0.2280 | Val NDCG: 0.7622 | smoothed: 0.7437
Epoch 10 | Loss: -0.2283 | Val NDCG: 0.7475 | smoothed: 0.7460
Epoch 11 | Loss: -0.2283 | Val NDCG: 0.7430 | smoothed: 0.7509
Epoch 12 | Loss: -0.2286 | Val NDCG: 0.7673 | smoothed: 0.7526
Epoch 13 | Loss: -0.2285 | Val NDCG: 0.7593 | smoothed: 0.7566
Epoch 14 | Loss: -0.2286 | Val NDCG: 0.7651 | smoothed: 0.7639
Epoch 15 | Loss: -0.2287 | Val NDCG: 0.7635 | smoothed: 0.7626
Epoch 16 | Loss: -0.2287 | Val NDCG: 0.7663 | smoothed: 0.7650
Epoch 17 | Loss: -0.2289 | Val NDCG: 0.7593 | smoothed: 0.7630
Epoch 18 | Loss: -0.2292 | Val NDCG: 0.7613 | smoothed: 0.7623
Epoch 19 | Loss: -0.2293 | Val NDCG: 0.7608 | smoothed: 0.7605
Epoch 20 | Loss: -0.2292 | Val NDCG: 0.7653 | smoothed: 0.7625

Best smoothed NDCG: 0.7650 at epoch 16 of 20 run

1 combinations completed out of 1


--- Grid Search Results ---
 hidden_units  dropout_rate  num_blocks  num_heads    lr  gamma  val_ndcg  val_ndcg_raw  best_epoch  epochs_run  max_epochs
           64           0.3           3          4 0.001      2  0.764952      0.766298          16          20          20

Best config: {'hidden_units': 64.0, 'dropout_rate': 0.3, 'num_blocks': 3.0, 'num_heads': 4.0, 'lr': 0.001, 'gamma': 2.0, 'val_ndcg': 0.7649520171569484, 'val_ndcg_raw': 0.7662977282724327, 'best_epoch': 16.0, 'epochs_run': 20.0, 'max_epochs': 20.0}
1 of 1 configs reached max_epochs
0 of 1 were still improving when stopped
Best params saved to ../Models/sasrec_drrl_best_params.json
