task 137 | loss pwts | node slurmnode-gpu07
NVIDIA A40, 46068 MiB
NVIDIA A40, 46068 MiB
NVIDIA A40, 46068 MiB
NVIDIA A40, 46068 MiB
Using device: cuda
Loading datasets...
Train sessions: 75875 | Val sessions: 16262

Running grid search over 162 combinations...

SLURM array task 137: 1 config -> ../Models/sasrec_grid_pwts_task137.csv
Trying: {'hidden_units': 256, 'dropout_rate': 0.3, 'num_blocks': 2, 'num_heads': 16, 'lr': 0.0001}
Epoch 1 | Loss: 0.6309 | Val NDCG: 0.7526 | smoothed: 0.7526
Epoch 2 | Loss: 0.6144 | Val NDCG: 0.7586 | smoothed: 0.7556
Epoch 3 | Loss: 0.6097 | Val NDCG: 0.7616 | smoothed: 0.7576
Epoch 4 | Loss: 0.6061 | Val NDCG: 0.7652 | smoothed: 0.7618
Epoch 5 | Loss: 0.6054 | Val NDCG: 0.7608 | smoothed: 0.7625
Epoch 6 | Loss: 0.6042 | Val NDCG: 0.7640 | smoothed: 0.7633
Epoch 7 | Loss: 0.6027 | Val NDCG: 0.7715 | smoothed: 0.7654
Epoch 8 | Loss: 0.6021 | Val NDCG: 0.7681 | smoothed: 0.7679
Epoch 9 | Loss: 0.6001 | Val NDCG: 0.7693 | smoothed: 0.7696
Epoch 10 | Loss: 0.5999 | Val NDCG: 0.7698 | smoothed: 0.7691
Epoch 11 | Loss: 0.5990 | Val NDCG: 0.7714 | smoothed: 0.7702
Epoch 12 | Loss: 0.5978 | Val NDCG: 0.7708 | smoothed: 0.7707
Epoch 13 | Loss: 0.5992 | Val NDCG: 0.7696 | smoothed: 0.7706
Epoch 14 | Loss: 0.5984 | Val NDCG: 0.7709 | smoothed: 0.7704
Epoch 15 | Loss: 0.5977 | Val NDCG: 0.7725 | smoothed: 0.7710
Epoch 16 | Loss: 0.5970 | Val NDCG: 0.7745 | smoothed: 0.7726
Epoch 17 | Loss: 0.5964 | Val NDCG: 0.7716 | smoothed: 0.7729
Epoch 18 | Loss: 0.5963 | Val NDCG: 0.7722 | smoothed: 0.7728
Epoch 19 | Loss: 0.5966 | Val NDCG: 0.7742 | smoothed: 0.7727
Epoch 20 | Loss: 0.5960 | Val NDCG: 0.7751 | smoothed: 0.7738
Epoch 21 | Loss: 0.5944 | Val NDCG: 0.7747 | smoothed: 0.7747
Epoch 22 | Loss: 0.5939 | Val NDCG: 0.7747 | smoothed: 0.7748
Epoch 23 | Loss: 0.5951 | Val NDCG: 0.7731 | smoothed: 0.7741
Epoch 24 | Loss: 0.5944 | Val NDCG: 0.7718 | smoothed: 0.7732
Epoch 25 | Loss: 0.5942 | Val NDCG: 0.7762 | smoothed: 0.7737
Epoch 26 | Loss: 0.5935 | Val NDCG: 0.7784 | smoothed: 0.7754
Epoch 27 | Loss: 0.5933 | Val NDCG: 0.7765 | smoothed: 0.7770
Epoch 28 | Loss: 0.5931 | Val NDCG: 0.7757 | smoothed: 0.7768
Epoch 29 | Loss: 0.5940 | Val NDCG: 0.7781 | smoothed: 0.7767
Epoch 30 | Loss: 0.5934 | Val NDCG: 0.7758 | smoothed: 0.7765
Epoch 31 | Loss: 0.5924 | Val NDCG: 0.7758 | smoothed: 0.7766
Epoch 32 | Loss: 0.5927 | Val NDCG: 0.7773 | smoothed: 0.7763

Best smoothed NDCG: 0.7770 at epoch 27 of 32 run

1 combinations completed out of 1


--- Grid Search Results ---
 hidden_units  dropout_rate  num_blocks  num_heads     lr  val_ndcg  val_ndcg_raw  best_epoch  epochs_run  max_epochs
          256           0.3           2         16 0.0001  0.777014      0.776507          27          32          40

Best config: {'hidden_units': 256.0, 'dropout_rate': 0.3, 'num_blocks': 2.0, 'num_heads': 16.0, 'lr': 0.0001, 'val_ndcg': 0.7770137289516169, 'val_ndcg_raw': 0.7765065022362745, 'best_epoch': 27.0, 'epochs_run': 32.0, 'max_epochs': 40.0}
0 of 1 configs reached max_epochs
0 of 1 were still improving when stopped
Best params saved to ../Models/sasrec_pwts_best_params.json
