task 0 | loss pwts | node slurmnode-gpu02
NVIDIA GeForce GTX 1080 Ti, 11264 MiB
NVIDIA GeForce GTX 1080 Ti, 11264 MiB
NVIDIA GeForce GTX 1080 Ti, 11264 MiB
NVIDIA GeForce GTX 1080 Ti, 11264 MiB
NVIDIA GeForce GTX 1080 Ti, 11264 MiB
NVIDIA GeForce GTX 1080 Ti, 11264 MiB
NVIDIA GeForce GTX 1080 Ti, 11264 MiB
NVIDIA GeForce GTX 1080 Ti, 11264 MiB
Using device: cuda
Loading datasets...
Train sessions: 75875 | Val sessions: 16262

Running grid search over 162 combinations...

SLURM array task 0: 1 config -> ../Models/sasrec_grid_pwts_task0.csv
Trying: {'hidden_units': 64, 'dropout_rate': 0.1, 'num_blocks': 1, 'num_heads': 4, 'lr': 0.001}
Epoch 1 | Loss: 0.6208 | Val NDCG: 0.7635 | smoothed: 0.7635
Epoch 2 | Loss: 0.6090 | Val NDCG: 0.7596 | smoothed: 0.7615
Epoch 3 | Loss: 0.6049 | Val NDCG: 0.7709 | smoothed: 0.7647
Epoch 4 | Loss: 0.6036 | Val NDCG: 0.7672 | smoothed: 0.7659
Epoch 5 | Loss: 0.6017 | Val NDCG: 0.7715 | smoothed: 0.7699
Epoch 6 | Loss: 0.6017 | Val NDCG: 0.7728 | smoothed: 0.7705
Epoch 7 | Loss: 0.6014 | Val NDCG: 0.7746 | smoothed: 0.7729
Epoch 8 | Loss: 0.6004 | Val NDCG: 0.7727 | smoothed: 0.7733
Epoch 9 | Loss: 0.5995 | Val NDCG: 0.7742 | smoothed: 0.7738
Epoch 10 | Loss: 0.5979 | Val NDCG: 0.7720 | smoothed: 0.7730
Epoch 11 | Loss: 0.5980 | Val NDCG: 0.7776 | smoothed: 0.7746
Epoch 12 | Loss: 0.5976 | Val NDCG: 0.7790 | smoothed: 0.7762
Epoch 13 | Loss: 0.5969 | Val NDCG: 0.7786 | smoothed: 0.7784
Epoch 14 | Loss: 0.5968 | Val NDCG: 0.7783 | smoothed: 0.7786
Epoch 15 | Loss: 0.5963 | Val NDCG: 0.7822 | smoothed: 0.7797
Epoch 16 | Loss: 0.5941 | Val NDCG: 0.7827 | smoothed: 0.7811
Epoch 17 | Loss: 0.5949 | Val NDCG: 0.7819 | smoothed: 0.7823
Epoch 18 | Loss: 0.5959 | Val NDCG: 0.7827 | smoothed: 0.7824
Epoch 19 | Loss: 0.5954 | Val NDCG: 0.7801 | smoothed: 0.7816
Epoch 20 | Loss: 0.5938 | Val NDCG: 0.7828 | smoothed: 0.7819

Best smoothed NDCG: 0.7824 at epoch 18 of 20 run

1 combinations completed out of 1


--- Grid Search Results ---
 hidden_units  dropout_rate  num_blocks  num_heads    lr  val_ndcg  val_ndcg_raw  best_epoch  epochs_run  max_epochs
           64           0.1           1          4 0.001  0.782436      0.782689          18          20          20

Best config: {'hidden_units': 64.0, 'dropout_rate': 0.1, 'num_blocks': 1.0, 'num_heads': 4.0, 'lr': 0.001, 'val_ndcg': 0.7824361575797854, 'val_ndcg_raw': 0.7826886652337373, 'best_epoch': 18.0, 'epochs_run': 20.0, 'max_epochs': 20.0}
1 of 1 configs reached max_epochs
0 of 1 were still improving when stopped
Best params saved to ../Models/sasrec_pwts_best_params.json
