task 396 | loss drrl | node slurmnode-gpu03
Tesla P100-PCIE-16GB, 16384 MiB
Tesla P100-PCIE-16GB, 16384 MiB
Tesla P100-PCIE-16GB, 16384 MiB
Tesla P100-PCIE-16GB, 16384 MiB
Using device: cuda
Loading datasets...
Train sessions: 75875 | Val sessions: 16262

Running grid search over 486 combinations...

SLURM array task 396: 1 config -> ../Models/sasrec_grid_drrl_task396.csv
Trying: {'hidden_units': 256, 'dropout_rate': 0.3, 'num_blocks': 2, 'num_heads': 4, 'lr': 0.001, 'gamma': 2}
Epoch 1 | Loss: -0.1340 | Val NDCG: 0.7440 | smoothed: 0.7440
Epoch 2 | Loss: -0.2136 | Val NDCG: 0.7292 | smoothed: 0.7366
Epoch 3 | Loss: -0.2177 | Val NDCG: 0.7195 | smoothed: 0.7309
Epoch 4 | Loss: -0.2207 | Val NDCG: 0.7236 | smoothed: 0.7241
Epoch 5 | Loss: -0.2212 | Val NDCG: 0.7563 | smoothed: 0.7331
Epoch 6 | Loss: -0.2225 | Val NDCG: 0.7206 | smoothed: 0.7335

Best smoothed NDCG: 0.7440 at epoch 1 of 6 run

1 combinations completed out of 1


--- Grid Search Results ---
 hidden_units  dropout_rate  num_blocks  num_heads    lr  gamma  val_ndcg  val_ndcg_raw  best_epoch  epochs_run  max_epochs
          256           0.3           2          4 0.001      2  0.744039      0.744039           1           6          20

Best config: {'hidden_units': 256.0, 'dropout_rate': 0.3, 'num_blocks': 2.0, 'num_heads': 4.0, 'lr': 0.001, 'gamma': 2.0, 'val_ndcg': 0.744039089997684, 'val_ndcg_raw': 0.744039089997684, 'best_epoch': 1.0, 'epochs_run': 6.0, 'max_epochs': 20.0}
0 of 1 configs reached max_epochs
0 of 1 were still improving when stopped
Best params saved to ../Models/sasrec_drrl_best_params.json
