task 29 | loss drrl | node slurmnode-gpu02
NVIDIA GeForce GTX 1080 Ti, 11264 MiB
NVIDIA GeForce GTX 1080 Ti, 11264 MiB
NVIDIA GeForce GTX 1080 Ti, 11264 MiB
NVIDIA GeForce GTX 1080 Ti, 11264 MiB
NVIDIA GeForce GTX 1080 Ti, 11264 MiB
NVIDIA GeForce GTX 1080 Ti, 11264 MiB
NVIDIA GeForce GTX 1080 Ti, 11264 MiB
NVIDIA GeForce GTX 1080 Ti, 11264 MiB
Using device: cuda
Loading datasets...
Train sessions: 75875 | Val sessions: 16262

Running grid search over 486 combinations...

SLURM array task 29: 1 config -> ../Models/sasrec_grid_drrl_task29.csv
Trying: {'hidden_units': 64, 'dropout_rate': 0.1, 'num_blocks': 2, 'num_heads': 8, 'lr': 0.0001, 'gamma': 4}
Epoch 1 | Loss: -0.0370 | Val NDCG: 0.7354 | smoothed: 0.7354
Epoch 2 | Loss: -0.2009 | Val NDCG: 0.7307 | smoothed: 0.7330
Epoch 3 | Loss: -0.2183 | Val NDCG: 0.7281 | smoothed: 0.7314
Epoch 4 | Loss: -0.2244 | Val NDCG: 0.7300 | smoothed: 0.7296
Epoch 5 | Loss: -0.2274 | Val NDCG: 0.7275 | smoothed: 0.7285
Epoch 6 | Loss: -0.2288 | Val NDCG: 0.7275 | smoothed: 0.7283

Best smoothed NDCG: 0.7354 at epoch 1 of 6 run

1 combinations completed out of 1


--- Grid Search Results ---
 hidden_units  dropout_rate  num_blocks  num_heads     lr  gamma  val_ndcg  val_ndcg_raw  best_epoch  epochs_run  max_epochs
           64           0.1           2          8 0.0001      4  0.735352      0.735352           1           6          40

Best config: {'hidden_units': 64.0, 'dropout_rate': 0.1, 'num_blocks': 2.0, 'num_heads': 8.0, 'lr': 0.0001, 'gamma': 4.0, 'val_ndcg': 0.7353522820540225, 'val_ndcg_raw': 0.7353522820540225, 'best_epoch': 1.0, 'epochs_run': 6.0, 'max_epochs': 40.0}
0 of 1 configs reached max_epochs
0 of 1 were still improving when stopped
Best params saved to ../Models/sasrec_drrl_best_params.json
