task 130 | loss bce | node slurmnode-gpu07
NVIDIA A40, 46068 MiB
NVIDIA A40, 46068 MiB
NVIDIA A40, 46068 MiB
NVIDIA A40, 46068 MiB
Using device: cuda
Loading datasets...
Train sessions: 75875 | Val sessions: 16262

Running grid search over 162 combinations...

SLURM array task 130: 1 config -> ../Models/sasrec_grid_bce_task130.csv
Trying: {'hidden_units': 256, 'dropout_rate': 0.3, 'num_blocks': 1, 'num_heads': 16, 'lr': 0.001}
Epoch 1 | Loss: 0.5910 | Val NDCG: 0.7559 | smoothed: 0.7559
Epoch 2 | Loss: 0.5795 | Val NDCG: 0.7628 | smoothed: 0.7593
Epoch 3 | Loss: 0.5766 | Val NDCG: 0.7649 | smoothed: 0.7612
Epoch 4 | Loss: 0.5753 | Val NDCG: 0.7731 | smoothed: 0.7669
Epoch 5 | Loss: 0.5739 | Val NDCG: 0.7707 | smoothed: 0.7695
Epoch 6 | Loss: 0.5730 | Val NDCG: 0.7704 | smoothed: 0.7714
Epoch 7 | Loss: 0.5711 | Val NDCG: 0.7764 | smoothed: 0.7725
Epoch 8 | Loss: 0.5711 | Val NDCG: 0.7731 | smoothed: 0.7733
Epoch 9 | Loss: 0.5707 | Val NDCG: 0.7773 | smoothed: 0.7756
Epoch 10 | Loss: 0.5693 | Val NDCG: 0.7793 | smoothed: 0.7765
Epoch 11 | Loss: 0.5687 | Val NDCG: 0.7776 | smoothed: 0.7780
Epoch 12 | Loss: 0.5691 | Val NDCG: 0.7777 | smoothed: 0.7782
Epoch 13 | Loss: 0.5678 | Val NDCG: 0.7774 | smoothed: 0.7776
Epoch 14 | Loss: 0.5685 | Val NDCG: 0.7722 | smoothed: 0.7758
Epoch 15 | Loss: 0.5670 | Val NDCG: 0.7793 | smoothed: 0.7763
Epoch 16 | Loss: 0.5660 | Val NDCG: 0.7801 | smoothed: 0.7772
Epoch 17 | Loss: 0.5659 | Val NDCG: 0.7784 | smoothed: 0.7792
Epoch 18 | Loss: 0.5651 | Val NDCG: 0.7791 | smoothed: 0.7792
Epoch 19 | Loss: 0.5654 | Val NDCG: 0.7790 | smoothed: 0.7788
Epoch 20 | Loss: 0.5640 | Val NDCG: 0.7782 | smoothed: 0.7788

Best smoothed NDCG: 0.7792 at epoch 17 of 20 run

1 combinations completed out of 1


--- Grid Search Results ---
 hidden_units  dropout_rate  num_blocks  num_heads    lr  val_ndcg  val_ndcg_raw  best_epoch  epochs_run  max_epochs
          256           0.3           1         16 0.001  0.779236      0.778371          17          20          20

Best config: {'hidden_units': 256.0, 'dropout_rate': 0.3, 'num_blocks': 1.0, 'num_heads': 16.0, 'lr': 0.001, 'val_ndcg': 0.7792357017536403, 'val_ndcg_raw': 0.778371164543809, 'best_epoch': 17.0, 'epochs_run': 20.0, 'max_epochs': 20.0}
1 of 1 configs reached max_epochs
0 of 1 were still improving when stopped
Best params saved to ../Models/sasrec_bce_best_params.json
