task 125 | loss drrl | node slurmnode-gpu05
Tesla P100-PCIE-16GB, 16384 MiB
Tesla P100-PCIE-16GB, 16384 MiB
Tesla P100-PCIE-16GB, 16384 MiB
Tesla P100-PCIE-16GB, 16384 MiB
Using device: cuda
Loading datasets...
Train sessions: 75875 | Val sessions: 16262

Running grid search over 486 combinations...

SLURM array task 125: 1 config -> ../Models/sasrec_grid_drrl_task125.csv
Trying: {'hidden_units': 64, 'dropout_rate': 0.5, 'num_blocks': 1, 'num_heads': 16, 'lr': 0.0001, 'gamma': 4}
Epoch 1 | Loss: 0.2057 | Val NDCG: 0.7252 | smoothed: 0.7252
Epoch 2 | Loss: -0.1708 | Val NDCG: 0.7027 | smoothed: 0.7140
Epoch 3 | Loss: -0.2199 | Val NDCG: 0.6982 | smoothed: 0.7087
Epoch 4 | Loss: -0.2288 | Val NDCG: 0.7060 | smoothed: 0.7023
Epoch 5 | Loss: -0.2306 | Val NDCG: 0.7062 | smoothed: 0.7035
Epoch 6 | Loss: -0.2315 | Val NDCG: 0.7083 | smoothed: 0.7068

Best smoothed NDCG: 0.7252 at epoch 1 of 6 run

1 combinations completed out of 1


--- Grid Search Results ---
 hidden_units  dropout_rate  num_blocks  num_heads     lr  gamma  val_ndcg  val_ndcg_raw  best_epoch  epochs_run  max_epochs
           64           0.5           1         16 0.0001      4  0.725247      0.725247           1           6          40

Best config: {'hidden_units': 64.0, 'dropout_rate': 0.5, 'num_blocks': 1.0, 'num_heads': 16.0, 'lr': 0.0001, 'gamma': 4.0, 'val_ndcg': 0.7252465543717421, 'val_ndcg_raw': 0.7252465543717421, 'best_epoch': 1.0, 'epochs_run': 6.0, 'max_epochs': 40.0}
0 of 1 configs reached max_epochs
0 of 1 were still improving when stopped
Best params saved to ../Models/sasrec_drrl_best_params.json
