task 85 | loss pwts | node slurmnode-gpu05
Tesla P100-PCIE-16GB, 16384 MiB
Tesla P100-PCIE-16GB, 16384 MiB
Tesla P100-PCIE-16GB, 16384 MiB
Tesla P100-PCIE-16GB, 16384 MiB
Using device: cuda
Loading datasets...
Train sessions: 75875 | Val sessions: 16262

Running grid search over 162 combinations...

SLURM array task 85: 1 config -> ../Models/sasrec_grid_pwts_task85.csv
Trying: {'hidden_units': 128, 'dropout_rate': 0.3, 'num_blocks': 3, 'num_heads': 4, 'lr': 0.0001}
Epoch 1 | Loss: 0.6354 | Val NDCG: 0.7367 | smoothed: 0.7367
Epoch 2 | Loss: 0.6188 | Val NDCG: 0.7573 | smoothed: 0.7470
Epoch 3 | Loss: 0.6126 | Val NDCG: 0.7584 | smoothed: 0.7508
Epoch 4 | Loss: 0.6101 | Val NDCG: 0.7627 | smoothed: 0.7594
Epoch 5 | Loss: 0.6070 | Val NDCG: 0.7639 | smoothed: 0.7617
Epoch 6 | Loss: 0.6059 | Val NDCG: 0.7668 | smoothed: 0.7644
Epoch 7 | Loss: 0.6040 | Val NDCG: 0.7659 | smoothed: 0.7655
Epoch 8 | Loss: 0.6042 | Val NDCG: 0.7681 | smoothed: 0.7669
Epoch 9 | Loss: 0.6028 | Val NDCG: 0.7675 | smoothed: 0.7672
Epoch 10 | Loss: 0.6027 | Val NDCG: 0.7697 | smoothed: 0.7684
Epoch 11 | Loss: 0.6020 | Val NDCG: 0.7687 | smoothed: 0.7686
Epoch 12 | Loss: 0.6018 | Val NDCG: 0.7695 | smoothed: 0.7693
Epoch 13 | Loss: 0.5998 | Val NDCG: 0.7711 | smoothed: 0.7698
Epoch 14 | Loss: 0.6019 | Val NDCG: 0.7694 | smoothed: 0.7700
Epoch 15 | Loss: 0.6001 | Val NDCG: 0.7696 | smoothed: 0.7700
Epoch 16 | Loss: 0.5993 | Val NDCG: 0.7710 | smoothed: 0.7700
Epoch 17 | Loss: 0.5992 | Val NDCG: 0.7729 | smoothed: 0.7712
Epoch 18 | Loss: 0.5986 | Val NDCG: 0.7708 | smoothed: 0.7716
Epoch 19 | Loss: 0.5978 | Val NDCG: 0.7717 | smoothed: 0.7718
Epoch 20 | Loss: 0.5980 | Val NDCG: 0.7723 | smoothed: 0.7716
Epoch 21 | Loss: 0.5980 | Val NDCG: 0.7754 | smoothed: 0.7731
Epoch 22 | Loss: 0.5985 | Val NDCG: 0.7744 | smoothed: 0.7740
Epoch 23 | Loss: 0.5980 | Val NDCG: 0.7749 | smoothed: 0.7749
Epoch 24 | Loss: 0.5965 | Val NDCG: 0.7735 | smoothed: 0.7742
Epoch 25 | Loss: 0.5973 | Val NDCG: 0.7750 | smoothed: 0.7744
Epoch 26 | Loss: 0.5968 | Val NDCG: 0.7740 | smoothed: 0.7741
Epoch 27 | Loss: 0.5971 | Val NDCG: 0.7733 | smoothed: 0.7741
Epoch 28 | Loss: 0.5970 | Val NDCG: 0.7737 | smoothed: 0.7737

Best smoothed NDCG: 0.7749 at epoch 23 of 28 run

1 combinations completed out of 1


--- Grid Search Results ---
 hidden_units  dropout_rate  num_blocks  num_heads     lr  val_ndcg  val_ndcg_raw  best_epoch  epochs_run  max_epochs
          128           0.3           3          4 0.0001  0.774876      0.774858          23          28          40

Best config: {'hidden_units': 128.0, 'dropout_rate': 0.3, 'num_blocks': 3.0, 'num_heads': 4.0, 'lr': 0.0001, 'val_ndcg': 0.77487561710225, 'val_ndcg_raw': 0.7748581817704274, 'best_epoch': 23.0, 'epochs_run': 28.0, 'max_epochs': 40.0}
0 of 1 configs reached max_epochs
0 of 1 were still improving when stopped
Best params saved to ../Models/sasrec_pwts_best_params.json
