task 91 | loss pwts | node slurmnode-gpu05
Tesla P100-PCIE-16GB, 16384 MiB
Tesla P100-PCIE-16GB, 16384 MiB
Tesla P100-PCIE-16GB, 16384 MiB
Tesla P100-PCIE-16GB, 16384 MiB
Using device: cuda
Loading datasets...
Train sessions: 75875 | Val sessions: 16262

Running grid search over 162 combinations...

SLURM array task 91: 1 config -> ../Models/sasrec_grid_pwts_task91.csv
Trying: {'hidden_units': 128, 'dropout_rate': 0.5, 'num_blocks': 1, 'num_heads': 4, 'lr': 0.0001}
Epoch 1 | Loss: 0.6575 | Val NDCG: 0.7310 | smoothed: 0.7310
Epoch 2 | Loss: 0.6373 | Val NDCG: 0.7367 | smoothed: 0.7339
Epoch 3 | Loss: 0.6310 | Val NDCG: 0.7476 | smoothed: 0.7384
Epoch 4 | Loss: 0.6268 | Val NDCG: 0.7493 | smoothed: 0.7445
Epoch 5 | Loss: 0.6241 | Val NDCG: 0.7527 | smoothed: 0.7498
Epoch 6 | Loss: 0.6207 | Val NDCG: 0.7586 | smoothed: 0.7535
Epoch 7 | Loss: 0.6199 | Val NDCG: 0.7606 | smoothed: 0.7573
Epoch 8 | Loss: 0.6174 | Val NDCG: 0.7605 | smoothed: 0.7599
Epoch 9 | Loss: 0.6172 | Val NDCG: 0.7632 | smoothed: 0.7615
Epoch 10 | Loss: 0.6157 | Val NDCG: 0.7622 | smoothed: 0.7620
Epoch 11 | Loss: 0.6151 | Val NDCG: 0.7637 | smoothed: 0.7630
Epoch 12 | Loss: 0.6145 | Val NDCG: 0.7653 | smoothed: 0.7637
Epoch 13 | Loss: 0.6128 | Val NDCG: 0.7668 | smoothed: 0.7652
Epoch 14 | Loss: 0.6118 | Val NDCG: 0.7674 | smoothed: 0.7665
Epoch 15 | Loss: 0.6125 | Val NDCG: 0.7663 | smoothed: 0.7668
Epoch 16 | Loss: 0.6120 | Val NDCG: 0.7669 | smoothed: 0.7669
Epoch 17 | Loss: 0.6108 | Val NDCG: 0.7664 | smoothed: 0.7665
Epoch 18 | Loss: 0.6110 | Val NDCG: 0.7701 | smoothed: 0.7678
Epoch 19 | Loss: 0.6106 | Val NDCG: 0.7689 | smoothed: 0.7685
Epoch 20 | Loss: 0.6108 | Val NDCG: 0.7687 | smoothed: 0.7692
Epoch 21 | Loss: 0.6110 | Val NDCG: 0.7694 | smoothed: 0.7690
Epoch 22 | Loss: 0.6094 | Val NDCG: 0.7693 | smoothed: 0.7692
Epoch 23 | Loss: 0.6095 | Val NDCG: 0.7695 | smoothed: 0.7694
Epoch 24 | Loss: 0.6093 | Val NDCG: 0.7700 | smoothed: 0.7696
Epoch 25 | Loss: 0.6092 | Val NDCG: 0.7692 | smoothed: 0.7696
Epoch 26 | Loss: 0.6093 | Val NDCG: 0.7712 | smoothed: 0.7702
Epoch 27 | Loss: 0.6091 | Val NDCG: 0.7707 | smoothed: 0.7704
Epoch 28 | Loss: 0.6071 | Val NDCG: 0.7710 | smoothed: 0.7710
Epoch 29 | Loss: 0.6075 | Val NDCG: 0.7691 | smoothed: 0.7703
Epoch 30 | Loss: 0.6090 | Val NDCG: 0.7706 | smoothed: 0.7702
Epoch 31 | Loss: 0.6083 | Val NDCG: 0.7704 | smoothed: 0.7700
Epoch 32 | Loss: 0.6071 | Val NDCG: 0.7715 | smoothed: 0.7708
Epoch 33 | Loss: 0.6081 | Val NDCG: 0.7714 | smoothed: 0.7711
Epoch 34 | Loss: 0.6079 | Val NDCG: 0.7718 | smoothed: 0.7716
Epoch 35 | Loss: 0.6061 | Val NDCG: 0.7718 | smoothed: 0.7717
Epoch 36 | Loss: 0.6075 | Val NDCG: 0.7702 | smoothed: 0.7713
Epoch 37 | Loss: 0.6072 | Val NDCG: 0.7703 | smoothed: 0.7708
Epoch 38 | Loss: 0.6066 | Val NDCG: 0.7715 | smoothed: 0.7707
Epoch 39 | Loss: 0.6066 | Val NDCG: 0.7717 | smoothed: 0.7712
Epoch 40 | Loss: 0.6062 | Val NDCG: 0.7721 | smoothed: 0.7718

Best smoothed NDCG: 0.7718 at epoch 40 of 40 run

1 combinations completed out of 1


--- Grid Search Results ---
 hidden_units  dropout_rate  num_blocks  num_heads     lr  val_ndcg  val_ndcg_raw  best_epoch  epochs_run  max_epochs
          128           0.5           1          4 0.0001  0.771765      0.772073          40          40          40

Best config: {'hidden_units': 128.0, 'dropout_rate': 0.5, 'num_blocks': 1.0, 'num_heads': 4.0, 'lr': 0.0001, 'val_ndcg': 0.7717647672398654, 'val_ndcg_raw': 0.7720732316639967, 'best_epoch': 40.0, 'epochs_run': 40.0, 'max_epochs': 40.0}
1 of 1 configs reached max_epochs
1 of 1 were still improving when stopped
Best params saved to ../Models/sasrec_pwts_best_params.json
