task 385 | loss drrl | node slurmnode-gpu03
Tesla P100-PCIE-16GB, 16384 MiB
Tesla P100-PCIE-16GB, 16384 MiB
Tesla P100-PCIE-16GB, 16384 MiB
Tesla P100-PCIE-16GB, 16384 MiB
Using device: cuda
Loading datasets...
Train sessions: 75875 | Val sessions: 16262

Running grid search over 486 combinations...

SLURM array task 385: 1 config -> ../Models/sasrec_grid_drrl_task385.csv
Trying: {'hidden_units': 256, 'dropout_rate': 0.3, 'num_blocks': 1, 'num_heads': 8, 'lr': 0.001, 'gamma': 3}
Epoch 1 | Loss: -0.1761 | Val NDCG: 0.7316 | smoothed: 0.7316
Epoch 2 | Loss: -0.2195 | Val NDCG: 0.7317 | smoothed: 0.7317
Epoch 3 | Loss: -0.2247 | Val NDCG: 0.7287 | smoothed: 0.7307
Epoch 4 | Loss: -0.2254 | Val NDCG: 0.7371 | smoothed: 0.7325
Epoch 5 | Loss: -0.2265 | Val NDCG: 0.7583 | smoothed: 0.7414
Epoch 6 | Loss: -0.2280 | Val NDCG: 0.7457 | smoothed: 0.7470
Epoch 7 | Loss: -0.2281 | Val NDCG: 0.7480 | smoothed: 0.7507
Epoch 8 | Loss: -0.2290 | Val NDCG: 0.7106 | smoothed: 0.7347
Epoch 9 | Loss: -0.2288 | Val NDCG: 0.7581 | smoothed: 0.7389
Epoch 10 | Loss: -0.2292 | Val NDCG: 0.7679 | smoothed: 0.7455
Epoch 11 | Loss: -0.2293 | Val NDCG: 0.7651 | smoothed: 0.7637
Epoch 12 | Loss: -0.2293 | Val NDCG: 0.7672 | smoothed: 0.7667
Epoch 13 | Loss: -0.2295 | Val NDCG: 0.7656 | smoothed: 0.7659
Epoch 14 | Loss: -0.2299 | Val NDCG: 0.7635 | smoothed: 0.7654
Epoch 15 | Loss: -0.2299 | Val NDCG: 0.7700 | smoothed: 0.7663
Epoch 16 | Loss: -0.2298 | Val NDCG: 0.7591 | smoothed: 0.7642
Epoch 17 | Loss: -0.2300 | Val NDCG: 0.7695 | smoothed: 0.7662

Best smoothed NDCG: 0.7667 at epoch 12 of 17 run

1 combinations completed out of 1


--- Grid Search Results ---
 hidden_units  dropout_rate  num_blocks  num_heads    lr  gamma  val_ndcg  val_ndcg_raw  best_epoch  epochs_run  max_epochs
          256           0.3           1          8 0.001      3  0.766737      0.767162          12          17          20

Best config: {'hidden_units': 256.0, 'dropout_rate': 0.3, 'num_blocks': 1.0, 'num_heads': 8.0, 'lr': 0.001, 'gamma': 3.0, 'val_ndcg': 0.766736526081215, 'val_ndcg_raw': 0.7671622149552394, 'best_epoch': 12.0, 'epochs_run': 17.0, 'max_epochs': 20.0}
0 of 1 configs reached max_epochs
0 of 1 were still improving when stopped
Best params saved to ../Models/sasrec_drrl_best_params.json
