task 96 | loss bce | node slurmnode-gpu05
Tesla P100-PCIE-16GB, 16384 MiB
Tesla P100-PCIE-16GB, 16384 MiB
Tesla P100-PCIE-16GB, 16384 MiB
Tesla P100-PCIE-16GB, 16384 MiB
Using device: cuda
Loading datasets...
Train sessions: 75875 | Val sessions: 16262

Running grid search over 162 combinations...

SLURM array task 96: 1 config -> ../Models/sasrec_grid_bce_task96.csv
Trying: {'hidden_units': 128, 'dropout_rate': 0.5, 'num_blocks': 2, 'num_heads': 4, 'lr': 0.001}
Epoch 1 | Loss: 0.5951 | Val NDCG: 0.7531 | smoothed: 0.7531
Epoch 2 | Loss: 0.5832 | Val NDCG: 0.7632 | smoothed: 0.7581
Epoch 3 | Loss: 0.5792 | Val NDCG: 0.7640 | smoothed: 0.7601
Epoch 4 | Loss: 0.5787 | Val NDCG: 0.7683 | smoothed: 0.7652
Epoch 5 | Loss: 0.5773 | Val NDCG: 0.7630 | smoothed: 0.7651
Epoch 6 | Loss: 0.5755 | Val NDCG: 0.7705 | smoothed: 0.7673
Epoch 7 | Loss: 0.5762 | Val NDCG: 0.7667 | smoothed: 0.7668
Epoch 8 | Loss: 0.5747 | Val NDCG: 0.7725 | smoothed: 0.7699
Epoch 9 | Loss: 0.5747 | Val NDCG: 0.7731 | smoothed: 0.7708
Epoch 10 | Loss: 0.5740 | Val NDCG: 0.7693 | smoothed: 0.7716
Epoch 11 | Loss: 0.5719 | Val NDCG: 0.7725 | smoothed: 0.7716
Epoch 12 | Loss: 0.5729 | Val NDCG: 0.7706 | smoothed: 0.7708
Epoch 13 | Loss: 0.5730 | Val NDCG: 0.7744 | smoothed: 0.7725
Epoch 14 | Loss: 0.5729 | Val NDCG: 0.7743 | smoothed: 0.7731
Epoch 15 | Loss: 0.5720 | Val NDCG: 0.7732 | smoothed: 0.7740
Epoch 16 | Loss: 0.5715 | Val NDCG: 0.7717 | smoothed: 0.7731
Epoch 17 | Loss: 0.5722 | Val NDCG: 0.7803 | smoothed: 0.7751
Epoch 18 | Loss: 0.5714 | Val NDCG: 0.7739 | smoothed: 0.7753
Epoch 19 | Loss: 0.5709 | Val NDCG: 0.7735 | smoothed: 0.7759
Epoch 20 | Loss: 0.5704 | Val NDCG: 0.7737 | smoothed: 0.7737

Best smoothed NDCG: 0.7759 at epoch 19 of 20 run

1 combinations completed out of 1


--- Grid Search Results ---
 hidden_units  dropout_rate  num_blocks  num_heads    lr  val_ndcg  val_ndcg_raw  best_epoch  epochs_run  max_epochs
          128           0.5           2          4 0.001  0.775928      0.773511          19          20          20

Best config: {'hidden_units': 128.0, 'dropout_rate': 0.5, 'num_blocks': 2.0, 'num_heads': 4.0, 'lr': 0.001, 'val_ndcg': 0.7759284290945322, 'val_ndcg_raw': 0.7735112152930449, 'best_epoch': 19.0, 'epochs_run': 20.0, 'max_epochs': 20.0}
1 of 1 configs reached max_epochs
1 of 1 were still improving when stopped
Best params saved to ../Models/sasrec_bce_best_params.json
