task 244 | loss drrl | node slurmnode-gpu03
Tesla P100-PCIE-16GB, 16384 MiB
Tesla P100-PCIE-16GB, 16384 MiB
Tesla P100-PCIE-16GB, 16384 MiB
Tesla P100-PCIE-16GB, 16384 MiB
Using device: cuda
Loading datasets...
Train sessions: 75875 | Val sessions: 16262

Running grid search over 486 combinations...

SLURM array task 244: 1 config -> ../Models/sasrec_grid_drrl_task244.csv
Trying: {'hidden_units': 128, 'dropout_rate': 0.3, 'num_blocks': 2, 'num_heads': 8, 'lr': 0.0001, 'gamma': 3}
Epoch 1 | Loss: -0.0415 | Val NDCG: 0.7195 | smoothed: 0.7195
Epoch 2 | Loss: -0.2101 | Val NDCG: 0.7117 | smoothed: 0.7156
Epoch 3 | Loss: -0.2220 | Val NDCG: 0.7107 | smoothed: 0.7140
Epoch 4 | Loss: -0.2260 | Val NDCG: 0.7126 | smoothed: 0.7117
Epoch 5 | Loss: -0.2279 | Val NDCG: 0.7114 | smoothed: 0.7116
Epoch 6 | Loss: -0.2292 | Val NDCG: 0.7093 | smoothed: 0.7111

Best smoothed NDCG: 0.7195 at epoch 1 of 6 run

1 combinations completed out of 1


--- Grid Search Results ---
 hidden_units  dropout_rate  num_blocks  num_heads     lr  gamma  val_ndcg  val_ndcg_raw  best_epoch  epochs_run  max_epochs
          128           0.3           2          8 0.0001      3   0.71949       0.71949           1           6          40

Best config: {'hidden_units': 128.0, 'dropout_rate': 0.3, 'num_blocks': 2.0, 'num_heads': 8.0, 'lr': 0.0001, 'gamma': 3.0, 'val_ndcg': 0.7194900942969125, 'val_ndcg_raw': 0.7194900942969125, 'best_epoch': 1.0, 'epochs_run': 6.0, 'max_epochs': 40.0}
0 of 1 configs reached max_epochs
0 of 1 were still improving when stopped
Best params saved to ../Models/sasrec_drrl_best_params.json
