task 465 | loss drrl | node slurmnode-gpu05
Tesla P100-PCIE-16GB, 16384 MiB
Tesla P100-PCIE-16GB, 16384 MiB
Tesla P100-PCIE-16GB, 16384 MiB
Tesla P100-PCIE-16GB, 16384 MiB
Using device: cuda
Loading datasets...
Train sessions: 75875 | Val sessions: 16262

Running grid search over 486 combinations...

SLURM array task 465: 1 config -> ../Models/sasrec_grid_drrl_task465.csv
Trying: {'hidden_units': 256, 'dropout_rate': 0.5, 'num_blocks': 2, 'num_heads': 16, 'lr': 0.0001, 'gamma': 2}
Epoch 1 | Loss: 0.1361 | Val NDCG: 0.7304 | smoothed: 0.7304
Epoch 2 | Loss: -0.1952 | Val NDCG: 0.7207 | smoothed: 0.7256
Epoch 3 | Loss: -0.2169 | Val NDCG: 0.7070 | smoothed: 0.7194
Epoch 4 | Loss: -0.2234 | Val NDCG: 0.7053 | smoothed: 0.7110
Epoch 5 | Loss: -0.2256 | Val NDCG: 0.7080 | smoothed: 0.7068
Epoch 6 | Loss: -0.2265 | Val NDCG: 0.7137 | smoothed: 0.7090

Best smoothed NDCG: 0.7304 at epoch 1 of 6 run

1 combinations completed out of 1


--- Grid Search Results ---
 hidden_units  dropout_rate  num_blocks  num_heads     lr  gamma  val_ndcg  val_ndcg_raw  best_epoch  epochs_run  max_epochs
          256           0.5           2         16 0.0001      2  0.730419      0.730419           1           6          40

Best config: {'hidden_units': 256.0, 'dropout_rate': 0.5, 'num_blocks': 2.0, 'num_heads': 16.0, 'lr': 0.0001, 'gamma': 2.0, 'val_ndcg': 0.7304189441770723, 'val_ndcg_raw': 0.7304189441770723, 'best_epoch': 1.0, 'epochs_run': 6.0, 'max_epochs': 40.0}
0 of 1 configs reached max_epochs
0 of 1 were still improving when stopped
Best params saved to ../Models/sasrec_drrl_best_params.json
