task 142 | loss drrl | node slurmnode-gpu03
Tesla P100-PCIE-16GB, 16384 MiB
Tesla P100-PCIE-16GB, 16384 MiB
Tesla P100-PCIE-16GB, 16384 MiB
Tesla P100-PCIE-16GB, 16384 MiB
Using device: cuda
Loading datasets...
Train sessions: 75875 | Val sessions: 16262

Running grid search over 486 combinations...

SLURM array task 142: 1 config -> ../Models/sasrec_grid_drrl_task142.csv
Trying: {'hidden_units': 64, 'dropout_rate': 0.5, 'num_blocks': 2, 'num_heads': 16, 'lr': 0.0001, 'gamma': 3}
Epoch 1 | Loss: 0.1263 | Val NDCG: 0.7213 | smoothed: 0.7213
Epoch 2 | Loss: -0.1938 | Val NDCG: 0.7239 | smoothed: 0.7226
Epoch 3 | Loss: -0.2194 | Val NDCG: 0.7105 | smoothed: 0.7186
Epoch 4 | Loss: -0.2265 | Val NDCG: 0.7003 | smoothed: 0.7116
Epoch 5 | Loss: -0.2292 | Val NDCG: 0.6967 | smoothed: 0.7025
Epoch 6 | Loss: -0.2305 | Val NDCG: 0.6964 | smoothed: 0.6978
Epoch 7 | Loss: -0.2313 | Val NDCG: 0.6972 | smoothed: 0.6967

Best smoothed NDCG: 0.7226 at epoch 2 of 7 run

1 combinations completed out of 1


--- Grid Search Results ---
 hidden_units  dropout_rate  num_blocks  num_heads     lr  gamma  val_ndcg  val_ndcg_raw  best_epoch  epochs_run  max_epochs
           64           0.5           2         16 0.0001      3  0.722627      0.723939           2           7          40

Best config: {'hidden_units': 64.0, 'dropout_rate': 0.5, 'num_blocks': 2.0, 'num_heads': 16.0, 'lr': 0.0001, 'gamma': 3.0, 'val_ndcg': 0.7226268604193673, 'val_ndcg_raw': 0.7239387012516546, 'best_epoch': 2.0, 'epochs_run': 7.0, 'max_epochs': 40.0}
0 of 1 configs reached max_epochs
0 of 1 were still improving when stopped
Best params saved to ../Models/sasrec_drrl_best_params.json
