task 143 | loss bce | node slurmnode-gpu07
NVIDIA A40, 46068 MiB
NVIDIA A40, 46068 MiB
NVIDIA A40, 46068 MiB
NVIDIA A40, 46068 MiB
Using device: cuda
Loading datasets...
Train sessions: 75875 | Val sessions: 16262

Running grid search over 162 combinations...

SLURM array task 143: 1 config -> ../Models/sasrec_grid_bce_task143.csv
Trying: {'hidden_units': 256, 'dropout_rate': 0.3, 'num_blocks': 3, 'num_heads': 16, 'lr': 0.0001}
Epoch 1 | Loss: 0.5954 | Val NDCG: 0.7486 | smoothed: 0.7486
Epoch 2 | Loss: 0.5810 | Val NDCG: 0.7579 | smoothed: 0.7532
Epoch 3 | Loss: 0.5779 | Val NDCG: 0.7617 | smoothed: 0.7561
Epoch 4 | Loss: 0.5758 | Val NDCG: 0.7626 | smoothed: 0.7607
Epoch 5 | Loss: 0.5734 | Val NDCG: 0.7669 | smoothed: 0.7637
Epoch 6 | Loss: 0.5723 | Val NDCG: 0.7673 | smoothed: 0.7656
Epoch 7 | Loss: 0.5722 | Val NDCG: 0.7691 | smoothed: 0.7678
Epoch 8 | Loss: 0.5715 | Val NDCG: 0.7705 | smoothed: 0.7690
Epoch 9 | Loss: 0.5701 | Val NDCG: 0.7716 | smoothed: 0.7704
Epoch 10 | Loss: 0.5693 | Val NDCG: 0.7703 | smoothed: 0.7708
Epoch 11 | Loss: 0.5686 | Val NDCG: 0.7705 | smoothed: 0.7708
Epoch 12 | Loss: 0.5683 | Val NDCG: 0.7746 | smoothed: 0.7718
Epoch 13 | Loss: 0.5684 | Val NDCG: 0.7749 | smoothed: 0.7733
Epoch 14 | Loss: 0.5679 | Val NDCG: 0.7731 | smoothed: 0.7742
Epoch 15 | Loss: 0.5669 | Val NDCG: 0.7704 | smoothed: 0.7728
Epoch 16 | Loss: 0.5680 | Val NDCG: 0.7754 | smoothed: 0.7730
Epoch 17 | Loss: 0.5663 | Val NDCG: 0.7750 | smoothed: 0.7736
Epoch 18 | Loss: 0.5670 | Val NDCG: 0.7748 | smoothed: 0.7751
Epoch 19 | Loss: 0.5660 | Val NDCG: 0.7755 | smoothed: 0.7751
Epoch 20 | Loss: 0.5659 | Val NDCG: 0.7773 | smoothed: 0.7759
Epoch 21 | Loss: 0.5650 | Val NDCG: 0.7748 | smoothed: 0.7759
Epoch 22 | Loss: 0.5649 | Val NDCG: 0.7768 | smoothed: 0.7763
Epoch 23 | Loss: 0.5659 | Val NDCG: 0.7784 | smoothed: 0.7767
Epoch 24 | Loss: 0.5646 | Val NDCG: 0.7767 | smoothed: 0.7773
Epoch 25 | Loss: 0.5630 | Val NDCG: 0.7757 | smoothed: 0.7769
Epoch 26 | Loss: 0.5632 | Val NDCG: 0.7770 | smoothed: 0.7765
Epoch 27 | Loss: 0.5630 | Val NDCG: 0.7758 | smoothed: 0.7762
Epoch 28 | Loss: 0.5643 | Val NDCG: 0.7781 | smoothed: 0.7770
Epoch 29 | Loss: 0.5619 | Val NDCG: 0.7797 | smoothed: 0.7779
Epoch 30 | Loss: 0.5632 | Val NDCG: 0.7767 | smoothed: 0.7782
Epoch 31 | Loss: 0.5625 | Val NDCG: 0.7782 | smoothed: 0.7782
Epoch 32 | Loss: 0.5636 | Val NDCG: 0.7767 | smoothed: 0.7772
Epoch 33 | Loss: 0.5629 | Val NDCG: 0.7786 | smoothed: 0.7778
Epoch 34 | Loss: 0.5624 | Val NDCG: 0.7795 | smoothed: 0.7783
Epoch 35 | Loss: 0.5619 | Val NDCG: 0.7790 | smoothed: 0.7790
Epoch 36 | Loss: 0.5617 | Val NDCG: 0.7786 | smoothed: 0.7790
Epoch 37 | Loss: 0.5614 | Val NDCG: 0.7782 | smoothed: 0.7786
Epoch 38 | Loss: 0.5612 | Val NDCG: 0.7794 | smoothed: 0.7788
Epoch 39 | Loss: 0.5614 | Val NDCG: 0.7799 | smoothed: 0.7792
Epoch 40 | Loss: 0.5608 | Val NDCG: 0.7791 | smoothed: 0.7795

Best smoothed NDCG: 0.7795 at epoch 40 of 40 run

1 combinations completed out of 1


--- Grid Search Results ---
 hidden_units  dropout_rate  num_blocks  num_heads     lr  val_ndcg  val_ndcg_raw  best_epoch  epochs_run  max_epochs
          256           0.3           3         16 0.0001  0.779455       0.77907          40          40          40

Best config: {'hidden_units': 256.0, 'dropout_rate': 0.3, 'num_blocks': 3.0, 'num_heads': 16.0, 'lr': 0.0001, 'val_ndcg': 0.779455336995874, 'val_ndcg_raw': 0.7790700445151734, 'best_epoch': 40.0, 'epochs_run': 40.0, 'max_epochs': 40.0}
1 of 1 configs reached max_epochs
1 of 1 were still improving when stopped
Best params saved to ../Models/sasrec_bce_best_params.json
