task 209 | loss drrl | node slurmnode-gpu07
NVIDIA A40, 46068 MiB
NVIDIA A40, 46068 MiB
NVIDIA A40, 46068 MiB
NVIDIA A40, 46068 MiB
Using device: cuda
Loading datasets...
Train sessions: 75875 | Val sessions: 16262

Running grid search over 486 combinations...

SLURM array task 209: 1 config -> ../Models/sasrec_grid_drrl_task209.csv
Trying: {'hidden_units': 128, 'dropout_rate': 0.1, 'num_blocks': 3, 'num_heads': 8, 'lr': 0.0001, 'gamma': 4}
Epoch 1 | Loss: -0.1235 | Val NDCG: 0.7414 | smoothed: 0.7414
Epoch 2 | Loss: -0.2151 | Val NDCG: 0.7368 | smoothed: 0.7391
Epoch 3 | Loss: -0.2234 | Val NDCG: 0.7371 | smoothed: 0.7385
Epoch 4 | Loss: -0.2263 | Val NDCG: 0.7521 | smoothed: 0.7420
Epoch 5 | Loss: -0.2278 | Val NDCG: 0.7291 | smoothed: 0.7394
Epoch 6 | Loss: -0.2286 | Val NDCG: 0.7432 | smoothed: 0.7415
Epoch 7 | Loss: -0.2289 | Val NDCG: 0.7508 | smoothed: 0.7410
Epoch 8 | Loss: -0.2294 | Val NDCG: 0.7675 | smoothed: 0.7538
Epoch 9 | Loss: -0.2295 | Val NDCG: 0.7491 | smoothed: 0.7558
Epoch 10 | Loss: -0.2299 | Val NDCG: 0.7518 | smoothed: 0.7562
Epoch 11 | Loss: -0.2298 | Val NDCG: 0.7496 | smoothed: 0.7502
Epoch 12 | Loss: -0.2303 | Val NDCG: 0.7613 | smoothed: 0.7543
Epoch 13 | Loss: -0.2300 | Val NDCG: 0.7538 | smoothed: 0.7549
Epoch 14 | Loss: -0.2301 | Val NDCG: 0.7641 | smoothed: 0.7597
Epoch 15 | Loss: -0.2304 | Val NDCG: 0.7702 | smoothed: 0.7627
Epoch 16 | Loss: -0.2302 | Val NDCG: 0.7551 | smoothed: 0.7631
Epoch 17 | Loss: -0.2304 | Val NDCG: 0.7688 | smoothed: 0.7647
Epoch 18 | Loss: -0.2305 | Val NDCG: 0.7581 | smoothed: 0.7607
Epoch 19 | Loss: -0.2306 | Val NDCG: 0.7446 | smoothed: 0.7572
Epoch 20 | Loss: -0.2307 | Val NDCG: 0.7663 | smoothed: 0.7564
Epoch 21 | Loss: -0.2306 | Val NDCG: 0.7645 | smoothed: 0.7585
Epoch 22 | Loss: -0.2307 | Val NDCG: 0.7508 | smoothed: 0.7605

Best smoothed NDCG: 0.7647 at epoch 17 of 22 run

1 combinations completed out of 1


--- Grid Search Results ---
 hidden_units  dropout_rate  num_blocks  num_heads     lr  gamma  val_ndcg  val_ndcg_raw  best_epoch  epochs_run  max_epochs
          128           0.1           3          8 0.0001      4  0.764706      0.768784          17          22          40

Best config: {'hidden_units': 128.0, 'dropout_rate': 0.1, 'num_blocks': 3.0, 'num_heads': 8.0, 'lr': 0.0001, 'gamma': 4.0, 'val_ndcg': 0.7647064072586455, 'val_ndcg_raw': 0.7687838461469741, 'best_epoch': 17.0, 'epochs_run': 22.0, 'max_epochs': 40.0}
0 of 1 configs reached max_epochs
0 of 1 were still improving when stopped
Best params saved to ../Models/sasrec_drrl_best_params.json
