task 323 | loss drrl | node slurmnode-gpu03
Tesla P100-PCIE-16GB, 16384 MiB
Tesla P100-PCIE-16GB, 16384 MiB
Tesla P100-PCIE-16GB, 16384 MiB
Tesla P100-PCIE-16GB, 16384 MiB
Using device: cuda
Loading datasets...
Train sessions: 75875 | Val sessions: 16262

Running grid search over 486 combinations...

SLURM array task 323: 1 config -> ../Models/sasrec_grid_drrl_task323.csv
Trying: {'hidden_units': 128, 'dropout_rate': 0.5, 'num_blocks': 3, 'num_heads': 16, 'lr': 0.0001, 'gamma': 4}
Epoch 1 | Loss: -0.0554 | Val NDCG: 0.7267 | smoothed: 0.7267
Epoch 2 | Loss: -0.2133 | Val NDCG: 0.7322 | smoothed: 0.7295
Epoch 3 | Loss: -0.2235 | Val NDCG: 0.7165 | smoothed: 0.7251
Epoch 4 | Loss: -0.2273 | Val NDCG: 0.7052 | smoothed: 0.7180
Epoch 5 | Loss: -0.2289 | Val NDCG: 0.7025 | smoothed: 0.7081
Epoch 6 | Loss: -0.2297 | Val NDCG: 0.7058 | smoothed: 0.7045
Epoch 7 | Loss: -0.2302 | Val NDCG: 0.7022 | smoothed: 0.7035

Best smoothed NDCG: 0.7295 at epoch 2 of 7 run

1 combinations completed out of 1


--- Grid Search Results ---
 hidden_units  dropout_rate  num_blocks  num_heads     lr  gamma  val_ndcg  val_ndcg_raw  best_epoch  epochs_run  max_epochs
          128           0.5           3         16 0.0001      4  0.729467      0.732225           2           7          40

Best config: {'hidden_units': 128.0, 'dropout_rate': 0.5, 'num_blocks': 3.0, 'num_heads': 16.0, 'lr': 0.0001, 'gamma': 4.0, 'val_ndcg': 0.7294674708669615, 'val_ndcg_raw': 0.732224761560081, 'best_epoch': 2.0, 'epochs_run': 7.0, 'max_epochs': 40.0}
0 of 1 configs reached max_epochs
0 of 1 were still improving when stopped
Best params saved to ../Models/sasrec_drrl_best_params.json
