task 353 | loss drrl | node slurmnode-gpu03
Tesla P100-PCIE-16GB, 16384 MiB
Tesla P100-PCIE-16GB, 16384 MiB
Tesla P100-PCIE-16GB, 16384 MiB
Tesla P100-PCIE-16GB, 16384 MiB
Using device: cuda
Loading datasets...
Train sessions: 75875 | Val sessions: 16262

Running grid search over 486 combinations...

SLURM array task 353: 1 config -> ../Models/sasrec_grid_drrl_task353.csv
Trying: {'hidden_units': 256, 'dropout_rate': 0.1, 'num_blocks': 2, 'num_heads': 8, 'lr': 0.0001, 'gamma': 4}
Epoch 1 | Loss: -0.1271 | Val NDCG: 0.7398 | smoothed: 0.7398
Epoch 2 | Loss: -0.2138 | Val NDCG: 0.7456 | smoothed: 0.7427
Epoch 3 | Loss: -0.2213 | Val NDCG: 0.7374 | smoothed: 0.7409
Epoch 4 | Loss: -0.2237 | Val NDCG: 0.7340 | smoothed: 0.7390
Epoch 5 | Loss: -0.2255 | Val NDCG: 0.7467 | smoothed: 0.7393
Epoch 6 | Loss: -0.2263 | Val NDCG: 0.7378 | smoothed: 0.7395
Epoch 7 | Loss: -0.2272 | Val NDCG: 0.7408 | smoothed: 0.7418

Best smoothed NDCG: 0.7427 at epoch 2 of 7 run

1 combinations completed out of 1


--- Grid Search Results ---
 hidden_units  dropout_rate  num_blocks  num_heads     lr  gamma  val_ndcg  val_ndcg_raw  best_epoch  epochs_run  max_epochs
          256           0.1           2          8 0.0001      4  0.742724      0.745636           2           7          40

Best config: {'hidden_units': 256.0, 'dropout_rate': 0.1, 'num_blocks': 2.0, 'num_heads': 8.0, 'lr': 0.0001, 'gamma': 4.0, 'val_ndcg': 0.7427235749240952, 'val_ndcg_raw': 0.7456359045231783, 'best_epoch': 2.0, 'epochs_run': 7.0, 'max_epochs': 40.0}
0 of 1 configs reached max_epochs
0 of 1 were still improving when stopped
Best params saved to ../Models/sasrec_drrl_best_params.json
