task 387 | loss drrl | node slurmnode-gpu03
Tesla P100-PCIE-16GB, 16384 MiB
Tesla P100-PCIE-16GB, 16384 MiB
Tesla P100-PCIE-16GB, 16384 MiB
Tesla P100-PCIE-16GB, 16384 MiB
Using device: cuda
Loading datasets...
Train sessions: 75875 | Val sessions: 16262

Running grid search over 486 combinations...

SLURM array task 387: 1 config -> ../Models/sasrec_grid_drrl_task387.csv
Trying: {'hidden_units': 256, 'dropout_rate': 0.3, 'num_blocks': 1, 'num_heads': 8, 'lr': 0.0001, 'gamma': 2}
Epoch 1 | Loss: 0.0601 | Val NDCG: 0.7352 | smoothed: 0.7352
Epoch 2 | Loss: -0.1904 | Val NDCG: 0.7223 | smoothed: 0.7288
Epoch 3 | Loss: -0.2117 | Val NDCG: 0.7148 | smoothed: 0.7241
Epoch 4 | Loss: -0.2199 | Val NDCG: 0.7202 | smoothed: 0.7191
Epoch 5 | Loss: -0.2245 | Val NDCG: 0.7114 | smoothed: 0.7155
Epoch 6 | Loss: -0.2265 | Val NDCG: 0.7055 | smoothed: 0.7123

Best smoothed NDCG: 0.7352 at epoch 1 of 6 run

1 combinations completed out of 1


--- Grid Search Results ---
 hidden_units  dropout_rate  num_blocks  num_heads     lr  gamma  val_ndcg  val_ndcg_raw  best_epoch  epochs_run  max_epochs
          256           0.3           1          8 0.0001      2   0.73521       0.73521           1           6          40

Best config: {'hidden_units': 256.0, 'dropout_rate': 0.3, 'num_blocks': 1.0, 'num_heads': 8.0, 'lr': 0.0001, 'gamma': 2.0, 'val_ndcg': 0.7352103904868639, 'val_ndcg_raw': 0.7352103904868639, 'best_epoch': 1.0, 'epochs_run': 6.0, 'max_epochs': 40.0}
0 of 1 configs reached max_epochs
0 of 1 were still improving when stopped
Best params saved to ../Models/sasrec_drrl_best_params.json
