task 361 | loss drrl | node slurmnode-gpu03
Tesla P100-PCIE-16GB, 16384 MiB
Tesla P100-PCIE-16GB, 16384 MiB
Tesla P100-PCIE-16GB, 16384 MiB
Tesla P100-PCIE-16GB, 16384 MiB
Using device: cuda
Loading datasets...
Train sessions: 75875 | Val sessions: 16262

Running grid search over 486 combinations...

SLURM array task 361: 1 config -> ../Models/sasrec_grid_drrl_task361.csv
Trying: {'hidden_units': 256, 'dropout_rate': 0.1, 'num_blocks': 3, 'num_heads': 4, 'lr': 0.001, 'gamma': 3}
Epoch 1 | Loss: -0.1630 | Val NDCG: 0.7589 | smoothed: 0.7589
Epoch 2 | Loss: -0.2193 | Val NDCG: 0.7321 | smoothed: 0.7455
Epoch 3 | Loss: -0.2235 | Val NDCG: 0.7404 | smoothed: 0.7438
Epoch 4 | Loss: -0.2247 | Val NDCG: 0.7332 | smoothed: 0.7352
Epoch 5 | Loss: -0.2253 | Val NDCG: 0.7532 | smoothed: 0.7423
Epoch 6 | Loss: -0.2264 | Val NDCG: 0.7425 | smoothed: 0.7430

Best smoothed NDCG: 0.7589 at epoch 1 of 6 run

1 combinations completed out of 1


--- Grid Search Results ---
 hidden_units  dropout_rate  num_blocks  num_heads    lr  gamma  val_ndcg  val_ndcg_raw  best_epoch  epochs_run  max_epochs
          256           0.1           3          4 0.001      3  0.758927      0.758927           1           6          20

Best config: {'hidden_units': 256.0, 'dropout_rate': 0.1, 'num_blocks': 3.0, 'num_heads': 4.0, 'lr': 0.001, 'gamma': 3.0, 'val_ndcg': 0.7589272699920782, 'val_ndcg_raw': 0.7589272699920782, 'best_epoch': 1.0, 'epochs_run': 6.0, 'max_epochs': 20.0}
0 of 1 configs reached max_epochs
0 of 1 were still improving when stopped
Best params saved to ../Models/sasrec_drrl_best_params.json
