task 100 | loss bce | node slurmnode-gpu05
Tesla P100-PCIE-16GB, 16384 MiB
Tesla P100-PCIE-16GB, 16384 MiB
Tesla P100-PCIE-16GB, 16384 MiB
Tesla P100-PCIE-16GB, 16384 MiB
Using device: cuda
Loading datasets...
Train sessions: 75875 | Val sessions: 16262

Running grid search over 162 combinations...

SLURM array task 100: 1 config -> ../Models/sasrec_grid_bce_task100.csv
Trying: {'hidden_units': 128, 'dropout_rate': 0.5, 'num_blocks': 2, 'num_heads': 16, 'lr': 0.001}
Epoch 1 | Loss: 0.5935 | Val NDCG: 0.7451 | smoothed: 0.7451
Epoch 2 | Loss: 0.5812 | Val NDCG: 0.7648 | smoothed: 0.7550
Epoch 3 | Loss: 0.5782 | Val NDCG: 0.7627 | smoothed: 0.7576
Epoch 4 | Loss: 0.5773 | Val NDCG: 0.7620 | smoothed: 0.7632
Epoch 5 | Loss: 0.5752 | Val NDCG: 0.7639 | smoothed: 0.7628
Epoch 6 | Loss: 0.5745 | Val NDCG: 0.7685 | smoothed: 0.7648
Epoch 7 | Loss: 0.5734 | Val NDCG: 0.7733 | smoothed: 0.7686
Epoch 8 | Loss: 0.5728 | Val NDCG: 0.7695 | smoothed: 0.7704
Epoch 9 | Loss: 0.5732 | Val NDCG: 0.7719 | smoothed: 0.7716
Epoch 10 | Loss: 0.5716 | Val NDCG: 0.7719 | smoothed: 0.7711
Epoch 11 | Loss: 0.5709 | Val NDCG: 0.7747 | smoothed: 0.7728
Epoch 12 | Loss: 0.5712 | Val NDCG: 0.7728 | smoothed: 0.7731
Epoch 13 | Loss: 0.5709 | Val NDCG: 0.7747 | smoothed: 0.7741
Epoch 14 | Loss: 0.5701 | Val NDCG: 0.7754 | smoothed: 0.7743
Epoch 15 | Loss: 0.5701 | Val NDCG: 0.7772 | smoothed: 0.7757
Epoch 16 | Loss: 0.5699 | Val NDCG: 0.7767 | smoothed: 0.7764
Epoch 17 | Loss: 0.5691 | Val NDCG: 0.7721 | smoothed: 0.7754
Epoch 18 | Loss: 0.5690 | Val NDCG: 0.7763 | smoothed: 0.7751
Epoch 19 | Loss: 0.5683 | Val NDCG: 0.7761 | smoothed: 0.7748
Epoch 20 | Loss: 0.5673 | Val NDCG: 0.7759 | smoothed: 0.7761

Best smoothed NDCG: 0.7764 at epoch 16 of 20 run

1 combinations completed out of 1


--- Grid Search Results ---
 hidden_units  dropout_rate  num_blocks  num_heads    lr  val_ndcg  val_ndcg_raw  best_epoch  epochs_run  max_epochs
          128           0.5           2         16 0.001  0.776436      0.776732          16          20          20

Best config: {'hidden_units': 128.0, 'dropout_rate': 0.5, 'num_blocks': 2.0, 'num_heads': 16.0, 'lr': 0.001, 'val_ndcg': 0.7764359412098725, 'val_ndcg_raw': 0.7767318983268336, 'best_epoch': 16.0, 'epochs_run': 20.0, 'max_epochs': 20.0}
1 of 1 configs reached max_epochs
0 of 1 were still improving when stopped
Best params saved to ../Models/sasrec_bce_best_params.json
