task 176 | loss drrl | node slurmnode-gpu07
NVIDIA A40, 46068 MiB
NVIDIA A40, 46068 MiB
NVIDIA A40, 46068 MiB
NVIDIA A40, 46068 MiB
Using device: cuda
Loading datasets...
Train sessions: 75875 | Val sessions: 16262

Running grid search over 486 combinations...

SLURM array task 176: 1 config -> ../Models/sasrec_grid_drrl_task176.csv
Trying: {'hidden_units': 128, 'dropout_rate': 0.1, 'num_blocks': 1, 'num_heads': 16, 'lr': 0.001, 'gamma': 4}
Epoch 1 | Loss: -0.1784 | Val NDCG: 0.7177 | smoothed: 0.7177
Epoch 2 | Loss: -0.2238 | Val NDCG: 0.7279 | smoothed: 0.7228
Epoch 3 | Loss: -0.2264 | Val NDCG: 0.7218 | smoothed: 0.7225
Epoch 4 | Loss: -0.2276 | Val NDCG: 0.7497 | smoothed: 0.7331
Epoch 5 | Loss: -0.2281 | Val NDCG: 0.7435 | smoothed: 0.7383
Epoch 6 | Loss: -0.2283 | Val NDCG: 0.7407 | smoothed: 0.7447
Epoch 7 | Loss: -0.2287 | Val NDCG: 0.7665 | smoothed: 0.7503
Epoch 8 | Loss: -0.2293 | Val NDCG: 0.7598 | smoothed: 0.7557
Epoch 9 | Loss: -0.2293 | Val NDCG: 0.7697 | smoothed: 0.7653
Epoch 10 | Loss: -0.2293 | Val NDCG: 0.7719 | smoothed: 0.7671
Epoch 11 | Loss: -0.2292 | Val NDCG: 0.7634 | smoothed: 0.7683
Epoch 12 | Loss: -0.2297 | Val NDCG: 0.7665 | smoothed: 0.7673
Epoch 13 | Loss: -0.2296 | Val NDCG: 0.7728 | smoothed: 0.7676
Epoch 14 | Loss: -0.2296 | Val NDCG: 0.7580 | smoothed: 0.7658
Epoch 15 | Loss: -0.2298 | Val NDCG: 0.7655 | smoothed: 0.7655
Epoch 16 | Loss: -0.2298 | Val NDCG: 0.7689 | smoothed: 0.7642

Best smoothed NDCG: 0.7683 at epoch 11 of 16 run

1 combinations completed out of 1


--- Grid Search Results ---
 hidden_units  dropout_rate  num_blocks  num_heads    lr  gamma  val_ndcg  val_ndcg_raw  best_epoch  epochs_run  max_epochs
          128           0.1           1         16 0.001      4  0.768306      0.763386          11          16          20

Best config: {'hidden_units': 128.0, 'dropout_rate': 0.1, 'num_blocks': 1.0, 'num_heads': 16.0, 'lr': 0.001, 'gamma': 4.0, 'val_ndcg': 0.768305988391328, 'val_ndcg_raw': 0.7633863670135841, 'best_epoch': 11.0, 'epochs_run': 16.0, 'max_epochs': 20.0}
0 of 1 configs reached max_epochs
0 of 1 were still improving when stopped
Best params saved to ../Models/sasrec_drrl_best_params.json
