task 131 | loss pwts | node slurmnode-gpu07
NVIDIA A40, 46068 MiB
NVIDIA A40, 46068 MiB
NVIDIA A40, 46068 MiB
NVIDIA A40, 46068 MiB
Using device: cuda
Loading datasets...
Train sessions: 75875 | Val sessions: 16262

Running grid search over 162 combinations...

SLURM array task 131: 1 config -> ../Models/sasrec_grid_pwts_task131.csv
Trying: {'hidden_units': 256, 'dropout_rate': 0.3, 'num_blocks': 1, 'num_heads': 16, 'lr': 0.0001}
Epoch 1 | Loss: 0.6370 | Val NDCG: 0.7514 | smoothed: 0.7514
Epoch 2 | Loss: 0.6185 | Val NDCG: 0.7608 | smoothed: 0.7561
Epoch 3 | Loss: 0.6123 | Val NDCG: 0.7602 | smoothed: 0.7574
Epoch 4 | Loss: 0.6097 | Val NDCG: 0.7624 | smoothed: 0.7611
Epoch 5 | Loss: 0.6072 | Val NDCG: 0.7628 | smoothed: 0.7618
Epoch 6 | Loss: 0.6065 | Val NDCG: 0.7610 | smoothed: 0.7621
Epoch 7 | Loss: 0.6057 | Val NDCG: 0.7696 | smoothed: 0.7645
Epoch 8 | Loss: 0.6043 | Val NDCG: 0.7664 | smoothed: 0.7657
Epoch 9 | Loss: 0.6032 | Val NDCG: 0.7690 | smoothed: 0.7683
Epoch 10 | Loss: 0.6018 | Val NDCG: 0.7685 | smoothed: 0.7679
Epoch 11 | Loss: 0.6014 | Val NDCG: 0.7698 | smoothed: 0.7691
Epoch 12 | Loss: 0.6008 | Val NDCG: 0.7710 | smoothed: 0.7697
Epoch 13 | Loss: 0.6006 | Val NDCG: 0.7698 | smoothed: 0.7702
Epoch 14 | Loss: 0.5996 | Val NDCG: 0.7695 | smoothed: 0.7701
Epoch 15 | Loss: 0.6002 | Val NDCG: 0.7713 | smoothed: 0.7702
Epoch 16 | Loss: 0.5988 | Val NDCG: 0.7708 | smoothed: 0.7705
Epoch 17 | Loss: 0.5989 | Val NDCG: 0.7724 | smoothed: 0.7715
Epoch 18 | Loss: 0.6000 | Val NDCG: 0.7717 | smoothed: 0.7716
Epoch 19 | Loss: 0.5982 | Val NDCG: 0.7716 | smoothed: 0.7719
Epoch 20 | Loss: 0.5986 | Val NDCG: 0.7709 | smoothed: 0.7714
Epoch 21 | Loss: 0.5987 | Val NDCG: 0.7719 | smoothed: 0.7714
Epoch 22 | Loss: 0.5972 | Val NDCG: 0.7707 | smoothed: 0.7712
Epoch 23 | Loss: 0.5976 | Val NDCG: 0.7716 | smoothed: 0.7714
Epoch 24 | Loss: 0.5969 | Val NDCG: 0.7740 | smoothed: 0.7721
Epoch 25 | Loss: 0.5969 | Val NDCG: 0.7709 | smoothed: 0.7722
Epoch 26 | Loss: 0.5969 | Val NDCG: 0.7758 | smoothed: 0.7736
Epoch 27 | Loss: 0.5956 | Val NDCG: 0.7717 | smoothed: 0.7728
Epoch 28 | Loss: 0.5969 | Val NDCG: 0.7745 | smoothed: 0.7740
Epoch 29 | Loss: 0.5973 | Val NDCG: 0.7726 | smoothed: 0.7729
Epoch 30 | Loss: 0.5965 | Val NDCG: 0.7726 | smoothed: 0.7732
Epoch 31 | Loss: 0.5953 | Val NDCG: 0.7724 | smoothed: 0.7726
Epoch 32 | Loss: 0.5950 | Val NDCG: 0.7751 | smoothed: 0.7734
Epoch 33 | Loss: 0.5960 | Val NDCG: 0.7718 | smoothed: 0.7731

Best smoothed NDCG: 0.7740 at epoch 28 of 33 run

1 combinations completed out of 1


--- Grid Search Results ---
 hidden_units  dropout_rate  num_blocks  num_heads     lr  val_ndcg  val_ndcg_raw  best_epoch  epochs_run  max_epochs
          256           0.3           1         16 0.0001  0.773974      0.774457          28          33          40

Best config: {'hidden_units': 256.0, 'dropout_rate': 0.3, 'num_blocks': 1.0, 'num_heads': 16.0, 'lr': 0.0001, 'val_ndcg': 0.7739739879902362, 'val_ndcg_raw': 0.7744566270371065, 'best_epoch': 28.0, 'epochs_run': 33.0, 'max_epochs': 40.0}
0 of 1 configs reached max_epochs
0 of 1 were still improving when stopped
Best params saved to ../Models/sasrec_pwts_best_params.json
