task 155 | loss bce | node slurmnode-gpu07
NVIDIA A40, 46068 MiB
NVIDIA A40, 46068 MiB
NVIDIA A40, 46068 MiB
NVIDIA A40, 46068 MiB
Using device: cuda
Loading datasets...
Train sessions: 75875 | Val sessions: 16262

Running grid search over 162 combinations...

SLURM array task 155: 1 config -> ../Models/sasrec_grid_bce_task155.csv
Trying: {'hidden_units': 256, 'dropout_rate': 0.5, 'num_blocks': 2, 'num_heads': 16, 'lr': 0.0001}
Epoch 1 | Loss: 0.6047 | Val NDCG: 0.7369 | smoothed: 0.7369
Epoch 2 | Loss: 0.5893 | Val NDCG: 0.7447 | smoothed: 0.7408
Epoch 3 | Loss: 0.5838 | Val NDCG: 0.7469 | smoothed: 0.7429
Epoch 4 | Loss: 0.5811 | Val NDCG: 0.7568 | smoothed: 0.7495
Epoch 5 | Loss: 0.5785 | Val NDCG: 0.7556 | smoothed: 0.7531
Epoch 6 | Loss: 0.5786 | Val NDCG: 0.7594 | smoothed: 0.7573
Epoch 7 | Loss: 0.5768 | Val NDCG: 0.7597 | smoothed: 0.7583
Epoch 8 | Loss: 0.5762 | Val NDCG: 0.7633 | smoothed: 0.7608
Epoch 9 | Loss: 0.5747 | Val NDCG: 0.7619 | smoothed: 0.7616
Epoch 10 | Loss: 0.5738 | Val NDCG: 0.7656 | smoothed: 0.7636
Epoch 11 | Loss: 0.5736 | Val NDCG: 0.7650 | smoothed: 0.7642
Epoch 12 | Loss: 0.5730 | Val NDCG: 0.7632 | smoothed: 0.7646
Epoch 13 | Loss: 0.5731 | Val NDCG: 0.7695 | smoothed: 0.7659
Epoch 14 | Loss: 0.5722 | Val NDCG: 0.7679 | smoothed: 0.7668
Epoch 15 | Loss: 0.5725 | Val NDCG: 0.7702 | smoothed: 0.7692
Epoch 16 | Loss: 0.5707 | Val NDCG: 0.7686 | smoothed: 0.7689
Epoch 17 | Loss: 0.5710 | Val NDCG: 0.7720 | smoothed: 0.7703
Epoch 18 | Loss: 0.5711 | Val NDCG: 0.7710 | smoothed: 0.7706
Epoch 19 | Loss: 0.5716 | Val NDCG: 0.7695 | smoothed: 0.7708
Epoch 20 | Loss: 0.5701 | Val NDCG: 0.7737 | smoothed: 0.7714
Epoch 21 | Loss: 0.5706 | Val NDCG: 0.7726 | smoothed: 0.7719
Epoch 22 | Loss: 0.5703 | Val NDCG: 0.7716 | smoothed: 0.7726
Epoch 23 | Loss: 0.5696 | Val NDCG: 0.7738 | smoothed: 0.7727
Epoch 24 | Loss: 0.5683 | Val NDCG: 0.7726 | smoothed: 0.7727
Epoch 25 | Loss: 0.5694 | Val NDCG: 0.7728 | smoothed: 0.7731
Epoch 26 | Loss: 0.5690 | Val NDCG: 0.7733 | smoothed: 0.7729
Epoch 27 | Loss: 0.5680 | Val NDCG: 0.7726 | smoothed: 0.7729
Epoch 28 | Loss: 0.5688 | Val NDCG: 0.7721 | smoothed: 0.7727
Epoch 29 | Loss: 0.5683 | Val NDCG: 0.7757 | smoothed: 0.7735
Epoch 30 | Loss: 0.5677 | Val NDCG: 0.7737 | smoothed: 0.7738
Epoch 31 | Loss: 0.5679 | Val NDCG: 0.7737 | smoothed: 0.7744
Epoch 32 | Loss: 0.5684 | Val NDCG: 0.7715 | smoothed: 0.7730
Epoch 33 | Loss: 0.5680 | Val NDCG: 0.7728 | smoothed: 0.7726
Epoch 34 | Loss: 0.5683 | Val NDCG: 0.7721 | smoothed: 0.7721
Epoch 35 | Loss: 0.5673 | Val NDCG: 0.7729 | smoothed: 0.7726
Epoch 36 | Loss: 0.5675 | Val NDCG: 0.7737 | smoothed: 0.7729

Best smoothed NDCG: 0.7744 at epoch 31 of 36 run

1 combinations completed out of 1


--- Grid Search Results ---
 hidden_units  dropout_rate  num_blocks  num_heads     lr  val_ndcg  val_ndcg_raw  best_epoch  epochs_run  max_epochs
          256           0.5           2         16 0.0001  0.774392      0.773703          31          36          40

Best config: {'hidden_units': 256.0, 'dropout_rate': 0.5, 'num_blocks': 2.0, 'num_heads': 16.0, 'lr': 0.0001, 'val_ndcg': 0.7743919367629251, 'val_ndcg_raw': 0.7737033719551758, 'best_epoch': 31.0, 'epochs_run': 36.0, 'max_epochs': 40.0}
0 of 1 configs reached max_epochs
0 of 1 were still improving when stopped
Best params saved to ../Models/sasrec_bce_best_params.json
