task 7 | loss drrl | node slurmnode-gpu02
NVIDIA GeForce GTX 1080 Ti, 11264 MiB
NVIDIA GeForce GTX 1080 Ti, 11264 MiB
NVIDIA GeForce GTX 1080 Ti, 11264 MiB
NVIDIA GeForce GTX 1080 Ti, 11264 MiB
NVIDIA GeForce GTX 1080 Ti, 11264 MiB
NVIDIA GeForce GTX 1080 Ti, 11264 MiB
NVIDIA GeForce GTX 1080 Ti, 11264 MiB
NVIDIA GeForce GTX 1080 Ti, 11264 MiB
Using device: cuda
Loading datasets...
Train sessions: 75875 | Val sessions: 16262

Running grid search over 486 combinations...

SLURM array task 7: 1 config -> ../Models/sasrec_grid_drrl_task7.csv
Trying: {'hidden_units': 64, 'dropout_rate': 0.1, 'num_blocks': 1, 'num_heads': 8, 'lr': 0.001, 'gamma': 3}
Epoch 1 | Loss: -0.1890 | Val NDCG: 0.7233 | smoothed: 0.7233
Epoch 2 | Loss: -0.2261 | Val NDCG: 0.7188 | smoothed: 0.7211
Epoch 3 | Loss: -0.2281 | Val NDCG: 0.7500 | smoothed: 0.7307
Epoch 4 | Loss: -0.2285 | Val NDCG: 0.7136 | smoothed: 0.7275
Epoch 5 | Loss: -0.2291 | Val NDCG: 0.7512 | smoothed: 0.7383
Epoch 6 | Loss: -0.2295 | Val NDCG: 0.7476 | smoothed: 0.7375
Epoch 7 | Loss: -0.2293 | Val NDCG: 0.7517 | smoothed: 0.7502
Epoch 8 | Loss: -0.2295 | Val NDCG: 0.7531 | smoothed: 0.7508
Epoch 9 | Loss: -0.2299 | Val NDCG: 0.7650 | smoothed: 0.7566
Epoch 10 | Loss: -0.2298 | Val NDCG: 0.7400 | smoothed: 0.7527
Epoch 11 | Loss: -0.2299 | Val NDCG: 0.7583 | smoothed: 0.7544
Epoch 12 | Loss: -0.2302 | Val NDCG: 0.7566 | smoothed: 0.7516
Epoch 13 | Loss: -0.2304 | Val NDCG: 0.7686 | smoothed: 0.7612
Epoch 14 | Loss: -0.2302 | Val NDCG: 0.7619 | smoothed: 0.7624
Epoch 15 | Loss: -0.2302 | Val NDCG: 0.7717 | smoothed: 0.7674
Epoch 16 | Loss: -0.2302 | Val NDCG: 0.7696 | smoothed: 0.7677
Epoch 17 | Loss: -0.2303 | Val NDCG: 0.7612 | smoothed: 0.7675
Epoch 18 | Loss: -0.2303 | Val NDCG: 0.7592 | smoothed: 0.7633
Epoch 19 | Loss: -0.2305 | Val NDCG: 0.7566 | smoothed: 0.7590
Epoch 20 | Loss: -0.2304 | Val NDCG: 0.7738 | smoothed: 0.7632

Best smoothed NDCG: 0.7677 at epoch 16 of 20 run

1 combinations completed out of 1


--- Grid Search Results ---
 hidden_units  dropout_rate  num_blocks  num_heads    lr  gamma  val_ndcg  val_ndcg_raw  best_epoch  epochs_run  max_epochs
           64           0.1           1          8 0.001      3  0.767718      0.769587          16          20          20

Best config: {'hidden_units': 64.0, 'dropout_rate': 0.1, 'num_blocks': 1.0, 'num_heads': 8.0, 'lr': 0.001, 'gamma': 3.0, 'val_ndcg': 0.767717750519041, 'val_ndcg_raw': 0.7695867246127457, 'best_epoch': 16.0, 'epochs_run': 20.0, 'max_epochs': 20.0}
1 of 1 configs reached max_epochs
0 of 1 were still improving when stopped
Best params saved to ../Models/sasrec_drrl_best_params.json
