task 124 | loss drrl | node slurmnode-gpu07
NVIDIA A40, 46068 MiB
NVIDIA A40, 46068 MiB
NVIDIA A40, 46068 MiB
NVIDIA A40, 46068 MiB
Using device: cuda
Loading datasets...
Train sessions: 75875 | Val sessions: 16262

Running grid search over 486 combinations...

SLURM array task 124: 1 config -> ../Models/sasrec_grid_drrl_task124.csv
Trying: {'hidden_units': 64, 'dropout_rate': 0.5, 'num_blocks': 1, 'num_heads': 16, 'lr': 0.0001, 'gamma': 3}
Epoch 1 | Loss: 0.1740 | Val NDCG: 0.7110 | smoothed: 0.7110
Epoch 2 | Loss: -0.1819 | Val NDCG: 0.6942 | smoothed: 0.7026
Epoch 3 | Loss: -0.2213 | Val NDCG: 0.6953 | smoothed: 0.7001
Epoch 4 | Loss: -0.2285 | Val NDCG: 0.7018 | smoothed: 0.6971
Epoch 5 | Loss: -0.2304 | Val NDCG: 0.7090 | smoothed: 0.7020
Epoch 6 | Loss: -0.2314 | Val NDCG: 0.7089 | smoothed: 0.7065

Best smoothed NDCG: 0.7110 at epoch 1 of 6 run

1 combinations completed out of 1


--- Grid Search Results ---
 hidden_units  dropout_rate  num_blocks  num_heads     lr  gamma  val_ndcg  val_ndcg_raw  best_epoch  epochs_run  max_epochs
           64           0.5           1         16 0.0001      3  0.710954      0.710954           1           6          40

Best config: {'hidden_units': 64.0, 'dropout_rate': 0.5, 'num_blocks': 1.0, 'num_heads': 16.0, 'lr': 0.0001, 'gamma': 3.0, 'val_ndcg': 0.7109544341100897, 'val_ndcg_raw': 0.7109544341100897, 'best_epoch': 1.0, 'epochs_run': 6.0, 'max_epochs': 40.0}
0 of 1 configs reached max_epochs
0 of 1 were still improving when stopped
Best params saved to ../Models/sasrec_drrl_best_params.json
