task 57 | loss bce | node slurmnode-gpu02
NVIDIA GeForce GTX 1080 Ti, 11264 MiB
NVIDIA GeForce GTX 1080 Ti, 11264 MiB
NVIDIA GeForce GTX 1080 Ti, 11264 MiB
NVIDIA GeForce GTX 1080 Ti, 11264 MiB
NVIDIA GeForce GTX 1080 Ti, 11264 MiB
NVIDIA GeForce GTX 1080 Ti, 11264 MiB
NVIDIA GeForce GTX 1080 Ti, 11264 MiB
NVIDIA GeForce GTX 1080 Ti, 11264 MiB
Using device: cuda
Loading datasets...
Train sessions: 75875 | Val sessions: 16262

Running grid search over 162 combinations...

SLURM array task 57: 1 config -> ../Models/sasrec_grid_bce_task57.csv
Trying: {'hidden_units': 128, 'dropout_rate': 0.1, 'num_blocks': 1, 'num_heads': 8, 'lr': 0.0001}
Epoch 1 | Loss: 0.6027 | Val NDCG: 0.7460 | smoothed: 0.7460
Epoch 2 | Loss: 0.5848 | Val NDCG: 0.7584 | smoothed: 0.7522
Epoch 3 | Loss: 0.5820 | Val NDCG: 0.7619 | smoothed: 0.7554
Epoch 4 | Loss: 0.5793 | Val NDCG: 0.7648 | smoothed: 0.7617
Epoch 5 | Loss: 0.5782 | Val NDCG: 0.7646 | smoothed: 0.7638
Epoch 6 | Loss: 0.5769 | Val NDCG: 0.7671 | smoothed: 0.7655
Epoch 7 | Loss: 0.5756 | Val NDCG: 0.7665 | smoothed: 0.7660
Epoch 8 | Loss: 0.5745 | Val NDCG: 0.7692 | smoothed: 0.7676
Epoch 9 | Loss: 0.5736 | Val NDCG: 0.7688 | smoothed: 0.7682
Epoch 10 | Loss: 0.5726 | Val NDCG: 0.7702 | smoothed: 0.7694
Epoch 11 | Loss: 0.5711 | Val NDCG: 0.7719 | smoothed: 0.7703
Epoch 12 | Loss: 0.5720 | Val NDCG: 0.7697 | smoothed: 0.7706
Epoch 13 | Loss: 0.5713 | Val NDCG: 0.7724 | smoothed: 0.7713
Epoch 14 | Loss: 0.5699 | Val NDCG: 0.7716 | smoothed: 0.7712
Epoch 15 | Loss: 0.5706 | Val NDCG: 0.7711 | smoothed: 0.7717
Epoch 16 | Loss: 0.5692 | Val NDCG: 0.7721 | smoothed: 0.7716
Epoch 17 | Loss: 0.5690 | Val NDCG: 0.7739 | smoothed: 0.7724
Epoch 18 | Loss: 0.5682 | Val NDCG: 0.7699 | smoothed: 0.7720
Epoch 19 | Loss: 0.5688 | Val NDCG: 0.7725 | smoothed: 0.7721
Epoch 20 | Loss: 0.5698 | Val NDCG: 0.7728 | smoothed: 0.7717
Epoch 21 | Loss: 0.5684 | Val NDCG: 0.7731 | smoothed: 0.7728
Epoch 22 | Loss: 0.5683 | Val NDCG: 0.7739 | smoothed: 0.7732
Epoch 23 | Loss: 0.5675 | Val NDCG: 0.7718 | smoothed: 0.7729
Epoch 24 | Loss: 0.5676 | Val NDCG: 0.7740 | smoothed: 0.7732
Epoch 25 | Loss: 0.5684 | Val NDCG: 0.7766 | smoothed: 0.7741
Epoch 26 | Loss: 0.5671 | Val NDCG: 0.7742 | smoothed: 0.7749
Epoch 27 | Loss: 0.5671 | Val NDCG: 0.7717 | smoothed: 0.7742
Epoch 28 | Loss: 0.5664 | Val NDCG: 0.7738 | smoothed: 0.7732
Epoch 29 | Loss: 0.5672 | Val NDCG: 0.7732 | smoothed: 0.7729
Epoch 30 | Loss: 0.5662 | Val NDCG: 0.7712 | smoothed: 0.7727
Epoch 31 | Loss: 0.5660 | Val NDCG: 0.7748 | smoothed: 0.7731

Best smoothed NDCG: 0.7749 at epoch 26 of 31 run

1 combinations completed out of 1


--- Grid Search Results ---
 hidden_units  dropout_rate  num_blocks  num_heads     lr  val_ndcg  val_ndcg_raw  best_epoch  epochs_run  max_epochs
          128           0.1           1          8 0.0001  0.774939      0.774247          26          31          40

Best config: {'hidden_units': 128.0, 'dropout_rate': 0.1, 'num_blocks': 1.0, 'num_heads': 8.0, 'lr': 0.0001, 'val_ndcg': 0.7749391772335281, 'val_ndcg_raw': 0.7742472261863111, 'best_epoch': 26.0, 'epochs_run': 31.0, 'max_epochs': 40.0}
0 of 1 configs reached max_epochs
0 of 1 were still improving when stopped
Best params saved to ../Models/sasrec_bce_best_params.json
