task 61 | loss pwts | node slurmnode-gpu03
Tesla P100-PCIE-16GB, 16384 MiB
Tesla P100-PCIE-16GB, 16384 MiB
Tesla P100-PCIE-16GB, 16384 MiB
Tesla P100-PCIE-16GB, 16384 MiB
Using device: cuda
Loading datasets...
Train sessions: 75875 | Val sessions: 16262

Running grid search over 162 combinations...

SLURM array task 61: 1 config -> ../Models/sasrec_grid_pwts_task61.csv
Trying: {'hidden_units': 128, 'dropout_rate': 0.1, 'num_blocks': 2, 'num_heads': 4, 'lr': 0.0001}
Epoch 1 | Loss: 0.6293 | Val NDCG: 0.7528 | smoothed: 0.7528
Epoch 2 | Loss: 0.6104 | Val NDCG: 0.7550 | smoothed: 0.7539
Epoch 3 | Loss: 0.6069 | Val NDCG: 0.7603 | smoothed: 0.7560
Epoch 4 | Loss: 0.6043 | Val NDCG: 0.7648 | smoothed: 0.7600
Epoch 5 | Loss: 0.6035 | Val NDCG: 0.7665 | smoothed: 0.7638
Epoch 6 | Loss: 0.6023 | Val NDCG: 0.7678 | smoothed: 0.7664
Epoch 7 | Loss: 0.6010 | Val NDCG: 0.7691 | smoothed: 0.7678
Epoch 8 | Loss: 0.6000 | Val NDCG: 0.7703 | smoothed: 0.7691
Epoch 9 | Loss: 0.5988 | Val NDCG: 0.7695 | smoothed: 0.7696
Epoch 10 | Loss: 0.5995 | Val NDCG: 0.7711 | smoothed: 0.7703
Epoch 11 | Loss: 0.5981 | Val NDCG: 0.7689 | smoothed: 0.7698
Epoch 12 | Loss: 0.5984 | Val NDCG: 0.7697 | smoothed: 0.7699
Epoch 13 | Loss: 0.5975 | Val NDCG: 0.7726 | smoothed: 0.7704
Epoch 14 | Loss: 0.5968 | Val NDCG: 0.7711 | smoothed: 0.7711
Epoch 15 | Loss: 0.5970 | Val NDCG: 0.7720 | smoothed: 0.7719
Epoch 16 | Loss: 0.5961 | Val NDCG: 0.7733 | smoothed: 0.7721
Epoch 17 | Loss: 0.5959 | Val NDCG: 0.7716 | smoothed: 0.7723
Epoch 18 | Loss: 0.5953 | Val NDCG: 0.7707 | smoothed: 0.7719
Epoch 19 | Loss: 0.5955 | Val NDCG: 0.7720 | smoothed: 0.7714
Epoch 20 | Loss: 0.5946 | Val NDCG: 0.7717 | smoothed: 0.7715
Epoch 21 | Loss: 0.5943 | Val NDCG: 0.7746 | smoothed: 0.7728
Epoch 22 | Loss: 0.5948 | Val NDCG: 0.7736 | smoothed: 0.7733
Epoch 23 | Loss: 0.5944 | Val NDCG: 0.7753 | smoothed: 0.7745
Epoch 24 | Loss: 0.5932 | Val NDCG: 0.7734 | smoothed: 0.7741
Epoch 25 | Loss: 0.5928 | Val NDCG: 0.7740 | smoothed: 0.7742
Epoch 26 | Loss: 0.5932 | Val NDCG: 0.7716 | smoothed: 0.7730
Epoch 27 | Loss: 0.5929 | Val NDCG: 0.7761 | smoothed: 0.7739
Epoch 28 | Loss: 0.5925 | Val NDCG: 0.7759 | smoothed: 0.7745
Epoch 29 | Loss: 0.5913 | Val NDCG: 0.7737 | smoothed: 0.7752
Epoch 30 | Loss: 0.5925 | Val NDCG: 0.7752 | smoothed: 0.7750
Epoch 31 | Loss: 0.5918 | Val NDCG: 0.7764 | smoothed: 0.7751
Epoch 32 | Loss: 0.5921 | Val NDCG: 0.7740 | smoothed: 0.7752
Epoch 33 | Loss: 0.5916 | Val NDCG: 0.7761 | smoothed: 0.7755
Epoch 34 | Loss: 0.5914 | Val NDCG: 0.7756 | smoothed: 0.7752
Epoch 35 | Loss: 0.5920 | Val NDCG: 0.7766 | smoothed: 0.7761
Epoch 36 | Loss: 0.5909 | Val NDCG: 0.7761 | smoothed: 0.7761
Epoch 37 | Loss: 0.5914 | Val NDCG: 0.7726 | smoothed: 0.7751
Epoch 38 | Loss: 0.5912 | Val NDCG: 0.7736 | smoothed: 0.7741
Epoch 39 | Loss: 0.5911 | Val NDCG: 0.7760 | smoothed: 0.7741
Epoch 40 | Loss: 0.5904 | Val NDCG: 0.7758 | smoothed: 0.7752

Best smoothed NDCG: 0.7761 at epoch 36 of 40 run

1 combinations completed out of 1


--- Grid Search Results ---
 hidden_units  dropout_rate  num_blocks  num_heads     lr  val_ndcg  val_ndcg_raw  best_epoch  epochs_run  max_epochs
          128           0.1           2          4 0.0001  0.776104      0.776148          36          40          40

Best config: {'hidden_units': 128.0, 'dropout_rate': 0.1, 'num_blocks': 2.0, 'num_heads': 4.0, 'lr': 0.0001, 'val_ndcg': 0.7761035542493991, 'val_ndcg_raw': 0.776148203861836, 'best_epoch': 36.0, 'epochs_run': 40.0, 'max_epochs': 40.0}
1 of 1 configs reached max_epochs
0 of 1 were still improving when stopped
Best params saved to ../Models/sasrec_pwts_best_params.json
