task 365 | loss drrl | node slurmnode-gpu03
Tesla P100-PCIE-16GB, 16384 MiB
Tesla P100-PCIE-16GB, 16384 MiB
Tesla P100-PCIE-16GB, 16384 MiB
Tesla P100-PCIE-16GB, 16384 MiB
Using device: cuda
Loading datasets...
Train sessions: 75875 | Val sessions: 16262

Running grid search over 486 combinations...

SLURM array task 365: 1 config -> ../Models/sasrec_grid_drrl_task365.csv
Trying: {'hidden_units': 256, 'dropout_rate': 0.1, 'num_blocks': 3, 'num_heads': 4, 'lr': 0.0001, 'gamma': 4}
Epoch 1 | Loss: -0.1402 | Val NDCG: 0.7421 | smoothed: 0.7421
Epoch 2 | Loss: -0.2137 | Val NDCG: 0.7399 | smoothed: 0.7410
Epoch 3 | Loss: -0.2210 | Val NDCG: 0.7439 | smoothed: 0.7420
Epoch 4 | Loss: -0.2215 | Val NDCG: 0.7360 | smoothed: 0.7399
Epoch 5 | Loss: -0.2247 | Val NDCG: 0.7558 | smoothed: 0.7452
Epoch 6 | Loss: -0.2249 | Val NDCG: 0.7521 | smoothed: 0.7480
Epoch 7 | Loss: -0.2258 | Val NDCG: 0.7530 | smoothed: 0.7536
Epoch 8 | Loss: -0.2269 | Val NDCG: 0.7304 | smoothed: 0.7452
Epoch 9 | Loss: -0.2271 | Val NDCG: 0.7607 | smoothed: 0.7480
Epoch 10 | Loss: -0.2270 | Val NDCG: 0.7343 | smoothed: 0.7418
Epoch 11 | Loss: -0.2275 | Val NDCG: 0.7637 | smoothed: 0.7529
Epoch 12 | Loss: -0.2278 | Val NDCG: 0.7336 | smoothed: 0.7439

Best smoothed NDCG: 0.7536 at epoch 7 of 12 run

1 combinations completed out of 1


--- Grid Search Results ---
 hidden_units  dropout_rate  num_blocks  num_heads     lr  gamma  val_ndcg  val_ndcg_raw  best_epoch  epochs_run  max_epochs
          256           0.1           3          4 0.0001      4  0.753641      0.753036           7          12          40

Best config: {'hidden_units': 256.0, 'dropout_rate': 0.1, 'num_blocks': 3.0, 'num_heads': 4.0, 'lr': 0.0001, 'gamma': 4.0, 'val_ndcg': 0.7536410051818921, 'val_ndcg_raw': 0.7530362036799844, 'best_epoch': 7.0, 'epochs_run': 12.0, 'max_epochs': 40.0}
0 of 1 configs reached max_epochs
0 of 1 were still improving when stopped
Best params saved to ../Models/sasrec_drrl_best_params.json
