task 155 | loss pwts | node slurmnode-gpu07
NVIDIA A40, 46068 MiB
NVIDIA A40, 46068 MiB
NVIDIA A40, 46068 MiB
NVIDIA A40, 46068 MiB
Using device: cuda
Loading datasets...
Train sessions: 75875 | Val sessions: 16262

Running grid search over 162 combinations...

SLURM array task 155: 1 config -> ../Models/sasrec_grid_pwts_task155.csv
Trying: {'hidden_units': 256, 'dropout_rate': 0.5, 'num_blocks': 2, 'num_heads': 16, 'lr': 0.0001}
Epoch 1 | Loss: 0.6365 | Val NDCG: 0.7323 | smoothed: 0.7323
Epoch 2 | Loss: 0.6217 | Val NDCG: 0.7432 | smoothed: 0.7378
Epoch 3 | Loss: 0.6151 | Val NDCG: 0.7516 | smoothed: 0.7424
Epoch 4 | Loss: 0.6136 | Val NDCG: 0.7541 | smoothed: 0.7497
Epoch 5 | Loss: 0.6098 | Val NDCG: 0.7597 | smoothed: 0.7552
Epoch 6 | Loss: 0.6094 | Val NDCG: 0.7632 | smoothed: 0.7590
Epoch 7 | Loss: 0.6076 | Val NDCG: 0.7645 | smoothed: 0.7625
Epoch 8 | Loss: 0.6070 | Val NDCG: 0.7637 | smoothed: 0.7638
Epoch 9 | Loss: 0.6047 | Val NDCG: 0.7623 | smoothed: 0.7635
Epoch 10 | Loss: 0.6044 | Val NDCG: 0.7644 | smoothed: 0.7635
Epoch 11 | Loss: 0.6042 | Val NDCG: 0.7658 | smoothed: 0.7642
Epoch 12 | Loss: 0.6041 | Val NDCG: 0.7691 | smoothed: 0.7665
Epoch 13 | Loss: 0.6027 | Val NDCG: 0.7694 | smoothed: 0.7681
Epoch 14 | Loss: 0.6023 | Val NDCG: 0.7704 | smoothed: 0.7696
Epoch 15 | Loss: 0.6025 | Val NDCG: 0.7711 | smoothed: 0.7703
Epoch 16 | Loss: 0.5999 | Val NDCG: 0.7700 | smoothed: 0.7705
Epoch 17 | Loss: 0.6017 | Val NDCG: 0.7702 | smoothed: 0.7704
Epoch 18 | Loss: 0.6014 | Val NDCG: 0.7723 | smoothed: 0.7708
Epoch 19 | Loss: 0.5990 | Val NDCG: 0.7709 | smoothed: 0.7711
Epoch 20 | Loss: 0.6008 | Val NDCG: 0.7686 | smoothed: 0.7706
Epoch 21 | Loss: 0.5986 | Val NDCG: 0.7706 | smoothed: 0.7700
Epoch 22 | Loss: 0.5997 | Val NDCG: 0.7708 | smoothed: 0.7700
Epoch 23 | Loss: 0.5986 | Val NDCG: 0.7726 | smoothed: 0.7713
Epoch 24 | Loss: 0.5991 | Val NDCG: 0.7721 | smoothed: 0.7718
Epoch 25 | Loss: 0.5977 | Val NDCG: 0.7729 | smoothed: 0.7725
Epoch 26 | Loss: 0.5981 | Val NDCG: 0.7728 | smoothed: 0.7726
Epoch 27 | Loss: 0.5987 | Val NDCG: 0.7710 | smoothed: 0.7722
Epoch 28 | Loss: 0.5974 | Val NDCG: 0.7705 | smoothed: 0.7714
Epoch 29 | Loss: 0.5976 | Val NDCG: 0.7728 | smoothed: 0.7714
Epoch 30 | Loss: 0.5971 | Val NDCG: 0.7746 | smoothed: 0.7726
Epoch 31 | Loss: 0.5979 | Val NDCG: 0.7744 | smoothed: 0.7739
Epoch 32 | Loss: 0.5973 | Val NDCG: 0.7721 | smoothed: 0.7737
Epoch 33 | Loss: 0.5978 | Val NDCG: 0.7741 | smoothed: 0.7735
Epoch 34 | Loss: 0.5972 | Val NDCG: 0.7757 | smoothed: 0.7740
Epoch 35 | Loss: 0.5967 | Val NDCG: 0.7753 | smoothed: 0.7750
Epoch 36 | Loss: 0.5959 | Val NDCG: 0.7722 | smoothed: 0.7744
Epoch 37 | Loss: 0.5970 | Val NDCG: 0.7726 | smoothed: 0.7734
Epoch 38 | Loss: 0.5962 | Val NDCG: 0.7714 | smoothed: 0.7720
Epoch 39 | Loss: 0.5961 | Val NDCG: 0.7726 | smoothed: 0.7722
Epoch 40 | Loss: 0.5962 | Val NDCG: 0.7755 | smoothed: 0.7732

Best smoothed NDCG: 0.7750 at epoch 35 of 40 run

1 combinations completed out of 1


--- Grid Search Results ---
 hidden_units  dropout_rate  num_blocks  num_heads     lr  val_ndcg  val_ndcg_raw  best_epoch  epochs_run  max_epochs
          256           0.5           2         16 0.0001  0.775039      0.775344          35          40          40

Best config: {'hidden_units': 256.0, 'dropout_rate': 0.5, 'num_blocks': 2.0, 'num_heads': 16.0, 'lr': 0.0001, 'val_ndcg': 0.7750391711943477, 'val_ndcg_raw': 0.7753435986833671, 'best_epoch': 35.0, 'epochs_run': 40.0, 'max_epochs': 40.0}
1 of 1 configs reached max_epochs
0 of 1 were still improving when stopped
Best params saved to ../Models/sasrec_pwts_best_params.json
