task 171 | loss drrl | node slurmnode-gpu07
NVIDIA A40, 46068 MiB
NVIDIA A40, 46068 MiB
NVIDIA A40, 46068 MiB
NVIDIA A40, 46068 MiB
Using device: cuda
Loading datasets...
Train sessions: 75875 | Val sessions: 16262

Running grid search over 486 combinations...

SLURM array task 171: 1 config -> ../Models/sasrec_grid_drrl_task171.csv
Trying: {'hidden_units': 128, 'dropout_rate': 0.1, 'num_blocks': 1, 'num_heads': 8, 'lr': 0.0001, 'gamma': 2}
Epoch 1 | Loss: 0.0417 | Val NDCG: 0.7233 | smoothed: 0.7233
Epoch 2 | Loss: -0.1836 | Val NDCG: 0.7258 | smoothed: 0.7246
Epoch 3 | Loss: -0.2098 | Val NDCG: 0.7278 | smoothed: 0.7256
Epoch 4 | Loss: -0.2190 | Val NDCG: 0.7279 | smoothed: 0.7271
Epoch 5 | Loss: -0.2235 | Val NDCG: 0.7369 | smoothed: 0.7308
Epoch 6 | Loss: -0.2258 | Val NDCG: 0.7401 | smoothed: 0.7349
Epoch 7 | Loss: -0.2274 | Val NDCG: 0.7395 | smoothed: 0.7388
Epoch 8 | Loss: -0.2283 | Val NDCG: 0.7412 | smoothed: 0.7403
Epoch 9 | Loss: -0.2291 | Val NDCG: 0.7421 | smoothed: 0.7409
Epoch 10 | Loss: -0.2292 | Val NDCG: 0.7350 | smoothed: 0.7394
Epoch 11 | Loss: -0.2296 | Val NDCG: 0.7410 | smoothed: 0.7394
Epoch 12 | Loss: -0.2302 | Val NDCG: 0.7491 | smoothed: 0.7417
Epoch 13 | Loss: -0.2300 | Val NDCG: 0.7378 | smoothed: 0.7426
Epoch 14 | Loss: -0.2303 | Val NDCG: 0.7494 | smoothed: 0.7454
Epoch 15 | Loss: -0.2306 | Val NDCG: 0.7581 | smoothed: 0.7484
Epoch 16 | Loss: -0.2305 | Val NDCG: 0.7352 | smoothed: 0.7475
Epoch 17 | Loss: -0.2306 | Val NDCG: 0.7513 | smoothed: 0.7482
Epoch 18 | Loss: -0.2305 | Val NDCG: 0.7535 | smoothed: 0.7466
Epoch 19 | Loss: -0.2307 | Val NDCG: 0.7311 | smoothed: 0.7453
Epoch 20 | Loss: -0.2309 | Val NDCG: 0.7324 | smoothed: 0.7390

Best smoothed NDCG: 0.7484 at epoch 15 of 20 run

1 combinations completed out of 1


--- Grid Search Results ---
 hidden_units  dropout_rate  num_blocks  num_heads     lr  gamma  val_ndcg  val_ndcg_raw  best_epoch  epochs_run  max_epochs
          128           0.1           1          8 0.0001      2  0.748414      0.758075          15          20          40

Best config: {'hidden_units': 128.0, 'dropout_rate': 0.1, 'num_blocks': 1.0, 'num_heads': 8.0, 'lr': 0.0001, 'gamma': 2.0, 'val_ndcg': 0.7484142757444959, 'val_ndcg_raw': 0.7580746949506569, 'best_epoch': 15.0, 'epochs_run': 20.0, 'max_epochs': 40.0}
0 of 1 configs reached max_epochs
0 of 1 were still improving when stopped
Best params saved to ../Models/sasrec_drrl_best_params.json
