task 179 | loss drrl | node slurmnode-gpu03
Tesla P100-PCIE-16GB, 16384 MiB
Tesla P100-PCIE-16GB, 16384 MiB
Tesla P100-PCIE-16GB, 16384 MiB
Tesla P100-PCIE-16GB, 16384 MiB
Using device: cuda
Loading datasets...
Train sessions: 75875 | Val sessions: 16262

Running grid search over 486 combinations...

SLURM array task 179: 1 config -> ../Models/sasrec_grid_drrl_task179.csv
Trying: {'hidden_units': 128, 'dropout_rate': 0.1, 'num_blocks': 1, 'num_heads': 16, 'lr': 0.0001, 'gamma': 4}
Epoch 1 | Loss: -0.0491 | Val NDCG: 0.7330 | smoothed: 0.7330
Epoch 2 | Loss: -0.2018 | Val NDCG: 0.7355 | smoothed: 0.7343
Epoch 3 | Loss: -0.2174 | Val NDCG: 0.7328 | smoothed: 0.7338
Epoch 4 | Loss: -0.2231 | Val NDCG: 0.7337 | smoothed: 0.7340
Epoch 5 | Loss: -0.2262 | Val NDCG: 0.7445 | smoothed: 0.7370
Epoch 6 | Loss: -0.2279 | Val NDCG: 0.7469 | smoothed: 0.7417
Epoch 7 | Loss: -0.2291 | Val NDCG: 0.7404 | smoothed: 0.7439
Epoch 8 | Loss: -0.2300 | Val NDCG: 0.7291 | smoothed: 0.7388
Epoch 9 | Loss: -0.2302 | Val NDCG: 0.7441 | smoothed: 0.7379
Epoch 10 | Loss: -0.2307 | Val NDCG: 0.7242 | smoothed: 0.7325
Epoch 11 | Loss: -0.2311 | Val NDCG: 0.7398 | smoothed: 0.7360
Epoch 12 | Loss: -0.2311 | Val NDCG: 0.7452 | smoothed: 0.7364

Best smoothed NDCG: 0.7439 at epoch 7 of 12 run

1 combinations completed out of 1


--- Grid Search Results ---
 hidden_units  dropout_rate  num_blocks  num_heads     lr  gamma  val_ndcg  val_ndcg_raw  best_epoch  epochs_run  max_epochs
          128           0.1           1         16 0.0001      4  0.743936      0.740356           7          12          40

Best config: {'hidden_units': 128.0, 'dropout_rate': 0.1, 'num_blocks': 1.0, 'num_heads': 16.0, 'lr': 0.0001, 'gamma': 4.0, 'val_ndcg': 0.7439363616157114, 'val_ndcg_raw': 0.7403564506580511, 'best_epoch': 7.0, 'epochs_run': 12.0, 'max_epochs': 40.0}
0 of 1 configs reached max_epochs
0 of 1 were still improving when stopped
Best params saved to ../Models/sasrec_drrl_best_params.json
