task 19 | loss drrl | node slurmnode-gpu02
NVIDIA GeForce GTX 1080 Ti, 11264 MiB
NVIDIA GeForce GTX 1080 Ti, 11264 MiB
NVIDIA GeForce GTX 1080 Ti, 11264 MiB
NVIDIA GeForce GTX 1080 Ti, 11264 MiB
NVIDIA GeForce GTX 1080 Ti, 11264 MiB
NVIDIA GeForce GTX 1080 Ti, 11264 MiB
NVIDIA GeForce GTX 1080 Ti, 11264 MiB
NVIDIA GeForce GTX 1080 Ti, 11264 MiB
Using device: cuda
Loading datasets...
Train sessions: 75875 | Val sessions: 16262

Running grid search over 486 combinations...

SLURM array task 19: 1 config -> ../Models/sasrec_grid_drrl_task19.csv
Trying: {'hidden_units': 64, 'dropout_rate': 0.1, 'num_blocks': 2, 'num_heads': 4, 'lr': 0.001, 'gamma': 3}
Epoch 1 | Loss: -0.1942 | Val NDCG: 0.7282 | smoothed: 0.7282
Epoch 2 | Loss: -0.2238 | Val NDCG: 0.7135 | smoothed: 0.7208
Epoch 3 | Loss: -0.2260 | Val NDCG: 0.7399 | smoothed: 0.7272
Epoch 4 | Loss: -0.2277 | Val NDCG: 0.7437 | smoothed: 0.7324
Epoch 5 | Loss: -0.2284 | Val NDCG: 0.7405 | smoothed: 0.7414
Epoch 6 | Loss: -0.2289 | Val NDCG: 0.7419 | smoothed: 0.7420
Epoch 7 | Loss: -0.2297 | Val NDCG: 0.7424 | smoothed: 0.7416
Epoch 8 | Loss: -0.2299 | Val NDCG: 0.7517 | smoothed: 0.7453
Epoch 9 | Loss: -0.2302 | Val NDCG: 0.7566 | smoothed: 0.7503
Epoch 10 | Loss: -0.2304 | Val NDCG: 0.7571 | smoothed: 0.7551
Epoch 11 | Loss: -0.2306 | Val NDCG: 0.7608 | smoothed: 0.7582
Epoch 12 | Loss: -0.2306 | Val NDCG: 0.7515 | smoothed: 0.7565
Epoch 13 | Loss: -0.2306 | Val NDCG: 0.7616 | smoothed: 0.7580
Epoch 14 | Loss: -0.2306 | Val NDCG: 0.7716 | smoothed: 0.7616
Epoch 15 | Loss: -0.2307 | Val NDCG: 0.7711 | smoothed: 0.7681
Epoch 16 | Loss: -0.2308 | Val NDCG: 0.7706 | smoothed: 0.7711
Epoch 17 | Loss: -0.2307 | Val NDCG: 0.7635 | smoothed: 0.7684
Epoch 18 | Loss: -0.2308 | Val NDCG: 0.7721 | smoothed: 0.7687
Epoch 19 | Loss: -0.2309 | Val NDCG: 0.7660 | smoothed: 0.7672
Epoch 20 | Loss: -0.2308 | Val NDCG: 0.7692 | smoothed: 0.7691

Best smoothed NDCG: 0.7711 at epoch 16 of 20 run

1 combinations completed out of 1


--- Grid Search Results ---
 hidden_units  dropout_rate  num_blocks  num_heads    lr  gamma  val_ndcg  val_ndcg_raw  best_epoch  epochs_run  max_epochs
           64           0.1           2          4 0.001      3   0.77109      0.770576          16          20          20

Best config: {'hidden_units': 64.0, 'dropout_rate': 0.1, 'num_blocks': 2.0, 'num_heads': 4.0, 'lr': 0.001, 'gamma': 3.0, 'val_ndcg': 0.7710900999437965, 'val_ndcg_raw': 0.7705756997677082, 'best_epoch': 16.0, 'epochs_run': 20.0, 'max_epochs': 20.0}
1 of 1 configs reached max_epochs
0 of 1 were still improving when stopped
Best params saved to ../Models/sasrec_drrl_best_params.json
