task 414 | loss drrl | node slurmnode-gpu03
Tesla P100-PCIE-16GB, 16384 MiB
Tesla P100-PCIE-16GB, 16384 MiB
Tesla P100-PCIE-16GB, 16384 MiB
Tesla P100-PCIE-16GB, 16384 MiB
Using device: cuda
Loading datasets...
Train sessions: 75875 | Val sessions: 16262

Running grid search over 486 combinations...

SLURM array task 414: 1 config -> ../Models/sasrec_grid_drrl_task414.csv
Trying: {'hidden_units': 256, 'dropout_rate': 0.3, 'num_blocks': 3, 'num_heads': 4, 'lr': 0.001, 'gamma': 2}
Epoch 1 | Loss: -0.1493 | Val NDCG: 0.7139 | smoothed: 0.7139
Epoch 2 | Loss: -0.2113 | Val NDCG: 0.7512 | smoothed: 0.7326
Epoch 3 | Loss: -0.2193 | Val NDCG: 0.7494 | smoothed: 0.7382
Epoch 4 | Loss: -0.2213 | Val NDCG: 0.7366 | smoothed: 0.7457
Epoch 5 | Loss: -0.2219 | Val NDCG: 0.7162 | smoothed: 0.7341
Epoch 6 | Loss: -0.2233 | Val NDCG: 0.7670 | smoothed: 0.7399
Epoch 7 | Loss: -0.2237 | Val NDCG: 0.7411 | smoothed: 0.7414
Epoch 8 | Loss: -0.2249 | Val NDCG: 0.6715 | smoothed: 0.7265
Epoch 9 | Loss: -0.2250 | Val NDCG: 0.7515 | smoothed: 0.7213

Best smoothed NDCG: 0.7457 at epoch 4 of 9 run

1 combinations completed out of 1


--- Grid Search Results ---
 hidden_units  dropout_rate  num_blocks  num_heads    lr  gamma  val_ndcg  val_ndcg_raw  best_epoch  epochs_run  max_epochs
          256           0.3           3          4 0.001      2  0.745741      0.736552           4           9          20

Best config: {'hidden_units': 256.0, 'dropout_rate': 0.3, 'num_blocks': 3.0, 'num_heads': 4.0, 'lr': 0.001, 'gamma': 2.0, 'val_ndcg': 0.745741397647462, 'val_ndcg_raw': 0.7365522940557849, 'best_epoch': 4.0, 'epochs_run': 9.0, 'max_epochs': 20.0}
0 of 1 configs reached max_epochs
0 of 1 were still improving when stopped
Best params saved to ../Models/sasrec_drrl_best_params.json
