task 110 | loss bce | node slurmnode-gpu05
Tesla P100-PCIE-16GB, 16384 MiB
Tesla P100-PCIE-16GB, 16384 MiB
Tesla P100-PCIE-16GB, 16384 MiB
Tesla P100-PCIE-16GB, 16384 MiB
Using device: cuda
Loading datasets...
Train sessions: 75875 | Val sessions: 16262

Running grid search over 162 combinations...

SLURM array task 110: 1 config -> ../Models/sasrec_grid_bce_task110.csv
Trying: {'hidden_units': 256, 'dropout_rate': 0.1, 'num_blocks': 1, 'num_heads': 8, 'lr': 0.001}
Epoch 1 | Loss: 0.5886 | Val NDCG: 0.7585 | smoothed: 0.7585
Epoch 2 | Loss: 0.5797 | Val NDCG: 0.7636 | smoothed: 0.7610
Epoch 3 | Loss: 0.5773 | Val NDCG: 0.7671 | smoothed: 0.7631
Epoch 4 | Loss: 0.5743 | Val NDCG: 0.7698 | smoothed: 0.7669
Epoch 5 | Loss: 0.5727 | Val NDCG: 0.7764 | smoothed: 0.7711
Epoch 6 | Loss: 0.5736 | Val NDCG: 0.7763 | smoothed: 0.7742
Epoch 7 | Loss: 0.5716 | Val NDCG: 0.7806 | smoothed: 0.7778
Epoch 8 | Loss: 0.5708 | Val NDCG: 0.7754 | smoothed: 0.7774
Epoch 9 | Loss: 0.5689 | Val NDCG: 0.7788 | smoothed: 0.7783
Epoch 10 | Loss: 0.5674 | Val NDCG: 0.7812 | smoothed: 0.7785
Epoch 11 | Loss: 0.5657 | Val NDCG: 0.7785 | smoothed: 0.7795
Epoch 12 | Loss: 0.5663 | Val NDCG: 0.7822 | smoothed: 0.7806
Epoch 13 | Loss: 0.5644 | Val NDCG: 0.7837 | smoothed: 0.7815
Epoch 14 | Loss: 0.5642 | Val NDCG: 0.7793 | smoothed: 0.7817
Epoch 15 | Loss: 0.5649 | Val NDCG: 0.7822 | smoothed: 0.7817
Epoch 16 | Loss: 0.5634 | Val NDCG: 0.7823 | smoothed: 0.7813
Epoch 17 | Loss: 0.5619 | Val NDCG: 0.7813 | smoothed: 0.7819
Epoch 18 | Loss: 0.5619 | Val NDCG: 0.7787 | smoothed: 0.7808
Epoch 19 | Loss: 0.5619 | Val NDCG: 0.7775 | smoothed: 0.7792
Epoch 20 | Loss: 0.5611 | Val NDCG: 0.7826 | smoothed: 0.7796

Best smoothed NDCG: 0.7819 at epoch 17 of 20 run

1 combinations completed out of 1


--- Grid Search Results ---
 hidden_units  dropout_rate  num_blocks  num_heads    lr  val_ndcg  val_ndcg_raw  best_epoch  epochs_run  max_epochs
          256           0.1           1          8 0.001  0.781938      0.781332          17          20          20

Best config: {'hidden_units': 256.0, 'dropout_rate': 0.1, 'num_blocks': 1.0, 'num_heads': 8.0, 'lr': 0.001, 'val_ndcg': 0.7819379327023226, 'val_ndcg_raw': 0.7813323199694053, 'best_epoch': 17.0, 'epochs_run': 20.0, 'max_epochs': 20.0}
1 of 1 configs reached max_epochs
0 of 1 were still improving when stopped
Best params saved to ../Models/sasrec_bce_best_params.json
