task 145 | loss bce | node slurmnode-gpu05
Tesla P100-PCIE-16GB, 16384 MiB
Tesla P100-PCIE-16GB, 16384 MiB
Tesla P100-PCIE-16GB, 16384 MiB
Tesla P100-PCIE-16GB, 16384 MiB
Using device: cuda
Loading datasets...
Train sessions: 75875 | Val sessions: 16262

Running grid search over 162 combinations...

SLURM array task 145: 1 config -> ../Models/sasrec_grid_bce_task145.csv
Trying: {'hidden_units': 256, 'dropout_rate': 0.5, 'num_blocks': 1, 'num_heads': 4, 'lr': 0.0001}
Epoch 1 | Loss: 0.6125 | Val NDCG: 0.7361 | smoothed: 0.7361
Epoch 2 | Loss: 0.5955 | Val NDCG: 0.7465 | smoothed: 0.7413
Epoch 3 | Loss: 0.5920 | Val NDCG: 0.7542 | smoothed: 0.7456
Epoch 4 | Loss: 0.5872 | Val NDCG: 0.7577 | smoothed: 0.7528
Epoch 5 | Loss: 0.5849 | Val NDCG: 0.7624 | smoothed: 0.7581
Epoch 6 | Loss: 0.5843 | Val NDCG: 0.7673 | smoothed: 0.7625
Epoch 7 | Loss: 0.5831 | Val NDCG: 0.7683 | smoothed: 0.7660
Epoch 8 | Loss: 0.5823 | Val NDCG: 0.7688 | smoothed: 0.7681
Epoch 9 | Loss: 0.5811 | Val NDCG: 0.7698 | smoothed: 0.7690
Epoch 10 | Loss: 0.5796 | Val NDCG: 0.7685 | smoothed: 0.7690
Epoch 11 | Loss: 0.5796 | Val NDCG: 0.7723 | smoothed: 0.7702
Epoch 12 | Loss: 0.5793 | Val NDCG: 0.7719 | smoothed: 0.7709
Epoch 13 | Loss: 0.5792 | Val NDCG: 0.7711 | smoothed: 0.7718
Epoch 14 | Loss: 0.5781 | Val NDCG: 0.7705 | smoothed: 0.7711
Epoch 15 | Loss: 0.5789 | Val NDCG: 0.7720 | smoothed: 0.7712
Epoch 16 | Loss: 0.5781 | Val NDCG: 0.7724 | smoothed: 0.7716
Epoch 17 | Loss: 0.5777 | Val NDCG: 0.7725 | smoothed: 0.7723
Epoch 18 | Loss: 0.5768 | Val NDCG: 0.7731 | smoothed: 0.7727
Epoch 19 | Loss: 0.5770 | Val NDCG: 0.7748 | smoothed: 0.7735
Epoch 20 | Loss: 0.5783 | Val NDCG: 0.7738 | smoothed: 0.7739
Epoch 21 | Loss: 0.5777 | Val NDCG: 0.7736 | smoothed: 0.7741
Epoch 22 | Loss: 0.5772 | Val NDCG: 0.7738 | smoothed: 0.7738
Epoch 23 | Loss: 0.5763 | Val NDCG: 0.7729 | smoothed: 0.7735
Epoch 24 | Loss: 0.5770 | Val NDCG: 0.7730 | smoothed: 0.7732
Epoch 25 | Loss: 0.5763 | Val NDCG: 0.7754 | smoothed: 0.7738
Epoch 26 | Loss: 0.5751 | Val NDCG: 0.7747 | smoothed: 0.7744
Epoch 27 | Loss: 0.5754 | Val NDCG: 0.7753 | smoothed: 0.7751
Epoch 28 | Loss: 0.5752 | Val NDCG: 0.7765 | smoothed: 0.7755
Epoch 29 | Loss: 0.5757 | Val NDCG: 0.7754 | smoothed: 0.7757
Epoch 30 | Loss: 0.5762 | Val NDCG: 0.7766 | smoothed: 0.7762
Epoch 31 | Loss: 0.5753 | Val NDCG: 0.7781 | smoothed: 0.7767
Epoch 32 | Loss: 0.5755 | Val NDCG: 0.7797 | smoothed: 0.7781
Epoch 33 | Loss: 0.5752 | Val NDCG: 0.7765 | smoothed: 0.7781
Epoch 34 | Loss: 0.5747 | Val NDCG: 0.7805 | smoothed: 0.7789
Epoch 35 | Loss: 0.5739 | Val NDCG: 0.7801 | smoothed: 0.7790
Epoch 36 | Loss: 0.5751 | Val NDCG: 0.7775 | smoothed: 0.7793
Epoch 37 | Loss: 0.5744 | Val NDCG: 0.7787 | smoothed: 0.7788
Epoch 38 | Loss: 0.5753 | Val NDCG: 0.7785 | smoothed: 0.7782
Epoch 39 | Loss: 0.5746 | Val NDCG: 0.7780 | smoothed: 0.7784
Epoch 40 | Loss: 0.5751 | Val NDCG: 0.7802 | smoothed: 0.7789

Best smoothed NDCG: 0.7793 at epoch 36 of 40 run

1 combinations completed out of 1


--- Grid Search Results ---
 hidden_units  dropout_rate  num_blocks  num_heads     lr  val_ndcg  val_ndcg_raw  best_epoch  epochs_run  max_epochs
          256           0.5           1          4 0.0001  0.779349      0.777461          36          40          40

Best config: {'hidden_units': 256.0, 'dropout_rate': 0.5, 'num_blocks': 1.0, 'num_heads': 4.0, 'lr': 0.0001, 'val_ndcg': 0.7793493942061263, 'val_ndcg_raw': 0.7774614633129459, 'best_epoch': 36.0, 'epochs_run': 40.0, 'max_epochs': 40.0}
1 of 1 configs reached max_epochs
0 of 1 were still improving when stopped
Best params saved to ../Models/sasrec_bce_best_params.json
