task 362 | loss drrl | node slurmnode-gpu03
Tesla P100-PCIE-16GB, 16384 MiB
Tesla P100-PCIE-16GB, 16384 MiB
Tesla P100-PCIE-16GB, 16384 MiB
Tesla P100-PCIE-16GB, 16384 MiB
Using device: cuda
Loading datasets...
Train sessions: 75875 | Val sessions: 16262

Running grid search over 486 combinations...

SLURM array task 362: 1 config -> ../Models/sasrec_grid_drrl_task362.csv
Trying: {'hidden_units': 256, 'dropout_rate': 0.1, 'num_blocks': 3, 'num_heads': 4, 'lr': 0.001, 'gamma': 4}
Epoch 1 | Loss: -0.1694 | Val NDCG: 0.7200 | smoothed: 0.7200
Epoch 2 | Loss: -0.2184 | Val NDCG: 0.7294 | smoothed: 0.7247
Epoch 3 | Loss: -0.2213 | Val NDCG: 0.7472 | smoothed: 0.7322
Epoch 4 | Loss: -0.2231 | Val NDCG: 0.7461 | smoothed: 0.7409
Epoch 5 | Loss: -0.2256 | Val NDCG: 0.7479 | smoothed: 0.7471
Epoch 6 | Loss: -0.2251 | Val NDCG: 0.7670 | smoothed: 0.7536
Epoch 7 | Loss: -0.2267 | Val NDCG: 0.7594 | smoothed: 0.7581
Epoch 8 | Loss: -0.2270 | Val NDCG: 0.7608 | smoothed: 0.7624
Epoch 9 | Loss: -0.2266 | Val NDCG: 0.7593 | smoothed: 0.7598
Epoch 10 | Loss: -0.2276 | Val NDCG: 0.7647 | smoothed: 0.7616
Epoch 11 | Loss: -0.2277 | Val NDCG: 0.7588 | smoothed: 0.7609
Epoch 12 | Loss: -0.2282 | Val NDCG: 0.7490 | smoothed: 0.7575
Epoch 13 | Loss: -0.2283 | Val NDCG: 0.7510 | smoothed: 0.7529

Best smoothed NDCG: 0.7624 at epoch 8 of 13 run

1 combinations completed out of 1


--- Grid Search Results ---
 hidden_units  dropout_rate  num_blocks  num_heads    lr  gamma  val_ndcg  val_ndcg_raw  best_epoch  epochs_run  max_epochs
          256           0.1           3          4 0.001      4  0.762376      0.760772           8          13          20

Best config: {'hidden_units': 256.0, 'dropout_rate': 0.1, 'num_blocks': 3.0, 'num_heads': 4.0, 'lr': 0.001, 'gamma': 4.0, 'val_ndcg': 0.7623758357639598, 'val_ndcg_raw': 0.760772107152507, 'best_epoch': 8.0, 'epochs_run': 13.0, 'max_epochs': 20.0}
0 of 1 configs reached max_epochs
0 of 1 were still improving when stopped
Best params saved to ../Models/sasrec_drrl_best_params.json
