task 138 | loss bce | node slurmnode-gpu07
NVIDIA A40, 46068 MiB
NVIDIA A40, 46068 MiB
NVIDIA A40, 46068 MiB
NVIDIA A40, 46068 MiB
Using device: cuda
Loading datasets...
Train sessions: 75875 | Val sessions: 16262

Running grid search over 162 combinations...

SLURM array task 138: 1 config -> ../Models/sasrec_grid_bce_task138.csv
Trying: {'hidden_units': 256, 'dropout_rate': 0.3, 'num_blocks': 3, 'num_heads': 4, 'lr': 0.001}
Epoch 1 | Loss: 0.5921 | Val NDCG: 0.7621 | smoothed: 0.7621
Epoch 2 | Loss: 0.5818 | Val NDCG: 0.7646 | smoothed: 0.7633
Epoch 3 | Loss: 0.5773 | Val NDCG: 0.7690 | smoothed: 0.7652
Epoch 4 | Loss: 0.5756 | Val NDCG: 0.7691 | smoothed: 0.7675
Epoch 5 | Loss: 0.5735 | Val NDCG: 0.7701 | smoothed: 0.7694
Epoch 6 | Loss: 0.5729 | Val NDCG: 0.7707 | smoothed: 0.7700
Epoch 7 | Loss: 0.5718 | Val NDCG: 0.7745 | smoothed: 0.7718
Epoch 8 | Loss: 0.5709 | Val NDCG: 0.7715 | smoothed: 0.7723
Epoch 9 | Loss: 0.5695 | Val NDCG: 0.7740 | smoothed: 0.7733
Epoch 10 | Loss: 0.5691 | Val NDCG: 0.7746 | smoothed: 0.7734
Epoch 11 | Loss: 0.5677 | Val NDCG: 0.7790 | smoothed: 0.7758
Epoch 12 | Loss: 0.5674 | Val NDCG: 0.7765 | smoothed: 0.7767
Epoch 13 | Loss: 0.5669 | Val NDCG: 0.7758 | smoothed: 0.7771
Epoch 14 | Loss: 0.5678 | Val NDCG: 0.7764 | smoothed: 0.7762
Epoch 15 | Loss: 0.5669 | Val NDCG: 0.7798 | smoothed: 0.7773
Epoch 16 | Loss: 0.5656 | Val NDCG: 0.7817 | smoothed: 0.7793
Epoch 17 | Loss: 0.5662 | Val NDCG: 0.7761 | smoothed: 0.7792
Epoch 18 | Loss: 0.5646 | Val NDCG: 0.7777 | smoothed: 0.7785
Epoch 19 | Loss: 0.5647 | Val NDCG: 0.7811 | smoothed: 0.7783
Epoch 20 | Loss: 0.5651 | Val NDCG: 0.7803 | smoothed: 0.7797

Best smoothed NDCG: 0.7797 at epoch 20 of 20 run

1 combinations completed out of 1


--- Grid Search Results ---
 hidden_units  dropout_rate  num_blocks  num_heads    lr  val_ndcg  val_ndcg_raw  best_epoch  epochs_run  max_epochs
          256           0.3           3          4 0.001  0.779691      0.780303          20          20          20

Best config: {'hidden_units': 256.0, 'dropout_rate': 0.3, 'num_blocks': 3.0, 'num_heads': 4.0, 'lr': 0.001, 'val_ndcg': 0.7796913666118215, 'val_ndcg_raw': 0.7803030193886857, 'best_epoch': 20.0, 'epochs_run': 20.0, 'max_epochs': 20.0}
1 of 1 configs reached max_epochs
1 of 1 were still improving when stopped
Best params saved to ../Models/sasrec_bce_best_params.json
