task 141 | loss bce | node slurmnode-gpu05
Tesla P100-PCIE-16GB, 16384 MiB
Tesla P100-PCIE-16GB, 16384 MiB
Tesla P100-PCIE-16GB, 16384 MiB
Tesla P100-PCIE-16GB, 16384 MiB
Using device: cuda
Loading datasets...
Train sessions: 75875 | Val sessions: 16262

Running grid search over 162 combinations...

SLURM array task 141: 1 config -> ../Models/sasrec_grid_bce_task141.csv
Trying: {'hidden_units': 256, 'dropout_rate': 0.3, 'num_blocks': 3, 'num_heads': 8, 'lr': 0.0001}
Epoch 1 | Loss: 0.5937 | Val NDCG: 0.7623 | smoothed: 0.7623
Epoch 2 | Loss: 0.5820 | Val NDCG: 0.7634 | smoothed: 0.7629
Epoch 3 | Loss: 0.5774 | Val NDCG: 0.7648 | smoothed: 0.7635
Epoch 4 | Loss: 0.5759 | Val NDCG: 0.7684 | smoothed: 0.7656
Epoch 5 | Loss: 0.5744 | Val NDCG: 0.7609 | smoothed: 0.7647
Epoch 6 | Loss: 0.5728 | Val NDCG: 0.7696 | smoothed: 0.7663
Epoch 7 | Loss: 0.5717 | Val NDCG: 0.7737 | smoothed: 0.7681
Epoch 8 | Loss: 0.5709 | Val NDCG: 0.7712 | smoothed: 0.7715
Epoch 9 | Loss: 0.5713 | Val NDCG: 0.7734 | smoothed: 0.7728
Epoch 10 | Loss: 0.5707 | Val NDCG: 0.7760 | smoothed: 0.7735
Epoch 11 | Loss: 0.5697 | Val NDCG: 0.7742 | smoothed: 0.7745
Epoch 12 | Loss: 0.5680 | Val NDCG: 0.7713 | smoothed: 0.7738
Epoch 13 | Loss: 0.5681 | Val NDCG: 0.7745 | smoothed: 0.7733
Epoch 14 | Loss: 0.5678 | Val NDCG: 0.7751 | smoothed: 0.7737
Epoch 15 | Loss: 0.5671 | Val NDCG: 0.7767 | smoothed: 0.7755
Epoch 16 | Loss: 0.5668 | Val NDCG: 0.7753 | smoothed: 0.7757
Epoch 17 | Loss: 0.5663 | Val NDCG: 0.7741 | smoothed: 0.7754
Epoch 18 | Loss: 0.5663 | Val NDCG: 0.7763 | smoothed: 0.7752
Epoch 19 | Loss: 0.5648 | Val NDCG: 0.7742 | smoothed: 0.7749
Epoch 20 | Loss: 0.5657 | Val NDCG: 0.7769 | smoothed: 0.7758
Epoch 21 | Loss: 0.5667 | Val NDCG: 0.7783 | smoothed: 0.7765
Epoch 22 | Loss: 0.5656 | Val NDCG: 0.7747 | smoothed: 0.7766
Epoch 23 | Loss: 0.5660 | Val NDCG: 0.7779 | smoothed: 0.7769
Epoch 24 | Loss: 0.5649 | Val NDCG: 0.7769 | smoothed: 0.7765
Epoch 25 | Loss: 0.5651 | Val NDCG: 0.7773 | smoothed: 0.7774
Epoch 26 | Loss: 0.5647 | Val NDCG: 0.7798 | smoothed: 0.7780
Epoch 27 | Loss: 0.5639 | Val NDCG: 0.7769 | smoothed: 0.7780
Epoch 28 | Loss: 0.5643 | Val NDCG: 0.7784 | smoothed: 0.7784
Epoch 29 | Loss: 0.5636 | Val NDCG: 0.7773 | smoothed: 0.7775
Epoch 30 | Loss: 0.5635 | Val NDCG: 0.7814 | smoothed: 0.7790
Epoch 31 | Loss: 0.5634 | Val NDCG: 0.7779 | smoothed: 0.7789
Epoch 32 | Loss: 0.5637 | Val NDCG: 0.7782 | smoothed: 0.7792
Epoch 33 | Loss: 0.5629 | Val NDCG: 0.7807 | smoothed: 0.7789
Epoch 34 | Loss: 0.5633 | Val NDCG: 0.7808 | smoothed: 0.7799
Epoch 35 | Loss: 0.5634 | Val NDCG: 0.7819 | smoothed: 0.7811
Epoch 36 | Loss: 0.5619 | Val NDCG: 0.7799 | smoothed: 0.7809
Epoch 37 | Loss: 0.5621 | Val NDCG: 0.7807 | smoothed: 0.7808
Epoch 38 | Loss: 0.5623 | Val NDCG: 0.7810 | smoothed: 0.7805
Epoch 39 | Loss: 0.5621 | Val NDCG: 0.7796 | smoothed: 0.7804
Epoch 40 | Loss: 0.5620 | Val NDCG: 0.7788 | smoothed: 0.7798

Best smoothed NDCG: 0.7811 at epoch 35 of 40 run

1 combinations completed out of 1


--- Grid Search Results ---
 hidden_units  dropout_rate  num_blocks  num_heads     lr  val_ndcg  val_ndcg_raw  best_epoch  epochs_run  max_epochs
          256           0.3           3          8 0.0001  0.781146      0.781919          35          40          40

Best config: {'hidden_units': 256.0, 'dropout_rate': 0.3, 'num_blocks': 3.0, 'num_heads': 8.0, 'lr': 0.0001, 'val_ndcg': 0.7811464832067404, 'val_ndcg_raw': 0.7819191444570776, 'best_epoch': 35.0, 'epochs_run': 40.0, 'max_epochs': 40.0}
1 of 1 configs reached max_epochs
0 of 1 were still improving when stopped
Best params saved to ../Models/sasrec_bce_best_params.json
