task 12 | loss bce | node slurmnode-gpu02
NVIDIA GeForce GTX 1080 Ti, 11264 MiB
NVIDIA GeForce GTX 1080 Ti, 11264 MiB
NVIDIA GeForce GTX 1080 Ti, 11264 MiB
NVIDIA GeForce GTX 1080 Ti, 11264 MiB
NVIDIA GeForce GTX 1080 Ti, 11264 MiB
NVIDIA GeForce GTX 1080 Ti, 11264 MiB
NVIDIA GeForce GTX 1080 Ti, 11264 MiB
NVIDIA GeForce GTX 1080 Ti, 11264 MiB
Using device: cuda
Loading datasets...
Train sessions: 75875 | Val sessions: 16262

Running grid search over 162 combinations...

SLURM array task 12: 1 config -> ../Models/sasrec_grid_bce_task12.csv
Trying: {'hidden_units': 64, 'dropout_rate': 0.1, 'num_blocks': 3, 'num_heads': 4, 'lr': 0.001}
Epoch 1 | Loss: 0.5834 | Val NDCG: 0.7655 | smoothed: 0.7655
Epoch 2 | Loss: 0.5733 | Val NDCG: 0.7650 | smoothed: 0.7653
Epoch 3 | Loss: 0.5711 | Val NDCG: 0.7711 | smoothed: 0.7672
Epoch 4 | Loss: 0.5694 | Val NDCG: 0.7719 | smoothed: 0.7693
Epoch 5 | Loss: 0.5685 | Val NDCG: 0.7721 | smoothed: 0.7717
Epoch 6 | Loss: 0.5678 | Val NDCG: 0.7731 | smoothed: 0.7723
Epoch 7 | Loss: 0.5662 | Val NDCG: 0.7725 | smoothed: 0.7725
Epoch 8 | Loss: 0.5655 | Val NDCG: 0.7731 | smoothed: 0.7729
Epoch 9 | Loss: 0.5654 | Val NDCG: 0.7688 | smoothed: 0.7715
Epoch 10 | Loss: 0.5641 | Val NDCG: 0.7778 | smoothed: 0.7732
Epoch 11 | Loss: 0.5636 | Val NDCG: 0.7795 | smoothed: 0.7754
Epoch 12 | Loss: 0.5622 | Val NDCG: 0.7767 | smoothed: 0.7780
Epoch 13 | Loss: 0.5637 | Val NDCG: 0.7793 | smoothed: 0.7785
Epoch 14 | Loss: 0.5636 | Val NDCG: 0.7810 | smoothed: 0.7790
Epoch 15 | Loss: 0.5617 | Val NDCG: 0.7791 | smoothed: 0.7798
Epoch 16 | Loss: 0.5621 | Val NDCG: 0.7772 | smoothed: 0.7791
Epoch 17 | Loss: 0.5615 | Val NDCG: 0.7847 | smoothed: 0.7804
Epoch 18 | Loss: 0.5605 | Val NDCG: 0.7806 | smoothed: 0.7808
Epoch 19 | Loss: 0.5604 | Val NDCG: 0.7802 | smoothed: 0.7818
Epoch 20 | Loss: 0.5605 | Val NDCG: 0.7797 | smoothed: 0.7802

Best smoothed NDCG: 0.7818 at epoch 19 of 20 run

1 combinations completed out of 1


--- Grid Search Results ---
 hidden_units  dropout_rate  num_blocks  num_heads    lr  val_ndcg  val_ndcg_raw  best_epoch  epochs_run  max_epochs
           64           0.1           3          4 0.001  0.781835      0.780213          19          20          20

Best config: {'hidden_units': 64.0, 'dropout_rate': 0.1, 'num_blocks': 3.0, 'num_heads': 4.0, 'lr': 0.001, 'val_ndcg': 0.7818351839968288, 'val_ndcg_raw': 0.7802130512329379, 'best_epoch': 19.0, 'epochs_run': 20.0, 'max_epochs': 20.0}
1 of 1 configs reached max_epochs
1 of 1 were still improving when stopped
Best params saved to ../Models/sasrec_bce_best_params.json
