task 114 | loss bce | node slurmnode-gpu05
Tesla P100-PCIE-16GB, 16384 MiB
Tesla P100-PCIE-16GB, 16384 MiB
Tesla P100-PCIE-16GB, 16384 MiB
Tesla P100-PCIE-16GB, 16384 MiB
Using device: cuda
Loading datasets...
Train sessions: 75875 | Val sessions: 16262

Running grid search over 162 combinations...

SLURM array task 114: 1 config -> ../Models/sasrec_grid_bce_task114.csv
Trying: {'hidden_units': 256, 'dropout_rate': 0.1, 'num_blocks': 2, 'num_heads': 4, 'lr': 0.001}
Epoch 1 | Loss: 0.5866 | Val NDCG: 0.7664 | smoothed: 0.7664
Epoch 2 | Loss: 0.5774 | Val NDCG: 0.7701 | smoothed: 0.7682
Epoch 3 | Loss: 0.5756 | Val NDCG: 0.7636 | smoothed: 0.7667
Epoch 4 | Loss: 0.5727 | Val NDCG: 0.7630 | smoothed: 0.7655
Epoch 5 | Loss: 0.5709 | Val NDCG: 0.7754 | smoothed: 0.7673
Epoch 6 | Loss: 0.5690 | Val NDCG: 0.7741 | smoothed: 0.7708
Epoch 7 | Loss: 0.5680 | Val NDCG: 0.7760 | smoothed: 0.7752
Epoch 8 | Loss: 0.5679 | Val NDCG: 0.7764 | smoothed: 0.7755
Epoch 9 | Loss: 0.5667 | Val NDCG: 0.7780 | smoothed: 0.7768
Epoch 10 | Loss: 0.5667 | Val NDCG: 0.7792 | smoothed: 0.7779
Epoch 11 | Loss: 0.5651 | Val NDCG: 0.7809 | smoothed: 0.7794
Epoch 12 | Loss: 0.5641 | Val NDCG: 0.7763 | smoothed: 0.7788
Epoch 13 | Loss: 0.5636 | Val NDCG: 0.7776 | smoothed: 0.7783
Epoch 14 | Loss: 0.5630 | Val NDCG: 0.7756 | smoothed: 0.7765
Epoch 15 | Loss: 0.5631 | Val NDCG: 0.7826 | smoothed: 0.7786
Epoch 16 | Loss: 0.5635 | Val NDCG: 0.7743 | smoothed: 0.7775

Best smoothed NDCG: 0.7794 at epoch 11 of 16 run

1 combinations completed out of 1


--- Grid Search Results ---
 hidden_units  dropout_rate  num_blocks  num_heads    lr  val_ndcg  val_ndcg_raw  best_epoch  epochs_run  max_epochs
          256           0.1           2          4 0.001  0.779392      0.780933          11          16          20

Best config: {'hidden_units': 256.0, 'dropout_rate': 0.1, 'num_blocks': 2.0, 'num_heads': 4.0, 'lr': 0.001, 'val_ndcg': 0.7793920252985133, 'val_ndcg_raw': 0.7809327935380331, 'best_epoch': 11.0, 'epochs_run': 16.0, 'max_epochs': 20.0}
0 of 1 configs reached max_epochs
0 of 1 were still improving when stopped
Best params saved to ../Models/sasrec_bce_best_params.json
