task 93 | loss pwts | node slurmnode-gpu03
Tesla P100-PCIE-16GB, 16384 MiB
Tesla P100-PCIE-16GB, 16384 MiB
Tesla P100-PCIE-16GB, 16384 MiB
Tesla P100-PCIE-16GB, 16384 MiB
Using device: cuda
Loading datasets...
Train sessions: 75875 | Val sessions: 16262

Running grid search over 162 combinations...

SLURM array task 93: 1 config -> ../Models/sasrec_grid_pwts_task93.csv
Trying: {'hidden_units': 128, 'dropout_rate': 0.5, 'num_blocks': 1, 'num_heads': 8, 'lr': 0.0001}
Epoch 1 | Loss: 0.6559 | Val NDCG: 0.7196 | smoothed: 0.7196
Epoch 2 | Loss: 0.6357 | Val NDCG: 0.7314 | smoothed: 0.7255
Epoch 3 | Loss: 0.6286 | Val NDCG: 0.7413 | smoothed: 0.7308
Epoch 4 | Loss: 0.6252 | Val NDCG: 0.7456 | smoothed: 0.7394
Epoch 5 | Loss: 0.6221 | Val NDCG: 0.7513 | smoothed: 0.7461
Epoch 6 | Loss: 0.6197 | Val NDCG: 0.7522 | smoothed: 0.7497
Epoch 7 | Loss: 0.6179 | Val NDCG: 0.7564 | smoothed: 0.7533
Epoch 8 | Loss: 0.6166 | Val NDCG: 0.7594 | smoothed: 0.7560
Epoch 9 | Loss: 0.6143 | Val NDCG: 0.7610 | smoothed: 0.7589
Epoch 10 | Loss: 0.6150 | Val NDCG: 0.7620 | smoothed: 0.7608
Epoch 11 | Loss: 0.6136 | Val NDCG: 0.7616 | smoothed: 0.7616
Epoch 12 | Loss: 0.6124 | Val NDCG: 0.7635 | smoothed: 0.7624
Epoch 13 | Loss: 0.6108 | Val NDCG: 0.7638 | smoothed: 0.7630
Epoch 14 | Loss: 0.6115 | Val NDCG: 0.7650 | smoothed: 0.7641
Epoch 15 | Loss: 0.6112 | Val NDCG: 0.7645 | smoothed: 0.7645
Epoch 16 | Loss: 0.6100 | Val NDCG: 0.7663 | smoothed: 0.7653
Epoch 17 | Loss: 0.6092 | Val NDCG: 0.7654 | smoothed: 0.7654
Epoch 18 | Loss: 0.6099 | Val NDCG: 0.7669 | smoothed: 0.7662
Epoch 19 | Loss: 0.6094 | Val NDCG: 0.7673 | smoothed: 0.7665
Epoch 20 | Loss: 0.6089 | Val NDCG: 0.7682 | smoothed: 0.7675
Epoch 21 | Loss: 0.6088 | Val NDCG: 0.7686 | smoothed: 0.7680
Epoch 22 | Loss: 0.6082 | Val NDCG: 0.7692 | smoothed: 0.7687
Epoch 23 | Loss: 0.6081 | Val NDCG: 0.7690 | smoothed: 0.7689
Epoch 24 | Loss: 0.6072 | Val NDCG: 0.7699 | smoothed: 0.7693
Epoch 25 | Loss: 0.6083 | Val NDCG: 0.7693 | smoothed: 0.7694
Epoch 26 | Loss: 0.6066 | Val NDCG: 0.7708 | smoothed: 0.7700
Epoch 27 | Loss: 0.6071 | Val NDCG: 0.7714 | smoothed: 0.7705
Epoch 28 | Loss: 0.6074 | Val NDCG: 0.7713 | smoothed: 0.7711
Epoch 29 | Loss: 0.6055 | Val NDCG: 0.7707 | smoothed: 0.7711
Epoch 30 | Loss: 0.6061 | Val NDCG: 0.7723 | smoothed: 0.7714
Epoch 31 | Loss: 0.6066 | Val NDCG: 0.7714 | smoothed: 0.7714
Epoch 32 | Loss: 0.6059 | Val NDCG: 0.7717 | smoothed: 0.7718
Epoch 33 | Loss: 0.6056 | Val NDCG: 0.7715 | smoothed: 0.7715
Epoch 34 | Loss: 0.6054 | Val NDCG: 0.7722 | smoothed: 0.7718
Epoch 35 | Loss: 0.6039 | Val NDCG: 0.7713 | smoothed: 0.7716
Epoch 36 | Loss: 0.6057 | Val NDCG: 0.7711 | smoothed: 0.7715
Epoch 37 | Loss: 0.6063 | Val NDCG: 0.7719 | smoothed: 0.7714

Best smoothed NDCG: 0.7718 at epoch 32 of 37 run

1 combinations completed out of 1


--- Grid Search Results ---
 hidden_units  dropout_rate  num_blocks  num_heads     lr  val_ndcg  val_ndcg_raw  best_epoch  epochs_run  max_epochs
          128           0.5           1          8 0.0001  0.771789      0.771691          32          37          40

Best config: {'hidden_units': 128.0, 'dropout_rate': 0.5, 'num_blocks': 1.0, 'num_heads': 8.0, 'lr': 0.0001, 'val_ndcg': 0.7717889321414502, 'val_ndcg_raw': 0.7716907116012648, 'best_epoch': 32.0, 'epochs_run': 37.0, 'max_epochs': 40.0}
0 of 1 configs reached max_epochs
0 of 1 were still improving when stopped
Best params saved to ../Models/sasrec_pwts_best_params.json
