task 146 | loss drrl | node slurmnode-gpu03
Tesla P100-PCIE-16GB, 16384 MiB
Tesla P100-PCIE-16GB, 16384 MiB
Tesla P100-PCIE-16GB, 16384 MiB
Tesla P100-PCIE-16GB, 16384 MiB
Using device: cuda
Loading datasets...
Train sessions: 75875 | Val sessions: 16262

Running grid search over 486 combinations...

SLURM array task 146: 1 config -> ../Models/sasrec_grid_drrl_task146.csv
Trying: {'hidden_units': 64, 'dropout_rate': 0.5, 'num_blocks': 3, 'num_heads': 4, 'lr': 0.001, 'gamma': 4}
Epoch 1 | Loss: -0.1872 | Val NDCG: 0.7040 | smoothed: 0.7040
Epoch 2 | Loss: -0.2261 | Val NDCG: 0.6930 | smoothed: 0.6985
Epoch 3 | Loss: -0.2280 | Val NDCG: 0.7040 | smoothed: 0.7003
Epoch 4 | Loss: -0.2291 | Val NDCG: 0.7198 | smoothed: 0.7056
Epoch 5 | Loss: -0.2296 | Val NDCG: 0.7079 | smoothed: 0.7105
Epoch 6 | Loss: -0.2298 | Val NDCG: 0.7402 | smoothed: 0.7226
Epoch 7 | Loss: -0.2298 | Val NDCG: 0.7380 | smoothed: 0.7287
Epoch 8 | Loss: -0.2302 | Val NDCG: 0.7523 | smoothed: 0.7435
Epoch 9 | Loss: -0.2304 | Val NDCG: 0.7484 | smoothed: 0.7462
Epoch 10 | Loss: -0.2305 | Val NDCG: 0.7334 | smoothed: 0.7447
Epoch 11 | Loss: -0.2305 | Val NDCG: 0.7527 | smoothed: 0.7448
Epoch 12 | Loss: -0.2306 | Val NDCG: 0.7649 | smoothed: 0.7503
Epoch 13 | Loss: -0.2307 | Val NDCG: 0.7663 | smoothed: 0.7613
Epoch 14 | Loss: -0.2307 | Val NDCG: 0.7619 | smoothed: 0.7644
Epoch 15 | Loss: -0.2307 | Val NDCG: 0.7689 | smoothed: 0.7657
Epoch 16 | Loss: -0.2309 | Val NDCG: 0.7648 | smoothed: 0.7652
Epoch 17 | Loss: -0.2308 | Val NDCG: 0.7697 | smoothed: 0.7678
Epoch 18 | Loss: -0.2307 | Val NDCG: 0.7665 | smoothed: 0.7670
Epoch 19 | Loss: -0.2311 | Val NDCG: 0.7706 | smoothed: 0.7690
Epoch 20 | Loss: -0.2310 | Val NDCG: 0.7704 | smoothed: 0.7692

Best smoothed NDCG: 0.7692 at epoch 20 of 20 run

1 combinations completed out of 1


--- Grid Search Results ---
 hidden_units  dropout_rate  num_blocks  num_heads    lr  gamma  val_ndcg  val_ndcg_raw  best_epoch  epochs_run  max_epochs
           64           0.5           3          4 0.001      4  0.769186      0.770417          20          20          20

Best config: {'hidden_units': 64.0, 'dropout_rate': 0.5, 'num_blocks': 3.0, 'num_heads': 4.0, 'lr': 0.001, 'gamma': 4.0, 'val_ndcg': 0.7691862111573572, 'val_ndcg_raw': 0.7704166757118172, 'best_epoch': 20.0, 'epochs_run': 20.0, 'max_epochs': 20.0}
1 of 1 configs reached max_epochs
1 of 1 were still improving when stopped
Best params saved to ../Models/sasrec_drrl_best_params.json
