task 185 | loss drrl | node slurmnode-gpu07
NVIDIA A40, 46068 MiB
NVIDIA A40, 46068 MiB
NVIDIA A40, 46068 MiB
NVIDIA A40, 46068 MiB
Using device: cuda
Loading datasets...
Train sessions: 75875 | Val sessions: 16262

Running grid search over 486 combinations...

SLURM array task 185: 1 config -> ../Models/sasrec_grid_drrl_task185.csv
Trying: {'hidden_units': 128, 'dropout_rate': 0.1, 'num_blocks': 2, 'num_heads': 4, 'lr': 0.0001, 'gamma': 4}
Epoch 1 | Loss: -0.0917 | Val NDCG: 0.7340 | smoothed: 0.7340
Epoch 2 | Loss: -0.2113 | Val NDCG: 0.7361 | smoothed: 0.7351
Epoch 3 | Loss: -0.2224 | Val NDCG: 0.7417 | smoothed: 0.7373
Epoch 4 | Loss: -0.2260 | Val NDCG: 0.7407 | smoothed: 0.7395
Epoch 5 | Loss: -0.2278 | Val NDCG: 0.7450 | smoothed: 0.7425
Epoch 6 | Loss: -0.2290 | Val NDCG: 0.7415 | smoothed: 0.7424
Epoch 7 | Loss: -0.2294 | Val NDCG: 0.7479 | smoothed: 0.7448
Epoch 8 | Loss: -0.2298 | Val NDCG: 0.7471 | smoothed: 0.7455
Epoch 9 | Loss: -0.2298 | Val NDCG: 0.7594 | smoothed: 0.7515
Epoch 10 | Loss: -0.2304 | Val NDCG: 0.7433 | smoothed: 0.7499
Epoch 11 | Loss: -0.2303 | Val NDCG: 0.7609 | smoothed: 0.7546
Epoch 12 | Loss: -0.2300 | Val NDCG: 0.7673 | smoothed: 0.7572
Epoch 13 | Loss: -0.2304 | Val NDCG: 0.7318 | smoothed: 0.7533
Epoch 14 | Loss: -0.2306 | Val NDCG: 0.7467 | smoothed: 0.7486
Epoch 15 | Loss: -0.2308 | Val NDCG: 0.7567 | smoothed: 0.7451
Epoch 16 | Loss: -0.2309 | Val NDCG: 0.7564 | smoothed: 0.7533
Epoch 17 | Loss: -0.2310 | Val NDCG: 0.7559 | smoothed: 0.7563

Best smoothed NDCG: 0.7572 at epoch 12 of 17 run

1 combinations completed out of 1


--- Grid Search Results ---
 hidden_units  dropout_rate  num_blocks  num_heads     lr  gamma  val_ndcg  val_ndcg_raw  best_epoch  epochs_run  max_epochs
          128           0.1           2          4 0.0001      4  0.757183      0.767283          12          17          40

Best config: {'hidden_units': 128.0, 'dropout_rate': 0.1, 'num_blocks': 2.0, 'num_heads': 4.0, 'lr': 0.0001, 'gamma': 4.0, 'val_ndcg': 0.7571827148321278, 'val_ndcg_raw': 0.7672829815296532, 'best_epoch': 12.0, 'epochs_run': 17.0, 'max_epochs': 40.0}
0 of 1 configs reached max_epochs
0 of 1 were still improving when stopped
Best params saved to ../Models/sasrec_drrl_best_params.json
