task 35 | loss bce | node slurmnode-gpu05
Tesla P100-PCIE-16GB, 16384 MiB
Tesla P100-PCIE-16GB, 16384 MiB
Tesla P100-PCIE-16GB, 16384 MiB
Tesla P100-PCIE-16GB, 16384 MiB
Using device: cuda
Loading datasets...
Train sessions: 75875 | Val sessions: 16262

Running grid search over 162 combinations...

SLURM array task 35: 1 config -> ../Models/sasrec_grid_bce_task35.csv
Trying: {'hidden_units': 64, 'dropout_rate': 0.3, 'num_blocks': 3, 'num_heads': 16, 'lr': 0.0001}
Epoch 1 | Loss: 0.6086 | Val NDCG: 0.7329 | smoothed: 0.7329
Epoch 2 | Loss: 0.5926 | Val NDCG: 0.7432 | smoothed: 0.7380
Epoch 3 | Loss: 0.5879 | Val NDCG: 0.7529 | smoothed: 0.7430
Epoch 4 | Loss: 0.5826 | Val NDCG: 0.7562 | smoothed: 0.7507
Epoch 5 | Loss: 0.5795 | Val NDCG: 0.7565 | smoothed: 0.7552
Epoch 6 | Loss: 0.5782 | Val NDCG: 0.7591 | smoothed: 0.7573
Epoch 7 | Loss: 0.5781 | Val NDCG: 0.7566 | smoothed: 0.7574
Epoch 8 | Loss: 0.5774 | Val NDCG: 0.7577 | smoothed: 0.7578
Epoch 9 | Loss: 0.5770 | Val NDCG: 0.7587 | smoothed: 0.7577
Epoch 10 | Loss: 0.5770 | Val NDCG: 0.7585 | smoothed: 0.7583
Epoch 11 | Loss: 0.5749 | Val NDCG: 0.7606 | smoothed: 0.7593
Epoch 12 | Loss: 0.5740 | Val NDCG: 0.7615 | smoothed: 0.7602
Epoch 13 | Loss: 0.5731 | Val NDCG: 0.7632 | smoothed: 0.7618
Epoch 14 | Loss: 0.5735 | Val NDCG: 0.7622 | smoothed: 0.7623
Epoch 15 | Loss: 0.5745 | Val NDCG: 0.7637 | smoothed: 0.7630
Epoch 16 | Loss: 0.5728 | Val NDCG: 0.7622 | smoothed: 0.7627
Epoch 17 | Loss: 0.5721 | Val NDCG: 0.7616 | smoothed: 0.7625
Epoch 18 | Loss: 0.5710 | Val NDCG: 0.7656 | smoothed: 0.7631
Epoch 19 | Loss: 0.5722 | Val NDCG: 0.7667 | smoothed: 0.7646
Epoch 20 | Loss: 0.5723 | Val NDCG: 0.7656 | smoothed: 0.7660
Epoch 21 | Loss: 0.5710 | Val NDCG: 0.7665 | smoothed: 0.7663
Epoch 22 | Loss: 0.5704 | Val NDCG: 0.7646 | smoothed: 0.7656
Epoch 23 | Loss: 0.5707 | Val NDCG: 0.7659 | smoothed: 0.7657
Epoch 24 | Loss: 0.5704 | Val NDCG: 0.7670 | smoothed: 0.7658
Epoch 25 | Loss: 0.5706 | Val NDCG: 0.7642 | smoothed: 0.7657
Epoch 26 | Loss: 0.5695 | Val NDCG: 0.7661 | smoothed: 0.7658

Best smoothed NDCG: 0.7663 at epoch 21 of 26 run

1 combinations completed out of 1


--- Grid Search Results ---
 hidden_units  dropout_rate  num_blocks  num_heads     lr  val_ndcg  val_ndcg_raw  best_epoch  epochs_run  max_epochs
           64           0.3           3         16 0.0001  0.766267      0.766486          21          26          40

Best config: {'hidden_units': 64.0, 'dropout_rate': 0.3, 'num_blocks': 3.0, 'num_heads': 16.0, 'lr': 0.0001, 'val_ndcg': 0.766267188982551, 'val_ndcg_raw': 0.7664861167189446, 'best_epoch': 21.0, 'epochs_run': 26.0, 'max_epochs': 40.0}
0 of 1 configs reached max_epochs
0 of 1 were still improving when stopped
Best params saved to ../Models/sasrec_bce_best_params.json
