task 127 | loss drrl | node slurmnode-gpu07
NVIDIA A40, 46068 MiB
NVIDIA A40, 46068 MiB
NVIDIA A40, 46068 MiB
NVIDIA A40, 46068 MiB
Using device: cuda
Loading datasets...
Train sessions: 75875 | Val sessions: 16262

Running grid search over 486 combinations...

SLURM array task 127: 1 config -> ../Models/sasrec_grid_drrl_task127.csv
Trying: {'hidden_units': 64, 'dropout_rate': 0.5, 'num_blocks': 2, 'num_heads': 4, 'lr': 0.001, 'gamma': 3}
Epoch 1 | Loss: -0.1804 | Val NDCG: 0.6958 | smoothed: 0.6958
Epoch 2 | Loss: -0.2285 | Val NDCG: 0.7146 | smoothed: 0.7052
Epoch 3 | Loss: -0.2297 | Val NDCG: 0.7232 | smoothed: 0.7112
Epoch 4 | Loss: -0.2301 | Val NDCG: 0.7167 | smoothed: 0.7182
Epoch 5 | Loss: -0.2304 | Val NDCG: 0.7211 | smoothed: 0.7203
Epoch 6 | Loss: -0.2307 | Val NDCG: 0.6980 | smoothed: 0.7119
Epoch 7 | Loss: -0.2309 | Val NDCG: 0.6936 | smoothed: 0.7043
Epoch 8 | Loss: -0.2310 | Val NDCG: 0.7429 | smoothed: 0.7115
Epoch 9 | Loss: -0.2311 | Val NDCG: 0.7178 | smoothed: 0.7181
Epoch 10 | Loss: -0.2311 | Val NDCG: 0.7559 | smoothed: 0.7389
Epoch 11 | Loss: -0.2309 | Val NDCG: 0.7525 | smoothed: 0.7421
Epoch 12 | Loss: -0.2313 | Val NDCG: 0.7617 | smoothed: 0.7567
Epoch 13 | Loss: -0.2313 | Val NDCG: 0.7647 | smoothed: 0.7597
Epoch 14 | Loss: -0.2314 | Val NDCG: 0.7573 | smoothed: 0.7613
Epoch 15 | Loss: -0.2313 | Val NDCG: 0.7658 | smoothed: 0.7626
Epoch 16 | Loss: -0.2312 | Val NDCG: 0.7589 | smoothed: 0.7607
Epoch 17 | Loss: -0.2314 | Val NDCG: 0.7674 | smoothed: 0.7640
Epoch 18 | Loss: -0.2311 | Val NDCG: 0.7621 | smoothed: 0.7628
Epoch 19 | Loss: -0.2315 | Val NDCG: 0.7572 | smoothed: 0.7623
Epoch 20 | Loss: -0.2313 | Val NDCG: 0.7696 | smoothed: 0.7630

Best smoothed NDCG: 0.7640 at epoch 17 of 20 run

1 combinations completed out of 1


--- Grid Search Results ---
 hidden_units  dropout_rate  num_blocks  num_heads    lr  gamma  val_ndcg  val_ndcg_raw  best_epoch  epochs_run  max_epochs
           64           0.5           2          4 0.001      3  0.764041      0.767422          17          20          20

Best config: {'hidden_units': 64.0, 'dropout_rate': 0.5, 'num_blocks': 2.0, 'num_heads': 4.0, 'lr': 0.001, 'gamma': 3.0, 'val_ndcg': 0.7640407932264196, 'val_ndcg_raw': 0.7674224842286269, 'best_epoch': 17.0, 'epochs_run': 20.0, 'max_epochs': 20.0}
1 of 1 configs reached max_epochs
0 of 1 were still improving when stopped
Best params saved to ../Models/sasrec_drrl_best_params.json
