task 44 | loss drrl | node slurmnode-gpu03
Tesla P100-PCIE-16GB, 16384 MiB
Tesla P100-PCIE-16GB, 16384 MiB
Tesla P100-PCIE-16GB, 16384 MiB
Tesla P100-PCIE-16GB, 16384 MiB
Using device: cuda
Loading datasets...
Train sessions: 75875 | Val sessions: 16262

Running grid search over 486 combinations...

SLURM array task 44: 1 config -> ../Models/sasrec_grid_drrl_task44.csv
Trying: {'hidden_units': 64, 'dropout_rate': 0.1, 'num_blocks': 3, 'num_heads': 8, 'lr': 0.001, 'gamma': 4}
Epoch 1 | Loss: -0.1930 | Val NDCG: 0.7148 | smoothed: 0.7148
Epoch 2 | Loss: -0.2236 | Val NDCG: 0.7429 | smoothed: 0.7288
Epoch 3 | Loss: -0.2267 | Val NDCG: 0.7465 | smoothed: 0.7347
Epoch 4 | Loss: -0.2278 | Val NDCG: 0.7449 | smoothed: 0.7447
Epoch 5 | Loss: -0.2287 | Val NDCG: 0.7544 | smoothed: 0.7486
Epoch 6 | Loss: -0.2291 | Val NDCG: 0.7595 | smoothed: 0.7529
Epoch 7 | Loss: -0.2296 | Val NDCG: 0.7531 | smoothed: 0.7557
Epoch 8 | Loss: -0.2301 | Val NDCG: 0.7467 | smoothed: 0.7531
Epoch 9 | Loss: -0.2304 | Val NDCG: 0.7688 | smoothed: 0.7562
Epoch 10 | Loss: -0.2304 | Val NDCG: 0.7536 | smoothed: 0.7564
Epoch 11 | Loss: -0.2306 | Val NDCG: 0.7569 | smoothed: 0.7598
Epoch 12 | Loss: -0.2306 | Val NDCG: 0.7571 | smoothed: 0.7559
Epoch 13 | Loss: -0.2306 | Val NDCG: 0.7658 | smoothed: 0.7599
Epoch 14 | Loss: -0.2308 | Val NDCG: 0.7730 | smoothed: 0.7653
Epoch 15 | Loss: -0.2308 | Val NDCG: 0.7683 | smoothed: 0.7690
Epoch 16 | Loss: -0.2307 | Val NDCG: 0.7602 | smoothed: 0.7672
Epoch 17 | Loss: -0.2309 | Val NDCG: 0.7667 | smoothed: 0.7650
Epoch 18 | Loss: -0.2310 | Val NDCG: 0.7655 | smoothed: 0.7641
Epoch 19 | Loss: -0.2309 | Val NDCG: 0.7722 | smoothed: 0.7681
Epoch 20 | Loss: -0.2310 | Val NDCG: 0.7686 | smoothed: 0.7688

Best smoothed NDCG: 0.7690 at epoch 15 of 20 run

1 combinations completed out of 1


--- Grid Search Results ---
 hidden_units  dropout_rate  num_blocks  num_heads    lr  gamma  val_ndcg  val_ndcg_raw  best_epoch  epochs_run  max_epochs
           64           0.1           3          8 0.001      4  0.769021      0.768278          15          20          20

Best config: {'hidden_units': 64.0, 'dropout_rate': 0.1, 'num_blocks': 3.0, 'num_heads': 8.0, 'lr': 0.001, 'gamma': 4.0, 'val_ndcg': 0.7690213267184741, 'val_ndcg_raw': 0.7682775179209345, 'best_epoch': 15.0, 'epochs_run': 20.0, 'max_epochs': 20.0}
1 of 1 configs reached max_epochs
0 of 1 were still improving when stopped
Best params saved to ../Models/sasrec_drrl_best_params.json
