task 155 | loss drrl | node slurmnode-gpu07
NVIDIA A40, 46068 MiB
NVIDIA A40, 46068 MiB
NVIDIA A40, 46068 MiB
NVIDIA A40, 46068 MiB
Using device: cuda
Loading datasets...
Train sessions: 75875 | Val sessions: 16262

Running grid search over 486 combinations...

SLURM array task 155: 1 config -> ../Models/sasrec_grid_drrl_task155.csv
Trying: {'hidden_units': 64, 'dropout_rate': 0.5, 'num_blocks': 3, 'num_heads': 8, 'lr': 0.0001, 'gamma': 4}
Epoch 1 | Loss: 0.0624 | Val NDCG: 0.7162 | smoothed: 0.7162
Epoch 2 | Loss: -0.1991 | Val NDCG: 0.7002 | smoothed: 0.7082
Epoch 3 | Loss: -0.2193 | Val NDCG: 0.6889 | smoothed: 0.7017
Epoch 4 | Loss: -0.2252 | Val NDCG: 0.6863 | smoothed: 0.6918
Epoch 5 | Loss: -0.2280 | Val NDCG: 0.6867 | smoothed: 0.6873
Epoch 6 | Loss: -0.2295 | Val NDCG: 0.6857 | smoothed: 0.6862

Best smoothed NDCG: 0.7162 at epoch 1 of 6 run

1 combinations completed out of 1


--- Grid Search Results ---
 hidden_units  dropout_rate  num_blocks  num_heads     lr  gamma  val_ndcg  val_ndcg_raw  best_epoch  epochs_run  max_epochs
           64           0.5           3          8 0.0001      4   0.71616       0.71616           1           6          40

Best config: {'hidden_units': 64.0, 'dropout_rate': 0.5, 'num_blocks': 3.0, 'num_heads': 8.0, 'lr': 0.0001, 'gamma': 4.0, 'val_ndcg': 0.7161596535885817, 'val_ndcg_raw': 0.7161596535885817, 'best_epoch': 1.0, 'epochs_run': 6.0, 'max_epochs': 40.0}
0 of 1 configs reached max_epochs
0 of 1 were still improving when stopped
Best params saved to ../Models/sasrec_drrl_best_params.json
