task 55 | loss bce | node slurmnode-gpu02
NVIDIA GeForce GTX 1080 Ti, 11264 MiB
NVIDIA GeForce GTX 1080 Ti, 11264 MiB
NVIDIA GeForce GTX 1080 Ti, 11264 MiB
NVIDIA GeForce GTX 1080 Ti, 11264 MiB
NVIDIA GeForce GTX 1080 Ti, 11264 MiB
NVIDIA GeForce GTX 1080 Ti, 11264 MiB
NVIDIA GeForce GTX 1080 Ti, 11264 MiB
NVIDIA GeForce GTX 1080 Ti, 11264 MiB
Using device: cuda
Loading datasets...
Train sessions: 75875 | Val sessions: 16262

Running grid search over 162 combinations...

SLURM array task 55: 1 config -> ../Models/sasrec_grid_bce_task55.csv
Trying: {'hidden_units': 128, 'dropout_rate': 0.1, 'num_blocks': 1, 'num_heads': 4, 'lr': 0.0001}
Epoch 1 | Loss: 0.6005 | Val NDCG: 0.7463 | smoothed: 0.7463
Epoch 2 | Loss: 0.5851 | Val NDCG: 0.7558 | smoothed: 0.7510
Epoch 3 | Loss: 0.5810 | Val NDCG: 0.7608 | smoothed: 0.7543
Epoch 4 | Loss: 0.5803 | Val NDCG: 0.7595 | smoothed: 0.7587
Epoch 5 | Loss: 0.5785 | Val NDCG: 0.7673 | smoothed: 0.7625
Epoch 6 | Loss: 0.5768 | Val NDCG: 0.7685 | smoothed: 0.7651
Epoch 7 | Loss: 0.5757 | Val NDCG: 0.7702 | smoothed: 0.7687
Epoch 8 | Loss: 0.5762 | Val NDCG: 0.7707 | smoothed: 0.7698
Epoch 9 | Loss: 0.5747 | Val NDCG: 0.7676 | smoothed: 0.7695
Epoch 10 | Loss: 0.5739 | Val NDCG: 0.7688 | smoothed: 0.7690
Epoch 11 | Loss: 0.5757 | Val NDCG: 0.7696 | smoothed: 0.7686
Epoch 12 | Loss: 0.5731 | Val NDCG: 0.7738 | smoothed: 0.7707
Epoch 13 | Loss: 0.5735 | Val NDCG: 0.7749 | smoothed: 0.7728
Epoch 14 | Loss: 0.5726 | Val NDCG: 0.7746 | smoothed: 0.7745
Epoch 15 | Loss: 0.5741 | Val NDCG: 0.7742 | smoothed: 0.7746
Epoch 16 | Loss: 0.5724 | Val NDCG: 0.7728 | smoothed: 0.7739
Epoch 17 | Loss: 0.5721 | Val NDCG: 0.7718 | smoothed: 0.7730
Epoch 18 | Loss: 0.5712 | Val NDCG: 0.7755 | smoothed: 0.7734
Epoch 19 | Loss: 0.5717 | Val NDCG: 0.7735 | smoothed: 0.7736
Epoch 20 | Loss: 0.5712 | Val NDCG: 0.7744 | smoothed: 0.7744

Best smoothed NDCG: 0.7746 at epoch 15 of 20 run

1 combinations completed out of 1


--- Grid Search Results ---
 hidden_units  dropout_rate  num_blocks  num_heads     lr  val_ndcg  val_ndcg_raw  best_epoch  epochs_run  max_epochs
          128           0.1           1          4 0.0001  0.774583      0.774199          15          20          40

Best config: {'hidden_units': 128.0, 'dropout_rate': 0.1, 'num_blocks': 1.0, 'num_heads': 4.0, 'lr': 0.0001, 'val_ndcg': 0.7745828109417842, 'val_ndcg_raw': 0.7741986802269613, 'best_epoch': 15.0, 'epochs_run': 20.0, 'max_epochs': 40.0}
0 of 1 configs reached max_epochs
0 of 1 were still improving when stopped
Best params saved to ../Models/sasrec_bce_best_params.json
