task 234 | loss drrl | node slurmnode-gpu03
Tesla P100-PCIE-16GB, 16384 MiB
Tesla P100-PCIE-16GB, 16384 MiB
Tesla P100-PCIE-16GB, 16384 MiB
Tesla P100-PCIE-16GB, 16384 MiB
Using device: cuda
Loading datasets...
Train sessions: 75875 | Val sessions: 16262

Running grid search over 486 combinations...

SLURM array task 234: 1 config -> ../Models/sasrec_grid_drrl_task234.csv
Trying: {'hidden_units': 128, 'dropout_rate': 0.3, 'num_blocks': 2, 'num_heads': 4, 'lr': 0.001, 'gamma': 2}
Epoch 1 | Loss: -0.1517 | Val NDCG: 0.7213 | smoothed: 0.7213
Epoch 2 | Loss: -0.2179 | Val NDCG: 0.7285 | smoothed: 0.7249
Epoch 3 | Loss: -0.2228 | Val NDCG: 0.7214 | smoothed: 0.7237
Epoch 4 | Loss: -0.2244 | Val NDCG: 0.7353 | smoothed: 0.7284
Epoch 5 | Loss: -0.2261 | Val NDCG: 0.7081 | smoothed: 0.7216
Epoch 6 | Loss: -0.2263 | Val NDCG: 0.7517 | smoothed: 0.7317
Epoch 7 | Loss: -0.2266 | Val NDCG: 0.7335 | smoothed: 0.7311
Epoch 8 | Loss: -0.2273 | Val NDCG: 0.7245 | smoothed: 0.7366
Epoch 9 | Loss: -0.2278 | Val NDCG: 0.7630 | smoothed: 0.7403
Epoch 10 | Loss: -0.2279 | Val NDCG: 0.7610 | smoothed: 0.7495
Epoch 11 | Loss: -0.2286 | Val NDCG: 0.7499 | smoothed: 0.7580
Epoch 12 | Loss: -0.2286 | Val NDCG: 0.7543 | smoothed: 0.7551
Epoch 13 | Loss: -0.2291 | Val NDCG: 0.7499 | smoothed: 0.7514
Epoch 14 | Loss: -0.2291 | Val NDCG: 0.7652 | smoothed: 0.7565
Epoch 15 | Loss: -0.2292 | Val NDCG: 0.7642 | smoothed: 0.7598
Epoch 16 | Loss: -0.2295 | Val NDCG: 0.7669 | smoothed: 0.7654
Epoch 17 | Loss: -0.2291 | Val NDCG: 0.7598 | smoothed: 0.7636
Epoch 18 | Loss: -0.2293 | Val NDCG: 0.7710 | smoothed: 0.7659
Epoch 19 | Loss: -0.2294 | Val NDCG: 0.7643 | smoothed: 0.7650
Epoch 20 | Loss: -0.2294 | Val NDCG: 0.7536 | smoothed: 0.7630

Best smoothed NDCG: 0.7659 at epoch 18 of 20 run

1 combinations completed out of 1


--- Grid Search Results ---
 hidden_units  dropout_rate  num_blocks  num_heads    lr  gamma  val_ndcg  val_ndcg_raw  best_epoch  epochs_run  max_epochs
          128           0.3           2          4 0.001      2  0.765901      0.770962          18          20          20

Best config: {'hidden_units': 128.0, 'dropout_rate': 0.3, 'num_blocks': 2.0, 'num_heads': 4.0, 'lr': 0.001, 'gamma': 2.0, 'val_ndcg': 0.7659006149838542, 'val_ndcg_raw': 0.7709623241384663, 'best_epoch': 18.0, 'epochs_run': 20.0, 'max_epochs': 20.0}
1 of 1 configs reached max_epochs
0 of 1 were still improving when stopped
Best params saved to ../Models/sasrec_drrl_best_params.json
