task 90 | loss bce | node slurmnode-gpu05
Tesla P100-PCIE-16GB, 16384 MiB
Tesla P100-PCIE-16GB, 16384 MiB
Tesla P100-PCIE-16GB, 16384 MiB
Tesla P100-PCIE-16GB, 16384 MiB
Using device: cuda
Loading datasets...
Train sessions: 75875 | Val sessions: 16262

Running grid search over 162 combinations...

SLURM array task 90: 1 config -> ../Models/sasrec_grid_bce_task90.csv
Trying: {'hidden_units': 128, 'dropout_rate': 0.5, 'num_blocks': 1, 'num_heads': 4, 'lr': 0.001}
Epoch 1 | Loss: 0.5991 | Val NDCG: 0.7573 | smoothed: 0.7573
Epoch 2 | Loss: 0.5857 | Val NDCG: 0.7687 | smoothed: 0.7630
Epoch 3 | Loss: 0.5828 | Val NDCG: 0.7718 | smoothed: 0.7659
Epoch 4 | Loss: 0.5809 | Val NDCG: 0.7697 | smoothed: 0.7701
Epoch 5 | Loss: 0.5803 | Val NDCG: 0.7741 | smoothed: 0.7718
Epoch 6 | Loss: 0.5793 | Val NDCG: 0.7699 | smoothed: 0.7712
Epoch 7 | Loss: 0.5792 | Val NDCG: 0.7733 | smoothed: 0.7724
Epoch 8 | Loss: 0.5788 | Val NDCG: 0.7717 | smoothed: 0.7716
Epoch 9 | Loss: 0.5777 | Val NDCG: 0.7742 | smoothed: 0.7730
Epoch 10 | Loss: 0.5778 | Val NDCG: 0.7726 | smoothed: 0.7728
Epoch 11 | Loss: 0.5779 | Val NDCG: 0.7757 | smoothed: 0.7741
Epoch 12 | Loss: 0.5778 | Val NDCG: 0.7752 | smoothed: 0.7745
Epoch 13 | Loss: 0.5773 | Val NDCG: 0.7796 | smoothed: 0.7768
Epoch 14 | Loss: 0.5770 | Val NDCG: 0.7793 | smoothed: 0.7780
Epoch 15 | Loss: 0.5762 | Val NDCG: 0.7822 | smoothed: 0.7804
Epoch 16 | Loss: 0.5756 | Val NDCG: 0.7785 | smoothed: 0.7800
Epoch 17 | Loss: 0.5765 | Val NDCG: 0.7788 | smoothed: 0.7799
Epoch 18 | Loss: 0.5760 | Val NDCG: 0.7797 | smoothed: 0.7790
Epoch 19 | Loss: 0.5755 | Val NDCG: 0.7753 | smoothed: 0.7779
Epoch 20 | Loss: 0.5748 | Val NDCG: 0.7799 | smoothed: 0.7783

Best smoothed NDCG: 0.7804 at epoch 15 of 20 run

1 combinations completed out of 1


--- Grid Search Results ---
 hidden_units  dropout_rate  num_blocks  num_heads    lr  val_ndcg  val_ndcg_raw  best_epoch  epochs_run  max_epochs
          128           0.5           1          4 0.001  0.780384      0.782219          15          20          20

Best config: {'hidden_units': 128.0, 'dropout_rate': 0.5, 'num_blocks': 1.0, 'num_heads': 4.0, 'lr': 0.001, 'val_ndcg': 0.780383715543851, 'val_ndcg_raw': 0.7822190116092551, 'best_epoch': 15.0, 'epochs_run': 20.0, 'max_epochs': 20.0}
1 of 1 configs reached max_epochs
0 of 1 were still improving when stopped
Best params saved to ../Models/sasrec_bce_best_params.json
