task 141 | loss drrl | node slurmnode-gpu05
Tesla P100-PCIE-16GB, 16384 MiB
Tesla P100-PCIE-16GB, 16384 MiB
Tesla P100-PCIE-16GB, 16384 MiB
Tesla P100-PCIE-16GB, 16384 MiB
Using device: cuda
Loading datasets...
Train sessions: 75875 | Val sessions: 16262

Running grid search over 486 combinations...

SLURM array task 141: 1 config -> ../Models/sasrec_grid_drrl_task141.csv
Trying: {'hidden_units': 64, 'dropout_rate': 0.5, 'num_blocks': 2, 'num_heads': 16, 'lr': 0.0001, 'gamma': 2}
Epoch 1 | Loss: 0.4421 | Val NDCG: 0.7130 | smoothed: 0.7130
Epoch 2 | Loss: -0.1315 | Val NDCG: 0.7174 | smoothed: 0.7152
Epoch 3 | Loss: -0.2041 | Val NDCG: 0.7194 | smoothed: 0.7166
Epoch 4 | Loss: -0.2217 | Val NDCG: 0.7211 | smoothed: 0.7193
Epoch 5 | Loss: -0.2283 | Val NDCG: 0.7177 | smoothed: 0.7194
Epoch 6 | Loss: -0.2308 | Val NDCG: 0.7202 | smoothed: 0.7197
Epoch 7 | Loss: -0.2317 | Val NDCG: 0.7185 | smoothed: 0.7188
Epoch 8 | Loss: -0.2320 | Val NDCG: 0.7140 | smoothed: 0.7176
Epoch 9 | Loss: -0.2321 | Val NDCG: 0.7144 | smoothed: 0.7156
Epoch 10 | Loss: -0.2322 | Val NDCG: 0.7161 | smoothed: 0.7148
Epoch 11 | Loss: -0.2321 | Val NDCG: 0.7025 | smoothed: 0.7110

Best smoothed NDCG: 0.7197 at epoch 6 of 11 run

1 combinations completed out of 1


--- Grid Search Results ---
 hidden_units  dropout_rate  num_blocks  num_heads     lr  gamma  val_ndcg  val_ndcg_raw  best_epoch  epochs_run  max_epochs
           64           0.5           2         16 0.0001      2  0.719652      0.720226           6          11          40

Best config: {'hidden_units': 64.0, 'dropout_rate': 0.5, 'num_blocks': 2.0, 'num_heads': 16.0, 'lr': 0.0001, 'gamma': 2.0, 'val_ndcg': 0.7196515431641392, 'val_ndcg_raw': 0.7202261841624736, 'best_epoch': 6.0, 'epochs_run': 11.0, 'max_epochs': 40.0}
0 of 1 configs reached max_epochs
0 of 1 were still improving when stopped
Best params saved to ../Models/sasrec_drrl_best_params.json
