task 452 | loss drrl | node slurmnode-gpu03
Tesla P100-PCIE-16GB, 16384 MiB
Tesla P100-PCIE-16GB, 16384 MiB
Tesla P100-PCIE-16GB, 16384 MiB
Tesla P100-PCIE-16GB, 16384 MiB
Using device: cuda
Loading datasets...
Train sessions: 75875 | Val sessions: 16262

Running grid search over 486 combinations...

SLURM array task 452: 1 config -> ../Models/sasrec_grid_drrl_task452.csv
Trying: {'hidden_units': 256, 'dropout_rate': 0.5, 'num_blocks': 2, 'num_heads': 4, 'lr': 0.001, 'gamma': 4}
Epoch 1 | Loss: -0.1780 | Val NDCG: 0.7125 | smoothed: 0.7125
Epoch 2 | Loss: -0.2256 | Val NDCG: 0.7183 | smoothed: 0.7154
Epoch 3 | Loss: -0.2266 | Val NDCG: 0.7201 | smoothed: 0.7170
Epoch 4 | Loss: -0.2273 | Val NDCG: 0.7315 | smoothed: 0.7233
Epoch 5 | Loss: -0.2283 | Val NDCG: 0.7492 | smoothed: 0.7336
Epoch 6 | Loss: -0.2285 | Val NDCG: 0.7362 | smoothed: 0.7390
Epoch 7 | Loss: -0.2289 | Val NDCG: 0.7416 | smoothed: 0.7423
Epoch 8 | Loss: -0.2289 | Val NDCG: 0.7601 | smoothed: 0.7460
Epoch 9 | Loss: -0.2289 | Val NDCG: 0.7571 | smoothed: 0.7530
Epoch 10 | Loss: -0.2294 | Val NDCG: 0.7685 | smoothed: 0.7619
Epoch 11 | Loss: -0.2291 | Val NDCG: 0.7435 | smoothed: 0.7564
Epoch 12 | Loss: -0.2292 | Val NDCG: 0.7648 | smoothed: 0.7589
Epoch 13 | Loss: -0.2293 | Val NDCG: 0.7623 | smoothed: 0.7569
Epoch 14 | Loss: -0.2295 | Val NDCG: 0.7664 | smoothed: 0.7645
Epoch 15 | Loss: -0.2292 | Val NDCG: 0.7638 | smoothed: 0.7642
Epoch 16 | Loss: -0.2294 | Val NDCG: 0.7691 | smoothed: 0.7664
Epoch 17 | Loss: -0.2295 | Val NDCG: 0.7555 | smoothed: 0.7628
Epoch 18 | Loss: -0.2295 | Val NDCG: 0.7722 | smoothed: 0.7656
Epoch 19 | Loss: -0.2296 | Val NDCG: 0.7689 | smoothed: 0.7655
Epoch 20 | Loss: -0.2289 | Val NDCG: 0.7696 | smoothed: 0.7702

Best smoothed NDCG: 0.7702 at epoch 20 of 20 run

1 combinations completed out of 1


--- Grid Search Results ---
 hidden_units  dropout_rate  num_blocks  num_heads    lr  gamma  val_ndcg  val_ndcg_raw  best_epoch  epochs_run  max_epochs
          256           0.5           2          4 0.001      4  0.770204       0.76955          20          20          20

Best config: {'hidden_units': 256.0, 'dropout_rate': 0.5, 'num_blocks': 2.0, 'num_heads': 4.0, 'lr': 0.001, 'gamma': 4.0, 'val_ndcg': 0.770204063065397, 'val_ndcg_raw': 0.7695500368335664, 'best_epoch': 20.0, 'epochs_run': 20.0, 'max_epochs': 20.0}
1 of 1 configs reached max_epochs
1 of 1 were still improving when stopped
Best params saved to ../Models/sasrec_drrl_best_params.json
