task 37 | loss drrl | node slurmnode-gpu02
NVIDIA GeForce GTX 1080 Ti, 11264 MiB
NVIDIA GeForce GTX 1080 Ti, 11264 MiB
NVIDIA GeForce GTX 1080 Ti, 11264 MiB
NVIDIA GeForce GTX 1080 Ti, 11264 MiB
NVIDIA GeForce GTX 1080 Ti, 11264 MiB
NVIDIA GeForce GTX 1080 Ti, 11264 MiB
NVIDIA GeForce GTX 1080 Ti, 11264 MiB
NVIDIA GeForce GTX 1080 Ti, 11264 MiB
Using device: cuda
Loading datasets...
Train sessions: 75875 | Val sessions: 16262

Running grid search over 486 combinations...

SLURM array task 37: 1 config -> ../Models/sasrec_grid_drrl_task37.csv
Trying: {'hidden_units': 64, 'dropout_rate': 0.1, 'num_blocks': 3, 'num_heads': 4, 'lr': 0.001, 'gamma': 3}
Epoch 1 | Loss: -0.1898 | Val NDCG: 0.7351 | smoothed: 0.7351
Epoch 2 | Loss: -0.2252 | Val NDCG: 0.7560 | smoothed: 0.7456
Epoch 3 | Loss: -0.2270 | Val NDCG: 0.7599 | smoothed: 0.7503
Epoch 4 | Loss: -0.2286 | Val NDCG: 0.7388 | smoothed: 0.7516
Epoch 5 | Loss: -0.2290 | Val NDCG: 0.7557 | smoothed: 0.7515
Epoch 6 | Loss: -0.2294 | Val NDCG: 0.7367 | smoothed: 0.7438
Epoch 7 | Loss: -0.2298 | Val NDCG: 0.7282 | smoothed: 0.7402
Epoch 8 | Loss: -0.2300 | Val NDCG: 0.7660 | smoothed: 0.7437
Epoch 9 | Loss: -0.2299 | Val NDCG: 0.7669 | smoothed: 0.7537
Epoch 10 | Loss: -0.2302 | Val NDCG: 0.7576 | smoothed: 0.7635
Epoch 11 | Loss: -0.2301 | Val NDCG: 0.7608 | smoothed: 0.7618
Epoch 12 | Loss: -0.2305 | Val NDCG: 0.7682 | smoothed: 0.7622
Epoch 13 | Loss: -0.2306 | Val NDCG: 0.7591 | smoothed: 0.7627
Epoch 14 | Loss: -0.2306 | Val NDCG: 0.7391 | smoothed: 0.7555
Epoch 15 | Loss: -0.2306 | Val NDCG: 0.7460 | smoothed: 0.7481

Best smoothed NDCG: 0.7635 at epoch 10 of 15 run

1 combinations completed out of 1


--- Grid Search Results ---
 hidden_units  dropout_rate  num_blocks  num_heads    lr  gamma  val_ndcg  val_ndcg_raw  best_epoch  epochs_run  max_epochs
           64           0.1           3          4 0.001      3  0.763516       0.75762          10          15          20

Best config: {'hidden_units': 64.0, 'dropout_rate': 0.1, 'num_blocks': 3.0, 'num_heads': 4.0, 'lr': 0.001, 'gamma': 3.0, 'val_ndcg': 0.7635162569085305, 'val_ndcg_raw': 0.7576199291506782, 'best_epoch': 10.0, 'epochs_run': 15.0, 'max_epochs': 20.0}
0 of 1 configs reached max_epochs
0 of 1 were still improving when stopped
Best params saved to ../Models/sasrec_drrl_best_params.json
