task 120 | loss drrl | node slurmnode-gpu07
NVIDIA A40, 46068 MiB
NVIDIA A40, 46068 MiB
NVIDIA A40, 46068 MiB
NVIDIA A40, 46068 MiB
Using device: cuda
Loading datasets...
Train sessions: 75875 | Val sessions: 16262

Running grid search over 486 combinations...

SLURM array task 120: 1 config -> ../Models/sasrec_grid_drrl_task120.csv
Trying: {'hidden_units': 64, 'dropout_rate': 0.5, 'num_blocks': 1, 'num_heads': 16, 'lr': 0.001, 'gamma': 2}
Epoch 1 | Loss: -0.1392 | Val NDCG: 0.7083 | smoothed: 0.7083
Epoch 2 | Loss: -0.2254 | Val NDCG: 0.7239 | smoothed: 0.7161
Epoch 3 | Loss: -0.2266 | Val NDCG: 0.7058 | smoothed: 0.7127
Epoch 4 | Loss: -0.2272 | Val NDCG: 0.7241 | smoothed: 0.7179
Epoch 5 | Loss: -0.2278 | Val NDCG: 0.7243 | smoothed: 0.7180
Epoch 6 | Loss: -0.2283 | Val NDCG: 0.7222 | smoothed: 0.7235
Epoch 7 | Loss: -0.2284 | Val NDCG: 0.7309 | smoothed: 0.7258
Epoch 8 | Loss: -0.2286 | Val NDCG: 0.7245 | smoothed: 0.7258
Epoch 9 | Loss: -0.2291 | Val NDCG: 0.7488 | smoothed: 0.7347
Epoch 10 | Loss: -0.2287 | Val NDCG: 0.7451 | smoothed: 0.7394
Epoch 11 | Loss: -0.2295 | Val NDCG: 0.7344 | smoothed: 0.7427
Epoch 12 | Loss: -0.2291 | Val NDCG: 0.7452 | smoothed: 0.7415
Epoch 13 | Loss: -0.2295 | Val NDCG: 0.7547 | smoothed: 0.7447
Epoch 14 | Loss: -0.2295 | Val NDCG: 0.7597 | smoothed: 0.7532
Epoch 15 | Loss: -0.2297 | Val NDCG: 0.7608 | smoothed: 0.7584
Epoch 16 | Loss: -0.2296 | Val NDCG: 0.7590 | smoothed: 0.7598
Epoch 17 | Loss: -0.2298 | Val NDCG: 0.7629 | smoothed: 0.7609
Epoch 18 | Loss: -0.2300 | Val NDCG: 0.7632 | smoothed: 0.7617
Epoch 19 | Loss: -0.2300 | Val NDCG: 0.7607 | smoothed: 0.7623
Epoch 20 | Loss: -0.2300 | Val NDCG: 0.7659 | smoothed: 0.7633

Best smoothed NDCG: 0.7633 at epoch 20 of 20 run

1 combinations completed out of 1


--- Grid Search Results ---
 hidden_units  dropout_rate  num_blocks  num_heads    lr  gamma  val_ndcg  val_ndcg_raw  best_epoch  epochs_run  max_epochs
           64           0.5           1         16 0.001      2  0.763283       0.76594          20          20          20

Best config: {'hidden_units': 64.0, 'dropout_rate': 0.5, 'num_blocks': 1.0, 'num_heads': 16.0, 'lr': 0.001, 'gamma': 2.0, 'val_ndcg': 0.763282789060403, 'val_ndcg_raw': 0.7659403911003568, 'best_epoch': 20.0, 'epochs_run': 20.0, 'max_epochs': 20.0}
1 of 1 configs reached max_epochs
1 of 1 were still improving when stopped
Best params saved to ../Models/sasrec_drrl_best_params.json
