task 457 | loss drrl | node slurmnode-gpu03
Tesla P100-PCIE-16GB, 16384 MiB
Tesla P100-PCIE-16GB, 16384 MiB
Tesla P100-PCIE-16GB, 16384 MiB
Tesla P100-PCIE-16GB, 16384 MiB
Using device: cuda
Loading datasets...
Train sessions: 75875 | Val sessions: 16262

Running grid search over 486 combinations...

SLURM array task 457: 1 config -> ../Models/sasrec_grid_drrl_task457.csv
Trying: {'hidden_units': 256, 'dropout_rate': 0.5, 'num_blocks': 2, 'num_heads': 8, 'lr': 0.001, 'gamma': 3}
Epoch 1 | Loss: -0.1772 | Val NDCG: 0.7174 | smoothed: 0.7174
Epoch 2 | Loss: -0.2241 | Val NDCG: 0.6936 | smoothed: 0.7055
Epoch 3 | Loss: -0.2243 | Val NDCG: 0.7225 | smoothed: 0.7112
Epoch 4 | Loss: -0.2265 | Val NDCG: 0.7246 | smoothed: 0.7136
Epoch 5 | Loss: -0.2273 | Val NDCG: 0.7259 | smoothed: 0.7243
Epoch 6 | Loss: -0.2271 | Val NDCG: 0.7430 | smoothed: 0.7311
Epoch 7 | Loss: -0.2277 | Val NDCG: 0.7561 | smoothed: 0.7416
Epoch 8 | Loss: -0.2273 | Val NDCG: 0.7474 | smoothed: 0.7488
Epoch 9 | Loss: -0.2274 | Val NDCG: 0.7649 | smoothed: 0.7561
Epoch 10 | Loss: -0.2278 | Val NDCG: 0.7664 | smoothed: 0.7595
Epoch 11 | Loss: -0.2273 | Val NDCG: 0.7711 | smoothed: 0.7674
Epoch 12 | Loss: -0.2262 | Val NDCG: 0.7644 | smoothed: 0.7673
Epoch 13 | Loss: -0.2280 | Val NDCG: 0.7705 | smoothed: 0.7686
Epoch 14 | Loss: -0.2278 | Val NDCG: 0.7704 | smoothed: 0.7684
Epoch 15 | Loss: -0.2279 | Val NDCG: 0.7702 | smoothed: 0.7704
Epoch 16 | Loss: -0.2284 | Val NDCG: 0.7693 | smoothed: 0.7700
Epoch 17 | Loss: -0.2282 | Val NDCG: 0.7672 | smoothed: 0.7689
Epoch 18 | Loss: -0.2284 | Val NDCG: 0.7712 | smoothed: 0.7693
Epoch 19 | Loss: -0.2284 | Val NDCG: 0.7754 | smoothed: 0.7713
Epoch 20 | Loss: -0.2284 | Val NDCG: 0.7728 | smoothed: 0.7731

Best smoothed NDCG: 0.7731 at epoch 20 of 20 run

1 combinations completed out of 1


--- Grid Search Results ---
 hidden_units  dropout_rate  num_blocks  num_heads    lr  gamma  val_ndcg  val_ndcg_raw  best_epoch  epochs_run  max_epochs
          256           0.5           2          8 0.001      3  0.773132       0.77279          20          20          20

Best config: {'hidden_units': 256.0, 'dropout_rate': 0.5, 'num_blocks': 2.0, 'num_heads': 8.0, 'lr': 0.001, 'gamma': 3.0, 'val_ndcg': 0.7731317289646035, 'val_ndcg_raw': 0.7727898427442295, 'best_epoch': 20.0, 'epochs_run': 20.0, 'max_epochs': 20.0}
1 of 1 configs reached max_epochs
1 of 1 were still improving when stopped
Best params saved to ../Models/sasrec_drrl_best_params.json
