task 219 | loss drrl | node slurmnode-gpu03
Tesla P100-PCIE-16GB, 16384 MiB
Tesla P100-PCIE-16GB, 16384 MiB
Tesla P100-PCIE-16GB, 16384 MiB
Tesla P100-PCIE-16GB, 16384 MiB
Using device: cuda
Loading datasets...
Train sessions: 75875 | Val sessions: 16262

Running grid search over 486 combinations...

SLURM array task 219: 1 config -> ../Models/sasrec_grid_drrl_task219.csv
Trying: {'hidden_units': 128, 'dropout_rate': 0.3, 'num_blocks': 1, 'num_heads': 4, 'lr': 0.0001, 'gamma': 2}
Epoch 1 | Loss: 0.2272 | Val NDCG: 0.7136 | smoothed: 0.7136
Epoch 2 | Loss: -0.1598 | Val NDCG: 0.7164 | smoothed: 0.7150
Epoch 3 | Loss: -0.2037 | Val NDCG: 0.7148 | smoothed: 0.7149
Epoch 4 | Loss: -0.2179 | Val NDCG: 0.7186 | smoothed: 0.7166
Epoch 5 | Loss: -0.2245 | Val NDCG: 0.7153 | smoothed: 0.7162
Epoch 6 | Loss: -0.2276 | Val NDCG: 0.7124 | smoothed: 0.7154
Epoch 7 | Loss: -0.2294 | Val NDCG: 0.7197 | smoothed: 0.7158
Epoch 8 | Loss: -0.2302 | Val NDCG: 0.7208 | smoothed: 0.7177
Epoch 9 | Loss: -0.2307 | Val NDCG: 0.7213 | smoothed: 0.7206
Epoch 10 | Loss: -0.2309 | Val NDCG: 0.7241 | smoothed: 0.7221
Epoch 11 | Loss: -0.2310 | Val NDCG: 0.7173 | smoothed: 0.7209
Epoch 12 | Loss: -0.2312 | Val NDCG: 0.7169 | smoothed: 0.7194
Epoch 13 | Loss: -0.2311 | Val NDCG: 0.7155 | smoothed: 0.7166
Epoch 14 | Loss: -0.2313 | Val NDCG: 0.7259 | smoothed: 0.7195
Epoch 15 | Loss: -0.2313 | Val NDCG: 0.7079 | smoothed: 0.7165

Best smoothed NDCG: 0.7221 at epoch 10 of 15 run

1 combinations completed out of 1


--- Grid Search Results ---
 hidden_units  dropout_rate  num_blocks  num_heads     lr  gamma  val_ndcg  val_ndcg_raw  best_epoch  epochs_run  max_epochs
          128           0.3           1          4 0.0001      2  0.722092      0.724106          10          15          40

Best config: {'hidden_units': 128.0, 'dropout_rate': 0.3, 'num_blocks': 1.0, 'num_heads': 4.0, 'lr': 0.0001, 'gamma': 2.0, 'val_ndcg': 0.7220923499391575, 'val_ndcg_raw': 0.7241060834432992, 'best_epoch': 10.0, 'epochs_run': 15.0, 'max_epochs': 40.0}
0 of 1 configs reached max_epochs
0 of 1 were still improving when stopped
Best params saved to ../Models/sasrec_drrl_best_params.json
