task 60 | loss bce | node slurmnode-gpu02
NVIDIA GeForce GTX 1080 Ti, 11264 MiB
NVIDIA GeForce GTX 1080 Ti, 11264 MiB
NVIDIA GeForce GTX 1080 Ti, 11264 MiB
NVIDIA GeForce GTX 1080 Ti, 11264 MiB
NVIDIA GeForce GTX 1080 Ti, 11264 MiB
NVIDIA GeForce GTX 1080 Ti, 11264 MiB
NVIDIA GeForce GTX 1080 Ti, 11264 MiB
NVIDIA GeForce GTX 1080 Ti, 11264 MiB
Using device: cuda
Loading datasets...
Train sessions: 75875 | Val sessions: 16262

Running grid search over 162 combinations...

SLURM array task 60: 1 config -> ../Models/sasrec_grid_bce_task60.csv
Trying: {'hidden_units': 128, 'dropout_rate': 0.1, 'num_blocks': 2, 'num_heads': 4, 'lr': 0.001}
Epoch 1 | Loss: 0.5849 | Val NDCG: 0.7619 | smoothed: 0.7619
Epoch 2 | Loss: 0.5753 | Val NDCG: 0.7663 | smoothed: 0.7641
Epoch 3 | Loss: 0.5721 | Val NDCG: 0.7673 | smoothed: 0.7652
Epoch 4 | Loss: 0.5702 | Val NDCG: 0.7723 | smoothed: 0.7686
Epoch 5 | Loss: 0.5685 | Val NDCG: 0.7672 | smoothed: 0.7690
Epoch 6 | Loss: 0.5679 | Val NDCG: 0.7748 | smoothed: 0.7715
Epoch 7 | Loss: 0.5677 | Val NDCG: 0.7731 | smoothed: 0.7717
Epoch 8 | Loss: 0.5655 | Val NDCG: 0.7751 | smoothed: 0.7743
Epoch 9 | Loss: 0.5658 | Val NDCG: 0.7751 | smoothed: 0.7744
Epoch 10 | Loss: 0.5651 | Val NDCG: 0.7790 | smoothed: 0.7764
Epoch 11 | Loss: 0.5653 | Val NDCG: 0.7813 | smoothed: 0.7784
Epoch 12 | Loss: 0.5647 | Val NDCG: 0.7773 | smoothed: 0.7792
Epoch 13 | Loss: 0.5629 | Val NDCG: 0.7790 | smoothed: 0.7792
Epoch 14 | Loss: 0.5622 | Val NDCG: 0.7822 | smoothed: 0.7795
Epoch 15 | Loss: 0.5623 | Val NDCG: 0.7808 | smoothed: 0.7807
Epoch 16 | Loss: 0.5607 | Val NDCG: 0.7805 | smoothed: 0.7812
Epoch 17 | Loss: 0.5609 | Val NDCG: 0.7804 | smoothed: 0.7806
Epoch 18 | Loss: 0.5607 | Val NDCG: 0.7834 | smoothed: 0.7814
Epoch 19 | Loss: 0.5592 | Val NDCG: 0.7787 | smoothed: 0.7808
Epoch 20 | Loss: 0.5596 | Val NDCG: 0.7833 | smoothed: 0.7818

Best smoothed NDCG: 0.7818 at epoch 20 of 20 run

1 combinations completed out of 1


--- Grid Search Results ---
 hidden_units  dropout_rate  num_blocks  num_heads    lr  val_ndcg  val_ndcg_raw  best_epoch  epochs_run  max_epochs
          128           0.1           2          4 0.001    0.7818      0.783253          20          20          20

Best config: {'hidden_units': 128.0, 'dropout_rate': 0.1, 'num_blocks': 2.0, 'num_heads': 4.0, 'lr': 0.001, 'val_ndcg': 0.7817997196229793, 'val_ndcg_raw': 0.7832526655476245, 'best_epoch': 20.0, 'epochs_run': 20.0, 'max_epochs': 20.0}
1 of 1 configs reached max_epochs
1 of 1 were still improving when stopped
Best params saved to ../Models/sasrec_bce_best_params.json
