task 150 | loss drrl | node slurmnode-gpu07
NVIDIA A40, 46068 MiB
NVIDIA A40, 46068 MiB
NVIDIA A40, 46068 MiB
NVIDIA A40, 46068 MiB
Using device: cuda
Loading datasets...
Train sessions: 75875 | Val sessions: 16262

Running grid search over 486 combinations...

SLURM array task 150: 1 config -> ../Models/sasrec_grid_drrl_task150.csv
Trying: {'hidden_units': 64, 'dropout_rate': 0.5, 'num_blocks': 3, 'num_heads': 8, 'lr': 0.001, 'gamma': 2}
Epoch 1 | Loss: -0.1539 | Val NDCG: 0.7192 | smoothed: 0.7192
Epoch 2 | Loss: -0.2226 | Val NDCG: 0.7004 | smoothed: 0.7098
Epoch 3 | Loss: -0.2255 | Val NDCG: 0.7069 | smoothed: 0.7088
Epoch 4 | Loss: -0.2259 | Val NDCG: 0.7317 | smoothed: 0.7130
Epoch 5 | Loss: -0.2270 | Val NDCG: 0.7206 | smoothed: 0.7197
Epoch 6 | Loss: -0.2268 | Val NDCG: 0.7237 | smoothed: 0.7253
Epoch 7 | Loss: -0.2269 | Val NDCG: 0.7425 | smoothed: 0.7289
Epoch 8 | Loss: -0.2275 | Val NDCG: 0.7449 | smoothed: 0.7370
Epoch 9 | Loss: -0.2279 | Val NDCG: 0.7498 | smoothed: 0.7457
Epoch 10 | Loss: -0.2281 | Val NDCG: 0.7543 | smoothed: 0.7497
Epoch 11 | Loss: -0.2281 | Val NDCG: 0.7606 | smoothed: 0.7549
Epoch 12 | Loss: -0.2283 | Val NDCG: 0.7633 | smoothed: 0.7594
Epoch 13 | Loss: -0.2286 | Val NDCG: 0.7677 | smoothed: 0.7639
Epoch 14 | Loss: -0.2287 | Val NDCG: 0.7665 | smoothed: 0.7658
Epoch 15 | Loss: -0.2288 | Val NDCG: 0.7668 | smoothed: 0.7670
Epoch 16 | Loss: -0.2290 | Val NDCG: 0.7661 | smoothed: 0.7665
Epoch 17 | Loss: -0.2292 | Val NDCG: 0.7574 | smoothed: 0.7635
Epoch 18 | Loss: -0.2293 | Val NDCG: 0.7648 | smoothed: 0.7628
Epoch 19 | Loss: -0.2295 | Val NDCG: 0.7686 | smoothed: 0.7636
Epoch 20 | Loss: -0.2295 | Val NDCG: 0.7551 | smoothed: 0.7628

Best smoothed NDCG: 0.7670 at epoch 15 of 20 run

1 combinations completed out of 1


--- Grid Search Results ---
 hidden_units  dropout_rate  num_blocks  num_heads    lr  gamma  val_ndcg  val_ndcg_raw  best_epoch  epochs_run  max_epochs
           64           0.5           3          8 0.001      2  0.767022      0.766833          15          20          20

Best config: {'hidden_units': 64.0, 'dropout_rate': 0.5, 'num_blocks': 3.0, 'num_heads': 8.0, 'lr': 0.001, 'gamma': 2.0, 'val_ndcg': 0.7670216982327066, 'val_ndcg_raw': 0.76683324687786, 'best_epoch': 15.0, 'epochs_run': 20.0, 'max_epochs': 20.0}
1 of 1 configs reached max_epochs
0 of 1 were still improving when stopped
Best params saved to ../Models/sasrec_drrl_best_params.json
