task 290 | loss drrl | node slurmnode-gpu05
Tesla P100-PCIE-16GB, 16384 MiB
Tesla P100-PCIE-16GB, 16384 MiB
Tesla P100-PCIE-16GB, 16384 MiB
Tesla P100-PCIE-16GB, 16384 MiB
Using device: cuda
Loading datasets...
Train sessions: 75875 | Val sessions: 16262

Running grid search over 486 combinations...

SLURM array task 290: 1 config -> ../Models/sasrec_grid_drrl_task290.csv
Trying: {'hidden_units': 128, 'dropout_rate': 0.5, 'num_blocks': 2, 'num_heads': 4, 'lr': 0.001, 'gamma': 4}
Epoch 1 | Loss: -0.1916 | Val NDCG: 0.7215 | smoothed: 0.7215
Epoch 2 | Loss: -0.2250 | Val NDCG: 0.7267 | smoothed: 0.7241
Epoch 3 | Loss: -0.2269 | Val NDCG: 0.7077 | smoothed: 0.7186
Epoch 4 | Loss: -0.2280 | Val NDCG: 0.7197 | smoothed: 0.7180
Epoch 5 | Loss: -0.2281 | Val NDCG: 0.7486 | smoothed: 0.7253
Epoch 6 | Loss: -0.2286 | Val NDCG: 0.7551 | smoothed: 0.7411
Epoch 7 | Loss: -0.2288 | Val NDCG: 0.7528 | smoothed: 0.7522
Epoch 8 | Loss: -0.2290 | Val NDCG: 0.7625 | smoothed: 0.7568
Epoch 9 | Loss: -0.2291 | Val NDCG: 0.7576 | smoothed: 0.7576
Epoch 10 | Loss: -0.2292 | Val NDCG: 0.7647 | smoothed: 0.7616
Epoch 11 | Loss: -0.2296 | Val NDCG: 0.7561 | smoothed: 0.7595
Epoch 12 | Loss: -0.2292 | Val NDCG: 0.7563 | smoothed: 0.7590
Epoch 13 | Loss: -0.2293 | Val NDCG: 0.7655 | smoothed: 0.7593
Epoch 14 | Loss: -0.2295 | Val NDCG: 0.7704 | smoothed: 0.7641
Epoch 15 | Loss: -0.2294 | Val NDCG: 0.7579 | smoothed: 0.7646
Epoch 16 | Loss: -0.2295 | Val NDCG: 0.7672 | smoothed: 0.7652
Epoch 17 | Loss: -0.2296 | Val NDCG: 0.7603 | smoothed: 0.7618
Epoch 18 | Loss: -0.2295 | Val NDCG: 0.7681 | smoothed: 0.7652
Epoch 19 | Loss: -0.2296 | Val NDCG: 0.7711 | smoothed: 0.7665
Epoch 20 | Loss: -0.2299 | Val NDCG: 0.7630 | smoothed: 0.7674

Best smoothed NDCG: 0.7674 at epoch 20 of 20 run

1 combinations completed out of 1


--- Grid Search Results ---
 hidden_units  dropout_rate  num_blocks  num_heads    lr  gamma  val_ndcg  val_ndcg_raw  best_epoch  epochs_run  max_epochs
          128           0.5           2          4 0.001      4  0.767403      0.763027          20          20          20

Best config: {'hidden_units': 128.0, 'dropout_rate': 0.5, 'num_blocks': 2.0, 'num_heads': 4.0, 'lr': 0.001, 'gamma': 4.0, 'val_ndcg': 0.7674026358092925, 'val_ndcg_raw': 0.7630265585141881, 'best_epoch': 20.0, 'epochs_run': 20.0, 'max_epochs': 20.0}
1 of 1 configs reached max_epochs
1 of 1 were still improving when stopped
Best params saved to ../Models/sasrec_drrl_best_params.json
