task 55 | loss pwts | node slurmnode-gpu02
NVIDIA GeForce GTX 1080 Ti, 11264 MiB
NVIDIA GeForce GTX 1080 Ti, 11264 MiB
NVIDIA GeForce GTX 1080 Ti, 11264 MiB
NVIDIA GeForce GTX 1080 Ti, 11264 MiB
NVIDIA GeForce GTX 1080 Ti, 11264 MiB
NVIDIA GeForce GTX 1080 Ti, 11264 MiB
NVIDIA GeForce GTX 1080 Ti, 11264 MiB
NVIDIA GeForce GTX 1080 Ti, 11264 MiB
Using device: cuda
Loading datasets...
Train sessions: 75875 | Val sessions: 16262

Running grid search over 162 combinations...

SLURM array task 55: 1 config -> ../Models/sasrec_grid_pwts_task55.csv
Trying: {'hidden_units': 128, 'dropout_rate': 0.1, 'num_blocks': 1, 'num_heads': 4, 'lr': 0.0001}
Epoch 1 | Loss: 0.6336 | Val NDCG: 0.7486 | smoothed: 0.7486
Epoch 2 | Loss: 0.6164 | Val NDCG: 0.7604 | smoothed: 0.7545
Epoch 3 | Loss: 0.6113 | Val NDCG: 0.7629 | smoothed: 0.7573
Epoch 4 | Loss: 0.6090 | Val NDCG: 0.7656 | smoothed: 0.7630
Epoch 5 | Loss: 0.6079 | Val NDCG: 0.7673 | smoothed: 0.7653
Epoch 6 | Loss: 0.6066 | Val NDCG: 0.7678 | smoothed: 0.7669
Epoch 7 | Loss: 0.6057 | Val NDCG: 0.7643 | smoothed: 0.7665
Epoch 8 | Loss: 0.6049 | Val NDCG: 0.7710 | smoothed: 0.7677
Epoch 9 | Loss: 0.6042 | Val NDCG: 0.7695 | smoothed: 0.7683
Epoch 10 | Loss: 0.6027 | Val NDCG: 0.7688 | smoothed: 0.7698
Epoch 11 | Loss: 0.6021 | Val NDCG: 0.7710 | smoothed: 0.7698
Epoch 12 | Loss: 0.6023 | Val NDCG: 0.7715 | smoothed: 0.7704
Epoch 13 | Loss: 0.6022 | Val NDCG: 0.7717 | smoothed: 0.7714
Epoch 14 | Loss: 0.6022 | Val NDCG: 0.7726 | smoothed: 0.7719
Epoch 15 | Loss: 0.6013 | Val NDCG: 0.7717 | smoothed: 0.7720
Epoch 16 | Loss: 0.5996 | Val NDCG: 0.7719 | smoothed: 0.7720
Epoch 17 | Loss: 0.6013 | Val NDCG: 0.7711 | smoothed: 0.7716
Epoch 18 | Loss: 0.6006 | Val NDCG: 0.7740 | smoothed: 0.7723
Epoch 19 | Loss: 0.5986 | Val NDCG: 0.7735 | smoothed: 0.7729
Epoch 20 | Loss: 0.6000 | Val NDCG: 0.7731 | smoothed: 0.7735
Epoch 21 | Loss: 0.5996 | Val NDCG: 0.7727 | smoothed: 0.7731
Epoch 22 | Loss: 0.5985 | Val NDCG: 0.7757 | smoothed: 0.7738
Epoch 23 | Loss: 0.5991 | Val NDCG: 0.7735 | smoothed: 0.7739
Epoch 24 | Loss: 0.5998 | Val NDCG: 0.7732 | smoothed: 0.7741
Epoch 25 | Loss: 0.5980 | Val NDCG: 0.7732 | smoothed: 0.7733
Epoch 26 | Loss: 0.5986 | Val NDCG: 0.7739 | smoothed: 0.7734
Epoch 27 | Loss: 0.5964 | Val NDCG: 0.7743 | smoothed: 0.7738
Epoch 28 | Loss: 0.5973 | Val NDCG: 0.7723 | smoothed: 0.7735
Epoch 29 | Loss: 0.5959 | Val NDCG: 0.7736 | smoothed: 0.7734

Best smoothed NDCG: 0.7741 at epoch 24 of 29 run

1 combinations completed out of 1


--- Grid Search Results ---
 hidden_units  dropout_rate  num_blocks  num_heads     lr  val_ndcg  val_ndcg_raw  best_epoch  epochs_run  max_epochs
          128           0.1           1          4 0.0001  0.774107      0.773151          24          29          40

Best config: {'hidden_units': 128.0, 'dropout_rate': 0.1, 'num_blocks': 1.0, 'num_heads': 4.0, 'lr': 0.0001, 'val_ndcg': 0.7741071451743501, 'val_ndcg_raw': 0.7731509640916602, 'best_epoch': 24.0, 'epochs_run': 29.0, 'max_epochs': 40.0}
0 of 1 configs reached max_epochs
0 of 1 were still improving when stopped
Best params saved to ../Models/sasrec_pwts_best_params.json
