task 399 | loss drrl | node slurmnode-gpu03
Tesla P100-PCIE-16GB, 16384 MiB
Tesla P100-PCIE-16GB, 16384 MiB
Tesla P100-PCIE-16GB, 16384 MiB
Tesla P100-PCIE-16GB, 16384 MiB
Using device: cuda
Loading datasets...
Train sessions: 75875 | Val sessions: 16262

Running grid search over 486 combinations...

SLURM array task 399: 1 config -> ../Models/sasrec_grid_drrl_task399.csv
Trying: {'hidden_units': 256, 'dropout_rate': 0.3, 'num_blocks': 2, 'num_heads': 4, 'lr': 0.0001, 'gamma': 2}
Epoch 1 | Loss: 0.0393 | Val NDCG: 0.7315 | smoothed: 0.7315
Epoch 2 | Loss: -0.2017 | Val NDCG: 0.7317 | smoothed: 0.7316
Epoch 3 | Loss: -0.2166 | Val NDCG: 0.7142 | smoothed: 0.7258
Epoch 4 | Loss: -0.2228 | Val NDCG: 0.7294 | smoothed: 0.7251
Epoch 5 | Loss: -0.2227 | Val NDCG: 0.7380 | smoothed: 0.7272
Epoch 6 | Loss: -0.2246 | Val NDCG: 0.7307 | smoothed: 0.7327
Epoch 7 | Loss: -0.2257 | Val NDCG: 0.7300 | smoothed: 0.7329
Epoch 8 | Loss: -0.2248 | Val NDCG: 0.7222 | smoothed: 0.7276
Epoch 9 | Loss: -0.2262 | Val NDCG: 0.7506 | smoothed: 0.7342
Epoch 10 | Loss: -0.2265 | Val NDCG: 0.7465 | smoothed: 0.7398
Epoch 11 | Loss: -0.2269 | Val NDCG: 0.7385 | smoothed: 0.7452
Epoch 12 | Loss: -0.2270 | Val NDCG: 0.7533 | smoothed: 0.7461
Epoch 13 | Loss: -0.2271 | Val NDCG: 0.7652 | smoothed: 0.7523
Epoch 14 | Loss: -0.2271 | Val NDCG: 0.7448 | smoothed: 0.7544
Epoch 15 | Loss: -0.2272 | Val NDCG: 0.7349 | smoothed: 0.7483
Epoch 16 | Loss: -0.2279 | Val NDCG: 0.7644 | smoothed: 0.7480
Epoch 17 | Loss: -0.2275 | Val NDCG: 0.7513 | smoothed: 0.7502
Epoch 18 | Loss: -0.2273 | Val NDCG: 0.7331 | smoothed: 0.7496
Epoch 19 | Loss: -0.2280 | Val NDCG: 0.7397 | smoothed: 0.7413

Best smoothed NDCG: 0.7544 at epoch 14 of 19 run

1 combinations completed out of 1


--- Grid Search Results ---
 hidden_units  dropout_rate  num_blocks  num_heads     lr  gamma  val_ndcg  val_ndcg_raw  best_epoch  epochs_run  max_epochs
          256           0.3           2          4 0.0001      2  0.754413      0.744789          14          19          40

Best config: {'hidden_units': 256.0, 'dropout_rate': 0.3, 'num_blocks': 2.0, 'num_heads': 4.0, 'lr': 0.0001, 'gamma': 2.0, 'val_ndcg': 0.7544134313764953, 'val_ndcg_raw': 0.7447891479268767, 'best_epoch': 14.0, 'epochs_run': 19.0, 'max_epochs': 40.0}
0 of 1 configs reached max_epochs
0 of 1 were still improving when stopped
Best params saved to ../Models/sasrec_drrl_best_params.json
