task 33 | loss bce | node slurmnode-gpu02
NVIDIA GeForce GTX 1080 Ti, 11264 MiB
NVIDIA GeForce GTX 1080 Ti, 11264 MiB
NVIDIA GeForce GTX 1080 Ti, 11264 MiB
NVIDIA GeForce GTX 1080 Ti, 11264 MiB
NVIDIA GeForce GTX 1080 Ti, 11264 MiB
NVIDIA GeForce GTX 1080 Ti, 11264 MiB
NVIDIA GeForce GTX 1080 Ti, 11264 MiB
NVIDIA GeForce GTX 1080 Ti, 11264 MiB
Using device: cuda
Loading datasets...
Train sessions: 75875 | Val sessions: 16262

Running grid search over 162 combinations...

SLURM array task 33: 1 config -> ../Models/sasrec_grid_bce_task33.csv
Trying: {'hidden_units': 64, 'dropout_rate': 0.3, 'num_blocks': 3, 'num_heads': 8, 'lr': 0.0001}
Epoch 1 | Loss: 0.6163 | Val NDCG: 0.7193 | smoothed: 0.7193
Epoch 2 | Loss: 0.5944 | Val NDCG: 0.7337 | smoothed: 0.7265
Epoch 3 | Loss: 0.5880 | Val NDCG: 0.7479 | smoothed: 0.7336
Epoch 4 | Loss: 0.5848 | Val NDCG: 0.7556 | smoothed: 0.7457
Epoch 5 | Loss: 0.5821 | Val NDCG: 0.7603 | smoothed: 0.7546
Epoch 6 | Loss: 0.5803 | Val NDCG: 0.7577 | smoothed: 0.7579
Epoch 7 | Loss: 0.5796 | Val NDCG: 0.7620 | smoothed: 0.7600
Epoch 8 | Loss: 0.5780 | Val NDCG: 0.7618 | smoothed: 0.7605
Epoch 9 | Loss: 0.5765 | Val NDCG: 0.7624 | smoothed: 0.7621
Epoch 10 | Loss: 0.5757 | Val NDCG: 0.7649 | smoothed: 0.7630
Epoch 11 | Loss: 0.5763 | Val NDCG: 0.7659 | smoothed: 0.7644
Epoch 12 | Loss: 0.5753 | Val NDCG: 0.7658 | smoothed: 0.7655
Epoch 13 | Loss: 0.5731 | Val NDCG: 0.7656 | smoothed: 0.7658
Epoch 14 | Loss: 0.5740 | Val NDCG: 0.7653 | smoothed: 0.7656
Epoch 15 | Loss: 0.5737 | Val NDCG: 0.7673 | smoothed: 0.7661
Epoch 16 | Loss: 0.5725 | Val NDCG: 0.7658 | smoothed: 0.7661
Epoch 17 | Loss: 0.5728 | Val NDCG: 0.7665 | smoothed: 0.7665
Epoch 18 | Loss: 0.5729 | Val NDCG: 0.7658 | smoothed: 0.7660
Epoch 19 | Loss: 0.5721 | Val NDCG: 0.7654 | smoothed: 0.7659
Epoch 20 | Loss: 0.5720 | Val NDCG: 0.7675 | smoothed: 0.7663
Epoch 21 | Loss: 0.5710 | Val NDCG: 0.7685 | smoothed: 0.7671
Epoch 22 | Loss: 0.5717 | Val NDCG: 0.7685 | smoothed: 0.7682
Epoch 23 | Loss: 0.5712 | Val NDCG: 0.7685 | smoothed: 0.7685
Epoch 24 | Loss: 0.5715 | Val NDCG: 0.7681 | smoothed: 0.7684
Epoch 25 | Loss: 0.5700 | Val NDCG: 0.7693 | smoothed: 0.7686
Epoch 26 | Loss: 0.5704 | Val NDCG: 0.7698 | smoothed: 0.7691
Epoch 27 | Loss: 0.5705 | Val NDCG: 0.7698 | smoothed: 0.7696
Epoch 28 | Loss: 0.5698 | Val NDCG: 0.7685 | smoothed: 0.7694
Epoch 29 | Loss: 0.5703 | Val NDCG: 0.7695 | smoothed: 0.7692
Epoch 30 | Loss: 0.5698 | Val NDCG: 0.7715 | smoothed: 0.7698
Epoch 31 | Loss: 0.5692 | Val NDCG: 0.7708 | smoothed: 0.7706
Epoch 32 | Loss: 0.5691 | Val NDCG: 0.7702 | smoothed: 0.7708
Epoch 33 | Loss: 0.5691 | Val NDCG: 0.7697 | smoothed: 0.7702
Epoch 34 | Loss: 0.5691 | Val NDCG: 0.7712 | smoothed: 0.7704
Epoch 35 | Loss: 0.5692 | Val NDCG: 0.7724 | smoothed: 0.7711
Epoch 36 | Loss: 0.5688 | Val NDCG: 0.7706 | smoothed: 0.7714
Epoch 37 | Loss: 0.5684 | Val NDCG: 0.7715 | smoothed: 0.7715
Epoch 38 | Loss: 0.5679 | Val NDCG: 0.7716 | smoothed: 0.7713
Epoch 39 | Loss: 0.5687 | Val NDCG: 0.7721 | smoothed: 0.7718
Epoch 40 | Loss: 0.5683 | Val NDCG: 0.7716 | smoothed: 0.7718

Best smoothed NDCG: 0.7718 at epoch 40 of 40 run

1 combinations completed out of 1


--- Grid Search Results ---
 hidden_units  dropout_rate  num_blocks  num_heads     lr  val_ndcg  val_ndcg_raw  best_epoch  epochs_run  max_epochs
           64           0.3           3          8 0.0001  0.771768      0.771578          40          40          40

Best config: {'hidden_units': 64.0, 'dropout_rate': 0.3, 'num_blocks': 3.0, 'num_heads': 8.0, 'lr': 0.0001, 'val_ndcg': 0.7717682222898445, 'val_ndcg_raw': 0.771578411910533, 'best_epoch': 40.0, 'epochs_run': 40.0, 'max_epochs': 40.0}
1 of 1 configs reached max_epochs
1 of 1 were still improving when stopped
Best params saved to ../Models/sasrec_bce_best_params.json
