task 138 | loss drrl | node slurmnode-gpu07
NVIDIA A40, 46068 MiB
NVIDIA A40, 46068 MiB
NVIDIA A40, 46068 MiB
NVIDIA A40, 46068 MiB
Using device: cuda
Loading datasets...
Train sessions: 75875 | Val sessions: 16262

Running grid search over 486 combinations...

SLURM array task 138: 1 config -> ../Models/sasrec_grid_drrl_task138.csv
Trying: {'hidden_units': 64, 'dropout_rate': 0.5, 'num_blocks': 2, 'num_heads': 16, 'lr': 0.001, 'gamma': 2}
Epoch 1 | Loss: -0.1413 | Val NDCG: 0.7133 | smoothed: 0.7133
Epoch 2 | Loss: -0.2251 | Val NDCG: 0.7130 | smoothed: 0.7132
Epoch 3 | Loss: -0.2278 | Val NDCG: 0.6979 | smoothed: 0.7081
Epoch 4 | Loss: -0.2281 | Val NDCG: 0.7132 | smoothed: 0.7081
Epoch 5 | Loss: -0.2286 | Val NDCG: 0.6971 | smoothed: 0.7028
Epoch 6 | Loss: -0.2290 | Val NDCG: 0.7118 | smoothed: 0.7074

Best smoothed NDCG: 0.7133 at epoch 1 of 6 run

1 combinations completed out of 1


--- Grid Search Results ---
 hidden_units  dropout_rate  num_blocks  num_heads    lr  gamma  val_ndcg  val_ndcg_raw  best_epoch  epochs_run  max_epochs
           64           0.5           2         16 0.001      2  0.713335      0.713335           1           6          20

Best config: {'hidden_units': 64.0, 'dropout_rate': 0.5, 'num_blocks': 2.0, 'num_heads': 16.0, 'lr': 0.001, 'gamma': 2.0, 'val_ndcg': 0.713335348315665, 'val_ndcg_raw': 0.713335348315665, 'best_epoch': 1.0, 'epochs_run': 6.0, 'max_epochs': 20.0}
0 of 1 configs reached max_epochs
0 of 1 were still improving when stopped
Best params saved to ../Models/sasrec_drrl_best_params.json
