task 112 | loss bce | node slurmnode-gpu05
Tesla P100-PCIE-16GB, 16384 MiB
Tesla P100-PCIE-16GB, 16384 MiB
Tesla P100-PCIE-16GB, 16384 MiB
Tesla P100-PCIE-16GB, 16384 MiB
Using device: cuda
Loading datasets...
Train sessions: 75875 | Val sessions: 16262

Running grid search over 162 combinations...

SLURM array task 112: 1 config -> ../Models/sasrec_grid_bce_task112.csv
Trying: {'hidden_units': 256, 'dropout_rate': 0.1, 'num_blocks': 1, 'num_heads': 16, 'lr': 0.001}
Epoch 1 | Loss: 0.5859 | Val NDCG: 0.7636 | smoothed: 0.7636
Epoch 2 | Loss: 0.5762 | Val NDCG: 0.7667 | smoothed: 0.7651
Epoch 3 | Loss: 0.5749 | Val NDCG: 0.7635 | smoothed: 0.7646
Epoch 4 | Loss: 0.5722 | Val NDCG: 0.7702 | smoothed: 0.7668
Epoch 5 | Loss: 0.5707 | Val NDCG: 0.7709 | smoothed: 0.7682
Epoch 6 | Loss: 0.5701 | Val NDCG: 0.7749 | smoothed: 0.7720
Epoch 7 | Loss: 0.5679 | Val NDCG: 0.7687 | smoothed: 0.7715
Epoch 8 | Loss: 0.5677 | Val NDCG: 0.7770 | smoothed: 0.7735
Epoch 9 | Loss: 0.5668 | Val NDCG: 0.7772 | smoothed: 0.7743
Epoch 10 | Loss: 0.5660 | Val NDCG: 0.7759 | smoothed: 0.7767
Epoch 11 | Loss: 0.5648 | Val NDCG: 0.7766 | smoothed: 0.7766
Epoch 12 | Loss: 0.5643 | Val NDCG: 0.7790 | smoothed: 0.7772
Epoch 13 | Loss: 0.5644 | Val NDCG: 0.7797 | smoothed: 0.7784
Epoch 14 | Loss: 0.5628 | Val NDCG: 0.7788 | smoothed: 0.7792
Epoch 15 | Loss: 0.5625 | Val NDCG: 0.7809 | smoothed: 0.7798
Epoch 16 | Loss: 0.5628 | Val NDCG: 0.7821 | smoothed: 0.7806
Epoch 17 | Loss: 0.5626 | Val NDCG: 0.7810 | smoothed: 0.7813
Epoch 18 | Loss: 0.5610 | Val NDCG: 0.7841 | smoothed: 0.7824
Epoch 19 | Loss: 0.5617 | Val NDCG: 0.7834 | smoothed: 0.7828
Epoch 20 | Loss: 0.5613 | Val NDCG: 0.7827 | smoothed: 0.7834

Best smoothed NDCG: 0.7834 at epoch 20 of 20 run

1 combinations completed out of 1


--- Grid Search Results ---
 hidden_units  dropout_rate  num_blocks  num_heads    lr  val_ndcg  val_ndcg_raw  best_epoch  epochs_run  max_epochs
          256           0.1           1         16 0.001  0.783389      0.782737          20          20          20

Best config: {'hidden_units': 256.0, 'dropout_rate': 0.1, 'num_blocks': 1.0, 'num_heads': 16.0, 'lr': 0.001, 'val_ndcg': 0.7833886532869118, 'val_ndcg_raw': 0.7827366125337533, 'best_epoch': 20.0, 'epochs_run': 20.0, 'max_epochs': 20.0}
1 of 1 configs reached max_epochs
1 of 1 were still improving when stopped
Best params saved to ../Models/sasrec_bce_best_params.json
