task 22 | loss pwts | node slurmnode-gpu02
NVIDIA GeForce GTX 1080 Ti, 11264 MiB
NVIDIA GeForce GTX 1080 Ti, 11264 MiB
NVIDIA GeForce GTX 1080 Ti, 11264 MiB
NVIDIA GeForce GTX 1080 Ti, 11264 MiB
NVIDIA GeForce GTX 1080 Ti, 11264 MiB
NVIDIA GeForce GTX 1080 Ti, 11264 MiB
NVIDIA GeForce GTX 1080 Ti, 11264 MiB
NVIDIA GeForce GTX 1080 Ti, 11264 MiB
Using device: cuda
Loading datasets...
Train sessions: 75875 | Val sessions: 16262

Running grid search over 162 combinations...

SLURM array task 22: 1 config -> ../Models/sasrec_grid_pwts_task22.csv
Trying: {'hidden_units': 64, 'dropout_rate': 0.3, 'num_blocks': 1, 'num_heads': 16, 'lr': 0.001}
Epoch 1 | Loss: 0.6283 | Val NDCG: 0.7539 | smoothed: 0.7539
Epoch 2 | Loss: 0.6126 | Val NDCG: 0.7666 | smoothed: 0.7603
Epoch 3 | Loss: 0.6085 | Val NDCG: 0.7687 | smoothed: 0.7631
Epoch 4 | Loss: 0.6066 | Val NDCG: 0.7673 | smoothed: 0.7675
Epoch 5 | Loss: 0.6048 | Val NDCG: 0.7700 | smoothed: 0.7687
Epoch 6 | Loss: 0.6039 | Val NDCG: 0.7679 | smoothed: 0.7684
Epoch 7 | Loss: 0.6027 | Val NDCG: 0.7702 | smoothed: 0.7694
Epoch 8 | Loss: 0.6023 | Val NDCG: 0.7681 | smoothed: 0.7687
Epoch 9 | Loss: 0.6012 | Val NDCG: 0.7722 | smoothed: 0.7702
Epoch 10 | Loss: 0.6019 | Val NDCG: 0.7687 | smoothed: 0.7697
Epoch 11 | Loss: 0.5999 | Val NDCG: 0.7719 | smoothed: 0.7709
Epoch 12 | Loss: 0.5991 | Val NDCG: 0.7727 | smoothed: 0.7711
Epoch 13 | Loss: 0.6009 | Val NDCG: 0.7719 | smoothed: 0.7722
Epoch 14 | Loss: 0.5991 | Val NDCG: 0.7753 | smoothed: 0.7733
Epoch 15 | Loss: 0.5993 | Val NDCG: 0.7732 | smoothed: 0.7735
Epoch 16 | Loss: 0.5974 | Val NDCG: 0.7718 | smoothed: 0.7735
Epoch 17 | Loss: 0.5973 | Val NDCG: 0.7727 | smoothed: 0.7726
Epoch 18 | Loss: 0.5972 | Val NDCG: 0.7742 | smoothed: 0.7729
Epoch 19 | Loss: 0.5971 | Val NDCG: 0.7804 | smoothed: 0.7758
Epoch 20 | Loss: 0.5972 | Val NDCG: 0.7765 | smoothed: 0.7770

Best smoothed NDCG: 0.7770 at epoch 20 of 20 run

1 combinations completed out of 1


--- Grid Search Results ---
 hidden_units  dropout_rate  num_blocks  num_heads    lr  val_ndcg  val_ndcg_raw  best_epoch  epochs_run  max_epochs
           64           0.3           1         16 0.001   0.77703      0.776468          20          20          20

Best config: {'hidden_units': 64.0, 'dropout_rate': 0.3, 'num_blocks': 1.0, 'num_heads': 16.0, 'lr': 0.001, 'val_ndcg': 0.7770304136965565, 'val_ndcg_raw': 0.7764675242030693, 'best_epoch': 20.0, 'epochs_run': 20.0, 'max_epochs': 20.0}
1 of 1 configs reached max_epochs
1 of 1 were still improving when stopped
Best params saved to ../Models/sasrec_pwts_best_params.json
