task 449 | loss drrl | node slurmnode-gpu07
NVIDIA A40, 46068 MiB
NVIDIA A40, 46068 MiB
NVIDIA A40, 46068 MiB
NVIDIA A40, 46068 MiB
Using device: cuda
Loading datasets...
Train sessions: 75875 | Val sessions: 16262

Running grid search over 486 combinations...

SLURM array task 449: 1 config -> ../Models/sasrec_grid_drrl_task449.csv
Trying: {'hidden_units': 256, 'dropout_rate': 0.5, 'num_blocks': 1, 'num_heads': 16, 'lr': 0.0001, 'gamma': 4}
Epoch 1 | Loss: -0.0112 | Val NDCG: 0.6984 | smoothed: 0.6984
Epoch 2 | Loss: -0.2065 | Val NDCG: 0.7016 | smoothed: 0.7000
Epoch 3 | Loss: -0.2228 | Val NDCG: 0.7023 | smoothed: 0.7008
Epoch 4 | Loss: -0.2283 | Val NDCG: 0.7022 | smoothed: 0.7020
Epoch 5 | Loss: -0.2298 | Val NDCG: 0.7032 | smoothed: 0.7026
Epoch 6 | Loss: -0.2305 | Val NDCG: 0.7154 | smoothed: 0.7069
Epoch 7 | Loss: -0.2307 | Val NDCG: 0.7205 | smoothed: 0.7130
Epoch 8 | Loss: -0.2310 | Val NDCG: 0.7387 | smoothed: 0.7249
Epoch 9 | Loss: -0.2312 | Val NDCG: 0.7100 | smoothed: 0.7231
Epoch 10 | Loss: -0.2313 | Val NDCG: 0.7371 | smoothed: 0.7286
Epoch 11 | Loss: -0.2312 | Val NDCG: 0.7400 | smoothed: 0.7291
Epoch 12 | Loss: -0.2314 | Val NDCG: 0.7464 | smoothed: 0.7412
Epoch 13 | Loss: -0.2314 | Val NDCG: 0.7364 | smoothed: 0.7409
Epoch 14 | Loss: -0.2314 | Val NDCG: 0.7492 | smoothed: 0.7440
Epoch 15 | Loss: -0.2314 | Val NDCG: 0.7464 | smoothed: 0.7440
Epoch 16 | Loss: -0.2315 | Val NDCG: 0.7341 | smoothed: 0.7432
Epoch 17 | Loss: -0.2315 | Val NDCG: 0.7436 | smoothed: 0.7414
Epoch 18 | Loss: -0.2315 | Val NDCG: 0.7567 | smoothed: 0.7448
Epoch 19 | Loss: -0.2316 | Val NDCG: 0.7441 | smoothed: 0.7481
Epoch 20 | Loss: -0.2317 | Val NDCG: 0.7475 | smoothed: 0.7494
Epoch 21 | Loss: -0.2316 | Val NDCG: 0.7568 | smoothed: 0.7495
Epoch 22 | Loss: -0.2317 | Val NDCG: 0.7608 | smoothed: 0.7551
Epoch 23 | Loss: -0.2317 | Val NDCG: 0.7538 | smoothed: 0.7572
Epoch 24 | Loss: -0.2317 | Val NDCG: 0.7592 | smoothed: 0.7579
Epoch 25 | Loss: -0.2317 | Val NDCG: 0.7460 | smoothed: 0.7530
Epoch 26 | Loss: -0.2317 | Val NDCG: 0.7560 | smoothed: 0.7537
Epoch 27 | Loss: -0.2317 | Val NDCG: 0.7438 | smoothed: 0.7486
Epoch 28 | Loss: -0.2317 | Val NDCG: 0.7516 | smoothed: 0.7504
Epoch 29 | Loss: -0.2318 | Val NDCG: 0.7475 | smoothed: 0.7476

Best smoothed NDCG: 0.7579 at epoch 24 of 29 run

1 combinations completed out of 1


--- Grid Search Results ---
 hidden_units  dropout_rate  num_blocks  num_heads     lr  gamma  val_ndcg  val_ndcg_raw  best_epoch  epochs_run  max_epochs
          256           0.5           1         16 0.0001      4  0.757946      0.759185          24          29          40

Best config: {'hidden_units': 256.0, 'dropout_rate': 0.5, 'num_blocks': 1.0, 'num_heads': 16.0, 'lr': 0.0001, 'gamma': 4.0, 'val_ndcg': 0.7579461430259163, 'val_ndcg_raw': 0.7591846813599856, 'best_epoch': 24.0, 'epochs_run': 29.0, 'max_epochs': 40.0}
0 of 1 configs reached max_epochs
0 of 1 were still improving when stopped
Best params saved to ../Models/sasrec_drrl_best_params.json
