task 68 | loss pwts | node slurmnode-gpu03
Tesla P100-PCIE-16GB, 16384 MiB
Tesla P100-PCIE-16GB, 16384 MiB
Tesla P100-PCIE-16GB, 16384 MiB
Tesla P100-PCIE-16GB, 16384 MiB
Using device: cuda
Loading datasets...
Train sessions: 75875 | Val sessions: 16262

Running grid search over 162 combinations...

SLURM array task 68: 1 config -> ../Models/sasrec_grid_pwts_task68.csv
Trying: {'hidden_units': 128, 'dropout_rate': 0.1, 'num_blocks': 3, 'num_heads': 8, 'lr': 0.001}
Epoch 1 | Loss: 0.6140 | Val NDCG: 0.7604 | smoothed: 0.7604
Epoch 2 | Loss: 0.6037 | Val NDCG: 0.7650 | smoothed: 0.7627
Epoch 3 | Loss: 0.6011 | Val NDCG: 0.7639 | smoothed: 0.7631
Epoch 4 | Loss: 0.5982 | Val NDCG: 0.7673 | smoothed: 0.7654
Epoch 5 | Loss: 0.5971 | Val NDCG: 0.7705 | smoothed: 0.7672
Epoch 6 | Loss: 0.5958 | Val NDCG: 0.7717 | smoothed: 0.7698
Epoch 7 | Loss: 0.5946 | Val NDCG: 0.7688 | smoothed: 0.7704
Epoch 8 | Loss: 0.5952 | Val NDCG: 0.7732 | smoothed: 0.7712
Epoch 9 | Loss: 0.5928 | Val NDCG: 0.7758 | smoothed: 0.7726
Epoch 10 | Loss: 0.5936 | Val NDCG: 0.7738 | smoothed: 0.7743
Epoch 11 | Loss: 0.5915 | Val NDCG: 0.7775 | smoothed: 0.7757
Epoch 12 | Loss: 0.5909 | Val NDCG: 0.7758 | smoothed: 0.7757
Epoch 13 | Loss: 0.5904 | Val NDCG: 0.7755 | smoothed: 0.7763
Epoch 14 | Loss: 0.5897 | Val NDCG: 0.7785 | smoothed: 0.7766
Epoch 15 | Loss: 0.5895 | Val NDCG: 0.7788 | smoothed: 0.7776
Epoch 16 | Loss: 0.5886 | Val NDCG: 0.7782 | smoothed: 0.7785
Epoch 17 | Loss: 0.5888 | Val NDCG: 0.7807 | smoothed: 0.7792
Epoch 18 | Loss: 0.5873 | Val NDCG: 0.7787 | smoothed: 0.7792
Epoch 19 | Loss: 0.5884 | Val NDCG: 0.7761 | smoothed: 0.7785
Epoch 20 | Loss: 0.5871 | Val NDCG: 0.7785 | smoothed: 0.7778

Best smoothed NDCG: 0.7792 at epoch 17 of 20 run

1 combinations completed out of 1


--- Grid Search Results ---
 hidden_units  dropout_rate  num_blocks  num_heads    lr  val_ndcg  val_ndcg_raw  best_epoch  epochs_run  max_epochs
          128           0.1           3          8 0.001  0.779231      0.780747          17          20          20

Best config: {'hidden_units': 128.0, 'dropout_rate': 0.1, 'num_blocks': 3.0, 'num_heads': 8.0, 'lr': 0.001, 'val_ndcg': 0.7792306860366529, 'val_ndcg_raw': 0.7807466661158399, 'best_epoch': 17.0, 'epochs_run': 20.0, 'max_epochs': 20.0}
1 of 1 configs reached max_epochs
0 of 1 were still improving when stopped
Best params saved to ../Models/sasrec_pwts_best_params.json
