task 273 | loss drrl | node slurmnode-gpu03
Tesla P100-PCIE-16GB, 16384 MiB
Tesla P100-PCIE-16GB, 16384 MiB
Tesla P100-PCIE-16GB, 16384 MiB
Tesla P100-PCIE-16GB, 16384 MiB
Using device: cuda
Loading datasets...
Train sessions: 75875 | Val sessions: 16262

Running grid search over 486 combinations...

SLURM array task 273: 1 config -> ../Models/sasrec_grid_drrl_task273.csv
Trying: {'hidden_units': 128, 'dropout_rate': 0.5, 'num_blocks': 1, 'num_heads': 4, 'lr': 0.0001, 'gamma': 2}
Epoch 1 | Loss: 0.2767 | Val NDCG: 0.7248 | smoothed: 0.7248
Epoch 2 | Loss: -0.1570 | Val NDCG: 0.7187 | smoothed: 0.7217
Epoch 3 | Loss: -0.2112 | Val NDCG: 0.6946 | smoothed: 0.7127
Epoch 4 | Loss: -0.2260 | Val NDCG: 0.7046 | smoothed: 0.7060
Epoch 5 | Loss: -0.2296 | Val NDCG: 0.7214 | smoothed: 0.7069
Epoch 6 | Loss: -0.2305 | Val NDCG: 0.7180 | smoothed: 0.7147

Best smoothed NDCG: 0.7248 at epoch 1 of 6 run

1 combinations completed out of 1


--- Grid Search Results ---
 hidden_units  dropout_rate  num_blocks  num_heads     lr  gamma  val_ndcg  val_ndcg_raw  best_epoch  epochs_run  max_epochs
          128           0.5           1          4 0.0001      2  0.724783      0.724783           1           6          40

Best config: {'hidden_units': 128.0, 'dropout_rate': 0.5, 'num_blocks': 1.0, 'num_heads': 4.0, 'lr': 0.0001, 'gamma': 2.0, 'val_ndcg': 0.7247830755079931, 'val_ndcg_raw': 0.7247830755079931, 'best_epoch': 1.0, 'epochs_run': 6.0, 'max_epochs': 40.0}
0 of 1 configs reached max_epochs
0 of 1 were still improving when stopped
Best params saved to ../Models/sasrec_drrl_best_params.json
