task 30 | loss drrl | node slurmnode-gpu02
NVIDIA GeForce GTX 1080 Ti, 11264 MiB
NVIDIA GeForce GTX 1080 Ti, 11264 MiB
NVIDIA GeForce GTX 1080 Ti, 11264 MiB
NVIDIA GeForce GTX 1080 Ti, 11264 MiB
NVIDIA GeForce GTX 1080 Ti, 11264 MiB
NVIDIA GeForce GTX 1080 Ti, 11264 MiB
NVIDIA GeForce GTX 1080 Ti, 11264 MiB
NVIDIA GeForce GTX 1080 Ti, 11264 MiB
Using device: cuda
Loading datasets...
Train sessions: 75875 | Val sessions: 16262

Running grid search over 486 combinations...

SLURM array task 30: 1 config -> ../Models/sasrec_grid_drrl_task30.csv
Trying: {'hidden_units': 64, 'dropout_rate': 0.1, 'num_blocks': 2, 'num_heads': 16, 'lr': 0.001, 'gamma': 2}
Epoch 1 | Loss: -0.1726 | Val NDCG: 0.7237 | smoothed: 0.7237
Epoch 2 | Loss: -0.2201 | Val NDCG: 0.7212 | smoothed: 0.7225
Epoch 3 | Loss: -0.2234 | Val NDCG: 0.7312 | smoothed: 0.7254
Epoch 4 | Loss: -0.2255 | Val NDCG: 0.7209 | smoothed: 0.7244
Epoch 5 | Loss: -0.2270 | Val NDCG: 0.7039 | smoothed: 0.7186
Epoch 6 | Loss: -0.2276 | Val NDCG: 0.7432 | smoothed: 0.7226
Epoch 7 | Loss: -0.2283 | Val NDCG: 0.7362 | smoothed: 0.7278
Epoch 8 | Loss: -0.2284 | Val NDCG: 0.7446 | smoothed: 0.7414
Epoch 9 | Loss: -0.2288 | Val NDCG: 0.7480 | smoothed: 0.7430
Epoch 10 | Loss: -0.2291 | Val NDCG: 0.7382 | smoothed: 0.7436
Epoch 11 | Loss: -0.2295 | Val NDCG: 0.7478 | smoothed: 0.7447
Epoch 12 | Loss: -0.2292 | Val NDCG: 0.7588 | smoothed: 0.7482
Epoch 13 | Loss: -0.2293 | Val NDCG: 0.7643 | smoothed: 0.7570
Epoch 14 | Loss: -0.2293 | Val NDCG: 0.7251 | smoothed: 0.7494
Epoch 15 | Loss: -0.2294 | Val NDCG: 0.7626 | smoothed: 0.7507
Epoch 16 | Loss: -0.2291 | Val NDCG: 0.7636 | smoothed: 0.7504
Epoch 17 | Loss: -0.2293 | Val NDCG: 0.7537 | smoothed: 0.7600
Epoch 18 | Loss: -0.2288 | Val NDCG: 0.7639 | smoothed: 0.7604
Epoch 19 | Loss: -0.2293 | Val NDCG: 0.7665 | smoothed: 0.7614
Epoch 20 | Loss: -0.2292 | Val NDCG: 0.7622 | smoothed: 0.7642

Best smoothed NDCG: 0.7642 at epoch 20 of 20 run

1 combinations completed out of 1


--- Grid Search Results ---
 hidden_units  dropout_rate  num_blocks  num_heads    lr  gamma  val_ndcg  val_ndcg_raw  best_epoch  epochs_run  max_epochs
           64           0.1           2         16 0.001      2  0.764184      0.762175          20          20          20

Best config: {'hidden_units': 64.0, 'dropout_rate': 0.1, 'num_blocks': 2.0, 'num_heads': 16.0, 'lr': 0.001, 'gamma': 2.0, 'val_ndcg': 0.7641839940489575, 'val_ndcg_raw': 0.7621746759273906, 'best_epoch': 20.0, 'epochs_run': 20.0, 'max_epochs': 20.0}
1 of 1 configs reached max_epochs
1 of 1 were still improving when stopped
Best params saved to ../Models/sasrec_drrl_best_params.json
