task 287 | loss drrl | node slurmnode-gpu05
Tesla P100-PCIE-16GB, 16384 MiB
Tesla P100-PCIE-16GB, 16384 MiB
Tesla P100-PCIE-16GB, 16384 MiB
Tesla P100-PCIE-16GB, 16384 MiB
Using device: cuda
Loading datasets...
Train sessions: 75875 | Val sessions: 16262

Running grid search over 486 combinations...

SLURM array task 287: 1 config -> ../Models/sasrec_grid_drrl_task287.csv
Trying: {'hidden_units': 128, 'dropout_rate': 0.5, 'num_blocks': 1, 'num_heads': 16, 'lr': 0.0001, 'gamma': 4}
Epoch 1 | Loss: 0.0496 | Val NDCG: 0.7172 | smoothed: 0.7172
Epoch 2 | Loss: -0.2012 | Val NDCG: 0.6925 | smoothed: 0.7048
Epoch 3 | Loss: -0.2243 | Val NDCG: 0.6869 | smoothed: 0.6989
Epoch 4 | Loss: -0.2297 | Val NDCG: 0.6927 | smoothed: 0.6907
Epoch 5 | Loss: -0.2310 | Val NDCG: 0.6992 | smoothed: 0.6929
Epoch 6 | Loss: -0.2315 | Val NDCG: 0.6968 | smoothed: 0.6962

Best smoothed NDCG: 0.7172 at epoch 1 of 6 run

1 combinations completed out of 1


--- Grid Search Results ---
 hidden_units  dropout_rate  num_blocks  num_heads     lr  gamma  val_ndcg  val_ndcg_raw  best_epoch  epochs_run  max_epochs
          128           0.5           1         16 0.0001      4  0.717157      0.717157           1           6          40

Best config: {'hidden_units': 128.0, 'dropout_rate': 0.5, 'num_blocks': 1.0, 'num_heads': 16.0, 'lr': 0.0001, 'gamma': 4.0, 'val_ndcg': 0.717157394163133, 'val_ndcg_raw': 0.717157394163133, 'best_epoch': 1.0, 'epochs_run': 6.0, 'max_epochs': 40.0}
0 of 1 configs reached max_epochs
0 of 1 were still improving when stopped
Best params saved to ../Models/sasrec_drrl_best_params.json
