task 344 | loss drrl | node slurmnode-gpu03
Tesla P100-PCIE-16GB, 16384 MiB
Tesla P100-PCIE-16GB, 16384 MiB
Tesla P100-PCIE-16GB, 16384 MiB
Tesla P100-PCIE-16GB, 16384 MiB
Using device: cuda
Loading datasets...
Train sessions: 75875 | Val sessions: 16262

Running grid search over 486 combinations...

SLURM array task 344: 1 config -> ../Models/sasrec_grid_drrl_task344.csv
Trying: {'hidden_units': 256, 'dropout_rate': 0.1, 'num_blocks': 2, 'num_heads': 4, 'lr': 0.001, 'gamma': 4}
Epoch 1 | Loss: -0.1656 | Val NDCG: 0.7746 | smoothed: 0.7746
Epoch 2 | Loss: -0.2182 | Val NDCG: 0.7668 | smoothed: 0.7707
Epoch 3 | Loss: -0.2236 | Val NDCG: 0.7484 | smoothed: 0.7633
Epoch 4 | Loss: -0.2255 | Val NDCG: 0.7419 | smoothed: 0.7524
Epoch 5 | Loss: -0.2264 | Val NDCG: 0.7665 | smoothed: 0.7523
Epoch 6 | Loss: -0.2264 | Val NDCG: 0.7625 | smoothed: 0.7570

Best smoothed NDCG: 0.7746 at epoch 1 of 6 run

1 combinations completed out of 1


--- Grid Search Results ---
 hidden_units  dropout_rate  num_blocks  num_heads    lr  gamma  val_ndcg  val_ndcg_raw  best_epoch  epochs_run  max_epochs
          256           0.1           2          4 0.001      4  0.774606      0.774606           1           6          20

Best config: {'hidden_units': 256.0, 'dropout_rate': 0.1, 'num_blocks': 2.0, 'num_heads': 4.0, 'lr': 0.001, 'gamma': 4.0, 'val_ndcg': 0.7746056817552307, 'val_ndcg_raw': 0.7746056817552307, 'best_epoch': 1.0, 'epochs_run': 6.0, 'max_epochs': 20.0}
0 of 1 configs reached max_epochs
0 of 1 were still improving when stopped
Best params saved to ../Models/sasrec_drrl_best_params.json
