task 51 | loss pwts | node slurmnode-gpu02
NVIDIA GeForce GTX 1080 Ti, 11264 MiB
NVIDIA GeForce GTX 1080 Ti, 11264 MiB
NVIDIA GeForce GTX 1080 Ti, 11264 MiB
NVIDIA GeForce GTX 1080 Ti, 11264 MiB
NVIDIA GeForce GTX 1080 Ti, 11264 MiB
NVIDIA GeForce GTX 1080 Ti, 11264 MiB
NVIDIA GeForce GTX 1080 Ti, 11264 MiB
NVIDIA GeForce GTX 1080 Ti, 11264 MiB
Using device: cuda
Loading datasets...
Train sessions: 75875 | Val sessions: 16262

Running grid search over 162 combinations...

SLURM array task 51: 1 config -> ../Models/sasrec_grid_pwts_task51.csv
Trying: {'hidden_units': 64, 'dropout_rate': 0.5, 'num_blocks': 3, 'num_heads': 8, 'lr': 0.0001}
Epoch 1 | Loss: 0.6589 | Val NDCG: 0.7143 | smoothed: 0.7143
Epoch 2 | Loss: 0.6386 | Val NDCG: 0.7285 | smoothed: 0.7214
Epoch 3 | Loss: 0.6310 | Val NDCG: 0.7391 | smoothed: 0.7273
Epoch 4 | Loss: 0.6263 | Val NDCG: 0.7456 | smoothed: 0.7377
Epoch 5 | Loss: 0.6228 | Val NDCG: 0.7485 | smoothed: 0.7444
Epoch 6 | Loss: 0.6200 | Val NDCG: 0.7520 | smoothed: 0.7487
Epoch 7 | Loss: 0.6174 | Val NDCG: 0.7540 | smoothed: 0.7515
Epoch 8 | Loss: 0.6151 | Val NDCG: 0.7553 | smoothed: 0.7538
Epoch 9 | Loss: 0.6143 | Val NDCG: 0.7554 | smoothed: 0.7549
Epoch 10 | Loss: 0.6130 | Val NDCG: 0.7576 | smoothed: 0.7561
Epoch 11 | Loss: 0.6120 | Val NDCG: 0.7582 | smoothed: 0.7571
Epoch 12 | Loss: 0.6106 | Val NDCG: 0.7595 | smoothed: 0.7584
Epoch 13 | Loss: 0.6100 | Val NDCG: 0.7596 | smoothed: 0.7591
Epoch 14 | Loss: 0.6094 | Val NDCG: 0.7612 | smoothed: 0.7601
Epoch 15 | Loss: 0.6089 | Val NDCG: 0.7620 | smoothed: 0.7609
Epoch 16 | Loss: 0.6091 | Val NDCG: 0.7620 | smoothed: 0.7617
Epoch 17 | Loss: 0.6066 | Val NDCG: 0.7619 | smoothed: 0.7619
Epoch 18 | Loss: 0.6080 | Val NDCG: 0.7634 | smoothed: 0.7624
Epoch 19 | Loss: 0.6074 | Val NDCG: 0.7634 | smoothed: 0.7629
Epoch 20 | Loss: 0.6067 | Val NDCG: 0.7640 | smoothed: 0.7636
Epoch 21 | Loss: 0.6073 | Val NDCG: 0.7642 | smoothed: 0.7639
Epoch 22 | Loss: 0.6063 | Val NDCG: 0.7656 | smoothed: 0.7646
Epoch 23 | Loss: 0.6053 | Val NDCG: 0.7650 | smoothed: 0.7649
Epoch 24 | Loss: 0.6050 | Val NDCG: 0.7647 | smoothed: 0.7651
Epoch 25 | Loss: 0.6051 | Val NDCG: 0.7659 | smoothed: 0.7652
Epoch 26 | Loss: 0.6043 | Val NDCG: 0.7663 | smoothed: 0.7656
Epoch 27 | Loss: 0.6052 | Val NDCG: 0.7660 | smoothed: 0.7660
Epoch 28 | Loss: 0.6035 | Val NDCG: 0.7656 | smoothed: 0.7659
Epoch 29 | Loss: 0.6029 | Val NDCG: 0.7654 | smoothed: 0.7657
Epoch 30 | Loss: 0.6037 | Val NDCG: 0.7664 | smoothed: 0.7658
Epoch 31 | Loss: 0.6020 | Val NDCG: 0.7663 | smoothed: 0.7661
Epoch 32 | Loss: 0.6032 | Val NDCG: 0.7665 | smoothed: 0.7664
Epoch 33 | Loss: 0.6028 | Val NDCG: 0.7670 | smoothed: 0.7666
Epoch 34 | Loss: 0.6021 | Val NDCG: 0.7663 | smoothed: 0.7666
Epoch 35 | Loss: 0.6029 | Val NDCG: 0.7663 | smoothed: 0.7665
Epoch 36 | Loss: 0.6034 | Val NDCG: 0.7667 | smoothed: 0.7664
Epoch 37 | Loss: 0.6024 | Val NDCG: 0.7665 | smoothed: 0.7665
Epoch 38 | Loss: 0.6020 | Val NDCG: 0.7667 | smoothed: 0.7666
Epoch 39 | Loss: 0.6021 | Val NDCG: 0.7672 | smoothed: 0.7668
Epoch 40 | Loss: 0.6012 | Val NDCG: 0.7667 | smoothed: 0.7669

Best smoothed NDCG: 0.7669 at epoch 40 of 40 run

1 combinations completed out of 1


--- Grid Search Results ---
 hidden_units  dropout_rate  num_blocks  num_heads     lr  val_ndcg  val_ndcg_raw  best_epoch  epochs_run  max_epochs
           64           0.5           3          8 0.0001  0.766891      0.766738          40          40          40

Best config: {'hidden_units': 64.0, 'dropout_rate': 0.5, 'num_blocks': 3.0, 'num_heads': 8.0, 'lr': 0.0001, 'val_ndcg': 0.7668914083099918, 'val_ndcg_raw': 0.7667382647794813, 'best_epoch': 40.0, 'epochs_run': 40.0, 'max_epochs': 40.0}
1 of 1 configs reached max_epochs
1 of 1 were still improving when stopped
Best params saved to ../Models/sasrec_pwts_best_params.json
