task 92 | loss drrl | node slurmnode-gpu05
Tesla P100-PCIE-16GB, 16384 MiB
Tesla P100-PCIE-16GB, 16384 MiB
Tesla P100-PCIE-16GB, 16384 MiB
Tesla P100-PCIE-16GB, 16384 MiB
Using device: cuda
Loading datasets...
Train sessions: 75875 | Val sessions: 16262

Running grid search over 486 combinations...

SLURM array task 92: 1 config -> ../Models/sasrec_grid_drrl_task92.csv
Trying: {'hidden_units': 64, 'dropout_rate': 0.3, 'num_blocks': 3, 'num_heads': 4, 'lr': 0.001, 'gamma': 4}
Epoch 1 | Loss: -0.1912 | Val NDCG: 0.7305 | smoothed: 0.7305
Epoch 2 | Loss: -0.2239 | Val NDCG: 0.7273 | smoothed: 0.7289
Epoch 3 | Loss: -0.2267 | Val NDCG: 0.7210 | smoothed: 0.7263
Epoch 4 | Loss: -0.2278 | Val NDCG: 0.7347 | smoothed: 0.7277
Epoch 5 | Loss: -0.2287 | Val NDCG: 0.7605 | smoothed: 0.7387
Epoch 6 | Loss: -0.2295 | Val NDCG: 0.7441 | smoothed: 0.7464
Epoch 7 | Loss: -0.2296 | Val NDCG: 0.7577 | smoothed: 0.7541
Epoch 8 | Loss: -0.2297 | Val NDCG: 0.7556 | smoothed: 0.7525
Epoch 9 | Loss: -0.2302 | Val NDCG: 0.7564 | smoothed: 0.7565
Epoch 10 | Loss: -0.2303 | Val NDCG: 0.7630 | smoothed: 0.7583
Epoch 11 | Loss: -0.2305 | Val NDCG: 0.7613 | smoothed: 0.7602
Epoch 12 | Loss: -0.2304 | Val NDCG: 0.7628 | smoothed: 0.7624
Epoch 13 | Loss: -0.2306 | Val NDCG: 0.7694 | smoothed: 0.7645
Epoch 14 | Loss: -0.2306 | Val NDCG: 0.7668 | smoothed: 0.7663
Epoch 15 | Loss: -0.2306 | Val NDCG: 0.7515 | smoothed: 0.7626
Epoch 16 | Loss: -0.2308 | Val NDCG: 0.7691 | smoothed: 0.7625
Epoch 17 | Loss: -0.2307 | Val NDCG: 0.7609 | smoothed: 0.7605
Epoch 18 | Loss: -0.2309 | Val NDCG: 0.7655 | smoothed: 0.7652
Epoch 19 | Loss: -0.2309 | Val NDCG: 0.7681 | smoothed: 0.7648

Best smoothed NDCG: 0.7663 at epoch 14 of 19 run

1 combinations completed out of 1


--- Grid Search Results ---
 hidden_units  dropout_rate  num_blocks  num_heads    lr  gamma  val_ndcg  val_ndcg_raw  best_epoch  epochs_run  max_epochs
           64           0.3           3          4 0.001      4  0.766336       0.76679          14          19          20

Best config: {'hidden_units': 64.0, 'dropout_rate': 0.3, 'num_blocks': 3.0, 'num_heads': 4.0, 'lr': 0.001, 'gamma': 4.0, 'val_ndcg': 0.7663357303254422, 'val_ndcg_raw': 0.7667898500134149, 'best_epoch': 14.0, 'epochs_run': 19.0, 'max_epochs': 20.0}
0 of 1 configs reached max_epochs
0 of 1 were still improving when stopped
Best params saved to ../Models/sasrec_drrl_best_params.json
