task 118 | loss bce | node slurmnode-gpu07
NVIDIA A40, 46068 MiB
NVIDIA A40, 46068 MiB
NVIDIA A40, 46068 MiB
NVIDIA A40, 46068 MiB
Using device: cuda
Loading datasets...
Train sessions: 75875 | Val sessions: 16262

Running grid search over 162 combinations...

SLURM array task 118: 1 config -> ../Models/sasrec_grid_bce_task118.csv
Trying: {'hidden_units': 256, 'dropout_rate': 0.1, 'num_blocks': 2, 'num_heads': 16, 'lr': 0.001}
Epoch 1 | Loss: 0.5849 | Val NDCG: 0.7593 | smoothed: 0.7593
Epoch 2 | Loss: 0.5748 | Val NDCG: 0.7645 | smoothed: 0.7619
Epoch 3 | Loss: 0.5733 | Val NDCG: 0.7671 | smoothed: 0.7637
Epoch 4 | Loss: 0.5701 | Val NDCG: 0.7700 | smoothed: 0.7672
Epoch 5 | Loss: 0.5700 | Val NDCG: 0.7734 | smoothed: 0.7702
Epoch 6 | Loss: 0.5695 | Val NDCG: 0.7745 | smoothed: 0.7727
Epoch 7 | Loss: 0.5684 | Val NDCG: 0.7739 | smoothed: 0.7740
Epoch 8 | Loss: 0.5669 | Val NDCG: 0.7733 | smoothed: 0.7739
Epoch 9 | Loss: 0.5666 | Val NDCG: 0.7690 | smoothed: 0.7721
Epoch 10 | Loss: 0.5656 | Val NDCG: 0.7767 | smoothed: 0.7730
Epoch 11 | Loss: 0.5638 | Val NDCG: 0.7729 | smoothed: 0.7729
Epoch 12 | Loss: 0.5651 | Val NDCG: 0.7739 | smoothed: 0.7745
Epoch 13 | Loss: 0.5644 | Val NDCG: 0.7781 | smoothed: 0.7750
Epoch 14 | Loss: 0.5634 | Val NDCG: 0.7787 | smoothed: 0.7769
Epoch 15 | Loss: 0.5626 | Val NDCG: 0.7756 | smoothed: 0.7775
Epoch 16 | Loss: 0.5632 | Val NDCG: 0.7781 | smoothed: 0.7775
Epoch 17 | Loss: 0.5621 | Val NDCG: 0.7766 | smoothed: 0.7768
Epoch 18 | Loss: 0.5627 | Val NDCG: 0.7800 | smoothed: 0.7782
Epoch 19 | Loss: 0.5614 | Val NDCG: 0.7772 | smoothed: 0.7779
Epoch 20 | Loss: 0.5614 | Val NDCG: 0.7763 | smoothed: 0.7778

Best smoothed NDCG: 0.7782 at epoch 18 of 20 run

1 combinations completed out of 1


--- Grid Search Results ---
 hidden_units  dropout_rate  num_blocks  num_heads    lr  val_ndcg  val_ndcg_raw  best_epoch  epochs_run  max_epochs
          256           0.1           2         16 0.001  0.778225      0.779994          18          20          20

Best config: {'hidden_units': 256.0, 'dropout_rate': 0.1, 'num_blocks': 2.0, 'num_heads': 16.0, 'lr': 0.001, 'val_ndcg': 0.7782249772281427, 'val_ndcg_raw': 0.779994388011237, 'best_epoch': 18.0, 'epochs_run': 20.0, 'max_epochs': 20.0}
1 of 1 configs reached max_epochs
0 of 1 were still improving when stopped
Best params saved to ../Models/sasrec_bce_best_params.json
