task 53 | loss drrl | node slurmnode-gpu05
Tesla P100-PCIE-16GB, 16384 MiB
Tesla P100-PCIE-16GB, 16384 MiB
Tesla P100-PCIE-16GB, 16384 MiB
Tesla P100-PCIE-16GB, 16384 MiB
Using device: cuda
Loading datasets...
Train sessions: 75875 | Val sessions: 16262

Running grid search over 486 combinations...

SLURM array task 53: 1 config -> ../Models/sasrec_grid_drrl_task53.csv
Trying: {'hidden_units': 64, 'dropout_rate': 0.1, 'num_blocks': 3, 'num_heads': 16, 'lr': 0.0001, 'gamma': 4}
Epoch 1 | Loss: -0.0246 | Val NDCG: 0.7250 | smoothed: 0.7250
Epoch 2 | Loss: -0.2023 | Val NDCG: 0.7237 | smoothed: 0.7243
Epoch 3 | Loss: -0.2180 | Val NDCG: 0.7244 | smoothed: 0.7243
Epoch 4 | Loss: -0.2239 | Val NDCG: 0.7311 | smoothed: 0.7264
Epoch 5 | Loss: -0.2268 | Val NDCG: 0.7371 | smoothed: 0.7309
Epoch 6 | Loss: -0.2285 | Val NDCG: 0.7324 | smoothed: 0.7336
Epoch 7 | Loss: -0.2294 | Val NDCG: 0.7420 | smoothed: 0.7372
Epoch 8 | Loss: -0.2300 | Val NDCG: 0.7350 | smoothed: 0.7365
Epoch 9 | Loss: -0.2304 | Val NDCG: 0.7327 | smoothed: 0.7366
Epoch 10 | Loss: -0.2307 | Val NDCG: 0.7434 | smoothed: 0.7371
Epoch 11 | Loss: -0.2309 | Val NDCG: 0.7514 | smoothed: 0.7425
Epoch 12 | Loss: -0.2311 | Val NDCG: 0.7308 | smoothed: 0.7419
Epoch 13 | Loss: -0.2312 | Val NDCG: 0.7310 | smoothed: 0.7377
Epoch 14 | Loss: -0.2313 | Val NDCG: 0.7457 | smoothed: 0.7358
Epoch 15 | Loss: -0.2314 | Val NDCG: 0.7465 | smoothed: 0.7411
Epoch 16 | Loss: -0.2315 | Val NDCG: 0.7574 | smoothed: 0.7499
Epoch 17 | Loss: -0.2315 | Val NDCG: 0.7645 | smoothed: 0.7561
Epoch 18 | Loss: -0.2315 | Val NDCG: 0.7610 | smoothed: 0.7610
Epoch 19 | Loss: -0.2316 | Val NDCG: 0.7563 | smoothed: 0.7606
Epoch 20 | Loss: -0.2316 | Val NDCG: 0.7456 | smoothed: 0.7543
Epoch 21 | Loss: -0.2316 | Val NDCG: 0.7625 | smoothed: 0.7548
Epoch 22 | Loss: -0.2317 | Val NDCG: 0.7535 | smoothed: 0.7539
Epoch 23 | Loss: -0.2316 | Val NDCG: 0.7529 | smoothed: 0.7563

Best smoothed NDCG: 0.7610 at epoch 18 of 23 run

1 combinations completed out of 1


--- Grid Search Results ---
 hidden_units  dropout_rate  num_blocks  num_heads     lr  gamma  val_ndcg  val_ndcg_raw  best_epoch  epochs_run  max_epochs
           64           0.1           3         16 0.0001      4  0.760992      0.761032          18          23          40

Best config: {'hidden_units': 64.0, 'dropout_rate': 0.1, 'num_blocks': 3.0, 'num_heads': 16.0, 'lr': 0.0001, 'gamma': 4.0, 'val_ndcg': 0.7609918676670233, 'val_ndcg_raw': 0.7610320465659276, 'best_epoch': 18.0, 'epochs_run': 23.0, 'max_epochs': 40.0}
0 of 1 configs reached max_epochs
0 of 1 were still improving when stopped
Best params saved to ../Models/sasrec_drrl_best_params.json
