task 15 | loss drrl | node slurmnode-gpu02
NVIDIA GeForce GTX 1080 Ti, 11264 MiB
NVIDIA GeForce GTX 1080 Ti, 11264 MiB
NVIDIA GeForce GTX 1080 Ti, 11264 MiB
NVIDIA GeForce GTX 1080 Ti, 11264 MiB
NVIDIA GeForce GTX 1080 Ti, 11264 MiB
NVIDIA GeForce GTX 1080 Ti, 11264 MiB
NVIDIA GeForce GTX 1080 Ti, 11264 MiB
NVIDIA GeForce GTX 1080 Ti, 11264 MiB
Using device: cuda
Loading datasets...
Train sessions: 75875 | Val sessions: 16262

Running grid search over 486 combinations...

SLURM array task 15: 1 config -> ../Models/sasrec_grid_drrl_task15.csv
Trying: {'hidden_units': 64, 'dropout_rate': 0.1, 'num_blocks': 1, 'num_heads': 16, 'lr': 0.0001, 'gamma': 2}
Epoch 1 | Loss: 0.1254 | Val NDCG: 0.7133 | smoothed: 0.7133
Epoch 2 | Loss: -0.1596 | Val NDCG: 0.7176 | smoothed: 0.7155
Epoch 3 | Loss: -0.1987 | Val NDCG: 0.7190 | smoothed: 0.7166
Epoch 4 | Loss: -0.2143 | Val NDCG: 0.7204 | smoothed: 0.7190
Epoch 5 | Loss: -0.2216 | Val NDCG: 0.7162 | smoothed: 0.7185
Epoch 6 | Loss: -0.2253 | Val NDCG: 0.7205 | smoothed: 0.7190
Epoch 7 | Loss: -0.2277 | Val NDCG: 0.7221 | smoothed: 0.7196
Epoch 8 | Loss: -0.2291 | Val NDCG: 0.7240 | smoothed: 0.7222
Epoch 9 | Loss: -0.2300 | Val NDCG: 0.7219 | smoothed: 0.7227
Epoch 10 | Loss: -0.2305 | Val NDCG: 0.7288 | smoothed: 0.7249
Epoch 11 | Loss: -0.2309 | Val NDCG: 0.7277 | smoothed: 0.7261
Epoch 12 | Loss: -0.2312 | Val NDCG: 0.7322 | smoothed: 0.7296
Epoch 13 | Loss: -0.2315 | Val NDCG: 0.7319 | smoothed: 0.7306
Epoch 14 | Loss: -0.2316 | Val NDCG: 0.7315 | smoothed: 0.7319
Epoch 15 | Loss: -0.2316 | Val NDCG: 0.7424 | smoothed: 0.7353
Epoch 16 | Loss: -0.2317 | Val NDCG: 0.7330 | smoothed: 0.7356
Epoch 17 | Loss: -0.2318 | Val NDCG: 0.7421 | smoothed: 0.7391
Epoch 18 | Loss: -0.2318 | Val NDCG: 0.7386 | smoothed: 0.7379
Epoch 19 | Loss: -0.2319 | Val NDCG: 0.7383 | smoothed: 0.7397
Epoch 20 | Loss: -0.2320 | Val NDCG: 0.7309 | smoothed: 0.7359
Epoch 21 | Loss: -0.2319 | Val NDCG: 0.7395 | smoothed: 0.7362
Epoch 22 | Loss: -0.2319 | Val NDCG: 0.7510 | smoothed: 0.7405
Epoch 23 | Loss: -0.2319 | Val NDCG: 0.7578 | smoothed: 0.7494
Epoch 24 | Loss: -0.2319 | Val NDCG: 0.7239 | smoothed: 0.7442
Epoch 25 | Loss: -0.2318 | Val NDCG: 0.7286 | smoothed: 0.7368
Epoch 26 | Loss: -0.2321 | Val NDCG: 0.7414 | smoothed: 0.7313
Epoch 27 | Loss: -0.2319 | Val NDCG: 0.7334 | smoothed: 0.7345
Epoch 28 | Loss: -0.2319 | Val NDCG: 0.7517 | smoothed: 0.7422

Best smoothed NDCG: 0.7494 at epoch 23 of 28 run

1 combinations completed out of 1


--- Grid Search Results ---
 hidden_units  dropout_rate  num_blocks  num_heads     lr  gamma  val_ndcg  val_ndcg_raw  best_epoch  epochs_run  max_epochs
           64           0.1           1         16 0.0001      2  0.749432      0.757777          23          28          40

Best config: {'hidden_units': 64.0, 'dropout_rate': 0.1, 'num_blocks': 1.0, 'num_heads': 16.0, 'lr': 0.0001, 'gamma': 2.0, 'val_ndcg': 0.7494318379194618, 'val_ndcg_raw': 0.7577766672099107, 'best_epoch': 23.0, 'epochs_run': 28.0, 'max_epochs': 40.0}
0 of 1 configs reached max_epochs
0 of 1 were still improving when stopped
Best params saved to ../Models/sasrec_drrl_best_params.json
