task 422 | loss drrl | node slurmnode-gpu03
Tesla P100-PCIE-16GB, 16384 MiB
Tesla P100-PCIE-16GB, 16384 MiB
Tesla P100-PCIE-16GB, 16384 MiB
Tesla P100-PCIE-16GB, 16384 MiB
Using device: cuda
Loading datasets...
Train sessions: 75875 | Val sessions: 16262

Running grid search over 486 combinations...

SLURM array task 422: 1 config -> ../Models/sasrec_grid_drrl_task422.csv
Trying: {'hidden_units': 256, 'dropout_rate': 0.3, 'num_blocks': 3, 'num_heads': 8, 'lr': 0.001, 'gamma': 4}
Epoch 1 | Loss: -0.1780 | Val NDCG: 0.7207 | smoothed: 0.7207
Epoch 2 | Loss: -0.2214 | Val NDCG: 0.7468 | smoothed: 0.7338
Epoch 3 | Loss: -0.2239 | Val NDCG: 0.7381 | smoothed: 0.7352
Epoch 4 | Loss: -0.2248 | Val NDCG: 0.7275 | smoothed: 0.7375
Epoch 5 | Loss: -0.2257 | Val NDCG: 0.7318 | smoothed: 0.7325
Epoch 6 | Loss: -0.2263 | Val NDCG: 0.7568 | smoothed: 0.7387
Epoch 7 | Loss: -0.2270 | Val NDCG: 0.7580 | smoothed: 0.7489
Epoch 8 | Loss: -0.2272 | Val NDCG: 0.7666 | smoothed: 0.7605
Epoch 9 | Loss: -0.2272 | Val NDCG: 0.7638 | smoothed: 0.7628
Epoch 10 | Loss: -0.2269 | Val NDCG: 0.7655 | smoothed: 0.7653
Epoch 11 | Loss: -0.2276 | Val NDCG: 0.7621 | smoothed: 0.7638
Epoch 12 | Loss: -0.2273 | Val NDCG: 0.7688 | smoothed: 0.7655
Epoch 13 | Loss: -0.2282 | Val NDCG: 0.7726 | smoothed: 0.7678
Epoch 14 | Loss: -0.2282 | Val NDCG: 0.7628 | smoothed: 0.7681
Epoch 15 | Loss: -0.2280 | Val NDCG: 0.7720 | smoothed: 0.7692
Epoch 16 | Loss: -0.2288 | Val NDCG: 0.7692 | smoothed: 0.7680
Epoch 17 | Loss: -0.2286 | Val NDCG: 0.7665 | smoothed: 0.7692
Epoch 18 | Loss: -0.2287 | Val NDCG: 0.7735 | smoothed: 0.7697
Epoch 19 | Loss: -0.2288 | Val NDCG: 0.7664 | smoothed: 0.7688
Epoch 20 | Loss: -0.2288 | Val NDCG: 0.7730 | smoothed: 0.7710

Best smoothed NDCG: 0.7710 at epoch 20 of 20 run

1 combinations completed out of 1


--- Grid Search Results ---
 hidden_units  dropout_rate  num_blocks  num_heads    lr  gamma  val_ndcg  val_ndcg_raw  best_epoch  epochs_run  max_epochs
          256           0.3           3          8 0.001      4  0.770998      0.773023          20          20          20

Best config: {'hidden_units': 256.0, 'dropout_rate': 0.3, 'num_blocks': 3.0, 'num_heads': 8.0, 'lr': 0.001, 'gamma': 4.0, 'val_ndcg': 0.770998363131349, 'val_ndcg_raw': 0.7730227841981873, 'best_epoch': 20.0, 'epochs_run': 20.0, 'max_epochs': 20.0}
1 of 1 configs reached max_epochs
1 of 1 were still improving when stopped
Best params saved to ../Models/sasrec_drrl_best_params.json
