task 95 | loss pwts | node slurmnode-gpu05
Tesla P100-PCIE-16GB, 16384 MiB
Tesla P100-PCIE-16GB, 16384 MiB
Tesla P100-PCIE-16GB, 16384 MiB
Tesla P100-PCIE-16GB, 16384 MiB
Using device: cuda
Loading datasets...
Train sessions: 75875 | Val sessions: 16262

Running grid search over 162 combinations...

SLURM array task 95: 1 config -> ../Models/sasrec_grid_pwts_task95.csv
Trying: {'hidden_units': 128, 'dropout_rate': 0.5, 'num_blocks': 1, 'num_heads': 16, 'lr': 0.0001}
Epoch 1 | Loss: 0.6550 | Val NDCG: 0.7245 | smoothed: 0.7245
Epoch 2 | Loss: 0.6366 | Val NDCG: 0.7334 | smoothed: 0.7289
Epoch 3 | Loss: 0.6283 | Val NDCG: 0.7417 | smoothed: 0.7332
Epoch 4 | Loss: 0.6251 | Val NDCG: 0.7466 | smoothed: 0.7406
Epoch 5 | Loss: 0.6219 | Val NDCG: 0.7525 | smoothed: 0.7469
Epoch 6 | Loss: 0.6195 | Val NDCG: 0.7540 | smoothed: 0.7510
Epoch 7 | Loss: 0.6178 | Val NDCG: 0.7559 | smoothed: 0.7541
Epoch 8 | Loss: 0.6162 | Val NDCG: 0.7594 | smoothed: 0.7564
Epoch 9 | Loss: 0.6145 | Val NDCG: 0.7573 | smoothed: 0.7575
Epoch 10 | Loss: 0.6134 | Val NDCG: 0.7598 | smoothed: 0.7588
Epoch 11 | Loss: 0.6121 | Val NDCG: 0.7620 | smoothed: 0.7597
Epoch 12 | Loss: 0.6110 | Val NDCG: 0.7624 | smoothed: 0.7614
Epoch 13 | Loss: 0.6100 | Val NDCG: 0.7617 | smoothed: 0.7620
Epoch 14 | Loss: 0.6106 | Val NDCG: 0.7642 | smoothed: 0.7628
Epoch 15 | Loss: 0.6104 | Val NDCG: 0.7642 | smoothed: 0.7634
Epoch 16 | Loss: 0.6092 | Val NDCG: 0.7661 | smoothed: 0.7648
Epoch 17 | Loss: 0.6082 | Val NDCG: 0.7665 | smoothed: 0.7656
Epoch 18 | Loss: 0.6080 | Val NDCG: 0.7660 | smoothed: 0.7662
Epoch 19 | Loss: 0.6075 | Val NDCG: 0.7666 | smoothed: 0.7664
Epoch 20 | Loss: 0.6073 | Val NDCG: 0.7662 | smoothed: 0.7663
Epoch 21 | Loss: 0.6066 | Val NDCG: 0.7661 | smoothed: 0.7663
Epoch 22 | Loss: 0.6068 | Val NDCG: 0.7672 | smoothed: 0.7665
Epoch 23 | Loss: 0.6067 | Val NDCG: 0.7675 | smoothed: 0.7669
Epoch 24 | Loss: 0.6057 | Val NDCG: 0.7678 | smoothed: 0.7675
Epoch 25 | Loss: 0.6060 | Val NDCG: 0.7677 | smoothed: 0.7677
Epoch 26 | Loss: 0.6060 | Val NDCG: 0.7693 | smoothed: 0.7683
Epoch 27 | Loss: 0.6056 | Val NDCG: 0.7652 | smoothed: 0.7674
Epoch 28 | Loss: 0.6049 | Val NDCG: 0.7672 | smoothed: 0.7672
Epoch 29 | Loss: 0.6056 | Val NDCG: 0.7677 | smoothed: 0.7667
Epoch 30 | Loss: 0.6049 | Val NDCG: 0.7682 | smoothed: 0.7677
Epoch 31 | Loss: 0.6056 | Val NDCG: 0.7687 | smoothed: 0.7682

Best smoothed NDCG: 0.7683 at epoch 26 of 31 run

1 combinations completed out of 1


--- Grid Search Results ---
 hidden_units  dropout_rate  num_blocks  num_heads     lr  val_ndcg  val_ndcg_raw  best_epoch  epochs_run  max_epochs
          128           0.5           1         16 0.0001   0.76828      0.769298          26          31          40

Best config: {'hidden_units': 128.0, 'dropout_rate': 0.5, 'num_blocks': 1.0, 'num_heads': 16.0, 'lr': 0.0001, 'val_ndcg': 0.7682800030636873, 'val_ndcg_raw': 0.76929783507343, 'best_epoch': 26.0, 'epochs_run': 31.0, 'max_epochs': 40.0}
0 of 1 configs reached max_epochs
0 of 1 were still improving when stopped
Best params saved to ../Models/sasrec_pwts_best_params.json
