task 282 | loss drrl | node slurmnode-gpu03
Tesla P100-PCIE-16GB, 16384 MiB
Tesla P100-PCIE-16GB, 16384 MiB
Tesla P100-PCIE-16GB, 16384 MiB
Tesla P100-PCIE-16GB, 16384 MiB
Using device: cuda
Loading datasets...
Train sessions: 75875 | Val sessions: 16262

Running grid search over 486 combinations...

SLURM array task 282: 1 config -> ../Models/sasrec_grid_drrl_task282.csv
Trying: {'hidden_units': 128, 'dropout_rate': 0.5, 'num_blocks': 1, 'num_heads': 16, 'lr': 0.001, 'gamma': 2}
Epoch 1 | Loss: -0.1392 | Val NDCG: 0.7015 | smoothed: 0.7015
Epoch 2 | Loss: -0.2214 | Val NDCG: 0.7109 | smoothed: 0.7062
Epoch 3 | Loss: -0.2243 | Val NDCG: 0.6918 | smoothed: 0.7014
Epoch 4 | Loss: -0.2255 | Val NDCG: 0.7068 | smoothed: 0.7031
Epoch 5 | Loss: -0.2267 | Val NDCG: 0.6985 | smoothed: 0.6990
Epoch 6 | Loss: -0.2272 | Val NDCG: 0.7113 | smoothed: 0.7055
Epoch 7 | Loss: -0.2276 | Val NDCG: 0.7161 | smoothed: 0.7086
Epoch 8 | Loss: -0.2279 | Val NDCG: 0.7244 | smoothed: 0.7173
Epoch 9 | Loss: -0.2281 | Val NDCG: 0.7492 | smoothed: 0.7299
Epoch 10 | Loss: -0.2282 | Val NDCG: 0.7532 | smoothed: 0.7423
Epoch 11 | Loss: -0.2283 | Val NDCG: 0.7460 | smoothed: 0.7495
Epoch 12 | Loss: -0.2283 | Val NDCG: 0.7529 | smoothed: 0.7507
Epoch 13 | Loss: -0.2284 | Val NDCG: 0.7560 | smoothed: 0.7517
Epoch 14 | Loss: -0.2286 | Val NDCG: 0.7546 | smoothed: 0.7545
Epoch 15 | Loss: -0.2286 | Val NDCG: 0.7609 | smoothed: 0.7572
Epoch 16 | Loss: -0.2288 | Val NDCG: 0.7652 | smoothed: 0.7602
Epoch 17 | Loss: -0.2286 | Val NDCG: 0.7533 | smoothed: 0.7598
Epoch 18 | Loss: -0.2287 | Val NDCG: 0.7565 | smoothed: 0.7583
Epoch 19 | Loss: -0.2290 | Val NDCG: 0.7600 | smoothed: 0.7566
Epoch 20 | Loss: -0.2288 | Val NDCG: 0.7652 | smoothed: 0.7606

Best smoothed NDCG: 0.7606 at epoch 20 of 20 run

1 combinations completed out of 1


--- Grid Search Results ---
 hidden_units  dropout_rate  num_blocks  num_heads    lr  gamma  val_ndcg  val_ndcg_raw  best_epoch  epochs_run  max_epochs
          128           0.5           1         16 0.001      2  0.760578      0.765206          20          20          20

Best config: {'hidden_units': 128.0, 'dropout_rate': 0.5, 'num_blocks': 1.0, 'num_heads': 16.0, 'lr': 0.001, 'gamma': 2.0, 'val_ndcg': 0.7605781728505686, 'val_ndcg_raw': 0.7652061157182319, 'best_epoch': 20.0, 'epochs_run': 20.0, 'max_epochs': 20.0}
1 of 1 configs reached max_epochs
1 of 1 were still improving when stopped
Best params saved to ../Models/sasrec_drrl_best_params.json
