task 230 | loss drrl | node slurmnode-gpu03
Tesla P100-PCIE-16GB, 16384 MiB
Tesla P100-PCIE-16GB, 16384 MiB
Tesla P100-PCIE-16GB, 16384 MiB
Tesla P100-PCIE-16GB, 16384 MiB
Using device: cuda
Loading datasets...
Train sessions: 75875 | Val sessions: 16262

Running grid search over 486 combinations...

SLURM array task 230: 1 config -> ../Models/sasrec_grid_drrl_task230.csv
Trying: {'hidden_units': 128, 'dropout_rate': 0.3, 'num_blocks': 1, 'num_heads': 16, 'lr': 0.001, 'gamma': 4}
Epoch 1 | Loss: -0.1827 | Val NDCG: 0.7102 | smoothed: 0.7102
Epoch 2 | Loss: -0.2239 | Val NDCG: 0.7256 | smoothed: 0.7179
Epoch 3 | Loss: -0.2266 | Val NDCG: 0.7311 | smoothed: 0.7223
Epoch 4 | Loss: -0.2269 | Val NDCG: 0.7245 | smoothed: 0.7270
Epoch 5 | Loss: -0.2276 | Val NDCG: 0.7307 | smoothed: 0.7288
Epoch 6 | Loss: -0.2285 | Val NDCG: 0.7270 | smoothed: 0.7274
Epoch 7 | Loss: -0.2285 | Val NDCG: 0.7596 | smoothed: 0.7391
Epoch 8 | Loss: -0.2286 | Val NDCG: 0.7654 | smoothed: 0.7507
Epoch 9 | Loss: -0.2288 | Val NDCG: 0.7669 | smoothed: 0.7640
Epoch 10 | Loss: -0.2285 | Val NDCG: 0.7564 | smoothed: 0.7629
Epoch 11 | Loss: -0.2288 | Val NDCG: 0.7641 | smoothed: 0.7625
Epoch 12 | Loss: -0.2290 | Val NDCG: 0.7641 | smoothed: 0.7615
Epoch 13 | Loss: -0.2292 | Val NDCG: 0.7598 | smoothed: 0.7627
Epoch 14 | Loss: -0.2292 | Val NDCG: 0.7669 | smoothed: 0.7636

Best smoothed NDCG: 0.7640 at epoch 9 of 14 run

1 combinations completed out of 1


--- Grid Search Results ---
 hidden_units  dropout_rate  num_blocks  num_heads    lr  gamma  val_ndcg  val_ndcg_raw  best_epoch  epochs_run  max_epochs
          128           0.3           1         16 0.001      4  0.763966      0.766924           9          14          20

Best config: {'hidden_units': 128.0, 'dropout_rate': 0.3, 'num_blocks': 1.0, 'num_heads': 16.0, 'lr': 0.001, 'gamma': 4.0, 'val_ndcg': 0.7639658332362425, 'val_ndcg_raw': 0.7669241042193862, 'best_epoch': 9.0, 'epochs_run': 14.0, 'max_epochs': 20.0}
0 of 1 configs reached max_epochs
0 of 1 were still improving when stopped
Best params saved to ../Models/sasrec_drrl_best_params.json
