task 152 | loss pwts | node slurmnode-gpu07
NVIDIA A40, 46068 MiB
NVIDIA A40, 46068 MiB
NVIDIA A40, 46068 MiB
NVIDIA A40, 46068 MiB
Using device: cuda
Loading datasets...
Train sessions: 75875 | Val sessions: 16262

Running grid search over 162 combinations...

SLURM array task 152: 1 config -> ../Models/sasrec_grid_pwts_task152.csv
Trying: {'hidden_units': 256, 'dropout_rate': 0.5, 'num_blocks': 2, 'num_heads': 8, 'lr': 0.001}
Epoch 1 | Loss: 0.6257 | Val NDCG: 0.7576 | smoothed: 0.7576
Epoch 2 | Loss: 0.6138 | Val NDCG: 0.7616 | smoothed: 0.7596
Epoch 3 | Loss: 0.6120 | Val NDCG: 0.7607 | smoothed: 0.7600
Epoch 4 | Loss: 0.6102 | Val NDCG: 0.7647 | smoothed: 0.7623
Epoch 5 | Loss: 0.6080 | Val NDCG: 0.7664 | smoothed: 0.7639
Epoch 6 | Loss: 0.6056 | Val NDCG: 0.7672 | smoothed: 0.7661
Epoch 7 | Loss: 0.6048 | Val NDCG: 0.7672 | smoothed: 0.7669
Epoch 8 | Loss: 0.6046 | Val NDCG: 0.7662 | smoothed: 0.7669
Epoch 9 | Loss: 0.6036 | Val NDCG: 0.7663 | smoothed: 0.7666
Epoch 10 | Loss: 0.6027 | Val NDCG: 0.7703 | smoothed: 0.7676
Epoch 11 | Loss: 0.6020 | Val NDCG: 0.7708 | smoothed: 0.7691
Epoch 12 | Loss: 0.6016 | Val NDCG: 0.7713 | smoothed: 0.7708
Epoch 13 | Loss: 0.6005 | Val NDCG: 0.7714 | smoothed: 0.7712
Epoch 14 | Loss: 0.6001 | Val NDCG: 0.7731 | smoothed: 0.7719
Epoch 15 | Loss: 0.5996 | Val NDCG: 0.7708 | smoothed: 0.7718
Epoch 16 | Loss: 0.5992 | Val NDCG: 0.7735 | smoothed: 0.7725
Epoch 17 | Loss: 0.5987 | Val NDCG: 0.7736 | smoothed: 0.7726
Epoch 18 | Loss: 0.5982 | Val NDCG: 0.7758 | smoothed: 0.7743
Epoch 19 | Loss: 0.5989 | Val NDCG: 0.7777 | smoothed: 0.7757
Epoch 20 | Loss: 0.5975 | Val NDCG: 0.7757 | smoothed: 0.7764

Best smoothed NDCG: 0.7764 at epoch 20 of 20 run

1 combinations completed out of 1


--- Grid Search Results ---
 hidden_units  dropout_rate  num_blocks  num_heads    lr  val_ndcg  val_ndcg_raw  best_epoch  epochs_run  max_epochs
          256           0.5           2          8 0.001  0.776391      0.775659          20          20          20

Best config: {'hidden_units': 256.0, 'dropout_rate': 0.5, 'num_blocks': 2.0, 'num_heads': 8.0, 'lr': 0.001, 'val_ndcg': 0.7763907573255704, 'val_ndcg_raw': 0.7756585076808993, 'best_epoch': 20.0, 'epochs_run': 20.0, 'max_epochs': 20.0}
1 of 1 configs reached max_epochs
1 of 1 were still improving when stopped
Best params saved to ../Models/sasrec_pwts_best_params.json
