task 408 | loss drrl | node slurmnode-gpu03
Tesla P100-PCIE-16GB, 16384 MiB
Tesla P100-PCIE-16GB, 16384 MiB
Tesla P100-PCIE-16GB, 16384 MiB
Tesla P100-PCIE-16GB, 16384 MiB
Using device: cuda
Loading datasets...
Train sessions: 75875 | Val sessions: 16262

Running grid search over 486 combinations...

SLURM array task 408: 1 config -> ../Models/sasrec_grid_drrl_task408.csv
Trying: {'hidden_units': 256, 'dropout_rate': 0.3, 'num_blocks': 2, 'num_heads': 16, 'lr': 0.001, 'gamma': 2}
Epoch 1 | Loss: -0.1446 | Val NDCG: 0.7201 | smoothed: 0.7201
Epoch 2 | Loss: -0.2138 | Val NDCG: 0.7191 | smoothed: 0.7196
Epoch 3 | Loss: -0.2204 | Val NDCG: 0.7365 | smoothed: 0.7252
Epoch 4 | Loss: -0.2235 | Val NDCG: 0.7525 | smoothed: 0.7360
Epoch 5 | Loss: -0.2254 | Val NDCG: 0.7427 | smoothed: 0.7439
Epoch 6 | Loss: -0.2261 | Val NDCG: 0.7509 | smoothed: 0.7487
Epoch 7 | Loss: -0.2266 | Val NDCG: 0.7234 | smoothed: 0.7390
Epoch 8 | Loss: -0.2269 | Val NDCG: 0.7662 | smoothed: 0.7468
Epoch 9 | Loss: -0.2269 | Val NDCG: 0.7638 | smoothed: 0.7511
Epoch 10 | Loss: -0.2270 | Val NDCG: 0.7458 | smoothed: 0.7586
Epoch 11 | Loss: -0.2271 | Val NDCG: 0.7654 | smoothed: 0.7584
Epoch 12 | Loss: -0.2275 | Val NDCG: 0.7510 | smoothed: 0.7541
Epoch 13 | Loss: -0.2282 | Val NDCG: 0.7678 | smoothed: 0.7614
Epoch 14 | Loss: -0.2277 | Val NDCG: 0.7554 | smoothed: 0.7580
Epoch 15 | Loss: -0.2282 | Val NDCG: 0.7653 | smoothed: 0.7628
Epoch 16 | Loss: -0.2279 | Val NDCG: 0.7720 | smoothed: 0.7642
Epoch 17 | Loss: -0.2279 | Val NDCG: 0.7633 | smoothed: 0.7669
Epoch 18 | Loss: -0.2277 | Val NDCG: 0.7475 | smoothed: 0.7610
Epoch 19 | Loss: -0.2283 | Val NDCG: 0.7714 | smoothed: 0.7607
Epoch 20 | Loss: -0.2277 | Val NDCG: 0.7688 | smoothed: 0.7626

Best smoothed NDCG: 0.7669 at epoch 17 of 20 run

1 combinations completed out of 1


--- Grid Search Results ---
 hidden_units  dropout_rate  num_blocks  num_heads    lr  gamma  val_ndcg  val_ndcg_raw  best_epoch  epochs_run  max_epochs
          256           0.3           2         16 0.001      2  0.766903      0.763332          17          20          20

Best config: {'hidden_units': 256.0, 'dropout_rate': 0.3, 'num_blocks': 2.0, 'num_heads': 16.0, 'lr': 0.001, 'gamma': 2.0, 'val_ndcg': 0.7669030497841661, 'val_ndcg_raw': 0.7633322910221061, 'best_epoch': 17.0, 'epochs_run': 20.0, 'max_epochs': 20.0}
1 of 1 configs reached max_epochs
0 of 1 were still improving when stopped
Best params saved to ../Models/sasrec_drrl_best_params.json
