task 485 | loss drrl | node slurmnode-gpu05
Tesla P100-PCIE-16GB, 16384 MiB
Tesla P100-PCIE-16GB, 16384 MiB
Tesla P100-PCIE-16GB, 16384 MiB
Tesla P100-PCIE-16GB, 16384 MiB
Using device: cuda
Loading datasets...
Train sessions: 75875 | Val sessions: 16262

Running grid search over 486 combinations...

SLURM array task 485: 1 config -> ../Models/sasrec_grid_drrl_task485.csv
Trying: {'hidden_units': 256, 'dropout_rate': 0.5, 'num_blocks': 3, 'num_heads': 16, 'lr': 0.0001, 'gamma': 4}
Epoch 1 | Loss: -0.0575 | Val NDCG: 0.7222 | smoothed: 0.7222
Epoch 2 | Loss: -0.2136 | Val NDCG: 0.7161 | smoothed: 0.7192
Epoch 3 | Loss: -0.2227 | Val NDCG: 0.7170 | smoothed: 0.7185
Epoch 4 | Loss: -0.2258 | Val NDCG: 0.7146 | smoothed: 0.7159
Epoch 5 | Loss: -0.2263 | Val NDCG: 0.7242 | smoothed: 0.7186
Epoch 6 | Loss: -0.2275 | Val NDCG: 0.7272 | smoothed: 0.7220

Best smoothed NDCG: 0.7222 at epoch 1 of 6 run

1 combinations completed out of 1


--- Grid Search Results ---
 hidden_units  dropout_rate  num_blocks  num_heads     lr  gamma  val_ndcg  val_ndcg_raw  best_epoch  epochs_run  max_epochs
          256           0.5           3         16 0.0001      4  0.722218      0.722218           1           6          40

Best config: {'hidden_units': 256.0, 'dropout_rate': 0.5, 'num_blocks': 3.0, 'num_heads': 16.0, 'lr': 0.0001, 'gamma': 4.0, 'val_ndcg': 0.722218451611238, 'val_ndcg_raw': 0.722218451611238, 'best_epoch': 1.0, 'epochs_run': 6.0, 'max_epochs': 40.0}
0 of 1 configs reached max_epochs
0 of 1 were still improving when stopped
Best params saved to ../Models/sasrec_drrl_best_params.json
