task 76 | loss bce | node slurmnode-gpu05
Tesla P100-PCIE-16GB, 16384 MiB
Tesla P100-PCIE-16GB, 16384 MiB
Tesla P100-PCIE-16GB, 16384 MiB
Tesla P100-PCIE-16GB, 16384 MiB
Using device: cuda
Loading datasets...
Train sessions: 75875 | Val sessions: 16262

Running grid search over 162 combinations...

SLURM array task 76: 1 config -> ../Models/sasrec_grid_bce_task76.csv
Trying: {'hidden_units': 128, 'dropout_rate': 0.3, 'num_blocks': 1, 'num_heads': 16, 'lr': 0.001}
Epoch 1 | Loss: 0.5928 | Val NDCG: 0.7673 | smoothed: 0.7673
Epoch 2 | Loss: 0.5797 | Val NDCG: 0.7679 | smoothed: 0.7676
Epoch 3 | Loss: 0.5772 | Val NDCG: 0.7724 | smoothed: 0.7692
Epoch 4 | Loss: 0.5756 | Val NDCG: 0.7728 | smoothed: 0.7710
Epoch 5 | Loss: 0.5744 | Val NDCG: 0.7744 | smoothed: 0.7732
Epoch 6 | Loss: 0.5736 | Val NDCG: 0.7705 | smoothed: 0.7726
Epoch 7 | Loss: 0.5717 | Val NDCG: 0.7746 | smoothed: 0.7732
Epoch 8 | Loss: 0.5712 | Val NDCG: 0.7750 | smoothed: 0.7734
Epoch 9 | Loss: 0.5706 | Val NDCG: 0.7765 | smoothed: 0.7754
Epoch 10 | Loss: 0.5695 | Val NDCG: 0.7785 | smoothed: 0.7767
Epoch 11 | Loss: 0.5686 | Val NDCG: 0.7782 | smoothed: 0.7777
Epoch 12 | Loss: 0.5691 | Val NDCG: 0.7760 | smoothed: 0.7775
Epoch 13 | Loss: 0.5683 | Val NDCG: 0.7797 | smoothed: 0.7779
Epoch 14 | Loss: 0.5675 | Val NDCG: 0.7760 | smoothed: 0.7772
Epoch 15 | Loss: 0.5675 | Val NDCG: 0.7767 | smoothed: 0.7775
Epoch 16 | Loss: 0.5676 | Val NDCG: 0.7798 | smoothed: 0.7775
Epoch 17 | Loss: 0.5682 | Val NDCG: 0.7806 | smoothed: 0.7790
Epoch 18 | Loss: 0.5667 | Val NDCG: 0.7759 | smoothed: 0.7788
Epoch 19 | Loss: 0.5656 | Val NDCG: 0.7810 | smoothed: 0.7792
Epoch 20 | Loss: 0.5669 | Val NDCG: 0.7841 | smoothed: 0.7803

Best smoothed NDCG: 0.7803 at epoch 20 of 20 run

1 combinations completed out of 1


--- Grid Search Results ---
 hidden_units  dropout_rate  num_blocks  num_heads    lr  val_ndcg  val_ndcg_raw  best_epoch  epochs_run  max_epochs
          128           0.3           1         16 0.001  0.780326       0.78406          20          20          20

Best config: {'hidden_units': 128.0, 'dropout_rate': 0.3, 'num_blocks': 1.0, 'num_heads': 16.0, 'lr': 0.001, 'val_ndcg': 0.7803256086087513, 'val_ndcg_raw': 0.7840595330274871, 'best_epoch': 20.0, 'epochs_run': 20.0, 'max_epochs': 20.0}
1 of 1 configs reached max_epochs
1 of 1 were still improving when stopped
Best params saved to ../Models/sasrec_bce_best_params.json
