task 341 | loss drrl | node slurmnode-gpu03
Tesla P100-PCIE-16GB, 16384 MiB
Tesla P100-PCIE-16GB, 16384 MiB
Tesla P100-PCIE-16GB, 16384 MiB
Tesla P100-PCIE-16GB, 16384 MiB
Using device: cuda
Loading datasets...
Train sessions: 75875 | Val sessions: 16262

Running grid search over 486 combinations...

SLURM array task 341: 1 config -> ../Models/sasrec_grid_drrl_task341.csv
Trying: {'hidden_units': 256, 'dropout_rate': 0.1, 'num_blocks': 1, 'num_heads': 16, 'lr': 0.0001, 'gamma': 4}
Epoch 1 | Loss: -0.0940 | Val NDCG: 0.7431 | smoothed: 0.7431
Epoch 2 | Loss: -0.2074 | Val NDCG: 0.7312 | smoothed: 0.7371
Epoch 3 | Loss: -0.2193 | Val NDCG: 0.7345 | smoothed: 0.7363
Epoch 4 | Loss: -0.2234 | Val NDCG: 0.7337 | smoothed: 0.7331
Epoch 5 | Loss: -0.2251 | Val NDCG: 0.7391 | smoothed: 0.7358
Epoch 6 | Loss: -0.2266 | Val NDCG: 0.7413 | smoothed: 0.7380

Best smoothed NDCG: 0.7431 at epoch 1 of 6 run

1 combinations completed out of 1


--- Grid Search Results ---
 hidden_units  dropout_rate  num_blocks  num_heads     lr  gamma  val_ndcg  val_ndcg_raw  best_epoch  epochs_run  max_epochs
          256           0.1           1         16 0.0001      4  0.743128      0.743128           1           6          40

Best config: {'hidden_units': 256.0, 'dropout_rate': 0.1, 'num_blocks': 1.0, 'num_heads': 16.0, 'lr': 0.0001, 'gamma': 4.0, 'val_ndcg': 0.7431284916928856, 'val_ndcg_raw': 0.7431284916928856, 'best_epoch': 1.0, 'epochs_run': 6.0, 'max_epochs': 40.0}
0 of 1 configs reached max_epochs
0 of 1 were still improving when stopped
Best params saved to ../Models/sasrec_drrl_best_params.json
