task 63 | loss bce | node slurmnode-gpu05
Tesla P100-PCIE-16GB, 16384 MiB
Tesla P100-PCIE-16GB, 16384 MiB
Tesla P100-PCIE-16GB, 16384 MiB
Tesla P100-PCIE-16GB, 16384 MiB
Using device: cuda
Loading datasets...
Train sessions: 75875 | Val sessions: 16262

Running grid search over 162 combinations...

SLURM array task 63: 1 config -> ../Models/sasrec_grid_bce_task63.csv
Trying: {'hidden_units': 128, 'dropout_rate': 0.1, 'num_blocks': 2, 'num_heads': 8, 'lr': 0.0001}
Epoch 1 | Loss: 0.5961 | Val NDCG: 0.7548 | smoothed: 0.7548
Epoch 2 | Loss: 0.5789 | Val NDCG: 0.7587 | smoothed: 0.7567
Epoch 3 | Loss: 0.5769 | Val NDCG: 0.7631 | smoothed: 0.7589
Epoch 4 | Loss: 0.5748 | Val NDCG: 0.7602 | smoothed: 0.7607
Epoch 5 | Loss: 0.5736 | Val NDCG: 0.7644 | smoothed: 0.7626
Epoch 6 | Loss: 0.5719 | Val NDCG: 0.7701 | smoothed: 0.7649
Epoch 7 | Loss: 0.5713 | Val NDCG: 0.7661 | smoothed: 0.7669
Epoch 8 | Loss: 0.5712 | Val NDCG: 0.7683 | smoothed: 0.7682
Epoch 9 | Loss: 0.5699 | Val NDCG: 0.7699 | smoothed: 0.7681
Epoch 10 | Loss: 0.5690 | Val NDCG: 0.7668 | smoothed: 0.7683
Epoch 11 | Loss: 0.5694 | Val NDCG: 0.7697 | smoothed: 0.7688
Epoch 12 | Loss: 0.5677 | Val NDCG: 0.7695 | smoothed: 0.7687
Epoch 13 | Loss: 0.5676 | Val NDCG: 0.7727 | smoothed: 0.7706
Epoch 14 | Loss: 0.5680 | Val NDCG: 0.7740 | smoothed: 0.7721
Epoch 15 | Loss: 0.5670 | Val NDCG: 0.7731 | smoothed: 0.7733
Epoch 16 | Loss: 0.5666 | Val NDCG: 0.7727 | smoothed: 0.7733
Epoch 17 | Loss: 0.5666 | Val NDCG: 0.7739 | smoothed: 0.7732
Epoch 18 | Loss: 0.5664 | Val NDCG: 0.7744 | smoothed: 0.7736
Epoch 19 | Loss: 0.5656 | Val NDCG: 0.7753 | smoothed: 0.7745
Epoch 20 | Loss: 0.5647 | Val NDCG: 0.7753 | smoothed: 0.7750
Epoch 21 | Loss: 0.5651 | Val NDCG: 0.7731 | smoothed: 0.7746
Epoch 22 | Loss: 0.5647 | Val NDCG: 0.7769 | smoothed: 0.7751
Epoch 23 | Loss: 0.5646 | Val NDCG: 0.7766 | smoothed: 0.7756
Epoch 24 | Loss: 0.5651 | Val NDCG: 0.7736 | smoothed: 0.7757
Epoch 25 | Loss: 0.5653 | Val NDCG: 0.7741 | smoothed: 0.7748
Epoch 26 | Loss: 0.5643 | Val NDCG: 0.7756 | smoothed: 0.7744
Epoch 27 | Loss: 0.5644 | Val NDCG: 0.7758 | smoothed: 0.7752
Epoch 28 | Loss: 0.5629 | Val NDCG: 0.7785 | smoothed: 0.7766
Epoch 29 | Loss: 0.5628 | Val NDCG: 0.7761 | smoothed: 0.7768
Epoch 30 | Loss: 0.5634 | Val NDCG: 0.7760 | smoothed: 0.7769
Epoch 31 | Loss: 0.5635 | Val NDCG: 0.7784 | smoothed: 0.7769
Epoch 32 | Loss: 0.5621 | Val NDCG: 0.7783 | smoothed: 0.7776
Epoch 33 | Loss: 0.5615 | Val NDCG: 0.7769 | smoothed: 0.7778
Epoch 34 | Loss: 0.5624 | Val NDCG: 0.7785 | smoothed: 0.7779
Epoch 35 | Loss: 0.5616 | Val NDCG: 0.7770 | smoothed: 0.7774
Epoch 36 | Loss: 0.5627 | Val NDCG: 0.7770 | smoothed: 0.7775
Epoch 37 | Loss: 0.5621 | Val NDCG: 0.7769 | smoothed: 0.7770
Epoch 38 | Loss: 0.5625 | Val NDCG: 0.7782 | smoothed: 0.7774
Epoch 39 | Loss: 0.5618 | Val NDCG: 0.7790 | smoothed: 0.7780
Epoch 40 | Loss: 0.5613 | Val NDCG: 0.7782 | smoothed: 0.7785

Best smoothed NDCG: 0.7785 at epoch 40 of 40 run

1 combinations completed out of 1


--- Grid Search Results ---
 hidden_units  dropout_rate  num_blocks  num_heads     lr  val_ndcg  val_ndcg_raw  best_epoch  epochs_run  max_epochs
          128           0.1           2          8 0.0001  0.778455      0.778194          40          40          40

Best config: {'hidden_units': 128.0, 'dropout_rate': 0.1, 'num_blocks': 2.0, 'num_heads': 8.0, 'lr': 0.0001, 'val_ndcg': 0.778455202898764, 'val_ndcg_raw': 0.7781943570435961, 'best_epoch': 40.0, 'epochs_run': 40.0, 'max_epochs': 40.0}
1 of 1 configs reached max_epochs
1 of 1 were still improving when stopped
Best params saved to ../Models/sasrec_bce_best_params.json
