task 58 | loss drrl | node slurmnode-gpu05
Tesla P100-PCIE-16GB, 16384 MiB
Tesla P100-PCIE-16GB, 16384 MiB
Tesla P100-PCIE-16GB, 16384 MiB
Tesla P100-PCIE-16GB, 16384 MiB
Using device: cuda
Loading datasets...
Train sessions: 75875 | Val sessions: 16262

Running grid search over 486 combinations...

SLURM array task 58: 1 config -> ../Models/sasrec_grid_drrl_task58.csv
Trying: {'hidden_units': 64, 'dropout_rate': 0.3, 'num_blocks': 1, 'num_heads': 4, 'lr': 0.0001, 'gamma': 3}
Epoch 1 | Loss: 0.1312 | Val NDCG: 0.7221 | smoothed: 0.7221
Epoch 2 | Loss: -0.1784 | Val NDCG: 0.7103 | smoothed: 0.7162
Epoch 3 | Loss: -0.2131 | Val NDCG: 0.7101 | smoothed: 0.7142
Epoch 4 | Loss: -0.2242 | Val NDCG: 0.7113 | smoothed: 0.7105
Epoch 5 | Loss: -0.2287 | Val NDCG: 0.7101 | smoothed: 0.7105
Epoch 6 | Loss: -0.2307 | Val NDCG: 0.7098 | smoothed: 0.7104

Best smoothed NDCG: 0.7221 at epoch 1 of 6 run

1 combinations completed out of 1


--- Grid Search Results ---
 hidden_units  dropout_rate  num_blocks  num_heads     lr  gamma  val_ndcg  val_ndcg_raw  best_epoch  epochs_run  max_epochs
           64           0.3           1          4 0.0001      3  0.722114      0.722114           1           6          40

Best config: {'hidden_units': 64.0, 'dropout_rate': 0.3, 'num_blocks': 1.0, 'num_heads': 4.0, 'lr': 0.0001, 'gamma': 3.0, 'val_ndcg': 0.7221143741173858, 'val_ndcg_raw': 0.7221143741173858, 'best_epoch': 1.0, 'epochs_run': 6.0, 'max_epochs': 40.0}
0 of 1 configs reached max_epochs
0 of 1 were still improving when stopped
Best params saved to ../Models/sasrec_drrl_best_params.json
