task 26 | loss drrl | node slurmnode-gpu02
NVIDIA GeForce GTX 1080 Ti, 11264 MiB
NVIDIA GeForce GTX 1080 Ti, 11264 MiB
NVIDIA GeForce GTX 1080 Ti, 11264 MiB
NVIDIA GeForce GTX 1080 Ti, 11264 MiB
NVIDIA GeForce GTX 1080 Ti, 11264 MiB
NVIDIA GeForce GTX 1080 Ti, 11264 MiB
NVIDIA GeForce GTX 1080 Ti, 11264 MiB
NVIDIA GeForce GTX 1080 Ti, 11264 MiB
Using device: cuda
Loading datasets...
Train sessions: 75875 | Val sessions: 16262

Running grid search over 486 combinations...

SLURM array task 26: 1 config -> ../Models/sasrec_grid_drrl_task26.csv
Trying: {'hidden_units': 64, 'dropout_rate': 0.1, 'num_blocks': 2, 'num_heads': 8, 'lr': 0.001, 'gamma': 4}
Epoch 1 | Loss: -0.1962 | Val NDCG: 0.7427 | smoothed: 0.7427
Epoch 2 | Loss: -0.2250 | Val NDCG: 0.7385 | smoothed: 0.7406
Epoch 3 | Loss: -0.2270 | Val NDCG: 0.7432 | smoothed: 0.7415
Epoch 4 | Loss: -0.2285 | Val NDCG: 0.7352 | smoothed: 0.7390
Epoch 5 | Loss: -0.2293 | Val NDCG: 0.7394 | smoothed: 0.7393
Epoch 6 | Loss: -0.2294 | Val NDCG: 0.7289 | smoothed: 0.7345

Best smoothed NDCG: 0.7427 at epoch 1 of 6 run

1 combinations completed out of 1


--- Grid Search Results ---
 hidden_units  dropout_rate  num_blocks  num_heads    lr  gamma  val_ndcg  val_ndcg_raw  best_epoch  epochs_run  max_epochs
           64           0.1           2          8 0.001      4  0.742722      0.742722           1           6          20

Best config: {'hidden_units': 64.0, 'dropout_rate': 0.1, 'num_blocks': 2.0, 'num_heads': 8.0, 'lr': 0.001, 'gamma': 4.0, 'val_ndcg': 0.7427218168536084, 'val_ndcg_raw': 0.7427218168536084, 'best_epoch': 1.0, 'epochs_run': 6.0, 'max_epochs': 20.0}
0 of 1 configs reached max_epochs
0 of 1 were still improving when stopped
Best params saved to ../Models/sasrec_drrl_best_params.json
