task 134 | loss pwts | node slurmnode-gpu03
Tesla P100-PCIE-16GB, 16384 MiB
Tesla P100-PCIE-16GB, 16384 MiB
Tesla P100-PCIE-16GB, 16384 MiB
Tesla P100-PCIE-16GB, 16384 MiB
Using device: cuda
Loading datasets...
Train sessions: 75875 | Val sessions: 16262

Running grid search over 162 combinations...

SLURM array task 134: 1 config -> ../Models/sasrec_grid_pwts_task134.csv
Trying: {'hidden_units': 256, 'dropout_rate': 0.3, 'num_blocks': 2, 'num_heads': 8, 'lr': 0.001}
Epoch 1 | Loss: 0.6206 | Val NDCG: 0.7585 | smoothed: 0.7585
Epoch 2 | Loss: 0.6106 | Val NDCG: 0.7498 | smoothed: 0.7542
Epoch 3 | Loss: 0.6081 | Val NDCG: 0.7674 | smoothed: 0.7586
Epoch 4 | Loss: 0.6058 | Val NDCG: 0.7651 | smoothed: 0.7608
Epoch 5 | Loss: 0.6037 | Val NDCG: 0.7697 | smoothed: 0.7674
Epoch 6 | Loss: 0.6025 | Val NDCG: 0.7744 | smoothed: 0.7697
Epoch 7 | Loss: 0.6000 | Val NDCG: 0.7695 | smoothed: 0.7712
Epoch 8 | Loss: 0.6003 | Val NDCG: 0.7705 | smoothed: 0.7714
Epoch 9 | Loss: 0.5989 | Val NDCG: 0.7725 | smoothed: 0.7708
Epoch 10 | Loss: 0.5974 | Val NDCG: 0.7761 | smoothed: 0.7730
Epoch 11 | Loss: 0.5984 | Val NDCG: 0.7745 | smoothed: 0.7744
Epoch 12 | Loss: 0.5966 | Val NDCG: 0.7741 | smoothed: 0.7749
Epoch 13 | Loss: 0.5952 | Val NDCG: 0.7790 | smoothed: 0.7759
Epoch 14 | Loss: 0.5961 | Val NDCG: 0.7745 | smoothed: 0.7759
Epoch 15 | Loss: 0.5951 | Val NDCG: 0.7768 | smoothed: 0.7767
Epoch 16 | Loss: 0.5954 | Val NDCG: 0.7770 | smoothed: 0.7761
Epoch 17 | Loss: 0.5946 | Val NDCG: 0.7789 | smoothed: 0.7775
Epoch 18 | Loss: 0.5937 | Val NDCG: 0.7758 | smoothed: 0.7772
Epoch 19 | Loss: 0.5937 | Val NDCG: 0.7792 | smoothed: 0.7779
Epoch 20 | Loss: 0.5931 | Val NDCG: 0.7782 | smoothed: 0.7777

Best smoothed NDCG: 0.7779 at epoch 19 of 20 run

1 combinations completed out of 1


--- Grid Search Results ---
 hidden_units  dropout_rate  num_blocks  num_heads    lr  val_ndcg  val_ndcg_raw  best_epoch  epochs_run  max_epochs
          256           0.3           2          8 0.001  0.777945      0.779156          19          20          20

Best config: {'hidden_units': 256.0, 'dropout_rate': 0.3, 'num_blocks': 2.0, 'num_heads': 8.0, 'lr': 0.001, 'val_ndcg': 0.7779454929075968, 'val_ndcg_raw': 0.7791562887810358, 'best_epoch': 19.0, 'epochs_run': 20.0, 'max_epochs': 20.0}
1 of 1 configs reached max_epochs
1 of 1 were still improving when stopped
Best params saved to ../Models/sasrec_pwts_best_params.json
