task 5 | loss drrl | node slurmnode-gpu03
Tesla P100-PCIE-16GB, 16384 MiB
Tesla P100-PCIE-16GB, 16384 MiB
Tesla P100-PCIE-16GB, 16384 MiB
Tesla P100-PCIE-16GB, 16384 MiB
Using device: cuda
Loading datasets...
Train sessions: 75875 | Val sessions: 16262

Running grid search over 486 combinations...

SLURM array task 5: 1 config -> ../Models/sasrec_grid_drrl_task5.csv
Trying: {'hidden_units': 64, 'dropout_rate': 0.1, 'num_blocks': 1, 'num_heads': 4, 'lr': 0.0001, 'gamma': 4}
Epoch 1 | Loss: 0.0056 | Val NDCG: 0.7195 | smoothed: 0.7195
Epoch 2 | Loss: -0.1882 | Val NDCG: 0.7243 | smoothed: 0.7219
Epoch 3 | Loss: -0.2132 | Val NDCG: 0.7209 | smoothed: 0.7215
Epoch 4 | Loss: -0.2214 | Val NDCG: 0.7224 | smoothed: 0.7225
Epoch 5 | Loss: -0.2254 | Val NDCG: 0.7264 | smoothed: 0.7232
Epoch 6 | Loss: -0.2275 | Val NDCG: 0.7210 | smoothed: 0.7233
Epoch 7 | Loss: -0.2289 | Val NDCG: 0.7242 | smoothed: 0.7239
Epoch 8 | Loss: -0.2299 | Val NDCG: 0.7238 | smoothed: 0.7230
Epoch 9 | Loss: -0.2304 | Val NDCG: 0.7283 | smoothed: 0.7254
Epoch 10 | Loss: -0.2308 | Val NDCG: 0.7301 | smoothed: 0.7274
Epoch 11 | Loss: -0.2311 | Val NDCG: 0.7309 | smoothed: 0.7298
Epoch 12 | Loss: -0.2313 | Val NDCG: 0.7336 | smoothed: 0.7315
Epoch 13 | Loss: -0.2315 | Val NDCG: 0.7353 | smoothed: 0.7332
Epoch 14 | Loss: -0.2316 | Val NDCG: 0.7324 | smoothed: 0.7337
Epoch 15 | Loss: -0.2317 | Val NDCG: 0.7362 | smoothed: 0.7346
Epoch 16 | Loss: -0.2318 | Val NDCG: 0.7417 | smoothed: 0.7368
Epoch 17 | Loss: -0.2319 | Val NDCG: 0.7425 | smoothed: 0.7402
Epoch 18 | Loss: -0.2319 | Val NDCG: 0.7402 | smoothed: 0.7415
Epoch 19 | Loss: -0.2320 | Val NDCG: 0.7379 | smoothed: 0.7402
Epoch 20 | Loss: -0.2320 | Val NDCG: 0.7253 | smoothed: 0.7345
Epoch 21 | Loss: -0.2320 | Val NDCG: 0.7473 | smoothed: 0.7368
Epoch 22 | Loss: -0.2320 | Val NDCG: 0.7500 | smoothed: 0.7409
Epoch 23 | Loss: -0.2321 | Val NDCG: 0.7495 | smoothed: 0.7489
Epoch 24 | Loss: -0.2321 | Val NDCG: 0.7407 | smoothed: 0.7467
Epoch 25 | Loss: -0.2322 | Val NDCG: 0.7448 | smoothed: 0.7450
Epoch 26 | Loss: -0.2322 | Val NDCG: 0.7418 | smoothed: 0.7424
Epoch 27 | Loss: -0.2321 | Val NDCG: 0.7516 | smoothed: 0.7460
Epoch 28 | Loss: -0.2322 | Val NDCG: 0.7276 | smoothed: 0.7403

Best smoothed NDCG: 0.7489 at epoch 23 of 28 run

1 combinations completed out of 1


--- Grid Search Results ---
 hidden_units  dropout_rate  num_blocks  num_heads     lr  gamma  val_ndcg  val_ndcg_raw  best_epoch  epochs_run  max_epochs
           64           0.1           1          4 0.0001      4  0.748922      0.749479          23          28          40

Best config: {'hidden_units': 64.0, 'dropout_rate': 0.1, 'num_blocks': 1.0, 'num_heads': 4.0, 'lr': 0.0001, 'gamma': 4.0, 'val_ndcg': 0.7489215152166859, 'val_ndcg_raw': 0.7494789186943678, 'best_epoch': 23.0, 'epochs_run': 28.0, 'max_epochs': 40.0}
0 of 1 configs reached max_epochs
0 of 1 were still improving when stopped
Best params saved to ../Models/sasrec_drrl_best_params.json
