task 25 | loss bce | node slurmnode-gpu02
NVIDIA GeForce GTX 1080 Ti, 11264 MiB
NVIDIA GeForce GTX 1080 Ti, 11264 MiB
NVIDIA GeForce GTX 1080 Ti, 11264 MiB
NVIDIA GeForce GTX 1080 Ti, 11264 MiB
NVIDIA GeForce GTX 1080 Ti, 11264 MiB
NVIDIA GeForce GTX 1080 Ti, 11264 MiB
NVIDIA GeForce GTX 1080 Ti, 11264 MiB
NVIDIA GeForce GTX 1080 Ti, 11264 MiB
Using device: cuda
Loading datasets...
Train sessions: 75875 | Val sessions: 16262

Running grid search over 162 combinations...

SLURM array task 25: 1 config -> ../Models/sasrec_grid_bce_task25.csv
Trying: {'hidden_units': 64, 'dropout_rate': 0.3, 'num_blocks': 2, 'num_heads': 4, 'lr': 0.0001}
Epoch 1 | Loss: 0.6180 | Val NDCG: 0.7251 | smoothed: 0.7251
Epoch 2 | Loss: 0.5943 | Val NDCG: 0.7436 | smoothed: 0.7343
Epoch 3 | Loss: 0.5892 | Val NDCG: 0.7502 | smoothed: 0.7396
Epoch 4 | Loss: 0.5863 | Val NDCG: 0.7541 | smoothed: 0.7493
Epoch 5 | Loss: 0.5833 | Val NDCG: 0.7577 | smoothed: 0.7540
Epoch 6 | Loss: 0.5824 | Val NDCG: 0.7591 | smoothed: 0.7570
Epoch 7 | Loss: 0.5805 | Val NDCG: 0.7611 | smoothed: 0.7593
Epoch 8 | Loss: 0.5791 | Val NDCG: 0.7626 | smoothed: 0.7609
Epoch 9 | Loss: 0.5792 | Val NDCG: 0.7640 | smoothed: 0.7626
Epoch 10 | Loss: 0.5781 | Val NDCG: 0.7632 | smoothed: 0.7633
Epoch 11 | Loss: 0.5772 | Val NDCG: 0.7643 | smoothed: 0.7638
Epoch 12 | Loss: 0.5772 | Val NDCG: 0.7663 | smoothed: 0.7646
Epoch 13 | Loss: 0.5760 | Val NDCG: 0.7659 | smoothed: 0.7655
Epoch 14 | Loss: 0.5750 | Val NDCG: 0.7656 | smoothed: 0.7659
Epoch 15 | Loss: 0.5764 | Val NDCG: 0.7664 | smoothed: 0.7660
Epoch 16 | Loss: 0.5748 | Val NDCG: 0.7661 | smoothed: 0.7660
Epoch 17 | Loss: 0.5748 | Val NDCG: 0.7668 | smoothed: 0.7665
Epoch 18 | Loss: 0.5738 | Val NDCG: 0.7668 | smoothed: 0.7666
Epoch 19 | Loss: 0.5740 | Val NDCG: 0.7669 | smoothed: 0.7669
Epoch 20 | Loss: 0.5748 | Val NDCG: 0.7672 | smoothed: 0.7670
Epoch 21 | Loss: 0.5736 | Val NDCG: 0.7689 | smoothed: 0.7677
Epoch 22 | Loss: 0.5735 | Val NDCG: 0.7700 | smoothed: 0.7687
Epoch 23 | Loss: 0.5736 | Val NDCG: 0.7683 | smoothed: 0.7691
Epoch 24 | Loss: 0.5722 | Val NDCG: 0.7689 | smoothed: 0.7691
Epoch 25 | Loss: 0.5732 | Val NDCG: 0.7688 | smoothed: 0.7687
Epoch 26 | Loss: 0.5723 | Val NDCG: 0.7702 | smoothed: 0.7693
Epoch 27 | Loss: 0.5727 | Val NDCG: 0.7686 | smoothed: 0.7692
Epoch 28 | Loss: 0.5721 | Val NDCG: 0.7697 | smoothed: 0.7695
Epoch 29 | Loss: 0.5723 | Val NDCG: 0.7721 | smoothed: 0.7701
Epoch 30 | Loss: 0.5722 | Val NDCG: 0.7706 | smoothed: 0.7708
Epoch 31 | Loss: 0.5712 | Val NDCG: 0.7708 | smoothed: 0.7712
Epoch 32 | Loss: 0.5707 | Val NDCG: 0.7714 | smoothed: 0.7709
Epoch 33 | Loss: 0.5723 | Val NDCG: 0.7724 | smoothed: 0.7715
Epoch 34 | Loss: 0.5711 | Val NDCG: 0.7722 | smoothed: 0.7720
Epoch 35 | Loss: 0.5713 | Val NDCG: 0.7719 | smoothed: 0.7722
Epoch 36 | Loss: 0.5710 | Val NDCG: 0.7723 | smoothed: 0.7721
Epoch 37 | Loss: 0.5708 | Val NDCG: 0.7719 | smoothed: 0.7720
Epoch 38 | Loss: 0.5709 | Val NDCG: 0.7732 | smoothed: 0.7725
Epoch 39 | Loss: 0.5700 | Val NDCG: 0.7724 | smoothed: 0.7725
Epoch 40 | Loss: 0.5704 | Val NDCG: 0.7728 | smoothed: 0.7728

Best smoothed NDCG: 0.7728 at epoch 40 of 40 run

1 combinations completed out of 1


--- Grid Search Results ---
 hidden_units  dropout_rate  num_blocks  num_heads     lr  val_ndcg  val_ndcg_raw  best_epoch  epochs_run  max_epochs
           64           0.3           2          4 0.0001  0.772819      0.772803          40          40          40

Best config: {'hidden_units': 64.0, 'dropout_rate': 0.3, 'num_blocks': 2.0, 'num_heads': 4.0, 'lr': 0.0001, 'val_ndcg': 0.7728191554693579, 'val_ndcg_raw': 0.7728030154925573, 'best_epoch': 40.0, 'epochs_run': 40.0, 'max_epochs': 40.0}
1 of 1 configs reached max_epochs
1 of 1 were still improving when stopped
Best params saved to ../Models/sasrec_bce_best_params.json
