task 46 | loss drrl | node slurmnode-gpu03
Tesla P100-PCIE-16GB, 16384 MiB
Tesla P100-PCIE-16GB, 16384 MiB
Tesla P100-PCIE-16GB, 16384 MiB
Tesla P100-PCIE-16GB, 16384 MiB
Using device: cuda
Loading datasets...
Train sessions: 75875 | Val sessions: 16262

Running grid search over 486 combinations...

SLURM array task 46: 1 config -> ../Models/sasrec_grid_drrl_task46.csv
Trying: {'hidden_units': 64, 'dropout_rate': 0.1, 'num_blocks': 3, 'num_heads': 8, 'lr': 0.0001, 'gamma': 3}
Epoch 1 | Loss: -0.0505 | Val NDCG: 0.7286 | smoothed: 0.7286
Epoch 2 | Loss: -0.2055 | Val NDCG: 0.7367 | smoothed: 0.7326
Epoch 3 | Loss: -0.2201 | Val NDCG: 0.7298 | smoothed: 0.7317
Epoch 4 | Loss: -0.2252 | Val NDCG: 0.7321 | smoothed: 0.7329
Epoch 5 | Loss: -0.2277 | Val NDCG: 0.7383 | smoothed: 0.7334
Epoch 6 | Loss: -0.2291 | Val NDCG: 0.7398 | smoothed: 0.7367
Epoch 7 | Loss: -0.2298 | Val NDCG: 0.7416 | smoothed: 0.7399
Epoch 8 | Loss: -0.2303 | Val NDCG: 0.7418 | smoothed: 0.7410
Epoch 9 | Loss: -0.2307 | Val NDCG: 0.7434 | smoothed: 0.7423
Epoch 10 | Loss: -0.2309 | Val NDCG: 0.7507 | smoothed: 0.7453
Epoch 11 | Loss: -0.2311 | Val NDCG: 0.7535 | smoothed: 0.7492
Epoch 12 | Loss: -0.2313 | Val NDCG: 0.7518 | smoothed: 0.7520
Epoch 13 | Loss: -0.2314 | Val NDCG: 0.7585 | smoothed: 0.7546
Epoch 14 | Loss: -0.2316 | Val NDCG: 0.7590 | smoothed: 0.7564
Epoch 15 | Loss: -0.2315 | Val NDCG: 0.7575 | smoothed: 0.7583
Epoch 16 | Loss: -0.2316 | Val NDCG: 0.7610 | smoothed: 0.7592
Epoch 17 | Loss: -0.2317 | Val NDCG: 0.7529 | smoothed: 0.7571
Epoch 18 | Loss: -0.2318 | Val NDCG: 0.7594 | smoothed: 0.7577
Epoch 19 | Loss: -0.2319 | Val NDCG: 0.7623 | smoothed: 0.7582
Epoch 20 | Loss: -0.2318 | Val NDCG: 0.7642 | smoothed: 0.7620
Epoch 21 | Loss: -0.2318 | Val NDCG: 0.7612 | smoothed: 0.7626
Epoch 22 | Loss: -0.2318 | Val NDCG: 0.7674 | smoothed: 0.7643
Epoch 23 | Loss: -0.2317 | Val NDCG: 0.7675 | smoothed: 0.7654
Epoch 24 | Loss: -0.2318 | Val NDCG: 0.7659 | smoothed: 0.7669
Epoch 25 | Loss: -0.2319 | Val NDCG: 0.7700 | smoothed: 0.7678
Epoch 26 | Loss: -0.2318 | Val NDCG: 0.7559 | smoothed: 0.7639
Epoch 27 | Loss: -0.2318 | Val NDCG: 0.7594 | smoothed: 0.7618
Epoch 28 | Loss: -0.2319 | Val NDCG: 0.7742 | smoothed: 0.7631
Epoch 29 | Loss: -0.2320 | Val NDCG: 0.7686 | smoothed: 0.7674
Epoch 30 | Loss: -0.2319 | Val NDCG: 0.7701 | smoothed: 0.7710
Epoch 31 | Loss: -0.2319 | Val NDCG: 0.7613 | smoothed: 0.7667
Epoch 32 | Loss: -0.2319 | Val NDCG: 0.7644 | smoothed: 0.7652
Epoch 33 | Loss: -0.2319 | Val NDCG: 0.7470 | smoothed: 0.7575
Epoch 34 | Loss: -0.2319 | Val NDCG: 0.7654 | smoothed: 0.7589
Epoch 35 | Loss: -0.2319 | Val NDCG: 0.7501 | smoothed: 0.7541

Best smoothed NDCG: 0.7710 at epoch 30 of 35 run

1 combinations completed out of 1


--- Grid Search Results ---
 hidden_units  dropout_rate  num_blocks  num_heads     lr  gamma  val_ndcg  val_ndcg_raw  best_epoch  epochs_run  max_epochs
           64           0.1           3          8 0.0001      3  0.770981      0.770098          30          35          40

Best config: {'hidden_units': 64.0, 'dropout_rate': 0.1, 'num_blocks': 3.0, 'num_heads': 8.0, 'lr': 0.0001, 'gamma': 3.0, 'val_ndcg': 0.7709809084100598, 'val_ndcg_raw': 0.7700976345563428, 'best_epoch': 30.0, 'epochs_run': 35.0, 'max_epochs': 40.0}
0 of 1 configs reached max_epochs
0 of 1 were still improving when stopped
Best params saved to ../Models/sasrec_drrl_best_params.json
