task 16 | loss bce | node slurmnode-gpu08
NVIDIA A40, 46068 MiB
NVIDIA A40, 46068 MiB
NVIDIA A40, 46068 MiB
NVIDIA A40, 46068 MiB
Using device: cuda
Loading datasets...
Train sessions: 75875 | Val sessions: 16262

Running grid search over 162 combinations...

SLURM array task 16: 1 config -> ../Models/sasrec_grid_bce_task16.csv
Trying: {'hidden_units': 64, 'dropout_rate': 0.1, 'num_blocks': 3, 'num_heads': 16, 'lr': 0.001}
Epoch 1 | Loss: 0.5827 | Val NDCG: 0.7610 | smoothed: 0.7610
Epoch 2 | Loss: 0.5725 | Val NDCG: 0.7678 | smoothed: 0.7644
Epoch 3 | Loss: 0.5697 | Val NDCG: 0.7674 | smoothed: 0.7654
Epoch 4 | Loss: 0.5689 | Val NDCG: 0.7686 | smoothed: 0.7679
Epoch 5 | Loss: 0.5682 | Val NDCG: 0.7709 | smoothed: 0.7689
Epoch 6 | Loss: 0.5676 | Val NDCG: 0.7684 | smoothed: 0.7693
Epoch 7 | Loss: 0.5669 | Val NDCG: 0.7712 | smoothed: 0.7701
Epoch 8 | Loss: 0.5652 | Val NDCG: 0.7730 | smoothed: 0.7708
Epoch 9 | Loss: 0.5647 | Val NDCG: 0.7703 | smoothed: 0.7715
Epoch 10 | Loss: 0.5640 | Val NDCG: 0.7748 | smoothed: 0.7727
Epoch 11 | Loss: 0.5639 | Val NDCG: 0.7730 | smoothed: 0.7727
Epoch 12 | Loss: 0.5643 | Val NDCG: 0.7755 | smoothed: 0.7744
Epoch 13 | Loss: 0.5629 | Val NDCG: 0.7764 | smoothed: 0.7750
Epoch 14 | Loss: 0.5620 | Val NDCG: 0.7788 | smoothed: 0.7769
Epoch 15 | Loss: 0.5625 | Val NDCG: 0.7733 | smoothed: 0.7762
Epoch 16 | Loss: 0.5621 | Val NDCG: 0.7780 | smoothed: 0.7767
Epoch 17 | Loss: 0.5608 | Val NDCG: 0.7801 | smoothed: 0.7771
Epoch 18 | Loss: 0.5597 | Val NDCG: 0.7785 | smoothed: 0.7789
Epoch 19 | Loss: 0.5609 | Val NDCG: 0.7796 | smoothed: 0.7794
Epoch 20 | Loss: 0.5591 | Val NDCG: 0.7825 | smoothed: 0.7802

Best smoothed NDCG: 0.7802 at epoch 20 of 20 run

1 combinations completed out of 1


--- Grid Search Results ---
 hidden_units  dropout_rate  num_blocks  num_heads    lr  val_ndcg  val_ndcg_raw  best_epoch  epochs_run  max_epochs
           64           0.1           3         16 0.001  0.780217      0.782509          20          20          20

Best config: {'hidden_units': 64.0, 'dropout_rate': 0.1, 'num_blocks': 3.0, 'num_heads': 16.0, 'lr': 0.001, 'val_ndcg': 0.7802165591810967, 'val_ndcg_raw': 0.7825090741240438, 'best_epoch': 20.0, 'epochs_run': 20.0, 'max_epochs': 20.0}
1 of 1 configs reached max_epochs
1 of 1 were still improving when stopped
Best params saved to ../Models/sasrec_bce_best_params.json
