task 350 | loss drrl | node slurmnode-gpu03
Tesla P100-PCIE-16GB, 16384 MiB
Tesla P100-PCIE-16GB, 16384 MiB
Tesla P100-PCIE-16GB, 16384 MiB
Tesla P100-PCIE-16GB, 16384 MiB
Using device: cuda
Loading datasets...
Train sessions: 75875 | Val sessions: 16262

Running grid search over 486 combinations...

SLURM array task 350: 1 config -> ../Models/sasrec_grid_drrl_task350.csv
Trying: {'hidden_units': 256, 'dropout_rate': 0.1, 'num_blocks': 2, 'num_heads': 8, 'lr': 0.001, 'gamma': 4}
Epoch 1 | Loss: -0.1683 | Val NDCG: 0.7477 | smoothed: 0.7477
Epoch 2 | Loss: -0.2178 | Val NDCG: 0.7676 | smoothed: 0.7576
Epoch 3 | Loss: -0.2236 | Val NDCG: 0.7429 | smoothed: 0.7527
Epoch 4 | Loss: -0.2260 | Val NDCG: 0.7441 | smoothed: 0.7515
Epoch 5 | Loss: -0.2274 | Val NDCG: 0.7386 | smoothed: 0.7418
Epoch 6 | Loss: -0.2275 | Val NDCG: 0.7359 | smoothed: 0.7395
Epoch 7 | Loss: -0.2270 | Val NDCG: 0.7501 | smoothed: 0.7415

Best smoothed NDCG: 0.7576 at epoch 2 of 7 run

1 combinations completed out of 1


--- Grid Search Results ---
 hidden_units  dropout_rate  num_blocks  num_heads    lr  gamma  val_ndcg  val_ndcg_raw  best_epoch  epochs_run  max_epochs
          256           0.1           2          8 0.001      4  0.757632      0.767603           2           7          20

Best config: {'hidden_units': 256.0, 'dropout_rate': 0.1, 'num_blocks': 2.0, 'num_heads': 8.0, 'lr': 0.001, 'gamma': 4.0, 'val_ndcg': 0.7576321916430365, 'val_ndcg_raw': 0.7676028544231488, 'best_epoch': 2.0, 'epochs_run': 7.0, 'max_epochs': 20.0}
0 of 1 configs reached max_epochs
0 of 1 were still improving when stopped
Best params saved to ../Models/sasrec_drrl_best_params.json
