task 74 | loss bce | node slurmnode-gpu05
Tesla P100-PCIE-16GB, 16384 MiB
Tesla P100-PCIE-16GB, 16384 MiB
Tesla P100-PCIE-16GB, 16384 MiB
Tesla P100-PCIE-16GB, 16384 MiB
Using device: cuda
Loading datasets...
Train sessions: 75875 | Val sessions: 16262

Running grid search over 162 combinations...

SLURM array task 74: 1 config -> ../Models/sasrec_grid_bce_task74.csv
Trying: {'hidden_units': 128, 'dropout_rate': 0.3, 'num_blocks': 1, 'num_heads': 8, 'lr': 0.001}
Epoch 1 | Loss: 0.5920 | Val NDCG: 0.7598 | smoothed: 0.7598
Epoch 2 | Loss: 0.5812 | Val NDCG: 0.7686 | smoothed: 0.7642
Epoch 3 | Loss: 0.5793 | Val NDCG: 0.7709 | smoothed: 0.7665
Epoch 4 | Loss: 0.5766 | Val NDCG: 0.7721 | smoothed: 0.7705
Epoch 5 | Loss: 0.5734 | Val NDCG: 0.7732 | smoothed: 0.7721
Epoch 6 | Loss: 0.5728 | Val NDCG: 0.7729 | smoothed: 0.7727
Epoch 7 | Loss: 0.5730 | Val NDCG: 0.7754 | smoothed: 0.7738
Epoch 8 | Loss: 0.5715 | Val NDCG: 0.7767 | smoothed: 0.7750
Epoch 9 | Loss: 0.5716 | Val NDCG: 0.7741 | smoothed: 0.7754
Epoch 10 | Loss: 0.5708 | Val NDCG: 0.7764 | smoothed: 0.7757
Epoch 11 | Loss: 0.5717 | Val NDCG: 0.7740 | smoothed: 0.7748
Epoch 12 | Loss: 0.5696 | Val NDCG: 0.7739 | smoothed: 0.7748
Epoch 13 | Loss: 0.5685 | Val NDCG: 0.7795 | smoothed: 0.7758
Epoch 14 | Loss: 0.5678 | Val NDCG: 0.7768 | smoothed: 0.7767
Epoch 15 | Loss: 0.5684 | Val NDCG: 0.7743 | smoothed: 0.7769
Epoch 16 | Loss: 0.5679 | Val NDCG: 0.7791 | smoothed: 0.7767
Epoch 17 | Loss: 0.5670 | Val NDCG: 0.7784 | smoothed: 0.7772
Epoch 18 | Loss: 0.5665 | Val NDCG: 0.7790 | smoothed: 0.7788
Epoch 19 | Loss: 0.5676 | Val NDCG: 0.7817 | smoothed: 0.7797
Epoch 20 | Loss: 0.5670 | Val NDCG: 0.7762 | smoothed: 0.7790

Best smoothed NDCG: 0.7797 at epoch 19 of 20 run

1 combinations completed out of 1


--- Grid Search Results ---
 hidden_units  dropout_rate  num_blocks  num_heads    lr  val_ndcg  val_ndcg_raw  best_epoch  epochs_run  max_epochs
          128           0.3           1          8 0.001  0.779727      0.781745          19          20          20

Best config: {'hidden_units': 128.0, 'dropout_rate': 0.3, 'num_blocks': 1.0, 'num_heads': 8.0, 'lr': 0.001, 'val_ndcg': 0.7797268302446744, 'val_ndcg_raw': 0.7817449856179843, 'best_epoch': 19.0, 'epochs_run': 20.0, 'max_epochs': 20.0}
1 of 1 configs reached max_epochs
1 of 1 were still improving when stopped
Best params saved to ../Models/sasrec_bce_best_params.json
