task 82 | loss drrl | node slurmnode-gpu07
NVIDIA A40, 46068 MiB
NVIDIA A40, 46068 MiB
NVIDIA A40, 46068 MiB
NVIDIA A40, 46068 MiB
Using device: cuda
Loading datasets...
Train sessions: 75875 | Val sessions: 16262

Running grid search over 486 combinations...

SLURM array task 82: 1 config -> ../Models/sasrec_grid_drrl_task82.csv
Trying: {'hidden_units': 64, 'dropout_rate': 0.3, 'num_blocks': 2, 'num_heads': 8, 'lr': 0.0001, 'gamma': 3}
Epoch 1 | Loss: 0.0359 | Val NDCG: 0.7142 | smoothed: 0.7142
Epoch 2 | Loss: -0.1996 | Val NDCG: 0.7113 | smoothed: 0.7128
Epoch 3 | Loss: -0.2189 | Val NDCG: 0.7072 | smoothed: 0.7109
Epoch 4 | Loss: -0.2249 | Val NDCG: 0.7066 | smoothed: 0.7084
Epoch 5 | Loss: -0.2276 | Val NDCG: 0.7068 | smoothed: 0.7069
Epoch 6 | Loss: -0.2290 | Val NDCG: 0.7097 | smoothed: 0.7077

Best smoothed NDCG: 0.7142 at epoch 1 of 6 run

1 combinations completed out of 1


--- Grid Search Results ---
 hidden_units  dropout_rate  num_blocks  num_heads     lr  gamma  val_ndcg  val_ndcg_raw  best_epoch  epochs_run  max_epochs
           64           0.3           2          8 0.0001      3  0.714184      0.714184           1           6          40

Best config: {'hidden_units': 64.0, 'dropout_rate': 0.3, 'num_blocks': 2.0, 'num_heads': 8.0, 'lr': 0.0001, 'gamma': 3.0, 'val_ndcg': 0.7141842149349426, 'val_ndcg_raw': 0.7141842149349426, 'best_epoch': 1.0, 'epochs_run': 6.0, 'max_epochs': 40.0}
0 of 1 configs reached max_epochs
0 of 1 were still improving when stopped
Best params saved to ../Models/sasrec_drrl_best_params.json
