task 40 | loss pwts | node slurmnode-gpu02
NVIDIA GeForce GTX 1080 Ti, 11264 MiB
NVIDIA GeForce GTX 1080 Ti, 11264 MiB
NVIDIA GeForce GTX 1080 Ti, 11264 MiB
NVIDIA GeForce GTX 1080 Ti, 11264 MiB
NVIDIA GeForce GTX 1080 Ti, 11264 MiB
NVIDIA GeForce GTX 1080 Ti, 11264 MiB
NVIDIA GeForce GTX 1080 Ti, 11264 MiB
NVIDIA GeForce GTX 1080 Ti, 11264 MiB
Using device: cuda
Loading datasets...
Train sessions: 75875 | Val sessions: 16262

Running grid search over 162 combinations...

SLURM array task 40: 1 config -> ../Models/sasrec_grid_pwts_task40.csv
Trying: {'hidden_units': 64, 'dropout_rate': 0.5, 'num_blocks': 1, 'num_heads': 16, 'lr': 0.001}
Epoch 1 | Loss: 0.6345 | Val NDCG: 0.7537 | smoothed: 0.7537
Epoch 2 | Loss: 0.6178 | Val NDCG: 0.7620 | smoothed: 0.7578
Epoch 3 | Loss: 0.6145 | Val NDCG: 0.7628 | smoothed: 0.7595
Epoch 4 | Loss: 0.6103 | Val NDCG: 0.7675 | smoothed: 0.7641
Epoch 5 | Loss: 0.6112 | Val NDCG: 0.7659 | smoothed: 0.7654
Epoch 6 | Loss: 0.6080 | Val NDCG: 0.7678 | smoothed: 0.7671
Epoch 7 | Loss: 0.6082 | Val NDCG: 0.7682 | smoothed: 0.7673
Epoch 8 | Loss: 0.6066 | Val NDCG: 0.7713 | smoothed: 0.7691
Epoch 9 | Loss: 0.6062 | Val NDCG: 0.7717 | smoothed: 0.7704
Epoch 10 | Loss: 0.6050 | Val NDCG: 0.7704 | smoothed: 0.7711
Epoch 11 | Loss: 0.6038 | Val NDCG: 0.7714 | smoothed: 0.7712
Epoch 12 | Loss: 0.6043 | Val NDCG: 0.7703 | smoothed: 0.7707
Epoch 13 | Loss: 0.6035 | Val NDCG: 0.7691 | smoothed: 0.7702
Epoch 14 | Loss: 0.6042 | Val NDCG: 0.7717 | smoothed: 0.7704
Epoch 15 | Loss: 0.6033 | Val NDCG: 0.7731 | smoothed: 0.7713
Epoch 16 | Loss: 0.6035 | Val NDCG: 0.7709 | smoothed: 0.7719
Epoch 17 | Loss: 0.6024 | Val NDCG: 0.7747 | smoothed: 0.7729
Epoch 18 | Loss: 0.6026 | Val NDCG: 0.7741 | smoothed: 0.7732
Epoch 19 | Loss: 0.6013 | Val NDCG: 0.7731 | smoothed: 0.7740
Epoch 20 | Loss: 0.6024 | Val NDCG: 0.7742 | smoothed: 0.7738

Best smoothed NDCG: 0.7740 at epoch 19 of 20 run

1 combinations completed out of 1


--- Grid Search Results ---
 hidden_units  dropout_rate  num_blocks  num_heads    lr  val_ndcg  val_ndcg_raw  best_epoch  epochs_run  max_epochs
           64           0.5           1         16 0.001   0.77396      0.773094          19          20          20

Best config: {'hidden_units': 64.0, 'dropout_rate': 0.5, 'num_blocks': 1.0, 'num_heads': 16.0, 'lr': 0.001, 'val_ndcg': 0.773960362778523, 'val_ndcg_raw': 0.7730941830439981, 'best_epoch': 19.0, 'epochs_run': 20.0, 'max_epochs': 20.0}
1 of 1 configs reached max_epochs
1 of 1 were still improving when stopped
Best params saved to ../Models/sasrec_pwts_best_params.json
