task 65 | loss drrl | node slurmnode-gpu07
NVIDIA A40, 46068 MiB
NVIDIA A40, 46068 MiB
NVIDIA A40, 46068 MiB
NVIDIA A40, 46068 MiB
Using device: cuda
Loading datasets...
Train sessions: 75875 | Val sessions: 16262

Running grid search over 486 combinations...

SLURM array task 65: 1 config -> ../Models/sasrec_grid_drrl_task65.csv
Trying: {'hidden_units': 64, 'dropout_rate': 0.3, 'num_blocks': 1, 'num_heads': 8, 'lr': 0.0001, 'gamma': 4}
Epoch 1 | Loss: 0.0772 | Val NDCG: 0.7075 | smoothed: 0.7075
Epoch 2 | Loss: -0.1858 | Val NDCG: 0.7009 | smoothed: 0.7042
Epoch 3 | Loss: -0.2137 | Val NDCG: 0.6990 | smoothed: 0.7025
Epoch 4 | Loss: -0.2223 | Val NDCG: 0.6962 | smoothed: 0.6987
Epoch 5 | Loss: -0.2263 | Val NDCG: 0.6950 | smoothed: 0.6967
Epoch 6 | Loss: -0.2284 | Val NDCG: 0.6950 | smoothed: 0.6954

Best smoothed NDCG: 0.7075 at epoch 1 of 6 run

1 combinations completed out of 1


--- Grid Search Results ---
 hidden_units  dropout_rate  num_blocks  num_heads     lr  gamma  val_ndcg  val_ndcg_raw  best_epoch  epochs_run  max_epochs
           64           0.3           1          8 0.0001      4  0.707493      0.707493           1           6          40

Best config: {'hidden_units': 64.0, 'dropout_rate': 0.3, 'num_blocks': 1.0, 'num_heads': 8.0, 'lr': 0.0001, 'gamma': 4.0, 'val_ndcg': 0.7074926571235713, 'val_ndcg_raw': 0.7074926571235713, 'best_epoch': 1.0, 'epochs_run': 6.0, 'max_epochs': 40.0}
0 of 1 configs reached max_epochs
0 of 1 were still improving when stopped
Best params saved to ../Models/sasrec_drrl_best_params.json
