task 160 | loss bce | node slurmnode-gpu05
Tesla P100-PCIE-16GB, 16384 MiB
Tesla P100-PCIE-16GB, 16384 MiB
Tesla P100-PCIE-16GB, 16384 MiB
Tesla P100-PCIE-16GB, 16384 MiB
Using device: cuda
Loading datasets...
Train sessions: 75875 | Val sessions: 16262

Running grid search over 162 combinations...

SLURM array task 160: 1 config -> ../Models/sasrec_grid_bce_task160.csv
Trying: {'hidden_units': 256, 'dropout_rate': 0.5, 'num_blocks': 3, 'num_heads': 16, 'lr': 0.001}
Epoch 1 | Loss: 0.5907 | Val NDCG: 0.7596 | smoothed: 0.7596
Epoch 2 | Loss: 0.5814 | Val NDCG: 0.7650 | smoothed: 0.7623
Epoch 3 | Loss: 0.5790 | Val NDCG: 0.7666 | smoothed: 0.7637
Epoch 4 | Loss: 0.5773 | Val NDCG: 0.7674 | smoothed: 0.7663
Epoch 5 | Loss: 0.5760 | Val NDCG: 0.7648 | smoothed: 0.7663
Epoch 6 | Loss: 0.5755 | Val NDCG: 0.7727 | smoothed: 0.7683
Epoch 7 | Loss: 0.5742 | Val NDCG: 0.7665 | smoothed: 0.7680
Epoch 8 | Loss: 0.5735 | Val NDCG: 0.7737 | smoothed: 0.7710
Epoch 9 | Loss: 0.5735 | Val NDCG: 0.7741 | smoothed: 0.7714
Epoch 10 | Loss: 0.5716 | Val NDCG: 0.7704 | smoothed: 0.7727
Epoch 11 | Loss: 0.5713 | Val NDCG: 0.7760 | smoothed: 0.7735
Epoch 12 | Loss: 0.5708 | Val NDCG: 0.7770 | smoothed: 0.7744
Epoch 13 | Loss: 0.5696 | Val NDCG: 0.7758 | smoothed: 0.7762
Epoch 14 | Loss: 0.5697 | Val NDCG: 0.7737 | smoothed: 0.7755
Epoch 15 | Loss: 0.5689 | Val NDCG: 0.7770 | smoothed: 0.7755
Epoch 16 | Loss: 0.5694 | Val NDCG: 0.7769 | smoothed: 0.7759
Epoch 17 | Loss: 0.5685 | Val NDCG: 0.7751 | smoothed: 0.7764
Epoch 18 | Loss: 0.5675 | Val NDCG: 0.7720 | smoothed: 0.7747
Epoch 19 | Loss: 0.5678 | Val NDCG: 0.7793 | smoothed: 0.7755
Epoch 20 | Loss: 0.5671 | Val NDCG: 0.7752 | smoothed: 0.7755

Best smoothed NDCG: 0.7764 at epoch 17 of 20 run

1 combinations completed out of 1


--- Grid Search Results ---
 hidden_units  dropout_rate  num_blocks  num_heads    lr  val_ndcg  val_ndcg_raw  best_epoch  epochs_run  max_epochs
          256           0.5           3         16 0.001   0.77636      0.775134          17          20          20

Best config: {'hidden_units': 256.0, 'dropout_rate': 0.5, 'num_blocks': 3.0, 'num_heads': 16.0, 'lr': 0.001, 'val_ndcg': 0.776359762578747, 'val_ndcg_raw': 0.7751338616807518, 'best_epoch': 17.0, 'epochs_run': 20.0, 'max_epochs': 20.0}
1 of 1 configs reached max_epochs
0 of 1 were still improving when stopped
Best params saved to ../Models/sasrec_bce_best_params.json
