task 10 | loss bce | node slurmnode-gpu02
NVIDIA GeForce GTX 1080 Ti, 11264 MiB
NVIDIA GeForce GTX 1080 Ti, 11264 MiB
NVIDIA GeForce GTX 1080 Ti, 11264 MiB
NVIDIA GeForce GTX 1080 Ti, 11264 MiB
NVIDIA GeForce GTX 1080 Ti, 11264 MiB
NVIDIA GeForce GTX 1080 Ti, 11264 MiB
NVIDIA GeForce GTX 1080 Ti, 11264 MiB
NVIDIA GeForce GTX 1080 Ti, 11264 MiB
Using device: cuda
Loading datasets...
Train sessions: 75875 | Val sessions: 16262

Running grid search over 162 combinations...

SLURM array task 10: 1 config -> ../Models/sasrec_grid_bce_task10.csv
Trying: {'hidden_units': 64, 'dropout_rate': 0.1, 'num_blocks': 2, 'num_heads': 16, 'lr': 0.001}
Epoch 1 | Loss: 0.5867 | Val NDCG: 0.7667 | smoothed: 0.7667
Epoch 2 | Loss: 0.5733 | Val NDCG: 0.7667 | smoothed: 0.7667
Epoch 3 | Loss: 0.5710 | Val NDCG: 0.7668 | smoothed: 0.7668
Epoch 4 | Loss: 0.5707 | Val NDCG: 0.7699 | smoothed: 0.7678
Epoch 5 | Loss: 0.5688 | Val NDCG: 0.7744 | smoothed: 0.7704
Epoch 6 | Loss: 0.5686 | Val NDCG: 0.7724 | smoothed: 0.7723
Epoch 7 | Loss: 0.5680 | Val NDCG: 0.7750 | smoothed: 0.7739
Epoch 8 | Loss: 0.5660 | Val NDCG: 0.7712 | smoothed: 0.7728
Epoch 9 | Loss: 0.5655 | Val NDCG: 0.7737 | smoothed: 0.7733
Epoch 10 | Loss: 0.5651 | Val NDCG: 0.7758 | smoothed: 0.7736
Epoch 11 | Loss: 0.5643 | Val NDCG: 0.7729 | smoothed: 0.7741
Epoch 12 | Loss: 0.5648 | Val NDCG: 0.7786 | smoothed: 0.7758
Epoch 13 | Loss: 0.5629 | Val NDCG: 0.7750 | smoothed: 0.7755
Epoch 14 | Loss: 0.5635 | Val NDCG: 0.7758 | smoothed: 0.7765
Epoch 15 | Loss: 0.5629 | Val NDCG: 0.7780 | smoothed: 0.7763
Epoch 16 | Loss: 0.5629 | Val NDCG: 0.7788 | smoothed: 0.7775
Epoch 17 | Loss: 0.5624 | Val NDCG: 0.7765 | smoothed: 0.7777
Epoch 18 | Loss: 0.5618 | Val NDCG: 0.7810 | smoothed: 0.7788
Epoch 19 | Loss: 0.5608 | Val NDCG: 0.7805 | smoothed: 0.7793
Epoch 20 | Loss: 0.5600 | Val NDCG: 0.7815 | smoothed: 0.7810

Best smoothed NDCG: 0.7810 at epoch 20 of 20 run

1 combinations completed out of 1


--- Grid Search Results ---
 hidden_units  dropout_rate  num_blocks  num_heads    lr  val_ndcg  val_ndcg_raw  best_epoch  epochs_run  max_epochs
           64           0.1           2         16 0.001  0.781014      0.781495          20          20          20

Best config: {'hidden_units': 64.0, 'dropout_rate': 0.1, 'num_blocks': 2.0, 'num_heads': 16.0, 'lr': 0.001, 'val_ndcg': 0.7810143052908639, 'val_ndcg_raw': 0.781494748483549, 'best_epoch': 20.0, 'epochs_run': 20.0, 'max_epochs': 20.0}
1 of 1 configs reached max_epochs
1 of 1 were still improving when stopped
Best params saved to ../Models/sasrec_bce_best_params.json
