task 75 | loss drrl | node slurmnode-gpu05
Tesla P100-PCIE-16GB, 16384 MiB
Tesla P100-PCIE-16GB, 16384 MiB
Tesla P100-PCIE-16GB, 16384 MiB
Tesla P100-PCIE-16GB, 16384 MiB
Using device: cuda
Loading datasets...
Train sessions: 75875 | Val sessions: 16262

Running grid search over 486 combinations...

SLURM array task 75: 1 config -> ../Models/sasrec_grid_drrl_task75.csv
Trying: {'hidden_units': 64, 'dropout_rate': 0.3, 'num_blocks': 2, 'num_heads': 4, 'lr': 0.0001, 'gamma': 2}
Epoch 1 | Loss: 0.1848 | Val NDCG: 0.7198 | smoothed: 0.7198
Epoch 2 | Loss: -0.1739 | Val NDCG: 0.7212 | smoothed: 0.7205
Epoch 3 | Loss: -0.2092 | Val NDCG: 0.7165 | smoothed: 0.7192
Epoch 4 | Loss: -0.2202 | Val NDCG: 0.7167 | smoothed: 0.7181
Epoch 5 | Loss: -0.2250 | Val NDCG: 0.7118 | smoothed: 0.7150
Epoch 6 | Loss: -0.2274 | Val NDCG: 0.7129 | smoothed: 0.7138
Epoch 7 | Loss: -0.2289 | Val NDCG: 0.7115 | smoothed: 0.7121

Best smoothed NDCG: 0.7205 at epoch 2 of 7 run

1 combinations completed out of 1


--- Grid Search Results ---
 hidden_units  dropout_rate  num_blocks  num_heads     lr  gamma  val_ndcg  val_ndcg_raw  best_epoch  epochs_run  max_epochs
           64           0.3           2          4 0.0001      2  0.720518      0.721212           2           7          40

Best config: {'hidden_units': 64.0, 'dropout_rate': 0.3, 'num_blocks': 2.0, 'num_heads': 4.0, 'lr': 0.0001, 'gamma': 2.0, 'val_ndcg': 0.7205178118465039, 'val_ndcg_raw': 0.7212122443525383, 'best_epoch': 2.0, 'epochs_run': 7.0, 'max_epochs': 40.0}
0 of 1 configs reached max_epochs
0 of 1 were still improving when stopped
Best params saved to ../Models/sasrec_drrl_best_params.json
