task 435 | loss drrl | node slurmnode-gpu03
Tesla P100-PCIE-16GB, 16384 MiB
Tesla P100-PCIE-16GB, 16384 MiB
Tesla P100-PCIE-16GB, 16384 MiB
Tesla P100-PCIE-16GB, 16384 MiB
Using device: cuda
Loading datasets...
Train sessions: 75875 | Val sessions: 16262

Running grid search over 486 combinations...

SLURM array task 435: 1 config -> ../Models/sasrec_grid_drrl_task435.csv
Trying: {'hidden_units': 256, 'dropout_rate': 0.5, 'num_blocks': 1, 'num_heads': 4, 'lr': 0.0001, 'gamma': 2}
Epoch 1 | Loss: 0.2141 | Val NDCG: 0.7262 | smoothed: 0.7262
Epoch 2 | Loss: -0.1717 | Val NDCG: 0.7124 | smoothed: 0.7193
Epoch 3 | Loss: -0.2108 | Val NDCG: 0.7058 | smoothed: 0.7148
Epoch 4 | Loss: -0.2233 | Val NDCG: 0.7106 | smoothed: 0.7096
Epoch 5 | Loss: -0.2277 | Val NDCG: 0.6976 | smoothed: 0.7047
Epoch 6 | Loss: -0.2295 | Val NDCG: 0.7249 | smoothed: 0.7111

Best smoothed NDCG: 0.7262 at epoch 1 of 6 run

1 combinations completed out of 1


--- Grid Search Results ---
 hidden_units  dropout_rate  num_blocks  num_heads     lr  gamma  val_ndcg  val_ndcg_raw  best_epoch  epochs_run  max_epochs
          256           0.5           1          4 0.0001      2  0.726166      0.726166           1           6          40

Best config: {'hidden_units': 256.0, 'dropout_rate': 0.5, 'num_blocks': 1.0, 'num_heads': 4.0, 'lr': 0.0001, 'gamma': 2.0, 'val_ndcg': 0.7261658326917516, 'val_ndcg_raw': 0.7261658326917516, 'best_epoch': 1.0, 'epochs_run': 6.0, 'max_epochs': 40.0}
0 of 1 configs reached max_epochs
0 of 1 were still improving when stopped
Best params saved to ../Models/sasrec_drrl_best_params.json
