task 346 | loss drrl | node slurmnode-gpu03
Tesla P100-PCIE-16GB, 16384 MiB
Tesla P100-PCIE-16GB, 16384 MiB
Tesla P100-PCIE-16GB, 16384 MiB
Tesla P100-PCIE-16GB, 16384 MiB
Using device: cuda
Loading datasets...
Train sessions: 75875 | Val sessions: 16262

Running grid search over 486 combinations...

SLURM array task 346: 1 config -> ../Models/sasrec_grid_drrl_task346.csv
Trying: {'hidden_units': 256, 'dropout_rate': 0.1, 'num_blocks': 2, 'num_heads': 4, 'lr': 0.0001, 'gamma': 3}
Epoch 1 | Loss: -0.1292 | Val NDCG: 0.7197 | smoothed: 0.7197
Epoch 2 | Loss: -0.2131 | Val NDCG: 0.7491 | smoothed: 0.7344
Epoch 3 | Loss: -0.2209 | Val NDCG: 0.7291 | smoothed: 0.7326
Epoch 4 | Loss: -0.2231 | Val NDCG: 0.7413 | smoothed: 0.7398
Epoch 5 | Loss: -0.2251 | Val NDCG: 0.7583 | smoothed: 0.7429
Epoch 6 | Loss: -0.2248 | Val NDCG: 0.7590 | smoothed: 0.7529
Epoch 7 | Loss: -0.2260 | Val NDCG: 0.7399 | smoothed: 0.7524
Epoch 8 | Loss: -0.2267 | Val NDCG: 0.7539 | smoothed: 0.7509
Epoch 9 | Loss: -0.2265 | Val NDCG: 0.7468 | smoothed: 0.7469
Epoch 10 | Loss: -0.2273 | Val NDCG: 0.7527 | smoothed: 0.7511
Epoch 11 | Loss: -0.2276 | Val NDCG: 0.7659 | smoothed: 0.7551
Epoch 12 | Loss: -0.2276 | Val NDCG: 0.7547 | smoothed: 0.7578
Epoch 13 | Loss: -0.2278 | Val NDCG: 0.7720 | smoothed: 0.7642
Epoch 14 | Loss: -0.2280 | Val NDCG: 0.7492 | smoothed: 0.7586
Epoch 15 | Loss: -0.2282 | Val NDCG: 0.7608 | smoothed: 0.7607
Epoch 16 | Loss: -0.2286 | Val NDCG: 0.7570 | smoothed: 0.7557
Epoch 17 | Loss: -0.2287 | Val NDCG: 0.7665 | smoothed: 0.7614
Epoch 18 | Loss: -0.2285 | Val NDCG: 0.7640 | smoothed: 0.7625

Best smoothed NDCG: 0.7642 at epoch 13 of 18 run

1 combinations completed out of 1


--- Grid Search Results ---
 hidden_units  dropout_rate  num_blocks  num_heads     lr  gamma  val_ndcg  val_ndcg_raw  best_epoch  epochs_run  max_epochs
          256           0.1           2          4 0.0001      3  0.764192      0.772018          13          18          40

Best config: {'hidden_units': 256.0, 'dropout_rate': 0.1, 'num_blocks': 2.0, 'num_heads': 4.0, 'lr': 0.0001, 'gamma': 3.0, 'val_ndcg': 0.7641923056275725, 'val_ndcg_raw': 0.7720176874838671, 'best_epoch': 13.0, 'epochs_run': 18.0, 'max_epochs': 40.0}
0 of 1 configs reached max_epochs
0 of 1 were still improving when stopped
Best params saved to ../Models/sasrec_drrl_best_params.json
