task 80 | loss drrl | node slurmnode-gpu07
NVIDIA A40, 46068 MiB
NVIDIA A40, 46068 MiB
NVIDIA A40, 46068 MiB
NVIDIA A40, 46068 MiB
Using device: cuda
Loading datasets...
Train sessions: 75875 | Val sessions: 16262

Running grid search over 486 combinations...

SLURM array task 80: 1 config -> ../Models/sasrec_grid_drrl_task80.csv
Trying: {'hidden_units': 64, 'dropout_rate': 0.3, 'num_blocks': 2, 'num_heads': 8, 'lr': 0.001, 'gamma': 4}
Epoch 1 | Loss: -0.1906 | Val NDCG: 0.7016 | smoothed: 0.7016
Epoch 2 | Loss: -0.2255 | Val NDCG: 0.7193 | smoothed: 0.7105
Epoch 3 | Loss: -0.2273 | Val NDCG: 0.7387 | smoothed: 0.7199
Epoch 4 | Loss: -0.2274 | Val NDCG: 0.7228 | smoothed: 0.7270
Epoch 5 | Loss: -0.2290 | Val NDCG: 0.7253 | smoothed: 0.7289
Epoch 6 | Loss: -0.2293 | Val NDCG: 0.7429 | smoothed: 0.7303
Epoch 7 | Loss: -0.2297 | Val NDCG: 0.7471 | smoothed: 0.7384
Epoch 8 | Loss: -0.2297 | Val NDCG: 0.7592 | smoothed: 0.7497
Epoch 9 | Loss: -0.2300 | Val NDCG: 0.7505 | smoothed: 0.7523
Epoch 10 | Loss: -0.2301 | Val NDCG: 0.7428 | smoothed: 0.7508
Epoch 11 | Loss: -0.2302 | Val NDCG: 0.7642 | smoothed: 0.7525
Epoch 12 | Loss: -0.2302 | Val NDCG: 0.7633 | smoothed: 0.7568
Epoch 13 | Loss: -0.2304 | Val NDCG: 0.7580 | smoothed: 0.7619
Epoch 14 | Loss: -0.2303 | Val NDCG: 0.7635 | smoothed: 0.7616
Epoch 15 | Loss: -0.2304 | Val NDCG: 0.7724 | smoothed: 0.7646
Epoch 16 | Loss: -0.2303 | Val NDCG: 0.7639 | smoothed: 0.7666
Epoch 17 | Loss: -0.2303 | Val NDCG: 0.7684 | smoothed: 0.7682
Epoch 18 | Loss: -0.2307 | Val NDCG: 0.7615 | smoothed: 0.7646
Epoch 19 | Loss: -0.2306 | Val NDCG: 0.7722 | smoothed: 0.7673
Epoch 20 | Loss: -0.2304 | Val NDCG: 0.7717 | smoothed: 0.7684

Best smoothed NDCG: 0.7684 at epoch 20 of 20 run

1 combinations completed out of 1


--- Grid Search Results ---
 hidden_units  dropout_rate  num_blocks  num_heads    lr  gamma  val_ndcg  val_ndcg_raw  best_epoch  epochs_run  max_epochs
           64           0.3           2          8 0.001      4  0.768446       0.77169          20          20          20

Best config: {'hidden_units': 64.0, 'dropout_rate': 0.3, 'num_blocks': 2.0, 'num_heads': 8.0, 'lr': 0.001, 'gamma': 4.0, 'val_ndcg': 0.7684462107433069, 'val_ndcg_raw': 0.7716896066269783, 'best_epoch': 20.0, 'epochs_run': 20.0, 'max_epochs': 20.0}
1 of 1 configs reached max_epochs
1 of 1 were still improving when stopped
Best params saved to ../Models/sasrec_drrl_best_params.json
