task 66 | loss bce | node slurmnode-gpu05
Tesla P100-PCIE-16GB, 16384 MiB
Tesla P100-PCIE-16GB, 16384 MiB
Tesla P100-PCIE-16GB, 16384 MiB
Tesla P100-PCIE-16GB, 16384 MiB
Using device: cuda
Loading datasets...
Train sessions: 75875 | Val sessions: 16262

Running grid search over 162 combinations...

SLURM array task 66: 1 config -> ../Models/sasrec_grid_bce_task66.csv
Trying: {'hidden_units': 128, 'dropout_rate': 0.1, 'num_blocks': 3, 'num_heads': 4, 'lr': 0.001}
Epoch 1 | Loss: 0.5833 | Val NDCG: 0.7668 | smoothed: 0.7668
Epoch 2 | Loss: 0.5737 | Val NDCG: 0.7683 | smoothed: 0.7676
Epoch 3 | Loss: 0.5721 | Val NDCG: 0.7671 | smoothed: 0.7674
Epoch 4 | Loss: 0.5696 | Val NDCG: 0.7727 | smoothed: 0.7694
Epoch 5 | Loss: 0.5685 | Val NDCG: 0.7716 | smoothed: 0.7704
Epoch 6 | Loss: 0.5665 | Val NDCG: 0.7745 | smoothed: 0.7729
Epoch 7 | Loss: 0.5667 | Val NDCG: 0.7722 | smoothed: 0.7728
Epoch 8 | Loss: 0.5663 | Val NDCG: 0.7786 | smoothed: 0.7751
Epoch 9 | Loss: 0.5638 | Val NDCG: 0.7743 | smoothed: 0.7750
Epoch 10 | Loss: 0.5649 | Val NDCG: 0.7773 | smoothed: 0.7767
Epoch 11 | Loss: 0.5632 | Val NDCG: 0.7777 | smoothed: 0.7764
Epoch 12 | Loss: 0.5637 | Val NDCG: 0.7807 | smoothed: 0.7785
Epoch 13 | Loss: 0.5609 | Val NDCG: 0.7799 | smoothed: 0.7794
Epoch 14 | Loss: 0.5616 | Val NDCG: 0.7806 | smoothed: 0.7804
Epoch 15 | Loss: 0.5612 | Val NDCG: 0.7786 | smoothed: 0.7797
Epoch 16 | Loss: 0.5602 | Val NDCG: 0.7796 | smoothed: 0.7796
Epoch 17 | Loss: 0.5608 | Val NDCG: 0.7805 | smoothed: 0.7795
Epoch 18 | Loss: 0.5606 | Val NDCG: 0.7809 | smoothed: 0.7803
Epoch 19 | Loss: 0.5594 | Val NDCG: 0.7806 | smoothed: 0.7807
Epoch 20 | Loss: 0.5603 | Val NDCG: 0.7811 | smoothed: 0.7809

Best smoothed NDCG: 0.7809 at epoch 20 of 20 run

1 combinations completed out of 1


--- Grid Search Results ---
 hidden_units  dropout_rate  num_blocks  num_heads    lr  val_ndcg  val_ndcg_raw  best_epoch  epochs_run  max_epochs
          128           0.1           3          4 0.001  0.780861      0.781055          20          20          20

Best config: {'hidden_units': 128.0, 'dropout_rate': 0.1, 'num_blocks': 3.0, 'num_heads': 4.0, 'lr': 0.001, 'val_ndcg': 0.7808609426755275, 'val_ndcg_raw': 0.7810551081705346, 'best_epoch': 20.0, 'epochs_run': 20.0, 'max_epochs': 20.0}
1 of 1 configs reached max_epochs
1 of 1 were still improving when stopped
Best params saved to ../Models/sasrec_bce_best_params.json
