task 108 | loss drrl | node slurmnode-gpu07
NVIDIA A40, 46068 MiB
NVIDIA A40, 46068 MiB
NVIDIA A40, 46068 MiB
NVIDIA A40, 46068 MiB
Using device: cuda
Loading datasets...
Train sessions: 75875 | Val sessions: 16262

Running grid search over 486 combinations...

SLURM array task 108: 1 config -> ../Models/sasrec_grid_drrl_task108.csv
Trying: {'hidden_units': 64, 'dropout_rate': 0.5, 'num_blocks': 1, 'num_heads': 4, 'lr': 0.001, 'gamma': 2}
Epoch 1 | Loss: -0.1401 | Val NDCG: 0.7156 | smoothed: 0.7156
Epoch 2 | Loss: -0.2239 | Val NDCG: 0.7210 | smoothed: 0.7183
Epoch 3 | Loss: -0.2262 | Val NDCG: 0.7067 | smoothed: 0.7144
Epoch 4 | Loss: -0.2269 | Val NDCG: 0.7294 | smoothed: 0.7190
Epoch 5 | Loss: -0.2273 | Val NDCG: 0.7251 | smoothed: 0.7204
Epoch 6 | Loss: -0.2273 | Val NDCG: 0.6881 | smoothed: 0.7142
Epoch 7 | Loss: -0.2280 | Val NDCG: 0.7074 | smoothed: 0.7069
Epoch 8 | Loss: -0.2279 | Val NDCG: 0.7301 | smoothed: 0.7085
Epoch 9 | Loss: -0.2282 | Val NDCG: 0.7214 | smoothed: 0.7197
Epoch 10 | Loss: -0.2286 | Val NDCG: 0.7431 | smoothed: 0.7316
Epoch 11 | Loss: -0.2284 | Val NDCG: 0.7109 | smoothed: 0.7252
Epoch 12 | Loss: -0.2285 | Val NDCG: 0.7455 | smoothed: 0.7332
Epoch 13 | Loss: -0.2287 | Val NDCG: 0.7393 | smoothed: 0.7319
Epoch 14 | Loss: -0.2291 | Val NDCG: 0.7514 | smoothed: 0.7454
Epoch 15 | Loss: -0.2290 | Val NDCG: 0.7621 | smoothed: 0.7509
Epoch 16 | Loss: -0.2288 | Val NDCG: 0.7570 | smoothed: 0.7569
Epoch 17 | Loss: -0.2288 | Val NDCG: 0.7596 | smoothed: 0.7596
Epoch 18 | Loss: -0.2291 | Val NDCG: 0.7613 | smoothed: 0.7593
Epoch 19 | Loss: -0.2289 | Val NDCG: 0.7628 | smoothed: 0.7613
Epoch 20 | Loss: -0.2291 | Val NDCG: 0.7651 | smoothed: 0.7631

Best smoothed NDCG: 0.7631 at epoch 20 of 20 run

1 combinations completed out of 1


--- Grid Search Results ---
 hidden_units  dropout_rate  num_blocks  num_heads    lr  gamma  val_ndcg  val_ndcg_raw  best_epoch  epochs_run  max_epochs
           64           0.5           1          4 0.001      2  0.763092      0.765111          20          20          20

Best config: {'hidden_units': 64.0, 'dropout_rate': 0.5, 'num_blocks': 1.0, 'num_heads': 4.0, 'lr': 0.001, 'gamma': 2.0, 'val_ndcg': 0.7630916355830806, 'val_ndcg_raw': 0.765111192341937, 'best_epoch': 20.0, 'epochs_run': 20.0, 'max_epochs': 20.0}
1 of 1 configs reached max_epochs
1 of 1 were still improving when stopped
Best params saved to ../Models/sasrec_drrl_best_params.json
