task 44 | loss bce | node slurmnode-gpu02
NVIDIA GeForce GTX 1080 Ti, 11264 MiB
NVIDIA GeForce GTX 1080 Ti, 11264 MiB
NVIDIA GeForce GTX 1080 Ti, 11264 MiB
NVIDIA GeForce GTX 1080 Ti, 11264 MiB
NVIDIA GeForce GTX 1080 Ti, 11264 MiB
NVIDIA GeForce GTX 1080 Ti, 11264 MiB
NVIDIA GeForce GTX 1080 Ti, 11264 MiB
NVIDIA GeForce GTX 1080 Ti, 11264 MiB
Using device: cuda
Loading datasets...
Train sessions: 75875 | Val sessions: 16262

Running grid search over 162 combinations...

SLURM array task 44: 1 config -> ../Models/sasrec_grid_bce_task44.csv
Trying: {'hidden_units': 64, 'dropout_rate': 0.5, 'num_blocks': 2, 'num_heads': 8, 'lr': 0.001}
Epoch 1 | Loss: 0.5983 | Val NDCG: 0.7552 | smoothed: 0.7552
Epoch 2 | Loss: 0.5830 | Val NDCG: 0.7633 | smoothed: 0.7593
Epoch 3 | Loss: 0.5797 | Val NDCG: 0.7620 | smoothed: 0.7602
Epoch 4 | Loss: 0.5779 | Val NDCG: 0.7612 | smoothed: 0.7622
Epoch 5 | Loss: 0.5771 | Val NDCG: 0.7625 | smoothed: 0.7619
Epoch 6 | Loss: 0.5761 | Val NDCG: 0.7621 | smoothed: 0.7619
Epoch 7 | Loss: 0.5756 | Val NDCG: 0.7682 | smoothed: 0.7643
Epoch 8 | Loss: 0.5751 | Val NDCG: 0.7687 | smoothed: 0.7663
Epoch 9 | Loss: 0.5749 | Val NDCG: 0.7667 | smoothed: 0.7679
Epoch 10 | Loss: 0.5732 | Val NDCG: 0.7646 | smoothed: 0.7667
Epoch 11 | Loss: 0.5735 | Val NDCG: 0.7650 | smoothed: 0.7654
Epoch 12 | Loss: 0.5727 | Val NDCG: 0.7630 | smoothed: 0.7642
Epoch 13 | Loss: 0.5725 | Val NDCG: 0.7705 | smoothed: 0.7662
Epoch 14 | Loss: 0.5729 | Val NDCG: 0.7691 | smoothed: 0.7675

Best smoothed NDCG: 0.7679 at epoch 9 of 14 run

1 combinations completed out of 1


--- Grid Search Results ---
 hidden_units  dropout_rate  num_blocks  num_heads    lr  val_ndcg  val_ndcg_raw  best_epoch  epochs_run  max_epochs
           64           0.5           2          8 0.001   0.76786      0.766716           9          14          20

Best config: {'hidden_units': 64.0, 'dropout_rate': 0.5, 'num_blocks': 2.0, 'num_heads': 8.0, 'lr': 0.001, 'val_ndcg': 0.7678603234999279, 'val_ndcg_raw': 0.7667159339438673, 'best_epoch': 9.0, 'epochs_run': 14.0, 'max_epochs': 20.0}
0 of 1 configs reached max_epochs
0 of 1 were still improving when stopped
Best params saved to ../Models/sasrec_bce_best_params.json
