task 239 | loss drrl | node slurmnode-gpu03
Tesla P100-PCIE-16GB, 16384 MiB
Tesla P100-PCIE-16GB, 16384 MiB
Tesla P100-PCIE-16GB, 16384 MiB
Tesla P100-PCIE-16GB, 16384 MiB
Using device: cuda
Loading datasets...
Train sessions: 75875 | Val sessions: 16262

Running grid search over 486 combinations...

SLURM array task 239: 1 config -> ../Models/sasrec_grid_drrl_task239.csv
Trying: {'hidden_units': 128, 'dropout_rate': 0.3, 'num_blocks': 2, 'num_heads': 4, 'lr': 0.0001, 'gamma': 4}
Epoch 1 | Loss: -0.0625 | Val NDCG: 0.7264 | smoothed: 0.7264
Epoch 2 | Loss: -0.2115 | Val NDCG: 0.7186 | smoothed: 0.7225
Epoch 3 | Loss: -0.2233 | Val NDCG: 0.7139 | smoothed: 0.7196
Epoch 4 | Loss: -0.2270 | Val NDCG: 0.7135 | smoothed: 0.7153
Epoch 5 | Loss: -0.2287 | Val NDCG: 0.7214 | smoothed: 0.7163
Epoch 6 | Loss: -0.2296 | Val NDCG: 0.7196 | smoothed: 0.7182

Best smoothed NDCG: 0.7264 at epoch 1 of 6 run

1 combinations completed out of 1


--- Grid Search Results ---
 hidden_units  dropout_rate  num_blocks  num_heads     lr  gamma  val_ndcg  val_ndcg_raw  best_epoch  epochs_run  max_epochs
          128           0.3           2          4 0.0001      4  0.726363      0.726363           1           6          40

Best config: {'hidden_units': 128.0, 'dropout_rate': 0.3, 'num_blocks': 2.0, 'num_heads': 4.0, 'lr': 0.0001, 'gamma': 4.0, 'val_ndcg': 0.7263630939219631, 'val_ndcg_raw': 0.7263630939219631, 'best_epoch': 1.0, 'epochs_run': 6.0, 'max_epochs': 40.0}
0 of 1 configs reached max_epochs
0 of 1 were still improving when stopped
Best params saved to ../Models/sasrec_drrl_best_params.json
