task 450 | loss drrl | node slurmnode-gpu03
Tesla P100-PCIE-16GB, 16384 MiB
Tesla P100-PCIE-16GB, 16384 MiB
Tesla P100-PCIE-16GB, 16384 MiB
Tesla P100-PCIE-16GB, 16384 MiB
Using device: cuda
Loading datasets...
Train sessions: 75875 | Val sessions: 16262

Running grid search over 486 combinations...

SLURM array task 450: 1 config -> ../Models/sasrec_grid_drrl_task450.csv
Trying: {'hidden_units': 256, 'dropout_rate': 0.5, 'num_blocks': 2, 'num_heads': 4, 'lr': 0.001, 'gamma': 2}
Epoch 1 | Loss: -0.1542 | Val NDCG: 0.7221 | smoothed: 0.7221
Epoch 2 | Loss: -0.2202 | Val NDCG: 0.7276 | smoothed: 0.7248
Epoch 3 | Loss: -0.2232 | Val NDCG: 0.7412 | smoothed: 0.7303
Epoch 4 | Loss: -0.2239 | Val NDCG: 0.7255 | smoothed: 0.7314
Epoch 5 | Loss: -0.2253 | Val NDCG: 0.7274 | smoothed: 0.7314
Epoch 6 | Loss: -0.2263 | Val NDCG: 0.7424 | smoothed: 0.7318
Epoch 7 | Loss: -0.2266 | Val NDCG: 0.7492 | smoothed: 0.7397
Epoch 8 | Loss: -0.2268 | Val NDCG: 0.7631 | smoothed: 0.7516
Epoch 9 | Loss: -0.2269 | Val NDCG: 0.7386 | smoothed: 0.7503
Epoch 10 | Loss: -0.2280 | Val NDCG: 0.7630 | smoothed: 0.7549
Epoch 11 | Loss: -0.2276 | Val NDCG: 0.7556 | smoothed: 0.7524
Epoch 12 | Loss: -0.2279 | Val NDCG: 0.7631 | smoothed: 0.7606
Epoch 13 | Loss: -0.2281 | Val NDCG: 0.7608 | smoothed: 0.7599
Epoch 14 | Loss: -0.2282 | Val NDCG: 0.7555 | smoothed: 0.7598
Epoch 15 | Loss: -0.2283 | Val NDCG: 0.7424 | smoothed: 0.7529
Epoch 16 | Loss: -0.2286 | Val NDCG: 0.7649 | smoothed: 0.7543
Epoch 17 | Loss: -0.2285 | Val NDCG: 0.7598 | smoothed: 0.7557

Best smoothed NDCG: 0.7606 at epoch 12 of 17 run

1 combinations completed out of 1


--- Grid Search Results ---
 hidden_units  dropout_rate  num_blocks  num_heads    lr  gamma  val_ndcg  val_ndcg_raw  best_epoch  epochs_run  max_epochs
          256           0.5           2          4 0.001      2  0.760582      0.763114          12          17          20

Best config: {'hidden_units': 256.0, 'dropout_rate': 0.5, 'num_blocks': 2.0, 'num_heads': 4.0, 'lr': 0.001, 'gamma': 2.0, 'val_ndcg': 0.7605818342034477, 'val_ndcg_raw': 0.7631140476189863, 'best_epoch': 12.0, 'epochs_run': 17.0, 'max_epochs': 20.0}
0 of 1 configs reached max_epochs
0 of 1 were still improving when stopped
Best params saved to ../Models/sasrec_drrl_best_params.json
