task 411 | loss drrl | node slurmnode-gpu07
NVIDIA A40, 46068 MiB
NVIDIA A40, 46068 MiB
NVIDIA A40, 46068 MiB
NVIDIA A40, 46068 MiB
Using device: cuda
Loading datasets...
Train sessions: 75875 | Val sessions: 16262

Running grid search over 486 combinations...

SLURM array task 411: 1 config -> ../Models/sasrec_grid_drrl_task411.csv
Trying: {'hidden_units': 256, 'dropout_rate': 0.3, 'num_blocks': 2, 'num_heads': 16, 'lr': 0.0001, 'gamma': 2}
Epoch 1 | Loss: 0.0267 | Val NDCG: 0.7243 | smoothed: 0.7243
Epoch 2 | Loss: -0.2033 | Val NDCG: 0.7183 | smoothed: 0.7213
Epoch 3 | Loss: -0.2180 | Val NDCG: 0.7164 | smoothed: 0.7197
Epoch 4 | Loss: -0.2220 | Val NDCG: 0.7096 | smoothed: 0.7148
Epoch 5 | Loss: -0.2238 | Val NDCG: 0.7264 | smoothed: 0.7175
Epoch 6 | Loss: -0.2248 | Val NDCG: 0.7213 | smoothed: 0.7191

Best smoothed NDCG: 0.7243 at epoch 1 of 6 run

1 combinations completed out of 1


--- Grid Search Results ---
 hidden_units  dropout_rate  num_blocks  num_heads     lr  gamma  val_ndcg  val_ndcg_raw  best_epoch  epochs_run  max_epochs
          256           0.3           2         16 0.0001      2  0.724335      0.724335           1           6          40

Best config: {'hidden_units': 256.0, 'dropout_rate': 0.3, 'num_blocks': 2.0, 'num_heads': 16.0, 'lr': 0.0001, 'gamma': 2.0, 'val_ndcg': 0.7243346555541379, 'val_ndcg_raw': 0.7243346555541379, 'best_epoch': 1.0, 'epochs_run': 6.0, 'max_epochs': 40.0}
0 of 1 configs reached max_epochs
0 of 1 were still improving when stopped
Best params saved to ../Models/sasrec_drrl_best_params.json
