task 24 | loss drrl | node slurmnode-gpu02
NVIDIA GeForce GTX 1080 Ti, 11264 MiB
NVIDIA GeForce GTX 1080 Ti, 11264 MiB
NVIDIA GeForce GTX 1080 Ti, 11264 MiB
NVIDIA GeForce GTX 1080 Ti, 11264 MiB
NVIDIA GeForce GTX 1080 Ti, 11264 MiB
NVIDIA GeForce GTX 1080 Ti, 11264 MiB
NVIDIA GeForce GTX 1080 Ti, 11264 MiB
NVIDIA GeForce GTX 1080 Ti, 11264 MiB
Using device: cuda
Loading datasets...
Train sessions: 75875 | Val sessions: 16262

Running grid search over 486 combinations...

SLURM array task 24: 1 config -> ../Models/sasrec_grid_drrl_task24.csv
Trying: {'hidden_units': 64, 'dropout_rate': 0.1, 'num_blocks': 2, 'num_heads': 8, 'lr': 0.001, 'gamma': 2}
Epoch 1 | Loss: -0.1752 | Val NDCG: 0.7405 | smoothed: 0.7405
Epoch 2 | Loss: -0.2174 | Val NDCG: 0.7362 | smoothed: 0.7383
Epoch 3 | Loss: -0.2204 | Val NDCG: 0.7455 | smoothed: 0.7407
Epoch 4 | Loss: -0.2237 | Val NDCG: 0.7434 | smoothed: 0.7417
Epoch 5 | Loss: -0.2246 | Val NDCG: 0.7513 | smoothed: 0.7468
Epoch 6 | Loss: -0.2254 | Val NDCG: 0.7311 | smoothed: 0.7420
Epoch 7 | Loss: -0.2256 | Val NDCG: 0.7534 | smoothed: 0.7453
Epoch 8 | Loss: -0.2264 | Val NDCG: 0.7476 | smoothed: 0.7440
Epoch 9 | Loss: -0.2269 | Val NDCG: 0.7275 | smoothed: 0.7428
Epoch 10 | Loss: -0.2268 | Val NDCG: 0.7448 | smoothed: 0.7400

Best smoothed NDCG: 0.7468 at epoch 5 of 10 run

1 combinations completed out of 1


--- Grid Search Results ---
 hidden_units  dropout_rate  num_blocks  num_heads    lr  gamma  val_ndcg  val_ndcg_raw  best_epoch  epochs_run  max_epochs
           64           0.1           2          8 0.001      2   0.74676       0.75131           5          10          20

Best config: {'hidden_units': 64.0, 'dropout_rate': 0.1, 'num_blocks': 2.0, 'num_heads': 8.0, 'lr': 0.001, 'gamma': 2.0, 'val_ndcg': 0.746760136732498, 'val_ndcg_raw': 0.7513101633691797, 'best_epoch': 5.0, 'epochs_run': 10.0, 'max_epochs': 20.0}
0 of 1 configs reached max_epochs
0 of 1 were still improving when stopped
Best params saved to ../Models/sasrec_drrl_best_params.json
