task 279 | loss drrl | node slurmnode-gpu03
Tesla P100-PCIE-16GB, 16384 MiB
Tesla P100-PCIE-16GB, 16384 MiB
Tesla P100-PCIE-16GB, 16384 MiB
Tesla P100-PCIE-16GB, 16384 MiB
Using device: cuda
Loading datasets...
Train sessions: 75875 | Val sessions: 16262

Running grid search over 486 combinations...

SLURM array task 279: 1 config -> ../Models/sasrec_grid_drrl_task279.csv
Trying: {'hidden_units': 128, 'dropout_rate': 0.5, 'num_blocks': 1, 'num_heads': 8, 'lr': 0.0001, 'gamma': 2}
Epoch 1 | Loss: 0.2591 | Val NDCG: 0.7221 | smoothed: 0.7221
Epoch 2 | Loss: -0.1667 | Val NDCG: 0.7040 | smoothed: 0.7130
Epoch 3 | Loss: -0.2174 | Val NDCG: 0.7030 | smoothed: 0.7097
Epoch 4 | Loss: -0.2279 | Val NDCG: 0.7050 | smoothed: 0.7040
Epoch 5 | Loss: -0.2299 | Val NDCG: 0.7083 | smoothed: 0.7055
Epoch 6 | Loss: -0.2307 | Val NDCG: 0.7199 | smoothed: 0.7111

Best smoothed NDCG: 0.7221 at epoch 1 of 6 run

1 combinations completed out of 1


--- Grid Search Results ---
 hidden_units  dropout_rate  num_blocks  num_heads     lr  gamma  val_ndcg  val_ndcg_raw  best_epoch  epochs_run  max_epochs
          128           0.5           1          8 0.0001      2  0.722064      0.722064           1           6          40

Best config: {'hidden_units': 128.0, 'dropout_rate': 0.5, 'num_blocks': 1.0, 'num_heads': 8.0, 'lr': 0.0001, 'gamma': 2.0, 'val_ndcg': 0.7220639527948715, 'val_ndcg_raw': 0.7220639527948715, 'best_epoch': 1.0, 'epochs_run': 6.0, 'max_epochs': 40.0}
0 of 1 configs reached max_epochs
0 of 1 were still improving when stopped
Best params saved to ../Models/sasrec_drrl_best_params.json
