task 8 | loss drrl | node slurmnode-gpu03
Tesla P100-PCIE-16GB, 16384 MiB
Tesla P100-PCIE-16GB, 16384 MiB
Tesla P100-PCIE-16GB, 16384 MiB
Tesla P100-PCIE-16GB, 16384 MiB
Using device: cuda
Loading datasets...
Train sessions: 75875 | Val sessions: 16262

Running grid search over 486 combinations...

SLURM array task 8: 1 config -> ../Models/sasrec_grid_drrl_task8.csv
Trying: {'hidden_units': 64, 'dropout_rate': 0.1, 'num_blocks': 1, 'num_heads': 8, 'lr': 0.001, 'gamma': 4}
Epoch 1 | Loss: -0.1865 | Val NDCG: 0.7132 | smoothed: 0.7132
Epoch 2 | Loss: -0.2249 | Val NDCG: 0.7289 | smoothed: 0.7211
Epoch 3 | Loss: -0.2274 | Val NDCG: 0.7183 | smoothed: 0.7201
Epoch 4 | Loss: -0.2275 | Val NDCG: 0.7484 | smoothed: 0.7319
Epoch 5 | Loss: -0.2284 | Val NDCG: 0.7349 | smoothed: 0.7338
Epoch 6 | Loss: -0.2287 | Val NDCG: 0.7277 | smoothed: 0.7370
Epoch 7 | Loss: -0.2292 | Val NDCG: 0.7628 | smoothed: 0.7418
Epoch 8 | Loss: -0.2288 | Val NDCG: 0.7535 | smoothed: 0.7480
Epoch 9 | Loss: -0.2297 | Val NDCG: 0.7638 | smoothed: 0.7600
Epoch 10 | Loss: -0.2296 | Val NDCG: 0.7603 | smoothed: 0.7592
Epoch 11 | Loss: -0.2296 | Val NDCG: 0.7576 | smoothed: 0.7606
Epoch 12 | Loss: -0.2301 | Val NDCG: 0.7728 | smoothed: 0.7636
Epoch 13 | Loss: -0.2296 | Val NDCG: 0.7716 | smoothed: 0.7673
Epoch 14 | Loss: -0.2300 | Val NDCG: 0.7713 | smoothed: 0.7719
Epoch 15 | Loss: -0.2300 | Val NDCG: 0.7627 | smoothed: 0.7686
Epoch 16 | Loss: -0.2299 | Val NDCG: 0.7755 | smoothed: 0.7698
Epoch 17 | Loss: -0.2297 | Val NDCG: 0.7760 | smoothed: 0.7714
Epoch 18 | Loss: -0.2301 | Val NDCG: 0.7744 | smoothed: 0.7753
Epoch 19 | Loss: -0.2292 | Val NDCG: 0.7753 | smoothed: 0.7752
Epoch 20 | Loss: -0.2301 | Val NDCG: 0.7752 | smoothed: 0.7749

Best smoothed NDCG: 0.7753 at epoch 18 of 20 run

1 combinations completed out of 1


--- Grid Search Results ---
 hidden_units  dropout_rate  num_blocks  num_heads    lr  gamma  val_ndcg  val_ndcg_raw  best_epoch  epochs_run  max_epochs
           64           0.1           1          8 0.001      4  0.775297      0.774359          18          20          20

Best config: {'hidden_units': 64.0, 'dropout_rate': 0.1, 'num_blocks': 1.0, 'num_heads': 8.0, 'lr': 0.001, 'gamma': 4.0, 'val_ndcg': 0.7752968222365894, 'val_ndcg_raw': 0.7743591269416232, 'best_epoch': 18.0, 'epochs_run': 20.0, 'max_epochs': 20.0}
1 of 1 configs reached max_epochs
0 of 1 were still improving when stopped
Best params saved to ../Models/sasrec_drrl_best_params.json
