task 9 | loss drrl | node slurmnode-gpu02
NVIDIA GeForce GTX 1080 Ti, 11264 MiB
NVIDIA GeForce GTX 1080 Ti, 11264 MiB
NVIDIA GeForce GTX 1080 Ti, 11264 MiB
NVIDIA GeForce GTX 1080 Ti, 11264 MiB
NVIDIA GeForce GTX 1080 Ti, 11264 MiB
NVIDIA GeForce GTX 1080 Ti, 11264 MiB
NVIDIA GeForce GTX 1080 Ti, 11264 MiB
NVIDIA GeForce GTX 1080 Ti, 11264 MiB
Using device: cuda
Loading datasets...
Train sessions: 75875 | Val sessions: 16262

Running grid search over 486 combinations...

SLURM array task 9: 1 config -> ../Models/sasrec_grid_drrl_task9.csv
Trying: {'hidden_units': 64, 'dropout_rate': 0.1, 'num_blocks': 1, 'num_heads': 8, 'lr': 0.0001, 'gamma': 2}
Epoch 1 | Loss: 0.1468 | Val NDCG: 0.7133 | smoothed: 0.7133
Epoch 2 | Loss: -0.1624 | Val NDCG: 0.7213 | smoothed: 0.7173
Epoch 3 | Loss: -0.2016 | Val NDCG: 0.7149 | smoothed: 0.7165
Epoch 4 | Loss: -0.2152 | Val NDCG: 0.7143 | smoothed: 0.7168
Epoch 5 | Loss: -0.2218 | Val NDCG: 0.7206 | smoothed: 0.7166
Epoch 6 | Loss: -0.2254 | Val NDCG: 0.7218 | smoothed: 0.7189
Epoch 7 | Loss: -0.2273 | Val NDCG: 0.7248 | smoothed: 0.7224
Epoch 8 | Loss: -0.2287 | Val NDCG: 0.7319 | smoothed: 0.7262
Epoch 9 | Loss: -0.2296 | Val NDCG: 0.7358 | smoothed: 0.7308
Epoch 10 | Loss: -0.2302 | Val NDCG: 0.7364 | smoothed: 0.7347
Epoch 11 | Loss: -0.2307 | Val NDCG: 0.7372 | smoothed: 0.7365
Epoch 12 | Loss: -0.2308 | Val NDCG: 0.7288 | smoothed: 0.7341
Epoch 13 | Loss: -0.2311 | Val NDCG: 0.7408 | smoothed: 0.7356
Epoch 14 | Loss: -0.2312 | Val NDCG: 0.7195 | smoothed: 0.7297
Epoch 15 | Loss: -0.2314 | Val NDCG: 0.7376 | smoothed: 0.7326
Epoch 16 | Loss: -0.2314 | Val NDCG: 0.7525 | smoothed: 0.7365
Epoch 17 | Loss: -0.2315 | Val NDCG: 0.7483 | smoothed: 0.7461
Epoch 18 | Loss: -0.2315 | Val NDCG: 0.7268 | smoothed: 0.7425
Epoch 19 | Loss: -0.2316 | Val NDCG: 0.7431 | smoothed: 0.7394
Epoch 20 | Loss: -0.2316 | Val NDCG: 0.7536 | smoothed: 0.7412
Epoch 21 | Loss: -0.2317 | Val NDCG: 0.7431 | smoothed: 0.7466
Epoch 22 | Loss: -0.2316 | Val NDCG: 0.7556 | smoothed: 0.7508
Epoch 23 | Loss: -0.2317 | Val NDCG: 0.7649 | smoothed: 0.7545
Epoch 24 | Loss: -0.2316 | Val NDCG: 0.7521 | smoothed: 0.7575
Epoch 25 | Loss: -0.2318 | Val NDCG: 0.7453 | smoothed: 0.7541
Epoch 26 | Loss: -0.2317 | Val NDCG: 0.7484 | smoothed: 0.7486
Epoch 27 | Loss: -0.2318 | Val NDCG: 0.7546 | smoothed: 0.7494
Epoch 28 | Loss: -0.2317 | Val NDCG: 0.7457 | smoothed: 0.7496
Epoch 29 | Loss: -0.2317 | Val NDCG: 0.7364 | smoothed: 0.7456

Best smoothed NDCG: 0.7575 at epoch 24 of 29 run

1 combinations completed out of 1


--- Grid Search Results ---
 hidden_units  dropout_rate  num_blocks  num_heads     lr  gamma  val_ndcg  val_ndcg_raw  best_epoch  epochs_run  max_epochs
           64           0.1           1          8 0.0001      2  0.757535      0.752102          24          29          40

Best config: {'hidden_units': 64.0, 'dropout_rate': 0.1, 'num_blocks': 1.0, 'num_heads': 8.0, 'lr': 0.0001, 'gamma': 2.0, 'val_ndcg': 0.7575349018784365, 'val_ndcg_raw': 0.7521022007966698, 'best_epoch': 24.0, 'epochs_run': 29.0, 'max_epochs': 40.0}
0 of 1 configs reached max_epochs
0 of 1 were still improving when stopped
Best params saved to ../Models/sasrec_drrl_best_params.json
