task 38 | loss pwts | node slurmnode-gpu02
NVIDIA GeForce GTX 1080 Ti, 11264 MiB
NVIDIA GeForce GTX 1080 Ti, 11264 MiB
NVIDIA GeForce GTX 1080 Ti, 11264 MiB
NVIDIA GeForce GTX 1080 Ti, 11264 MiB
NVIDIA GeForce GTX 1080 Ti, 11264 MiB
NVIDIA GeForce GTX 1080 Ti, 11264 MiB
NVIDIA GeForce GTX 1080 Ti, 11264 MiB
NVIDIA GeForce GTX 1080 Ti, 11264 MiB
Using device: cuda
Loading datasets...
Train sessions: 75875 | Val sessions: 16262

Running grid search over 162 combinations...

SLURM array task 38: 1 config -> ../Models/sasrec_grid_pwts_task38.csv
Trying: {'hidden_units': 64, 'dropout_rate': 0.5, 'num_blocks': 1, 'num_heads': 8, 'lr': 0.001}
Epoch 1 | Loss: 0.6377 | Val NDCG: 0.7536 | smoothed: 0.7536
Epoch 2 | Loss: 0.6202 | Val NDCG: 0.7630 | smoothed: 0.7583
Epoch 3 | Loss: 0.6153 | Val NDCG: 0.7599 | smoothed: 0.7588
Epoch 4 | Loss: 0.6129 | Val NDCG: 0.7623 | smoothed: 0.7617
Epoch 5 | Loss: 0.6111 | Val NDCG: 0.7684 | smoothed: 0.7635
Epoch 6 | Loss: 0.6098 | Val NDCG: 0.7684 | smoothed: 0.7664
Epoch 7 | Loss: 0.6092 | Val NDCG: 0.7692 | smoothed: 0.7687
Epoch 8 | Loss: 0.6092 | Val NDCG: 0.7697 | smoothed: 0.7691
Epoch 9 | Loss: 0.6073 | Val NDCG: 0.7705 | smoothed: 0.7698
Epoch 10 | Loss: 0.6074 | Val NDCG: 0.7723 | smoothed: 0.7708
Epoch 11 | Loss: 0.6078 | Val NDCG: 0.7719 | smoothed: 0.7716
Epoch 12 | Loss: 0.6074 | Val NDCG: 0.7705 | smoothed: 0.7716
Epoch 13 | Loss: 0.6066 | Val NDCG: 0.7715 | smoothed: 0.7713
Epoch 14 | Loss: 0.6046 | Val NDCG: 0.7734 | smoothed: 0.7718
Epoch 15 | Loss: 0.6055 | Val NDCG: 0.7755 | smoothed: 0.7734
Epoch 16 | Loss: 0.6042 | Val NDCG: 0.7737 | smoothed: 0.7742
Epoch 17 | Loss: 0.6050 | Val NDCG: 0.7748 | smoothed: 0.7747
Epoch 18 | Loss: 0.6048 | Val NDCG: 0.7750 | smoothed: 0.7745
Epoch 19 | Loss: 0.6046 | Val NDCG: 0.7735 | smoothed: 0.7745
Epoch 20 | Loss: 0.6029 | Val NDCG: 0.7757 | smoothed: 0.7748

Best smoothed NDCG: 0.7748 at epoch 20 of 20 run

1 combinations completed out of 1


--- Grid Search Results ---
 hidden_units  dropout_rate  num_blocks  num_heads    lr  val_ndcg  val_ndcg_raw  best_epoch  epochs_run  max_epochs
           64           0.5           1          8 0.001  0.774781      0.775749          20          20          20

Best config: {'hidden_units': 64.0, 'dropout_rate': 0.5, 'num_blocks': 1.0, 'num_heads': 8.0, 'lr': 0.001, 'val_ndcg': 0.7747806910304923, 'val_ndcg_raw': 0.7757486153389934, 'best_epoch': 20.0, 'epochs_run': 20.0, 'max_epochs': 20.0}
1 of 1 configs reached max_epochs
1 of 1 were still improving when stopped
Best params saved to ../Models/sasrec_pwts_best_params.json
