task 98 | loss drrl | node slurmnode-gpu05
Tesla P100-PCIE-16GB, 16384 MiB
Tesla P100-PCIE-16GB, 16384 MiB
Tesla P100-PCIE-16GB, 16384 MiB
Tesla P100-PCIE-16GB, 16384 MiB
Using device: cuda
Loading datasets...
Train sessions: 75875 | Val sessions: 16262

Running grid search over 486 combinations...

SLURM array task 98: 1 config -> ../Models/sasrec_grid_drrl_task98.csv
Trying: {'hidden_units': 64, 'dropout_rate': 0.3, 'num_blocks': 3, 'num_heads': 8, 'lr': 0.001, 'gamma': 4}
Epoch 1 | Loss: -0.1931 | Val NDCG: 0.7085 | smoothed: 0.7085
Epoch 2 | Loss: -0.2259 | Val NDCG: 0.7234 | smoothed: 0.7159
Epoch 3 | Loss: -0.2273 | Val NDCG: 0.7398 | smoothed: 0.7239
Epoch 4 | Loss: -0.2292 | Val NDCG: 0.7505 | smoothed: 0.7379
Epoch 5 | Loss: -0.2294 | Val NDCG: 0.7529 | smoothed: 0.7477
Epoch 6 | Loss: -0.2300 | Val NDCG: 0.7487 | smoothed: 0.7507
Epoch 7 | Loss: -0.2302 | Val NDCG: 0.7536 | smoothed: 0.7517
Epoch 8 | Loss: -0.2303 | Val NDCG: 0.7630 | smoothed: 0.7551
Epoch 9 | Loss: -0.2303 | Val NDCG: 0.7442 | smoothed: 0.7536
Epoch 10 | Loss: -0.2304 | Val NDCG: 0.7628 | smoothed: 0.7567
Epoch 11 | Loss: -0.2304 | Val NDCG: 0.7646 | smoothed: 0.7572
Epoch 12 | Loss: -0.2305 | Val NDCG: 0.7733 | smoothed: 0.7669
Epoch 13 | Loss: -0.2305 | Val NDCG: 0.7549 | smoothed: 0.7643
Epoch 14 | Loss: -0.2306 | Val NDCG: 0.7643 | smoothed: 0.7642
Epoch 15 | Loss: -0.2307 | Val NDCG: 0.7714 | smoothed: 0.7636
Epoch 16 | Loss: -0.2305 | Val NDCG: 0.7593 | smoothed: 0.7650
Epoch 17 | Loss: -0.2310 | Val NDCG: 0.7708 | smoothed: 0.7672
Epoch 18 | Loss: -0.2309 | Val NDCG: 0.7649 | smoothed: 0.7650
Epoch 19 | Loss: -0.2307 | Val NDCG: 0.7622 | smoothed: 0.7660
Epoch 20 | Loss: -0.2308 | Val NDCG: 0.7659 | smoothed: 0.7643

Best smoothed NDCG: 0.7672 at epoch 17 of 20 run

1 combinations completed out of 1


--- Grid Search Results ---
 hidden_units  dropout_rate  num_blocks  num_heads    lr  gamma  val_ndcg  val_ndcg_raw  best_epoch  epochs_run  max_epochs
           64           0.3           3          8 0.001      4  0.767179      0.770837          17          20          20

Best config: {'hidden_units': 64.0, 'dropout_rate': 0.3, 'num_blocks': 3.0, 'num_heads': 8.0, 'lr': 0.001, 'gamma': 4.0, 'val_ndcg': 0.7671790199689185, 'val_ndcg_raw': 0.7708366246253205, 'best_epoch': 17.0, 'epochs_run': 20.0, 'max_epochs': 20.0}
1 of 1 configs reached max_epochs
0 of 1 were still improving when stopped
Best params saved to ../Models/sasrec_drrl_best_params.json
