task 108 | loss bce | node slurmnode-gpu05
Tesla P100-PCIE-16GB, 16384 MiB
Tesla P100-PCIE-16GB, 16384 MiB
Tesla P100-PCIE-16GB, 16384 MiB
Tesla P100-PCIE-16GB, 16384 MiB
Using device: cuda
Loading datasets...
Train sessions: 75875 | Val sessions: 16262

Running grid search over 162 combinations...

SLURM array task 108: 1 config -> ../Models/sasrec_grid_bce_task108.csv
Trying: {'hidden_units': 256, 'dropout_rate': 0.1, 'num_blocks': 1, 'num_heads': 4, 'lr': 0.001}
Epoch 1 | Loss: 0.5881 | Val NDCG: 0.7550 | smoothed: 0.7550
Epoch 2 | Loss: 0.5807 | Val NDCG: 0.7695 | smoothed: 0.7622
Epoch 3 | Loss: 0.5772 | Val NDCG: 0.7641 | smoothed: 0.7628
Epoch 4 | Loss: 0.5756 | Val NDCG: 0.7746 | smoothed: 0.7694
Epoch 5 | Loss: 0.5745 | Val NDCG: 0.7751 | smoothed: 0.7713
Epoch 6 | Loss: 0.5727 | Val NDCG: 0.7800 | smoothed: 0.7766
Epoch 7 | Loss: 0.5709 | Val NDCG: 0.7764 | smoothed: 0.7772
Epoch 8 | Loss: 0.5704 | Val NDCG: 0.7801 | smoothed: 0.7789
Epoch 9 | Loss: 0.5709 | Val NDCG: 0.7775 | smoothed: 0.7780
Epoch 10 | Loss: 0.5700 | Val NDCG: 0.7783 | smoothed: 0.7786
Epoch 11 | Loss: 0.5690 | Val NDCG: 0.7800 | smoothed: 0.7786
Epoch 12 | Loss: 0.5685 | Val NDCG: 0.7821 | smoothed: 0.7801
Epoch 13 | Loss: 0.5673 | Val NDCG: 0.7805 | smoothed: 0.7809
Epoch 14 | Loss: 0.5673 | Val NDCG: 0.7819 | smoothed: 0.7815
Epoch 15 | Loss: 0.5660 | Val NDCG: 0.7834 | smoothed: 0.7819
Epoch 16 | Loss: 0.5667 | Val NDCG: 0.7832 | smoothed: 0.7828
Epoch 17 | Loss: 0.5665 | Val NDCG: 0.7805 | smoothed: 0.7824
Epoch 18 | Loss: 0.5664 | Val NDCG: 0.7810 | smoothed: 0.7816
Epoch 19 | Loss: 0.5659 | Val NDCG: 0.7832 | smoothed: 0.7816
Epoch 20 | Loss: 0.5656 | Val NDCG: 0.7832 | smoothed: 0.7825

Best smoothed NDCG: 0.7828 at epoch 16 of 20 run

1 combinations completed out of 1


--- Grid Search Results ---
 hidden_units  dropout_rate  num_blocks  num_heads    lr  val_ndcg  val_ndcg_raw  best_epoch  epochs_run  max_epochs
          256           0.1           1          4 0.001  0.782822      0.783197          16          20          20

Best config: {'hidden_units': 256.0, 'dropout_rate': 0.1, 'num_blocks': 1.0, 'num_heads': 4.0, 'lr': 0.001, 'val_ndcg': 0.7828218683627334, 'val_ndcg_raw': 0.7831965912228214, 'best_epoch': 16.0, 'epochs_run': 20.0, 'max_epochs': 20.0}
1 of 1 configs reached max_epochs
0 of 1 were still improving when stopped
Best params saved to ../Models/sasrec_bce_best_params.json
