task 51 | loss drrl | node slurmnode-gpu05
Tesla P100-PCIE-16GB, 16384 MiB
Tesla P100-PCIE-16GB, 16384 MiB
Tesla P100-PCIE-16GB, 16384 MiB
Tesla P100-PCIE-16GB, 16384 MiB
Using device: cuda
Loading datasets...
Train sessions: 75875 | Val sessions: 16262

Running grid search over 486 combinations...

SLURM array task 51: 1 config -> ../Models/sasrec_grid_drrl_task51.csv
Trying: {'hidden_units': 64, 'dropout_rate': 0.1, 'num_blocks': 3, 'num_heads': 16, 'lr': 0.0001, 'gamma': 2}
Epoch 1 | Loss: 0.0136 | Val NDCG: 0.7151 | smoothed: 0.7151
Epoch 2 | Loss: -0.1954 | Val NDCG: 0.7201 | smoothed: 0.7176
Epoch 3 | Loss: -0.2154 | Val NDCG: 0.7165 | smoothed: 0.7172
Epoch 4 | Loss: -0.2226 | Val NDCG: 0.7195 | smoothed: 0.7187
Epoch 5 | Loss: -0.2261 | Val NDCG: 0.7254 | smoothed: 0.7205
Epoch 6 | Loss: -0.2279 | Val NDCG: 0.7233 | smoothed: 0.7227
Epoch 7 | Loss: -0.2291 | Val NDCG: 0.7245 | smoothed: 0.7244
Epoch 8 | Loss: -0.2297 | Val NDCG: 0.7332 | smoothed: 0.7270
Epoch 9 | Loss: -0.2301 | Val NDCG: 0.7298 | smoothed: 0.7292
Epoch 10 | Loss: -0.2305 | Val NDCG: 0.7363 | smoothed: 0.7331
Epoch 11 | Loss: -0.2305 | Val NDCG: 0.7325 | smoothed: 0.7329
Epoch 12 | Loss: -0.2309 | Val NDCG: 0.7474 | smoothed: 0.7388
Epoch 13 | Loss: -0.2308 | Val NDCG: 0.7263 | smoothed: 0.7354
Epoch 14 | Loss: -0.2306 | Val NDCG: 0.7424 | smoothed: 0.7387
Epoch 15 | Loss: -0.2309 | Val NDCG: 0.7365 | smoothed: 0.7351
Epoch 16 | Loss: -0.2311 | Val NDCG: 0.7445 | smoothed: 0.7412
Epoch 17 | Loss: -0.2309 | Val NDCG: 0.7486 | smoothed: 0.7432
Epoch 18 | Loss: -0.2312 | Val NDCG: 0.7486 | smoothed: 0.7472
Epoch 19 | Loss: -0.2310 | Val NDCG: 0.7470 | smoothed: 0.7481
Epoch 20 | Loss: -0.2311 | Val NDCG: 0.7376 | smoothed: 0.7444
Epoch 21 | Loss: -0.2311 | Val NDCG: 0.7559 | smoothed: 0.7469
Epoch 22 | Loss: -0.2310 | Val NDCG: 0.7546 | smoothed: 0.7494
Epoch 23 | Loss: -0.2312 | Val NDCG: 0.7563 | smoothed: 0.7556
Epoch 24 | Loss: -0.2313 | Val NDCG: 0.7597 | smoothed: 0.7569
Epoch 25 | Loss: -0.2311 | Val NDCG: 0.7446 | smoothed: 0.7535
Epoch 26 | Loss: -0.2311 | Val NDCG: 0.7472 | smoothed: 0.7505
Epoch 27 | Loss: -0.2312 | Val NDCG: 0.7466 | smoothed: 0.7461
Epoch 28 | Loss: -0.2312 | Val NDCG: 0.7621 | smoothed: 0.7519
Epoch 29 | Loss: -0.2314 | Val NDCG: 0.7659 | smoothed: 0.7582
Epoch 30 | Loss: -0.2309 | Val NDCG: 0.7402 | smoothed: 0.7561
Epoch 31 | Loss: -0.2314 | Val NDCG: 0.7525 | smoothed: 0.7529
Epoch 32 | Loss: -0.2312 | Val NDCG: 0.7423 | smoothed: 0.7450
Epoch 33 | Loss: -0.2312 | Val NDCG: 0.7517 | smoothed: 0.7488
Epoch 34 | Loss: -0.2314 | Val NDCG: 0.7568 | smoothed: 0.7503

Best smoothed NDCG: 0.7582 at epoch 29 of 34 run

1 combinations completed out of 1


--- Grid Search Results ---
 hidden_units  dropout_rate  num_blocks  num_heads     lr  gamma  val_ndcg  val_ndcg_raw  best_epoch  epochs_run  max_epochs
           64           0.1           3         16 0.0001      2  0.758178      0.765901          29          34          40

Best config: {'hidden_units': 64.0, 'dropout_rate': 0.1, 'num_blocks': 3.0, 'num_heads': 16.0, 'lr': 0.0001, 'gamma': 2.0, 'val_ndcg': 0.7581780236632545, 'val_ndcg_raw': 0.7659006046418916, 'best_epoch': 29.0, 'epochs_run': 34.0, 'max_epochs': 40.0}
0 of 1 configs reached max_epochs
0 of 1 were still improving when stopped
Best params saved to ../Models/sasrec_drrl_best_params.json
