task 440 | loss drrl | node slurmnode-gpu03
Tesla P100-PCIE-16GB, 16384 MiB
Tesla P100-PCIE-16GB, 16384 MiB
Tesla P100-PCIE-16GB, 16384 MiB
Tesla P100-PCIE-16GB, 16384 MiB
Using device: cuda
Loading datasets...
Train sessions: 75875 | Val sessions: 16262

Running grid search over 486 combinations...

SLURM array task 440: 1 config -> ../Models/sasrec_grid_drrl_task440.csv
Trying: {'hidden_units': 256, 'dropout_rate': 0.5, 'num_blocks': 1, 'num_heads': 8, 'lr': 0.001, 'gamma': 4}
Epoch 1 | Loss: -0.1844 | Val NDCG: 0.7219 | smoothed: 0.7219
Epoch 2 | Loss: -0.2209 | Val NDCG: 0.7366 | smoothed: 0.7293
Epoch 3 | Loss: -0.2242 | Val NDCG: 0.7117 | smoothed: 0.7234
Epoch 4 | Loss: -0.2256 | Val NDCG: 0.7524 | smoothed: 0.7336
Epoch 5 | Loss: -0.2276 | Val NDCG: 0.7194 | smoothed: 0.7279
Epoch 6 | Loss: -0.2279 | Val NDCG: 0.7403 | smoothed: 0.7374
Epoch 7 | Loss: -0.2280 | Val NDCG: 0.7408 | smoothed: 0.7335
Epoch 8 | Loss: -0.2287 | Val NDCG: 0.7485 | smoothed: 0.7432
Epoch 9 | Loss: -0.2285 | Val NDCG: 0.7601 | smoothed: 0.7498
Epoch 10 | Loss: -0.2288 | Val NDCG: 0.7647 | smoothed: 0.7578
Epoch 11 | Loss: -0.2291 | Val NDCG: 0.7566 | smoothed: 0.7605
Epoch 12 | Loss: -0.2293 | Val NDCG: 0.7646 | smoothed: 0.7620
Epoch 13 | Loss: -0.2293 | Val NDCG: 0.7698 | smoothed: 0.7637
Epoch 14 | Loss: -0.2295 | Val NDCG: 0.7681 | smoothed: 0.7675
Epoch 15 | Loss: -0.2298 | Val NDCG: 0.7668 | smoothed: 0.7682
Epoch 16 | Loss: -0.2297 | Val NDCG: 0.7698 | smoothed: 0.7682
Epoch 17 | Loss: -0.2299 | Val NDCG: 0.7690 | smoothed: 0.7685
Epoch 18 | Loss: -0.2298 | Val NDCG: 0.7613 | smoothed: 0.7667
Epoch 19 | Loss: -0.2300 | Val NDCG: 0.7684 | smoothed: 0.7662
Epoch 20 | Loss: -0.2301 | Val NDCG: 0.7699 | smoothed: 0.7665

Best smoothed NDCG: 0.7685 at epoch 17 of 20 run

1 combinations completed out of 1


--- Grid Search Results ---
 hidden_units  dropout_rate  num_blocks  num_heads    lr  gamma  val_ndcg  val_ndcg_raw  best_epoch  epochs_run  max_epochs
          256           0.5           1          8 0.001      4  0.768508      0.768973          17          20          20

Best config: {'hidden_units': 256.0, 'dropout_rate': 0.5, 'num_blocks': 1.0, 'num_heads': 8.0, 'lr': 0.001, 'gamma': 4.0, 'val_ndcg': 0.768507645010381, 'val_ndcg_raw': 0.7689733175581206, 'best_epoch': 17.0, 'epochs_run': 20.0, 'max_epochs': 20.0}
1 of 1 configs reached max_epochs
0 of 1 were still improving when stopped
Best params saved to ../Models/sasrec_drrl_best_params.json
