task 41 | loss drrl | node slurmnode-gpu02
NVIDIA GeForce GTX 1080 Ti, 11264 MiB
NVIDIA GeForce GTX 1080 Ti, 11264 MiB
NVIDIA GeForce GTX 1080 Ti, 11264 MiB
NVIDIA GeForce GTX 1080 Ti, 11264 MiB
NVIDIA GeForce GTX 1080 Ti, 11264 MiB
NVIDIA GeForce GTX 1080 Ti, 11264 MiB
NVIDIA GeForce GTX 1080 Ti, 11264 MiB
NVIDIA GeForce GTX 1080 Ti, 11264 MiB
Using device: cuda
Loading datasets...
Train sessions: 75875 | Val sessions: 16262

Running grid search over 486 combinations...

SLURM array task 41: 1 config -> ../Models/sasrec_grid_drrl_task41.csv
Trying: {'hidden_units': 64, 'dropout_rate': 0.1, 'num_blocks': 3, 'num_heads': 4, 'lr': 0.0001, 'gamma': 4}
Epoch 1 | Loss: -0.0703 | Val NDCG: 0.7081 | smoothed: 0.7081
Epoch 2 | Loss: -0.2095 | Val NDCG: 0.7168 | smoothed: 0.7124
Epoch 3 | Loss: -0.2214 | Val NDCG: 0.7192 | smoothed: 0.7147
Epoch 4 | Loss: -0.2258 | Val NDCG: 0.7263 | smoothed: 0.7208
Epoch 5 | Loss: -0.2280 | Val NDCG: 0.7238 | smoothed: 0.7231
Epoch 6 | Loss: -0.2292 | Val NDCG: 0.7305 | smoothed: 0.7268
Epoch 7 | Loss: -0.2301 | Val NDCG: 0.7379 | smoothed: 0.7307
Epoch 8 | Loss: -0.2305 | Val NDCG: 0.7317 | smoothed: 0.7334
Epoch 9 | Loss: -0.2309 | Val NDCG: 0.7444 | smoothed: 0.7380
Epoch 10 | Loss: -0.2312 | Val NDCG: 0.7438 | smoothed: 0.7400
Epoch 11 | Loss: -0.2313 | Val NDCG: 0.7503 | smoothed: 0.7462
Epoch 12 | Loss: -0.2314 | Val NDCG: 0.7386 | smoothed: 0.7443
Epoch 13 | Loss: -0.2316 | Val NDCG: 0.7357 | smoothed: 0.7415
Epoch 14 | Loss: -0.2315 | Val NDCG: 0.7322 | smoothed: 0.7355
Epoch 15 | Loss: -0.2317 | Val NDCG: 0.7563 | smoothed: 0.7414
Epoch 16 | Loss: -0.2317 | Val NDCG: 0.7439 | smoothed: 0.7441

Best smoothed NDCG: 0.7462 at epoch 11 of 16 run

1 combinations completed out of 1


--- Grid Search Results ---
 hidden_units  dropout_rate  num_blocks  num_heads     lr  gamma  val_ndcg  val_ndcg_raw  best_epoch  epochs_run  max_epochs
           64           0.1           3          4 0.0001      4  0.746191      0.750341          11          16          40

Best config: {'hidden_units': 64.0, 'dropout_rate': 0.1, 'num_blocks': 3.0, 'num_heads': 4.0, 'lr': 0.0001, 'gamma': 4.0, 'val_ndcg': 0.7461912744878884, 'val_ndcg_raw': 0.7503413110894142, 'best_epoch': 11.0, 'epochs_run': 16.0, 'max_epochs': 40.0}
0 of 1 configs reached max_epochs
0 of 1 were still improving when stopped
Best params saved to ../Models/sasrec_drrl_best_params.json
