task 388 | loss drrl | node slurmnode-gpu03
Tesla P100-PCIE-16GB, 16384 MiB
Tesla P100-PCIE-16GB, 16384 MiB
Tesla P100-PCIE-16GB, 16384 MiB
Tesla P100-PCIE-16GB, 16384 MiB
Using device: cuda
Loading datasets...
Train sessions: 75875 | Val sessions: 16262

Running grid search over 486 combinations...

SLURM array task 388: 1 config -> ../Models/sasrec_grid_drrl_task388.csv
Trying: {'hidden_units': 256, 'dropout_rate': 0.3, 'num_blocks': 1, 'num_heads': 8, 'lr': 0.0001, 'gamma': 3}
Epoch 1 | Loss: -0.0339 | Val NDCG: 0.7096 | smoothed: 0.7096
Epoch 2 | Loss: -0.2058 | Val NDCG: 0.7081 | smoothed: 0.7089
Epoch 3 | Loss: -0.2198 | Val NDCG: 0.7179 | smoothed: 0.7119
Epoch 4 | Loss: -0.2247 | Val NDCG: 0.7241 | smoothed: 0.7167
Epoch 5 | Loss: -0.2267 | Val NDCG: 0.7288 | smoothed: 0.7236
Epoch 6 | Loss: -0.2283 | Val NDCG: 0.7103 | smoothed: 0.7211
Epoch 7 | Loss: -0.2287 | Val NDCG: 0.7264 | smoothed: 0.7218
Epoch 8 | Loss: -0.2293 | Val NDCG: 0.7344 | smoothed: 0.7237
Epoch 9 | Loss: -0.2293 | Val NDCG: 0.7365 | smoothed: 0.7324
Epoch 10 | Loss: -0.2295 | Val NDCG: 0.7115 | smoothed: 0.7274
Epoch 11 | Loss: -0.2302 | Val NDCG: 0.7462 | smoothed: 0.7314
Epoch 12 | Loss: -0.2301 | Val NDCG: 0.7425 | smoothed: 0.7334
Epoch 13 | Loss: -0.2303 | Val NDCG: 0.7271 | smoothed: 0.7386
Epoch 14 | Loss: -0.2303 | Val NDCG: 0.7487 | smoothed: 0.7394
Epoch 15 | Loss: -0.2303 | Val NDCG: 0.7532 | smoothed: 0.7430
Epoch 16 | Loss: -0.2304 | Val NDCG: 0.7439 | smoothed: 0.7486
Epoch 17 | Loss: -0.2305 | Val NDCG: 0.7445 | smoothed: 0.7472
Epoch 18 | Loss: -0.2303 | Val NDCG: 0.7569 | smoothed: 0.7484
Epoch 19 | Loss: -0.2308 | Val NDCG: 0.7539 | smoothed: 0.7518
Epoch 20 | Loss: -0.2308 | Val NDCG: 0.7486 | smoothed: 0.7531
Epoch 21 | Loss: -0.2308 | Val NDCG: 0.7558 | smoothed: 0.7528
Epoch 22 | Loss: -0.2308 | Val NDCG: 0.7564 | smoothed: 0.7536
Epoch 23 | Loss: -0.2308 | Val NDCG: 0.7676 | smoothed: 0.7600
Epoch 24 | Loss: -0.2309 | Val NDCG: 0.7493 | smoothed: 0.7578
Epoch 25 | Loss: -0.2308 | Val NDCG: 0.7558 | smoothed: 0.7576
Epoch 26 | Loss: -0.2308 | Val NDCG: 0.7677 | smoothed: 0.7576
Epoch 27 | Loss: -0.2310 | Val NDCG: 0.7783 | smoothed: 0.7673
Epoch 28 | Loss: -0.2312 | Val NDCG: 0.7708 | smoothed: 0.7723
Epoch 29 | Loss: -0.2310 | Val NDCG: 0.7639 | smoothed: 0.7710
Epoch 30 | Loss: -0.2311 | Val NDCG: 0.7696 | smoothed: 0.7681
Epoch 31 | Loss: -0.2312 | Val NDCG: 0.7677 | smoothed: 0.7671
Epoch 32 | Loss: -0.2311 | Val NDCG: 0.7683 | smoothed: 0.7685
Epoch 33 | Loss: -0.2312 | Val NDCG: 0.7658 | smoothed: 0.7673

Best smoothed NDCG: 0.7723 at epoch 28 of 33 run

1 combinations completed out of 1


--- Grid Search Results ---
 hidden_units  dropout_rate  num_blocks  num_heads     lr  gamma  val_ndcg  val_ndcg_raw  best_epoch  epochs_run  max_epochs
          256           0.3           1          8 0.0001      3  0.772256      0.770815          28          33          40

Best config: {'hidden_units': 256.0, 'dropout_rate': 0.3, 'num_blocks': 1.0, 'num_heads': 8.0, 'lr': 0.0001, 'gamma': 3.0, 'val_ndcg': 0.772256478674762, 'val_ndcg_raw': 0.7708151193773911, 'best_epoch': 28.0, 'epochs_run': 33.0, 'max_epochs': 40.0}
0 of 1 configs reached max_epochs
0 of 1 were still improving when stopped
Best params saved to ../Models/sasrec_drrl_best_params.json
