task 330 | loss drrl | node slurmnode-gpu03
Tesla P100-PCIE-16GB, 16384 MiB
Tesla P100-PCIE-16GB, 16384 MiB
Tesla P100-PCIE-16GB, 16384 MiB
Tesla P100-PCIE-16GB, 16384 MiB
Using device: cuda
Loading datasets...
Train sessions: 75875 | Val sessions: 16262

Running grid search over 486 combinations...

SLURM array task 330: 1 config -> ../Models/sasrec_grid_drrl_task330.csv
Trying: {'hidden_units': 256, 'dropout_rate': 0.1, 'num_blocks': 1, 'num_heads': 8, 'lr': 0.001, 'gamma': 2}
Epoch 1 | Loss: -0.1446 | Val NDCG: 0.7391 | smoothed: 0.7391
Epoch 2 | Loss: -0.2118 | Val NDCG: 0.7083 | smoothed: 0.7237
Epoch 3 | Loss: -0.2162 | Val NDCG: 0.7386 | smoothed: 0.7287
Epoch 4 | Loss: -0.2197 | Val NDCG: 0.7165 | smoothed: 0.7211
Epoch 5 | Loss: -0.2214 | Val NDCG: 0.7367 | smoothed: 0.7306
Epoch 6 | Loss: -0.2232 | Val NDCG: 0.7315 | smoothed: 0.7282

Best smoothed NDCG: 0.7391 at epoch 1 of 6 run

1 combinations completed out of 1


--- Grid Search Results ---
 hidden_units  dropout_rate  num_blocks  num_heads    lr  gamma  val_ndcg  val_ndcg_raw  best_epoch  epochs_run  max_epochs
          256           0.1           1          8 0.001      2  0.739052      0.739052           1           6          20

Best config: {'hidden_units': 256.0, 'dropout_rate': 0.1, 'num_blocks': 1.0, 'num_heads': 8.0, 'lr': 0.001, 'gamma': 2.0, 'val_ndcg': 0.7390522204588496, 'val_ndcg_raw': 0.7390522204588496, 'best_epoch': 1.0, 'epochs_run': 6.0, 'max_epochs': 20.0}
0 of 1 configs reached max_epochs
0 of 1 were still improving when stopped
Best params saved to ../Models/sasrec_drrl_best_params.json
