task 199 | loss drrl | node slurmnode-gpu07
NVIDIA A40, 46068 MiB
NVIDIA A40, 46068 MiB
NVIDIA A40, 46068 MiB
NVIDIA A40, 46068 MiB
Using device: cuda
Loading datasets...
Train sessions: 75875 | Val sessions: 16262

Running grid search over 486 combinations...

SLURM array task 199: 1 config -> ../Models/sasrec_grid_drrl_task199.csv
Trying: {'hidden_units': 128, 'dropout_rate': 0.1, 'num_blocks': 3, 'num_heads': 4, 'lr': 0.001, 'gamma': 3}
Epoch 1 | Loss: -0.1844 | Val NDCG: 0.7527 | smoothed: 0.7527
Epoch 2 | Loss: -0.2214 | Val NDCG: 0.7544 | smoothed: 0.7535
Epoch 3 | Loss: -0.2247 | Val NDCG: 0.7459 | smoothed: 0.7510
Epoch 4 | Loss: -0.2268 | Val NDCG: 0.7498 | smoothed: 0.7500
Epoch 5 | Loss: -0.2273 | Val NDCG: 0.7597 | smoothed: 0.7518
Epoch 6 | Loss: -0.2275 | Val NDCG: 0.7418 | smoothed: 0.7505
Epoch 7 | Loss: -0.2283 | Val NDCG: 0.7573 | smoothed: 0.7529

Best smoothed NDCG: 0.7535 at epoch 2 of 7 run

1 combinations completed out of 1


--- Grid Search Results ---
 hidden_units  dropout_rate  num_blocks  num_heads    lr  gamma  val_ndcg  val_ndcg_raw  best_epoch  epochs_run  max_epochs
          128           0.1           3          4 0.001      3   0.75355      0.754379           2           7          20

Best config: {'hidden_units': 128.0, 'dropout_rate': 0.1, 'num_blocks': 3.0, 'num_heads': 4.0, 'lr': 0.001, 'gamma': 3.0, 'val_ndcg': 0.753549946892246, 'val_ndcg_raw': 0.7543791718102622, 'best_epoch': 2.0, 'epochs_run': 7.0, 'max_epochs': 20.0}
0 of 1 configs reached max_epochs
0 of 1 were still improving when stopped
Best params saved to ../Models/sasrec_drrl_best_params.json
