task 64 | loss pwts | node slurmnode-gpu03
Tesla P100-PCIE-16GB, 16384 MiB
Tesla P100-PCIE-16GB, 16384 MiB
Tesla P100-PCIE-16GB, 16384 MiB
Tesla P100-PCIE-16GB, 16384 MiB
Using device: cuda
Loading datasets...
Train sessions: 75875 | Val sessions: 16262

Running grid search over 162 combinations...

SLURM array task 64: 1 config -> ../Models/sasrec_grid_pwts_task64.csv
Trying: {'hidden_units': 128, 'dropout_rate': 0.1, 'num_blocks': 2, 'num_heads': 16, 'lr': 0.001}
Epoch 1 | Loss: 0.6134 | Val NDCG: 0.7550 | smoothed: 0.7550
Epoch 2 | Loss: 0.6028 | Val NDCG: 0.7697 | smoothed: 0.7623
Epoch 3 | Loss: 0.6006 | Val NDCG: 0.7706 | smoothed: 0.7651
Epoch 4 | Loss: 0.5986 | Val NDCG: 0.7692 | smoothed: 0.7698
Epoch 5 | Loss: 0.5964 | Val NDCG: 0.7713 | smoothed: 0.7704
Epoch 6 | Loss: 0.5956 | Val NDCG: 0.7700 | smoothed: 0.7702
Epoch 7 | Loss: 0.5941 | Val NDCG: 0.7742 | smoothed: 0.7718
Epoch 8 | Loss: 0.5942 | Val NDCG: 0.7760 | smoothed: 0.7734
Epoch 9 | Loss: 0.5929 | Val NDCG: 0.7738 | smoothed: 0.7746
Epoch 10 | Loss: 0.5918 | Val NDCG: 0.7779 | smoothed: 0.7759
Epoch 11 | Loss: 0.5911 | Val NDCG: 0.7773 | smoothed: 0.7763
Epoch 12 | Loss: 0.5917 | Val NDCG: 0.7762 | smoothed: 0.7772
Epoch 13 | Loss: 0.5901 | Val NDCG: 0.7753 | smoothed: 0.7763
Epoch 14 | Loss: 0.5892 | Val NDCG: 0.7763 | smoothed: 0.7759
Epoch 15 | Loss: 0.5891 | Val NDCG: 0.7763 | smoothed: 0.7760
Epoch 16 | Loss: 0.5890 | Val NDCG: 0.7770 | smoothed: 0.7765
Epoch 17 | Loss: 0.5884 | Val NDCG: 0.7789 | smoothed: 0.7774
Epoch 18 | Loss: 0.5881 | Val NDCG: 0.7759 | smoothed: 0.7773
Epoch 19 | Loss: 0.5870 | Val NDCG: 0.7778 | smoothed: 0.7775
Epoch 20 | Loss: 0.5872 | Val NDCG: 0.7791 | smoothed: 0.7776

Best smoothed NDCG: 0.7776 at epoch 20 of 20 run

1 combinations completed out of 1


--- Grid Search Results ---
 hidden_units  dropout_rate  num_blocks  num_heads    lr  val_ndcg  val_ndcg_raw  best_epoch  epochs_run  max_epochs
          128           0.1           2         16 0.001  0.777586      0.779068          20          20          20

Best config: {'hidden_units': 128.0, 'dropout_rate': 0.1, 'num_blocks': 2.0, 'num_heads': 16.0, 'lr': 0.001, 'val_ndcg': 0.7775861862106569, 'val_ndcg_raw': 0.7790681591041516, 'best_epoch': 20.0, 'epochs_run': 20.0, 'max_epochs': 20.0}
1 of 1 configs reached max_epochs
1 of 1 were still improving when stopped
Best params saved to ../Models/sasrec_pwts_best_params.json
