task 164 | loss drrl | node slurmnode-gpu07
NVIDIA A40, 46068 MiB
NVIDIA A40, 46068 MiB
NVIDIA A40, 46068 MiB
NVIDIA A40, 46068 MiB
Using device: cuda
Loading datasets...
Train sessions: 75875 | Val sessions: 16262

Running grid search over 486 combinations...

SLURM array task 164: 1 config -> ../Models/sasrec_grid_drrl_task164.csv
Trying: {'hidden_units': 128, 'dropout_rate': 0.1, 'num_blocks': 1, 'num_heads': 4, 'lr': 0.001, 'gamma': 4}
Epoch 1 | Loss: -0.1846 | Val NDCG: 0.7349 | smoothed: 0.7349
Epoch 2 | Loss: -0.2236 | Val NDCG: 0.7229 | smoothed: 0.7289
Epoch 3 | Loss: -0.2262 | Val NDCG: 0.7328 | smoothed: 0.7302
Epoch 4 | Loss: -0.2280 | Val NDCG: 0.7245 | smoothed: 0.7267
Epoch 5 | Loss: -0.2285 | Val NDCG: 0.7450 | smoothed: 0.7341
Epoch 6 | Loss: -0.2291 | Val NDCG: 0.7533 | smoothed: 0.7409
Epoch 7 | Loss: -0.2294 | Val NDCG: 0.7477 | smoothed: 0.7486
Epoch 8 | Loss: -0.2294 | Val NDCG: 0.7612 | smoothed: 0.7541
Epoch 9 | Loss: -0.2297 | Val NDCG: 0.7708 | smoothed: 0.7599
Epoch 10 | Loss: -0.2297 | Val NDCG: 0.7659 | smoothed: 0.7660
Epoch 11 | Loss: -0.2300 | Val NDCG: 0.7443 | smoothed: 0.7603
Epoch 12 | Loss: -0.2300 | Val NDCG: 0.7676 | smoothed: 0.7593
Epoch 13 | Loss: -0.2300 | Val NDCG: 0.7744 | smoothed: 0.7621
Epoch 14 | Loss: -0.2302 | Val NDCG: 0.7625 | smoothed: 0.7682
Epoch 15 | Loss: -0.2303 | Val NDCG: 0.7611 | smoothed: 0.7660
Epoch 16 | Loss: -0.2302 | Val NDCG: 0.7683 | smoothed: 0.7640
Epoch 17 | Loss: -0.2301 | Val NDCG: 0.7644 | smoothed: 0.7646
Epoch 18 | Loss: -0.2304 | Val NDCG: 0.7740 | smoothed: 0.7689
Epoch 19 | Loss: -0.2303 | Val NDCG: 0.7769 | smoothed: 0.7718
Epoch 20 | Loss: -0.2304 | Val NDCG: 0.7778 | smoothed: 0.7762

Best smoothed NDCG: 0.7762 at epoch 20 of 20 run

1 combinations completed out of 1


--- Grid Search Results ---
 hidden_units  dropout_rate  num_blocks  num_heads    lr  gamma  val_ndcg  val_ndcg_raw  best_epoch  epochs_run  max_epochs
          128           0.1           1          4 0.001      4  0.776224      0.777785          20          20          20

Best config: {'hidden_units': 128.0, 'dropout_rate': 0.1, 'num_blocks': 1.0, 'num_heads': 4.0, 'lr': 0.001, 'gamma': 4.0, 'val_ndcg': 0.7762243614589739, 'val_ndcg_raw': 0.7777846016354213, 'best_epoch': 20.0, 'epochs_run': 20.0, 'max_epochs': 20.0}
1 of 1 configs reached max_epochs
1 of 1 were still improving when stopped
Best params saved to ../Models/sasrec_drrl_best_params.json
