task 86 | loss pwts | node slurmnode-gpu03
Tesla P100-PCIE-16GB, 16384 MiB
Tesla P100-PCIE-16GB, 16384 MiB
Tesla P100-PCIE-16GB, 16384 MiB
Tesla P100-PCIE-16GB, 16384 MiB
Using device: cuda
Loading datasets...
Train sessions: 75875 | Val sessions: 16262

Running grid search over 162 combinations...

SLURM array task 86: 1 config -> ../Models/sasrec_grid_pwts_task86.csv
Trying: {'hidden_units': 128, 'dropout_rate': 0.3, 'num_blocks': 3, 'num_heads': 8, 'lr': 0.001}
Epoch 1 | Loss: 0.6193 | Val NDCG: 0.7601 | smoothed: 0.7601
Epoch 2 | Loss: 0.6071 | Val NDCG: 0.7645 | smoothed: 0.7623
Epoch 3 | Loss: 0.6040 | Val NDCG: 0.7646 | smoothed: 0.7631
Epoch 4 | Loss: 0.6028 | Val NDCG: 0.7705 | smoothed: 0.7665
Epoch 5 | Loss: 0.6016 | Val NDCG: 0.7710 | smoothed: 0.7687
Epoch 6 | Loss: 0.6001 | Val NDCG: 0.7721 | smoothed: 0.7712
Epoch 7 | Loss: 0.5988 | Val NDCG: 0.7709 | smoothed: 0.7713
Epoch 8 | Loss: 0.5991 | Val NDCG: 0.7751 | smoothed: 0.7727
Epoch 9 | Loss: 0.5980 | Val NDCG: 0.7682 | smoothed: 0.7714
Epoch 10 | Loss: 0.5970 | Val NDCG: 0.7738 | smoothed: 0.7724
Epoch 11 | Loss: 0.5962 | Val NDCG: 0.7741 | smoothed: 0.7720
Epoch 12 | Loss: 0.5956 | Val NDCG: 0.7749 | smoothed: 0.7743
Epoch 13 | Loss: 0.5953 | Val NDCG: 0.7759 | smoothed: 0.7750
Epoch 14 | Loss: 0.5952 | Val NDCG: 0.7773 | smoothed: 0.7760
Epoch 15 | Loss: 0.5942 | Val NDCG: 0.7751 | smoothed: 0.7761
Epoch 16 | Loss: 0.5932 | Val NDCG: 0.7793 | smoothed: 0.7772
Epoch 17 | Loss: 0.5926 | Val NDCG: 0.7781 | smoothed: 0.7775
Epoch 18 | Loss: 0.5935 | Val NDCG: 0.7779 | smoothed: 0.7784
Epoch 19 | Loss: 0.5924 | Val NDCG: 0.7803 | smoothed: 0.7787
Epoch 20 | Loss: 0.5928 | Val NDCG: 0.7811 | smoothed: 0.7797

Best smoothed NDCG: 0.7797 at epoch 20 of 20 run

1 combinations completed out of 1


--- Grid Search Results ---
 hidden_units  dropout_rate  num_blocks  num_heads    lr  val_ndcg  val_ndcg_raw  best_epoch  epochs_run  max_epochs
          128           0.3           3          8 0.001  0.779736      0.781083          20          20          20

Best config: {'hidden_units': 128.0, 'dropout_rate': 0.3, 'num_blocks': 3.0, 'num_heads': 8.0, 'lr': 0.001, 'val_ndcg': 0.7797356830023231, 'val_ndcg_raw': 0.7810826088983969, 'best_epoch': 20.0, 'epochs_run': 20.0, 'max_epochs': 20.0}
1 of 1 configs reached max_epochs
1 of 1 were still improving when stopped
Best params saved to ../Models/sasrec_pwts_best_params.json
