task 191 | loss drrl | node slurmnode-gpu07
NVIDIA A40, 46068 MiB
NVIDIA A40, 46068 MiB
NVIDIA A40, 46068 MiB
NVIDIA A40, 46068 MiB
Using device: cuda
Loading datasets...
Train sessions: 75875 | Val sessions: 16262

Running grid search over 486 combinations...

SLURM array task 191: 1 config -> ../Models/sasrec_grid_drrl_task191.csv
Trying: {'hidden_units': 128, 'dropout_rate': 0.1, 'num_blocks': 2, 'num_heads': 8, 'lr': 0.0001, 'gamma': 4}
Epoch 1 | Loss: -0.0838 | Val NDCG: 0.7287 | smoothed: 0.7287
Epoch 2 | Loss: -0.2087 | Val NDCG: 0.7347 | smoothed: 0.7317
Epoch 3 | Loss: -0.2203 | Val NDCG: 0.7430 | smoothed: 0.7354
Epoch 4 | Loss: -0.2246 | Val NDCG: 0.7422 | smoothed: 0.7400
Epoch 5 | Loss: -0.2265 | Val NDCG: 0.7259 | smoothed: 0.7370
Epoch 6 | Loss: -0.2275 | Val NDCG: 0.7336 | smoothed: 0.7339
Epoch 7 | Loss: -0.2284 | Val NDCG: 0.7401 | smoothed: 0.7332
Epoch 8 | Loss: -0.2290 | Val NDCG: 0.7360 | smoothed: 0.7366
Epoch 9 | Loss: -0.2292 | Val NDCG: 0.7425 | smoothed: 0.7395

Best smoothed NDCG: 0.7400 at epoch 4 of 9 run

1 combinations completed out of 1


--- Grid Search Results ---
 hidden_units  dropout_rate  num_blocks  num_heads     lr  gamma  val_ndcg  val_ndcg_raw  best_epoch  epochs_run  max_epochs
          128           0.1           2          8 0.0001      4  0.739955      0.742187           4           9          40

Best config: {'hidden_units': 128.0, 'dropout_rate': 0.1, 'num_blocks': 2.0, 'num_heads': 8.0, 'lr': 0.0001, 'gamma': 4.0, 'val_ndcg': 0.7399545379156316, 'val_ndcg_raw': 0.7421865288105919, 'best_epoch': 4.0, 'epochs_run': 9.0, 'max_epochs': 40.0}
0 of 1 configs reached max_epochs
0 of 1 were still improving when stopped
Best params saved to ../Models/sasrec_drrl_best_params.json
