task 355 | loss drrl | node slurmnode-gpu03
Tesla P100-PCIE-16GB, 16384 MiB
Tesla P100-PCIE-16GB, 16384 MiB
Tesla P100-PCIE-16GB, 16384 MiB
Tesla P100-PCIE-16GB, 16384 MiB
Using device: cuda
Loading datasets...
Train sessions: 75875 | Val sessions: 16262

Running grid search over 486 combinations...

SLURM array task 355: 1 config -> ../Models/sasrec_grid_drrl_task355.csv
Trying: {'hidden_units': 256, 'dropout_rate': 0.1, 'num_blocks': 2, 'num_heads': 16, 'lr': 0.001, 'gamma': 3}
Epoch 1 | Loss: -0.1706 | Val NDCG: 0.7365 | smoothed: 0.7365
Epoch 2 | Loss: -0.2221 | Val NDCG: 0.7341 | smoothed: 0.7353
Epoch 3 | Loss: -0.2260 | Val NDCG: 0.7389 | smoothed: 0.7365
Epoch 4 | Loss: -0.2270 | Val NDCG: 0.7608 | smoothed: 0.7446
Epoch 5 | Loss: -0.2279 | Val NDCG: 0.7598 | smoothed: 0.7532
Epoch 6 | Loss: -0.2287 | Val NDCG: 0.7340 | smoothed: 0.7515
Epoch 7 | Loss: -0.2287 | Val NDCG: 0.7589 | smoothed: 0.7509
Epoch 8 | Loss: -0.2289 | Val NDCG: 0.7592 | smoothed: 0.7507
Epoch 9 | Loss: -0.2290 | Val NDCG: 0.7620 | smoothed: 0.7601
Epoch 10 | Loss: -0.2292 | Val NDCG: 0.7447 | smoothed: 0.7553
Epoch 11 | Loss: -0.2295 | Val NDCG: 0.7708 | smoothed: 0.7592
Epoch 12 | Loss: -0.2296 | Val NDCG: 0.7551 | smoothed: 0.7569
Epoch 13 | Loss: -0.2296 | Val NDCG: 0.7655 | smoothed: 0.7638
Epoch 14 | Loss: -0.2296 | Val NDCG: 0.7599 | smoothed: 0.7601
Epoch 15 | Loss: -0.2297 | Val NDCG: 0.7634 | smoothed: 0.7629
Epoch 16 | Loss: -0.2297 | Val NDCG: 0.7709 | smoothed: 0.7648
Epoch 17 | Loss: -0.2299 | Val NDCG: 0.7712 | smoothed: 0.7685
Epoch 18 | Loss: -0.2299 | Val NDCG: 0.7613 | smoothed: 0.7678
Epoch 19 | Loss: -0.2300 | Val NDCG: 0.7646 | smoothed: 0.7657
Epoch 20 | Loss: -0.2294 | Val NDCG: 0.7661 | smoothed: 0.7640

Best smoothed NDCG: 0.7685 at epoch 17 of 20 run

1 combinations completed out of 1


--- Grid Search Results ---
 hidden_units  dropout_rate  num_blocks  num_heads    lr  gamma  val_ndcg  val_ndcg_raw  best_epoch  epochs_run  max_epochs
          256           0.1           2         16 0.001      3  0.768519      0.771198          17          20          20

Best config: {'hidden_units': 256.0, 'dropout_rate': 0.1, 'num_blocks': 2.0, 'num_heads': 16.0, 'lr': 0.001, 'gamma': 3.0, 'val_ndcg': 0.7685188012477804, 'val_ndcg_raw': 0.7711976785515147, 'best_epoch': 17.0, 'epochs_run': 20.0, 'max_epochs': 20.0}
1 of 1 configs reached max_epochs
0 of 1 were still improving when stopped
Best params saved to ../Models/sasrec_drrl_best_params.json
