task 35 | loss drrl | node slurmnode-gpu02
NVIDIA GeForce GTX 1080 Ti, 11264 MiB
NVIDIA GeForce GTX 1080 Ti, 11264 MiB
NVIDIA GeForce GTX 1080 Ti, 11264 MiB
NVIDIA GeForce GTX 1080 Ti, 11264 MiB
NVIDIA GeForce GTX 1080 Ti, 11264 MiB
NVIDIA GeForce GTX 1080 Ti, 11264 MiB
NVIDIA GeForce GTX 1080 Ti, 11264 MiB
NVIDIA GeForce GTX 1080 Ti, 11264 MiB
Using device: cuda
Loading datasets...
Train sessions: 75875 | Val sessions: 16262

Running grid search over 486 combinations...

SLURM array task 35: 1 config -> ../Models/sasrec_grid_drrl_task35.csv
Trying: {'hidden_units': 64, 'dropout_rate': 0.1, 'num_blocks': 2, 'num_heads': 16, 'lr': 0.0001, 'gamma': 4}
Epoch 1 | Loss: -0.0569 | Val NDCG: 0.7344 | smoothed: 0.7344
Epoch 2 | Loss: -0.2057 | Val NDCG: 0.7304 | smoothed: 0.7324
Epoch 3 | Loss: -0.2201 | Val NDCG: 0.7382 | smoothed: 0.7344
Epoch 4 | Loss: -0.2256 | Val NDCG: 0.7326 | smoothed: 0.7337
Epoch 5 | Loss: -0.2282 | Val NDCG: 0.7316 | smoothed: 0.7341
Epoch 6 | Loss: -0.2295 | Val NDCG: 0.7349 | smoothed: 0.7330

Best smoothed NDCG: 0.7344 at epoch 1 of 6 run

1 combinations completed out of 1


--- Grid Search Results ---
 hidden_units  dropout_rate  num_blocks  num_heads     lr  gamma  val_ndcg  val_ndcg_raw  best_epoch  epochs_run  max_epochs
           64           0.1           2         16 0.0001      4   0.73445       0.73445           1           6          40

Best config: {'hidden_units': 64.0, 'dropout_rate': 0.1, 'num_blocks': 2.0, 'num_heads': 16.0, 'lr': 0.0001, 'gamma': 4.0, 'val_ndcg': 0.7344495755287679, 'val_ndcg_raw': 0.7344495755287679, 'best_epoch': 1.0, 'epochs_run': 6.0, 'max_epochs': 40.0}
0 of 1 configs reached max_epochs
0 of 1 were still improving when stopped
Best params saved to ../Models/sasrec_drrl_best_params.json
