task 181 | loss drrl | node slurmnode-gpu07
NVIDIA A40, 46068 MiB
NVIDIA A40, 46068 MiB
NVIDIA A40, 46068 MiB
NVIDIA A40, 46068 MiB
Using device: cuda
Loading datasets...
Train sessions: 75875 | Val sessions: 16262

Running grid search over 486 combinations...

SLURM array task 181: 1 config -> ../Models/sasrec_grid_drrl_task181.csv
Trying: {'hidden_units': 128, 'dropout_rate': 0.1, 'num_blocks': 2, 'num_heads': 4, 'lr': 0.001, 'gamma': 3}
Epoch 1 | Loss: -0.1830 | Val NDCG: 0.7289 | smoothed: 0.7289
Epoch 2 | Loss: -0.2228 | Val NDCG: 0.7299 | smoothed: 0.7294
Epoch 3 | Loss: -0.2268 | Val NDCG: 0.7344 | smoothed: 0.7311
Epoch 4 | Loss: -0.2277 | Val NDCG: 0.7652 | smoothed: 0.7432
Epoch 5 | Loss: -0.2291 | Val NDCG: 0.7482 | smoothed: 0.7493
Epoch 6 | Loss: -0.2297 | Val NDCG: 0.7449 | smoothed: 0.7527
Epoch 7 | Loss: -0.2296 | Val NDCG: 0.7524 | smoothed: 0.7485
Epoch 8 | Loss: -0.2299 | Val NDCG: 0.7635 | smoothed: 0.7536
Epoch 9 | Loss: -0.2296 | Val NDCG: 0.7570 | smoothed: 0.7576
Epoch 10 | Loss: -0.2299 | Val NDCG: 0.7642 | smoothed: 0.7615
Epoch 11 | Loss: -0.2299 | Val NDCG: 0.7588 | smoothed: 0.7600
Epoch 12 | Loss: -0.2300 | Val NDCG: 0.7681 | smoothed: 0.7637
Epoch 13 | Loss: -0.2299 | Val NDCG: 0.7493 | smoothed: 0.7587
Epoch 14 | Loss: -0.2300 | Val NDCG: 0.7672 | smoothed: 0.7615
Epoch 15 | Loss: -0.2298 | Val NDCG: 0.7677 | smoothed: 0.7614
Epoch 16 | Loss: -0.2301 | Val NDCG: 0.7764 | smoothed: 0.7704
Epoch 17 | Loss: -0.2301 | Val NDCG: 0.7623 | smoothed: 0.7688
Epoch 18 | Loss: -0.2301 | Val NDCG: 0.7591 | smoothed: 0.7660
Epoch 19 | Loss: -0.2304 | Val NDCG: 0.7674 | smoothed: 0.7630
Epoch 20 | Loss: -0.2304 | Val NDCG: 0.7719 | smoothed: 0.7662

Best smoothed NDCG: 0.7704 at epoch 16 of 20 run

1 combinations completed out of 1


--- Grid Search Results ---
 hidden_units  dropout_rate  num_blocks  num_heads    lr  gamma  val_ndcg  val_ndcg_raw  best_epoch  epochs_run  max_epochs
          128           0.1           2          4 0.001      3  0.770426      0.776378          16          20          20

Best config: {'hidden_units': 128.0, 'dropout_rate': 0.1, 'num_blocks': 2.0, 'num_heads': 4.0, 'lr': 0.001, 'gamma': 3.0, 'val_ndcg': 0.7704264381930276, 'val_ndcg_raw': 0.7763780797310453, 'best_epoch': 16.0, 'epochs_run': 20.0, 'max_epochs': 20.0}
1 of 1 configs reached max_epochs
0 of 1 were still improving when stopped
Best params saved to ../Models/sasrec_drrl_best_params.json
