task 9 | loss bce | node slurmnode-gpu02
NVIDIA GeForce GTX 1080 Ti, 11264 MiB
NVIDIA GeForce GTX 1080 Ti, 11264 MiB
NVIDIA GeForce GTX 1080 Ti, 11264 MiB
NVIDIA GeForce GTX 1080 Ti, 11264 MiB
NVIDIA GeForce GTX 1080 Ti, 11264 MiB
NVIDIA GeForce GTX 1080 Ti, 11264 MiB
NVIDIA GeForce GTX 1080 Ti, 11264 MiB
NVIDIA GeForce GTX 1080 Ti, 11264 MiB
Using device: cuda
Loading datasets...
Train sessions: 75875 | Val sessions: 16262

Running grid search over 162 combinations...

SLURM array task 9: 1 config -> ../Models/sasrec_grid_bce_task9.csv
Trying: {'hidden_units': 64, 'dropout_rate': 0.1, 'num_blocks': 2, 'num_heads': 8, 'lr': 0.0001}
Epoch 1 | Loss: 0.6053 | Val NDCG: 0.7396 | smoothed: 0.7396
Epoch 2 | Loss: 0.5855 | Val NDCG: 0.7556 | smoothed: 0.7476
Epoch 3 | Loss: 0.5806 | Val NDCG: 0.7581 | smoothed: 0.7511
Epoch 4 | Loss: 0.5784 | Val NDCG: 0.7580 | smoothed: 0.7572
Epoch 5 | Loss: 0.5774 | Val NDCG: 0.7635 | smoothed: 0.7599
Epoch 6 | Loss: 0.5757 | Val NDCG: 0.7619 | smoothed: 0.7612
Epoch 7 | Loss: 0.5747 | Val NDCG: 0.7624 | smoothed: 0.7626
Epoch 8 | Loss: 0.5735 | Val NDCG: 0.7659 | smoothed: 0.7634
Epoch 9 | Loss: 0.5731 | Val NDCG: 0.7640 | smoothed: 0.7641
Epoch 10 | Loss: 0.5717 | Val NDCG: 0.7683 | smoothed: 0.7661
Epoch 11 | Loss: 0.5714 | Val NDCG: 0.7681 | smoothed: 0.7668
Epoch 12 | Loss: 0.5720 | Val NDCG: 0.7682 | smoothed: 0.7682
Epoch 13 | Loss: 0.5710 | Val NDCG: 0.7701 | smoothed: 0.7688
Epoch 14 | Loss: 0.5716 | Val NDCG: 0.7691 | smoothed: 0.7691
Epoch 15 | Loss: 0.5712 | Val NDCG: 0.7659 | smoothed: 0.7684
Epoch 16 | Loss: 0.5694 | Val NDCG: 0.7687 | smoothed: 0.7679
Epoch 17 | Loss: 0.5696 | Val NDCG: 0.7671 | smoothed: 0.7673
Epoch 18 | Loss: 0.5693 | Val NDCG: 0.7685 | smoothed: 0.7681
Epoch 19 | Loss: 0.5680 | Val NDCG: 0.7696 | smoothed: 0.7684

Best smoothed NDCG: 0.7691 at epoch 14 of 19 run

1 combinations completed out of 1


--- Grid Search Results ---
 hidden_units  dropout_rate  num_blocks  num_heads     lr  val_ndcg  val_ndcg_raw  best_epoch  epochs_run  max_epochs
           64           0.1           2          8 0.0001  0.769105      0.769107          14          19          40

Best config: {'hidden_units': 64.0, 'dropout_rate': 0.1, 'num_blocks': 2.0, 'num_heads': 8.0, 'lr': 0.0001, 'val_ndcg': 0.7691054996681764, 'val_ndcg_raw': 0.769107471963087, 'best_epoch': 14.0, 'epochs_run': 19.0, 'max_epochs': 40.0}
0 of 1 configs reached max_epochs
0 of 1 were still improving when stopped
Best params saved to ../Models/sasrec_bce_best_params.json
