task 351 | loss drrl | node slurmnode-gpu03
Tesla P100-PCIE-16GB, 16384 MiB
Tesla P100-PCIE-16GB, 16384 MiB
Tesla P100-PCIE-16GB, 16384 MiB
Tesla P100-PCIE-16GB, 16384 MiB
Using device: cuda
Loading datasets...
Train sessions: 75875 | Val sessions: 16262

Running grid search over 486 combinations...

SLURM array task 351: 1 config -> ../Models/sasrec_grid_drrl_task351.csv
Trying: {'hidden_units': 256, 'dropout_rate': 0.1, 'num_blocks': 2, 'num_heads': 8, 'lr': 0.0001, 'gamma': 2}
Epoch 1 | Loss: -0.0779 | Val NDCG: 0.7327 | smoothed: 0.7327
Epoch 2 | Loss: -0.2096 | Val NDCG: 0.7335 | smoothed: 0.7331
Epoch 3 | Loss: -0.2176 | Val NDCG: 0.7422 | smoothed: 0.7361
Epoch 4 | Loss: -0.2221 | Val NDCG: 0.7146 | smoothed: 0.7301
Epoch 5 | Loss: -0.2239 | Val NDCG: 0.7620 | smoothed: 0.7396
Epoch 6 | Loss: -0.2245 | Val NDCG: 0.7252 | smoothed: 0.7339
Epoch 7 | Loss: -0.2247 | Val NDCG: 0.7569 | smoothed: 0.7480
Epoch 8 | Loss: -0.2251 | Val NDCG: 0.7535 | smoothed: 0.7452
Epoch 9 | Loss: -0.2258 | Val NDCG: 0.7635 | smoothed: 0.7579
Epoch 10 | Loss: -0.2265 | Val NDCG: 0.7389 | smoothed: 0.7520
Epoch 11 | Loss: -0.2259 | Val NDCG: 0.7674 | smoothed: 0.7566
Epoch 12 | Loss: -0.2265 | Val NDCG: 0.7317 | smoothed: 0.7460
Epoch 13 | Loss: -0.2268 | Val NDCG: 0.7532 | smoothed: 0.7508
Epoch 14 | Loss: -0.2274 | Val NDCG: 0.7492 | smoothed: 0.7447

Best smoothed NDCG: 0.7579 at epoch 9 of 14 run

1 combinations completed out of 1


--- Grid Search Results ---
 hidden_units  dropout_rate  num_blocks  num_heads     lr  gamma  val_ndcg  val_ndcg_raw  best_epoch  epochs_run  max_epochs
          256           0.1           2          8 0.0001      2   0.75794      0.763504           9          14          40

Best config: {'hidden_units': 256.0, 'dropout_rate': 0.1, 'num_blocks': 2.0, 'num_heads': 8.0, 'lr': 0.0001, 'gamma': 2.0, 'val_ndcg': 0.7579400941789637, 'val_ndcg_raw': 0.7635036631996788, 'best_epoch': 9.0, 'epochs_run': 14.0, 'max_epochs': 40.0}
0 of 1 configs reached max_epochs
0 of 1 were still improving when stopped
Best params saved to ../Models/sasrec_drrl_best_params.json
