task 140 | loss pwts | node slurmnode-gpu05
Tesla P100-PCIE-16GB, 16384 MiB
Tesla P100-PCIE-16GB, 16384 MiB
Tesla P100-PCIE-16GB, 16384 MiB
Tesla P100-PCIE-16GB, 16384 MiB
Using device: cuda
Loading datasets...
Train sessions: 75875 | Val sessions: 16262

Running grid search over 162 combinations...

SLURM array task 140: 1 config -> ../Models/sasrec_grid_pwts_task140.csv
Trying: {'hidden_units': 256, 'dropout_rate': 0.3, 'num_blocks': 3, 'num_heads': 8, 'lr': 0.001}
Epoch 1 | Loss: 0.6211 | Val NDCG: 0.7613 | smoothed: 0.7613
Epoch 2 | Loss: 0.6097 | Val NDCG: 0.7651 | smoothed: 0.7632
Epoch 3 | Loss: 0.6067 | Val NDCG: 0.7657 | smoothed: 0.7640
Epoch 4 | Loss: 0.6043 | Val NDCG: 0.7681 | smoothed: 0.7663
Epoch 5 | Loss: 0.6026 | Val NDCG: 0.7668 | smoothed: 0.7669
Epoch 6 | Loss: 0.6017 | Val NDCG: 0.7746 | smoothed: 0.7699
Epoch 7 | Loss: 0.6012 | Val NDCG: 0.7697 | smoothed: 0.7704
Epoch 8 | Loss: 0.5995 | Val NDCG: 0.7701 | smoothed: 0.7715
Epoch 9 | Loss: 0.5993 | Val NDCG: 0.7694 | smoothed: 0.7698
Epoch 10 | Loss: 0.5988 | Val NDCG: 0.7703 | smoothed: 0.7700
Epoch 11 | Loss: 0.5972 | Val NDCG: 0.7756 | smoothed: 0.7718
Epoch 12 | Loss: 0.5975 | Val NDCG: 0.7731 | smoothed: 0.7730
Epoch 13 | Loss: 0.5962 | Val NDCG: 0.7748 | smoothed: 0.7745
Epoch 14 | Loss: 0.5957 | Val NDCG: 0.7716 | smoothed: 0.7732
Epoch 15 | Loss: 0.5966 | Val NDCG: 0.7742 | smoothed: 0.7735
Epoch 16 | Loss: 0.5959 | Val NDCG: 0.7752 | smoothed: 0.7737
Epoch 17 | Loss: 0.5951 | Val NDCG: 0.7753 | smoothed: 0.7749
Epoch 18 | Loss: 0.5939 | Val NDCG: 0.7751 | smoothed: 0.7752
Epoch 19 | Loss: 0.5933 | Val NDCG: 0.7791 | smoothed: 0.7765
Epoch 20 | Loss: 0.5937 | Val NDCG: 0.7762 | smoothed: 0.7768

Best smoothed NDCG: 0.7768 at epoch 20 of 20 run

1 combinations completed out of 1


--- Grid Search Results ---
 hidden_units  dropout_rate  num_blocks  num_heads    lr  val_ndcg  val_ndcg_raw  best_epoch  epochs_run  max_epochs
          256           0.3           3          8 0.001  0.776811      0.776246          20          20          20

Best config: {'hidden_units': 256.0, 'dropout_rate': 0.3, 'num_blocks': 3.0, 'num_heads': 8.0, 'lr': 0.001, 'val_ndcg': 0.7768107243479969, 'val_ndcg_raw': 0.7762460297884591, 'best_epoch': 20.0, 'epochs_run': 20.0, 'max_epochs': 20.0}
1 of 1 configs reached max_epochs
1 of 1 were still improving when stopped
Best params saved to ../Models/sasrec_pwts_best_params.json
