task 93 | loss drrl | node slurmnode-gpu07
NVIDIA A40, 46068 MiB
NVIDIA A40, 46068 MiB
NVIDIA A40, 46068 MiB
NVIDIA A40, 46068 MiB
Using device: cuda
Loading datasets...
Train sessions: 75875 | Val sessions: 16262

Running grid search over 486 combinations...

SLURM array task 93: 1 config -> ../Models/sasrec_grid_drrl_task93.csv
Trying: {'hidden_units': 64, 'dropout_rate': 0.3, 'num_blocks': 3, 'num_heads': 4, 'lr': 0.0001, 'gamma': 2}
Epoch 1 | Loss: 0.0783 | Val NDCG: 0.7193 | smoothed: 0.7193
Epoch 2 | Loss: -0.1913 | Val NDCG: 0.7213 | smoothed: 0.7203
Epoch 3 | Loss: -0.2151 | Val NDCG: 0.7245 | smoothed: 0.7217
Epoch 4 | Loss: -0.2228 | Val NDCG: 0.7240 | smoothed: 0.7233
Epoch 5 | Loss: -0.2264 | Val NDCG: 0.7205 | smoothed: 0.7230
Epoch 6 | Loss: -0.2284 | Val NDCG: 0.7260 | smoothed: 0.7235
Epoch 7 | Loss: -0.2295 | Val NDCG: 0.7205 | smoothed: 0.7223
Epoch 8 | Loss: -0.2303 | Val NDCG: 0.7188 | smoothed: 0.7218
Epoch 9 | Loss: -0.2308 | Val NDCG: 0.7232 | smoothed: 0.7208
Epoch 10 | Loss: -0.2310 | Val NDCG: 0.7213 | smoothed: 0.7211
Epoch 11 | Loss: -0.2312 | Val NDCG: 0.7158 | smoothed: 0.7201

Best smoothed NDCG: 0.7235 at epoch 6 of 11 run

1 combinations completed out of 1


--- Grid Search Results ---
 hidden_units  dropout_rate  num_blocks  num_heads     lr  gamma  val_ndcg  val_ndcg_raw  best_epoch  epochs_run  max_epochs
           64           0.3           3          4 0.0001      2  0.723526      0.725992           6          11          40

Best config: {'hidden_units': 64.0, 'dropout_rate': 0.3, 'num_blocks': 3.0, 'num_heads': 4.0, 'lr': 0.0001, 'gamma': 2.0, 'val_ndcg': 0.7235261845345277, 'val_ndcg_raw': 0.7259921712988536, 'best_epoch': 6.0, 'epochs_run': 11.0, 'max_epochs': 40.0}
0 of 1 configs reached max_epochs
0 of 1 were still improving when stopped
Best params saved to ../Models/sasrec_drrl_best_params.json
