task 94 | loss bce | node slurmnode-gpu05
Tesla P100-PCIE-16GB, 16384 MiB
Tesla P100-PCIE-16GB, 16384 MiB
Tesla P100-PCIE-16GB, 16384 MiB
Tesla P100-PCIE-16GB, 16384 MiB
Using device: cuda
Loading datasets...
Train sessions: 75875 | Val sessions: 16262

Running grid search over 162 combinations...

SLURM array task 94: 1 config -> ../Models/sasrec_grid_bce_task94.csv
Trying: {'hidden_units': 128, 'dropout_rate': 0.5, 'num_blocks': 1, 'num_heads': 16, 'lr': 0.001}
Epoch 1 | Loss: 0.5974 | Val NDCG: 0.7536 | smoothed: 0.7536
Epoch 2 | Loss: 0.5848 | Val NDCG: 0.7652 | smoothed: 0.7594
Epoch 3 | Loss: 0.5805 | Val NDCG: 0.7697 | smoothed: 0.7628
Epoch 4 | Loss: 0.5786 | Val NDCG: 0.7686 | smoothed: 0.7678
Epoch 5 | Loss: 0.5773 | Val NDCG: 0.7674 | smoothed: 0.7686
Epoch 6 | Loss: 0.5768 | Val NDCG: 0.7701 | smoothed: 0.7687
Epoch 7 | Loss: 0.5765 | Val NDCG: 0.7715 | smoothed: 0.7697
Epoch 8 | Loss: 0.5755 | Val NDCG: 0.7725 | smoothed: 0.7714
Epoch 9 | Loss: 0.5745 | Val NDCG: 0.7719 | smoothed: 0.7720
Epoch 10 | Loss: 0.5750 | Val NDCG: 0.7792 | smoothed: 0.7745
Epoch 11 | Loss: 0.5741 | Val NDCG: 0.7725 | smoothed: 0.7745
Epoch 12 | Loss: 0.5733 | Val NDCG: 0.7784 | smoothed: 0.7767
Epoch 13 | Loss: 0.5722 | Val NDCG: 0.7762 | smoothed: 0.7757
Epoch 14 | Loss: 0.5724 | Val NDCG: 0.7736 | smoothed: 0.7761
Epoch 15 | Loss: 0.5720 | Val NDCG: 0.7728 | smoothed: 0.7742
Epoch 16 | Loss: 0.5718 | Val NDCG: 0.7740 | smoothed: 0.7735
Epoch 17 | Loss: 0.5723 | Val NDCG: 0.7748 | smoothed: 0.7739

Best smoothed NDCG: 0.7767 at epoch 12 of 17 run

1 combinations completed out of 1


--- Grid Search Results ---
 hidden_units  dropout_rate  num_blocks  num_heads    lr  val_ndcg  val_ndcg_raw  best_epoch  epochs_run  max_epochs
          128           0.5           1         16 0.001  0.776685      0.778366          12          17          20

Best config: {'hidden_units': 128.0, 'dropout_rate': 0.5, 'num_blocks': 1.0, 'num_heads': 16.0, 'lr': 0.001, 'val_ndcg': 0.776685415445432, 'val_ndcg_raw': 0.7783663617395106, 'best_epoch': 12.0, 'epochs_run': 17.0, 'max_epochs': 20.0}
0 of 1 configs reached max_epochs
0 of 1 were still improving when stopped
Best params saved to ../Models/sasrec_bce_best_params.json
