task 192 | loss drrl | node slurmnode-gpu03
Tesla P100-PCIE-16GB, 16384 MiB
Tesla P100-PCIE-16GB, 16384 MiB
Tesla P100-PCIE-16GB, 16384 MiB
Tesla P100-PCIE-16GB, 16384 MiB
Using device: cuda
Loading datasets...
Train sessions: 75875 | Val sessions: 16262

Running grid search over 486 combinations...

SLURM array task 192: 1 config -> ../Models/sasrec_grid_drrl_task192.csv
Trying: {'hidden_units': 128, 'dropout_rate': 0.1, 'num_blocks': 2, 'num_heads': 16, 'lr': 0.001, 'gamma': 2}
Epoch 1 | Loss: -0.1611 | Val NDCG: 0.7371 | smoothed: 0.7371
Epoch 2 | Loss: -0.2181 | Val NDCG: 0.7270 | smoothed: 0.7321
Epoch 3 | Loss: -0.2235 | Val NDCG: 0.7343 | smoothed: 0.7328
Epoch 4 | Loss: -0.2256 | Val NDCG: 0.7397 | smoothed: 0.7337
Epoch 5 | Loss: -0.2269 | Val NDCG: 0.7571 | smoothed: 0.7437
Epoch 6 | Loss: -0.2267 | Val NDCG: 0.7462 | smoothed: 0.7476
Epoch 7 | Loss: -0.2268 | Val NDCG: 0.7210 | smoothed: 0.7414
Epoch 8 | Loss: -0.2272 | Val NDCG: 0.7633 | smoothed: 0.7435
Epoch 9 | Loss: -0.2276 | Val NDCG: 0.7353 | smoothed: 0.7399
Epoch 10 | Loss: -0.2277 | Val NDCG: 0.7562 | smoothed: 0.7516
Epoch 11 | Loss: -0.2276 | Val NDCG: 0.7552 | smoothed: 0.7489
Epoch 12 | Loss: -0.2280 | Val NDCG: 0.7658 | smoothed: 0.7590
Epoch 13 | Loss: -0.2276 | Val NDCG: 0.7656 | smoothed: 0.7622
Epoch 14 | Loss: -0.2282 | Val NDCG: 0.7697 | smoothed: 0.7670
Epoch 15 | Loss: -0.2281 | Val NDCG: 0.7674 | smoothed: 0.7676
Epoch 16 | Loss: -0.2283 | Val NDCG: 0.7731 | smoothed: 0.7701
Epoch 17 | Loss: -0.2283 | Val NDCG: 0.7653 | smoothed: 0.7686
Epoch 18 | Loss: -0.2284 | Val NDCG: 0.7733 | smoothed: 0.7705
Epoch 19 | Loss: -0.2284 | Val NDCG: 0.7702 | smoothed: 0.7696
Epoch 20 | Loss: -0.2286 | Val NDCG: 0.7765 | smoothed: 0.7733

Best smoothed NDCG: 0.7733 at epoch 20 of 20 run

1 combinations completed out of 1


--- Grid Search Results ---
 hidden_units  dropout_rate  num_blocks  num_heads    lr  gamma  val_ndcg  val_ndcg_raw  best_epoch  epochs_run  max_epochs
          128           0.1           2         16 0.001      2   0.77332      0.776467          20          20          20

Best config: {'hidden_units': 128.0, 'dropout_rate': 0.1, 'num_blocks': 2.0, 'num_heads': 16.0, 'lr': 0.001, 'gamma': 2.0, 'val_ndcg': 0.7733199796619209, 'val_ndcg_raw': 0.7764671049893529, 'best_epoch': 20.0, 'epochs_run': 20.0, 'max_epochs': 20.0}
1 of 1 configs reached max_epochs
1 of 1 were still improving when stopped
Best params saved to ../Models/sasrec_drrl_best_params.json
