task 64 | loss bce | node slurmnode-gpu05
Tesla P100-PCIE-16GB, 16384 MiB
Tesla P100-PCIE-16GB, 16384 MiB
Tesla P100-PCIE-16GB, 16384 MiB
Tesla P100-PCIE-16GB, 16384 MiB
Using device: cuda
Loading datasets...
Train sessions: 75875 | Val sessions: 16262

Running grid search over 162 combinations...

SLURM array task 64: 1 config -> ../Models/sasrec_grid_bce_task64.csv
Trying: {'hidden_units': 128, 'dropout_rate': 0.1, 'num_blocks': 2, 'num_heads': 16, 'lr': 0.001}
Epoch 1 | Loss: 0.5832 | Val NDCG: 0.7557 | smoothed: 0.7557
Epoch 2 | Loss: 0.5740 | Val NDCG: 0.7662 | smoothed: 0.7610
Epoch 3 | Loss: 0.5711 | Val NDCG: 0.7707 | smoothed: 0.7642
Epoch 4 | Loss: 0.5694 | Val NDCG: 0.7707 | smoothed: 0.7692
Epoch 5 | Loss: 0.5679 | Val NDCG: 0.7707 | smoothed: 0.7707
Epoch 6 | Loss: 0.5671 | Val NDCG: 0.7722 | smoothed: 0.7712
Epoch 7 | Loss: 0.5665 | Val NDCG: 0.7764 | smoothed: 0.7731
Epoch 8 | Loss: 0.5649 | Val NDCG: 0.7786 | smoothed: 0.7758
Epoch 9 | Loss: 0.5643 | Val NDCG: 0.7730 | smoothed: 0.7760
Epoch 10 | Loss: 0.5638 | Val NDCG: 0.7751 | smoothed: 0.7756
Epoch 11 | Loss: 0.5644 | Val NDCG: 0.7770 | smoothed: 0.7750
Epoch 12 | Loss: 0.5622 | Val NDCG: 0.7776 | smoothed: 0.7766
Epoch 13 | Loss: 0.5622 | Val NDCG: 0.7809 | smoothed: 0.7785
Epoch 14 | Loss: 0.5619 | Val NDCG: 0.7776 | smoothed: 0.7787
Epoch 15 | Loss: 0.5616 | Val NDCG: 0.7752 | smoothed: 0.7779
Epoch 16 | Loss: 0.5601 | Val NDCG: 0.7811 | smoothed: 0.7780
Epoch 17 | Loss: 0.5598 | Val NDCG: 0.7798 | smoothed: 0.7787
Epoch 18 | Loss: 0.5598 | Val NDCG: 0.7771 | smoothed: 0.7793
Epoch 19 | Loss: 0.5591 | Val NDCG: 0.7830 | smoothed: 0.7800
Epoch 20 | Loss: 0.5587 | Val NDCG: 0.7825 | smoothed: 0.7809

Best smoothed NDCG: 0.7809 at epoch 20 of 20 run

1 combinations completed out of 1


--- Grid Search Results ---
 hidden_units  dropout_rate  num_blocks  num_heads    lr  val_ndcg  val_ndcg_raw  best_epoch  epochs_run  max_epochs
          128           0.1           2         16 0.001  0.780896      0.782549          20          20          20

Best config: {'hidden_units': 128.0, 'dropout_rate': 0.1, 'num_blocks': 2.0, 'num_heads': 16.0, 'lr': 0.001, 'val_ndcg': 0.7808955695321446, 'val_ndcg_raw': 0.7825491947763806, 'best_epoch': 20.0, 'epochs_run': 20.0, 'max_epochs': 20.0}
1 of 1 configs reached max_epochs
1 of 1 were still improving when stopped
Best params saved to ../Models/sasrec_bce_best_params.json
