task 369 | loss drrl | node slurmnode-gpu03
Tesla P100-PCIE-16GB, 16384 MiB
Tesla P100-PCIE-16GB, 16384 MiB
Tesla P100-PCIE-16GB, 16384 MiB
Tesla P100-PCIE-16GB, 16384 MiB
Using device: cuda
Loading datasets...
Train sessions: 75875 | Val sessions: 16262

Running grid search over 486 combinations...

SLURM array task 369: 1 config -> ../Models/sasrec_grid_drrl_task369.csv
Trying: {'hidden_units': 256, 'dropout_rate': 0.1, 'num_blocks': 3, 'num_heads': 8, 'lr': 0.0001, 'gamma': 2}
Epoch 1 | Loss: -0.0937 | Val NDCG: 0.7363 | smoothed: 0.7363
Epoch 2 | Loss: -0.2056 | Val NDCG: 0.7335 | smoothed: 0.7349
Epoch 3 | Loss: -0.2153 | Val NDCG: 0.7152 | smoothed: 0.7284
Epoch 4 | Loss: -0.2168 | Val NDCG: 0.7637 | smoothed: 0.7375
Epoch 5 | Loss: -0.2186 | Val NDCG: 0.7393 | smoothed: 0.7394
Epoch 6 | Loss: -0.2198 | Val NDCG: 0.7174 | smoothed: 0.7401
Epoch 7 | Loss: -0.2220 | Val NDCG: 0.7160 | smoothed: 0.7242
Epoch 8 | Loss: -0.2219 | Val NDCG: 0.7382 | smoothed: 0.7238
Epoch 9 | Loss: -0.2233 | Val NDCG: 0.7519 | smoothed: 0.7354
Epoch 10 | Loss: -0.2231 | Val NDCG: 0.7415 | smoothed: 0.7439
Epoch 11 | Loss: -0.2238 | Val NDCG: 0.7561 | smoothed: 0.7499
Epoch 12 | Loss: -0.2245 | Val NDCG: 0.7236 | smoothed: 0.7404
Epoch 13 | Loss: -0.2249 | Val NDCG: 0.7572 | smoothed: 0.7457
Epoch 14 | Loss: -0.2260 | Val NDCG: 0.7681 | smoothed: 0.7496
Epoch 15 | Loss: -0.2253 | Val NDCG: 0.7382 | smoothed: 0.7545
Epoch 16 | Loss: -0.2255 | Val NDCG: 0.7508 | smoothed: 0.7523
Epoch 17 | Loss: -0.2265 | Val NDCG: 0.7482 | smoothed: 0.7457
Epoch 18 | Loss: -0.2266 | Val NDCG: 0.7750 | smoothed: 0.7580
Epoch 19 | Loss: -0.2264 | Val NDCG: 0.7659 | smoothed: 0.7630
Epoch 20 | Loss: -0.2269 | Val NDCG: 0.7531 | smoothed: 0.7647
Epoch 21 | Loss: -0.2272 | Val NDCG: 0.7693 | smoothed: 0.7627
Epoch 22 | Loss: -0.2273 | Val NDCG: 0.7386 | smoothed: 0.7537
Epoch 23 | Loss: -0.2276 | Val NDCG: 0.7510 | smoothed: 0.7530
Epoch 24 | Loss: -0.2275 | Val NDCG: 0.7626 | smoothed: 0.7507
Epoch 25 | Loss: -0.2277 | Val NDCG: 0.7662 | smoothed: 0.7599

Best smoothed NDCG: 0.7647 at epoch 20 of 25 run

1 combinations completed out of 1


--- Grid Search Results ---
 hidden_units  dropout_rate  num_blocks  num_heads     lr  gamma  val_ndcg  val_ndcg_raw  best_epoch  epochs_run  max_epochs
          256           0.1           3          8 0.0001      2   0.76466       0.75306          20          25          40

Best config: {'hidden_units': 256.0, 'dropout_rate': 0.1, 'num_blocks': 3.0, 'num_heads': 8.0, 'lr': 0.0001, 'gamma': 2.0, 'val_ndcg': 0.7646600478743842, 'val_ndcg_raw': 0.7530601306169684, 'best_epoch': 20.0, 'epochs_run': 25.0, 'max_epochs': 40.0}
0 of 1 configs reached max_epochs
0 of 1 were still improving when stopped
Best params saved to ../Models/sasrec_drrl_best_params.json
