task 10 | loss drrl | node slurmnode-gpu03
Tesla P100-PCIE-16GB, 16384 MiB
Tesla P100-PCIE-16GB, 16384 MiB
Tesla P100-PCIE-16GB, 16384 MiB
Tesla P100-PCIE-16GB, 16384 MiB
Using device: cuda
Loading datasets...
Train sessions: 75875 | Val sessions: 16262

Running grid search over 486 combinations...

SLURM array task 10: 1 config -> ../Models/sasrec_grid_drrl_task10.csv
Trying: {'hidden_units': 64, 'dropout_rate': 0.1, 'num_blocks': 1, 'num_heads': 8, 'lr': 0.0001, 'gamma': 3}
Epoch 1 | Loss: 0.0436 | Val NDCG: 0.7245 | smoothed: 0.7245
Epoch 2 | Loss: -0.1795 | Val NDCG: 0.7205 | smoothed: 0.7225
Epoch 3 | Loss: -0.2092 | Val NDCG: 0.7216 | smoothed: 0.7222
Epoch 4 | Loss: -0.2198 | Val NDCG: 0.7256 | smoothed: 0.7226
Epoch 5 | Loss: -0.2248 | Val NDCG: 0.7257 | smoothed: 0.7243
Epoch 6 | Loss: -0.2274 | Val NDCG: 0.7313 | smoothed: 0.7275
Epoch 7 | Loss: -0.2290 | Val NDCG: 0.7333 | smoothed: 0.7301
Epoch 8 | Loss: -0.2300 | Val NDCG: 0.7335 | smoothed: 0.7327
Epoch 9 | Loss: -0.2306 | Val NDCG: 0.7374 | smoothed: 0.7347
Epoch 10 | Loss: -0.2311 | Val NDCG: 0.7333 | smoothed: 0.7347
Epoch 11 | Loss: -0.2314 | Val NDCG: 0.7370 | smoothed: 0.7359
Epoch 12 | Loss: -0.2316 | Val NDCG: 0.7378 | smoothed: 0.7360
Epoch 13 | Loss: -0.2318 | Val NDCG: 0.7427 | smoothed: 0.7392
Epoch 14 | Loss: -0.2319 | Val NDCG: 0.7467 | smoothed: 0.7424
Epoch 15 | Loss: -0.2320 | Val NDCG: 0.7419 | smoothed: 0.7438
Epoch 16 | Loss: -0.2321 | Val NDCG: 0.7483 | smoothed: 0.7456
Epoch 17 | Loss: -0.2320 | Val NDCG: 0.7469 | smoothed: 0.7457
Epoch 18 | Loss: -0.2321 | Val NDCG: 0.7539 | smoothed: 0.7497
Epoch 19 | Loss: -0.2321 | Val NDCG: 0.7546 | smoothed: 0.7518
Epoch 20 | Loss: -0.2322 | Val NDCG: 0.7547 | smoothed: 0.7544
Epoch 21 | Loss: -0.2322 | Val NDCG: 0.7568 | smoothed: 0.7554
Epoch 22 | Loss: -0.2322 | Val NDCG: 0.7530 | smoothed: 0.7548
Epoch 23 | Loss: -0.2322 | Val NDCG: 0.7569 | smoothed: 0.7556
Epoch 24 | Loss: -0.2322 | Val NDCG: 0.7480 | smoothed: 0.7526
Epoch 25 | Loss: -0.2323 | Val NDCG: 0.7514 | smoothed: 0.7521
Epoch 26 | Loss: -0.2322 | Val NDCG: 0.7621 | smoothed: 0.7538
Epoch 27 | Loss: -0.2323 | Val NDCG: 0.7498 | smoothed: 0.7544
Epoch 28 | Loss: -0.2323 | Val NDCG: 0.7583 | smoothed: 0.7567
Epoch 29 | Loss: -0.2323 | Val NDCG: 0.7498 | smoothed: 0.7526
Epoch 30 | Loss: -0.2322 | Val NDCG: 0.7516 | smoothed: 0.7532
Epoch 31 | Loss: -0.2323 | Val NDCG: 0.7594 | smoothed: 0.7536
Epoch 32 | Loss: -0.2323 | Val NDCG: 0.7565 | smoothed: 0.7558
Epoch 33 | Loss: -0.2323 | Val NDCG: 0.7424 | smoothed: 0.7528

Best smoothed NDCG: 0.7567 at epoch 28 of 33 run

1 combinations completed out of 1


--- Grid Search Results ---
 hidden_units  dropout_rate  num_blocks  num_heads     lr  gamma  val_ndcg  val_ndcg_raw  best_epoch  epochs_run  max_epochs
           64           0.1           1          8 0.0001      3  0.756713      0.758288          28          33          40

Best config: {'hidden_units': 64.0, 'dropout_rate': 0.1, 'num_blocks': 1.0, 'num_heads': 8.0, 'lr': 0.0001, 'gamma': 3.0, 'val_ndcg': 0.7567127523866569, 'val_ndcg_raw': 0.7582883313625469, 'best_epoch': 28.0, 'epochs_run': 33.0, 'max_epochs': 40.0}
0 of 1 configs reached max_epochs
0 of 1 were still improving when stopped
Best params saved to ../Models/sasrec_drrl_best_params.json
