task 476 | loss drrl | node slurmnode-gpu03
Tesla P100-PCIE-16GB, 16384 MiB
Tesla P100-PCIE-16GB, 16384 MiB
Tesla P100-PCIE-16GB, 16384 MiB
Tesla P100-PCIE-16GB, 16384 MiB
Using device: cuda
Loading datasets...
Train sessions: 75875 | Val sessions: 16262

Running grid search over 486 combinations...

SLURM array task 476: 1 config -> ../Models/sasrec_grid_drrl_task476.csv
Trying: {'hidden_units': 256, 'dropout_rate': 0.5, 'num_blocks': 3, 'num_heads': 8, 'lr': 0.001, 'gamma': 4}
Epoch 1 | Loss: -0.1726 | Val NDCG: 0.7027 | smoothed: 0.7027
Epoch 2 | Loss: -0.2235 | Val NDCG: 0.7190 | smoothed: 0.7109
Epoch 3 | Loss: -0.2253 | Val NDCG: 0.7227 | smoothed: 0.7148
Epoch 4 | Loss: -0.2255 | Val NDCG: 0.7368 | smoothed: 0.7261
Epoch 5 | Loss: -0.2261 | Val NDCG: 0.7450 | smoothed: 0.7348
Epoch 6 | Loss: -0.2264 | Val NDCG: 0.7585 | smoothed: 0.7468
Epoch 7 | Loss: -0.2271 | Val NDCG: 0.7637 | smoothed: 0.7557
Epoch 8 | Loss: -0.2268 | Val NDCG: 0.7588 | smoothed: 0.7604
Epoch 9 | Loss: -0.2274 | Val NDCG: 0.7647 | smoothed: 0.7624
Epoch 10 | Loss: -0.2276 | Val NDCG: 0.7502 | smoothed: 0.7579
Epoch 11 | Loss: -0.2279 | Val NDCG: 0.7603 | smoothed: 0.7584
Epoch 12 | Loss: -0.2278 | Val NDCG: 0.7671 | smoothed: 0.7592
Epoch 13 | Loss: -0.2281 | Val NDCG: 0.7692 | smoothed: 0.7655
Epoch 14 | Loss: -0.2281 | Val NDCG: 0.7712 | smoothed: 0.7692
Epoch 15 | Loss: -0.2284 | Val NDCG: 0.7720 | smoothed: 0.7708
Epoch 16 | Loss: -0.2286 | Val NDCG: 0.7737 | smoothed: 0.7723
Epoch 17 | Loss: -0.2288 | Val NDCG: 0.7652 | smoothed: 0.7703
Epoch 18 | Loss: -0.2289 | Val NDCG: 0.7659 | smoothed: 0.7683
Epoch 19 | Loss: -0.2289 | Val NDCG: 0.7728 | smoothed: 0.7680
Epoch 20 | Loss: -0.2293 | Val NDCG: 0.7683 | smoothed: 0.7690

Best smoothed NDCG: 0.7723 at epoch 16 of 20 run

1 combinations completed out of 1


--- Grid Search Results ---
 hidden_units  dropout_rate  num_blocks  num_heads    lr  gamma  val_ndcg  val_ndcg_raw  best_epoch  epochs_run  max_epochs
          256           0.5           3          8 0.001      4  0.772285      0.773726          16          20          20

Best config: {'hidden_units': 256.0, 'dropout_rate': 0.5, 'num_blocks': 3.0, 'num_heads': 8.0, 'lr': 0.001, 'gamma': 4.0, 'val_ndcg': 0.7722853832184433, 'val_ndcg_raw': 0.7737260093270609, 'best_epoch': 16.0, 'epochs_run': 20.0, 'max_epochs': 20.0}
1 of 1 configs reached max_epochs
0 of 1 were still improving when stopped
Best params saved to ../Models/sasrec_drrl_best_params.json
