task 74 | loss drrl | node slurmnode-gpu03
Tesla P100-PCIE-16GB, 16384 MiB
Tesla P100-PCIE-16GB, 16384 MiB
Tesla P100-PCIE-16GB, 16384 MiB
Tesla P100-PCIE-16GB, 16384 MiB
Using device: cuda
Loading datasets...
Train sessions: 75875 | Val sessions: 16262

Running grid search over 486 combinations...

SLURM array task 74: 1 config -> ../Models/sasrec_grid_drrl_task74.csv
Trying: {'hidden_units': 64, 'dropout_rate': 0.3, 'num_blocks': 2, 'num_heads': 4, 'lr': 0.001, 'gamma': 4}
Epoch 1 | Loss: -0.1904 | Val NDCG: 0.6945 | smoothed: 0.6945
Epoch 2 | Loss: -0.2268 | Val NDCG: 0.7230 | smoothed: 0.7087
Epoch 3 | Loss: -0.2284 | Val NDCG: 0.7145 | smoothed: 0.7106
Epoch 4 | Loss: -0.2291 | Val NDCG: 0.7313 | smoothed: 0.7229
Epoch 5 | Loss: -0.2295 | Val NDCG: 0.7333 | smoothed: 0.7263
Epoch 6 | Loss: -0.2297 | Val NDCG: 0.7308 | smoothed: 0.7318
Epoch 7 | Loss: -0.2300 | Val NDCG: 0.7458 | smoothed: 0.7366
Epoch 8 | Loss: -0.2302 | Val NDCG: 0.7401 | smoothed: 0.7389
Epoch 9 | Loss: -0.2301 | Val NDCG: 0.7530 | smoothed: 0.7463
Epoch 10 | Loss: -0.2302 | Val NDCG: 0.7422 | smoothed: 0.7451
Epoch 11 | Loss: -0.2302 | Val NDCG: 0.7578 | smoothed: 0.7510
Epoch 12 | Loss: -0.2298 | Val NDCG: 0.7649 | smoothed: 0.7550
Epoch 13 | Loss: -0.2302 | Val NDCG: 0.7524 | smoothed: 0.7583
Epoch 14 | Loss: -0.2301 | Val NDCG: 0.7629 | smoothed: 0.7600
Epoch 15 | Loss: -0.2295 | Val NDCG: 0.7651 | smoothed: 0.7601
Epoch 16 | Loss: -0.2301 | Val NDCG: 0.7682 | smoothed: 0.7654
Epoch 17 | Loss: -0.2302 | Val NDCG: 0.7601 | smoothed: 0.7645
Epoch 18 | Loss: -0.2301 | Val NDCG: 0.7678 | smoothed: 0.7654
Epoch 19 | Loss: -0.2304 | Val NDCG: 0.7671 | smoothed: 0.7650
Epoch 20 | Loss: -0.2305 | Val NDCG: 0.7671 | smoothed: 0.7673

Best smoothed NDCG: 0.7673 at epoch 20 of 20 run

1 combinations completed out of 1


--- Grid Search Results ---
 hidden_units  dropout_rate  num_blocks  num_heads    lr  gamma  val_ndcg  val_ndcg_raw  best_epoch  epochs_run  max_epochs
           64           0.3           2          4 0.001      4  0.767349      0.767092          20          20          20

Best config: {'hidden_units': 64.0, 'dropout_rate': 0.3, 'num_blocks': 2.0, 'num_heads': 4.0, 'lr': 0.001, 'gamma': 4.0, 'val_ndcg': 0.7673492667944984, 'val_ndcg_raw': 0.7670916216763811, 'best_epoch': 20.0, 'epochs_run': 20.0, 'max_epochs': 20.0}
1 of 1 configs reached max_epochs
1 of 1 were still improving when stopped
Best params saved to ../Models/sasrec_drrl_best_params.json
