task 99 | loss pwts | node slurmnode-gpu05
Tesla P100-PCIE-16GB, 16384 MiB
Tesla P100-PCIE-16GB, 16384 MiB
Tesla P100-PCIE-16GB, 16384 MiB
Tesla P100-PCIE-16GB, 16384 MiB
Using device: cuda
Loading datasets...
Train sessions: 75875 | Val sessions: 16262

Running grid search over 162 combinations...

SLURM array task 99: 1 config -> ../Models/sasrec_grid_pwts_task99.csv
Trying: {'hidden_units': 128, 'dropout_rate': 0.5, 'num_blocks': 2, 'num_heads': 8, 'lr': 0.0001}
Epoch 1 | Loss: 0.6484 | Val NDCG: 0.7222 | smoothed: 0.7222
Epoch 2 | Loss: 0.6290 | Val NDCG: 0.7417 | smoothed: 0.7320
Epoch 3 | Loss: 0.6226 | Val NDCG: 0.7512 | smoothed: 0.7384
Epoch 4 | Loss: 0.6191 | Val NDCG: 0.7539 | smoothed: 0.7490
Epoch 5 | Loss: 0.6159 | Val NDCG: 0.7550 | smoothed: 0.7534
Epoch 6 | Loss: 0.6142 | Val NDCG: 0.7578 | smoothed: 0.7556
Epoch 7 | Loss: 0.6124 | Val NDCG: 0.7560 | smoothed: 0.7563
Epoch 8 | Loss: 0.6116 | Val NDCG: 0.7592 | smoothed: 0.7577
Epoch 9 | Loss: 0.6108 | Val NDCG: 0.7614 | smoothed: 0.7589
Epoch 10 | Loss: 0.6091 | Val NDCG: 0.7621 | smoothed: 0.7609
Epoch 11 | Loss: 0.6085 | Val NDCG: 0.7627 | smoothed: 0.7621
Epoch 12 | Loss: 0.6079 | Val NDCG: 0.7642 | smoothed: 0.7630
Epoch 13 | Loss: 0.6067 | Val NDCG: 0.7638 | smoothed: 0.7636
Epoch 14 | Loss: 0.6061 | Val NDCG: 0.7649 | smoothed: 0.7643
Epoch 15 | Loss: 0.6058 | Val NDCG: 0.7652 | smoothed: 0.7646
Epoch 16 | Loss: 0.6049 | Val NDCG: 0.7639 | smoothed: 0.7646
Epoch 17 | Loss: 0.6063 | Val NDCG: 0.7650 | smoothed: 0.7647
Epoch 18 | Loss: 0.6049 | Val NDCG: 0.7653 | smoothed: 0.7647
Epoch 19 | Loss: 0.6037 | Val NDCG: 0.7657 | smoothed: 0.7653
Epoch 20 | Loss: 0.6042 | Val NDCG: 0.7665 | smoothed: 0.7658
Epoch 21 | Loss: 0.6047 | Val NDCG: 0.7675 | smoothed: 0.7666
Epoch 22 | Loss: 0.6040 | Val NDCG: 0.7662 | smoothed: 0.7667
Epoch 23 | Loss: 0.6029 | Val NDCG: 0.7677 | smoothed: 0.7672
Epoch 24 | Loss: 0.6031 | Val NDCG: 0.7661 | smoothed: 0.7667
Epoch 25 | Loss: 0.6029 | Val NDCG: 0.7659 | smoothed: 0.7666
Epoch 26 | Loss: 0.6032 | Val NDCG: 0.7666 | smoothed: 0.7662
Epoch 27 | Loss: 0.6031 | Val NDCG: 0.7687 | smoothed: 0.7671
Epoch 28 | Loss: 0.6018 | Val NDCG: 0.7691 | smoothed: 0.7681
Epoch 29 | Loss: 0.6016 | Val NDCG: 0.7679 | smoothed: 0.7686
Epoch 30 | Loss: 0.6014 | Val NDCG: 0.7690 | smoothed: 0.7687
Epoch 31 | Loss: 0.6010 | Val NDCG: 0.7680 | smoothed: 0.7683
Epoch 32 | Loss: 0.6016 | Val NDCG: 0.7701 | smoothed: 0.7690
Epoch 33 | Loss: 0.6002 | Val NDCG: 0.7710 | smoothed: 0.7697
Epoch 34 | Loss: 0.6013 | Val NDCG: 0.7687 | smoothed: 0.7699
Epoch 35 | Loss: 0.6012 | Val NDCG: 0.7700 | smoothed: 0.7699
Epoch 36 | Loss: 0.6010 | Val NDCG: 0.7711 | smoothed: 0.7699
Epoch 37 | Loss: 0.6011 | Val NDCG: 0.7717 | smoothed: 0.7709
Epoch 38 | Loss: 0.6000 | Val NDCG: 0.7706 | smoothed: 0.7711
Epoch 39 | Loss: 0.5993 | Val NDCG: 0.7721 | smoothed: 0.7715
Epoch 40 | Loss: 0.6002 | Val NDCG: 0.7707 | smoothed: 0.7711

Best smoothed NDCG: 0.7715 at epoch 39 of 40 run

1 combinations completed out of 1


--- Grid Search Results ---
 hidden_units  dropout_rate  num_blocks  num_heads     lr  val_ndcg  val_ndcg_raw  best_epoch  epochs_run  max_epochs
          128           0.5           2          8 0.0001  0.771458      0.772112          39          40          40

Best config: {'hidden_units': 128.0, 'dropout_rate': 0.5, 'num_blocks': 2.0, 'num_heads': 8.0, 'lr': 0.0001, 'val_ndcg': 0.7714582544557788, 'val_ndcg_raw': 0.7721120969569377, 'best_epoch': 39.0, 'epochs_run': 40.0, 'max_epochs': 40.0}
1 of 1 configs reached max_epochs
1 of 1 were still improving when stopped
Best params saved to ../Models/sasrec_pwts_best_params.json
