task 109 | loss pwts | node slurmnode-gpu05
Tesla P100-PCIE-16GB, 16384 MiB
Tesla P100-PCIE-16GB, 16384 MiB
Tesla P100-PCIE-16GB, 16384 MiB
Tesla P100-PCIE-16GB, 16384 MiB
Using device: cuda
Loading datasets...
Train sessions: 75875 | Val sessions: 16262

Running grid search over 162 combinations...

SLURM array task 109: 1 config -> ../Models/sasrec_grid_pwts_task109.csv
Trying: {'hidden_units': 256, 'dropout_rate': 0.1, 'num_blocks': 1, 'num_heads': 4, 'lr': 0.0001}
Epoch 1 | Loss: 0.6242 | Val NDCG: 0.7558 | smoothed: 0.7558
Epoch 2 | Loss: 0.6107 | Val NDCG: 0.7633 | smoothed: 0.7595
Epoch 3 | Loss: 0.6075 | Val NDCG: 0.7624 | smoothed: 0.7605
Epoch 4 | Loss: 0.6052 | Val NDCG: 0.7653 | smoothed: 0.7637
Epoch 5 | Loss: 0.6047 | Val NDCG: 0.7710 | smoothed: 0.7662
Epoch 6 | Loss: 0.6041 | Val NDCG: 0.7709 | smoothed: 0.7691
Epoch 7 | Loss: 0.6038 | Val NDCG: 0.7720 | smoothed: 0.7713
Epoch 8 | Loss: 0.6022 | Val NDCG: 0.7698 | smoothed: 0.7709
Epoch 9 | Loss: 0.6015 | Val NDCG: 0.7728 | smoothed: 0.7715
Epoch 10 | Loss: 0.6014 | Val NDCG: 0.7714 | smoothed: 0.7713
Epoch 11 | Loss: 0.6015 | Val NDCG: 0.7731 | smoothed: 0.7724
Epoch 12 | Loss: 0.6000 | Val NDCG: 0.7690 | smoothed: 0.7712
Epoch 13 | Loss: 0.6007 | Val NDCG: 0.7746 | smoothed: 0.7722
Epoch 14 | Loss: 0.6003 | Val NDCG: 0.7714 | smoothed: 0.7717
Epoch 15 | Loss: 0.5987 | Val NDCG: 0.7723 | smoothed: 0.7728
Epoch 16 | Loss: 0.5985 | Val NDCG: 0.7741 | smoothed: 0.7726
Epoch 17 | Loss: 0.5976 | Val NDCG: 0.7762 | smoothed: 0.7742
Epoch 18 | Loss: 0.5981 | Val NDCG: 0.7739 | smoothed: 0.7748
Epoch 19 | Loss: 0.5978 | Val NDCG: 0.7742 | smoothed: 0.7748
Epoch 20 | Loss: 0.5972 | Val NDCG: 0.7763 | smoothed: 0.7748
Epoch 21 | Loss: 0.5962 | Val NDCG: 0.7777 | smoothed: 0.7761
Epoch 22 | Loss: 0.5971 | Val NDCG: 0.7746 | smoothed: 0.7762
Epoch 23 | Loss: 0.5961 | Val NDCG: 0.7756 | smoothed: 0.7760
Epoch 24 | Loss: 0.5968 | Val NDCG: 0.7783 | smoothed: 0.7762
Epoch 25 | Loss: 0.5963 | Val NDCG: 0.7729 | smoothed: 0.7756
Epoch 26 | Loss: 0.5951 | Val NDCG: 0.7741 | smoothed: 0.7751
Epoch 27 | Loss: 0.5953 | Val NDCG: 0.7749 | smoothed: 0.7740

Best smoothed NDCG: 0.7762 at epoch 22 of 27 run

1 combinations completed out of 1


--- Grid Search Results ---
 hidden_units  dropout_rate  num_blocks  num_heads     lr  val_ndcg  val_ndcg_raw  best_epoch  epochs_run  max_epochs
          256           0.1           1          4 0.0001  0.776217      0.774612          22          27          40

Best config: {'hidden_units': 256.0, 'dropout_rate': 0.1, 'num_blocks': 1.0, 'num_heads': 4.0, 'lr': 0.0001, 'val_ndcg': 0.7762172238323598, 'val_ndcg_raw': 0.7746121040959483, 'best_epoch': 22.0, 'epochs_run': 27.0, 'max_epochs': 40.0}
0 of 1 configs reached max_epochs
0 of 1 were still improving when stopped
Best params saved to ../Models/sasrec_pwts_best_params.json
