task 259 | loss drrl | node slurmnode-gpu05
Tesla P100-PCIE-16GB, 16384 MiB
Tesla P100-PCIE-16GB, 16384 MiB
Tesla P100-PCIE-16GB, 16384 MiB
Tesla P100-PCIE-16GB, 16384 MiB
Using device: cuda
Loading datasets...
Train sessions: 75875 | Val sessions: 16262

Running grid search over 486 combinations...

SLURM array task 259: 1 config -> ../Models/sasrec_grid_drrl_task259.csv
Trying: {'hidden_units': 128, 'dropout_rate': 0.3, 'num_blocks': 3, 'num_heads': 8, 'lr': 0.001, 'gamma': 3}
Epoch 1 | Loss: -0.1881 | Val NDCG: 0.7449 | smoothed: 0.7449
Epoch 2 | Loss: -0.2230 | Val NDCG: 0.7386 | smoothed: 0.7417
Epoch 3 | Loss: -0.2267 | Val NDCG: 0.7446 | smoothed: 0.7427
Epoch 4 | Loss: -0.2271 | Val NDCG: 0.7538 | smoothed: 0.7457
Epoch 5 | Loss: -0.2278 | Val NDCG: 0.7236 | smoothed: 0.7407
Epoch 6 | Loss: -0.2281 | Val NDCG: 0.7339 | smoothed: 0.7371
Epoch 7 | Loss: -0.2287 | Val NDCG: 0.7588 | smoothed: 0.7388
Epoch 8 | Loss: -0.2288 | Val NDCG: 0.7651 | smoothed: 0.7526
Epoch 9 | Loss: -0.2284 | Val NDCG: 0.7680 | smoothed: 0.7640
Epoch 10 | Loss: -0.2292 | Val NDCG: 0.7664 | smoothed: 0.7665
Epoch 11 | Loss: -0.2291 | Val NDCG: 0.7648 | smoothed: 0.7664
Epoch 12 | Loss: -0.2285 | Val NDCG: 0.7675 | smoothed: 0.7662
Epoch 13 | Loss: -0.2288 | Val NDCG: 0.7723 | smoothed: 0.7682
Epoch 14 | Loss: -0.2294 | Val NDCG: 0.7707 | smoothed: 0.7702
Epoch 15 | Loss: -0.2284 | Val NDCG: 0.7706 | smoothed: 0.7712
Epoch 16 | Loss: -0.2295 | Val NDCG: 0.7738 | smoothed: 0.7717
Epoch 17 | Loss: -0.2296 | Val NDCG: 0.7734 | smoothed: 0.7726
Epoch 18 | Loss: -0.2295 | Val NDCG: 0.7740 | smoothed: 0.7737
Epoch 19 | Loss: -0.2294 | Val NDCG: 0.7705 | smoothed: 0.7726
Epoch 20 | Loss: -0.2299 | Val NDCG: 0.7729 | smoothed: 0.7724

Best smoothed NDCG: 0.7737 at epoch 18 of 20 run

1 combinations completed out of 1


--- Grid Search Results ---
 hidden_units  dropout_rate  num_blocks  num_heads    lr  gamma  val_ndcg  val_ndcg_raw  best_epoch  epochs_run  max_epochs
          128           0.3           3          8 0.001      3  0.773732      0.773974          18          20          20

Best config: {'hidden_units': 128.0, 'dropout_rate': 0.3, 'num_blocks': 3.0, 'num_heads': 8.0, 'lr': 0.001, 'gamma': 3.0, 'val_ndcg': 0.7737322427784394, 'val_ndcg_raw': 0.773974458561104, 'best_epoch': 18.0, 'epochs_run': 20.0, 'max_epochs': 20.0}
1 of 1 configs reached max_epochs
0 of 1 were still improving when stopped
Best params saved to ../Models/sasrec_drrl_best_params.json
