task 76 | loss pwts | node slurmnode-gpu03
Tesla P100-PCIE-16GB, 16384 MiB
Tesla P100-PCIE-16GB, 16384 MiB
Tesla P100-PCIE-16GB, 16384 MiB
Tesla P100-PCIE-16GB, 16384 MiB
Using device: cuda
Loading datasets...
Train sessions: 75875 | Val sessions: 16262

Running grid search over 162 combinations...

SLURM array task 76: 1 config -> ../Models/sasrec_grid_pwts_task76.csv
Trying: {'hidden_units': 128, 'dropout_rate': 0.3, 'num_blocks': 1, 'num_heads': 16, 'lr': 0.001}
Epoch 1 | Loss: 0.6228 | Val NDCG: 0.7564 | smoothed: 0.7564
Epoch 2 | Loss: 0.6106 | Val NDCG: 0.7681 | smoothed: 0.7623
Epoch 3 | Loss: 0.6062 | Val NDCG: 0.7658 | smoothed: 0.7634
Epoch 4 | Loss: 0.6038 | Val NDCG: 0.7707 | smoothed: 0.7682
Epoch 5 | Loss: 0.6038 | Val NDCG: 0.7682 | smoothed: 0.7682
Epoch 6 | Loss: 0.6026 | Val NDCG: 0.7698 | smoothed: 0.7696
Epoch 7 | Loss: 0.6015 | Val NDCG: 0.7689 | smoothed: 0.7690
Epoch 8 | Loss: 0.6002 | Val NDCG: 0.7727 | smoothed: 0.7705
Epoch 9 | Loss: 0.5999 | Val NDCG: 0.7770 | smoothed: 0.7729
Epoch 10 | Loss: 0.5998 | Val NDCG: 0.7724 | smoothed: 0.7740
Epoch 11 | Loss: 0.5985 | Val NDCG: 0.7723 | smoothed: 0.7739
Epoch 12 | Loss: 0.5980 | Val NDCG: 0.7728 | smoothed: 0.7725
Epoch 13 | Loss: 0.5969 | Val NDCG: 0.7726 | smoothed: 0.7726
Epoch 14 | Loss: 0.5969 | Val NDCG: 0.7789 | smoothed: 0.7748
Epoch 15 | Loss: 0.5966 | Val NDCG: 0.7771 | smoothed: 0.7762
Epoch 16 | Loss: 0.5951 | Val NDCG: 0.7757 | smoothed: 0.7772
Epoch 17 | Loss: 0.5956 | Val NDCG: 0.7753 | smoothed: 0.7760
Epoch 18 | Loss: 0.5956 | Val NDCG: 0.7776 | smoothed: 0.7762
Epoch 19 | Loss: 0.5953 | Val NDCG: 0.7768 | smoothed: 0.7766
Epoch 20 | Loss: 0.5954 | Val NDCG: 0.7781 | smoothed: 0.7775

Best smoothed NDCG: 0.7775 at epoch 20 of 20 run

1 combinations completed out of 1


--- Grid Search Results ---
 hidden_units  dropout_rate  num_blocks  num_heads    lr  val_ndcg  val_ndcg_raw  best_epoch  epochs_run  max_epochs
          128           0.3           1         16 0.001  0.777481      0.778072          20          20          20

Best config: {'hidden_units': 128.0, 'dropout_rate': 0.3, 'num_blocks': 1.0, 'num_heads': 16.0, 'lr': 0.001, 'val_ndcg': 0.7774810837509447, 'val_ndcg_raw': 0.7780718128689988, 'best_epoch': 20.0, 'epochs_run': 20.0, 'max_epochs': 20.0}
1 of 1 configs reached max_epochs
1 of 1 were still improving when stopped
Best params saved to ../Models/sasrec_pwts_best_params.json
