task 154 | loss pwts | node slurmnode-gpu03
Tesla P100-PCIE-16GB, 16384 MiB
Tesla P100-PCIE-16GB, 16384 MiB
Tesla P100-PCIE-16GB, 16384 MiB
Tesla P100-PCIE-16GB, 16384 MiB
Using device: cuda
Loading datasets...
Train sessions: 75875 | Val sessions: 16262

Running grid search over 162 combinations...

SLURM array task 154: 1 config -> ../Models/sasrec_grid_pwts_task154.csv
Trying: {'hidden_units': 256, 'dropout_rate': 0.5, 'num_blocks': 2, 'num_heads': 16, 'lr': 0.001}
Epoch 1 | Loss: 0.6241 | Val NDCG: 0.7563 | smoothed: 0.7563
Epoch 2 | Loss: 0.6136 | Val NDCG: 0.7604 | smoothed: 0.7584
Epoch 3 | Loss: 0.6109 | Val NDCG: 0.7627 | smoothed: 0.7598
Epoch 4 | Loss: 0.6087 | Val NDCG: 0.7642 | smoothed: 0.7624
Epoch 5 | Loss: 0.6071 | Val NDCG: 0.7645 | smoothed: 0.7638
Epoch 6 | Loss: 0.6074 | Val NDCG: 0.7694 | smoothed: 0.7660
Epoch 7 | Loss: 0.6046 | Val NDCG: 0.7663 | smoothed: 0.7667
Epoch 8 | Loss: 0.6048 | Val NDCG: 0.7717 | smoothed: 0.7691
Epoch 9 | Loss: 0.6028 | Val NDCG: 0.7714 | smoothed: 0.7698
Epoch 10 | Loss: 0.6027 | Val NDCG: 0.7722 | smoothed: 0.7718
Epoch 11 | Loss: 0.6016 | Val NDCG: 0.7717 | smoothed: 0.7718
Epoch 12 | Loss: 0.6019 | Val NDCG: 0.7724 | smoothed: 0.7721
Epoch 13 | Loss: 0.6000 | Val NDCG: 0.7714 | smoothed: 0.7718
Epoch 14 | Loss: 0.5987 | Val NDCG: 0.7737 | smoothed: 0.7725
Epoch 15 | Loss: 0.5972 | Val NDCG: 0.7739 | smoothed: 0.7730
Epoch 16 | Loss: 0.5978 | Val NDCG: 0.7751 | smoothed: 0.7742
Epoch 17 | Loss: 0.5973 | Val NDCG: 0.7757 | smoothed: 0.7749
Epoch 18 | Loss: 0.5974 | Val NDCG: 0.7725 | smoothed: 0.7744
Epoch 19 | Loss: 0.5975 | Val NDCG: 0.7757 | smoothed: 0.7746
Epoch 20 | Loss: 0.5960 | Val NDCG: 0.7769 | smoothed: 0.7750

Best smoothed NDCG: 0.7750 at epoch 20 of 20 run

1 combinations completed out of 1


--- Grid Search Results ---
 hidden_units  dropout_rate  num_blocks  num_heads    lr  val_ndcg  val_ndcg_raw  best_epoch  epochs_run  max_epochs
          256           0.5           2         16 0.001  0.775001      0.776879          20          20          20

Best config: {'hidden_units': 256.0, 'dropout_rate': 0.5, 'num_blocks': 2.0, 'num_heads': 16.0, 'lr': 0.001, 'val_ndcg': 0.7750007148074993, 'val_ndcg_raw': 0.7768789422125124, 'best_epoch': 20.0, 'epochs_run': 20.0, 'max_epochs': 20.0}
1 of 1 configs reached max_epochs
1 of 1 were still improving when stopped
Best params saved to ../Models/sasrec_pwts_best_params.json
