task 113 | loss pwts | node slurmnode-gpu07
NVIDIA A40, 46068 MiB
NVIDIA A40, 46068 MiB
NVIDIA A40, 46068 MiB
NVIDIA A40, 46068 MiB
Using device: cuda
Loading datasets...
Train sessions: 75875 | Val sessions: 16262

Running grid search over 162 combinations...

SLURM array task 113: 1 config -> ../Models/sasrec_grid_pwts_task113.csv
Trying: {'hidden_units': 256, 'dropout_rate': 0.1, 'num_blocks': 1, 'num_heads': 16, 'lr': 0.0001}
Epoch 1 | Loss: 0.6255 | Val NDCG: 0.7563 | smoothed: 0.7563
Epoch 2 | Loss: 0.6074 | Val NDCG: 0.7656 | smoothed: 0.7609
Epoch 3 | Loss: 0.6069 | Val NDCG: 0.7662 | smoothed: 0.7627
Epoch 4 | Loss: 0.6032 | Val NDCG: 0.7698 | smoothed: 0.7672
Epoch 5 | Loss: 0.6028 | Val NDCG: 0.7684 | smoothed: 0.7681
Epoch 6 | Loss: 0.6015 | Val NDCG: 0.7682 | smoothed: 0.7688
Epoch 7 | Loss: 0.6000 | Val NDCG: 0.7701 | smoothed: 0.7689
Epoch 8 | Loss: 0.6007 | Val NDCG: 0.7673 | smoothed: 0.7685
Epoch 9 | Loss: 0.5991 | Val NDCG: 0.7718 | smoothed: 0.7697
Epoch 10 | Loss: 0.5985 | Val NDCG: 0.7693 | smoothed: 0.7695
Epoch 11 | Loss: 0.5970 | Val NDCG: 0.7721 | smoothed: 0.7711
Epoch 12 | Loss: 0.5969 | Val NDCG: 0.7721 | smoothed: 0.7712
Epoch 13 | Loss: 0.5970 | Val NDCG: 0.7717 | smoothed: 0.7720
Epoch 14 | Loss: 0.5961 | Val NDCG: 0.7731 | smoothed: 0.7723
Epoch 15 | Loss: 0.5955 | Val NDCG: 0.7719 | smoothed: 0.7723
Epoch 16 | Loss: 0.5955 | Val NDCG: 0.7725 | smoothed: 0.7725
Epoch 17 | Loss: 0.5944 | Val NDCG: 0.7720 | smoothed: 0.7721
Epoch 18 | Loss: 0.5951 | Val NDCG: 0.7744 | smoothed: 0.7730
Epoch 19 | Loss: 0.5948 | Val NDCG: 0.7734 | smoothed: 0.7732
Epoch 20 | Loss: 0.5942 | Val NDCG: 0.7712 | smoothed: 0.7730
Epoch 21 | Loss: 0.5941 | Val NDCG: 0.7758 | smoothed: 0.7734
Epoch 22 | Loss: 0.5933 | Val NDCG: 0.7725 | smoothed: 0.7732
Epoch 23 | Loss: 0.5937 | Val NDCG: 0.7719 | smoothed: 0.7734
Epoch 24 | Loss: 0.5937 | Val NDCG: 0.7715 | smoothed: 0.7720
Epoch 25 | Loss: 0.5931 | Val NDCG: 0.7746 | smoothed: 0.7727
Epoch 26 | Loss: 0.5925 | Val NDCG: 0.7770 | smoothed: 0.7744
Epoch 27 | Loss: 0.5919 | Val NDCG: 0.7768 | smoothed: 0.7761
Epoch 28 | Loss: 0.5920 | Val NDCG: 0.7748 | smoothed: 0.7762
Epoch 29 | Loss: 0.5919 | Val NDCG: 0.7728 | smoothed: 0.7748
Epoch 30 | Loss: 0.5911 | Val NDCG: 0.7791 | smoothed: 0.7756
Epoch 31 | Loss: 0.5911 | Val NDCG: 0.7751 | smoothed: 0.7757
Epoch 32 | Loss: 0.5917 | Val NDCG: 0.7768 | smoothed: 0.7770
Epoch 33 | Loss: 0.5906 | Val NDCG: 0.7745 | smoothed: 0.7755
Epoch 34 | Loss: 0.5905 | Val NDCG: 0.7752 | smoothed: 0.7755
Epoch 35 | Loss: 0.5902 | Val NDCG: 0.7759 | smoothed: 0.7752
Epoch 36 | Loss: 0.5901 | Val NDCG: 0.7772 | smoothed: 0.7761
Epoch 37 | Loss: 0.5897 | Val NDCG: 0.7766 | smoothed: 0.7766

Best smoothed NDCG: 0.7770 at epoch 32 of 37 run

1 combinations completed out of 1


--- Grid Search Results ---
 hidden_units  dropout_rate  num_blocks  num_heads     lr  val_ndcg  val_ndcg_raw  best_epoch  epochs_run  max_epochs
          256           0.1           1         16 0.0001  0.777013      0.776781          32          37          40

Best config: {'hidden_units': 256.0, 'dropout_rate': 0.1, 'num_blocks': 1.0, 'num_heads': 16.0, 'lr': 0.0001, 'val_ndcg': 0.777013356270405, 'val_ndcg_raw': 0.776780567867067, 'best_epoch': 32.0, 'epochs_run': 37.0, 'max_epochs': 40.0}
0 of 1 configs reached max_epochs
0 of 1 were still improving when stopped
Best params saved to ../Models/sasrec_pwts_best_params.json
