task 34 | loss bce | node slurmnode-gpu05
Tesla P100-PCIE-16GB, 16384 MiB
Tesla P100-PCIE-16GB, 16384 MiB
Tesla P100-PCIE-16GB, 16384 MiB
Tesla P100-PCIE-16GB, 16384 MiB
Using device: cuda
Loading datasets...
Train sessions: 75875 | Val sessions: 16262

Running grid search over 162 combinations...

SLURM array task 34: 1 config -> ../Models/sasrec_grid_bce_task34.csv
Trying: {'hidden_units': 64, 'dropout_rate': 0.3, 'num_blocks': 3, 'num_heads': 16, 'lr': 0.001}
Epoch 1 | Loss: 0.5897 | Val NDCG: 0.7523 | smoothed: 0.7523
Epoch 2 | Loss: 0.5774 | Val NDCG: 0.7592 | smoothed: 0.7557
Epoch 3 | Loss: 0.5736 | Val NDCG: 0.7657 | smoothed: 0.7591
Epoch 4 | Loss: 0.5733 | Val NDCG: 0.7662 | smoothed: 0.7637
Epoch 5 | Loss: 0.5716 | Val NDCG: 0.7696 | smoothed: 0.7672
Epoch 6 | Loss: 0.5715 | Val NDCG: 0.7702 | smoothed: 0.7687
Epoch 7 | Loss: 0.5695 | Val NDCG: 0.7665 | smoothed: 0.7688
Epoch 8 | Loss: 0.5702 | Val NDCG: 0.7723 | smoothed: 0.7697
Epoch 9 | Loss: 0.5683 | Val NDCG: 0.7745 | smoothed: 0.7711
Epoch 10 | Loss: 0.5682 | Val NDCG: 0.7722 | smoothed: 0.7730
Epoch 11 | Loss: 0.5680 | Val NDCG: 0.7678 | smoothed: 0.7715
Epoch 12 | Loss: 0.5674 | Val NDCG: 0.7756 | smoothed: 0.7719
Epoch 13 | Loss: 0.5674 | Val NDCG: 0.7745 | smoothed: 0.7726
Epoch 14 | Loss: 0.5672 | Val NDCG: 0.7769 | smoothed: 0.7756
Epoch 15 | Loss: 0.5666 | Val NDCG: 0.7778 | smoothed: 0.7764
Epoch 16 | Loss: 0.5663 | Val NDCG: 0.7760 | smoothed: 0.7769
Epoch 17 | Loss: 0.5668 | Val NDCG: 0.7719 | smoothed: 0.7752
Epoch 18 | Loss: 0.5664 | Val NDCG: 0.7748 | smoothed: 0.7742
Epoch 19 | Loss: 0.5655 | Val NDCG: 0.7734 | smoothed: 0.7734
Epoch 20 | Loss: 0.5651 | Val NDCG: 0.7781 | smoothed: 0.7755

Best smoothed NDCG: 0.7769 at epoch 16 of 20 run

1 combinations completed out of 1


--- Grid Search Results ---
 hidden_units  dropout_rate  num_blocks  num_heads    lr  val_ndcg  val_ndcg_raw  best_epoch  epochs_run  max_epochs
           64           0.3           3         16 0.001   0.77689      0.775997          16          20          20

Best config: {'hidden_units': 64.0, 'dropout_rate': 0.3, 'num_blocks': 3.0, 'num_heads': 16.0, 'lr': 0.001, 'val_ndcg': 0.7768902507027885, 'val_ndcg_raw': 0.7759974807357398, 'best_epoch': 16.0, 'epochs_run': 20.0, 'max_epochs': 20.0}
1 of 1 configs reached max_epochs
0 of 1 were still improving when stopped
Best params saved to ../Models/sasrec_bce_best_params.json
