task 15 | loss pwts | node slurmnode-gpu02
NVIDIA GeForce GTX 1080 Ti, 11264 MiB
NVIDIA GeForce GTX 1080 Ti, 11264 MiB
NVIDIA GeForce GTX 1080 Ti, 11264 MiB
NVIDIA GeForce GTX 1080 Ti, 11264 MiB
NVIDIA GeForce GTX 1080 Ti, 11264 MiB
NVIDIA GeForce GTX 1080 Ti, 11264 MiB
NVIDIA GeForce GTX 1080 Ti, 11264 MiB
NVIDIA GeForce GTX 1080 Ti, 11264 MiB
Using device: cuda
Loading datasets...
Train sessions: 75875 | Val sessions: 16262

Running grid search over 162 combinations...

SLURM array task 15: 1 config -> ../Models/sasrec_grid_pwts_task15.csv
Trying: {'hidden_units': 64, 'dropout_rate': 0.1, 'num_blocks': 3, 'num_heads': 8, 'lr': 0.0001}
Epoch 1 | Loss: 0.6390 | Val NDCG: 0.7427 | smoothed: 0.7427
Epoch 2 | Loss: 0.6153 | Val NDCG: 0.7556 | smoothed: 0.7492
Epoch 3 | Loss: 0.6105 | Val NDCG: 0.7559 | smoothed: 0.7514
Epoch 4 | Loss: 0.6085 | Val NDCG: 0.7591 | smoothed: 0.7569
Epoch 5 | Loss: 0.6060 | Val NDCG: 0.7630 | smoothed: 0.7594
Epoch 6 | Loss: 0.6043 | Val NDCG: 0.7611 | smoothed: 0.7611
Epoch 7 | Loss: 0.6027 | Val NDCG: 0.7639 | smoothed: 0.7627
Epoch 8 | Loss: 0.6026 | Val NDCG: 0.7640 | smoothed: 0.7630
Epoch 9 | Loss: 0.6016 | Val NDCG: 0.7625 | smoothed: 0.7634
Epoch 10 | Loss: 0.6008 | Val NDCG: 0.7667 | smoothed: 0.7644
Epoch 11 | Loss: 0.6005 | Val NDCG: 0.7661 | smoothed: 0.7651
Epoch 12 | Loss: 0.5993 | Val NDCG: 0.7656 | smoothed: 0.7661
Epoch 13 | Loss: 0.5993 | Val NDCG: 0.7660 | smoothed: 0.7659
Epoch 14 | Loss: 0.5978 | Val NDCG: 0.7635 | smoothed: 0.7650
Epoch 15 | Loss: 0.5980 | Val NDCG: 0.7674 | smoothed: 0.7656
Epoch 16 | Loss: 0.5968 | Val NDCG: 0.7678 | smoothed: 0.7662
Epoch 17 | Loss: 0.5963 | Val NDCG: 0.7675 | smoothed: 0.7676
Epoch 18 | Loss: 0.5982 | Val NDCG: 0.7690 | smoothed: 0.7681
Epoch 19 | Loss: 0.5968 | Val NDCG: 0.7682 | smoothed: 0.7682
Epoch 20 | Loss: 0.5960 | Val NDCG: 0.7710 | smoothed: 0.7694
Epoch 21 | Loss: 0.5966 | Val NDCG: 0.7694 | smoothed: 0.7696
Epoch 22 | Loss: 0.5965 | Val NDCG: 0.7708 | smoothed: 0.7704
Epoch 23 | Loss: 0.5958 | Val NDCG: 0.7708 | smoothed: 0.7703
Epoch 24 | Loss: 0.5959 | Val NDCG: 0.7709 | smoothed: 0.7708
Epoch 25 | Loss: 0.5948 | Val NDCG: 0.7707 | smoothed: 0.7708
Epoch 26 | Loss: 0.5948 | Val NDCG: 0.7711 | smoothed: 0.7709
Epoch 27 | Loss: 0.5957 | Val NDCG: 0.7716 | smoothed: 0.7711
Epoch 28 | Loss: 0.5943 | Val NDCG: 0.7696 | smoothed: 0.7708
Epoch 29 | Loss: 0.5941 | Val NDCG: 0.7702 | smoothed: 0.7705
Epoch 30 | Loss: 0.5932 | Val NDCG: 0.7703 | smoothed: 0.7700
Epoch 31 | Loss: 0.5941 | Val NDCG: 0.7726 | smoothed: 0.7711
Epoch 32 | Loss: 0.5935 | Val NDCG: 0.7710 | smoothed: 0.7713
Epoch 33 | Loss: 0.5928 | Val NDCG: 0.7714 | smoothed: 0.7717
Epoch 34 | Loss: 0.5931 | Val NDCG: 0.7709 | smoothed: 0.7711
Epoch 35 | Loss: 0.5923 | Val NDCG: 0.7698 | smoothed: 0.7707
Epoch 36 | Loss: 0.5937 | Val NDCG: 0.7722 | smoothed: 0.7710
Epoch 37 | Loss: 0.5937 | Val NDCG: 0.7727 | smoothed: 0.7716
Epoch 38 | Loss: 0.5937 | Val NDCG: 0.7739 | smoothed: 0.7729
Epoch 39 | Loss: 0.5929 | Val NDCG: 0.7729 | smoothed: 0.7732
Epoch 40 | Loss: 0.5925 | Val NDCG: 0.7737 | smoothed: 0.7735

Best smoothed NDCG: 0.7735 at epoch 40 of 40 run

1 combinations completed out of 1


--- Grid Search Results ---
 hidden_units  dropout_rate  num_blocks  num_heads     lr  val_ndcg  val_ndcg_raw  best_epoch  epochs_run  max_epochs
           64           0.1           3          8 0.0001  0.773469      0.773659          40          40          40

Best config: {'hidden_units': 64.0, 'dropout_rate': 0.1, 'num_blocks': 3.0, 'num_heads': 8.0, 'lr': 0.0001, 'val_ndcg': 0.7734686768037151, 'val_ndcg_raw': 0.773658652645654, 'best_epoch': 40.0, 'epochs_run': 40.0, 'max_epochs': 40.0}
1 of 1 configs reached max_epochs
1 of 1 were still improving when stopped
Best params saved to ../Models/sasrec_pwts_best_params.json
