task 468 | loss drrl | node slurmnode-gpu03
Tesla P100-PCIE-16GB, 16384 MiB
Tesla P100-PCIE-16GB, 16384 MiB
Tesla P100-PCIE-16GB, 16384 MiB
Tesla P100-PCIE-16GB, 16384 MiB
Using device: cuda
Loading datasets...
Train sessions: 75875 | Val sessions: 16262

Running grid search over 486 combinations...

SLURM array task 468: 1 config -> ../Models/sasrec_grid_drrl_task468.csv
Trying: {'hidden_units': 256, 'dropout_rate': 0.5, 'num_blocks': 3, 'num_heads': 4, 'lr': 0.001, 'gamma': 2}
Epoch 1 | Loss: -0.1490 | Val NDCG: 0.7431 | smoothed: 0.7431
Epoch 2 | Loss: -0.2156 | Val NDCG: 0.7532 | smoothed: 0.7482
Epoch 3 | Loss: -0.2214 | Val NDCG: 0.7314 | smoothed: 0.7426
Epoch 4 | Loss: -0.2224 | Val NDCG: 0.7433 | smoothed: 0.7426
Epoch 5 | Loss: -0.2233 | Val NDCG: 0.7459 | smoothed: 0.7402
Epoch 6 | Loss: -0.2242 | Val NDCG: 0.7427 | smoothed: 0.7439
Epoch 7 | Loss: -0.2249 | Val NDCG: 0.7264 | smoothed: 0.7383

Best smoothed NDCG: 0.7482 at epoch 2 of 7 run

1 combinations completed out of 1


--- Grid Search Results ---
 hidden_units  dropout_rate  num_blocks  num_heads    lr  gamma  val_ndcg  val_ndcg_raw  best_epoch  epochs_run  max_epochs
          256           0.5           3          4 0.001      2  0.748155      0.753184           2           7          20

Best config: {'hidden_units': 256.0, 'dropout_rate': 0.5, 'num_blocks': 3.0, 'num_heads': 4.0, 'lr': 0.001, 'gamma': 2.0, 'val_ndcg': 0.7481547053534623, 'val_ndcg_raw': 0.7531842960272416, 'best_epoch': 2.0, 'epochs_run': 7.0, 'max_epochs': 20.0}
0 of 1 configs reached max_epochs
0 of 1 were still improving when stopped
Best params saved to ../Models/sasrec_drrl_best_params.json
