task 26 | loss bce | node slurmnode-gpu02
NVIDIA GeForce GTX 1080 Ti, 11264 MiB
NVIDIA GeForce GTX 1080 Ti, 11264 MiB
NVIDIA GeForce GTX 1080 Ti, 11264 MiB
NVIDIA GeForce GTX 1080 Ti, 11264 MiB
NVIDIA GeForce GTX 1080 Ti, 11264 MiB
NVIDIA GeForce GTX 1080 Ti, 11264 MiB
NVIDIA GeForce GTX 1080 Ti, 11264 MiB
NVIDIA GeForce GTX 1080 Ti, 11264 MiB
Using device: cuda
Loading datasets...
Train sessions: 75875 | Val sessions: 16262

Running grid search over 162 combinations...

SLURM array task 26: 1 config -> ../Models/sasrec_grid_bce_task26.csv
Trying: {'hidden_units': 64, 'dropout_rate': 0.3, 'num_blocks': 2, 'num_heads': 8, 'lr': 0.001}
Epoch 1 | Loss: 0.5920 | Val NDCG: 0.7634 | smoothed: 0.7634
Epoch 2 | Loss: 0.5781 | Val NDCG: 0.7652 | smoothed: 0.7643
Epoch 3 | Loss: 0.5752 | Val NDCG: 0.7692 | smoothed: 0.7659
Epoch 4 | Loss: 0.5747 | Val NDCG: 0.7661 | smoothed: 0.7668
Epoch 5 | Loss: 0.5727 | Val NDCG: 0.7675 | smoothed: 0.7676
Epoch 6 | Loss: 0.5730 | Val NDCG: 0.7710 | smoothed: 0.7682
Epoch 7 | Loss: 0.5707 | Val NDCG: 0.7691 | smoothed: 0.7692
Epoch 8 | Loss: 0.5714 | Val NDCG: 0.7694 | smoothed: 0.7698
Epoch 9 | Loss: 0.5708 | Val NDCG: 0.7688 | smoothed: 0.7691
Epoch 10 | Loss: 0.5698 | Val NDCG: 0.7724 | smoothed: 0.7702
Epoch 11 | Loss: 0.5689 | Val NDCG: 0.7731 | smoothed: 0.7714
Epoch 12 | Loss: 0.5689 | Val NDCG: 0.7745 | smoothed: 0.7733
Epoch 13 | Loss: 0.5675 | Val NDCG: 0.7727 | smoothed: 0.7734
Epoch 14 | Loss: 0.5680 | Val NDCG: 0.7752 | smoothed: 0.7741
Epoch 15 | Loss: 0.5673 | Val NDCG: 0.7729 | smoothed: 0.7736
Epoch 16 | Loss: 0.5673 | Val NDCG: 0.7754 | smoothed: 0.7745
Epoch 17 | Loss: 0.5666 | Val NDCG: 0.7744 | smoothed: 0.7742
Epoch 18 | Loss: 0.5666 | Val NDCG: 0.7771 | smoothed: 0.7757
Epoch 19 | Loss: 0.5664 | Val NDCG: 0.7776 | smoothed: 0.7764
Epoch 20 | Loss: 0.5663 | Val NDCG: 0.7777 | smoothed: 0.7775

Best smoothed NDCG: 0.7775 at epoch 20 of 20 run

1 combinations completed out of 1


--- Grid Search Results ---
 hidden_units  dropout_rate  num_blocks  num_heads    lr  val_ndcg  val_ndcg_raw  best_epoch  epochs_run  max_epochs
           64           0.3           2          8 0.001  0.777474      0.777717          20          20          20

Best config: {'hidden_units': 64.0, 'dropout_rate': 0.3, 'num_blocks': 2.0, 'num_heads': 8.0, 'lr': 0.001, 'val_ndcg': 0.7774743156893438, 'val_ndcg_raw': 0.7777171763370969, 'best_epoch': 20.0, 'epochs_run': 20.0, 'max_epochs': 20.0}
1 of 1 configs reached max_epochs
1 of 1 were still improving when stopped
Best params saved to ../Models/sasrec_bce_best_params.json
