task 327 | loss drrl | node slurmnode-gpu03
Tesla P100-PCIE-16GB, 16384 MiB
Tesla P100-PCIE-16GB, 16384 MiB
Tesla P100-PCIE-16GB, 16384 MiB
Tesla P100-PCIE-16GB, 16384 MiB
Using device: cuda
Loading datasets...
Train sessions: 75875 | Val sessions: 16262

Running grid search over 486 combinations...

SLURM array task 327: 1 config -> ../Models/sasrec_grid_drrl_task327.csv
Trying: {'hidden_units': 256, 'dropout_rate': 0.1, 'num_blocks': 1, 'num_heads': 4, 'lr': 0.0001, 'gamma': 2}
Epoch 1 | Loss: 0.0279 | Val NDCG: 0.7302 | smoothed: 0.7302
Epoch 2 | Loss: -0.1869 | Val NDCG: 0.7334 | smoothed: 0.7318
Epoch 3 | Loss: -0.2102 | Val NDCG: 0.7278 | smoothed: 0.7305
Epoch 4 | Loss: -0.2165 | Val NDCG: 0.7356 | smoothed: 0.7322
Epoch 5 | Loss: -0.2201 | Val NDCG: 0.7346 | smoothed: 0.7327
Epoch 6 | Loss: -0.2231 | Val NDCG: 0.7521 | smoothed: 0.7408
Epoch 7 | Loss: -0.2241 | Val NDCG: 0.7496 | smoothed: 0.7454
Epoch 8 | Loss: -0.2252 | Val NDCG: 0.7439 | smoothed: 0.7485
Epoch 9 | Loss: -0.2264 | Val NDCG: 0.7326 | smoothed: 0.7421
Epoch 10 | Loss: -0.2277 | Val NDCG: 0.7288 | smoothed: 0.7351
Epoch 11 | Loss: -0.2268 | Val NDCG: 0.7362 | smoothed: 0.7325
Epoch 12 | Loss: -0.2280 | Val NDCG: 0.7501 | smoothed: 0.7384
Epoch 13 | Loss: -0.2279 | Val NDCG: 0.7466 | smoothed: 0.7443

Best smoothed NDCG: 0.7485 at epoch 8 of 13 run

1 combinations completed out of 1


--- Grid Search Results ---
 hidden_units  dropout_rate  num_blocks  num_heads     lr  gamma  val_ndcg  val_ndcg_raw  best_epoch  epochs_run  max_epochs
          256           0.1           1          4 0.0001      2  0.748545      0.743918           8          13          40

Best config: {'hidden_units': 256.0, 'dropout_rate': 0.1, 'num_blocks': 1.0, 'num_heads': 4.0, 'lr': 0.0001, 'gamma': 2.0, 'val_ndcg': 0.7485445861473402, 'val_ndcg_raw': 0.7439177237851521, 'best_epoch': 8.0, 'epochs_run': 13.0, 'max_epochs': 40.0}
0 of 1 configs reached max_epochs
0 of 1 were still improving when stopped
Best params saved to ../Models/sasrec_drrl_best_params.json
