task 328 | loss drrl | node slurmnode-gpu03
Tesla P100-PCIE-16GB, 16384 MiB
Tesla P100-PCIE-16GB, 16384 MiB
Tesla P100-PCIE-16GB, 16384 MiB
Tesla P100-PCIE-16GB, 16384 MiB
Using device: cuda
Loading datasets...
Train sessions: 75875 | Val sessions: 16262

Running grid search over 486 combinations...

SLURM array task 328: 1 config -> ../Models/sasrec_grid_drrl_task328.csv
Trying: {'hidden_units': 256, 'dropout_rate': 0.1, 'num_blocks': 1, 'num_heads': 4, 'lr': 0.0001, 'gamma': 3}
Epoch 1 | Loss: -0.0803 | Val NDCG: 0.7403 | smoothed: 0.7403
Epoch 2 | Loss: -0.2055 | Val NDCG: 0.7304 | smoothed: 0.7354
Epoch 3 | Loss: -0.2178 | Val NDCG: 0.7300 | smoothed: 0.7336
Epoch 4 | Loss: -0.2224 | Val NDCG: 0.7429 | smoothed: 0.7344
Epoch 5 | Loss: -0.2244 | Val NDCG: 0.7359 | smoothed: 0.7363
Epoch 6 | Loss: -0.2265 | Val NDCG: 0.7490 | smoothed: 0.7426
Epoch 7 | Loss: -0.2268 | Val NDCG: 0.7333 | smoothed: 0.7394
Epoch 8 | Loss: -0.2282 | Val NDCG: 0.7396 | smoothed: 0.7406
Epoch 9 | Loss: -0.2283 | Val NDCG: 0.7312 | smoothed: 0.7347
Epoch 10 | Loss: -0.2292 | Val NDCG: 0.7209 | smoothed: 0.7305
Epoch 11 | Loss: -0.2292 | Val NDCG: 0.7538 | smoothed: 0.7353

Best smoothed NDCG: 0.7426 at epoch 6 of 11 run

1 combinations completed out of 1


--- Grid Search Results ---
 hidden_units  dropout_rate  num_blocks  num_heads     lr  gamma  val_ndcg  val_ndcg_raw  best_epoch  epochs_run  max_epochs
          256           0.1           1          4 0.0001      3    0.7426      0.748996           6          11          40

Best config: {'hidden_units': 256.0, 'dropout_rate': 0.1, 'num_blocks': 1.0, 'num_heads': 4.0, 'lr': 0.0001, 'gamma': 3.0, 'val_ndcg': 0.7425998101185166, 'val_ndcg_raw': 0.7489963815927059, 'best_epoch': 6.0, 'epochs_run': 11.0, 'max_epochs': 40.0}
0 of 1 configs reached max_epochs
0 of 1 were still improving when stopped
Best params saved to ../Models/sasrec_drrl_best_params.json
