task 54 | loss drrl | node slurmnode-gpu02
NVIDIA GeForce GTX 1080 Ti, 11264 MiB
NVIDIA GeForce GTX 1080 Ti, 11264 MiB
NVIDIA GeForce GTX 1080 Ti, 11264 MiB
NVIDIA GeForce GTX 1080 Ti, 11264 MiB
NVIDIA GeForce GTX 1080 Ti, 11264 MiB
NVIDIA GeForce GTX 1080 Ti, 11264 MiB
NVIDIA GeForce GTX 1080 Ti, 11264 MiB
NVIDIA GeForce GTX 1080 Ti, 11264 MiB
Using device: cuda
Loading datasets...
Train sessions: 75875 | Val sessions: 16262

Running grid search over 486 combinations...

SLURM array task 54: 1 config -> ../Models/sasrec_grid_drrl_task54.csv
Trying: {'hidden_units': 64, 'dropout_rate': 0.3, 'num_blocks': 1, 'num_heads': 4, 'lr': 0.001, 'gamma': 2}
Epoch 1 | Loss: -0.1493 | Val NDCG: 0.7079 | smoothed: 0.7079
Epoch 2 | Loss: -0.2252 | Val NDCG: 0.6906 | smoothed: 0.6993
Epoch 3 | Loss: -0.2271 | Val NDCG: 0.7010 | smoothed: 0.6998
Epoch 4 | Loss: -0.2281 | Val NDCG: 0.7240 | smoothed: 0.7052
Epoch 5 | Loss: -0.2285 | Val NDCG: 0.7315 | smoothed: 0.7189
Epoch 6 | Loss: -0.2291 | Val NDCG: 0.7203 | smoothed: 0.7253
Epoch 7 | Loss: -0.2289 | Val NDCG: 0.7388 | smoothed: 0.7302
Epoch 8 | Loss: -0.2292 | Val NDCG: 0.7344 | smoothed: 0.7312
Epoch 9 | Loss: -0.2297 | Val NDCG: 0.7437 | smoothed: 0.7390
Epoch 10 | Loss: -0.2298 | Val NDCG: 0.7417 | smoothed: 0.7400
Epoch 11 | Loss: -0.2299 | Val NDCG: 0.7319 | smoothed: 0.7391
Epoch 12 | Loss: -0.2301 | Val NDCG: 0.7331 | smoothed: 0.7356
Epoch 13 | Loss: -0.2300 | Val NDCG: 0.7489 | smoothed: 0.7380
Epoch 14 | Loss: -0.2301 | Val NDCG: 0.7607 | smoothed: 0.7476
Epoch 15 | Loss: -0.2300 | Val NDCG: 0.7628 | smoothed: 0.7575
Epoch 16 | Loss: -0.2302 | Val NDCG: 0.7587 | smoothed: 0.7608
Epoch 17 | Loss: -0.2302 | Val NDCG: 0.7590 | smoothed: 0.7602
Epoch 18 | Loss: -0.2302 | Val NDCG: 0.7578 | smoothed: 0.7585
Epoch 19 | Loss: -0.2302 | Val NDCG: 0.7574 | smoothed: 0.7581
Epoch 20 | Loss: -0.2303 | Val NDCG: 0.7623 | smoothed: 0.7592

Best smoothed NDCG: 0.7608 at epoch 16 of 20 run

1 combinations completed out of 1


--- Grid Search Results ---
 hidden_units  dropout_rate  num_blocks  num_heads    lr  gamma  val_ndcg  val_ndcg_raw  best_epoch  epochs_run  max_epochs
           64           0.3           1          4 0.001      2  0.760753      0.758736          16          20          20

Best config: {'hidden_units': 64.0, 'dropout_rate': 0.3, 'num_blocks': 1.0, 'num_heads': 4.0, 'lr': 0.001, 'gamma': 2.0, 'val_ndcg': 0.760752532170757, 'val_ndcg_raw': 0.7587357170041121, 'best_epoch': 16.0, 'epochs_run': 20.0, 'max_epochs': 20.0}
1 of 1 configs reached max_epochs
0 of 1 were still improving when stopped
Best params saved to ../Models/sasrec_drrl_best_params.json
