task 132 | loss bce | node slurmnode-gpu07
NVIDIA A40, 46068 MiB
NVIDIA A40, 46068 MiB
NVIDIA A40, 46068 MiB
NVIDIA A40, 46068 MiB
Using device: cuda
Loading datasets...
Train sessions: 75875 | Val sessions: 16262

Running grid search over 162 combinations...

SLURM array task 132: 1 config -> ../Models/sasrec_grid_bce_task132.csv
Trying: {'hidden_units': 256, 'dropout_rate': 0.3, 'num_blocks': 2, 'num_heads': 4, 'lr': 0.001}
Epoch 1 | Loss: 0.5895 | Val NDCG: 0.7613 | smoothed: 0.7613
Epoch 2 | Loss: 0.5816 | Val NDCG: 0.7649 | smoothed: 0.7631
Epoch 3 | Loss: 0.5771 | Val NDCG: 0.7671 | smoothed: 0.7644
Epoch 4 | Loss: 0.5749 | Val NDCG: 0.7694 | smoothed: 0.7671
Epoch 5 | Loss: 0.5741 | Val NDCG: 0.7732 | smoothed: 0.7699
Epoch 6 | Loss: 0.5729 | Val NDCG: 0.7759 | smoothed: 0.7728
Epoch 7 | Loss: 0.5713 | Val NDCG: 0.7726 | smoothed: 0.7739
Epoch 8 | Loss: 0.5712 | Val NDCG: 0.7708 | smoothed: 0.7731
Epoch 9 | Loss: 0.5697 | Val NDCG: 0.7713 | smoothed: 0.7715
Epoch 10 | Loss: 0.5691 | Val NDCG: 0.7778 | smoothed: 0.7733
Epoch 11 | Loss: 0.5699 | Val NDCG: 0.7697 | smoothed: 0.7729
Epoch 12 | Loss: 0.5677 | Val NDCG: 0.7760 | smoothed: 0.7745
Epoch 13 | Loss: 0.5681 | Val NDCG: 0.7778 | smoothed: 0.7745
Epoch 14 | Loss: 0.5676 | Val NDCG: 0.7763 | smoothed: 0.7767
Epoch 15 | Loss: 0.5665 | Val NDCG: 0.7781 | smoothed: 0.7774
Epoch 16 | Loss: 0.5672 | Val NDCG: 0.7772 | smoothed: 0.7772
Epoch 17 | Loss: 0.5667 | Val NDCG: 0.7798 | smoothed: 0.7784
Epoch 18 | Loss: 0.5664 | Val NDCG: 0.7791 | smoothed: 0.7787
Epoch 19 | Loss: 0.5655 | Val NDCG: 0.7816 | smoothed: 0.7802
Epoch 20 | Loss: 0.5648 | Val NDCG: 0.7804 | smoothed: 0.7804

Best smoothed NDCG: 0.7804 at epoch 20 of 20 run

1 combinations completed out of 1


--- Grid Search Results ---
 hidden_units  dropout_rate  num_blocks  num_heads    lr  val_ndcg  val_ndcg_raw  best_epoch  epochs_run  max_epochs
          256           0.3           2          4 0.001   0.78036       0.78041          20          20          20

Best config: {'hidden_units': 256.0, 'dropout_rate': 0.3, 'num_blocks': 2.0, 'num_heads': 4.0, 'lr': 0.001, 'val_ndcg': 0.7803599742433202, 'val_ndcg_raw': 0.7804096805045926, 'best_epoch': 20.0, 'epochs_run': 20.0, 'max_epochs': 20.0}
1 of 1 configs reached max_epochs
1 of 1 were still improving when stopped
Best params saved to ../Models/sasrec_bce_best_params.json
