task 140 | loss bce | node slurmnode-gpu07
NVIDIA A40, 46068 MiB
NVIDIA A40, 46068 MiB
NVIDIA A40, 46068 MiB
NVIDIA A40, 46068 MiB
Using device: cuda
Loading datasets...
Train sessions: 75875 | Val sessions: 16262

Running grid search over 162 combinations...

SLURM array task 140: 1 config -> ../Models/sasrec_grid_bce_task140.csv
Trying: {'hidden_units': 256, 'dropout_rate': 0.3, 'num_blocks': 3, 'num_heads': 8, 'lr': 0.001}
Epoch 1 | Loss: 0.5882 | Val NDCG: 0.7616 | smoothed: 0.7616
Epoch 2 | Loss: 0.5794 | Val NDCG: 0.7524 | smoothed: 0.7570
Epoch 3 | Loss: 0.5764 | Val NDCG: 0.7652 | smoothed: 0.7597
Epoch 4 | Loss: 0.5752 | Val NDCG: 0.7662 | smoothed: 0.7613
Epoch 5 | Loss: 0.5727 | Val NDCG: 0.7718 | smoothed: 0.7677
Epoch 6 | Loss: 0.5720 | Val NDCG: 0.7698 | smoothed: 0.7693
Epoch 7 | Loss: 0.5702 | Val NDCG: 0.7740 | smoothed: 0.7719
Epoch 8 | Loss: 0.5689 | Val NDCG: 0.7726 | smoothed: 0.7722
Epoch 9 | Loss: 0.5701 | Val NDCG: 0.7772 | smoothed: 0.7746
Epoch 10 | Loss: 0.5683 | Val NDCG: 0.7746 | smoothed: 0.7748
Epoch 11 | Loss: 0.5682 | Val NDCG: 0.7747 | smoothed: 0.7755
Epoch 12 | Loss: 0.5673 | Val NDCG: 0.7757 | smoothed: 0.7750
Epoch 13 | Loss: 0.5674 | Val NDCG: 0.7768 | smoothed: 0.7757
Epoch 14 | Loss: 0.5668 | Val NDCG: 0.7765 | smoothed: 0.7763
Epoch 15 | Loss: 0.5662 | Val NDCG: 0.7790 | smoothed: 0.7774
Epoch 16 | Loss: 0.5660 | Val NDCG: 0.7780 | smoothed: 0.7778
Epoch 17 | Loss: 0.5656 | Val NDCG: 0.7767 | smoothed: 0.7779
Epoch 18 | Loss: 0.5657 | Val NDCG: 0.7793 | smoothed: 0.7780
Epoch 19 | Loss: 0.5650 | Val NDCG: 0.7792 | smoothed: 0.7784
Epoch 20 | Loss: 0.5647 | Val NDCG: 0.7752 | smoothed: 0.7779

Best smoothed NDCG: 0.7784 at epoch 19 of 20 run

1 combinations completed out of 1


--- Grid Search Results ---
 hidden_units  dropout_rate  num_blocks  num_heads    lr  val_ndcg  val_ndcg_raw  best_epoch  epochs_run  max_epochs
          256           0.3           3          8 0.001   0.77842      0.779235          19          20          20

Best config: {'hidden_units': 256.0, 'dropout_rate': 0.3, 'num_blocks': 3.0, 'num_heads': 8.0, 'lr': 0.001, 'val_ndcg': 0.7784203299921612, 'val_ndcg_raw': 0.7792347163347638, 'best_epoch': 19.0, 'epochs_run': 20.0, 'max_epochs': 20.0}
1 of 1 configs reached max_epochs
1 of 1 were still improving when stopped
Best params saved to ../Models/sasrec_bce_best_params.json
