task 126 | loss bce | node slurmnode-gpu05
Tesla P100-PCIE-16GB, 16384 MiB
Tesla P100-PCIE-16GB, 16384 MiB
Tesla P100-PCIE-16GB, 16384 MiB
Tesla P100-PCIE-16GB, 16384 MiB
Using device: cuda
Loading datasets...
Train sessions: 75875 | Val sessions: 16262

Running grid search over 162 combinations...

SLURM array task 126: 1 config -> ../Models/sasrec_grid_bce_task126.csv
Trying: {'hidden_units': 256, 'dropout_rate': 0.3, 'num_blocks': 1, 'num_heads': 4, 'lr': 0.001}
Epoch 1 | Loss: 0.5933 | Val NDCG: 0.7622 | smoothed: 0.7622
Epoch 2 | Loss: 0.5831 | Val NDCG: 0.7645 | smoothed: 0.7634
Epoch 3 | Loss: 0.5808 | Val NDCG: 0.7722 | smoothed: 0.7663
Epoch 4 | Loss: 0.5779 | Val NDCG: 0.7651 | smoothed: 0.7673
Epoch 5 | Loss: 0.5768 | Val NDCG: 0.7735 | smoothed: 0.7703
Epoch 6 | Loss: 0.5759 | Val NDCG: 0.7709 | smoothed: 0.7699
Epoch 7 | Loss: 0.5742 | Val NDCG: 0.7777 | smoothed: 0.7741
Epoch 8 | Loss: 0.5739 | Val NDCG: 0.7746 | smoothed: 0.7744
Epoch 9 | Loss: 0.5724 | Val NDCG: 0.7793 | smoothed: 0.7772
Epoch 10 | Loss: 0.5735 | Val NDCG: 0.7819 | smoothed: 0.7786
Epoch 11 | Loss: 0.5717 | Val NDCG: 0.7780 | smoothed: 0.7797
Epoch 12 | Loss: 0.5721 | Val NDCG: 0.7778 | smoothed: 0.7792
Epoch 13 | Loss: 0.5706 | Val NDCG: 0.7809 | smoothed: 0.7789
Epoch 14 | Loss: 0.5702 | Val NDCG: 0.7790 | smoothed: 0.7792
Epoch 15 | Loss: 0.5704 | Val NDCG: 0.7812 | smoothed: 0.7803
Epoch 16 | Loss: 0.5699 | Val NDCG: 0.7843 | smoothed: 0.7815
Epoch 17 | Loss: 0.5696 | Val NDCG: 0.7833 | smoothed: 0.7830
Epoch 18 | Loss: 0.5705 | Val NDCG: 0.7821 | smoothed: 0.7833
Epoch 19 | Loss: 0.5698 | Val NDCG: 0.7824 | smoothed: 0.7826
Epoch 20 | Loss: 0.5691 | Val NDCG: 0.7832 | smoothed: 0.7826

Best smoothed NDCG: 0.7833 at epoch 18 of 20 run

1 combinations completed out of 1


--- Grid Search Results ---
 hidden_units  dropout_rate  num_blocks  num_heads    lr  val_ndcg  val_ndcg_raw  best_epoch  epochs_run  max_epochs
          256           0.3           1          4 0.001  0.783251      0.782078          18          20          20

Best config: {'hidden_units': 256.0, 'dropout_rate': 0.3, 'num_blocks': 1.0, 'num_heads': 4.0, 'lr': 0.001, 'val_ndcg': 0.7832506492454904, 'val_ndcg_raw': 0.7820783487494742, 'best_epoch': 18.0, 'epochs_run': 20.0, 'max_epochs': 20.0}
1 of 1 configs reached max_epochs
0 of 1 were still improving when stopped
Best params saved to ../Models/sasrec_bce_best_params.json
