task 312 | loss drrl | node slurmnode-gpu05
Tesla P100-PCIE-16GB, 16384 MiB
Tesla P100-PCIE-16GB, 16384 MiB
Tesla P100-PCIE-16GB, 16384 MiB
Tesla P100-PCIE-16GB, 16384 MiB
Using device: cuda
Loading datasets...
Train sessions: 75875 | Val sessions: 16262

Running grid search over 486 combinations...

SLURM array task 312: 1 config -> ../Models/sasrec_grid_drrl_task312.csv
Trying: {'hidden_units': 128, 'dropout_rate': 0.5, 'num_blocks': 3, 'num_heads': 8, 'lr': 0.001, 'gamma': 2}
Epoch 1 | Loss: -0.1536 | Val NDCG: 0.7230 | smoothed: 0.7230
Epoch 2 | Loss: -0.2213 | Val NDCG: 0.7063 | smoothed: 0.7147
Epoch 3 | Loss: -0.2251 | Val NDCG: 0.6935 | smoothed: 0.7076
Epoch 4 | Loss: -0.2263 | Val NDCG: 0.7233 | smoothed: 0.7077
Epoch 5 | Loss: -0.2272 | Val NDCG: 0.7052 | smoothed: 0.7073
Epoch 6 | Loss: -0.2274 | Val NDCG: 0.7315 | smoothed: 0.7200

Best smoothed NDCG: 0.7230 at epoch 1 of 6 run

1 combinations completed out of 1


--- Grid Search Results ---
 hidden_units  dropout_rate  num_blocks  num_heads    lr  gamma  val_ndcg  val_ndcg_raw  best_epoch  epochs_run  max_epochs
          128           0.5           3          8 0.001      2  0.723032      0.723032           1           6          20

Best config: {'hidden_units': 128.0, 'dropout_rate': 0.5, 'num_blocks': 3.0, 'num_heads': 8.0, 'lr': 0.001, 'gamma': 2.0, 'val_ndcg': 0.7230319470165747, 'val_ndcg_raw': 0.7230319470165747, 'best_epoch': 1.0, 'epochs_run': 6.0, 'max_epochs': 20.0}
0 of 1 configs reached max_epochs
0 of 1 were still improving when stopped
Best params saved to ../Models/sasrec_drrl_best_params.json
