task 83 | loss pwts | node slurmnode-gpu03
Tesla P100-PCIE-16GB, 16384 MiB
Tesla P100-PCIE-16GB, 16384 MiB
Tesla P100-PCIE-16GB, 16384 MiB
Tesla P100-PCIE-16GB, 16384 MiB
Using device: cuda
Loading datasets...
Train sessions: 75875 | Val sessions: 16262

Running grid search over 162 combinations...

SLURM array task 83: 1 config -> ../Models/sasrec_grid_pwts_task83.csv
Trying: {'hidden_units': 128, 'dropout_rate': 0.3, 'num_blocks': 2, 'num_heads': 16, 'lr': 0.0001}
Epoch 1 | Loss: 0.6377 | Val NDCG: 0.7413 | smoothed: 0.7413
Epoch 2 | Loss: 0.6198 | Val NDCG: 0.7509 | smoothed: 0.7461
Epoch 3 | Loss: 0.6145 | Val NDCG: 0.7527 | smoothed: 0.7483
Epoch 4 | Loss: 0.6113 | Val NDCG: 0.7561 | smoothed: 0.7532
Epoch 5 | Loss: 0.6094 | Val NDCG: 0.7587 | smoothed: 0.7558
Epoch 6 | Loss: 0.6079 | Val NDCG: 0.7613 | smoothed: 0.7587
Epoch 7 | Loss: 0.6060 | Val NDCG: 0.7611 | smoothed: 0.7604
Epoch 8 | Loss: 0.6054 | Val NDCG: 0.7640 | smoothed: 0.7621
Epoch 9 | Loss: 0.6039 | Val NDCG: 0.7643 | smoothed: 0.7631
Epoch 10 | Loss: 0.6038 | Val NDCG: 0.7655 | smoothed: 0.7646
Epoch 11 | Loss: 0.6041 | Val NDCG: 0.7654 | smoothed: 0.7651
Epoch 12 | Loss: 0.6036 | Val NDCG: 0.7665 | smoothed: 0.7658
Epoch 13 | Loss: 0.6016 | Val NDCG: 0.7666 | smoothed: 0.7662
Epoch 14 | Loss: 0.6018 | Val NDCG: 0.7656 | smoothed: 0.7662
Epoch 15 | Loss: 0.6012 | Val NDCG: 0.7676 | smoothed: 0.7666
Epoch 16 | Loss: 0.6015 | Val NDCG: 0.7667 | smoothed: 0.7667
Epoch 17 | Loss: 0.5991 | Val NDCG: 0.7657 | smoothed: 0.7667
Epoch 18 | Loss: 0.5999 | Val NDCG: 0.7671 | smoothed: 0.7665
Epoch 19 | Loss: 0.5996 | Val NDCG: 0.7701 | smoothed: 0.7676
Epoch 20 | Loss: 0.5985 | Val NDCG: 0.7678 | smoothed: 0.7683
Epoch 21 | Loss: 0.5996 | Val NDCG: 0.7710 | smoothed: 0.7696
Epoch 22 | Loss: 0.5986 | Val NDCG: 0.7708 | smoothed: 0.7699
Epoch 23 | Loss: 0.5973 | Val NDCG: 0.7726 | smoothed: 0.7715
Epoch 24 | Loss: 0.5971 | Val NDCG: 0.7725 | smoothed: 0.7719
Epoch 25 | Loss: 0.5973 | Val NDCG: 0.7707 | smoothed: 0.7719
Epoch 26 | Loss: 0.5960 | Val NDCG: 0.7718 | smoothed: 0.7717
Epoch 27 | Loss: 0.5965 | Val NDCG: 0.7735 | smoothed: 0.7720
Epoch 28 | Loss: 0.5968 | Val NDCG: 0.7710 | smoothed: 0.7721
Epoch 29 | Loss: 0.5966 | Val NDCG: 0.7722 | smoothed: 0.7722
Epoch 30 | Loss: 0.5960 | Val NDCG: 0.7707 | smoothed: 0.7713
Epoch 31 | Loss: 0.5967 | Val NDCG: 0.7719 | smoothed: 0.7716
Epoch 32 | Loss: 0.5968 | Val NDCG: 0.7705 | smoothed: 0.7711
Epoch 33 | Loss: 0.5951 | Val NDCG: 0.7709 | smoothed: 0.7711
Epoch 34 | Loss: 0.5955 | Val NDCG: 0.7727 | smoothed: 0.7714

Best smoothed NDCG: 0.7722 at epoch 29 of 34 run

1 combinations completed out of 1


--- Grid Search Results ---
 hidden_units  dropout_rate  num_blocks  num_heads     lr  val_ndcg  val_ndcg_raw  best_epoch  epochs_run  max_epochs
          128           0.3           2         16 0.0001  0.772243      0.772224          29          34          40

Best config: {'hidden_units': 128.0, 'dropout_rate': 0.3, 'num_blocks': 2.0, 'num_heads': 16.0, 'lr': 0.0001, 'val_ndcg': 0.772243294185439, 'val_ndcg_raw': 0.772223958816828, 'best_epoch': 29.0, 'epochs_run': 34.0, 'max_epochs': 40.0}
0 of 1 configs reached max_epochs
0 of 1 were still improving when stopped
Best params saved to ../Models/sasrec_pwts_best_params.json
