task 484 | loss drrl | node slurmnode-gpu03
Tesla P100-PCIE-16GB, 16384 MiB
Tesla P100-PCIE-16GB, 16384 MiB
Tesla P100-PCIE-16GB, 16384 MiB
Tesla P100-PCIE-16GB, 16384 MiB
Using device: cuda
Loading datasets...
Train sessions: 75875 | Val sessions: 16262

Running grid search over 486 combinations...

SLURM array task 484: 1 config -> ../Models/sasrec_grid_drrl_task484.csv
Trying: {'hidden_units': 256, 'dropout_rate': 0.5, 'num_blocks': 3, 'num_heads': 16, 'lr': 0.0001, 'gamma': 3}
Epoch 1 | Loss: -0.0599 | Val NDCG: 0.7417 | smoothed: 0.7417
Epoch 2 | Loss: -0.2140 | Val NDCG: 0.7444 | smoothed: 0.7430
Epoch 3 | Loss: -0.2228 | Val NDCG: 0.7283 | smoothed: 0.7381
Epoch 4 | Loss: -0.2254 | Val NDCG: 0.7160 | smoothed: 0.7296
Epoch 5 | Loss: -0.2267 | Val NDCG: 0.7188 | smoothed: 0.7210
Epoch 6 | Loss: -0.2274 | Val NDCG: 0.7199 | smoothed: 0.7183
Epoch 7 | Loss: -0.2283 | Val NDCG: 0.7182 | smoothed: 0.7190

Best smoothed NDCG: 0.7430 at epoch 2 of 7 run

1 combinations completed out of 1


--- Grid Search Results ---
 hidden_units  dropout_rate  num_blocks  num_heads     lr  gamma  val_ndcg  val_ndcg_raw  best_epoch  epochs_run  max_epochs
          256           0.5           3         16 0.0001      3  0.743041      0.744391           2           7          40

Best config: {'hidden_units': 256.0, 'dropout_rate': 0.5, 'num_blocks': 3.0, 'num_heads': 16.0, 'lr': 0.0001, 'gamma': 3.0, 'val_ndcg': 0.7430413792182844, 'val_ndcg_raw': 0.7443914210537202, 'best_epoch': 2.0, 'epochs_run': 7.0, 'max_epochs': 40.0}
0 of 1 configs reached max_epochs
0 of 1 were still improving when stopped
Best params saved to ../Models/sasrec_drrl_best_params.json
