task 242 | loss drrl | node slurmnode-gpu05
Tesla P100-PCIE-16GB, 16384 MiB
Tesla P100-PCIE-16GB, 16384 MiB
Tesla P100-PCIE-16GB, 16384 MiB
Tesla P100-PCIE-16GB, 16384 MiB
Using device: cuda
Loading datasets...
Train sessions: 75875 | Val sessions: 16262

Running grid search over 486 combinations...

SLURM array task 242: 1 config -> ../Models/sasrec_grid_drrl_task242.csv
Trying: {'hidden_units': 128, 'dropout_rate': 0.3, 'num_blocks': 2, 'num_heads': 8, 'lr': 0.001, 'gamma': 4}
Epoch 1 | Loss: -0.1870 | Val NDCG: 0.7464 | smoothed: 0.7464
Epoch 2 | Loss: -0.2240 | Val NDCG: 0.7208 | smoothed: 0.7336
Epoch 3 | Loss: -0.2275 | Val NDCG: 0.7206 | smoothed: 0.7293
Epoch 4 | Loss: -0.2284 | Val NDCG: 0.7280 | smoothed: 0.7231
Epoch 5 | Loss: -0.2289 | Val NDCG: 0.7057 | smoothed: 0.7181
Epoch 6 | Loss: -0.2291 | Val NDCG: 0.7329 | smoothed: 0.7222

Best smoothed NDCG: 0.7464 at epoch 1 of 6 run

1 combinations completed out of 1


--- Grid Search Results ---
 hidden_units  dropout_rate  num_blocks  num_heads    lr  gamma  val_ndcg  val_ndcg_raw  best_epoch  epochs_run  max_epochs
          128           0.3           2          8 0.001      4  0.746434      0.746434           1           6          20

Best config: {'hidden_units': 128.0, 'dropout_rate': 0.3, 'num_blocks': 2.0, 'num_heads': 8.0, 'lr': 0.001, 'gamma': 4.0, 'val_ndcg': 0.7464337648550993, 'val_ndcg_raw': 0.7464337648550993, 'best_epoch': 1.0, 'epochs_run': 6.0, 'max_epochs': 20.0}
0 of 1 configs reached max_epochs
0 of 1 were still improving when stopped
Best params saved to ../Models/sasrec_drrl_best_params.json
