task 404 | loss drrl | node slurmnode-gpu03
Tesla P100-PCIE-16GB, 16384 MiB
Tesla P100-PCIE-16GB, 16384 MiB
Tesla P100-PCIE-16GB, 16384 MiB
Tesla P100-PCIE-16GB, 16384 MiB
Using device: cuda
Loading datasets...
Train sessions: 75875 | Val sessions: 16262

Running grid search over 486 combinations...

SLURM array task 404: 1 config -> ../Models/sasrec_grid_drrl_task404.csv
Trying: {'hidden_units': 256, 'dropout_rate': 0.3, 'num_blocks': 2, 'num_heads': 8, 'lr': 0.001, 'gamma': 4}
Epoch 1 | Loss: -0.1678 | Val NDCG: 0.7445 | smoothed: 0.7445
Epoch 2 | Loss: -0.2224 | Val NDCG: 0.7226 | smoothed: 0.7335
Epoch 3 | Loss: -0.2238 | Val NDCG: 0.7436 | smoothed: 0.7369
Epoch 4 | Loss: -0.2251 | Val NDCG: 0.7448 | smoothed: 0.7370
Epoch 5 | Loss: -0.2264 | Val NDCG: 0.7507 | smoothed: 0.7464
Epoch 6 | Loss: -0.2272 | Val NDCG: 0.7473 | smoothed: 0.7476
Epoch 7 | Loss: -0.2276 | Val NDCG: 0.7628 | smoothed: 0.7536
Epoch 8 | Loss: -0.2280 | Val NDCG: 0.7536 | smoothed: 0.7545
Epoch 9 | Loss: -0.2283 | Val NDCG: 0.7680 | smoothed: 0.7615
Epoch 10 | Loss: -0.2288 | Val NDCG: 0.7682 | smoothed: 0.7633
Epoch 11 | Loss: -0.2288 | Val NDCG: 0.7709 | smoothed: 0.7690
Epoch 12 | Loss: -0.2290 | Val NDCG: 0.7626 | smoothed: 0.7672
Epoch 13 | Loss: -0.2293 | Val NDCG: 0.7618 | smoothed: 0.7651
Epoch 14 | Loss: -0.2291 | Val NDCG: 0.7705 | smoothed: 0.7650
Epoch 15 | Loss: -0.2293 | Val NDCG: 0.7665 | smoothed: 0.7663
Epoch 16 | Loss: -0.2296 | Val NDCG: 0.7605 | smoothed: 0.7658

Best smoothed NDCG: 0.7690 at epoch 11 of 16 run

1 combinations completed out of 1


--- Grid Search Results ---
 hidden_units  dropout_rate  num_blocks  num_heads    lr  gamma  val_ndcg  val_ndcg_raw  best_epoch  epochs_run  max_epochs
          256           0.3           2          8 0.001      4  0.769016      0.770854          11          16          20

Best config: {'hidden_units': 256.0, 'dropout_rate': 0.3, 'num_blocks': 2.0, 'num_heads': 8.0, 'lr': 0.001, 'gamma': 4.0, 'val_ndcg': 0.7690162668884323, 'val_ndcg_raw': 0.7708542435003405, 'best_epoch': 11.0, 'epochs_run': 16.0, 'max_epochs': 20.0}
0 of 1 configs reached max_epochs
0 of 1 were still improving when stopped
Best params saved to ../Models/sasrec_drrl_best_params.json
