task 480 | loss drrl | node slurmnode-gpu07
NVIDIA A40, 46068 MiB
NVIDIA A40, 46068 MiB
NVIDIA A40, 46068 MiB
NVIDIA A40, 46068 MiB
Using device: cuda
Loading datasets...
Train sessions: 75875 | Val sessions: 16262

Running grid search over 486 combinations...

SLURM array task 480: 1 config -> ../Models/sasrec_grid_drrl_task480.csv
Trying: {'hidden_units': 256, 'dropout_rate': 0.5, 'num_blocks': 3, 'num_heads': 16, 'lr': 0.001, 'gamma': 2}
Epoch 1 | Loss: -0.1478 | Val NDCG: 0.7269 | smoothed: 0.7269
Epoch 2 | Loss: -0.2174 | Val NDCG: 0.7157 | smoothed: 0.7213
Epoch 3 | Loss: -0.2210 | Val NDCG: 0.7319 | smoothed: 0.7248
Epoch 4 | Loss: -0.2228 | Val NDCG: 0.7140 | smoothed: 0.7205
Epoch 5 | Loss: -0.2246 | Val NDCG: 0.7311 | smoothed: 0.7257
Epoch 6 | Loss: -0.2252 | Val NDCG: 0.7469 | smoothed: 0.7307
Epoch 7 | Loss: -0.2258 | Val NDCG: 0.7577 | smoothed: 0.7452
Epoch 8 | Loss: -0.2259 | Val NDCG: 0.7625 | smoothed: 0.7557
Epoch 9 | Loss: -0.2260 | Val NDCG: 0.7598 | smoothed: 0.7600
Epoch 10 | Loss: -0.2272 | Val NDCG: 0.7666 | smoothed: 0.7630
Epoch 11 | Loss: -0.2268 | Val NDCG: 0.7638 | smoothed: 0.7634
Epoch 12 | Loss: -0.2270 | Val NDCG: 0.7603 | smoothed: 0.7636
Epoch 13 | Loss: -0.2269 | Val NDCG: 0.7695 | smoothed: 0.7645
Epoch 14 | Loss: -0.2275 | Val NDCG: 0.7691 | smoothed: 0.7663
Epoch 15 | Loss: -0.2273 | Val NDCG: 0.7630 | smoothed: 0.7672
Epoch 16 | Loss: -0.2277 | Val NDCG: 0.7663 | smoothed: 0.7661
Epoch 17 | Loss: -0.2276 | Val NDCG: 0.7587 | smoothed: 0.7627
Epoch 18 | Loss: -0.2278 | Val NDCG: 0.7720 | smoothed: 0.7657
Epoch 19 | Loss: -0.2280 | Val NDCG: 0.7702 | smoothed: 0.7670
Epoch 20 | Loss: -0.2280 | Val NDCG: 0.7639 | smoothed: 0.7687

Best smoothed NDCG: 0.7687 at epoch 20 of 20 run

1 combinations completed out of 1


--- Grid Search Results ---
 hidden_units  dropout_rate  num_blocks  num_heads    lr  gamma  val_ndcg  val_ndcg_raw  best_epoch  epochs_run  max_epochs
          256           0.5           3         16 0.001      2  0.768678       0.76388          20          20          20

Best config: {'hidden_units': 256.0, 'dropout_rate': 0.5, 'num_blocks': 3.0, 'num_heads': 16.0, 'lr': 0.001, 'gamma': 2.0, 'val_ndcg': 0.7686775237368407, 'val_ndcg_raw': 0.7638801400922616, 'best_epoch': 20.0, 'epochs_run': 20.0, 'max_epochs': 20.0}
1 of 1 configs reached max_epochs
1 of 1 were still improving when stopped
Best params saved to ../Models/sasrec_drrl_best_params.json
