task 236 | loss drrl | node slurmnode-gpu03
Tesla P100-PCIE-16GB, 16384 MiB
Tesla P100-PCIE-16GB, 16384 MiB
Tesla P100-PCIE-16GB, 16384 MiB
Tesla P100-PCIE-16GB, 16384 MiB
Using device: cuda
Loading datasets...
Train sessions: 75875 | Val sessions: 16262

Running grid search over 486 combinations...

SLURM array task 236: 1 config -> ../Models/sasrec_grid_drrl_task236.csv
Trying: {'hidden_units': 128, 'dropout_rate': 0.3, 'num_blocks': 2, 'num_heads': 4, 'lr': 0.001, 'gamma': 4}
Epoch 1 | Loss: -0.1924 | Val NDCG: 0.7384 | smoothed: 0.7384
Epoch 2 | Loss: -0.2236 | Val NDCG: 0.7384 | smoothed: 0.7384
Epoch 3 | Loss: -0.2263 | Val NDCG: 0.7453 | smoothed: 0.7407
Epoch 4 | Loss: -0.2275 | Val NDCG: 0.7226 | smoothed: 0.7354
Epoch 5 | Loss: -0.2284 | Val NDCG: 0.7453 | smoothed: 0.7377
Epoch 6 | Loss: -0.2285 | Val NDCG: 0.7538 | smoothed: 0.7406
Epoch 7 | Loss: -0.2290 | Val NDCG: 0.7679 | smoothed: 0.7557
Epoch 8 | Loss: -0.2291 | Val NDCG: 0.7565 | smoothed: 0.7594
Epoch 9 | Loss: -0.2292 | Val NDCG: 0.7612 | smoothed: 0.7619
Epoch 10 | Loss: -0.2291 | Val NDCG: 0.7558 | smoothed: 0.7578
Epoch 11 | Loss: -0.2297 | Val NDCG: 0.7726 | smoothed: 0.7632
Epoch 12 | Loss: -0.2297 | Val NDCG: 0.7647 | smoothed: 0.7644
Epoch 13 | Loss: -0.2301 | Val NDCG: 0.7698 | smoothed: 0.7691
Epoch 14 | Loss: -0.2301 | Val NDCG: 0.7626 | smoothed: 0.7657
Epoch 15 | Loss: -0.2301 | Val NDCG: 0.7741 | smoothed: 0.7688
Epoch 16 | Loss: -0.2303 | Val NDCG: 0.7713 | smoothed: 0.7693
Epoch 17 | Loss: -0.2303 | Val NDCG: 0.7718 | smoothed: 0.7724
Epoch 18 | Loss: -0.2304 | Val NDCG: 0.7644 | smoothed: 0.7692
Epoch 19 | Loss: -0.2303 | Val NDCG: 0.7662 | smoothed: 0.7675
Epoch 20 | Loss: -0.2304 | Val NDCG: 0.7765 | smoothed: 0.7690

Best smoothed NDCG: 0.7724 at epoch 17 of 20 run

1 combinations completed out of 1


--- Grid Search Results ---
 hidden_units  dropout_rate  num_blocks  num_heads    lr  gamma  val_ndcg  val_ndcg_raw  best_epoch  epochs_run  max_epochs
          128           0.3           2          4 0.001      4  0.772408      0.771817          17          20          20

Best config: {'hidden_units': 128.0, 'dropout_rate': 0.3, 'num_blocks': 2.0, 'num_heads': 4.0, 'lr': 0.001, 'gamma': 4.0, 'val_ndcg': 0.7724082085751377, 'val_ndcg_raw': 0.7718171216333571, 'best_epoch': 17.0, 'epochs_run': 20.0, 'max_epochs': 20.0}
1 of 1 configs reached max_epochs
0 of 1 were still improving when stopped
Best params saved to ../Models/sasrec_drrl_best_params.json
