task 20 | loss bce | node slurmnode-gpu02
NVIDIA GeForce GTX 1080 Ti, 11264 MiB
NVIDIA GeForce GTX 1080 Ti, 11264 MiB
NVIDIA GeForce GTX 1080 Ti, 11264 MiB
NVIDIA GeForce GTX 1080 Ti, 11264 MiB
NVIDIA GeForce GTX 1080 Ti, 11264 MiB
NVIDIA GeForce GTX 1080 Ti, 11264 MiB
NVIDIA GeForce GTX 1080 Ti, 11264 MiB
NVIDIA GeForce GTX 1080 Ti, 11264 MiB
Using device: cuda
Loading datasets...
Train sessions: 75875 | Val sessions: 16262

Running grid search over 162 combinations...

SLURM array task 20: 1 config -> ../Models/sasrec_grid_bce_task20.csv
Trying: {'hidden_units': 64, 'dropout_rate': 0.3, 'num_blocks': 1, 'num_heads': 8, 'lr': 0.001}
Epoch 1 | Loss: 0.5946 | Val NDCG: 0.7589 | smoothed: 0.7589
Epoch 2 | Loss: 0.5829 | Val NDCG: 0.7665 | smoothed: 0.7627
Epoch 3 | Loss: 0.5793 | Val NDCG: 0.7644 | smoothed: 0.7633
Epoch 4 | Loss: 0.5783 | Val NDCG: 0.7699 | smoothed: 0.7669
Epoch 5 | Loss: 0.5755 | Val NDCG: 0.7693 | smoothed: 0.7678
Epoch 6 | Loss: 0.5749 | Val NDCG: 0.7755 | smoothed: 0.7715
Epoch 7 | Loss: 0.5735 | Val NDCG: 0.7695 | smoothed: 0.7714
Epoch 8 | Loss: 0.5741 | Val NDCG: 0.7758 | smoothed: 0.7736
Epoch 9 | Loss: 0.5725 | Val NDCG: 0.7753 | smoothed: 0.7735
Epoch 10 | Loss: 0.5722 | Val NDCG: 0.7739 | smoothed: 0.7750
Epoch 11 | Loss: 0.5706 | Val NDCG: 0.7766 | smoothed: 0.7753
Epoch 12 | Loss: 0.5709 | Val NDCG: 0.7737 | smoothed: 0.7747
Epoch 13 | Loss: 0.5705 | Val NDCG: 0.7714 | smoothed: 0.7739
Epoch 14 | Loss: 0.5702 | Val NDCG: 0.7760 | smoothed: 0.7737
Epoch 15 | Loss: 0.5703 | Val NDCG: 0.7776 | smoothed: 0.7750
Epoch 16 | Loss: 0.5711 | Val NDCG: 0.7752 | smoothed: 0.7763
Epoch 17 | Loss: 0.5690 | Val NDCG: 0.7745 | smoothed: 0.7758
Epoch 18 | Loss: 0.5693 | Val NDCG: 0.7736 | smoothed: 0.7744
Epoch 19 | Loss: 0.5688 | Val NDCG: 0.7769 | smoothed: 0.7750
Epoch 20 | Loss: 0.5683 | Val NDCG: 0.7785 | smoothed: 0.7763

Best smoothed NDCG: 0.7763 at epoch 20 of 20 run

1 combinations completed out of 1


--- Grid Search Results ---
 hidden_units  dropout_rate  num_blocks  num_heads    lr  val_ndcg  val_ndcg_raw  best_epoch  epochs_run  max_epochs
           64           0.3           1          8 0.001  0.776342      0.778526          20          20          20

Best config: {'hidden_units': 64.0, 'dropout_rate': 0.3, 'num_blocks': 1.0, 'num_heads': 8.0, 'lr': 0.001, 'val_ndcg': 0.7763422624565471, 'val_ndcg_raw': 0.7785261849440324, 'best_epoch': 20.0, 'epochs_run': 20.0, 'max_epochs': 20.0}
1 of 1 configs reached max_epochs
1 of 1 were still improving when stopped
Best params saved to ../Models/sasrec_bce_best_params.json
