task 238 | loss drrl | node slurmnode-gpu05
Tesla P100-PCIE-16GB, 16384 MiB
Tesla P100-PCIE-16GB, 16384 MiB
Tesla P100-PCIE-16GB, 16384 MiB
Tesla P100-PCIE-16GB, 16384 MiB
Using device: cuda
Loading datasets...
Train sessions: 75875 | Val sessions: 16262

Running grid search over 486 combinations...

SLURM array task 238: 1 config -> ../Models/sasrec_grid_drrl_task238.csv
Trying: {'hidden_units': 128, 'dropout_rate': 0.3, 'num_blocks': 2, 'num_heads': 4, 'lr': 0.0001, 'gamma': 3}
Epoch 1 | Loss: -0.0567 | Val NDCG: 0.7227 | smoothed: 0.7227
Epoch 2 | Loss: -0.2121 | Val NDCG: 0.7138 | smoothed: 0.7182
Epoch 3 | Loss: -0.2232 | Val NDCG: 0.7068 | smoothed: 0.7144
Epoch 4 | Loss: -0.2269 | Val NDCG: 0.7168 | smoothed: 0.7125
Epoch 5 | Loss: -0.2286 | Val NDCG: 0.7115 | smoothed: 0.7117
Epoch 6 | Loss: -0.2295 | Val NDCG: 0.7146 | smoothed: 0.7143

Best smoothed NDCG: 0.7227 at epoch 1 of 6 run

1 combinations completed out of 1


--- Grid Search Results ---
 hidden_units  dropout_rate  num_blocks  num_heads     lr  gamma  val_ndcg  val_ndcg_raw  best_epoch  epochs_run  max_epochs
          128           0.3           2          4 0.0001      3  0.722685      0.722685           1           6          40

Best config: {'hidden_units': 128.0, 'dropout_rate': 0.3, 'num_blocks': 2.0, 'num_heads': 4.0, 'lr': 0.0001, 'gamma': 3.0, 'val_ndcg': 0.7226846881657233, 'val_ndcg_raw': 0.7226846881657233, 'best_epoch': 1.0, 'epochs_run': 6.0, 'max_epochs': 40.0}
0 of 1 configs reached max_epochs
0 of 1 were still improving when stopped
Best params saved to ../Models/sasrec_drrl_best_params.json
