task 137 | loss drrl | node slurmnode-gpu07
NVIDIA A40, 46068 MiB
NVIDIA A40, 46068 MiB
NVIDIA A40, 46068 MiB
NVIDIA A40, 46068 MiB
Using device: cuda
Loading datasets...
Train sessions: 75875 | Val sessions: 16262

Running grid search over 486 combinations...

SLURM array task 137: 1 config -> ../Models/sasrec_grid_drrl_task137.csv
Trying: {'hidden_units': 64, 'dropout_rate': 0.5, 'num_blocks': 2, 'num_heads': 8, 'lr': 0.0001, 'gamma': 4}
Epoch 1 | Loss: 0.0580 | Val NDCG: 0.7175 | smoothed: 0.7175
Epoch 2 | Loss: -0.2018 | Val NDCG: 0.7081 | smoothed: 0.7128
Epoch 3 | Loss: -0.2214 | Val NDCG: 0.6971 | smoothed: 0.7075
Epoch 4 | Loss: -0.2267 | Val NDCG: 0.6946 | smoothed: 0.6999
Epoch 5 | Loss: -0.2290 | Val NDCG: 0.6948 | smoothed: 0.6955
Epoch 6 | Loss: -0.2302 | Val NDCG: 0.6938 | smoothed: 0.6944

Best smoothed NDCG: 0.7175 at epoch 1 of 6 run

1 combinations completed out of 1


--- Grid Search Results ---
 hidden_units  dropout_rate  num_blocks  num_heads     lr  gamma  val_ndcg  val_ndcg_raw  best_epoch  epochs_run  max_epochs
           64           0.5           2          8 0.0001      4  0.717474      0.717474           1           6          40

Best config: {'hidden_units': 64.0, 'dropout_rate': 0.5, 'num_blocks': 2.0, 'num_heads': 8.0, 'lr': 0.0001, 'gamma': 4.0, 'val_ndcg': 0.7174742751282376, 'val_ndcg_raw': 0.7174742751282376, 'best_epoch': 1.0, 'epochs_run': 6.0, 'max_epochs': 40.0}
0 of 1 configs reached max_epochs
0 of 1 were still improving when stopped
Best params saved to ../Models/sasrec_drrl_best_params.json
