task 302 | loss drrl | node slurmnode-gpu03
Tesla P100-PCIE-16GB, 16384 MiB
Tesla P100-PCIE-16GB, 16384 MiB
Tesla P100-PCIE-16GB, 16384 MiB
Tesla P100-PCIE-16GB, 16384 MiB
Using device: cuda
Loading datasets...
Train sessions: 75875 | Val sessions: 16262

Running grid search over 486 combinations...

SLURM array task 302: 1 config -> ../Models/sasrec_grid_drrl_task302.csv
Trying: {'hidden_units': 128, 'dropout_rate': 0.5, 'num_blocks': 2, 'num_heads': 16, 'lr': 0.001, 'gamma': 4}
Epoch 1 | Loss: -0.1913 | Val NDCG: 0.7188 | smoothed: 0.7188
Epoch 2 | Loss: -0.2258 | Val NDCG: 0.7220 | smoothed: 0.7204
Epoch 3 | Loss: -0.2268 | Val NDCG: 0.7146 | smoothed: 0.7185
Epoch 4 | Loss: -0.2278 | Val NDCG: 0.7430 | smoothed: 0.7265
Epoch 5 | Loss: -0.2282 | Val NDCG: 0.7242 | smoothed: 0.7273
Epoch 6 | Loss: -0.2284 | Val NDCG: 0.7490 | smoothed: 0.7387
Epoch 7 | Loss: -0.2285 | Val NDCG: 0.7548 | smoothed: 0.7427
Epoch 8 | Loss: -0.2288 | Val NDCG: 0.7567 | smoothed: 0.7535
Epoch 9 | Loss: -0.2288 | Val NDCG: 0.7613 | smoothed: 0.7576
Epoch 10 | Loss: -0.2293 | Val NDCG: 0.7695 | smoothed: 0.7625
Epoch 11 | Loss: -0.2289 | Val NDCG: 0.7627 | smoothed: 0.7645
Epoch 12 | Loss: -0.2295 | Val NDCG: 0.7553 | smoothed: 0.7625
Epoch 13 | Loss: -0.2291 | Val NDCG: 0.7611 | smoothed: 0.7597
Epoch 14 | Loss: -0.2295 | Val NDCG: 0.7737 | smoothed: 0.7634
Epoch 15 | Loss: -0.2294 | Val NDCG: 0.7653 | smoothed: 0.7667
Epoch 16 | Loss: -0.2298 | Val NDCG: 0.7649 | smoothed: 0.7679
Epoch 17 | Loss: -0.2298 | Val NDCG: 0.7710 | smoothed: 0.7670
Epoch 18 | Loss: -0.2298 | Val NDCG: 0.7719 | smoothed: 0.7693
Epoch 19 | Loss: -0.2300 | Val NDCG: 0.7661 | smoothed: 0.7697
Epoch 20 | Loss: -0.2300 | Val NDCG: 0.7664 | smoothed: 0.7681

Best smoothed NDCG: 0.7697 at epoch 19 of 20 run

1 combinations completed out of 1


--- Grid Search Results ---
 hidden_units  dropout_rate  num_blocks  num_heads    lr  gamma  val_ndcg  val_ndcg_raw  best_epoch  epochs_run  max_epochs
          128           0.5           2         16 0.001      4  0.769657      0.766108          19          20          20

Best config: {'hidden_units': 128.0, 'dropout_rate': 0.5, 'num_blocks': 2.0, 'num_heads': 16.0, 'lr': 0.001, 'gamma': 4.0, 'val_ndcg': 0.7696565681443103, 'val_ndcg_raw': 0.7661079718084659, 'best_epoch': 19.0, 'epochs_run': 20.0, 'max_epochs': 20.0}
1 of 1 configs reached max_epochs
1 of 1 were still improving when stopped
Best params saved to ../Models/sasrec_drrl_best_params.json
