task 139 | loss drrl | node slurmnode-gpu07
NVIDIA A40, 46068 MiB
NVIDIA A40, 46068 MiB
NVIDIA A40, 46068 MiB
NVIDIA A40, 46068 MiB
Using device: cuda
Loading datasets...
Train sessions: 75875 | Val sessions: 16262

Running grid search over 486 combinations...

SLURM array task 139: 1 config -> ../Models/sasrec_grid_drrl_task139.csv
Trying: {'hidden_units': 64, 'dropout_rate': 0.5, 'num_blocks': 2, 'num_heads': 16, 'lr': 0.001, 'gamma': 3}
Epoch 1 | Loss: -0.1797 | Val NDCG: 0.7040 | smoothed: 0.7040
Epoch 2 | Loss: -0.2261 | Val NDCG: 0.7104 | smoothed: 0.7072
Epoch 3 | Loss: -0.2279 | Val NDCG: 0.7022 | smoothed: 0.7055
Epoch 4 | Loss: -0.2287 | Val NDCG: 0.7335 | smoothed: 0.7154
Epoch 5 | Loss: -0.2288 | Val NDCG: 0.7214 | smoothed: 0.7190
Epoch 6 | Loss: -0.2291 | Val NDCG: 0.7336 | smoothed: 0.7295
Epoch 7 | Loss: -0.2298 | Val NDCG: 0.7462 | smoothed: 0.7337
Epoch 8 | Loss: -0.2300 | Val NDCG: 0.7202 | smoothed: 0.7333
Epoch 9 | Loss: -0.2298 | Val NDCG: 0.7546 | smoothed: 0.7403
Epoch 10 | Loss: -0.2302 | Val NDCG: 0.7542 | smoothed: 0.7430
Epoch 11 | Loss: -0.2302 | Val NDCG: 0.7648 | smoothed: 0.7578
Epoch 12 | Loss: -0.2303 | Val NDCG: 0.7562 | smoothed: 0.7584
Epoch 13 | Loss: -0.2304 | Val NDCG: 0.7542 | smoothed: 0.7584
Epoch 14 | Loss: -0.2303 | Val NDCG: 0.7519 | smoothed: 0.7541
Epoch 15 | Loss: -0.2305 | Val NDCG: 0.7576 | smoothed: 0.7546
Epoch 16 | Loss: -0.2307 | Val NDCG: 0.7610 | smoothed: 0.7568
Epoch 17 | Loss: -0.2306 | Val NDCG: 0.7661 | smoothed: 0.7616
Epoch 18 | Loss: -0.2304 | Val NDCG: 0.7661 | smoothed: 0.7644
Epoch 19 | Loss: -0.2306 | Val NDCG: 0.7639 | smoothed: 0.7654
Epoch 20 | Loss: -0.2304 | Val NDCG: 0.7544 | smoothed: 0.7615

Best smoothed NDCG: 0.7654 at epoch 19 of 20 run

1 combinations completed out of 1


--- Grid Search Results ---
 hidden_units  dropout_rate  num_blocks  num_heads    lr  gamma  val_ndcg  val_ndcg_raw  best_epoch  epochs_run  max_epochs
           64           0.5           2         16 0.001      3  0.765361      0.763882          19          20          20

Best config: {'hidden_units': 64.0, 'dropout_rate': 0.5, 'num_blocks': 2.0, 'num_heads': 16.0, 'lr': 0.001, 'gamma': 3.0, 'val_ndcg': 0.7653611286202717, 'val_ndcg_raw': 0.7638819116797794, 'best_epoch': 19.0, 'epochs_run': 20.0, 'max_epochs': 20.0}
1 of 1 configs reached max_epochs
1 of 1 were still improving when stopped
Best params saved to ../Models/sasrec_drrl_best_params.json
