task 291 | loss drrl | node slurmnode-gpu03
Tesla P100-PCIE-16GB, 16384 MiB
Tesla P100-PCIE-16GB, 16384 MiB
Tesla P100-PCIE-16GB, 16384 MiB
Tesla P100-PCIE-16GB, 16384 MiB
Using device: cuda
Loading datasets...
Train sessions: 75875 | Val sessions: 16262

Running grid search over 486 combinations...

SLURM array task 291: 1 config -> ../Models/sasrec_grid_drrl_task291.csv
Trying: {'hidden_units': 128, 'dropout_rate': 0.5, 'num_blocks': 2, 'num_heads': 4, 'lr': 0.0001, 'gamma': 2}
Epoch 1 | Loss: 0.2048 | Val NDCG: 0.7205 | smoothed: 0.7205
Epoch 2 | Loss: -0.1829 | Val NDCG: 0.7171 | smoothed: 0.7188
Epoch 3 | Loss: -0.2127 | Val NDCG: 0.7054 | smoothed: 0.7143
Epoch 4 | Loss: -0.2219 | Val NDCG: 0.6994 | smoothed: 0.7073
Epoch 5 | Loss: -0.2258 | Val NDCG: 0.6951 | smoothed: 0.7000
Epoch 6 | Loss: -0.2276 | Val NDCG: 0.7006 | smoothed: 0.6984

Best smoothed NDCG: 0.7205 at epoch 1 of 6 run

1 combinations completed out of 1


--- Grid Search Results ---
 hidden_units  dropout_rate  num_blocks  num_heads     lr  gamma  val_ndcg  val_ndcg_raw  best_epoch  epochs_run  max_epochs
          128           0.5           2          4 0.0001      2  0.720516      0.720516           1           6          40

Best config: {'hidden_units': 128.0, 'dropout_rate': 0.5, 'num_blocks': 2.0, 'num_heads': 4.0, 'lr': 0.0001, 'gamma': 2.0, 'val_ndcg': 0.720516211846846, 'val_ndcg_raw': 0.720516211846846, 'best_epoch': 1.0, 'epochs_run': 6.0, 'max_epochs': 40.0}
0 of 1 configs reached max_epochs
0 of 1 were still improving when stopped
Best params saved to ../Models/sasrec_drrl_best_params.json
