task 70 | loss drrl | node slurmnode-gpu07
NVIDIA A40, 46068 MiB
NVIDIA A40, 46068 MiB
NVIDIA A40, 46068 MiB
NVIDIA A40, 46068 MiB
Using device: cuda
Loading datasets...
Train sessions: 75875 | Val sessions: 16262

Running grid search over 486 combinations...

SLURM array task 70: 1 config -> ../Models/sasrec_grid_drrl_task70.csv
Trying: {'hidden_units': 64, 'dropout_rate': 0.3, 'num_blocks': 1, 'num_heads': 16, 'lr': 0.0001, 'gamma': 3}
Epoch 1 | Loss: 0.1517 | Val NDCG: 0.7287 | smoothed: 0.7287
Epoch 2 | Loss: -0.1718 | Val NDCG: 0.7203 | smoothed: 0.7245
Epoch 3 | Loss: -0.2097 | Val NDCG: 0.7127 | smoothed: 0.7205
Epoch 4 | Loss: -0.2214 | Val NDCG: 0.7123 | smoothed: 0.7151
Epoch 5 | Loss: -0.2265 | Val NDCG: 0.7106 | smoothed: 0.7119
Epoch 6 | Loss: -0.2292 | Val NDCG: 0.7049 | smoothed: 0.7093

Best smoothed NDCG: 0.7287 at epoch 1 of 6 run

1 combinations completed out of 1


--- Grid Search Results ---
 hidden_units  dropout_rate  num_blocks  num_heads     lr  gamma  val_ndcg  val_ndcg_raw  best_epoch  epochs_run  max_epochs
           64           0.3           1         16 0.0001      3   0.72869       0.72869           1           6          40

Best config: {'hidden_units': 64.0, 'dropout_rate': 0.3, 'num_blocks': 1.0, 'num_heads': 16.0, 'lr': 0.0001, 'gamma': 3.0, 'val_ndcg': 0.7286897161159498, 'val_ndcg_raw': 0.7286897161159498, 'best_epoch': 1.0, 'epochs_run': 6.0, 'max_epochs': 40.0}
0 of 1 configs reached max_epochs
0 of 1 were still improving when stopped
Best params saved to ../Models/sasrec_drrl_best_params.json
