task 66 | loss pwts | node slurmnode-gpu03
Tesla P100-PCIE-16GB, 16384 MiB
Tesla P100-PCIE-16GB, 16384 MiB
Tesla P100-PCIE-16GB, 16384 MiB
Tesla P100-PCIE-16GB, 16384 MiB
Using device: cuda
Loading datasets...
Train sessions: 75875 | Val sessions: 16262

Running grid search over 162 combinations...

SLURM array task 66: 1 config -> ../Models/sasrec_grid_pwts_task66.csv
Trying: {'hidden_units': 128, 'dropout_rate': 0.1, 'num_blocks': 3, 'num_heads': 4, 'lr': 0.001}
Epoch 1 | Loss: 0.6140 | Val NDCG: 0.7613 | smoothed: 0.7613
Epoch 2 | Loss: 0.6028 | Val NDCG: 0.7682 | smoothed: 0.7648
Epoch 3 | Loss: 0.6015 | Val NDCG: 0.7737 | smoothed: 0.7678
Epoch 4 | Loss: 0.5991 | Val NDCG: 0.7707 | smoothed: 0.7709
Epoch 5 | Loss: 0.5967 | Val NDCG: 0.7690 | smoothed: 0.7711
Epoch 6 | Loss: 0.5955 | Val NDCG: 0.7745 | smoothed: 0.7714
Epoch 7 | Loss: 0.5952 | Val NDCG: 0.7759 | smoothed: 0.7731
Epoch 8 | Loss: 0.5942 | Val NDCG: 0.7751 | smoothed: 0.7752
Epoch 9 | Loss: 0.5937 | Val NDCG: 0.7779 | smoothed: 0.7763
Epoch 10 | Loss: 0.5923 | Val NDCG: 0.7771 | smoothed: 0.7767
Epoch 11 | Loss: 0.5915 | Val NDCG: 0.7780 | smoothed: 0.7777
Epoch 12 | Loss: 0.5909 | Val NDCG: 0.7767 | smoothed: 0.7773
Epoch 13 | Loss: 0.5911 | Val NDCG: 0.7776 | smoothed: 0.7774
Epoch 14 | Loss: 0.5902 | Val NDCG: 0.7770 | smoothed: 0.7771
Epoch 15 | Loss: 0.5898 | Val NDCG: 0.7801 | smoothed: 0.7782
Epoch 16 | Loss: 0.5903 | Val NDCG: 0.7815 | smoothed: 0.7795
Epoch 17 | Loss: 0.5889 | Val NDCG: 0.7807 | smoothed: 0.7808
Epoch 18 | Loss: 0.5893 | Val NDCG: 0.7788 | smoothed: 0.7803
Epoch 19 | Loss: 0.5882 | Val NDCG: 0.7790 | smoothed: 0.7795
Epoch 20 | Loss: 0.5899 | Val NDCG: 0.7781 | smoothed: 0.7786

Best smoothed NDCG: 0.7808 at epoch 17 of 20 run

1 combinations completed out of 1


--- Grid Search Results ---
 hidden_units  dropout_rate  num_blocks  num_heads    lr  val_ndcg  val_ndcg_raw  best_epoch  epochs_run  max_epochs
          128           0.1           3          4 0.001  0.780759      0.780727          17          20          20

Best config: {'hidden_units': 128.0, 'dropout_rate': 0.1, 'num_blocks': 3.0, 'num_heads': 4.0, 'lr': 0.001, 'val_ndcg': 0.7807589682533634, 'val_ndcg_raw': 0.7807273871671764, 'best_epoch': 17.0, 'epochs_run': 20.0, 'max_epochs': 20.0}
1 of 1 configs reached max_epochs
0 of 1 were still improving when stopped
Best params saved to ../Models/sasrec_pwts_best_params.json
