task 200 | loss drrl | node slurmnode-gpu03
Tesla P100-PCIE-16GB, 16384 MiB
Tesla P100-PCIE-16GB, 16384 MiB
Tesla P100-PCIE-16GB, 16384 MiB
Tesla P100-PCIE-16GB, 16384 MiB
Using device: cuda
Loading datasets...
Train sessions: 75875 | Val sessions: 16262

Running grid search over 486 combinations...

SLURM array task 200: 1 config -> ../Models/sasrec_grid_drrl_task200.csv
Trying: {'hidden_units': 128, 'dropout_rate': 0.1, 'num_blocks': 3, 'num_heads': 4, 'lr': 0.001, 'gamma': 4}
Epoch 1 | Loss: -0.1761 | Val NDCG: 0.7613 | smoothed: 0.7613
Epoch 2 | Loss: -0.2200 | Val NDCG: 0.7737 | smoothed: 0.7675
Epoch 3 | Loss: -0.2251 | Val NDCG: 0.7404 | smoothed: 0.7585
Epoch 4 | Loss: -0.2270 | Val NDCG: 0.7439 | smoothed: 0.7527
Epoch 5 | Loss: -0.2285 | Val NDCG: 0.7613 | smoothed: 0.7485
Epoch 6 | Loss: -0.2285 | Val NDCG: 0.7343 | smoothed: 0.7465
Epoch 7 | Loss: -0.2283 | Val NDCG: 0.7636 | smoothed: 0.7531

Best smoothed NDCG: 0.7675 at epoch 2 of 7 run

1 combinations completed out of 1


--- Grid Search Results ---
 hidden_units  dropout_rate  num_blocks  num_heads    lr  gamma  val_ndcg  val_ndcg_raw  best_epoch  epochs_run  max_epochs
          128           0.1           3          4 0.001      4  0.767514       0.77374           2           7          20

Best config: {'hidden_units': 128.0, 'dropout_rate': 0.1, 'num_blocks': 3.0, 'num_heads': 4.0, 'lr': 0.001, 'gamma': 4.0, 'val_ndcg': 0.7675138957039425, 'val_ndcg_raw': 0.7737399123726953, 'best_epoch': 2.0, 'epochs_run': 7.0, 'max_epochs': 20.0}
0 of 1 configs reached max_epochs
0 of 1 were still improving when stopped
Best params saved to ../Models/sasrec_drrl_best_params.json
