task 157 | loss pwts | node slurmnode-gpu05
Tesla P100-PCIE-16GB, 16384 MiB
Tesla P100-PCIE-16GB, 16384 MiB
Tesla P100-PCIE-16GB, 16384 MiB
Tesla P100-PCIE-16GB, 16384 MiB
Using device: cuda
Loading datasets...
Train sessions: 75875 | Val sessions: 16262

Running grid search over 162 combinations...

SLURM array task 157: 1 config -> ../Models/sasrec_grid_pwts_task157.csv
Trying: {'hidden_units': 256, 'dropout_rate': 0.5, 'num_blocks': 3, 'num_heads': 4, 'lr': 0.0001}
Epoch 1 | Loss: 0.6379 | Val NDCG: 0.7487 | smoothed: 0.7487
Epoch 2 | Loss: 0.6201 | Val NDCG: 0.7542 | smoothed: 0.7514
Epoch 3 | Loss: 0.6160 | Val NDCG: 0.7621 | smoothed: 0.7550
Epoch 4 | Loss: 0.6132 | Val NDCG: 0.7647 | smoothed: 0.7603
Epoch 5 | Loss: 0.6111 | Val NDCG: 0.7657 | smoothed: 0.7642
Epoch 6 | Loss: 0.6090 | Val NDCG: 0.7662 | smoothed: 0.7655
Epoch 7 | Loss: 0.6080 | Val NDCG: 0.7632 | smoothed: 0.7650
Epoch 8 | Loss: 0.6075 | Val NDCG: 0.7666 | smoothed: 0.7653
Epoch 9 | Loss: 0.6073 | Val NDCG: 0.7693 | smoothed: 0.7664
Epoch 10 | Loss: 0.6050 | Val NDCG: 0.7671 | smoothed: 0.7677
Epoch 11 | Loss: 0.6043 | Val NDCG: 0.7720 | smoothed: 0.7695
Epoch 12 | Loss: 0.6036 | Val NDCG: 0.7715 | smoothed: 0.7702
Epoch 13 | Loss: 0.6034 | Val NDCG: 0.7708 | smoothed: 0.7714
Epoch 14 | Loss: 0.6020 | Val NDCG: 0.7695 | smoothed: 0.7706
Epoch 15 | Loss: 0.6026 | Val NDCG: 0.7728 | smoothed: 0.7710
Epoch 16 | Loss: 0.6024 | Val NDCG: 0.7751 | smoothed: 0.7725
Epoch 17 | Loss: 0.6019 | Val NDCG: 0.7727 | smoothed: 0.7735
Epoch 18 | Loss: 0.6000 | Val NDCG: 0.7736 | smoothed: 0.7738
Epoch 19 | Loss: 0.6003 | Val NDCG: 0.7748 | smoothed: 0.7737
Epoch 20 | Loss: 0.6006 | Val NDCG: 0.7743 | smoothed: 0.7742
Epoch 21 | Loss: 0.6007 | Val NDCG: 0.7728 | smoothed: 0.7740
Epoch 22 | Loss: 0.6002 | Val NDCG: 0.7730 | smoothed: 0.7734
Epoch 23 | Loss: 0.5996 | Val NDCG: 0.7763 | smoothed: 0.7740
Epoch 24 | Loss: 0.5997 | Val NDCG: 0.7747 | smoothed: 0.7747
Epoch 25 | Loss: 0.5995 | Val NDCG: 0.7758 | smoothed: 0.7756
Epoch 26 | Loss: 0.5993 | Val NDCG: 0.7724 | smoothed: 0.7743
Epoch 27 | Loss: 0.5995 | Val NDCG: 0.7732 | smoothed: 0.7738
Epoch 28 | Loss: 0.5990 | Val NDCG: 0.7764 | smoothed: 0.7740
Epoch 29 | Loss: 0.5988 | Val NDCG: 0.7767 | smoothed: 0.7754
Epoch 30 | Loss: 0.5990 | Val NDCG: 0.7757 | smoothed: 0.7763
Epoch 31 | Loss: 0.5976 | Val NDCG: 0.7741 | smoothed: 0.7755
Epoch 32 | Loss: 0.5973 | Val NDCG: 0.7764 | smoothed: 0.7754
Epoch 33 | Loss: 0.5964 | Val NDCG: 0.7753 | smoothed: 0.7752
Epoch 34 | Loss: 0.5976 | Val NDCG: 0.7741 | smoothed: 0.7753
Epoch 35 | Loss: 0.5969 | Val NDCG: 0.7757 | smoothed: 0.7750

Best smoothed NDCG: 0.7763 at epoch 30 of 35 run

1 combinations completed out of 1


--- Grid Search Results ---
 hidden_units  dropout_rate  num_blocks  num_heads     lr  val_ndcg  val_ndcg_raw  best_epoch  epochs_run  max_epochs
          256           0.5           3          4 0.0001  0.776269      0.775676          30          35          40

Best config: {'hidden_units': 256.0, 'dropout_rate': 0.5, 'num_blocks': 3.0, 'num_heads': 4.0, 'lr': 0.0001, 'val_ndcg': 0.7762694787013517, 'val_ndcg_raw': 0.7756757904432502, 'best_epoch': 30.0, 'epochs_run': 35.0, 'max_epochs': 40.0}
0 of 1 configs reached max_epochs
0 of 1 were still improving when stopped
Best params saved to ../Models/sasrec_pwts_best_params.json
