task 455 | loss drrl | node slurmnode-gpu03
Tesla P100-PCIE-16GB, 16384 MiB
Tesla P100-PCIE-16GB, 16384 MiB
Tesla P100-PCIE-16GB, 16384 MiB
Tesla P100-PCIE-16GB, 16384 MiB
Using device: cuda
Loading datasets...
Train sessions: 75875 | Val sessions: 16262

Running grid search over 486 combinations...

SLURM array task 455: 1 config -> ../Models/sasrec_grid_drrl_task455.csv
Trying: {'hidden_units': 256, 'dropout_rate': 0.5, 'num_blocks': 2, 'num_heads': 4, 'lr': 0.0001, 'gamma': 4}
Epoch 1 | Loss: -0.0609 | Val NDCG: 0.7097 | smoothed: 0.7097
Epoch 2 | Loss: -0.2145 | Val NDCG: 0.7080 | smoothed: 0.7089
Epoch 3 | Loss: -0.2236 | Val NDCG: 0.7010 | smoothed: 0.7063
Epoch 4 | Loss: -0.2266 | Val NDCG: 0.7037 | smoothed: 0.7043
Epoch 5 | Loss: -0.2282 | Val NDCG: 0.7059 | smoothed: 0.7036
Epoch 6 | Loss: -0.2284 | Val NDCG: 0.7059 | smoothed: 0.7052

Best smoothed NDCG: 0.7097 at epoch 1 of 6 run

1 combinations completed out of 1


--- Grid Search Results ---
 hidden_units  dropout_rate  num_blocks  num_heads     lr  gamma  val_ndcg  val_ndcg_raw  best_epoch  epochs_run  max_epochs
          256           0.5           2          4 0.0001      4  0.709689      0.709689           1           6          40

Best config: {'hidden_units': 256.0, 'dropout_rate': 0.5, 'num_blocks': 2.0, 'num_heads': 4.0, 'lr': 0.0001, 'gamma': 4.0, 'val_ndcg': 0.7096889509731924, 'val_ndcg_raw': 0.7096889509731924, 'best_epoch': 1.0, 'epochs_run': 6.0, 'max_epochs': 40.0}
0 of 1 configs reached max_epochs
0 of 1 were still improving when stopped
Best params saved to ../Models/sasrec_drrl_best_params.json
