task 267 | loss drrl | node slurmnode-gpu03
Tesla P100-PCIE-16GB, 16384 MiB
Tesla P100-PCIE-16GB, 16384 MiB
Tesla P100-PCIE-16GB, 16384 MiB
Tesla P100-PCIE-16GB, 16384 MiB
Using device: cuda
Loading datasets...
Train sessions: 75875 | Val sessions: 16262

Running grid search over 486 combinations...

SLURM array task 267: 1 config -> ../Models/sasrec_grid_drrl_task267.csv
Trying: {'hidden_units': 128, 'dropout_rate': 0.3, 'num_blocks': 3, 'num_heads': 16, 'lr': 0.0001, 'gamma': 2}
Epoch 1 | Loss: 0.0121 | Val NDCG: 0.7145 | smoothed: 0.7145
Epoch 2 | Loss: -0.2030 | Val NDCG: 0.7222 | smoothed: 0.7184
Epoch 3 | Loss: -0.2194 | Val NDCG: 0.7267 | smoothed: 0.7211
Epoch 4 | Loss: -0.2246 | Val NDCG: 0.7270 | smoothed: 0.7253
Epoch 5 | Loss: -0.2269 | Val NDCG: 0.7320 | smoothed: 0.7286
Epoch 6 | Loss: -0.2282 | Val NDCG: 0.7214 | smoothed: 0.7268
Epoch 7 | Loss: -0.2286 | Val NDCG: 0.7092 | smoothed: 0.7209
Epoch 8 | Loss: -0.2286 | Val NDCG: 0.7253 | smoothed: 0.7186
Epoch 9 | Loss: -0.2290 | Val NDCG: 0.7304 | smoothed: 0.7216
Epoch 10 | Loss: -0.2294 | Val NDCG: 0.7240 | smoothed: 0.7266

Best smoothed NDCG: 0.7286 at epoch 5 of 10 run

1 combinations completed out of 1


--- Grid Search Results ---
 hidden_units  dropout_rate  num_blocks  num_heads     lr  gamma  val_ndcg  val_ndcg_raw  best_epoch  epochs_run  max_epochs
          128           0.3           3         16 0.0001      2  0.728557      0.731975           5          10          40

Best config: {'hidden_units': 128.0, 'dropout_rate': 0.3, 'num_blocks': 3.0, 'num_heads': 16.0, 'lr': 0.0001, 'gamma': 2.0, 'val_ndcg': 0.7285569418959842, 'val_ndcg_raw': 0.7319751291729814, 'best_epoch': 5.0, 'epochs_run': 10.0, 'max_epochs': 40.0}
0 of 1 configs reached max_epochs
0 of 1 were still improving when stopped
Best params saved to ../Models/sasrec_drrl_best_params.json
