task 405 | loss drrl | node slurmnode-gpu03
Tesla P100-PCIE-16GB, 16384 MiB
Tesla P100-PCIE-16GB, 16384 MiB
Tesla P100-PCIE-16GB, 16384 MiB
Tesla P100-PCIE-16GB, 16384 MiB
Using device: cuda
Loading datasets...
Train sessions: 75875 | Val sessions: 16262

Running grid search over 486 combinations...

SLURM array task 405: 1 config -> ../Models/sasrec_grid_drrl_task405.csv
Trying: {'hidden_units': 256, 'dropout_rate': 0.3, 'num_blocks': 2, 'num_heads': 8, 'lr': 0.0001, 'gamma': 2}
Epoch 1 | Loss: 0.0063 | Val NDCG: 0.7293 | smoothed: 0.7293
Epoch 2 | Loss: -0.2060 | Val NDCG: 0.7228 | smoothed: 0.7261
Epoch 3 | Loss: -0.2173 | Val NDCG: 0.7171 | smoothed: 0.7231
Epoch 4 | Loss: -0.2216 | Val NDCG: 0.7126 | smoothed: 0.7175
Epoch 5 | Loss: -0.2219 | Val NDCG: 0.7280 | smoothed: 0.7192
Epoch 6 | Loss: -0.2233 | Val NDCG: 0.7366 | smoothed: 0.7257

Best smoothed NDCG: 0.7293 at epoch 1 of 6 run

1 combinations completed out of 1


--- Grid Search Results ---
 hidden_units  dropout_rate  num_blocks  num_heads     lr  gamma  val_ndcg  val_ndcg_raw  best_epoch  epochs_run  max_epochs
          256           0.3           2          8 0.0001      2    0.7293        0.7293           1           6          40

Best config: {'hidden_units': 256.0, 'dropout_rate': 0.3, 'num_blocks': 2.0, 'num_heads': 8.0, 'lr': 0.0001, 'gamma': 2.0, 'val_ndcg': 0.7292996225038954, 'val_ndcg_raw': 0.7292996225038954, 'best_epoch': 1.0, 'epochs_run': 6.0, 'max_epochs': 40.0}
0 of 1 configs reached max_epochs
0 of 1 were still improving when stopped
Best params saved to ../Models/sasrec_drrl_best_params.json
