task 256 | loss drrl | node slurmnode-gpu03
Tesla P100-PCIE-16GB, 16384 MiB
Tesla P100-PCIE-16GB, 16384 MiB
Tesla P100-PCIE-16GB, 16384 MiB
Tesla P100-PCIE-16GB, 16384 MiB
Using device: cuda
Loading datasets...
Train sessions: 75875 | Val sessions: 16262

Running grid search over 486 combinations...

SLURM array task 256: 1 config -> ../Models/sasrec_grid_drrl_task256.csv
Trying: {'hidden_units': 128, 'dropout_rate': 0.3, 'num_blocks': 3, 'num_heads': 4, 'lr': 0.0001, 'gamma': 3}
Epoch 1 | Loss: -0.0959 | Val NDCG: 0.7201 | smoothed: 0.7201
Epoch 2 | Loss: -0.2138 | Val NDCG: 0.7211 | smoothed: 0.7206
Epoch 3 | Loss: -0.2230 | Val NDCG: 0.7234 | smoothed: 0.7215
Epoch 4 | Loss: -0.2262 | Val NDCG: 0.7195 | smoothed: 0.7213
Epoch 5 | Loss: -0.2276 | Val NDCG: 0.7185 | smoothed: 0.7204
Epoch 6 | Loss: -0.2285 | Val NDCG: 0.7280 | smoothed: 0.7220
Epoch 7 | Loss: -0.2289 | Val NDCG: 0.7351 | smoothed: 0.7272
Epoch 8 | Loss: -0.2296 | Val NDCG: 0.7233 | smoothed: 0.7288
Epoch 9 | Loss: -0.2295 | Val NDCG: 0.7322 | smoothed: 0.7302
Epoch 10 | Loss: -0.2296 | Val NDCG: 0.7453 | smoothed: 0.7336
Epoch 11 | Loss: -0.2300 | Val NDCG: 0.7465 | smoothed: 0.7413
Epoch 12 | Loss: -0.2298 | Val NDCG: 0.7375 | smoothed: 0.7431
Epoch 13 | Loss: -0.2302 | Val NDCG: 0.7522 | smoothed: 0.7454
Epoch 14 | Loss: -0.2303 | Val NDCG: 0.7580 | smoothed: 0.7492
Epoch 15 | Loss: -0.2302 | Val NDCG: 0.7470 | smoothed: 0.7524
Epoch 16 | Loss: -0.2304 | Val NDCG: 0.7494 | smoothed: 0.7515
Epoch 17 | Loss: -0.2303 | Val NDCG: 0.7627 | smoothed: 0.7531
Epoch 18 | Loss: -0.2302 | Val NDCG: 0.7579 | smoothed: 0.7567
Epoch 19 | Loss: -0.2305 | Val NDCG: 0.7542 | smoothed: 0.7583
Epoch 20 | Loss: -0.2305 | Val NDCG: 0.7443 | smoothed: 0.7521
Epoch 21 | Loss: -0.2306 | Val NDCG: 0.7488 | smoothed: 0.7491
Epoch 22 | Loss: -0.2305 | Val NDCG: 0.7657 | smoothed: 0.7529
Epoch 23 | Loss: -0.2307 | Val NDCG: 0.7623 | smoothed: 0.7589
Epoch 24 | Loss: -0.2306 | Val NDCG: 0.7542 | smoothed: 0.7607
Epoch 25 | Loss: -0.2306 | Val NDCG: 0.7489 | smoothed: 0.7551
Epoch 26 | Loss: -0.2309 | Val NDCG: 0.7709 | smoothed: 0.7580
Epoch 27 | Loss: -0.2307 | Val NDCG: 0.7541 | smoothed: 0.7579
Epoch 28 | Loss: -0.2304 | Val NDCG: 0.7554 | smoothed: 0.7601
Epoch 29 | Loss: -0.2308 | Val NDCG: 0.7684 | smoothed: 0.7593

Best smoothed NDCG: 0.7607 at epoch 24 of 29 run

1 combinations completed out of 1


--- Grid Search Results ---
 hidden_units  dropout_rate  num_blocks  num_heads     lr  gamma  val_ndcg  val_ndcg_raw  best_epoch  epochs_run  max_epochs
          128           0.3           3          4 0.0001      3  0.760719      0.754202          24          29          40

Best config: {'hidden_units': 128.0, 'dropout_rate': 0.3, 'num_blocks': 3.0, 'num_heads': 4.0, 'lr': 0.0001, 'gamma': 3.0, 'val_ndcg': 0.7607193125747237, 'val_ndcg_raw': 0.7542018671748452, 'best_epoch': 24.0, 'epochs_run': 29.0, 'max_epochs': 40.0}
0 of 1 configs reached max_epochs
0 of 1 were still improving when stopped
Best params saved to ../Models/sasrec_drrl_best_params.json
