task 397 | loss drrl | node slurmnode-gpu03
Tesla P100-PCIE-16GB, 16384 MiB
Tesla P100-PCIE-16GB, 16384 MiB
Tesla P100-PCIE-16GB, 16384 MiB
Tesla P100-PCIE-16GB, 16384 MiB
Using device: cuda
Loading datasets...
Train sessions: 75875 | Val sessions: 16262

Running grid search over 486 combinations...

SLURM array task 397: 1 config -> ../Models/sasrec_grid_drrl_task397.csv
Trying: {'hidden_units': 256, 'dropout_rate': 0.3, 'num_blocks': 2, 'num_heads': 4, 'lr': 0.001, 'gamma': 3}
Epoch 1 | Loss: -0.1729 | Val NDCG: 0.7480 | smoothed: 0.7480
Epoch 2 | Loss: -0.2234 | Val NDCG: 0.6943 | smoothed: 0.7212
Epoch 3 | Loss: -0.2260 | Val NDCG: 0.7403 | smoothed: 0.7276
Epoch 4 | Loss: -0.2265 | Val NDCG: 0.7349 | smoothed: 0.7232
Epoch 5 | Loss: -0.2279 | Val NDCG: 0.7347 | smoothed: 0.7366
Epoch 6 | Loss: -0.2278 | Val NDCG: 0.7596 | smoothed: 0.7431

Best smoothed NDCG: 0.7480 at epoch 1 of 6 run

1 combinations completed out of 1


--- Grid Search Results ---
 hidden_units  dropout_rate  num_blocks  num_heads    lr  gamma  val_ndcg  val_ndcg_raw  best_epoch  epochs_run  max_epochs
          256           0.3           2          4 0.001      3   0.74805       0.74805           1           6          20

Best config: {'hidden_units': 256.0, 'dropout_rate': 0.3, 'num_blocks': 2.0, 'num_heads': 4.0, 'lr': 0.001, 'gamma': 3.0, 'val_ndcg': 0.7480496929905472, 'val_ndcg_raw': 0.7480496929905472, 'best_epoch': 1.0, 'epochs_run': 6.0, 'max_epochs': 20.0}
0 of 1 configs reached max_epochs
0 of 1 were still improving when stopped
Best params saved to ../Models/sasrec_drrl_best_params.json
