task 153 | loss pwts | node slurmnode-gpu07
NVIDIA A40, 46068 MiB
NVIDIA A40, 46068 MiB
NVIDIA A40, 46068 MiB
NVIDIA A40, 46068 MiB
Using device: cuda
Loading datasets...
Train sessions: 75875 | Val sessions: 16262

Running grid search over 162 combinations...

SLURM array task 153: 1 config -> ../Models/sasrec_grid_pwts_task153.csv
Trying: {'hidden_units': 256, 'dropout_rate': 0.5, 'num_blocks': 2, 'num_heads': 8, 'lr': 0.0001}
Epoch 1 | Loss: 0.6381 | Val NDCG: 0.7417 | smoothed: 0.7417
Epoch 2 | Loss: 0.6215 | Val NDCG: 0.7462 | smoothed: 0.7440
Epoch 3 | Loss: 0.6171 | Val NDCG: 0.7579 | smoothed: 0.7486
Epoch 4 | Loss: 0.6130 | Val NDCG: 0.7568 | smoothed: 0.7536
Epoch 5 | Loss: 0.6104 | Val NDCG: 0.7605 | smoothed: 0.7584
Epoch 6 | Loss: 0.6093 | Val NDCG: 0.7612 | smoothed: 0.7595
Epoch 7 | Loss: 0.6080 | Val NDCG: 0.7640 | smoothed: 0.7619
Epoch 8 | Loss: 0.6064 | Val NDCG: 0.7643 | smoothed: 0.7632
Epoch 9 | Loss: 0.6053 | Val NDCG: 0.7644 | smoothed: 0.7642
Epoch 10 | Loss: 0.6049 | Val NDCG: 0.7637 | smoothed: 0.7641
Epoch 11 | Loss: 0.6051 | Val NDCG: 0.7681 | smoothed: 0.7654
Epoch 12 | Loss: 0.6027 | Val NDCG: 0.7687 | smoothed: 0.7668
Epoch 13 | Loss: 0.6038 | Val NDCG: 0.7672 | smoothed: 0.7680
Epoch 14 | Loss: 0.6028 | Val NDCG: 0.7705 | smoothed: 0.7688
Epoch 15 | Loss: 0.6031 | Val NDCG: 0.7706 | smoothed: 0.7694
Epoch 16 | Loss: 0.6018 | Val NDCG: 0.7698 | smoothed: 0.7703
Epoch 17 | Loss: 0.6024 | Val NDCG: 0.7710 | smoothed: 0.7705
Epoch 18 | Loss: 0.6012 | Val NDCG: 0.7700 | smoothed: 0.7703
Epoch 19 | Loss: 0.6004 | Val NDCG: 0.7707 | smoothed: 0.7706
Epoch 20 | Loss: 0.6005 | Val NDCG: 0.7693 | smoothed: 0.7700
Epoch 21 | Loss: 0.5996 | Val NDCG: 0.7721 | smoothed: 0.7707
Epoch 22 | Loss: 0.5999 | Val NDCG: 0.7708 | smoothed: 0.7708
Epoch 23 | Loss: 0.5990 | Val NDCG: 0.7728 | smoothed: 0.7719
Epoch 24 | Loss: 0.5989 | Val NDCG: 0.7757 | smoothed: 0.7731
Epoch 25 | Loss: 0.5995 | Val NDCG: 0.7730 | smoothed: 0.7738
Epoch 26 | Loss: 0.6000 | Val NDCG: 0.7726 | smoothed: 0.7737
Epoch 27 | Loss: 0.5988 | Val NDCG: 0.7729 | smoothed: 0.7728
Epoch 28 | Loss: 0.5994 | Val NDCG: 0.7728 | smoothed: 0.7728
Epoch 29 | Loss: 0.5984 | Val NDCG: 0.7740 | smoothed: 0.7732
Epoch 30 | Loss: 0.5989 | Val NDCG: 0.7750 | smoothed: 0.7739
Epoch 31 | Loss: 0.5982 | Val NDCG: 0.7757 | smoothed: 0.7749
Epoch 32 | Loss: 0.5985 | Val NDCG: 0.7775 | smoothed: 0.7761
Epoch 33 | Loss: 0.5978 | Val NDCG: 0.7743 | smoothed: 0.7758
Epoch 34 | Loss: 0.5974 | Val NDCG: 0.7748 | smoothed: 0.7755
Epoch 35 | Loss: 0.5969 | Val NDCG: 0.7750 | smoothed: 0.7747
Epoch 36 | Loss: 0.5965 | Val NDCG: 0.7752 | smoothed: 0.7750
Epoch 37 | Loss: 0.5971 | Val NDCG: 0.7758 | smoothed: 0.7753

Best smoothed NDCG: 0.7761 at epoch 32 of 37 run

1 combinations completed out of 1


--- Grid Search Results ---
 hidden_units  dropout_rate  num_blocks  num_heads     lr  val_ndcg  val_ndcg_raw  best_epoch  epochs_run  max_epochs
          256           0.5           2          8 0.0001  0.776056      0.777502          32          37          40

Best config: {'hidden_units': 256.0, 'dropout_rate': 0.5, 'num_blocks': 2.0, 'num_heads': 8.0, 'lr': 0.0001, 'val_ndcg': 0.7760557910920894, 'val_ndcg_raw': 0.7775021452739286, 'best_epoch': 32.0, 'epochs_run': 37.0, 'max_epochs': 40.0}
0 of 1 configs reached max_epochs
0 of 1 were still improving when stopped
Best params saved to ../Models/sasrec_pwts_best_params.json
