task 52 | loss drrl | node slurmnode-gpu03
Tesla P100-PCIE-16GB, 16384 MiB
Tesla P100-PCIE-16GB, 16384 MiB
Tesla P100-PCIE-16GB, 16384 MiB
Tesla P100-PCIE-16GB, 16384 MiB
Using device: cuda
Loading datasets...
Train sessions: 75875 | Val sessions: 16262

Running grid search over 486 combinations...

SLURM array task 52: 1 config -> ../Models/sasrec_grid_drrl_task52.csv
Trying: {'hidden_units': 64, 'dropout_rate': 0.1, 'num_blocks': 3, 'num_heads': 16, 'lr': 0.0001, 'gamma': 3}
Epoch 1 | Loss: -0.0944 | Val NDCG: 0.7225 | smoothed: 0.7225
Epoch 2 | Loss: -0.2115 | Val NDCG: 0.7292 | smoothed: 0.7259
Epoch 3 | Loss: -0.2222 | Val NDCG: 0.7320 | smoothed: 0.7279
Epoch 4 | Loss: -0.2262 | Val NDCG: 0.7212 | smoothed: 0.7275
Epoch 5 | Loss: -0.2281 | Val NDCG: 0.7299 | smoothed: 0.7277
Epoch 6 | Loss: -0.2292 | Val NDCG: 0.7301 | smoothed: 0.7271
Epoch 7 | Loss: -0.2299 | Val NDCG: 0.7369 | smoothed: 0.7323
Epoch 8 | Loss: -0.2304 | Val NDCG: 0.7413 | smoothed: 0.7361
Epoch 9 | Loss: -0.2306 | Val NDCG: 0.7442 | smoothed: 0.7408
Epoch 10 | Loss: -0.2309 | Val NDCG: 0.7465 | smoothed: 0.7440
Epoch 11 | Loss: -0.2310 | Val NDCG: 0.7464 | smoothed: 0.7457
Epoch 12 | Loss: -0.2312 | Val NDCG: 0.7383 | smoothed: 0.7437
Epoch 13 | Loss: -0.2312 | Val NDCG: 0.7490 | smoothed: 0.7446
Epoch 14 | Loss: -0.2313 | Val NDCG: 0.7472 | smoothed: 0.7448
Epoch 15 | Loss: -0.2314 | Val NDCG: 0.7430 | smoothed: 0.7464
Epoch 16 | Loss: -0.2314 | Val NDCG: 0.7547 | smoothed: 0.7483
Epoch 17 | Loss: -0.2315 | Val NDCG: 0.7433 | smoothed: 0.7470
Epoch 18 | Loss: -0.2313 | Val NDCG: 0.7560 | smoothed: 0.7514
Epoch 19 | Loss: -0.2315 | Val NDCG: 0.7642 | smoothed: 0.7545
Epoch 20 | Loss: -0.2316 | Val NDCG: 0.7444 | smoothed: 0.7549
Epoch 21 | Loss: -0.2315 | Val NDCG: 0.7462 | smoothed: 0.7516
Epoch 22 | Loss: -0.2316 | Val NDCG: 0.7597 | smoothed: 0.7501
Epoch 23 | Loss: -0.2317 | Val NDCG: 0.7679 | smoothed: 0.7579
Epoch 24 | Loss: -0.2316 | Val NDCG: 0.7556 | smoothed: 0.7611
Epoch 25 | Loss: -0.2316 | Val NDCG: 0.7616 | smoothed: 0.7617
Epoch 26 | Loss: -0.2316 | Val NDCG: 0.7372 | smoothed: 0.7515
Epoch 27 | Loss: -0.2317 | Val NDCG: 0.7687 | smoothed: 0.7559
Epoch 28 | Loss: -0.2318 | Val NDCG: 0.7589 | smoothed: 0.7549
Epoch 29 | Loss: -0.2317 | Val NDCG: 0.7693 | smoothed: 0.7656
Epoch 30 | Loss: -0.2317 | Val NDCG: 0.7447 | smoothed: 0.7576
Epoch 31 | Loss: -0.2318 | Val NDCG: 0.7585 | smoothed: 0.7575
Epoch 32 | Loss: -0.2317 | Val NDCG: 0.7690 | smoothed: 0.7574
Epoch 33 | Loss: -0.2318 | Val NDCG: 0.7643 | smoothed: 0.7639
Epoch 34 | Loss: -0.2317 | Val NDCG: 0.7629 | smoothed: 0.7654

Best smoothed NDCG: 0.7656 at epoch 29 of 34 run

1 combinations completed out of 1


--- Grid Search Results ---
 hidden_units  dropout_rate  num_blocks  num_heads     lr  gamma  val_ndcg  val_ndcg_raw  best_epoch  epochs_run  max_epochs
           64           0.1           3         16 0.0001      3  0.765646      0.769303          29          34          40

Best config: {'hidden_units': 64.0, 'dropout_rate': 0.1, 'num_blocks': 3.0, 'num_heads': 16.0, 'lr': 0.0001, 'gamma': 3.0, 'val_ndcg': 0.7656455246649192, 'val_ndcg_raw': 0.7693029535470525, 'best_epoch': 29.0, 'epochs_run': 34.0, 'max_epochs': 40.0}
0 of 1 configs reached max_epochs
0 of 1 were still improving when stopped
Best params saved to ../Models/sasrec_drrl_best_params.json
