task 117 | loss bce | node slurmnode-gpu05
Tesla P100-PCIE-16GB, 16384 MiB
Tesla P100-PCIE-16GB, 16384 MiB
Tesla P100-PCIE-16GB, 16384 MiB
Tesla P100-PCIE-16GB, 16384 MiB
Using device: cuda
Loading datasets...
Train sessions: 75875 | Val sessions: 16262

Running grid search over 162 combinations...

SLURM array task 117: 1 config -> ../Models/sasrec_grid_bce_task117.csv
Trying: {'hidden_units': 256, 'dropout_rate': 0.1, 'num_blocks': 2, 'num_heads': 8, 'lr': 0.0001}
Epoch 1 | Loss: 0.5885 | Val NDCG: 0.7576 | smoothed: 0.7576
Epoch 2 | Loss: 0.5768 | Val NDCG: 0.7641 | smoothed: 0.7608
Epoch 3 | Loss: 0.5739 | Val NDCG: 0.7592 | smoothed: 0.7603
Epoch 4 | Loss: 0.5724 | Val NDCG: 0.7655 | smoothed: 0.7629
Epoch 5 | Loss: 0.5703 | Val NDCG: 0.7701 | smoothed: 0.7650
Epoch 6 | Loss: 0.5701 | Val NDCG: 0.7721 | smoothed: 0.7693
Epoch 7 | Loss: 0.5692 | Val NDCG: 0.7724 | smoothed: 0.7715
Epoch 8 | Loss: 0.5684 | Val NDCG: 0.7734 | smoothed: 0.7726
Epoch 9 | Loss: 0.5685 | Val NDCG: 0.7733 | smoothed: 0.7730
Epoch 10 | Loss: 0.5662 | Val NDCG: 0.7752 | smoothed: 0.7739
Epoch 11 | Loss: 0.5663 | Val NDCG: 0.7728 | smoothed: 0.7737
Epoch 12 | Loss: 0.5653 | Val NDCG: 0.7749 | smoothed: 0.7743
Epoch 13 | Loss: 0.5664 | Val NDCG: 0.7740 | smoothed: 0.7739
Epoch 14 | Loss: 0.5659 | Val NDCG: 0.7715 | smoothed: 0.7734
Epoch 15 | Loss: 0.5653 | Val NDCG: 0.7750 | smoothed: 0.7735
Epoch 16 | Loss: 0.5632 | Val NDCG: 0.7762 | smoothed: 0.7742
Epoch 17 | Loss: 0.5635 | Val NDCG: 0.7756 | smoothed: 0.7756
Epoch 18 | Loss: 0.5628 | Val NDCG: 0.7759 | smoothed: 0.7759
Epoch 19 | Loss: 0.5625 | Val NDCG: 0.7741 | smoothed: 0.7752
Epoch 20 | Loss: 0.5616 | Val NDCG: 0.7781 | smoothed: 0.7760
Epoch 21 | Loss: 0.5628 | Val NDCG: 0.7768 | smoothed: 0.7763
Epoch 22 | Loss: 0.5613 | Val NDCG: 0.7813 | smoothed: 0.7787
Epoch 23 | Loss: 0.5613 | Val NDCG: 0.7778 | smoothed: 0.7786
Epoch 24 | Loss: 0.5612 | Val NDCG: 0.7793 | smoothed: 0.7795
Epoch 25 | Loss: 0.5612 | Val NDCG: 0.7783 | smoothed: 0.7785
Epoch 26 | Loss: 0.5606 | Val NDCG: 0.7770 | smoothed: 0.7782
Epoch 27 | Loss: 0.5606 | Val NDCG: 0.7777 | smoothed: 0.7776
Epoch 28 | Loss: 0.5593 | Val NDCG: 0.7789 | smoothed: 0.7779
Epoch 29 | Loss: 0.5592 | Val NDCG: 0.7800 | smoothed: 0.7789

Best smoothed NDCG: 0.7795 at epoch 24 of 29 run

1 combinations completed out of 1


--- Grid Search Results ---
 hidden_units  dropout_rate  num_blocks  num_heads     lr  val_ndcg  val_ndcg_raw  best_epoch  epochs_run  max_epochs
          256           0.1           2          8 0.0001  0.779484      0.779342          24          29          40

Best config: {'hidden_units': 256.0, 'dropout_rate': 0.1, 'num_blocks': 2.0, 'num_heads': 8.0, 'lr': 0.0001, 'val_ndcg': 0.7794844921551608, 'val_ndcg_raw': 0.7793422846180099, 'best_epoch': 24.0, 'epochs_run': 29.0, 'max_epochs': 40.0}
0 of 1 configs reached max_epochs
0 of 1 were still improving when stopped
Best params saved to ../Models/sasrec_bce_best_params.json
