task 204 | loss drrl | node slurmnode-gpu07
NVIDIA A40, 46068 MiB
NVIDIA A40, 46068 MiB
NVIDIA A40, 46068 MiB
NVIDIA A40, 46068 MiB
Using device: cuda
Loading datasets...
Train sessions: 75875 | Val sessions: 16262

Running grid search over 486 combinations...

SLURM array task 204: 1 config -> ../Models/sasrec_grid_drrl_task204.csv
Trying: {'hidden_units': 128, 'dropout_rate': 0.1, 'num_blocks': 3, 'num_heads': 8, 'lr': 0.001, 'gamma': 2}
Epoch 1 | Loss: -0.1444 | Val NDCG: 0.7181 | smoothed: 0.7181
Epoch 2 | Loss: -0.2127 | Val NDCG: 0.7044 | smoothed: 0.7113
Epoch 3 | Loss: -0.2208 | Val NDCG: 0.7428 | smoothed: 0.7218
Epoch 4 | Loss: -0.2247 | Val NDCG: 0.7456 | smoothed: 0.7309
Epoch 5 | Loss: -0.2256 | Val NDCG: 0.7536 | smoothed: 0.7473
Epoch 6 | Loss: -0.2270 | Val NDCG: 0.7450 | smoothed: 0.7481
Epoch 7 | Loss: -0.2273 | Val NDCG: 0.7447 | smoothed: 0.7477
Epoch 8 | Loss: -0.2279 | Val NDCG: 0.7479 | smoothed: 0.7458
Epoch 9 | Loss: -0.2279 | Val NDCG: 0.7456 | smoothed: 0.7460
Epoch 10 | Loss: -0.2283 | Val NDCG: 0.7633 | smoothed: 0.7522
Epoch 11 | Loss: -0.2288 | Val NDCG: 0.7543 | smoothed: 0.7544
Epoch 12 | Loss: -0.2285 | Val NDCG: 0.7607 | smoothed: 0.7594
Epoch 13 | Loss: -0.2285 | Val NDCG: 0.7618 | smoothed: 0.7589
Epoch 14 | Loss: -0.2286 | Val NDCG: 0.7552 | smoothed: 0.7592
Epoch 15 | Loss: -0.2290 | Val NDCG: 0.7702 | smoothed: 0.7624
Epoch 16 | Loss: -0.2293 | Val NDCG: 0.7570 | smoothed: 0.7608
Epoch 17 | Loss: -0.2291 | Val NDCG: 0.7722 | smoothed: 0.7664
Epoch 18 | Loss: -0.2293 | Val NDCG: 0.7615 | smoothed: 0.7636
Epoch 19 | Loss: -0.2293 | Val NDCG: 0.7678 | smoothed: 0.7672
Epoch 20 | Loss: -0.2295 | Val NDCG: 0.7613 | smoothed: 0.7636

Best smoothed NDCG: 0.7672 at epoch 19 of 20 run

1 combinations completed out of 1


--- Grid Search Results ---
 hidden_units  dropout_rate  num_blocks  num_heads    lr  gamma  val_ndcg  val_ndcg_raw  best_epoch  epochs_run  max_epochs
          128           0.1           3          8 0.001      2  0.767168      0.767804          19          20          20

Best config: {'hidden_units': 128.0, 'dropout_rate': 0.1, 'num_blocks': 3.0, 'num_heads': 8.0, 'lr': 0.001, 'gamma': 2.0, 'val_ndcg': 0.7671683969503417, 'val_ndcg_raw': 0.7678043230665471, 'best_epoch': 19.0, 'epochs_run': 20.0, 'max_epochs': 20.0}
1 of 1 configs reached max_epochs
1 of 1 were still improving when stopped
Best params saved to ../Models/sasrec_drrl_best_params.json
