task 118 | loss drrl | node slurmnode-gpu03
Tesla P100-PCIE-16GB, 16384 MiB
Tesla P100-PCIE-16GB, 16384 MiB
Tesla P100-PCIE-16GB, 16384 MiB
Tesla P100-PCIE-16GB, 16384 MiB
Using device: cuda
Loading datasets...
Train sessions: 75875 | Val sessions: 16262

Running grid search over 486 combinations...

SLURM array task 118: 1 config -> ../Models/sasrec_grid_drrl_task118.csv
Trying: {'hidden_units': 64, 'dropout_rate': 0.5, 'num_blocks': 1, 'num_heads': 8, 'lr': 0.0001, 'gamma': 3}
Epoch 1 | Loss: 0.2166 | Val NDCG: 0.6928 | smoothed: 0.6928
Epoch 2 | Loss: -0.1675 | Val NDCG: 0.6943 | smoothed: 0.6936
Epoch 3 | Loss: -0.2171 | Val NDCG: 0.6966 | smoothed: 0.6946
Epoch 4 | Loss: -0.2280 | Val NDCG: 0.7058 | smoothed: 0.6989
Epoch 5 | Loss: -0.2303 | Val NDCG: 0.7074 | smoothed: 0.7033
Epoch 6 | Loss: -0.2314 | Val NDCG: 0.7080 | smoothed: 0.7071
Epoch 7 | Loss: -0.2319 | Val NDCG: 0.7152 | smoothed: 0.7102
Epoch 8 | Loss: -0.2321 | Val NDCG: 0.7104 | smoothed: 0.7112
Epoch 9 | Loss: -0.2323 | Val NDCG: 0.7198 | smoothed: 0.7151
Epoch 10 | Loss: -0.2323 | Val NDCG: 0.7203 | smoothed: 0.7168
Epoch 11 | Loss: -0.2324 | Val NDCG: 0.7222 | smoothed: 0.7208
Epoch 12 | Loss: -0.2324 | Val NDCG: 0.7318 | smoothed: 0.7248
Epoch 13 | Loss: -0.2324 | Val NDCG: 0.7279 | smoothed: 0.7273
Epoch 14 | Loss: -0.2324 | Val NDCG: 0.7233 | smoothed: 0.7277
Epoch 15 | Loss: -0.2325 | Val NDCG: 0.7269 | smoothed: 0.7260
Epoch 16 | Loss: -0.2324 | Val NDCG: 0.7414 | smoothed: 0.7305
Epoch 17 | Loss: -0.2325 | Val NDCG: 0.7170 | smoothed: 0.7284
Epoch 18 | Loss: -0.2325 | Val NDCG: 0.7383 | smoothed: 0.7322
Epoch 19 | Loss: -0.2325 | Val NDCG: 0.7349 | smoothed: 0.7300
Epoch 20 | Loss: -0.2325 | Val NDCG: 0.7415 | smoothed: 0.7382
Epoch 21 | Loss: -0.2324 | Val NDCG: 0.7228 | smoothed: 0.7330
Epoch 22 | Loss: -0.2323 | Val NDCG: 0.7300 | smoothed: 0.7314
Epoch 23 | Loss: -0.2325 | Val NDCG: 0.7426 | smoothed: 0.7318
Epoch 24 | Loss: -0.2325 | Val NDCG: 0.7321 | smoothed: 0.7349
Epoch 25 | Loss: -0.2325 | Val NDCG: 0.7243 | smoothed: 0.7330

Best smoothed NDCG: 0.7382 at epoch 20 of 25 run

1 combinations completed out of 1


--- Grid Search Results ---
 hidden_units  dropout_rate  num_blocks  num_heads     lr  gamma  val_ndcg  val_ndcg_raw  best_epoch  epochs_run  max_epochs
           64           0.5           1          8 0.0001      3  0.738214      0.741501          20          25          40

Best config: {'hidden_units': 64.0, 'dropout_rate': 0.5, 'num_blocks': 1.0, 'num_heads': 8.0, 'lr': 0.0001, 'gamma': 3.0, 'val_ndcg': 0.7382138082426382, 'val_ndcg_raw': 0.7415013218709999, 'best_epoch': 20.0, 'epochs_run': 25.0, 'max_epochs': 40.0}
0 of 1 configs reached max_epochs
0 of 1 were still improving when stopped
Best params saved to ../Models/sasrec_drrl_best_params.json
