task 173 | loss drrl | node slurmnode-gpu03
Tesla P100-PCIE-16GB, 16384 MiB
Tesla P100-PCIE-16GB, 16384 MiB
Tesla P100-PCIE-16GB, 16384 MiB
Tesla P100-PCIE-16GB, 16384 MiB
Using device: cuda
Loading datasets...
Train sessions: 75875 | Val sessions: 16262

Running grid search over 486 combinations...

SLURM array task 173: 1 config -> ../Models/sasrec_grid_drrl_task173.csv
Trying: {'hidden_units': 128, 'dropout_rate': 0.1, 'num_blocks': 1, 'num_heads': 8, 'lr': 0.0001, 'gamma': 4}
Epoch 1 | Loss: -0.0631 | Val NDCG: 0.7260 | smoothed: 0.7260
Epoch 2 | Loss: -0.2024 | Val NDCG: 0.7258 | smoothed: 0.7259
Epoch 3 | Loss: -0.2179 | Val NDCG: 0.7295 | smoothed: 0.7271
Epoch 4 | Loss: -0.2236 | Val NDCG: 0.7337 | smoothed: 0.7297
Epoch 5 | Loss: -0.2264 | Val NDCG: 0.7358 | smoothed: 0.7330
Epoch 6 | Loss: -0.2280 | Val NDCG: 0.7365 | smoothed: 0.7353
Epoch 7 | Loss: -0.2291 | Val NDCG: 0.7378 | smoothed: 0.7367
Epoch 8 | Loss: -0.2298 | Val NDCG: 0.7352 | smoothed: 0.7365
Epoch 9 | Loss: -0.2299 | Val NDCG: 0.7314 | smoothed: 0.7348
Epoch 10 | Loss: -0.2304 | Val NDCG: 0.7329 | smoothed: 0.7332
Epoch 11 | Loss: -0.2307 | Val NDCG: 0.7455 | smoothed: 0.7366
Epoch 12 | Loss: -0.2308 | Val NDCG: 0.7397 | smoothed: 0.7394
Epoch 13 | Loss: -0.2309 | Val NDCG: 0.7421 | smoothed: 0.7424
Epoch 14 | Loss: -0.2311 | Val NDCG: 0.7427 | smoothed: 0.7415
Epoch 15 | Loss: -0.2311 | Val NDCG: 0.7519 | smoothed: 0.7456
Epoch 16 | Loss: -0.2313 | Val NDCG: 0.7637 | smoothed: 0.7528
Epoch 17 | Loss: -0.2310 | Val NDCG: 0.7485 | smoothed: 0.7547
Epoch 18 | Loss: -0.2313 | Val NDCG: 0.7703 | smoothed: 0.7608
Epoch 19 | Loss: -0.2312 | Val NDCG: 0.7530 | smoothed: 0.7573
Epoch 20 | Loss: -0.2312 | Val NDCG: 0.7458 | smoothed: 0.7564
Epoch 21 | Loss: -0.2315 | Val NDCG: 0.7475 | smoothed: 0.7487
Epoch 22 | Loss: -0.2314 | Val NDCG: 0.7505 | smoothed: 0.7479
Epoch 23 | Loss: -0.2313 | Val NDCG: 0.7488 | smoothed: 0.7489

Best smoothed NDCG: 0.7608 at epoch 18 of 23 run

1 combinations completed out of 1


--- Grid Search Results ---
 hidden_units  dropout_rate  num_blocks  num_heads     lr  gamma  val_ndcg  val_ndcg_raw  best_epoch  epochs_run  max_epochs
          128           0.1           1          8 0.0001      4  0.760834      0.770298          18          23          40

Best config: {'hidden_units': 128.0, 'dropout_rate': 0.1, 'num_blocks': 1.0, 'num_heads': 8.0, 'lr': 0.0001, 'gamma': 4.0, 'val_ndcg': 0.7608338053050918, 'val_ndcg_raw': 0.770298279781237, 'best_epoch': 18.0, 'epochs_run': 23.0, 'max_epochs': 40.0}
0 of 1 configs reached max_epochs
0 of 1 were still improving when stopped
Best params saved to ../Models/sasrec_drrl_best_params.json
