task 193 | loss drrl | node slurmnode-gpu07
NVIDIA A40, 46068 MiB
NVIDIA A40, 46068 MiB
NVIDIA A40, 46068 MiB
NVIDIA A40, 46068 MiB
Using device: cuda
Loading datasets...
Train sessions: 75875 | Val sessions: 16262

Running grid search over 486 combinations...

SLURM array task 193: 1 config -> ../Models/sasrec_grid_drrl_task193.csv
Trying: {'hidden_units': 128, 'dropout_rate': 0.1, 'num_blocks': 2, 'num_heads': 16, 'lr': 0.001, 'gamma': 3}
Epoch 1 | Loss: -0.1809 | Val NDCG: 0.7309 | smoothed: 0.7309
Epoch 2 | Loss: -0.2221 | Val NDCG: 0.7612 | smoothed: 0.7460
Epoch 3 | Loss: -0.2247 | Val NDCG: 0.7395 | smoothed: 0.7438
Epoch 4 | Loss: -0.2270 | Val NDCG: 0.7406 | smoothed: 0.7471
Epoch 5 | Loss: -0.2274 | Val NDCG: 0.7200 | smoothed: 0.7334
Epoch 6 | Loss: -0.2284 | Val NDCG: 0.7326 | smoothed: 0.7311
Epoch 7 | Loss: -0.2285 | Val NDCG: 0.7612 | smoothed: 0.7380
Epoch 8 | Loss: -0.2291 | Val NDCG: 0.7285 | smoothed: 0.7408
Epoch 9 | Loss: -0.2289 | Val NDCG: 0.7518 | smoothed: 0.7472
Epoch 10 | Loss: -0.2295 | Val NDCG: 0.7613 | smoothed: 0.7472
Epoch 11 | Loss: -0.2286 | Val NDCG: 0.7740 | smoothed: 0.7624
Epoch 12 | Loss: -0.2292 | Val NDCG: 0.7540 | smoothed: 0.7631
Epoch 13 | Loss: -0.2297 | Val NDCG: 0.7727 | smoothed: 0.7669
Epoch 14 | Loss: -0.2296 | Val NDCG: 0.7702 | smoothed: 0.7656
Epoch 15 | Loss: -0.2297 | Val NDCG: 0.7732 | smoothed: 0.7720
Epoch 16 | Loss: -0.2297 | Val NDCG: 0.7481 | smoothed: 0.7638
Epoch 17 | Loss: -0.2295 | Val NDCG: 0.7736 | smoothed: 0.7650
Epoch 18 | Loss: -0.2298 | Val NDCG: 0.7707 | smoothed: 0.7642
Epoch 19 | Loss: -0.2297 | Val NDCG: 0.7698 | smoothed: 0.7714
Epoch 20 | Loss: -0.2296 | Val NDCG: 0.7682 | smoothed: 0.7696

Best smoothed NDCG: 0.7720 at epoch 15 of 20 run

1 combinations completed out of 1


--- Grid Search Results ---
 hidden_units  dropout_rate  num_blocks  num_heads    lr  gamma  val_ndcg  val_ndcg_raw  best_epoch  epochs_run  max_epochs
          128           0.1           2         16 0.001      3  0.772026        0.7732          15          20          20

Best config: {'hidden_units': 128.0, 'dropout_rate': 0.1, 'num_blocks': 2.0, 'num_heads': 16.0, 'lr': 0.001, 'gamma': 3.0, 'val_ndcg': 0.7720259538545768, 'val_ndcg_raw': 0.7731997191825137, 'best_epoch': 15.0, 'epochs_run': 20.0, 'max_epochs': 20.0}
1 of 1 configs reached max_epochs
0 of 1 were still improving when stopped
Best params saved to ../Models/sasrec_drrl_best_params.json
