task 398 | loss drrl | node slurmnode-gpu03
Tesla P100-PCIE-16GB, 16384 MiB
Tesla P100-PCIE-16GB, 16384 MiB
Tesla P100-PCIE-16GB, 16384 MiB
Tesla P100-PCIE-16GB, 16384 MiB
Using device: cuda
Loading datasets...
Train sessions: 75875 | Val sessions: 16262

Running grid search over 486 combinations...

SLURM array task 398: 1 config -> ../Models/sasrec_grid_drrl_task398.csv
Trying: {'hidden_units': 256, 'dropout_rate': 0.3, 'num_blocks': 2, 'num_heads': 4, 'lr': 0.001, 'gamma': 4}
Epoch 1 | Loss: -0.1792 | Val NDCG: 0.7310 | smoothed: 0.7310
Epoch 2 | Loss: -0.2203 | Val NDCG: 0.7406 | smoothed: 0.7358
Epoch 3 | Loss: -0.2233 | Val NDCG: 0.7308 | smoothed: 0.7341
Epoch 4 | Loss: -0.2246 | Val NDCG: 0.7342 | smoothed: 0.7352
Epoch 5 | Loss: -0.2253 | Val NDCG: 0.7306 | smoothed: 0.7319
Epoch 6 | Loss: -0.2262 | Val NDCG: 0.7500 | smoothed: 0.7383
Epoch 7 | Loss: -0.2266 | Val NDCG: 0.7640 | smoothed: 0.7482
Epoch 8 | Loss: -0.2269 | Val NDCG: 0.7529 | smoothed: 0.7556
Epoch 9 | Loss: -0.2277 | Val NDCG: 0.7608 | smoothed: 0.7592
Epoch 10 | Loss: -0.2280 | Val NDCG: 0.7660 | smoothed: 0.7599
Epoch 11 | Loss: -0.2282 | Val NDCG: 0.7624 | smoothed: 0.7631
Epoch 12 | Loss: -0.2283 | Val NDCG: 0.7741 | smoothed: 0.7675
Epoch 13 | Loss: -0.2286 | Val NDCG: 0.7660 | smoothed: 0.7675
Epoch 14 | Loss: -0.2286 | Val NDCG: 0.7667 | smoothed: 0.7689
Epoch 15 | Loss: -0.2285 | Val NDCG: 0.7670 | smoothed: 0.7665
Epoch 16 | Loss: -0.2288 | Val NDCG: 0.7723 | smoothed: 0.7687
Epoch 17 | Loss: -0.2293 | Val NDCG: 0.7727 | smoothed: 0.7707
Epoch 18 | Loss: -0.2290 | Val NDCG: 0.7736 | smoothed: 0.7729
Epoch 19 | Loss: -0.2290 | Val NDCG: 0.7714 | smoothed: 0.7726
Epoch 20 | Loss: -0.2294 | Val NDCG: 0.7724 | smoothed: 0.7725

Best smoothed NDCG: 0.7729 at epoch 18 of 20 run

1 combinations completed out of 1


--- Grid Search Results ---
 hidden_units  dropout_rate  num_blocks  num_heads    lr  gamma  val_ndcg  val_ndcg_raw  best_epoch  epochs_run  max_epochs
          256           0.3           2          4 0.001      4  0.772881      0.773589          18          20          20

Best config: {'hidden_units': 256.0, 'dropout_rate': 0.3, 'num_blocks': 2.0, 'num_heads': 4.0, 'lr': 0.001, 'gamma': 4.0, 'val_ndcg': 0.7728808131894032, 'val_ndcg_raw': 0.7735888576979979, 'best_epoch': 18.0, 'epochs_run': 20.0, 'max_epochs': 20.0}
1 of 1 configs reached max_epochs
0 of 1 were still improving when stopped
Best params saved to ../Models/sasrec_drrl_best_params.json
