task 268 | loss drrl | node slurmnode-gpu03
Tesla P100-PCIE-16GB, 16384 MiB
Tesla P100-PCIE-16GB, 16384 MiB
Tesla P100-PCIE-16GB, 16384 MiB
Tesla P100-PCIE-16GB, 16384 MiB
Using device: cuda
Loading datasets...
Train sessions: 75875 | Val sessions: 16262

Running grid search over 486 combinations...

SLURM array task 268: 1 config -> ../Models/sasrec_grid_drrl_task268.csv
Trying: {'hidden_units': 128, 'dropout_rate': 0.3, 'num_blocks': 3, 'num_heads': 16, 'lr': 0.0001, 'gamma': 3}
Epoch 1 | Loss: -0.0773 | Val NDCG: 0.7135 | smoothed: 0.7135
Epoch 2 | Loss: -0.2143 | Val NDCG: 0.7169 | smoothed: 0.7152
Epoch 3 | Loss: -0.2236 | Val NDCG: 0.7111 | smoothed: 0.7139
Epoch 4 | Loss: -0.2267 | Val NDCG: 0.7053 | smoothed: 0.7111
Epoch 5 | Loss: -0.2284 | Val NDCG: 0.7148 | smoothed: 0.7104
Epoch 6 | Loss: -0.2291 | Val NDCG: 0.7130 | smoothed: 0.7110
Epoch 7 | Loss: -0.2295 | Val NDCG: 0.7133 | smoothed: 0.7137

Best smoothed NDCG: 0.7152 at epoch 2 of 7 run

1 combinations completed out of 1


--- Grid Search Results ---
 hidden_units  dropout_rate  num_blocks  num_heads     lr  gamma  val_ndcg  val_ndcg_raw  best_epoch  epochs_run  max_epochs
          128           0.3           3         16 0.0001      3  0.715212      0.716949           2           7          40

Best config: {'hidden_units': 128.0, 'dropout_rate': 0.3, 'num_blocks': 3.0, 'num_heads': 16.0, 'lr': 0.0001, 'gamma': 3.0, 'val_ndcg': 0.7152116578855297, 'val_ndcg_raw': 0.7169494002526916, 'best_epoch': 2.0, 'epochs_run': 7.0, 'max_epochs': 40.0}
0 of 1 configs reached max_epochs
0 of 1 were still improving when stopped
Best params saved to ../Models/sasrec_drrl_best_params.json
