task 299 | loss drrl | node slurmnode-gpu03
Tesla P100-PCIE-16GB, 16384 MiB
Tesla P100-PCIE-16GB, 16384 MiB
Tesla P100-PCIE-16GB, 16384 MiB
Tesla P100-PCIE-16GB, 16384 MiB
Using device: cuda
Loading datasets...
Train sessions: 75875 | Val sessions: 16262

Running grid search over 486 combinations...

SLURM array task 299: 1 config -> ../Models/sasrec_grid_drrl_task299.csv
Trying: {'hidden_units': 128, 'dropout_rate': 0.5, 'num_blocks': 2, 'num_heads': 8, 'lr': 0.0001, 'gamma': 4}
Epoch 1 | Loss: -0.0152 | Val NDCG: 0.7072 | smoothed: 0.7072
Epoch 2 | Loss: -0.2117 | Val NDCG: 0.6989 | smoothed: 0.7031
Epoch 3 | Loss: -0.2234 | Val NDCG: 0.6984 | smoothed: 0.7015
Epoch 4 | Loss: -0.2270 | Val NDCG: 0.6947 | smoothed: 0.6974
Epoch 5 | Loss: -0.2288 | Val NDCG: 0.6991 | smoothed: 0.6974
Epoch 6 | Loss: -0.2297 | Val NDCG: 0.6988 | smoothed: 0.6975

Best smoothed NDCG: 0.7072 at epoch 1 of 6 run

1 combinations completed out of 1


--- Grid Search Results ---
 hidden_units  dropout_rate  num_blocks  num_heads     lr  gamma  val_ndcg  val_ndcg_raw  best_epoch  epochs_run  max_epochs
          128           0.5           2          8 0.0001      4  0.707192      0.707192           1           6          40

Best config: {'hidden_units': 128.0, 'dropout_rate': 0.5, 'num_blocks': 2.0, 'num_heads': 8.0, 'lr': 0.0001, 'gamma': 4.0, 'val_ndcg': 0.707191551400334, 'val_ndcg_raw': 0.707191551400334, 'best_epoch': 1.0, 'epochs_run': 6.0, 'max_epochs': 40.0}
0 of 1 configs reached max_epochs
0 of 1 were still improving when stopped
Best params saved to ../Models/sasrec_drrl_best_params.json
