task 14 | loss bce | node slurmnode-gpu02
NVIDIA GeForce GTX 1080 Ti, 11264 MiB
NVIDIA GeForce GTX 1080 Ti, 11264 MiB
NVIDIA GeForce GTX 1080 Ti, 11264 MiB
NVIDIA GeForce GTX 1080 Ti, 11264 MiB
NVIDIA GeForce GTX 1080 Ti, 11264 MiB
NVIDIA GeForce GTX 1080 Ti, 11264 MiB
NVIDIA GeForce GTX 1080 Ti, 11264 MiB
NVIDIA GeForce GTX 1080 Ti, 11264 MiB
Using device: cuda
Loading datasets...
Train sessions: 75875 | Val sessions: 16262

Running grid search over 162 combinations...

SLURM array task 14: 1 config -> ../Models/sasrec_grid_bce_task14.csv
Trying: {'hidden_units': 64, 'dropout_rate': 0.1, 'num_blocks': 3, 'num_heads': 8, 'lr': 0.001}
Epoch 1 | Loss: 0.5842 | Val NDCG: 0.7634 | smoothed: 0.7634
Epoch 2 | Loss: 0.5732 | Val NDCG: 0.7666 | smoothed: 0.7650
Epoch 3 | Loss: 0.5700 | Val NDCG: 0.7699 | smoothed: 0.7666
Epoch 4 | Loss: 0.5688 | Val NDCG: 0.7705 | smoothed: 0.7690
Epoch 5 | Loss: 0.5679 | Val NDCG: 0.7665 | smoothed: 0.7689
Epoch 6 | Loss: 0.5683 | Val NDCG: 0.7713 | smoothed: 0.7694
Epoch 7 | Loss: 0.5673 | Val NDCG: 0.7748 | smoothed: 0.7709
Epoch 8 | Loss: 0.5653 | Val NDCG: 0.7738 | smoothed: 0.7733
Epoch 9 | Loss: 0.5643 | Val NDCG: 0.7721 | smoothed: 0.7736
Epoch 10 | Loss: 0.5648 | Val NDCG: 0.7766 | smoothed: 0.7742
Epoch 11 | Loss: 0.5636 | Val NDCG: 0.7777 | smoothed: 0.7754
Epoch 12 | Loss: 0.5630 | Val NDCG: 0.7767 | smoothed: 0.7770
Epoch 13 | Loss: 0.5617 | Val NDCG: 0.7746 | smoothed: 0.7763
Epoch 14 | Loss: 0.5612 | Val NDCG: 0.7744 | smoothed: 0.7752
Epoch 15 | Loss: 0.5625 | Val NDCG: 0.7782 | smoothed: 0.7757
Epoch 16 | Loss: 0.5609 | Val NDCG: 0.7780 | smoothed: 0.7769
Epoch 17 | Loss: 0.5616 | Val NDCG: 0.7794 | smoothed: 0.7785
Epoch 18 | Loss: 0.5606 | Val NDCG: 0.7820 | smoothed: 0.7798
Epoch 19 | Loss: 0.5594 | Val NDCG: 0.7825 | smoothed: 0.7813
Epoch 20 | Loss: 0.5598 | Val NDCG: 0.7784 | smoothed: 0.7810

Best smoothed NDCG: 0.7813 at epoch 19 of 20 run

1 combinations completed out of 1


--- Grid Search Results ---
 hidden_units  dropout_rate  num_blocks  num_heads    lr  val_ndcg  val_ndcg_raw  best_epoch  epochs_run  max_epochs
           64           0.1           3          8 0.001  0.781324      0.782525          19          20          20

Best config: {'hidden_units': 64.0, 'dropout_rate': 0.1, 'num_blocks': 3.0, 'num_heads': 8.0, 'lr': 0.001, 'val_ndcg': 0.7813238710379333, 'val_ndcg_raw': 0.7825251376936865, 'best_epoch': 19.0, 'epochs_run': 20.0, 'max_epochs': 20.0}
1 of 1 configs reached max_epochs
1 of 1 were still improving when stopped
Best params saved to ../Models/sasrec_bce_best_params.json
