task 139 | loss bce | node slurmnode-gpu05
Tesla P100-PCIE-16GB, 16384 MiB
Tesla P100-PCIE-16GB, 16384 MiB
Tesla P100-PCIE-16GB, 16384 MiB
Tesla P100-PCIE-16GB, 16384 MiB
Using device: cuda
Loading datasets...
Train sessions: 75875 | Val sessions: 16262

Running grid search over 162 combinations...

SLURM array task 139: 1 config -> ../Models/sasrec_grid_bce_task139.csv
Trying: {'hidden_units': 256, 'dropout_rate': 0.3, 'num_blocks': 3, 'num_heads': 4, 'lr': 0.0001}
Epoch 1 | Loss: 0.5940 | Val NDCG: 0.7579 | smoothed: 0.7579
Epoch 2 | Loss: 0.5808 | Val NDCG: 0.7570 | smoothed: 0.7574
Epoch 3 | Loss: 0.5775 | Val NDCG: 0.7684 | smoothed: 0.7611
Epoch 4 | Loss: 0.5764 | Val NDCG: 0.7702 | smoothed: 0.7652
Epoch 5 | Loss: 0.5744 | Val NDCG: 0.7649 | smoothed: 0.7678
Epoch 6 | Loss: 0.5735 | Val NDCG: 0.7700 | smoothed: 0.7684
Epoch 7 | Loss: 0.5723 | Val NDCG: 0.7717 | smoothed: 0.7689
Epoch 8 | Loss: 0.5716 | Val NDCG: 0.7717 | smoothed: 0.7711
Epoch 9 | Loss: 0.5720 | Val NDCG: 0.7756 | smoothed: 0.7730
Epoch 10 | Loss: 0.5708 | Val NDCG: 0.7787 | smoothed: 0.7753
Epoch 11 | Loss: 0.5695 | Val NDCG: 0.7755 | smoothed: 0.7766
Epoch 12 | Loss: 0.5695 | Val NDCG: 0.7768 | smoothed: 0.7770
Epoch 13 | Loss: 0.5696 | Val NDCG: 0.7747 | smoothed: 0.7757
Epoch 14 | Loss: 0.5697 | Val NDCG: 0.7747 | smoothed: 0.7754
Epoch 15 | Loss: 0.5676 | Val NDCG: 0.7747 | smoothed: 0.7747
Epoch 16 | Loss: 0.5684 | Val NDCG: 0.7763 | smoothed: 0.7752
Epoch 17 | Loss: 0.5665 | Val NDCG: 0.7739 | smoothed: 0.7750

Best smoothed NDCG: 0.7770 at epoch 12 of 17 run

1 combinations completed out of 1


--- Grid Search Results ---
 hidden_units  dropout_rate  num_blocks  num_heads     lr  val_ndcg  val_ndcg_raw  best_epoch  epochs_run  max_epochs
          256           0.3           3          4 0.0001  0.776994      0.776822          12          17          40

Best config: {'hidden_units': 256.0, 'dropout_rate': 0.3, 'num_blocks': 3.0, 'num_heads': 4.0, 'lr': 0.0001, 'val_ndcg': 0.7769937289462637, 'val_ndcg_raw': 0.7768224247514672, 'best_epoch': 12.0, 'epochs_run': 17.0, 'max_epochs': 40.0}
0 of 1 configs reached max_epochs
0 of 1 were still improving when stopped
Best params saved to ../Models/sasrec_bce_best_params.json
