task 37 | loss pwts | node slurmnode-gpu02
NVIDIA GeForce GTX 1080 Ti, 11264 MiB
NVIDIA GeForce GTX 1080 Ti, 11264 MiB
NVIDIA GeForce GTX 1080 Ti, 11264 MiB
NVIDIA GeForce GTX 1080 Ti, 11264 MiB
NVIDIA GeForce GTX 1080 Ti, 11264 MiB
NVIDIA GeForce GTX 1080 Ti, 11264 MiB
NVIDIA GeForce GTX 1080 Ti, 11264 MiB
NVIDIA GeForce GTX 1080 Ti, 11264 MiB
Using device: cuda
Loading datasets...
Train sessions: 75875 | Val sessions: 16262

Running grid search over 162 combinations...

SLURM array task 37: 1 config -> ../Models/sasrec_grid_pwts_task37.csv
Trying: {'hidden_units': 64, 'dropout_rate': 0.5, 'num_blocks': 1, 'num_heads': 4, 'lr': 0.0001}
Epoch 1 | Loss: 0.6639 | Val NDCG: 0.7070 | smoothed: 0.7070
Epoch 2 | Loss: 0.6447 | Val NDCG: 0.7213 | smoothed: 0.7142
Epoch 3 | Loss: 0.6389 | Val NDCG: 0.7340 | smoothed: 0.7208
Epoch 4 | Loss: 0.6331 | Val NDCG: 0.7424 | smoothed: 0.7326
Epoch 5 | Loss: 0.6302 | Val NDCG: 0.7472 | smoothed: 0.7412
Epoch 6 | Loss: 0.6268 | Val NDCG: 0.7500 | smoothed: 0.7465
Epoch 7 | Loss: 0.6248 | Val NDCG: 0.7517 | smoothed: 0.7496
Epoch 8 | Loss: 0.6236 | Val NDCG: 0.7547 | smoothed: 0.7521
Epoch 9 | Loss: 0.6222 | Val NDCG: 0.7556 | smoothed: 0.7540
Epoch 10 | Loss: 0.6204 | Val NDCG: 0.7564 | smoothed: 0.7556
Epoch 11 | Loss: 0.6190 | Val NDCG: 0.7572 | smoothed: 0.7564
Epoch 12 | Loss: 0.6183 | Val NDCG: 0.7586 | smoothed: 0.7574
Epoch 13 | Loss: 0.6185 | Val NDCG: 0.7590 | smoothed: 0.7583
Epoch 14 | Loss: 0.6173 | Val NDCG: 0.7594 | smoothed: 0.7590
Epoch 15 | Loss: 0.6171 | Val NDCG: 0.7592 | smoothed: 0.7592
Epoch 16 | Loss: 0.6160 | Val NDCG: 0.7601 | smoothed: 0.7596
Epoch 17 | Loss: 0.6160 | Val NDCG: 0.7617 | smoothed: 0.7603
Epoch 18 | Loss: 0.6153 | Val NDCG: 0.7621 | smoothed: 0.7613
Epoch 19 | Loss: 0.6144 | Val NDCG: 0.7621 | smoothed: 0.7619
Epoch 20 | Loss: 0.6147 | Val NDCG: 0.7630 | smoothed: 0.7624
Epoch 21 | Loss: 0.6133 | Val NDCG: 0.7626 | smoothed: 0.7625
Epoch 22 | Loss: 0.6136 | Val NDCG: 0.7640 | smoothed: 0.7632
Epoch 23 | Loss: 0.6132 | Val NDCG: 0.7636 | smoothed: 0.7634
Epoch 24 | Loss: 0.6138 | Val NDCG: 0.7635 | smoothed: 0.7637
Epoch 25 | Loss: 0.6127 | Val NDCG: 0.7639 | smoothed: 0.7636
Epoch 26 | Loss: 0.6127 | Val NDCG: 0.7646 | smoothed: 0.7640
Epoch 27 | Loss: 0.6124 | Val NDCG: 0.7648 | smoothed: 0.7644
Epoch 28 | Loss: 0.6119 | Val NDCG: 0.7644 | smoothed: 0.7646
Epoch 29 | Loss: 0.6129 | Val NDCG: 0.7654 | smoothed: 0.7649
Epoch 30 | Loss: 0.6110 | Val NDCG: 0.7662 | smoothed: 0.7653
Epoch 31 | Loss: 0.6115 | Val NDCG: 0.7659 | smoothed: 0.7658
Epoch 32 | Loss: 0.6107 | Val NDCG: 0.7664 | smoothed: 0.7662
Epoch 33 | Loss: 0.6104 | Val NDCG: 0.7665 | smoothed: 0.7663
Epoch 34 | Loss: 0.6104 | Val NDCG: 0.7668 | smoothed: 0.7666
Epoch 35 | Loss: 0.6100 | Val NDCG: 0.7675 | smoothed: 0.7669
Epoch 36 | Loss: 0.6113 | Val NDCG: 0.7668 | smoothed: 0.7671
Epoch 37 | Loss: 0.6098 | Val NDCG: 0.7674 | smoothed: 0.7672
Epoch 38 | Loss: 0.6105 | Val NDCG: 0.7658 | smoothed: 0.7667
Epoch 39 | Loss: 0.6097 | Val NDCG: 0.7660 | smoothed: 0.7664
Epoch 40 | Loss: 0.6104 | Val NDCG: 0.7665 | smoothed: 0.7661

Best smoothed NDCG: 0.7672 at epoch 37 of 40 run

1 combinations completed out of 1


--- Grid Search Results ---
 hidden_units  dropout_rate  num_blocks  num_heads     lr  val_ndcg  val_ndcg_raw  best_epoch  epochs_run  max_epochs
           64           0.5           1          4 0.0001  0.767241      0.767367          37          40          40

Best config: {'hidden_units': 64.0, 'dropout_rate': 0.5, 'num_blocks': 1.0, 'num_heads': 4.0, 'lr': 0.0001, 'val_ndcg': 0.7672406489176541, 'val_ndcg_raw': 0.7673666770154797, 'best_epoch': 37.0, 'epochs_run': 40.0, 'max_epochs': 40.0}
1 of 1 configs reached max_epochs
0 of 1 were still improving when stopped
Best params saved to ../Models/sasrec_pwts_best_params.json
