task 122 | loss bce | node slurmnode-gpu07
NVIDIA A40, 46068 MiB
NVIDIA A40, 46068 MiB
NVIDIA A40, 46068 MiB
NVIDIA A40, 46068 MiB
Using device: cuda
Loading datasets...
Train sessions: 75875 | Val sessions: 16262

Running grid search over 162 combinations...

SLURM array task 122: 1 config -> ../Models/sasrec_grid_bce_task122.csv
Trying: {'hidden_units': 256, 'dropout_rate': 0.1, 'num_blocks': 3, 'num_heads': 8, 'lr': 0.001}
Epoch 1 | Loss: 0.5854 | Val NDCG: 0.7626 | smoothed: 0.7626
Epoch 2 | Loss: 0.5758 | Val NDCG: 0.7696 | smoothed: 0.7661
Epoch 3 | Loss: 0.5729 | Val NDCG: 0.7677 | smoothed: 0.7666
Epoch 4 | Loss: 0.5711 | Val NDCG: 0.7733 | smoothed: 0.7702
Epoch 5 | Loss: 0.5706 | Val NDCG: 0.7768 | smoothed: 0.7726
Epoch 6 | Loss: 0.5682 | Val NDCG: 0.7758 | smoothed: 0.7753
Epoch 7 | Loss: 0.5690 | Val NDCG: 0.7775 | smoothed: 0.7767
Epoch 8 | Loss: 0.5683 | Val NDCG: 0.7703 | smoothed: 0.7745
Epoch 9 | Loss: 0.5672 | Val NDCG: 0.7733 | smoothed: 0.7737
Epoch 10 | Loss: 0.5673 | Val NDCG: 0.7750 | smoothed: 0.7728
Epoch 11 | Loss: 0.5648 | Val NDCG: 0.7759 | smoothed: 0.7747
Epoch 12 | Loss: 0.5666 | Val NDCG: 0.7738 | smoothed: 0.7749

Best smoothed NDCG: 0.7767 at epoch 7 of 12 run

1 combinations completed out of 1


--- Grid Search Results ---
 hidden_units  dropout_rate  num_blocks  num_heads    lr  val_ndcg  val_ndcg_raw  best_epoch  epochs_run  max_epochs
          256           0.1           3          8 0.001  0.776691      0.777477           7          12          20

Best config: {'hidden_units': 256.0, 'dropout_rate': 0.1, 'num_blocks': 3.0, 'num_heads': 8.0, 'lr': 0.001, 'val_ndcg': 0.776691299912453, 'val_ndcg_raw': 0.7774772702825137, 'best_epoch': 7.0, 'epochs_run': 12.0, 'max_epochs': 20.0}
0 of 1 configs reached max_epochs
0 of 1 were still improving when stopped
Best params saved to ../Models/sasrec_bce_best_params.json
