task 132 | loss pwts | node slurmnode-gpu07
NVIDIA A40, 46068 MiB
NVIDIA A40, 46068 MiB
NVIDIA A40, 46068 MiB
NVIDIA A40, 46068 MiB
Using device: cuda
Loading datasets...
Train sessions: 75875 | Val sessions: 16262

Running grid search over 162 combinations...

SLURM array task 132: 1 config -> ../Models/sasrec_grid_pwts_task132.csv
Trying: {'hidden_units': 256, 'dropout_rate': 0.3, 'num_blocks': 2, 'num_heads': 4, 'lr': 0.001}
Epoch 1 | Loss: 0.6243 | Val NDCG: 0.7609 | smoothed: 0.7609
Epoch 2 | Loss: 0.6115 | Val NDCG: 0.7620 | smoothed: 0.7615
Epoch 3 | Loss: 0.6092 | Val NDCG: 0.7626 | smoothed: 0.7618
Epoch 4 | Loss: 0.6066 | Val NDCG: 0.7706 | smoothed: 0.7651
Epoch 5 | Loss: 0.6046 | Val NDCG: 0.7723 | smoothed: 0.7685
Epoch 6 | Loss: 0.6032 | Val NDCG: 0.7699 | smoothed: 0.7710
Epoch 7 | Loss: 0.6018 | Val NDCG: 0.7739 | smoothed: 0.7720
Epoch 8 | Loss: 0.6006 | Val NDCG: 0.7739 | smoothed: 0.7726
Epoch 9 | Loss: 0.6000 | Val NDCG: 0.7778 | smoothed: 0.7752
Epoch 10 | Loss: 0.5974 | Val NDCG: 0.7739 | smoothed: 0.7752
Epoch 11 | Loss: 0.5977 | Val NDCG: 0.7764 | smoothed: 0.7760
Epoch 12 | Loss: 0.5977 | Val NDCG: 0.7782 | smoothed: 0.7761
Epoch 13 | Loss: 0.5963 | Val NDCG: 0.7793 | smoothed: 0.7780
Epoch 14 | Loss: 0.5957 | Val NDCG: 0.7769 | smoothed: 0.7781
Epoch 15 | Loss: 0.5958 | Val NDCG: 0.7794 | smoothed: 0.7786
Epoch 16 | Loss: 0.5944 | Val NDCG: 0.7793 | smoothed: 0.7785
Epoch 17 | Loss: 0.5938 | Val NDCG: 0.7821 | smoothed: 0.7803
Epoch 18 | Loss: 0.5947 | Val NDCG: 0.7779 | smoothed: 0.7798
Epoch 19 | Loss: 0.5949 | Val NDCG: 0.7794 | smoothed: 0.7798
Epoch 20 | Loss: 0.5934 | Val NDCG: 0.7797 | smoothed: 0.7790

Best smoothed NDCG: 0.7803 at epoch 17 of 20 run

1 combinations completed out of 1


--- Grid Search Results ---
 hidden_units  dropout_rate  num_blocks  num_heads    lr  val_ndcg  val_ndcg_raw  best_epoch  epochs_run  max_epochs
          256           0.3           2          4 0.001  0.780255      0.782063          17          20          20

Best config: {'hidden_units': 256.0, 'dropout_rate': 0.3, 'num_blocks': 2.0, 'num_heads': 4.0, 'lr': 0.001, 'val_ndcg': 0.7802548430787151, 'val_ndcg_raw': 0.7820625798671402, 'best_epoch': 17.0, 'epochs_run': 20.0, 'max_epochs': 20.0}
1 of 1 configs reached max_epochs
0 of 1 were still improving when stopped
Best params saved to ../Models/sasrec_pwts_best_params.json
