task 446 | loss drrl | node slurmnode-gpu03
Tesla P100-PCIE-16GB, 16384 MiB
Tesla P100-PCIE-16GB, 16384 MiB
Tesla P100-PCIE-16GB, 16384 MiB
Tesla P100-PCIE-16GB, 16384 MiB
Using device: cuda
Loading datasets...
Train sessions: 75875 | Val sessions: 16262

Running grid search over 486 combinations...

SLURM array task 446: 1 config -> ../Models/sasrec_grid_drrl_task446.csv
Trying: {'hidden_units': 256, 'dropout_rate': 0.5, 'num_blocks': 1, 'num_heads': 16, 'lr': 0.001, 'gamma': 4}
Epoch 1 | Loss: -0.1733 | Val NDCG: 0.7051 | smoothed: 0.7051
Epoch 2 | Loss: -0.2201 | Val NDCG: 0.7172 | smoothed: 0.7111
Epoch 3 | Loss: -0.2238 | Val NDCG: 0.7321 | smoothed: 0.7181
Epoch 4 | Loss: -0.2249 | Val NDCG: 0.7499 | smoothed: 0.7330
Epoch 5 | Loss: -0.2261 | Val NDCG: 0.7368 | smoothed: 0.7396
Epoch 6 | Loss: -0.2269 | Val NDCG: 0.7386 | smoothed: 0.7418
Epoch 7 | Loss: -0.2271 | Val NDCG: 0.7450 | smoothed: 0.7401
Epoch 8 | Loss: -0.2275 | Val NDCG: 0.7636 | smoothed: 0.7490
Epoch 9 | Loss: -0.2280 | Val NDCG: 0.7625 | smoothed: 0.7570
Epoch 10 | Loss: -0.2277 | Val NDCG: 0.7638 | smoothed: 0.7633
Epoch 11 | Loss: -0.2279 | Val NDCG: 0.7649 | smoothed: 0.7638
Epoch 12 | Loss: -0.2284 | Val NDCG: 0.7626 | smoothed: 0.7638
Epoch 13 | Loss: -0.2285 | Val NDCG: 0.7662 | smoothed: 0.7646
Epoch 14 | Loss: -0.2285 | Val NDCG: 0.7614 | smoothed: 0.7634
Epoch 15 | Loss: -0.2290 | Val NDCG: 0.7715 | smoothed: 0.7664
Epoch 16 | Loss: -0.2290 | Val NDCG: 0.7758 | smoothed: 0.7696
Epoch 17 | Loss: -0.2289 | Val NDCG: 0.7722 | smoothed: 0.7731
Epoch 18 | Loss: -0.2289 | Val NDCG: 0.7730 | smoothed: 0.7736
Epoch 19 | Loss: -0.2282 | Val NDCG: 0.7725 | smoothed: 0.7726
Epoch 20 | Loss: -0.2289 | Val NDCG: 0.7748 | smoothed: 0.7734

Best smoothed NDCG: 0.7736 at epoch 18 of 20 run

1 combinations completed out of 1


--- Grid Search Results ---
 hidden_units  dropout_rate  num_blocks  num_heads    lr  gamma  val_ndcg  val_ndcg_raw  best_epoch  epochs_run  max_epochs
          256           0.5           1         16 0.001      4  0.773628      0.772965          18          20          20

Best config: {'hidden_units': 256.0, 'dropout_rate': 0.5, 'num_blocks': 1.0, 'num_heads': 16.0, 'lr': 0.001, 'gamma': 4.0, 'val_ndcg': 0.7736279582769034, 'val_ndcg_raw': 0.7729648622068939, 'best_epoch': 18.0, 'epochs_run': 20.0, 'max_epochs': 20.0}
1 of 1 configs reached max_epochs
0 of 1 were still improving when stopped
Best params saved to ../Models/sasrec_drrl_best_params.json
