task 79 | loss drrl | node slurmnode-gpu05
Tesla P100-PCIE-16GB, 16384 MiB
Tesla P100-PCIE-16GB, 16384 MiB
Tesla P100-PCIE-16GB, 16384 MiB
Tesla P100-PCIE-16GB, 16384 MiB
Using device: cuda
Loading datasets...
Train sessions: 75875 | Val sessions: 16262

Running grid search over 486 combinations...

SLURM array task 79: 1 config -> ../Models/sasrec_grid_drrl_task79.csv
Trying: {'hidden_units': 64, 'dropout_rate': 0.3, 'num_blocks': 2, 'num_heads': 8, 'lr': 0.001, 'gamma': 3}
Epoch 1 | Loss: -0.1848 | Val NDCG: 0.6966 | smoothed: 0.6966
Epoch 2 | Loss: -0.2265 | Val NDCG: 0.7174 | smoothed: 0.7070
Epoch 3 | Loss: -0.2275 | Val NDCG: 0.7265 | smoothed: 0.7135
Epoch 4 | Loss: -0.2290 | Val NDCG: 0.7253 | smoothed: 0.7231
Epoch 5 | Loss: -0.2295 | Val NDCG: 0.7247 | smoothed: 0.7255
Epoch 6 | Loss: -0.2302 | Val NDCG: 0.7430 | smoothed: 0.7310
Epoch 7 | Loss: -0.2300 | Val NDCG: 0.7417 | smoothed: 0.7365
Epoch 8 | Loss: -0.2302 | Val NDCG: 0.7497 | smoothed: 0.7448
Epoch 9 | Loss: -0.2302 | Val NDCG: 0.7616 | smoothed: 0.7510
Epoch 10 | Loss: -0.2305 | Val NDCG: 0.7602 | smoothed: 0.7572
Epoch 11 | Loss: -0.2307 | Val NDCG: 0.7571 | smoothed: 0.7596
Epoch 12 | Loss: -0.2307 | Val NDCG: 0.7646 | smoothed: 0.7606
Epoch 13 | Loss: -0.2308 | Val NDCG: 0.7673 | smoothed: 0.7630
Epoch 14 | Loss: -0.2307 | Val NDCG: 0.7656 | smoothed: 0.7659
Epoch 15 | Loss: -0.2308 | Val NDCG: 0.7656 | smoothed: 0.7662
Epoch 16 | Loss: -0.2307 | Val NDCG: 0.7685 | smoothed: 0.7666
Epoch 17 | Loss: -0.2310 | Val NDCG: 0.7651 | smoothed: 0.7664
Epoch 18 | Loss: -0.2308 | Val NDCG: 0.7646 | smoothed: 0.7661
Epoch 19 | Loss: -0.2310 | Val NDCG: 0.7695 | smoothed: 0.7664
Epoch 20 | Loss: -0.2310 | Val NDCG: 0.7665 | smoothed: 0.7669

Best smoothed NDCG: 0.7669 at epoch 20 of 20 run

1 combinations completed out of 1


--- Grid Search Results ---
 hidden_units  dropout_rate  num_blocks  num_heads    lr  gamma  val_ndcg  val_ndcg_raw  best_epoch  epochs_run  max_epochs
           64           0.3           2          8 0.001      3  0.766859      0.766517          20          20          20

Best config: {'hidden_units': 64.0, 'dropout_rate': 0.3, 'num_blocks': 2.0, 'num_heads': 8.0, 'lr': 0.001, 'gamma': 3.0, 'val_ndcg': 0.766858500357306, 'val_ndcg_raw': 0.7665165370709852, 'best_epoch': 20.0, 'epochs_run': 20.0, 'max_epochs': 20.0}
1 of 1 configs reached max_epochs
1 of 1 were still improving when stopped
Best params saved to ../Models/sasrec_drrl_best_params.json
