task 166 | loss drrl | node slurmnode-gpu07
NVIDIA A40, 46068 MiB
NVIDIA A40, 46068 MiB
NVIDIA A40, 46068 MiB
NVIDIA A40, 46068 MiB
Using device: cuda
Loading datasets...
Train sessions: 75875 | Val sessions: 16262

Running grid search over 486 combinations...

SLURM array task 166: 1 config -> ../Models/sasrec_grid_drrl_task166.csv
Trying: {'hidden_units': 128, 'dropout_rate': 0.1, 'num_blocks': 1, 'num_heads': 4, 'lr': 0.0001, 'gamma': 3}
Epoch 1 | Loss: -0.0420 | Val NDCG: 0.7283 | smoothed: 0.7283
Epoch 2 | Loss: -0.2010 | Val NDCG: 0.7362 | smoothed: 0.7323
Epoch 3 | Loss: -0.2177 | Val NDCG: 0.7319 | smoothed: 0.7321
Epoch 4 | Loss: -0.2236 | Val NDCG: 0.7345 | smoothed: 0.7342
Epoch 5 | Loss: -0.2264 | Val NDCG: 0.7356 | smoothed: 0.7340
Epoch 6 | Loss: -0.2282 | Val NDCG: 0.7401 | smoothed: 0.7368
Epoch 7 | Loss: -0.2293 | Val NDCG: 0.7413 | smoothed: 0.7390
Epoch 8 | Loss: -0.2300 | Val NDCG: 0.7376 | smoothed: 0.7397
Epoch 9 | Loss: -0.2302 | Val NDCG: 0.7364 | smoothed: 0.7385
Epoch 10 | Loss: -0.2307 | Val NDCG: 0.7401 | smoothed: 0.7381
Epoch 11 | Loss: -0.2309 | Val NDCG: 0.7399 | smoothed: 0.7388
Epoch 12 | Loss: -0.2310 | Val NDCG: 0.7474 | smoothed: 0.7425
Epoch 13 | Loss: -0.2311 | Val NDCG: 0.7426 | smoothed: 0.7433
Epoch 14 | Loss: -0.2312 | Val NDCG: 0.7457 | smoothed: 0.7452
Epoch 15 | Loss: -0.2314 | Val NDCG: 0.7567 | smoothed: 0.7483
Epoch 16 | Loss: -0.2309 | Val NDCG: 0.7633 | smoothed: 0.7552
Epoch 17 | Loss: -0.2314 | Val NDCG: 0.7413 | smoothed: 0.7537
Epoch 18 | Loss: -0.2314 | Val NDCG: 0.7598 | smoothed: 0.7548
Epoch 19 | Loss: -0.2315 | Val NDCG: 0.7558 | smoothed: 0.7523
Epoch 20 | Loss: -0.2316 | Val NDCG: 0.7656 | smoothed: 0.7604
Epoch 21 | Loss: -0.2317 | Val NDCG: 0.7612 | smoothed: 0.7609
Epoch 22 | Loss: -0.2315 | Val NDCG: 0.7567 | smoothed: 0.7612
Epoch 23 | Loss: -0.2316 | Val NDCG: 0.7450 | smoothed: 0.7543
Epoch 24 | Loss: -0.2316 | Val NDCG: 0.7621 | smoothed: 0.7546
Epoch 25 | Loss: -0.2316 | Val NDCG: 0.7500 | smoothed: 0.7523
Epoch 26 | Loss: -0.2317 | Val NDCG: 0.7607 | smoothed: 0.7576
Epoch 27 | Loss: -0.2316 | Val NDCG: 0.7667 | smoothed: 0.7592

Best smoothed NDCG: 0.7612 at epoch 22 of 27 run

1 combinations completed out of 1


--- Grid Search Results ---
 hidden_units  dropout_rate  num_blocks  num_heads     lr  gamma  val_ndcg  val_ndcg_raw  best_epoch  epochs_run  max_epochs
          128           0.1           1          4 0.0001      3  0.761181      0.756736          22          27          40

Best config: {'hidden_units': 128.0, 'dropout_rate': 0.1, 'num_blocks': 1.0, 'num_heads': 4.0, 'lr': 0.0001, 'gamma': 3.0, 'val_ndcg': 0.7611808557352456, 'val_ndcg_raw': 0.7567362859592922, 'best_epoch': 22.0, 'epochs_run': 27.0, 'max_epochs': 40.0}
0 of 1 configs reached max_epochs
0 of 1 were still improving when stopped
Best params saved to ../Models/sasrec_drrl_best_params.json
