task 153 | loss drrl | node slurmnode-gpu03
Tesla P100-PCIE-16GB, 16384 MiB
Tesla P100-PCIE-16GB, 16384 MiB
Tesla P100-PCIE-16GB, 16384 MiB
Tesla P100-PCIE-16GB, 16384 MiB
Using device: cuda
Loading datasets...
Train sessions: 75875 | Val sessions: 16262

Running grid search over 486 combinations...

SLURM array task 153: 1 config -> ../Models/sasrec_grid_drrl_task153.csv
Trying: {'hidden_units': 64, 'dropout_rate': 0.5, 'num_blocks': 3, 'num_heads': 8, 'lr': 0.0001, 'gamma': 2}
Epoch 1 | Loss: 0.2925 | Val NDCG: 0.7019 | smoothed: 0.7019
Epoch 2 | Loss: -0.1659 | Val NDCG: 0.7049 | smoothed: 0.7034
Epoch 3 | Loss: -0.2075 | Val NDCG: 0.7082 | smoothed: 0.7050
Epoch 4 | Loss: -0.2200 | Val NDCG: 0.7113 | smoothed: 0.7081
Epoch 5 | Loss: -0.2254 | Val NDCG: 0.7018 | smoothed: 0.7071
Epoch 6 | Loss: -0.2280 | Val NDCG: 0.6976 | smoothed: 0.7035
Epoch 7 | Loss: -0.2294 | Val NDCG: 0.6966 | smoothed: 0.6987
Epoch 8 | Loss: -0.2303 | Val NDCG: 0.6966 | smoothed: 0.6969
Epoch 9 | Loss: -0.2308 | Val NDCG: 0.6941 | smoothed: 0.6958

Best smoothed NDCG: 0.7081 at epoch 4 of 9 run

1 combinations completed out of 1


--- Grid Search Results ---
 hidden_units  dropout_rate  num_blocks  num_heads     lr  gamma  val_ndcg  val_ndcg_raw  best_epoch  epochs_run  max_epochs
           64           0.5           3          8 0.0001      2  0.708126      0.711253           4           9          40

Best config: {'hidden_units': 64.0, 'dropout_rate': 0.5, 'num_blocks': 3.0, 'num_heads': 8.0, 'lr': 0.0001, 'gamma': 2.0, 'val_ndcg': 0.7081264508908295, 'val_ndcg_raw': 0.7112527554473403, 'best_epoch': 4.0, 'epochs_run': 9.0, 'max_epochs': 40.0}
0 of 1 configs reached max_epochs
0 of 1 were still improving when stopped
Best params saved to ../Models/sasrec_drrl_best_params.json
