task 416 | loss drrl | node slurmnode-gpu03
Tesla P100-PCIE-16GB, 16384 MiB
Tesla P100-PCIE-16GB, 16384 MiB
Tesla P100-PCIE-16GB, 16384 MiB
Tesla P100-PCIE-16GB, 16384 MiB
Using device: cuda
Loading datasets...
Train sessions: 75875 | Val sessions: 16262

Running grid search over 486 combinations...

SLURM array task 416: 1 config -> ../Models/sasrec_grid_drrl_task416.csv
Trying: {'hidden_units': 256, 'dropout_rate': 0.3, 'num_blocks': 3, 'num_heads': 4, 'lr': 0.001, 'gamma': 4}
Epoch 1 | Loss: -0.1623 | Val NDCG: 0.7369 | smoothed: 0.7369
Epoch 2 | Loss: -0.2218 | Val NDCG: 0.7215 | smoothed: 0.7292
Epoch 3 | Loss: -0.2264 | Val NDCG: 0.7390 | smoothed: 0.7325
Epoch 4 | Loss: -0.2276 | Val NDCG: 0.7363 | smoothed: 0.7323
Epoch 5 | Loss: -0.2281 | Val NDCG: 0.7560 | smoothed: 0.7438
Epoch 6 | Loss: -0.2287 | Val NDCG: 0.7525 | smoothed: 0.7483
Epoch 7 | Loss: -0.2287 | Val NDCG: 0.7469 | smoothed: 0.7518
Epoch 8 | Loss: -0.2292 | Val NDCG: 0.6674 | smoothed: 0.7223
Epoch 9 | Loss: -0.2291 | Val NDCG: 0.7398 | smoothed: 0.7180
Epoch 10 | Loss: -0.2293 | Val NDCG: 0.7672 | smoothed: 0.7248
Epoch 11 | Loss: -0.2297 | Val NDCG: 0.7523 | smoothed: 0.7531
Epoch 12 | Loss: -0.2297 | Val NDCG: 0.7666 | smoothed: 0.7620
Epoch 13 | Loss: -0.2299 | Val NDCG: 0.7678 | smoothed: 0.7622
Epoch 14 | Loss: -0.2300 | Val NDCG: 0.7658 | smoothed: 0.7667
Epoch 15 | Loss: -0.2302 | Val NDCG: 0.7637 | smoothed: 0.7658
Epoch 16 | Loss: -0.2302 | Val NDCG: 0.7679 | smoothed: 0.7658
Epoch 17 | Loss: -0.2303 | Val NDCG: 0.7661 | smoothed: 0.7659
Epoch 18 | Loss: -0.2302 | Val NDCG: 0.7733 | smoothed: 0.7691
Epoch 19 | Loss: -0.2303 | Val NDCG: 0.7712 | smoothed: 0.7702
Epoch 20 | Loss: -0.2299 | Val NDCG: 0.7683 | smoothed: 0.7709

Best smoothed NDCG: 0.7709 at epoch 20 of 20 run

1 combinations completed out of 1


--- Grid Search Results ---
 hidden_units  dropout_rate  num_blocks  num_heads    lr  gamma  val_ndcg  val_ndcg_raw  best_epoch  epochs_run  max_epochs
          256           0.3           3          4 0.001      4  0.770918      0.768321          20          20          20

Best config: {'hidden_units': 256.0, 'dropout_rate': 0.3, 'num_blocks': 3.0, 'num_heads': 4.0, 'lr': 0.001, 'gamma': 4.0, 'val_ndcg': 0.7709183163176108, 'val_ndcg_raw': 0.7683211305100611, 'best_epoch': 20.0, 'epochs_run': 20.0, 'max_epochs': 20.0}
1 of 1 configs reached max_epochs
1 of 1 were still improving when stopped
Best params saved to ../Models/sasrec_drrl_best_params.json
