task 79 | loss pwts | node slurmnode-gpu03
Tesla P100-PCIE-16GB, 16384 MiB
Tesla P100-PCIE-16GB, 16384 MiB
Tesla P100-PCIE-16GB, 16384 MiB
Tesla P100-PCIE-16GB, 16384 MiB
Using device: cuda
Loading datasets...
Train sessions: 75875 | Val sessions: 16262

Running grid search over 162 combinations...

SLURM array task 79: 1 config -> ../Models/sasrec_grid_pwts_task79.csv
Trying: {'hidden_units': 128, 'dropout_rate': 0.3, 'num_blocks': 2, 'num_heads': 4, 'lr': 0.0001}
Epoch 1 | Loss: 0.6373 | Val NDCG: 0.7413 | smoothed: 0.7413
Epoch 2 | Loss: 0.6208 | Val NDCG: 0.7514 | smoothed: 0.7463
Epoch 3 | Loss: 0.6149 | Val NDCG: 0.7543 | smoothed: 0.7490
Epoch 4 | Loss: 0.6118 | Val NDCG: 0.7573 | smoothed: 0.7543
Epoch 5 | Loss: 0.6102 | Val NDCG: 0.7604 | smoothed: 0.7573
Epoch 6 | Loss: 0.6085 | Val NDCG: 0.7623 | smoothed: 0.7600
Epoch 7 | Loss: 0.6065 | Val NDCG: 0.7638 | smoothed: 0.7622
Epoch 8 | Loss: 0.6058 | Val NDCG: 0.7668 | smoothed: 0.7643
Epoch 9 | Loss: 0.6050 | Val NDCG: 0.7660 | smoothed: 0.7656
Epoch 10 | Loss: 0.6033 | Val NDCG: 0.7632 | smoothed: 0.7653
Epoch 11 | Loss: 0.6034 | Val NDCG: 0.7662 | smoothed: 0.7651
Epoch 12 | Loss: 0.6021 | Val NDCG: 0.7669 | smoothed: 0.7654
Epoch 13 | Loss: 0.6024 | Val NDCG: 0.7697 | smoothed: 0.7676
Epoch 14 | Loss: 0.6026 | Val NDCG: 0.7679 | smoothed: 0.7682
Epoch 15 | Loss: 0.6020 | Val NDCG: 0.7695 | smoothed: 0.7690
Epoch 16 | Loss: 0.6008 | Val NDCG: 0.7689 | smoothed: 0.7688
Epoch 17 | Loss: 0.6006 | Val NDCG: 0.7714 | smoothed: 0.7699
Epoch 18 | Loss: 0.6007 | Val NDCG: 0.7708 | smoothed: 0.7704
Epoch 19 | Loss: 0.5998 | Val NDCG: 0.7708 | smoothed: 0.7710
Epoch 20 | Loss: 0.6000 | Val NDCG: 0.7716 | smoothed: 0.7711
Epoch 21 | Loss: 0.5999 | Val NDCG: 0.7709 | smoothed: 0.7711
Epoch 22 | Loss: 0.6007 | Val NDCG: 0.7714 | smoothed: 0.7713
Epoch 23 | Loss: 0.5988 | Val NDCG: 0.7736 | smoothed: 0.7720
Epoch 24 | Loss: 0.5984 | Val NDCG: 0.7717 | smoothed: 0.7722
Epoch 25 | Loss: 0.5989 | Val NDCG: 0.7750 | smoothed: 0.7735
Epoch 26 | Loss: 0.5985 | Val NDCG: 0.7736 | smoothed: 0.7734
Epoch 27 | Loss: 0.5980 | Val NDCG: 0.7722 | smoothed: 0.7736
Epoch 28 | Loss: 0.5968 | Val NDCG: 0.7739 | smoothed: 0.7732
Epoch 29 | Loss: 0.5975 | Val NDCG: 0.7739 | smoothed: 0.7733
Epoch 30 | Loss: 0.5978 | Val NDCG: 0.7751 | smoothed: 0.7743
Epoch 31 | Loss: 0.5969 | Val NDCG: 0.7731 | smoothed: 0.7740
Epoch 32 | Loss: 0.5969 | Val NDCG: 0.7741 | smoothed: 0.7741
Epoch 33 | Loss: 0.5968 | Val NDCG: 0.7727 | smoothed: 0.7733
Epoch 34 | Loss: 0.5961 | Val NDCG: 0.7747 | smoothed: 0.7739
Epoch 35 | Loss: 0.5969 | Val NDCG: 0.7742 | smoothed: 0.7739

Best smoothed NDCG: 0.7743 at epoch 30 of 35 run

1 combinations completed out of 1


--- Grid Search Results ---
 hidden_units  dropout_rate  num_blocks  num_heads     lr  val_ndcg  val_ndcg_raw  best_epoch  epochs_run  max_epochs
          128           0.3           2          4 0.0001  0.774288      0.775087          30          35          40

Best config: {'hidden_units': 128.0, 'dropout_rate': 0.3, 'num_blocks': 2.0, 'num_heads': 4.0, 'lr': 0.0001, 'val_ndcg': 0.7742877202981736, 'val_ndcg_raw': 0.775087188302682, 'best_epoch': 30.0, 'epochs_run': 35.0, 'max_epochs': 40.0}
0 of 1 configs reached max_epochs
0 of 1 were still improving when stopped
Best params saved to ../Models/sasrec_pwts_best_params.json
