task 224 | loss drrl | node slurmnode-gpu03
Tesla P100-PCIE-16GB, 16384 MiB
Tesla P100-PCIE-16GB, 16384 MiB
Tesla P100-PCIE-16GB, 16384 MiB
Tesla P100-PCIE-16GB, 16384 MiB
Using device: cuda
Loading datasets...
Train sessions: 75875 | Val sessions: 16262

Running grid search over 486 combinations...

SLURM array task 224: 1 config -> ../Models/sasrec_grid_drrl_task224.csv
Trying: {'hidden_units': 128, 'dropout_rate': 0.3, 'num_blocks': 1, 'num_heads': 8, 'lr': 0.001, 'gamma': 4}
Epoch 1 | Loss: -0.1777 | Val NDCG: 0.7085 | smoothed: 0.7085
Epoch 2 | Loss: -0.2249 | Val NDCG: 0.7327 | smoothed: 0.7206
Epoch 3 | Loss: -0.2262 | Val NDCG: 0.7097 | smoothed: 0.7170
Epoch 4 | Loss: -0.2284 | Val NDCG: 0.7179 | smoothed: 0.7201
Epoch 5 | Loss: -0.2287 | Val NDCG: 0.7437 | smoothed: 0.7238
Epoch 6 | Loss: -0.2286 | Val NDCG: 0.7442 | smoothed: 0.7353
Epoch 7 | Loss: -0.2284 | Val NDCG: 0.7449 | smoothed: 0.7443
Epoch 8 | Loss: -0.2290 | Val NDCG: 0.7492 | smoothed: 0.7461
Epoch 9 | Loss: -0.2292 | Val NDCG: 0.7682 | smoothed: 0.7541
Epoch 10 | Loss: -0.2290 | Val NDCG: 0.7511 | smoothed: 0.7562
Epoch 11 | Loss: -0.2291 | Val NDCG: 0.7604 | smoothed: 0.7599
Epoch 12 | Loss: -0.2292 | Val NDCG: 0.7650 | smoothed: 0.7588
Epoch 13 | Loss: -0.2293 | Val NDCG: 0.7686 | smoothed: 0.7647
Epoch 14 | Loss: -0.2297 | Val NDCG: 0.7673 | smoothed: 0.7670
Epoch 15 | Loss: -0.2294 | Val NDCG: 0.7706 | smoothed: 0.7688
Epoch 16 | Loss: -0.2296 | Val NDCG: 0.7739 | smoothed: 0.7706
Epoch 17 | Loss: -0.2297 | Val NDCG: 0.7764 | smoothed: 0.7736
Epoch 18 | Loss: -0.2295 | Val NDCG: 0.7757 | smoothed: 0.7753
Epoch 19 | Loss: -0.2297 | Val NDCG: 0.7758 | smoothed: 0.7760
Epoch 20 | Loss: -0.2299 | Val NDCG: 0.7718 | smoothed: 0.7744

Best smoothed NDCG: 0.7760 at epoch 19 of 20 run

1 combinations completed out of 1


--- Grid Search Results ---
 hidden_units  dropout_rate  num_blocks  num_heads    lr  gamma  val_ndcg  val_ndcg_raw  best_epoch  epochs_run  max_epochs
          128           0.3           1          8 0.001      4  0.775958      0.775752          19          20          20

Best config: {'hidden_units': 128.0, 'dropout_rate': 0.3, 'num_blocks': 1.0, 'num_heads': 8.0, 'lr': 0.001, 'gamma': 4.0, 'val_ndcg': 0.7759583353678542, 'val_ndcg_raw': 0.7757524004040156, 'best_epoch': 19.0, 'epochs_run': 20.0, 'max_epochs': 20.0}
1 of 1 configs reached max_epochs
1 of 1 were still improving when stopped
Best params saved to ../Models/sasrec_drrl_best_params.json
