task 479 | loss drrl | node slurmnode-gpu03
Tesla P100-PCIE-16GB, 16384 MiB
Tesla P100-PCIE-16GB, 16384 MiB
Tesla P100-PCIE-16GB, 16384 MiB
Tesla P100-PCIE-16GB, 16384 MiB
Using device: cuda
Loading datasets...
Train sessions: 75875 | Val sessions: 16262

Running grid search over 486 combinations...

SLURM array task 479: 1 config -> ../Models/sasrec_grid_drrl_task479.csv
Trying: {'hidden_units': 256, 'dropout_rate': 0.5, 'num_blocks': 3, 'num_heads': 8, 'lr': 0.0001, 'gamma': 4}
Epoch 1 | Loss: -0.0787 | Val NDCG: 0.7265 | smoothed: 0.7265
Epoch 2 | Loss: -0.2155 | Val NDCG: 0.7273 | smoothed: 0.7269
Epoch 3 | Loss: -0.2230 | Val NDCG: 0.7284 | smoothed: 0.7274
Epoch 4 | Loss: -0.2256 | Val NDCG: 0.7235 | smoothed: 0.7264
Epoch 5 | Loss: -0.2270 | Val NDCG: 0.7197 | smoothed: 0.7239
Epoch 6 | Loss: -0.2278 | Val NDCG: 0.7208 | smoothed: 0.7213
Epoch 7 | Loss: -0.2277 | Val NDCG: 0.7280 | smoothed: 0.7228
Epoch 8 | Loss: -0.2285 | Val NDCG: 0.7091 | smoothed: 0.7193

Best smoothed NDCG: 0.7274 at epoch 3 of 8 run

1 combinations completed out of 1


--- Grid Search Results ---
 hidden_units  dropout_rate  num_blocks  num_heads     lr  gamma  val_ndcg  val_ndcg_raw  best_epoch  epochs_run  max_epochs
          256           0.5           3          8 0.0001      4  0.727426      0.728402           3           8          40

Best config: {'hidden_units': 256.0, 'dropout_rate': 0.5, 'num_blocks': 3.0, 'num_heads': 8.0, 'lr': 0.0001, 'gamma': 4.0, 'val_ndcg': 0.7274257419606637, 'val_ndcg_raw': 0.7284018595544718, 'best_epoch': 3.0, 'epochs_run': 8.0, 'max_epochs': 40.0}
0 of 1 configs reached max_epochs
0 of 1 were still improving when stopped
Best params saved to ../Models/sasrec_drrl_best_params.json
