task 206 | loss drrl | node slurmnode-gpu05
Tesla P100-PCIE-16GB, 16384 MiB
Tesla P100-PCIE-16GB, 16384 MiB
Tesla P100-PCIE-16GB, 16384 MiB
Tesla P100-PCIE-16GB, 16384 MiB
Using device: cuda
Loading datasets...
Train sessions: 75875 | Val sessions: 16262

Running grid search over 486 combinations...

SLURM array task 206: 1 config -> ../Models/sasrec_grid_drrl_task206.csv
Trying: {'hidden_units': 128, 'dropout_rate': 0.1, 'num_blocks': 3, 'num_heads': 8, 'lr': 0.001, 'gamma': 4}
Epoch 1 | Loss: -0.1810 | Val NDCG: 0.7434 | smoothed: 0.7434
Epoch 2 | Loss: -0.2214 | Val NDCG: 0.7411 | smoothed: 0.7423
Epoch 3 | Loss: -0.2254 | Val NDCG: 0.7494 | smoothed: 0.7447
Epoch 4 | Loss: -0.2271 | Val NDCG: 0.7416 | smoothed: 0.7441
Epoch 5 | Loss: -0.2282 | Val NDCG: 0.7377 | smoothed: 0.7429
Epoch 6 | Loss: -0.2288 | Val NDCG: 0.7460 | smoothed: 0.7418
Epoch 7 | Loss: -0.2294 | Val NDCG: 0.7478 | smoothed: 0.7438
Epoch 8 | Loss: -0.2296 | Val NDCG: 0.7442 | smoothed: 0.7460
Epoch 9 | Loss: -0.2301 | Val NDCG: 0.7627 | smoothed: 0.7515
Epoch 10 | Loss: -0.2300 | Val NDCG: 0.7560 | smoothed: 0.7543
Epoch 11 | Loss: -0.2302 | Val NDCG: 0.7520 | smoothed: 0.7569
Epoch 12 | Loss: -0.2304 | Val NDCG: 0.7628 | smoothed: 0.7569
Epoch 13 | Loss: -0.2307 | Val NDCG: 0.7566 | smoothed: 0.7571
Epoch 14 | Loss: -0.2305 | Val NDCG: 0.7678 | smoothed: 0.7624
Epoch 15 | Loss: -0.2308 | Val NDCG: 0.7683 | smoothed: 0.7642
Epoch 16 | Loss: -0.2308 | Val NDCG: 0.7734 | smoothed: 0.7698
Epoch 17 | Loss: -0.2308 | Val NDCG: 0.7746 | smoothed: 0.7721
Epoch 18 | Loss: -0.2309 | Val NDCG: 0.7769 | smoothed: 0.7750
Epoch 19 | Loss: -0.2309 | Val NDCG: 0.7628 | smoothed: 0.7714
Epoch 20 | Loss: -0.2310 | Val NDCG: 0.7764 | smoothed: 0.7720

Best smoothed NDCG: 0.7750 at epoch 18 of 20 run

1 combinations completed out of 1


--- Grid Search Results ---
 hidden_units  dropout_rate  num_blocks  num_heads    lr  gamma  val_ndcg  val_ndcg_raw  best_epoch  epochs_run  max_epochs
          128           0.1           3          8 0.001      4  0.774959       0.77694          18          20          20

Best config: {'hidden_units': 128.0, 'dropout_rate': 0.1, 'num_blocks': 3.0, 'num_heads': 8.0, 'lr': 0.001, 'gamma': 4.0, 'val_ndcg': 0.7749586374069416, 'val_ndcg_raw': 0.7769398694477124, 'best_epoch': 18.0, 'epochs_run': 20.0, 'max_epochs': 20.0}
1 of 1 configs reached max_epochs
0 of 1 were still improving when stopped
Best params saved to ../Models/sasrec_drrl_best_params.json
