task 67 | loss bce | node slurmnode-gpu05
Tesla P100-PCIE-16GB, 16384 MiB
Tesla P100-PCIE-16GB, 16384 MiB
Tesla P100-PCIE-16GB, 16384 MiB
Tesla P100-PCIE-16GB, 16384 MiB
Using device: cuda
Loading datasets...
Train sessions: 75875 | Val sessions: 16262

Running grid search over 162 combinations...

SLURM array task 67: 1 config -> ../Models/sasrec_grid_bce_task67.csv
Trying: {'hidden_units': 128, 'dropout_rate': 0.1, 'num_blocks': 3, 'num_heads': 4, 'lr': 0.0001}
Epoch 1 | Loss: 0.5926 | Val NDCG: 0.7545 | smoothed: 0.7545
Epoch 2 | Loss: 0.5790 | Val NDCG: 0.7628 | smoothed: 0.7586
Epoch 3 | Loss: 0.5747 | Val NDCG: 0.7668 | smoothed: 0.7614
Epoch 4 | Loss: 0.5723 | Val NDCG: 0.7666 | smoothed: 0.7654
Epoch 5 | Loss: 0.5724 | Val NDCG: 0.7693 | smoothed: 0.7676
Epoch 6 | Loss: 0.5708 | Val NDCG: 0.7729 | smoothed: 0.7696
Epoch 7 | Loss: 0.5695 | Val NDCG: 0.7694 | smoothed: 0.7706
Epoch 8 | Loss: 0.5702 | Val NDCG: 0.7705 | smoothed: 0.7709
Epoch 9 | Loss: 0.5695 | Val NDCG: 0.7731 | smoothed: 0.7710
Epoch 10 | Loss: 0.5687 | Val NDCG: 0.7732 | smoothed: 0.7723
Epoch 11 | Loss: 0.5675 | Val NDCG: 0.7711 | smoothed: 0.7725
Epoch 12 | Loss: 0.5671 | Val NDCG: 0.7710 | smoothed: 0.7718
Epoch 13 | Loss: 0.5667 | Val NDCG: 0.7719 | smoothed: 0.7713
Epoch 14 | Loss: 0.5661 | Val NDCG: 0.7709 | smoothed: 0.7713
Epoch 15 | Loss: 0.5664 | Val NDCG: 0.7777 | smoothed: 0.7735
Epoch 16 | Loss: 0.5651 | Val NDCG: 0.7759 | smoothed: 0.7748
Epoch 17 | Loss: 0.5652 | Val NDCG: 0.7728 | smoothed: 0.7755
Epoch 18 | Loss: 0.5639 | Val NDCG: 0.7746 | smoothed: 0.7744
Epoch 19 | Loss: 0.5648 | Val NDCG: 0.7745 | smoothed: 0.7740
Epoch 20 | Loss: 0.5644 | Val NDCG: 0.7750 | smoothed: 0.7747
Epoch 21 | Loss: 0.5636 | Val NDCG: 0.7779 | smoothed: 0.7758
Epoch 22 | Loss: 0.5638 | Val NDCG: 0.7774 | smoothed: 0.7767
Epoch 23 | Loss: 0.5632 | Val NDCG: 0.7772 | smoothed: 0.7775
Epoch 24 | Loss: 0.5643 | Val NDCG: 0.7771 | smoothed: 0.7772
Epoch 25 | Loss: 0.5626 | Val NDCG: 0.7756 | smoothed: 0.7766
Epoch 26 | Loss: 0.5631 | Val NDCG: 0.7780 | smoothed: 0.7769
Epoch 27 | Loss: 0.5634 | Val NDCG: 0.7761 | smoothed: 0.7766
Epoch 28 | Loss: 0.5633 | Val NDCG: 0.7774 | smoothed: 0.7772

Best smoothed NDCG: 0.7775 at epoch 23 of 28 run

1 combinations completed out of 1


--- Grid Search Results ---
 hidden_units  dropout_rate  num_blocks  num_heads     lr  val_ndcg  val_ndcg_raw  best_epoch  epochs_run  max_epochs
          128           0.1           3          4 0.0001  0.777486      0.777248          23          28          40

Best config: {'hidden_units': 128.0, 'dropout_rate': 0.1, 'num_blocks': 3.0, 'num_heads': 4.0, 'lr': 0.0001, 'val_ndcg': 0.7774860673473682, 'val_ndcg_raw': 0.7772482115012863, 'best_epoch': 23.0, 'epochs_run': 28.0, 'max_epochs': 40.0}
0 of 1 configs reached max_epochs
0 of 1 were still improving when stopped
Best params saved to ../Models/sasrec_bce_best_params.json
