task 115 | loss pwts | node slurmnode-gpu05
Tesla P100-PCIE-16GB, 16384 MiB
Tesla P100-PCIE-16GB, 16384 MiB
Tesla P100-PCIE-16GB, 16384 MiB
Tesla P100-PCIE-16GB, 16384 MiB
Using device: cuda
Loading datasets...
Train sessions: 75875 | Val sessions: 16262

Running grid search over 162 combinations...

SLURM array task 115: 1 config -> ../Models/sasrec_grid_pwts_task115.csv
Trying: {'hidden_units': 256, 'dropout_rate': 0.1, 'num_blocks': 2, 'num_heads': 4, 'lr': 0.0001}
Epoch 1 | Loss: 0.6179 | Val NDCG: 0.7580 | smoothed: 0.7580
Epoch 2 | Loss: 0.6071 | Val NDCG: 0.7649 | smoothed: 0.7615
Epoch 3 | Loss: 0.6036 | Val NDCG: 0.7683 | smoothed: 0.7637
Epoch 4 | Loss: 0.6016 | Val NDCG: 0.7621 | smoothed: 0.7651
Epoch 5 | Loss: 0.6009 | Val NDCG: 0.7678 | smoothed: 0.7661
Epoch 6 | Loss: 0.5991 | Val NDCG: 0.7712 | smoothed: 0.7670
Epoch 7 | Loss: 0.5985 | Val NDCG: 0.7709 | smoothed: 0.7700
Epoch 8 | Loss: 0.5973 | Val NDCG: 0.7715 | smoothed: 0.7712
Epoch 9 | Loss: 0.5971 | Val NDCG: 0.7682 | smoothed: 0.7702
Epoch 10 | Loss: 0.5962 | Val NDCG: 0.7687 | smoothed: 0.7695
Epoch 11 | Loss: 0.5949 | Val NDCG: 0.7707 | smoothed: 0.7692
Epoch 12 | Loss: 0.5952 | Val NDCG: 0.7727 | smoothed: 0.7707
Epoch 13 | Loss: 0.5956 | Val NDCG: 0.7730 | smoothed: 0.7721
Epoch 14 | Loss: 0.5948 | Val NDCG: 0.7744 | smoothed: 0.7734
Epoch 15 | Loss: 0.5940 | Val NDCG: 0.7773 | smoothed: 0.7749
Epoch 16 | Loss: 0.5934 | Val NDCG: 0.7717 | smoothed: 0.7744
Epoch 17 | Loss: 0.5929 | Val NDCG: 0.7719 | smoothed: 0.7736
Epoch 18 | Loss: 0.5929 | Val NDCG: 0.7729 | smoothed: 0.7722
Epoch 19 | Loss: 0.5931 | Val NDCG: 0.7774 | smoothed: 0.7741
Epoch 20 | Loss: 0.5921 | Val NDCG: 0.7762 | smoothed: 0.7755
Epoch 21 | Loss: 0.5916 | Val NDCG: 0.7774 | smoothed: 0.7770
Epoch 22 | Loss: 0.5916 | Val NDCG: 0.7754 | smoothed: 0.7763
Epoch 23 | Loss: 0.5913 | Val NDCG: 0.7778 | smoothed: 0.7769
Epoch 24 | Loss: 0.5902 | Val NDCG: 0.7779 | smoothed: 0.7770
Epoch 25 | Loss: 0.5911 | Val NDCG: 0.7764 | smoothed: 0.7774
Epoch 26 | Loss: 0.5896 | Val NDCG: 0.7780 | smoothed: 0.7775
Epoch 27 | Loss: 0.5893 | Val NDCG: 0.7807 | smoothed: 0.7784
Epoch 28 | Loss: 0.5899 | Val NDCG: 0.7762 | smoothed: 0.7783
Epoch 29 | Loss: 0.5892 | Val NDCG: 0.7768 | smoothed: 0.7779
Epoch 30 | Loss: 0.5891 | Val NDCG: 0.7771 | smoothed: 0.7767
Epoch 31 | Loss: 0.5879 | Val NDCG: 0.7783 | smoothed: 0.7774
Epoch 32 | Loss: 0.5872 | Val NDCG: 0.7784 | smoothed: 0.7779

Best smoothed NDCG: 0.7784 at epoch 27 of 32 run

1 combinations completed out of 1


--- Grid Search Results ---
 hidden_units  dropout_rate  num_blocks  num_heads     lr  val_ndcg  val_ndcg_raw  best_epoch  epochs_run  max_epochs
          256           0.1           2          4 0.0001  0.778394      0.780735          27          32          40

Best config: {'hidden_units': 256.0, 'dropout_rate': 0.1, 'num_blocks': 2.0, 'num_heads': 4.0, 'lr': 0.0001, 'val_ndcg': 0.778393884102262, 'val_ndcg_raw': 0.7807346006628364, 'best_epoch': 27.0, 'epochs_run': 32.0, 'max_epochs': 40.0}
0 of 1 configs reached max_epochs
0 of 1 were still improving when stopped
Best params saved to ../Models/sasrec_pwts_best_params.json
