task 373 | loss drrl | node slurmnode-gpu05
Tesla P100-PCIE-16GB, 16384 MiB
Tesla P100-PCIE-16GB, 16384 MiB
Tesla P100-PCIE-16GB, 16384 MiB
Tesla P100-PCIE-16GB, 16384 MiB
Using device: cuda
Loading datasets...
Train sessions: 75875 | Val sessions: 16262

Running grid search over 486 combinations...

SLURM array task 373: 1 config -> ../Models/sasrec_grid_drrl_task373.csv
Trying: {'hidden_units': 256, 'dropout_rate': 0.1, 'num_blocks': 3, 'num_heads': 16, 'lr': 0.001, 'gamma': 3}
Epoch 1 | Loss: -0.1638 | Val NDCG: 0.7304 | smoothed: 0.7304
Epoch 2 | Loss: -0.2191 | Val NDCG: 0.7308 | smoothed: 0.7306
Epoch 3 | Loss: -0.2247 | Val NDCG: 0.7299 | smoothed: 0.7304
Epoch 4 | Loss: -0.2273 | Val NDCG: 0.7410 | smoothed: 0.7339
Epoch 5 | Loss: -0.2285 | Val NDCG: 0.7404 | smoothed: 0.7371
Epoch 6 | Loss: -0.2285 | Val NDCG: 0.7735 | smoothed: 0.7516
Epoch 7 | Loss: -0.2288 | Val NDCG: 0.7477 | smoothed: 0.7539
Epoch 8 | Loss: -0.2289 | Val NDCG: 0.7665 | smoothed: 0.7626
Epoch 9 | Loss: -0.2294 | Val NDCG: 0.7550 | smoothed: 0.7564
Epoch 10 | Loss: -0.2296 | Val NDCG: 0.7595 | smoothed: 0.7603
Epoch 11 | Loss: -0.2297 | Val NDCG: 0.7677 | smoothed: 0.7607
Epoch 12 | Loss: -0.2297 | Val NDCG: 0.7643 | smoothed: 0.7638
Epoch 13 | Loss: -0.2297 | Val NDCG: 0.7651 | smoothed: 0.7657
Epoch 14 | Loss: -0.2301 | Val NDCG: 0.7673 | smoothed: 0.7656
Epoch 15 | Loss: -0.2298 | Val NDCG: 0.7605 | smoothed: 0.7643
Epoch 16 | Loss: -0.2298 | Val NDCG: 0.7661 | smoothed: 0.7646
Epoch 17 | Loss: -0.2302 | Val NDCG: 0.7637 | smoothed: 0.7634
Epoch 18 | Loss: -0.2301 | Val NDCG: 0.7675 | smoothed: 0.7658
Epoch 19 | Loss: -0.2301 | Val NDCG: 0.7757 | smoothed: 0.7690
Epoch 20 | Loss: -0.2303 | Val NDCG: 0.7780 | smoothed: 0.7737

Best smoothed NDCG: 0.7737 at epoch 20 of 20 run

1 combinations completed out of 1


--- Grid Search Results ---
 hidden_units  dropout_rate  num_blocks  num_heads    lr  gamma  val_ndcg  val_ndcg_raw  best_epoch  epochs_run  max_epochs
          256           0.1           3         16 0.001      3  0.773745      0.777973          20          20          20

Best config: {'hidden_units': 256.0, 'dropout_rate': 0.1, 'num_blocks': 3.0, 'num_heads': 16.0, 'lr': 0.001, 'gamma': 3.0, 'val_ndcg': 0.7737446211384521, 'val_ndcg_raw': 0.7779734704981696, 'best_epoch': 20.0, 'epochs_run': 20.0, 'max_epochs': 20.0}
1 of 1 configs reached max_epochs
1 of 1 were still improving when stopped
Best params saved to ../Models/sasrec_drrl_best_params.json
