task 395 | loss drrl | node slurmnode-gpu03
Tesla P100-PCIE-16GB, 16384 MiB
Tesla P100-PCIE-16GB, 16384 MiB
Tesla P100-PCIE-16GB, 16384 MiB
Tesla P100-PCIE-16GB, 16384 MiB
Using device: cuda
Loading datasets...
Train sessions: 75875 | Val sessions: 16262

Running grid search over 486 combinations...

SLURM array task 395: 1 config -> ../Models/sasrec_grid_drrl_task395.csv
Trying: {'hidden_units': 256, 'dropout_rate': 0.3, 'num_blocks': 1, 'num_heads': 16, 'lr': 0.0001, 'gamma': 4}
Epoch 1 | Loss: -0.0236 | Val NDCG: 0.7203 | smoothed: 0.7203
Epoch 2 | Loss: -0.2019 | Val NDCG: 0.7168 | smoothed: 0.7186
Epoch 3 | Loss: -0.2172 | Val NDCG: 0.7152 | smoothed: 0.7174
Epoch 4 | Loss: -0.2232 | Val NDCG: 0.7128 | smoothed: 0.7149
Epoch 5 | Loss: -0.2267 | Val NDCG: 0.7128 | smoothed: 0.7136
Epoch 6 | Loss: -0.2282 | Val NDCG: 0.7131 | smoothed: 0.7129

Best smoothed NDCG: 0.7203 at epoch 1 of 6 run

1 combinations completed out of 1


--- Grid Search Results ---
 hidden_units  dropout_rate  num_blocks  num_heads     lr  gamma  val_ndcg  val_ndcg_raw  best_epoch  epochs_run  max_epochs
          256           0.3           1         16 0.0001      4  0.720343      0.720343           1           6          40

Best config: {'hidden_units': 256.0, 'dropout_rate': 0.3, 'num_blocks': 1.0, 'num_heads': 16.0, 'lr': 0.0001, 'gamma': 4.0, 'val_ndcg': 0.7203432588413082, 'val_ndcg_raw': 0.7203432588413082, 'best_epoch': 1.0, 'epochs_run': 6.0, 'max_epochs': 40.0}
0 of 1 configs reached max_epochs
0 of 1 were still improving when stopped
Best params saved to ../Models/sasrec_drrl_best_params.json
