task 123 | loss bce | node slurmnode-gpu07
NVIDIA A40, 46068 MiB
NVIDIA A40, 46068 MiB
NVIDIA A40, 46068 MiB
NVIDIA A40, 46068 MiB
Using device: cuda
Loading datasets...
Train sessions: 75875 | Val sessions: 16262

Running grid search over 162 combinations...

SLURM array task 123: 1 config -> ../Models/sasrec_grid_bce_task123.csv
Trying: {'hidden_units': 256, 'dropout_rate': 0.1, 'num_blocks': 3, 'num_heads': 8, 'lr': 0.0001}
Epoch 1 | Loss: 0.5884 | Val NDCG: 0.7575 | smoothed: 0.7575
Epoch 2 | Loss: 0.5761 | Val NDCG: 0.7610 | smoothed: 0.7593
Epoch 3 | Loss: 0.5742 | Val NDCG: 0.7719 | smoothed: 0.7635
Epoch 4 | Loss: 0.5707 | Val NDCG: 0.7674 | smoothed: 0.7668
Epoch 5 | Loss: 0.5699 | Val NDCG: 0.7697 | smoothed: 0.7697
Epoch 6 | Loss: 0.5695 | Val NDCG: 0.7663 | smoothed: 0.7678
Epoch 7 | Loss: 0.5686 | Val NDCG: 0.7707 | smoothed: 0.7689
Epoch 8 | Loss: 0.5672 | Val NDCG: 0.7734 | smoothed: 0.7701
Epoch 9 | Loss: 0.5666 | Val NDCG: 0.7730 | smoothed: 0.7724
Epoch 10 | Loss: 0.5664 | Val NDCG: 0.7778 | smoothed: 0.7747
Epoch 11 | Loss: 0.5660 | Val NDCG: 0.7754 | smoothed: 0.7754
Epoch 12 | Loss: 0.5652 | Val NDCG: 0.7760 | smoothed: 0.7764
Epoch 13 | Loss: 0.5649 | Val NDCG: 0.7745 | smoothed: 0.7753
Epoch 14 | Loss: 0.5641 | Val NDCG: 0.7765 | smoothed: 0.7757
Epoch 15 | Loss: 0.5630 | Val NDCG: 0.7727 | smoothed: 0.7746
Epoch 16 | Loss: 0.5632 | Val NDCG: 0.7775 | smoothed: 0.7756
Epoch 17 | Loss: 0.5622 | Val NDCG: 0.7768 | smoothed: 0.7757

Best smoothed NDCG: 0.7764 at epoch 12 of 17 run

1 combinations completed out of 1


--- Grid Search Results ---
 hidden_units  dropout_rate  num_blocks  num_heads     lr  val_ndcg  val_ndcg_raw  best_epoch  epochs_run  max_epochs
          256           0.1           3          8 0.0001  0.776404      0.775997          12          17          40

Best config: {'hidden_units': 256.0, 'dropout_rate': 0.1, 'num_blocks': 3.0, 'num_heads': 8.0, 'lr': 0.0001, 'val_ndcg': 0.776404259968314, 'val_ndcg_raw': 0.7759971870273533, 'best_epoch': 12.0, 'epochs_run': 17.0, 'max_epochs': 40.0}
0 of 1 configs reached max_epochs
0 of 1 were still improving when stopped
Best params saved to ../Models/sasrec_bce_best_params.json
