task 78 | loss drrl | node slurmnode-gpu07
NVIDIA A40, 46068 MiB
NVIDIA A40, 46068 MiB
NVIDIA A40, 46068 MiB
NVIDIA A40, 46068 MiB
Using device: cuda
Loading datasets...
Train sessions: 75875 | Val sessions: 16262

Running grid search over 486 combinations...

SLURM array task 78: 1 config -> ../Models/sasrec_grid_drrl_task78.csv
Trying: {'hidden_units': 64, 'dropout_rate': 0.3, 'num_blocks': 2, 'num_heads': 8, 'lr': 0.001, 'gamma': 2}
Epoch 1 | Loss: -0.1831 | Val NDCG: 0.7248 | smoothed: 0.7248
Epoch 2 | Loss: -0.2220 | Val NDCG: 0.7215 | smoothed: 0.7232
Epoch 3 | Loss: -0.2244 | Val NDCG: 0.7153 | smoothed: 0.7205
Epoch 4 | Loss: -0.2260 | Val NDCG: 0.7126 | smoothed: 0.7165
Epoch 5 | Loss: -0.2272 | Val NDCG: 0.7185 | smoothed: 0.7155
Epoch 6 | Loss: -0.2276 | Val NDCG: 0.7414 | smoothed: 0.7242

Best smoothed NDCG: 0.7248 at epoch 1 of 6 run

1 combinations completed out of 1


--- Grid Search Results ---
 hidden_units  dropout_rate  num_blocks  num_heads    lr  gamma  val_ndcg  val_ndcg_raw  best_epoch  epochs_run  max_epochs
           64           0.3           2          8 0.001      2  0.724802      0.724802           1           6          20

Best config: {'hidden_units': 64.0, 'dropout_rate': 0.3, 'num_blocks': 2.0, 'num_heads': 8.0, 'lr': 0.001, 'gamma': 2.0, 'val_ndcg': 0.7248018094741874, 'val_ndcg_raw': 0.7248018094741874, 'best_epoch': 1.0, 'epochs_run': 6.0, 'max_epochs': 20.0}
0 of 1 configs reached max_epochs
0 of 1 were still improving when stopped
Best params saved to ../Models/sasrec_drrl_best_params.json
