task 445 | loss drrl | node slurmnode-gpu03
Tesla P100-PCIE-16GB, 16384 MiB
Tesla P100-PCIE-16GB, 16384 MiB
Tesla P100-PCIE-16GB, 16384 MiB
Tesla P100-PCIE-16GB, 16384 MiB
Using device: cuda
Loading datasets...
Train sessions: 75875 | Val sessions: 16262

Running grid search over 486 combinations...

SLURM array task 445: 1 config -> ../Models/sasrec_grid_drrl_task445.csv
Trying: {'hidden_units': 256, 'dropout_rate': 0.5, 'num_blocks': 1, 'num_heads': 16, 'lr': 0.001, 'gamma': 3}
Epoch 1 | Loss: -0.1773 | Val NDCG: 0.7044 | smoothed: 0.7044
Epoch 2 | Loss: -0.2224 | Val NDCG: 0.7099 | smoothed: 0.7072
Epoch 3 | Loss: -0.2258 | Val NDCG: 0.7106 | smoothed: 0.7083
Epoch 4 | Loss: -0.2272 | Val NDCG: 0.7585 | smoothed: 0.7263
Epoch 5 | Loss: -0.2282 | Val NDCG: 0.7234 | smoothed: 0.7308
Epoch 6 | Loss: -0.2286 | Val NDCG: 0.7336 | smoothed: 0.7385
Epoch 7 | Loss: -0.2288 | Val NDCG: 0.7487 | smoothed: 0.7353
Epoch 8 | Loss: -0.2291 | Val NDCG: 0.7642 | smoothed: 0.7488
Epoch 9 | Loss: -0.2290 | Val NDCG: 0.7542 | smoothed: 0.7557
Epoch 10 | Loss: -0.2292 | Val NDCG: 0.7608 | smoothed: 0.7597
Epoch 11 | Loss: -0.2295 | Val NDCG: 0.7698 | smoothed: 0.7616
Epoch 12 | Loss: -0.2293 | Val NDCG: 0.6855 | smoothed: 0.7387
Epoch 13 | Loss: -0.2294 | Val NDCG: 0.7475 | smoothed: 0.7343
Epoch 14 | Loss: -0.2291 | Val NDCG: 0.7705 | smoothed: 0.7345
Epoch 15 | Loss: -0.2298 | Val NDCG: 0.7719 | smoothed: 0.7633
Epoch 16 | Loss: -0.2296 | Val NDCG: 0.7701 | smoothed: 0.7708
Epoch 17 | Loss: -0.2298 | Val NDCG: 0.7636 | smoothed: 0.7685
Epoch 18 | Loss: -0.2298 | Val NDCG: 0.7710 | smoothed: 0.7682
Epoch 19 | Loss: -0.2299 | Val NDCG: 0.7778 | smoothed: 0.7708
Epoch 20 | Loss: -0.2298 | Val NDCG: 0.7692 | smoothed: 0.7726

Best smoothed NDCG: 0.7726 at epoch 20 of 20 run

1 combinations completed out of 1


--- Grid Search Results ---
 hidden_units  dropout_rate  num_blocks  num_heads    lr  gamma  val_ndcg  val_ndcg_raw  best_epoch  epochs_run  max_epochs
          256           0.5           1         16 0.001      3  0.772634      0.769176          20          20          20

Best config: {'hidden_units': 256.0, 'dropout_rate': 0.5, 'num_blocks': 1.0, 'num_heads': 16.0, 'lr': 0.001, 'gamma': 3.0, 'val_ndcg': 0.7726338178172966, 'val_ndcg_raw': 0.7691761111393162, 'best_epoch': 20.0, 'epochs_run': 20.0, 'max_epochs': 20.0}
1 of 1 configs reached max_epochs
1 of 1 were still improving when stopped
Best params saved to ../Models/sasrec_drrl_best_params.json
