task 313 | loss drrl | node slurmnode-gpu03
Tesla P100-PCIE-16GB, 16384 MiB
Tesla P100-PCIE-16GB, 16384 MiB
Tesla P100-PCIE-16GB, 16384 MiB
Tesla P100-PCIE-16GB, 16384 MiB
Using device: cuda
Loading datasets...
Train sessions: 75875 | Val sessions: 16262

Running grid search over 486 combinations...

SLURM array task 313: 1 config -> ../Models/sasrec_grid_drrl_task313.csv
Trying: {'hidden_units': 128, 'dropout_rate': 0.5, 'num_blocks': 3, 'num_heads': 8, 'lr': 0.001, 'gamma': 3}
Epoch 1 | Loss: -0.1889 | Val NDCG: 0.7263 | smoothed: 0.7263
Epoch 2 | Loss: -0.2240 | Val NDCG: 0.7228 | smoothed: 0.7245
Epoch 3 | Loss: -0.2265 | Val NDCG: 0.7238 | smoothed: 0.7243
Epoch 4 | Loss: -0.2276 | Val NDCG: 0.7494 | smoothed: 0.7320
Epoch 5 | Loss: -0.2280 | Val NDCG: 0.7157 | smoothed: 0.7296
Epoch 6 | Loss: -0.2283 | Val NDCG: 0.7580 | smoothed: 0.7410
Epoch 7 | Loss: -0.2291 | Val NDCG: 0.7598 | smoothed: 0.7445
Epoch 8 | Loss: -0.2292 | Val NDCG: 0.7594 | smoothed: 0.7591
Epoch 9 | Loss: -0.2293 | Val NDCG: 0.7609 | smoothed: 0.7601
Epoch 10 | Loss: -0.2294 | Val NDCG: 0.7582 | smoothed: 0.7595
Epoch 11 | Loss: -0.2295 | Val NDCG: 0.7717 | smoothed: 0.7636
Epoch 12 | Loss: -0.2294 | Val NDCG: 0.7648 | smoothed: 0.7649
Epoch 13 | Loss: -0.2294 | Val NDCG: 0.7716 | smoothed: 0.7694
Epoch 14 | Loss: -0.2297 | Val NDCG: 0.7738 | smoothed: 0.7700
Epoch 15 | Loss: -0.2297 | Val NDCG: 0.7582 | smoothed: 0.7678
Epoch 16 | Loss: -0.2299 | Val NDCG: 0.7706 | smoothed: 0.7675
Epoch 17 | Loss: -0.2295 | Val NDCG: 0.7703 | smoothed: 0.7664
Epoch 18 | Loss: -0.2298 | Val NDCG: 0.7625 | smoothed: 0.7678
Epoch 19 | Loss: -0.2293 | Val NDCG: 0.7719 | smoothed: 0.7682

Best smoothed NDCG: 0.7700 at epoch 14 of 19 run

1 combinations completed out of 1


--- Grid Search Results ---
 hidden_units  dropout_rate  num_blocks  num_heads    lr  gamma  val_ndcg  val_ndcg_raw  best_epoch  epochs_run  max_epochs
          128           0.5           3          8 0.001      3  0.770049      0.773765          14          19          20

Best config: {'hidden_units': 128.0, 'dropout_rate': 0.5, 'num_blocks': 3.0, 'num_heads': 8.0, 'lr': 0.001, 'gamma': 3.0, 'val_ndcg': 0.7700493248763601, 'val_ndcg_raw': 0.7737653251693357, 'best_epoch': 14.0, 'epochs_run': 19.0, 'max_epochs': 20.0}
0 of 1 configs reached max_epochs
0 of 1 were still improving when stopped
Best params saved to ../Models/sasrec_drrl_best_params.json
