task 107 | loss bce | node slurmnode-gpu05
Tesla P100-PCIE-16GB, 16384 MiB
Tesla P100-PCIE-16GB, 16384 MiB
Tesla P100-PCIE-16GB, 16384 MiB
Tesla P100-PCIE-16GB, 16384 MiB
Using device: cuda
Loading datasets...
Train sessions: 75875 | Val sessions: 16262

Running grid search over 162 combinations...

SLURM array task 107: 1 config -> ../Models/sasrec_grid_bce_task107.csv
Trying: {'hidden_units': 128, 'dropout_rate': 0.5, 'num_blocks': 3, 'num_heads': 16, 'lr': 0.0001}
Epoch 1 | Loss: 0.6092 | Val NDCG: 0.7350 | smoothed: 0.7350
Epoch 2 | Loss: 0.5937 | Val NDCG: 0.7467 | smoothed: 0.7409
Epoch 3 | Loss: 0.5885 | Val NDCG: 0.7508 | smoothed: 0.7442
Epoch 4 | Loss: 0.5859 | Val NDCG: 0.7570 | smoothed: 0.7515
Epoch 5 | Loss: 0.5818 | Val NDCG: 0.7563 | smoothed: 0.7547
Epoch 6 | Loss: 0.5818 | Val NDCG: 0.7577 | smoothed: 0.7570
Epoch 7 | Loss: 0.5792 | Val NDCG: 0.7578 | smoothed: 0.7573
Epoch 8 | Loss: 0.5782 | Val NDCG: 0.7589 | smoothed: 0.7581
Epoch 9 | Loss: 0.5771 | Val NDCG: 0.7597 | smoothed: 0.7588
Epoch 10 | Loss: 0.5751 | Val NDCG: 0.7628 | smoothed: 0.7604
Epoch 11 | Loss: 0.5752 | Val NDCG: 0.7642 | smoothed: 0.7622
Epoch 12 | Loss: 0.5751 | Val NDCG: 0.7647 | smoothed: 0.7639
Epoch 13 | Loss: 0.5748 | Val NDCG: 0.7632 | smoothed: 0.7640
Epoch 14 | Loss: 0.5739 | Val NDCG: 0.7623 | smoothed: 0.7634
Epoch 15 | Loss: 0.5726 | Val NDCG: 0.7659 | smoothed: 0.7638
Epoch 16 | Loss: 0.5738 | Val NDCG: 0.7643 | smoothed: 0.7641
Epoch 17 | Loss: 0.5730 | Val NDCG: 0.7671 | smoothed: 0.7657
Epoch 18 | Loss: 0.5729 | Val NDCG: 0.7661 | smoothed: 0.7658
Epoch 19 | Loss: 0.5717 | Val NDCG: 0.7665 | smoothed: 0.7665
Epoch 20 | Loss: 0.5727 | Val NDCG: 0.7656 | smoothed: 0.7661
Epoch 21 | Loss: 0.5715 | Val NDCG: 0.7650 | smoothed: 0.7657
Epoch 22 | Loss: 0.5715 | Val NDCG: 0.7669 | smoothed: 0.7658
Epoch 23 | Loss: 0.5722 | Val NDCG: 0.7664 | smoothed: 0.7661
Epoch 24 | Loss: 0.5702 | Val NDCG: 0.7668 | smoothed: 0.7667
Epoch 25 | Loss: 0.5704 | Val NDCG: 0.7675 | smoothed: 0.7669
Epoch 26 | Loss: 0.5702 | Val NDCG: 0.7684 | smoothed: 0.7676
Epoch 27 | Loss: 0.5701 | Val NDCG: 0.7689 | smoothed: 0.7683
Epoch 28 | Loss: 0.5709 | Val NDCG: 0.7687 | smoothed: 0.7687
Epoch 29 | Loss: 0.5702 | Val NDCG: 0.7662 | smoothed: 0.7679
Epoch 30 | Loss: 0.5711 | Val NDCG: 0.7690 | smoothed: 0.7680
Epoch 31 | Loss: 0.5705 | Val NDCG: 0.7701 | smoothed: 0.7684
Epoch 32 | Loss: 0.5705 | Val NDCG: 0.7664 | smoothed: 0.7685
Epoch 33 | Loss: 0.5701 | Val NDCG: 0.7664 | smoothed: 0.7676

Best smoothed NDCG: 0.7687 at epoch 28 of 33 run

1 combinations completed out of 1


--- Grid Search Results ---
 hidden_units  dropout_rate  num_blocks  num_heads     lr  val_ndcg  val_ndcg_raw  best_epoch  epochs_run  max_epochs
          128           0.5           3         16 0.0001  0.768694      0.768741          28          33          40

Best config: {'hidden_units': 128.0, 'dropout_rate': 0.5, 'num_blocks': 3.0, 'num_heads': 16.0, 'lr': 0.0001, 'val_ndcg': 0.7686943831738814, 'val_ndcg_raw': 0.7687411212235777, 'best_epoch': 28.0, 'epochs_run': 33.0, 'max_epochs': 40.0}
0 of 1 configs reached max_epochs
0 of 1 were still improving when stopped
Best params saved to ../Models/sasrec_bce_best_params.json
