task 308 | loss drrl | node slurmnode-gpu03
Tesla P100-PCIE-16GB, 16384 MiB
Tesla P100-PCIE-16GB, 16384 MiB
Tesla P100-PCIE-16GB, 16384 MiB
Tesla P100-PCIE-16GB, 16384 MiB
Using device: cuda
Loading datasets...
Train sessions: 75875 | Val sessions: 16262

Running grid search over 486 combinations...

SLURM array task 308: 1 config -> ../Models/sasrec_grid_drrl_task308.csv
Trying: {'hidden_units': 128, 'dropout_rate': 0.5, 'num_blocks': 3, 'num_heads': 4, 'lr': 0.001, 'gamma': 4}
Epoch 1 | Loss: -0.1839 | Val NDCG: 0.7294 | smoothed: 0.7294
Epoch 2 | Loss: -0.2238 | Val NDCG: 0.7195 | smoothed: 0.7245
Epoch 3 | Loss: -0.2242 | Val NDCG: 0.7172 | smoothed: 0.7220
Epoch 4 | Loss: -0.2266 | Val NDCG: 0.7317 | smoothed: 0.7228
Epoch 5 | Loss: -0.2268 | Val NDCG: 0.7297 | smoothed: 0.7262
Epoch 6 | Loss: -0.2271 | Val NDCG: 0.7415 | smoothed: 0.7343
Epoch 7 | Loss: -0.2284 | Val NDCG: 0.7560 | smoothed: 0.7424
Epoch 8 | Loss: -0.2286 | Val NDCG: 0.7640 | smoothed: 0.7538
Epoch 9 | Loss: -0.2289 | Val NDCG: 0.7552 | smoothed: 0.7584
Epoch 10 | Loss: -0.2289 | Val NDCG: 0.7646 | smoothed: 0.7613
Epoch 11 | Loss: -0.2293 | Val NDCG: 0.7657 | smoothed: 0.7618
Epoch 12 | Loss: -0.2291 | Val NDCG: 0.7612 | smoothed: 0.7638
Epoch 13 | Loss: -0.2295 | Val NDCG: 0.7704 | smoothed: 0.7658
Epoch 14 | Loss: -0.2292 | Val NDCG: 0.7568 | smoothed: 0.7628
Epoch 15 | Loss: -0.2295 | Val NDCG: 0.7648 | smoothed: 0.7640
Epoch 16 | Loss: -0.2294 | Val NDCG: 0.7627 | smoothed: 0.7614
Epoch 17 | Loss: -0.2297 | Val NDCG: 0.7654 | smoothed: 0.7643
Epoch 18 | Loss: -0.2298 | Val NDCG: 0.7695 | smoothed: 0.7659
Epoch 19 | Loss: -0.2297 | Val NDCG: 0.7673 | smoothed: 0.7674
Epoch 20 | Loss: -0.2297 | Val NDCG: 0.7700 | smoothed: 0.7689

Best smoothed NDCG: 0.7689 at epoch 20 of 20 run

1 combinations completed out of 1


--- Grid Search Results ---
 hidden_units  dropout_rate  num_blocks  num_heads    lr  gamma  val_ndcg  val_ndcg_raw  best_epoch  epochs_run  max_epochs
          128           0.5           3          4 0.001      4  0.768928      0.769961          20          20          20

Best config: {'hidden_units': 128.0, 'dropout_rate': 0.5, 'num_blocks': 3.0, 'num_heads': 4.0, 'lr': 0.001, 'gamma': 4.0, 'val_ndcg': 0.7689276880427695, 'val_ndcg_raw': 0.7699614095276859, 'best_epoch': 20.0, 'epochs_run': 20.0, 'max_epochs': 20.0}
1 of 1 configs reached max_epochs
1 of 1 were still improving when stopped
Best params saved to ../Models/sasrec_drrl_best_params.json
