task 78 | loss pwts | node slurmnode-gpu05
Tesla P100-PCIE-16GB, 16384 MiB
Tesla P100-PCIE-16GB, 16384 MiB
Tesla P100-PCIE-16GB, 16384 MiB
Tesla P100-PCIE-16GB, 16384 MiB
Using device: cuda
Loading datasets...
Train sessions: 75875 | Val sessions: 16262

Running grid search over 162 combinations...

SLURM array task 78: 1 config -> ../Models/sasrec_grid_pwts_task78.csv
Trying: {'hidden_units': 128, 'dropout_rate': 0.3, 'num_blocks': 2, 'num_heads': 4, 'lr': 0.001}
Epoch 1 | Loss: 0.6212 | Val NDCG: 0.7563 | smoothed: 0.7563
Epoch 2 | Loss: 0.6096 | Val NDCG: 0.7585 | smoothed: 0.7574
Epoch 3 | Loss: 0.6066 | Val NDCG: 0.7654 | smoothed: 0.7601
Epoch 4 | Loss: 0.6044 | Val NDCG: 0.7722 | smoothed: 0.7654
Epoch 5 | Loss: 0.6026 | Val NDCG: 0.7705 | smoothed: 0.7694
Epoch 6 | Loss: 0.6027 | Val NDCG: 0.7706 | smoothed: 0.7711
Epoch 7 | Loss: 0.6008 | Val NDCG: 0.7747 | smoothed: 0.7720
Epoch 8 | Loss: 0.6001 | Val NDCG: 0.7737 | smoothed: 0.7730
Epoch 9 | Loss: 0.5974 | Val NDCG: 0.7730 | smoothed: 0.7738
Epoch 10 | Loss: 0.5987 | Val NDCG: 0.7746 | smoothed: 0.7738
Epoch 11 | Loss: 0.5987 | Val NDCG: 0.7785 | smoothed: 0.7753
Epoch 12 | Loss: 0.5971 | Val NDCG: 0.7764 | smoothed: 0.7765
Epoch 13 | Loss: 0.5970 | Val NDCG: 0.7783 | smoothed: 0.7777
Epoch 14 | Loss: 0.5967 | Val NDCG: 0.7781 | smoothed: 0.7776
Epoch 15 | Loss: 0.5971 | Val NDCG: 0.7775 | smoothed: 0.7779
Epoch 16 | Loss: 0.5952 | Val NDCG: 0.7783 | smoothed: 0.7779
Epoch 17 | Loss: 0.5944 | Val NDCG: 0.7787 | smoothed: 0.7782
Epoch 18 | Loss: 0.5954 | Val NDCG: 0.7731 | smoothed: 0.7767
Epoch 19 | Loss: 0.5944 | Val NDCG: 0.7781 | smoothed: 0.7767
Epoch 20 | Loss: 0.5948 | Val NDCG: 0.7788 | smoothed: 0.7767

Best smoothed NDCG: 0.7782 at epoch 17 of 20 run

1 combinations completed out of 1


--- Grid Search Results ---
 hidden_units  dropout_rate  num_blocks  num_heads    lr  val_ndcg  val_ndcg_raw  best_epoch  epochs_run  max_epochs
          128           0.3           2          4 0.001  0.778158      0.778725          17          20          20

Best config: {'hidden_units': 128.0, 'dropout_rate': 0.3, 'num_blocks': 2.0, 'num_heads': 4.0, 'lr': 0.001, 'val_ndcg': 0.7781575859658235, 'val_ndcg_raw': 0.7787246125700192, 'best_epoch': 17.0, 'epochs_run': 20.0, 'max_epochs': 20.0}
1 of 1 configs reached max_epochs
0 of 1 were still improving when stopped
Best params saved to ../Models/sasrec_pwts_best_params.json
