task 74 | loss pwts | node slurmnode-gpu05
Tesla P100-PCIE-16GB, 16384 MiB
Tesla P100-PCIE-16GB, 16384 MiB
Tesla P100-PCIE-16GB, 16384 MiB
Tesla P100-PCIE-16GB, 16384 MiB
Using device: cuda
Loading datasets...
Train sessions: 75875 | Val sessions: 16262

Running grid search over 162 combinations...

SLURM array task 74: 1 config -> ../Models/sasrec_grid_pwts_task74.csv
Trying: {'hidden_units': 128, 'dropout_rate': 0.3, 'num_blocks': 1, 'num_heads': 8, 'lr': 0.001}
Epoch 1 | Loss: 0.6226 | Val NDCG: 0.7567 | smoothed: 0.7567
Epoch 2 | Loss: 0.6116 | Val NDCG: 0.7601 | smoothed: 0.7584
Epoch 3 | Loss: 0.6086 | Val NDCG: 0.7666 | smoothed: 0.7612
Epoch 4 | Loss: 0.6059 | Val NDCG: 0.7712 | smoothed: 0.7660
Epoch 5 | Loss: 0.6042 | Val NDCG: 0.7666 | smoothed: 0.7681
Epoch 6 | Loss: 0.6038 | Val NDCG: 0.7731 | smoothed: 0.7703
Epoch 7 | Loss: 0.6029 | Val NDCG: 0.7755 | smoothed: 0.7717
Epoch 8 | Loss: 0.6019 | Val NDCG: 0.7762 | smoothed: 0.7750
Epoch 9 | Loss: 0.6013 | Val NDCG: 0.7744 | smoothed: 0.7754
Epoch 10 | Loss: 0.6015 | Val NDCG: 0.7761 | smoothed: 0.7756
Epoch 11 | Loss: 0.6002 | Val NDCG: 0.7770 | smoothed: 0.7759
Epoch 12 | Loss: 0.5985 | Val NDCG: 0.7775 | smoothed: 0.7769
Epoch 13 | Loss: 0.5978 | Val NDCG: 0.7791 | smoothed: 0.7779
Epoch 14 | Loss: 0.5978 | Val NDCG: 0.7754 | smoothed: 0.7773
Epoch 15 | Loss: 0.5965 | Val NDCG: 0.7808 | smoothed: 0.7784
Epoch 16 | Loss: 0.5968 | Val NDCG: 0.7772 | smoothed: 0.7778
Epoch 17 | Loss: 0.5965 | Val NDCG: 0.7802 | smoothed: 0.7794
Epoch 18 | Loss: 0.5958 | Val NDCG: 0.7758 | smoothed: 0.7778
Epoch 19 | Loss: 0.5956 | Val NDCG: 0.7776 | smoothed: 0.7779
Epoch 20 | Loss: 0.5937 | Val NDCG: 0.7797 | smoothed: 0.7777

Best smoothed NDCG: 0.7794 at epoch 17 of 20 run

1 combinations completed out of 1


--- Grid Search Results ---
 hidden_units  dropout_rate  num_blocks  num_heads    lr  val_ndcg  val_ndcg_raw  best_epoch  epochs_run  max_epochs
          128           0.3           1          8 0.001  0.779424       0.78025          17          20          20

Best config: {'hidden_units': 128.0, 'dropout_rate': 0.3, 'num_blocks': 1.0, 'num_heads': 8.0, 'lr': 0.001, 'val_ndcg': 0.7794236456848571, 'val_ndcg_raw': 0.7802497273347114, 'best_epoch': 17.0, 'epochs_run': 20.0, 'max_epochs': 20.0}
1 of 1 configs reached max_epochs
0 of 1 were still improving when stopped
Best params saved to ../Models/sasrec_pwts_best_params.json
