task 102 | loss drrl | node slurmnode-gpu07
NVIDIA A40, 46068 MiB
NVIDIA A40, 46068 MiB
NVIDIA A40, 46068 MiB
NVIDIA A40, 46068 MiB
Using device: cuda
Loading datasets...
Train sessions: 75875 | Val sessions: 16262

Running grid search over 486 combinations...

SLURM array task 102: 1 config -> ../Models/sasrec_grid_drrl_task102.csv
Trying: {'hidden_units': 64, 'dropout_rate': 0.3, 'num_blocks': 3, 'num_heads': 16, 'lr': 0.001, 'gamma': 2}
Epoch 1 | Loss: -0.1660 | Val NDCG: 0.7215 | smoothed: 0.7215
Epoch 2 | Loss: -0.2208 | Val NDCG: 0.7196 | smoothed: 0.7206
Epoch 3 | Loss: -0.2233 | Val NDCG: 0.6995 | smoothed: 0.7136
Epoch 4 | Loss: -0.2261 | Val NDCG: 0.7387 | smoothed: 0.7193
Epoch 5 | Loss: -0.2269 | Val NDCG: 0.7103 | smoothed: 0.7162
Epoch 6 | Loss: -0.2277 | Val NDCG: 0.7005 | smoothed: 0.7165

Best smoothed NDCG: 0.7215 at epoch 1 of 6 run

1 combinations completed out of 1


--- Grid Search Results ---
 hidden_units  dropout_rate  num_blocks  num_heads    lr  gamma  val_ndcg  val_ndcg_raw  best_epoch  epochs_run  max_epochs
           64           0.3           3         16 0.001      2   0.72151       0.72151           1           6          20

Best config: {'hidden_units': 64.0, 'dropout_rate': 0.3, 'num_blocks': 3.0, 'num_heads': 16.0, 'lr': 0.001, 'gamma': 2.0, 'val_ndcg': 0.7215095033919594, 'val_ndcg_raw': 0.7215095033919594, 'best_epoch': 1.0, 'epochs_run': 6.0, 'max_epochs': 20.0}
0 of 1 configs reached max_epochs
0 of 1 were still improving when stopped
Best params saved to ../Models/sasrec_drrl_best_params.json
