Traceback (most recent call last):
  File "/home/wmcken01/project/Model Scripts/SASRec_tuning.py", line 177, in <module>
    train_loss = train_epoch(model, train_loader, optimizer, criterion, device,
  File "/home/wmcken01/project/Model Scripts/Model_lib.py", line 289, in train_epoch
    preds = model(sessions, lengths, status, boundaries)
  File "/home/wmcken01/venv/lib/python3.10/site-packages/torch/nn/modules/module.py", line 1736, in _wrapped_call_impl
    return self._call_impl(*args, **kwargs)
  File "/home/wmcken01/venv/lib/python3.10/site-packages/torch/nn/modules/module.py", line 1747, in _call_impl
    return forward_call(*args, **kwargs)
  File "/home/wmcken01/project/Model Scripts/Model_lib.py", line 238, in forward
    feats = self.seq2feats(x, lengths, status, boundaries)
  File "/home/wmcken01/project/Model Scripts/Model_lib.py", line 226, in seq2feats
    mha_out, _ = self.attention_layers[i](x_, x_, x_, attn_mask=attn_mask)
  File "/home/wmcken01/venv/lib/python3.10/site-packages/torch/nn/modules/module.py", line 1736, in _wrapped_call_impl
    return self._call_impl(*args, **kwargs)
  File "/home/wmcken01/venv/lib/python3.10/site-packages/torch/nn/modules/module.py", line 1747, in _call_impl
    return forward_call(*args, **kwargs)
  File "/home/wmcken01/venv/lib/python3.10/site-packages/torch/nn/modules/activation.py", line 1368, in forward
    attn_output, attn_output_weights = F.multi_head_attention_forward(
  File "/home/wmcken01/venv/lib/python3.10/site-packages/torch/nn/functional.py", line 6237, in multi_head_attention_forward
    attn_output_weights = torch.baddbmm(
torch.OutOfMemoryError: CUDA out of memory. Tried to allocate 1.36 GiB. GPU 0 has a total capacity of 15.89 GiB of which 104.12 MiB is free. Process 117669 has 9.18 GiB memory in use. Including non-PyTorch memory, this process has 6.61 GiB memory in use. Of the allocated memory 5.35 GiB is allocated by PyTorch, and 981.93 MiB is reserved by PyTorch but unallocated. If reserved but unallocated memory is large try setting PYTORCH_CUDA_ALLOC_CONF=expandable_segments:True to avoid fragmentation.  See documentation for Memory Management  (https://pytorch.org/docs/stable/notes/cuda.html#environment-variables)
