task 137 | loss bce | node slurmnode-gpu07
NVIDIA A40, 46068 MiB
NVIDIA A40, 46068 MiB
NVIDIA A40, 46068 MiB
NVIDIA A40, 46068 MiB
Using device: cuda
Loading datasets...
Train sessions: 75875 | Val sessions: 16262

Running grid search over 162 combinations...

SLURM array task 137: 1 config -> ../Models/sasrec_grid_bce_task137.csv
Trying: {'hidden_units': 256, 'dropout_rate': 0.3, 'num_blocks': 2, 'num_heads': 16, 'lr': 0.0001}
Epoch 1 | Loss: 0.5955 | Val NDCG: 0.7479 | smoothed: 0.7479
Epoch 2 | Loss: 0.5832 | Val NDCG: 0.7579 | smoothed: 0.7529
Epoch 3 | Loss: 0.5786 | Val NDCG: 0.7626 | smoothed: 0.7561
Epoch 4 | Loss: 0.5775 | Val NDCG: 0.7664 | smoothed: 0.7623
Epoch 5 | Loss: 0.5752 | Val NDCG: 0.7674 | smoothed: 0.7654
Epoch 6 | Loss: 0.5737 | Val NDCG: 0.7638 | smoothed: 0.7658
Epoch 7 | Loss: 0.5730 | Val NDCG: 0.7667 | smoothed: 0.7660
Epoch 8 | Loss: 0.5729 | Val NDCG: 0.7711 | smoothed: 0.7672
Epoch 9 | Loss: 0.5712 | Val NDCG: 0.7659 | smoothed: 0.7679
Epoch 10 | Loss: 0.5710 | Val NDCG: 0.7718 | smoothed: 0.7696
Epoch 11 | Loss: 0.5704 | Val NDCG: 0.7707 | smoothed: 0.7695
Epoch 12 | Loss: 0.5699 | Val NDCG: 0.7731 | smoothed: 0.7719
Epoch 13 | Loss: 0.5691 | Val NDCG: 0.7751 | smoothed: 0.7730
Epoch 14 | Loss: 0.5693 | Val NDCG: 0.7712 | smoothed: 0.7732
Epoch 15 | Loss: 0.5679 | Val NDCG: 0.7720 | smoothed: 0.7728
Epoch 16 | Loss: 0.5690 | Val NDCG: 0.7759 | smoothed: 0.7730
Epoch 17 | Loss: 0.5681 | Val NDCG: 0.7766 | smoothed: 0.7748
Epoch 18 | Loss: 0.5686 | Val NDCG: 0.7747 | smoothed: 0.7757
Epoch 19 | Loss: 0.5668 | Val NDCG: 0.7760 | smoothed: 0.7758
Epoch 20 | Loss: 0.5671 | Val NDCG: 0.7753 | smoothed: 0.7753
Epoch 21 | Loss: 0.5666 | Val NDCG: 0.7779 | smoothed: 0.7764
Epoch 22 | Loss: 0.5655 | Val NDCG: 0.7747 | smoothed: 0.7760
Epoch 23 | Loss: 0.5662 | Val NDCG: 0.7767 | smoothed: 0.7764
Epoch 24 | Loss: 0.5652 | Val NDCG: 0.7734 | smoothed: 0.7749
Epoch 25 | Loss: 0.5663 | Val NDCG: 0.7796 | smoothed: 0.7765
Epoch 26 | Loss: 0.5652 | Val NDCG: 0.7763 | smoothed: 0.7764
Epoch 27 | Loss: 0.5651 | Val NDCG: 0.7769 | smoothed: 0.7776
Epoch 28 | Loss: 0.5651 | Val NDCG: 0.7758 | smoothed: 0.7763
Epoch 29 | Loss: 0.5649 | Val NDCG: 0.7763 | smoothed: 0.7763
Epoch 30 | Loss: 0.5634 | Val NDCG: 0.7765 | smoothed: 0.7762
Epoch 31 | Loss: 0.5651 | Val NDCG: 0.7791 | smoothed: 0.7773
Epoch 32 | Loss: 0.5636 | Val NDCG: 0.7782 | smoothed: 0.7779
Epoch 33 | Loss: 0.5644 | Val NDCG: 0.7779 | smoothed: 0.7784
Epoch 34 | Loss: 0.5631 | Val NDCG: 0.7810 | smoothed: 0.7790
Epoch 35 | Loss: 0.5639 | Val NDCG: 0.7793 | smoothed: 0.7794
Epoch 36 | Loss: 0.5633 | Val NDCG: 0.7771 | smoothed: 0.7792
Epoch 37 | Loss: 0.5637 | Val NDCG: 0.7783 | smoothed: 0.7782
Epoch 38 | Loss: 0.5635 | Val NDCG: 0.7774 | smoothed: 0.7776
Epoch 39 | Loss: 0.5631 | Val NDCG: 0.7811 | smoothed: 0.7789
Epoch 40 | Loss: 0.5623 | Val NDCG: 0.7786 | smoothed: 0.7790

Best smoothed NDCG: 0.7794 at epoch 35 of 40 run

1 combinations completed out of 1


--- Grid Search Results ---
 hidden_units  dropout_rate  num_blocks  num_heads     lr  val_ndcg  val_ndcg_raw  best_epoch  epochs_run  max_epochs
          256           0.3           2         16 0.0001  0.779412      0.779337          35          40          40

Best config: {'hidden_units': 256.0, 'dropout_rate': 0.3, 'num_blocks': 2.0, 'num_heads': 16.0, 'lr': 0.0001, 'val_ndcg': 0.7794122123466178, 'val_ndcg_raw': 0.7793370640647606, 'best_epoch': 35.0, 'epochs_run': 40.0, 'max_epochs': 40.0}
1 of 1 configs reached max_epochs
0 of 1 were still improving when stopped
Best params saved to ../Models/sasrec_bce_best_params.json
