task 372 | loss drrl | node slurmnode-gpu03
Tesla P100-PCIE-16GB, 16384 MiB
Tesla P100-PCIE-16GB, 16384 MiB
Tesla P100-PCIE-16GB, 16384 MiB
Tesla P100-PCIE-16GB, 16384 MiB
Using device: cuda
Loading datasets...
Train sessions: 75875 | Val sessions: 16262

Running grid search over 486 combinations...

SLURM array task 372: 1 config -> ../Models/sasrec_grid_drrl_task372.csv
Trying: {'hidden_units': 256, 'dropout_rate': 0.1, 'num_blocks': 3, 'num_heads': 16, 'lr': 0.001, 'gamma': 2}
Epoch 1 | Loss: -0.1250 | Val NDCG: 0.7277 | smoothed: 0.7277
Epoch 2 | Loss: -0.2089 | Val NDCG: 0.7570 | smoothed: 0.7423
Epoch 3 | Loss: -0.2172 | Val NDCG: 0.7446 | smoothed: 0.7431
Epoch 4 | Loss: -0.2198 | Val NDCG: 0.7122 | smoothed: 0.7379
Epoch 5 | Loss: -0.2220 | Val NDCG: 0.7490 | smoothed: 0.7352
Epoch 6 | Loss: -0.2237 | Val NDCG: 0.7388 | smoothed: 0.7333
Epoch 7 | Loss: -0.2251 | Val NDCG: 0.7616 | smoothed: 0.7498
Epoch 8 | Loss: -0.2256 | Val NDCG: 0.7535 | smoothed: 0.7513
Epoch 9 | Loss: -0.2259 | Val NDCG: 0.7527 | smoothed: 0.7559
Epoch 10 | Loss: -0.2255 | Val NDCG: 0.7694 | smoothed: 0.7585
Epoch 11 | Loss: -0.2257 | Val NDCG: 0.7655 | smoothed: 0.7625
Epoch 12 | Loss: -0.2265 | Val NDCG: 0.7392 | smoothed: 0.7580
Epoch 13 | Loss: -0.2265 | Val NDCG: 0.7569 | smoothed: 0.7538
Epoch 14 | Loss: -0.2268 | Val NDCG: 0.7638 | smoothed: 0.7533
Epoch 15 | Loss: -0.2265 | Val NDCG: 0.7570 | smoothed: 0.7592
Epoch 16 | Loss: -0.2269 | Val NDCG: 0.7604 | smoothed: 0.7604

Best smoothed NDCG: 0.7625 at epoch 11 of 16 run

1 combinations completed out of 1


--- Grid Search Results ---
 hidden_units  dropout_rate  num_blocks  num_heads    lr  gamma  val_ndcg  val_ndcg_raw  best_epoch  epochs_run  max_epochs
          256           0.1           3         16 0.001      2  0.762516      0.765457          11          16          20

Best config: {'hidden_units': 256.0, 'dropout_rate': 0.1, 'num_blocks': 3.0, 'num_heads': 16.0, 'lr': 0.001, 'gamma': 2.0, 'val_ndcg': 0.7625164939847315, 'val_ndcg_raw': 0.7654568954635325, 'best_epoch': 11.0, 'epochs_run': 16.0, 'max_epochs': 20.0}
0 of 1 configs reached max_epochs
0 of 1 were still improving when stopped
Best params saved to ../Models/sasrec_drrl_best_params.json
