task 8 | loss pwts | node slurmnode-gpu02
NVIDIA GeForce GTX 1080 Ti, 11264 MiB
NVIDIA GeForce GTX 1080 Ti, 11264 MiB
NVIDIA GeForce GTX 1080 Ti, 11264 MiB
NVIDIA GeForce GTX 1080 Ti, 11264 MiB
NVIDIA GeForce GTX 1080 Ti, 11264 MiB
NVIDIA GeForce GTX 1080 Ti, 11264 MiB
NVIDIA GeForce GTX 1080 Ti, 11264 MiB
NVIDIA GeForce GTX 1080 Ti, 11264 MiB
Using device: cuda
Loading datasets...
Train sessions: 75875 | Val sessions: 16262

Running grid search over 162 combinations...

SLURM array task 8: 1 config -> ../Models/sasrec_grid_pwts_task8.csv
Trying: {'hidden_units': 64, 'dropout_rate': 0.1, 'num_blocks': 2, 'num_heads': 8, 'lr': 0.001}
Epoch 1 | Loss: 0.6166 | Val NDCG: 0.7610 | smoothed: 0.7610
Epoch 2 | Loss: 0.6040 | Val NDCG: 0.7620 | smoothed: 0.7615
Epoch 3 | Loss: 0.6034 | Val NDCG: 0.7656 | smoothed: 0.7629
Epoch 4 | Loss: 0.5994 | Val NDCG: 0.7648 | smoothed: 0.7641
Epoch 5 | Loss: 0.5977 | Val NDCG: 0.7692 | smoothed: 0.7665
Epoch 6 | Loss: 0.5975 | Val NDCG: 0.7705 | smoothed: 0.7682
Epoch 7 | Loss: 0.5952 | Val NDCG: 0.7731 | smoothed: 0.7709
Epoch 8 | Loss: 0.5965 | Val NDCG: 0.7711 | smoothed: 0.7716
Epoch 9 | Loss: 0.5948 | Val NDCG: 0.7761 | smoothed: 0.7735
Epoch 10 | Loss: 0.5950 | Val NDCG: 0.7708 | smoothed: 0.7727
Epoch 11 | Loss: 0.5932 | Val NDCG: 0.7795 | smoothed: 0.7755
Epoch 12 | Loss: 0.5932 | Val NDCG: 0.7766 | smoothed: 0.7756
Epoch 13 | Loss: 0.5924 | Val NDCG: 0.7758 | smoothed: 0.7773
Epoch 14 | Loss: 0.5913 | Val NDCG: 0.7767 | smoothed: 0.7763
Epoch 15 | Loss: 0.5906 | Val NDCG: 0.7784 | smoothed: 0.7769
Epoch 16 | Loss: 0.5915 | Val NDCG: 0.7799 | smoothed: 0.7783
Epoch 17 | Loss: 0.5899 | Val NDCG: 0.7800 | smoothed: 0.7795
Epoch 18 | Loss: 0.5903 | Val NDCG: 0.7776 | smoothed: 0.7792
Epoch 19 | Loss: 0.5900 | Val NDCG: 0.7810 | smoothed: 0.7796
Epoch 20 | Loss: 0.5901 | Val NDCG: 0.7787 | smoothed: 0.7791

Best smoothed NDCG: 0.7796 at epoch 19 of 20 run

1 combinations completed out of 1


--- Grid Search Results ---
 hidden_units  dropout_rate  num_blocks  num_heads    lr  val_ndcg  val_ndcg_raw  best_epoch  epochs_run  max_epochs
           64           0.1           2          8 0.001  0.779555      0.780997          19          20          20

Best config: {'hidden_units': 64.0, 'dropout_rate': 0.1, 'num_blocks': 2.0, 'num_heads': 8.0, 'lr': 0.001, 'val_ndcg': 0.7795546294657255, 'val_ndcg_raw': 0.78099690165061, 'best_epoch': 19.0, 'epochs_run': 20.0, 'max_epochs': 20.0}
1 of 1 configs reached max_epochs
1 of 1 were still improving when stopped
Best params saved to ../Models/sasrec_pwts_best_params.json
