task 109 | loss bce | node slurmnode-gpu05
Tesla P100-PCIE-16GB, 16384 MiB
Tesla P100-PCIE-16GB, 16384 MiB
Tesla P100-PCIE-16GB, 16384 MiB
Tesla P100-PCIE-16GB, 16384 MiB
Using device: cuda
Loading datasets...
Train sessions: 75875 | Val sessions: 16262

Running grid search over 162 combinations...

SLURM array task 109: 1 config -> ../Models/sasrec_grid_bce_task109.csv
Trying: {'hidden_units': 256, 'dropout_rate': 0.1, 'num_blocks': 1, 'num_heads': 4, 'lr': 0.0001}
Epoch 1 | Loss: 0.5951 | Val NDCG: 0.7627 | smoothed: 0.7627
Epoch 2 | Loss: 0.5820 | Val NDCG: 0.7630 | smoothed: 0.7628
Epoch 3 | Loss: 0.5787 | Val NDCG: 0.7668 | smoothed: 0.7642
Epoch 4 | Loss: 0.5768 | Val NDCG: 0.7656 | smoothed: 0.7651
Epoch 5 | Loss: 0.5754 | Val NDCG: 0.7740 | smoothed: 0.7688
Epoch 6 | Loss: 0.5740 | Val NDCG: 0.7696 | smoothed: 0.7697
Epoch 7 | Loss: 0.5744 | Val NDCG: 0.7736 | smoothed: 0.7724
Epoch 8 | Loss: 0.5735 | Val NDCG: 0.7733 | smoothed: 0.7722
Epoch 9 | Loss: 0.5736 | Val NDCG: 0.7709 | smoothed: 0.7726
Epoch 10 | Loss: 0.5725 | Val NDCG: 0.7733 | smoothed: 0.7725
Epoch 11 | Loss: 0.5719 | Val NDCG: 0.7738 | smoothed: 0.7727
Epoch 12 | Loss: 0.5720 | Val NDCG: 0.7729 | smoothed: 0.7733
Epoch 13 | Loss: 0.5707 | Val NDCG: 0.7726 | smoothed: 0.7731
Epoch 14 | Loss: 0.5698 | Val NDCG: 0.7726 | smoothed: 0.7727
Epoch 15 | Loss: 0.5681 | Val NDCG: 0.7741 | smoothed: 0.7731
Epoch 16 | Loss: 0.5679 | Val NDCG: 0.7750 | smoothed: 0.7739
Epoch 17 | Loss: 0.5691 | Val NDCG: 0.7747 | smoothed: 0.7746
Epoch 18 | Loss: 0.5687 | Val NDCG: 0.7765 | smoothed: 0.7754
Epoch 19 | Loss: 0.5671 | Val NDCG: 0.7750 | smoothed: 0.7754
Epoch 20 | Loss: 0.5674 | Val NDCG: 0.7764 | smoothed: 0.7760
Epoch 21 | Loss: 0.5669 | Val NDCG: 0.7757 | smoothed: 0.7757
Epoch 22 | Loss: 0.5667 | Val NDCG: 0.7728 | smoothed: 0.7750
Epoch 23 | Loss: 0.5663 | Val NDCG: 0.7740 | smoothed: 0.7742
Epoch 24 | Loss: 0.5650 | Val NDCG: 0.7759 | smoothed: 0.7742
Epoch 25 | Loss: 0.5646 | Val NDCG: 0.7740 | smoothed: 0.7746

Best smoothed NDCG: 0.7760 at epoch 20 of 25 run

1 combinations completed out of 1


--- Grid Search Results ---
 hidden_units  dropout_rate  num_blocks  num_heads     lr  val_ndcg  val_ndcg_raw  best_epoch  epochs_run  max_epochs
          256           0.1           1          4 0.0001  0.775974       0.77639          20          25          40

Best config: {'hidden_units': 256.0, 'dropout_rate': 0.1, 'num_blocks': 1.0, 'num_heads': 4.0, 'lr': 0.0001, 'val_ndcg': 0.7759742403881006, 'val_ndcg_raw': 0.7763897269165893, 'best_epoch': 20.0, 'epochs_run': 25.0, 'max_epochs': 40.0}
0 of 1 configs reached max_epochs
0 of 1 were still improving when stopped
Best params saved to ../Models/sasrec_bce_best_params.json
