task 150 | loss pwts | node slurmnode-gpu07
NVIDIA A40, 46068 MiB
NVIDIA A40, 46068 MiB
NVIDIA A40, 46068 MiB
NVIDIA A40, 46068 MiB
Using device: cuda
Loading datasets...
Train sessions: 75875 | Val sessions: 16262

Running grid search over 162 combinations...

SLURM array task 150: 1 config -> ../Models/sasrec_grid_pwts_task150.csv
Trying: {'hidden_units': 256, 'dropout_rate': 0.5, 'num_blocks': 2, 'num_heads': 4, 'lr': 0.001}
Epoch 1 | Loss: 0.6280 | Val NDCG: 0.7540 | smoothed: 0.7540
Epoch 2 | Loss: 0.6164 | Val NDCG: 0.7632 | smoothed: 0.7586
Epoch 3 | Loss: 0.6146 | Val NDCG: 0.7638 | smoothed: 0.7603
Epoch 4 | Loss: 0.6112 | Val NDCG: 0.7690 | smoothed: 0.7653
Epoch 5 | Loss: 0.6103 | Val NDCG: 0.7660 | smoothed: 0.7663
Epoch 6 | Loss: 0.6082 | Val NDCG: 0.7704 | smoothed: 0.7685
Epoch 7 | Loss: 0.6073 | Val NDCG: 0.7671 | smoothed: 0.7678
Epoch 8 | Loss: 0.6065 | Val NDCG: 0.7685 | smoothed: 0.7686
Epoch 9 | Loss: 0.6047 | Val NDCG: 0.7731 | smoothed: 0.7696
Epoch 10 | Loss: 0.6039 | Val NDCG: 0.7735 | smoothed: 0.7717
Epoch 11 | Loss: 0.6030 | Val NDCG: 0.7725 | smoothed: 0.7730
Epoch 12 | Loss: 0.6029 | Val NDCG: 0.7715 | smoothed: 0.7725
Epoch 13 | Loss: 0.6028 | Val NDCG: 0.7718 | smoothed: 0.7720
Epoch 14 | Loss: 0.6016 | Val NDCG: 0.7719 | smoothed: 0.7718
Epoch 15 | Loss: 0.6013 | Val NDCG: 0.7720 | smoothed: 0.7719
Epoch 16 | Loss: 0.6007 | Val NDCG: 0.7745 | smoothed: 0.7728

Best smoothed NDCG: 0.7730 at epoch 11 of 16 run

1 combinations completed out of 1


--- Grid Search Results ---
 hidden_units  dropout_rate  num_blocks  num_heads    lr  val_ndcg  val_ndcg_raw  best_epoch  epochs_run  max_epochs
          256           0.5           2          4 0.001  0.773038      0.772523          11          16          20

Best config: {'hidden_units': 256.0, 'dropout_rate': 0.5, 'num_blocks': 2.0, 'num_heads': 4.0, 'lr': 0.001, 'val_ndcg': 0.7730379827132833, 'val_ndcg_raw': 0.7725231162873745, 'best_epoch': 11.0, 'epochs_run': 16.0, 'max_epochs': 20.0}
0 of 1 configs reached max_epochs
0 of 1 were still improving when stopped
Best params saved to ../Models/sasrec_pwts_best_params.json
