task 278 | loss drrl | node slurmnode-gpu03
Tesla P100-PCIE-16GB, 16384 MiB
Tesla P100-PCIE-16GB, 16384 MiB
Tesla P100-PCIE-16GB, 16384 MiB
Tesla P100-PCIE-16GB, 16384 MiB
Using device: cuda
Loading datasets...
Train sessions: 75875 | Val sessions: 16262

Running grid search over 486 combinations...

SLURM array task 278: 1 config -> ../Models/sasrec_grid_drrl_task278.csv
Trying: {'hidden_units': 128, 'dropout_rate': 0.5, 'num_blocks': 1, 'num_heads': 8, 'lr': 0.001, 'gamma': 4}
Epoch 1 | Loss: -0.1788 | Val NDCG: 0.7066 | smoothed: 0.7066
Epoch 2 | Loss: -0.2270 | Val NDCG: 0.7114 | smoothed: 0.7090
Epoch 3 | Loss: -0.2278 | Val NDCG: 0.7113 | smoothed: 0.7098
Epoch 4 | Loss: -0.2291 | Val NDCG: 0.6931 | smoothed: 0.7053
Epoch 5 | Loss: -0.2289 | Val NDCG: 0.7082 | smoothed: 0.7042
Epoch 6 | Loss: -0.2296 | Val NDCG: 0.7363 | smoothed: 0.7125
Epoch 7 | Loss: -0.2300 | Val NDCG: 0.7378 | smoothed: 0.7274
Epoch 8 | Loss: -0.2293 | Val NDCG: 0.7536 | smoothed: 0.7426
Epoch 9 | Loss: -0.2300 | Val NDCG: 0.7536 | smoothed: 0.7483
Epoch 10 | Loss: -0.2300 | Val NDCG: 0.7616 | smoothed: 0.7562
Epoch 11 | Loss: -0.2298 | Val NDCG: 0.7554 | smoothed: 0.7568
Epoch 12 | Loss: -0.2302 | Val NDCG: 0.7407 | smoothed: 0.7526
Epoch 13 | Loss: -0.2300 | Val NDCG: 0.7564 | smoothed: 0.7508
Epoch 14 | Loss: -0.2299 | Val NDCG: 0.7624 | smoothed: 0.7532
Epoch 15 | Loss: -0.2296 | Val NDCG: 0.7570 | smoothed: 0.7586
Epoch 16 | Loss: -0.2302 | Val NDCG: 0.7519 | smoothed: 0.7571
Epoch 17 | Loss: -0.2300 | Val NDCG: 0.7709 | smoothed: 0.7599
Epoch 18 | Loss: -0.2300 | Val NDCG: 0.7708 | smoothed: 0.7645
Epoch 19 | Loss: -0.2300 | Val NDCG: 0.7698 | smoothed: 0.7705
Epoch 20 | Loss: -0.2299 | Val NDCG: 0.7698 | smoothed: 0.7702

Best smoothed NDCG: 0.7705 at epoch 19 of 20 run

1 combinations completed out of 1


--- Grid Search Results ---
 hidden_units  dropout_rate  num_blocks  num_heads    lr  gamma  val_ndcg  val_ndcg_raw  best_epoch  epochs_run  max_epochs
          128           0.5           1          8 0.001      4  0.770531      0.769829          19          20          20

Best config: {'hidden_units': 128.0, 'dropout_rate': 0.5, 'num_blocks': 1.0, 'num_heads': 8.0, 'lr': 0.001, 'gamma': 4.0, 'val_ndcg': 0.7705312008068609, 'val_ndcg_raw': 0.7698291162946479, 'best_epoch': 19.0, 'epochs_run': 20.0, 'max_epochs': 20.0}
1 of 1 configs reached max_epochs
1 of 1 were still improving when stopped
Best params saved to ../Models/sasrec_drrl_best_params.json
