task 163 | loss drrl | node slurmnode-gpu05
Tesla P100-PCIE-16GB, 16384 MiB
Tesla P100-PCIE-16GB, 16384 MiB
Tesla P100-PCIE-16GB, 16384 MiB
Tesla P100-PCIE-16GB, 16384 MiB
Using device: cuda
Loading datasets...
Train sessions: 75875 | Val sessions: 16262

Running grid search over 486 combinations...

SLURM array task 163: 1 config -> ../Models/sasrec_grid_drrl_task163.csv
Trying: {'hidden_units': 128, 'dropout_rate': 0.1, 'num_blocks': 1, 'num_heads': 4, 'lr': 0.001, 'gamma': 3}
Epoch 1 | Loss: -0.1754 | Val NDCG: 0.7392 | smoothed: 0.7392
Epoch 2 | Loss: -0.2241 | Val NDCG: 0.7405 | smoothed: 0.7398
Epoch 3 | Loss: -0.2269 | Val NDCG: 0.7044 | smoothed: 0.7280
Epoch 4 | Loss: -0.2285 | Val NDCG: 0.7282 | smoothed: 0.7243
Epoch 5 | Loss: -0.2290 | Val NDCG: 0.7461 | smoothed: 0.7262
Epoch 6 | Loss: -0.2298 | Val NDCG: 0.7524 | smoothed: 0.7422
Epoch 7 | Loss: -0.2291 | Val NDCG: 0.7346 | smoothed: 0.7444
Epoch 8 | Loss: -0.2298 | Val NDCG: 0.7443 | smoothed: 0.7437
Epoch 9 | Loss: -0.2298 | Val NDCG: 0.7674 | smoothed: 0.7488
Epoch 10 | Loss: -0.2300 | Val NDCG: 0.7600 | smoothed: 0.7572
Epoch 11 | Loss: -0.2300 | Val NDCG: 0.7590 | smoothed: 0.7621
Epoch 12 | Loss: -0.2303 | Val NDCG: 0.7651 | smoothed: 0.7614
Epoch 13 | Loss: -0.2303 | Val NDCG: 0.7541 | smoothed: 0.7594
Epoch 14 | Loss: -0.2306 | Val NDCG: 0.7697 | smoothed: 0.7630
Epoch 15 | Loss: -0.2304 | Val NDCG: 0.7588 | smoothed: 0.7609
Epoch 16 | Loss: -0.2305 | Val NDCG: 0.7741 | smoothed: 0.7675
Epoch 17 | Loss: -0.2305 | Val NDCG: 0.7730 | smoothed: 0.7686
Epoch 18 | Loss: -0.2307 | Val NDCG: 0.7609 | smoothed: 0.7693
Epoch 19 | Loss: -0.2307 | Val NDCG: 0.7799 | smoothed: 0.7713
Epoch 20 | Loss: -0.2308 | Val NDCG: 0.7777 | smoothed: 0.7728

Best smoothed NDCG: 0.7728 at epoch 20 of 20 run

1 combinations completed out of 1


--- Grid Search Results ---
 hidden_units  dropout_rate  num_blocks  num_heads    lr  gamma  val_ndcg  val_ndcg_raw  best_epoch  epochs_run  max_epochs
          128           0.1           1          4 0.001      3  0.772825      0.777698          20          20          20

Best config: {'hidden_units': 128.0, 'dropout_rate': 0.1, 'num_blocks': 1.0, 'num_heads': 4.0, 'lr': 0.001, 'gamma': 3.0, 'val_ndcg': 0.7728247180156053, 'val_ndcg_raw': 0.777697558000055, 'best_epoch': 20.0, 'epochs_run': 20.0, 'max_epochs': 20.0}
1 of 1 configs reached max_epochs
1 of 1 were still improving when stopped
Best params saved to ../Models/sasrec_drrl_best_params.json
