task 343 | loss drrl | node slurmnode-gpu03
Tesla P100-PCIE-16GB, 16384 MiB
Tesla P100-PCIE-16GB, 16384 MiB
Tesla P100-PCIE-16GB, 16384 MiB
Tesla P100-PCIE-16GB, 16384 MiB
Using device: cuda
Loading datasets...
Train sessions: 75875 | Val sessions: 16262

Running grid search over 486 combinations...

SLURM array task 343: 1 config -> ../Models/sasrec_grid_drrl_task343.csv
Trying: {'hidden_units': 256, 'dropout_rate': 0.1, 'num_blocks': 2, 'num_heads': 4, 'lr': 0.001, 'gamma': 3}
Epoch 1 | Loss: -0.1684 | Val NDCG: 0.7181 | smoothed: 0.7181
Epoch 2 | Loss: -0.2219 | Val NDCG: 0.7376 | smoothed: 0.7278
Epoch 3 | Loss: -0.2250 | Val NDCG: 0.7367 | smoothed: 0.7308
Epoch 4 | Loss: -0.2277 | Val NDCG: 0.7341 | smoothed: 0.7361
Epoch 5 | Loss: -0.2279 | Val NDCG: 0.7490 | smoothed: 0.7400
Epoch 6 | Loss: -0.2286 | Val NDCG: 0.7464 | smoothed: 0.7432
Epoch 7 | Loss: -0.2289 | Val NDCG: 0.7611 | smoothed: 0.7522
Epoch 8 | Loss: -0.2289 | Val NDCG: 0.7397 | smoothed: 0.7491
Epoch 9 | Loss: -0.2296 | Val NDCG: 0.7677 | smoothed: 0.7562
Epoch 10 | Loss: -0.2295 | Val NDCG: 0.7685 | smoothed: 0.7586
Epoch 11 | Loss: -0.2296 | Val NDCG: 0.7544 | smoothed: 0.7635
Epoch 12 | Loss: -0.2300 | Val NDCG: 0.7620 | smoothed: 0.7616
Epoch 13 | Loss: -0.2298 | Val NDCG: 0.7654 | smoothed: 0.7606
Epoch 14 | Loss: -0.2300 | Val NDCG: 0.7582 | smoothed: 0.7619
Epoch 15 | Loss: -0.2301 | Val NDCG: 0.7616 | smoothed: 0.7618
Epoch 16 | Loss: -0.2299 | Val NDCG: 0.7690 | smoothed: 0.7629

Best smoothed NDCG: 0.7635 at epoch 11 of 16 run

1 combinations completed out of 1


--- Grid Search Results ---
 hidden_units  dropout_rate  num_blocks  num_heads    lr  gamma  val_ndcg  val_ndcg_raw  best_epoch  epochs_run  max_epochs
          256           0.1           2          4 0.001      3  0.763517      0.754411          11          16          20

Best config: {'hidden_units': 256.0, 'dropout_rate': 0.1, 'num_blocks': 2.0, 'num_heads': 4.0, 'lr': 0.001, 'gamma': 3.0, 'val_ndcg': 0.7635173522457531, 'val_ndcg_raw': 0.7544108253011713, 'best_epoch': 11.0, 'epochs_run': 16.0, 'max_epochs': 20.0}
0 of 1 configs reached max_epochs
0 of 1 were still improving when stopped
Best params saved to ../Models/sasrec_drrl_best_params.json
