task 159 | loss pwts | node slurmnode-gpu05
Tesla P100-PCIE-16GB, 16384 MiB
Tesla P100-PCIE-16GB, 16384 MiB
Tesla P100-PCIE-16GB, 16384 MiB
Tesla P100-PCIE-16GB, 16384 MiB
Using device: cuda
Loading datasets...
Train sessions: 75875 | Val sessions: 16262

Running grid search over 162 combinations...

SLURM array task 159: 1 config -> ../Models/sasrec_grid_pwts_task159.csv
Trying: {'hidden_units': 256, 'dropout_rate': 0.5, 'num_blocks': 3, 'num_heads': 8, 'lr': 0.0001}
Epoch 1 | Loss: 0.6364 | Val NDCG: 0.7399 | smoothed: 0.7399
Epoch 2 | Loss: 0.6215 | Val NDCG: 0.7532 | smoothed: 0.7466
Epoch 3 | Loss: 0.6157 | Val NDCG: 0.7581 | smoothed: 0.7504
Epoch 4 | Loss: 0.6128 | Val NDCG: 0.7605 | smoothed: 0.7573
Epoch 5 | Loss: 0.6097 | Val NDCG: 0.7615 | smoothed: 0.7600
Epoch 6 | Loss: 0.6072 | Val NDCG: 0.7627 | smoothed: 0.7616
Epoch 7 | Loss: 0.6077 | Val NDCG: 0.7679 | smoothed: 0.7640
Epoch 8 | Loss: 0.6058 | Val NDCG: 0.7650 | smoothed: 0.7652
Epoch 9 | Loss: 0.6042 | Val NDCG: 0.7719 | smoothed: 0.7683
Epoch 10 | Loss: 0.6052 | Val NDCG: 0.7723 | smoothed: 0.7697
Epoch 11 | Loss: 0.6037 | Val NDCG: 0.7681 | smoothed: 0.7708
Epoch 12 | Loss: 0.6022 | Val NDCG: 0.7727 | smoothed: 0.7710
Epoch 13 | Loss: 0.6026 | Val NDCG: 0.7737 | smoothed: 0.7715
Epoch 14 | Loss: 0.6021 | Val NDCG: 0.7724 | smoothed: 0.7729
Epoch 15 | Loss: 0.6014 | Val NDCG: 0.7729 | smoothed: 0.7730
Epoch 16 | Loss: 0.6011 | Val NDCG: 0.7720 | smoothed: 0.7724
Epoch 17 | Loss: 0.6010 | Val NDCG: 0.7690 | smoothed: 0.7713
Epoch 18 | Loss: 0.6011 | Val NDCG: 0.7707 | smoothed: 0.7705
Epoch 19 | Loss: 0.5992 | Val NDCG: 0.7750 | smoothed: 0.7716
Epoch 20 | Loss: 0.5999 | Val NDCG: 0.7714 | smoothed: 0.7724

Best smoothed NDCG: 0.7730 at epoch 15 of 20 run

1 combinations completed out of 1


--- Grid Search Results ---
 hidden_units  dropout_rate  num_blocks  num_heads     lr  val_ndcg  val_ndcg_raw  best_epoch  epochs_run  max_epochs
          256           0.5           3          8 0.0001  0.772994      0.772882          15          20          40

Best config: {'hidden_units': 256.0, 'dropout_rate': 0.5, 'num_blocks': 3.0, 'num_heads': 8.0, 'lr': 0.0001, 'val_ndcg': 0.772993657182579, 'val_ndcg_raw': 0.7728821971380145, 'best_epoch': 15.0, 'epochs_run': 20.0, 'max_epochs': 40.0}
0 of 1 configs reached max_epochs
0 of 1 were still improving when stopped
Best params saved to ../Models/sasrec_pwts_best_params.json
