task 370 | loss drrl | node slurmnode-gpu05
Tesla P100-PCIE-16GB, 16384 MiB
Tesla P100-PCIE-16GB, 16384 MiB
Tesla P100-PCIE-16GB, 16384 MiB
Tesla P100-PCIE-16GB, 16384 MiB
Using device: cuda
Loading datasets...
Train sessions: 75875 | Val sessions: 16262

Running grid search over 486 combinations...

SLURM array task 370: 1 config -> ../Models/sasrec_grid_drrl_task370.csv
Trying: {'hidden_units': 256, 'dropout_rate': 0.1, 'num_blocks': 3, 'num_heads': 8, 'lr': 0.0001, 'gamma': 3}
Epoch 1 | Loss: -0.1310 | Val NDCG: 0.7425 | smoothed: 0.7425
Epoch 2 | Loss: -0.2140 | Val NDCG: 0.7340 | smoothed: 0.7382
Epoch 3 | Loss: -0.2214 | Val NDCG: 0.7439 | smoothed: 0.7401
Epoch 4 | Loss: -0.2238 | Val NDCG: 0.7632 | smoothed: 0.7471
Epoch 5 | Loss: -0.2257 | Val NDCG: 0.7436 | smoothed: 0.7503
Epoch 6 | Loss: -0.2264 | Val NDCG: 0.7513 | smoothed: 0.7527
Epoch 7 | Loss: -0.2272 | Val NDCG: 0.7458 | smoothed: 0.7469
Epoch 8 | Loss: -0.2278 | Val NDCG: 0.7516 | smoothed: 0.7495
Epoch 9 | Loss: -0.2274 | Val NDCG: 0.7533 | smoothed: 0.7502
Epoch 10 | Loss: -0.2281 | Val NDCG: 0.7536 | smoothed: 0.7528
Epoch 11 | Loss: -0.2286 | Val NDCG: 0.7625 | smoothed: 0.7565
Epoch 12 | Loss: -0.2286 | Val NDCG: 0.7514 | smoothed: 0.7558
Epoch 13 | Loss: -0.2286 | Val NDCG: 0.7483 | smoothed: 0.7540
Epoch 14 | Loss: -0.2288 | Val NDCG: 0.7622 | smoothed: 0.7539
Epoch 15 | Loss: -0.2294 | Val NDCG: 0.7681 | smoothed: 0.7595
Epoch 16 | Loss: -0.2291 | Val NDCG: 0.7516 | smoothed: 0.7606
Epoch 17 | Loss: -0.2292 | Val NDCG: 0.7626 | smoothed: 0.7608
Epoch 18 | Loss: -0.2295 | Val NDCG: 0.7531 | smoothed: 0.7558
Epoch 19 | Loss: -0.2299 | Val NDCG: 0.7618 | smoothed: 0.7592
Epoch 20 | Loss: -0.2292 | Val NDCG: 0.7571 | smoothed: 0.7573
Epoch 21 | Loss: -0.2298 | Val NDCG: 0.7592 | smoothed: 0.7594
Epoch 22 | Loss: -0.2302 | Val NDCG: 0.7542 | smoothed: 0.7569

Best smoothed NDCG: 0.7608 at epoch 17 of 22 run

1 combinations completed out of 1


--- Grid Search Results ---
 hidden_units  dropout_rate  num_blocks  num_heads     lr  gamma  val_ndcg  val_ndcg_raw  best_epoch  epochs_run  max_epochs
          256           0.1           3          8 0.0001      3  0.760777      0.762638          17          22          40

Best config: {'hidden_units': 256.0, 'dropout_rate': 0.1, 'num_blocks': 3.0, 'num_heads': 8.0, 'lr': 0.0001, 'gamma': 3.0, 'val_ndcg': 0.7607774585275489, 'val_ndcg_raw': 0.762638074600551, 'best_epoch': 17.0, 'epochs_run': 22.0, 'max_epochs': 40.0}
0 of 1 configs reached max_epochs
0 of 1 were still improving when stopped
Best params saved to ../Models/sasrec_drrl_best_params.json
