task 54 | loss bce | node slurmnode-gpu02
NVIDIA GeForce GTX 1080 Ti, 11264 MiB
NVIDIA GeForce GTX 1080 Ti, 11264 MiB
NVIDIA GeForce GTX 1080 Ti, 11264 MiB
NVIDIA GeForce GTX 1080 Ti, 11264 MiB
NVIDIA GeForce GTX 1080 Ti, 11264 MiB
NVIDIA GeForce GTX 1080 Ti, 11264 MiB
NVIDIA GeForce GTX 1080 Ti, 11264 MiB
NVIDIA GeForce GTX 1080 Ti, 11264 MiB
Using device: cuda
Loading datasets...
Train sessions: 75875 | Val sessions: 16262

Running grid search over 162 combinations...

SLURM array task 54: 1 config -> ../Models/sasrec_grid_bce_task54.csv
Trying: {'hidden_units': 128, 'dropout_rate': 0.1, 'num_blocks': 1, 'num_heads': 4, 'lr': 0.001}
Epoch 1 | Loss: 0.5873 | Val NDCG: 0.7655 | smoothed: 0.7655
Epoch 2 | Loss: 0.5772 | Val NDCG: 0.7678 | smoothed: 0.7667
Epoch 3 | Loss: 0.5759 | Val NDCG: 0.7709 | smoothed: 0.7681
Epoch 4 | Loss: 0.5742 | Val NDCG: 0.7752 | smoothed: 0.7713
Epoch 5 | Loss: 0.5727 | Val NDCG: 0.7757 | smoothed: 0.7739
Epoch 6 | Loss: 0.5723 | Val NDCG: 0.7750 | smoothed: 0.7753
Epoch 7 | Loss: 0.5704 | Val NDCG: 0.7770 | smoothed: 0.7759
Epoch 8 | Loss: 0.5705 | Val NDCG: 0.7791 | smoothed: 0.7771
Epoch 9 | Loss: 0.5700 | Val NDCG: 0.7799 | smoothed: 0.7787
Epoch 10 | Loss: 0.5690 | Val NDCG: 0.7798 | smoothed: 0.7796
Epoch 11 | Loss: 0.5679 | Val NDCG: 0.7806 | smoothed: 0.7801
Epoch 12 | Loss: 0.5686 | Val NDCG: 0.7832 | smoothed: 0.7812
Epoch 13 | Loss: 0.5663 | Val NDCG: 0.7803 | smoothed: 0.7814
Epoch 14 | Loss: 0.5671 | Val NDCG: 0.7803 | smoothed: 0.7813
Epoch 15 | Loss: 0.5660 | Val NDCG: 0.7813 | smoothed: 0.7807
Epoch 16 | Loss: 0.5656 | Val NDCG: 0.7791 | smoothed: 0.7802
Epoch 17 | Loss: 0.5641 | Val NDCG: 0.7791 | smoothed: 0.7798
Epoch 18 | Loss: 0.5631 | Val NDCG: 0.7791 | smoothed: 0.7791

Best smoothed NDCG: 0.7814 at epoch 13 of 18 run

1 combinations completed out of 1


--- Grid Search Results ---
 hidden_units  dropout_rate  num_blocks  num_heads    lr  val_ndcg  val_ndcg_raw  best_epoch  epochs_run  max_epochs
          128           0.1           1          4 0.001  0.781372      0.780347          13          18          20

Best config: {'hidden_units': 128.0, 'dropout_rate': 0.1, 'num_blocks': 1.0, 'num_heads': 4.0, 'lr': 0.001, 'val_ndcg': 0.7813721972774705, 'val_ndcg_raw': 0.7803466020459108, 'best_epoch': 13.0, 'epochs_run': 18.0, 'max_epochs': 20.0}
0 of 1 configs reached max_epochs
0 of 1 were still improving when stopped
Best params saved to ../Models/sasrec_bce_best_params.json
