task 477 | loss drrl | node slurmnode-gpu05
Tesla P100-PCIE-16GB, 16384 MiB
Tesla P100-PCIE-16GB, 16384 MiB
Tesla P100-PCIE-16GB, 16384 MiB
Tesla P100-PCIE-16GB, 16384 MiB
Using device: cuda
Loading datasets...
Train sessions: 75875 | Val sessions: 16262

Running grid search over 486 combinations...

SLURM array task 477: 1 config -> ../Models/sasrec_grid_drrl_task477.csv
Trying: {'hidden_units': 256, 'dropout_rate': 0.5, 'num_blocks': 3, 'num_heads': 8, 'lr': 0.0001, 'gamma': 2}
Epoch 1 | Loss: 0.0653 | Val NDCG: 0.7227 | smoothed: 0.7227
Epoch 2 | Loss: -0.2010 | Val NDCG: 0.7157 | smoothed: 0.7192
Epoch 3 | Loss: -0.2171 | Val NDCG: 0.7127 | smoothed: 0.7170
Epoch 4 | Loss: -0.2218 | Val NDCG: 0.7191 | smoothed: 0.7158
Epoch 5 | Loss: -0.2237 | Val NDCG: 0.7100 | smoothed: 0.7139
Epoch 6 | Loss: -0.2248 | Val NDCG: 0.6910 | smoothed: 0.7067

Best smoothed NDCG: 0.7227 at epoch 1 of 6 run

1 combinations completed out of 1


--- Grid Search Results ---
 hidden_units  dropout_rate  num_blocks  num_heads     lr  gamma  val_ndcg  val_ndcg_raw  best_epoch  epochs_run  max_epochs
          256           0.5           3          8 0.0001      2  0.722666      0.722666           1           6          40

Best config: {'hidden_units': 256.0, 'dropout_rate': 0.5, 'num_blocks': 3.0, 'num_heads': 8.0, 'lr': 0.0001, 'gamma': 2.0, 'val_ndcg': 0.7226658468049224, 'val_ndcg_raw': 0.7226658468049224, 'best_epoch': 1.0, 'epochs_run': 6.0, 'max_epochs': 40.0}
0 of 1 configs reached max_epochs
0 of 1 were still improving when stopped
Best params saved to ../Models/sasrec_drrl_best_params.json
