task 43 | loss drrl | node slurmnode-gpu02
NVIDIA GeForce GTX 1080 Ti, 11264 MiB
NVIDIA GeForce GTX 1080 Ti, 11264 MiB
NVIDIA GeForce GTX 1080 Ti, 11264 MiB
NVIDIA GeForce GTX 1080 Ti, 11264 MiB
NVIDIA GeForce GTX 1080 Ti, 11264 MiB
NVIDIA GeForce GTX 1080 Ti, 11264 MiB
NVIDIA GeForce GTX 1080 Ti, 11264 MiB
NVIDIA GeForce GTX 1080 Ti, 11264 MiB
Using device: cuda
Loading datasets...
Train sessions: 75875 | Val sessions: 16262

Running grid search over 486 combinations...

SLURM array task 43: 1 config -> ../Models/sasrec_grid_drrl_task43.csv
Trying: {'hidden_units': 64, 'dropout_rate': 0.1, 'num_blocks': 3, 'num_heads': 8, 'lr': 0.001, 'gamma': 3}
Epoch 1 | Loss: -0.1889 | Val NDCG: 0.7277 | smoothed: 0.7277
Epoch 2 | Loss: -0.2227 | Val NDCG: 0.7365 | smoothed: 0.7321
Epoch 3 | Loss: -0.2243 | Val NDCG: 0.7554 | smoothed: 0.7399
Epoch 4 | Loss: -0.2267 | Val NDCG: 0.7370 | smoothed: 0.7430
Epoch 5 | Loss: -0.2278 | Val NDCG: 0.7586 | smoothed: 0.7504
Epoch 6 | Loss: -0.2286 | Val NDCG: 0.7612 | smoothed: 0.7523
Epoch 7 | Loss: -0.2293 | Val NDCG: 0.7566 | smoothed: 0.7588
Epoch 8 | Loss: -0.2300 | Val NDCG: 0.7482 | smoothed: 0.7554
Epoch 9 | Loss: -0.2303 | Val NDCG: 0.7506 | smoothed: 0.7518
Epoch 10 | Loss: -0.2307 | Val NDCG: 0.7509 | smoothed: 0.7499
Epoch 11 | Loss: -0.2309 | Val NDCG: 0.7635 | smoothed: 0.7550
Epoch 12 | Loss: -0.2310 | Val NDCG: 0.7654 | smoothed: 0.7599
Epoch 13 | Loss: -0.2311 | Val NDCG: 0.7621 | smoothed: 0.7636
Epoch 14 | Loss: -0.2312 | Val NDCG: 0.7655 | smoothed: 0.7643
Epoch 15 | Loss: -0.2313 | Val NDCG: 0.7651 | smoothed: 0.7642
Epoch 16 | Loss: -0.2313 | Val NDCG: 0.7692 | smoothed: 0.7666
Epoch 17 | Loss: -0.2314 | Val NDCG: 0.7700 | smoothed: 0.7681
Epoch 18 | Loss: -0.2313 | Val NDCG: 0.7672 | smoothed: 0.7688
Epoch 19 | Loss: -0.2314 | Val NDCG: 0.7722 | smoothed: 0.7698
Epoch 20 | Loss: -0.2314 | Val NDCG: 0.7668 | smoothed: 0.7687

Best smoothed NDCG: 0.7698 at epoch 19 of 20 run

1 combinations completed out of 1


--- Grid Search Results ---
 hidden_units  dropout_rate  num_blocks  num_heads    lr  gamma  val_ndcg  val_ndcg_raw  best_epoch  epochs_run  max_epochs
           64           0.1           3          8 0.001      3  0.769775      0.772176          19          20          20

Best config: {'hidden_units': 64.0, 'dropout_rate': 0.1, 'num_blocks': 3.0, 'num_heads': 8.0, 'lr': 0.001, 'gamma': 3.0, 'val_ndcg': 0.7697746583784686, 'val_ndcg_raw': 0.772175560710421, 'best_epoch': 19.0, 'epochs_run': 20.0, 'max_epochs': 20.0}
1 of 1 configs reached max_epochs
1 of 1 were still improving when stopped
Best params saved to ../Models/sasrec_drrl_best_params.json
