task 142 | loss bce | node slurmnode-gpu07
NVIDIA A40, 46068 MiB
NVIDIA A40, 46068 MiB
NVIDIA A40, 46068 MiB
NVIDIA A40, 46068 MiB
Using device: cuda
Loading datasets...
Train sessions: 75875 | Val sessions: 16262

Running grid search over 162 combinations...

SLURM array task 142: 1 config -> ../Models/sasrec_grid_bce_task142.csv
Trying: {'hidden_units': 256, 'dropout_rate': 0.3, 'num_blocks': 3, 'num_heads': 16, 'lr': 0.001}
Epoch 1 | Loss: 0.5879 | Val NDCG: 0.7631 | smoothed: 0.7631
Epoch 2 | Loss: 0.5770 | Val NDCG: 0.7712 | smoothed: 0.7671
Epoch 3 | Loss: 0.5762 | Val NDCG: 0.7683 | smoothed: 0.7675
Epoch 4 | Loss: 0.5733 | Val NDCG: 0.7626 | smoothed: 0.7674
Epoch 5 | Loss: 0.5707 | Val NDCG: 0.7708 | smoothed: 0.7672
Epoch 6 | Loss: 0.5701 | Val NDCG: 0.7709 | smoothed: 0.7681
Epoch 7 | Loss: 0.5701 | Val NDCG: 0.7719 | smoothed: 0.7712
Epoch 8 | Loss: 0.5692 | Val NDCG: 0.7756 | smoothed: 0.7728
Epoch 9 | Loss: 0.5697 | Val NDCG: 0.7725 | smoothed: 0.7733
Epoch 10 | Loss: 0.5696 | Val NDCG: 0.7737 | smoothed: 0.7740
Epoch 11 | Loss: 0.5680 | Val NDCG: 0.7781 | smoothed: 0.7748
Epoch 12 | Loss: 0.5667 | Val NDCG: 0.7753 | smoothed: 0.7757
Epoch 13 | Loss: 0.5679 | Val NDCG: 0.7752 | smoothed: 0.7762
Epoch 14 | Loss: 0.5664 | Val NDCG: 0.7750 | smoothed: 0.7752
Epoch 15 | Loss: 0.5657 | Val NDCG: 0.7718 | smoothed: 0.7740
Epoch 16 | Loss: 0.5658 | Val NDCG: 0.7778 | smoothed: 0.7749
Epoch 17 | Loss: 0.5648 | Val NDCG: 0.7782 | smoothed: 0.7759
Epoch 18 | Loss: 0.5647 | Val NDCG: 0.7777 | smoothed: 0.7779
Epoch 19 | Loss: 0.5655 | Val NDCG: 0.7766 | smoothed: 0.7775
Epoch 20 | Loss: 0.5646 | Val NDCG: 0.7762 | smoothed: 0.7768

Best smoothed NDCG: 0.7779 at epoch 18 of 20 run

1 combinations completed out of 1


--- Grid Search Results ---
 hidden_units  dropout_rate  num_blocks  num_heads    lr  val_ndcg  val_ndcg_raw  best_epoch  epochs_run  max_epochs
          256           0.3           3         16 0.001  0.777898      0.777671          18          20          20

Best config: {'hidden_units': 256.0, 'dropout_rate': 0.3, 'num_blocks': 3.0, 'num_heads': 16.0, 'lr': 0.001, 'val_ndcg': 0.7778979127779904, 'val_ndcg_raw': 0.7776710437093125, 'best_epoch': 18.0, 'epochs_run': 20.0, 'max_epochs': 20.0}
1 of 1 configs reached max_epochs
0 of 1 were still improving when stopped
Best params saved to ../Models/sasrec_bce_best_params.json
