task 203 | loss drrl | node slurmnode-gpu03
Tesla P100-PCIE-16GB, 16384 MiB
Tesla P100-PCIE-16GB, 16384 MiB
Tesla P100-PCIE-16GB, 16384 MiB
Tesla P100-PCIE-16GB, 16384 MiB
Using device: cuda
Loading datasets...
Train sessions: 75875 | Val sessions: 16262

Running grid search over 486 combinations...

SLURM array task 203: 1 config -> ../Models/sasrec_grid_drrl_task203.csv
Trying: {'hidden_units': 128, 'dropout_rate': 0.1, 'num_blocks': 3, 'num_heads': 4, 'lr': 0.0001, 'gamma': 4}
Epoch 1 | Loss: -0.1209 | Val NDCG: 0.7316 | smoothed: 0.7316
Epoch 2 | Loss: -0.2134 | Val NDCG: 0.7346 | smoothed: 0.7331
Epoch 3 | Loss: -0.2219 | Val NDCG: 0.7405 | smoothed: 0.7355
Epoch 4 | Loss: -0.2252 | Val NDCG: 0.7435 | smoothed: 0.7395
Epoch 5 | Loss: -0.2270 | Val NDCG: 0.7256 | smoothed: 0.7365
Epoch 6 | Loss: -0.2283 | Val NDCG: 0.7518 | smoothed: 0.7403
Epoch 7 | Loss: -0.2287 | Val NDCG: 0.7494 | smoothed: 0.7423
Epoch 8 | Loss: -0.2285 | Val NDCG: 0.7450 | smoothed: 0.7487
Epoch 9 | Loss: -0.2291 | Val NDCG: 0.7456 | smoothed: 0.7466
Epoch 10 | Loss: -0.2292 | Val NDCG: 0.7469 | smoothed: 0.7458
Epoch 11 | Loss: -0.2295 | Val NDCG: 0.7459 | smoothed: 0.7461
Epoch 12 | Loss: -0.2292 | Val NDCG: 0.7616 | smoothed: 0.7515
Epoch 13 | Loss: -0.2298 | Val NDCG: 0.7603 | smoothed: 0.7559
Epoch 14 | Loss: -0.2296 | Val NDCG: 0.7535 | smoothed: 0.7585
Epoch 15 | Loss: -0.2301 | Val NDCG: 0.7435 | smoothed: 0.7524
Epoch 16 | Loss: -0.2302 | Val NDCG: 0.7613 | smoothed: 0.7528
Epoch 17 | Loss: -0.2299 | Val NDCG: 0.7677 | smoothed: 0.7575
Epoch 18 | Loss: -0.2300 | Val NDCG: 0.7714 | smoothed: 0.7668
Epoch 19 | Loss: -0.2300 | Val NDCG: 0.7558 | smoothed: 0.7650
Epoch 20 | Loss: -0.2301 | Val NDCG: 0.7602 | smoothed: 0.7625
Epoch 21 | Loss: -0.2301 | Val NDCG: 0.7543 | smoothed: 0.7568
Epoch 22 | Loss: -0.2303 | Val NDCG: 0.7641 | smoothed: 0.7595
Epoch 23 | Loss: -0.2303 | Val NDCG: 0.7721 | smoothed: 0.7635

Best smoothed NDCG: 0.7668 at epoch 18 of 23 run

1 combinations completed out of 1


--- Grid Search Results ---
 hidden_units  dropout_rate  num_blocks  num_heads     lr  gamma  val_ndcg  val_ndcg_raw  best_epoch  epochs_run  max_epochs
          128           0.1           3          4 0.0001      4  0.766803      0.771371          18          23          40

Best config: {'hidden_units': 128.0, 'dropout_rate': 0.1, 'num_blocks': 3.0, 'num_heads': 4.0, 'lr': 0.0001, 'gamma': 4.0, 'val_ndcg': 0.7668026208261437, 'val_ndcg_raw': 0.7713705438015838, 'best_epoch': 18.0, 'epochs_run': 23.0, 'max_epochs': 40.0}
0 of 1 configs reached max_epochs
0 of 1 were still improving when stopped
Best params saved to ../Models/sasrec_drrl_best_params.json
