task 210 | loss drrl | node slurmnode-gpu07
NVIDIA A40, 46068 MiB
NVIDIA A40, 46068 MiB
NVIDIA A40, 46068 MiB
NVIDIA A40, 46068 MiB
Using device: cuda
Loading datasets...
Train sessions: 75875 | Val sessions: 16262

Running grid search over 486 combinations...

SLURM array task 210: 1 config -> ../Models/sasrec_grid_drrl_task210.csv
Trying: {'hidden_units': 128, 'dropout_rate': 0.1, 'num_blocks': 3, 'num_heads': 16, 'lr': 0.001, 'gamma': 2}
Epoch 1 | Loss: -0.1495 | Val NDCG: 0.7290 | smoothed: 0.7290
Epoch 2 | Loss: -0.2108 | Val NDCG: 0.7312 | smoothed: 0.7301
Epoch 3 | Loss: -0.2188 | Val NDCG: 0.7460 | smoothed: 0.7354
Epoch 4 | Loss: -0.2228 | Val NDCG: 0.7266 | smoothed: 0.7346
Epoch 5 | Loss: -0.2259 | Val NDCG: 0.7417 | smoothed: 0.7381
Epoch 6 | Loss: -0.2263 | Val NDCG: 0.7209 | smoothed: 0.7297
Epoch 7 | Loss: -0.2273 | Val NDCG: 0.7253 | smoothed: 0.7293
Epoch 8 | Loss: -0.2277 | Val NDCG: 0.7412 | smoothed: 0.7291
Epoch 9 | Loss: -0.2282 | Val NDCG: 0.7331 | smoothed: 0.7332
Epoch 10 | Loss: -0.2287 | Val NDCG: 0.7370 | smoothed: 0.7371

Best smoothed NDCG: 0.7381 at epoch 5 of 10 run

1 combinations completed out of 1


--- Grid Search Results ---
 hidden_units  dropout_rate  num_blocks  num_heads    lr  gamma  val_ndcg  val_ndcg_raw  best_epoch  epochs_run  max_epochs
          128           0.1           3         16 0.001      2  0.738106      0.741694           5          10          20

Best config: {'hidden_units': 128.0, 'dropout_rate': 0.1, 'num_blocks': 3.0, 'num_heads': 16.0, 'lr': 0.001, 'gamma': 2.0, 'val_ndcg': 0.7381064073075102, 'val_ndcg_raw': 0.7416935846003897, 'best_epoch': 5.0, 'epochs_run': 10.0, 'max_epochs': 20.0}
0 of 1 configs reached max_epochs
0 of 1 were still improving when stopped
Best params saved to ../Models/sasrec_drrl_best_params.json
