task 136 | loss pwts | node slurmnode-gpu07
NVIDIA A40, 46068 MiB
NVIDIA A40, 46068 MiB
NVIDIA A40, 46068 MiB
NVIDIA A40, 46068 MiB
Using device: cuda
Loading datasets...
Train sessions: 75875 | Val sessions: 16262

Running grid search over 162 combinations...

SLURM array task 136: 1 config -> ../Models/sasrec_grid_pwts_task136.csv
Trying: {'hidden_units': 256, 'dropout_rate': 0.3, 'num_blocks': 2, 'num_heads': 16, 'lr': 0.001}
Epoch 1 | Loss: 0.6212 | Val NDCG: 0.7641 | smoothed: 0.7641
Epoch 2 | Loss: 0.6102 | Val NDCG: 0.7605 | smoothed: 0.7623
Epoch 3 | Loss: 0.6068 | Val NDCG: 0.7631 | smoothed: 0.7626
Epoch 4 | Loss: 0.6041 | Val NDCG: 0.7689 | smoothed: 0.7641
Epoch 5 | Loss: 0.6028 | Val NDCG: 0.7667 | smoothed: 0.7662
Epoch 6 | Loss: 0.6018 | Val NDCG: 0.7724 | smoothed: 0.7693
Epoch 7 | Loss: 0.6004 | Val NDCG: 0.7691 | smoothed: 0.7694
Epoch 8 | Loss: 0.6001 | Val NDCG: 0.7724 | smoothed: 0.7713
Epoch 9 | Loss: 0.5989 | Val NDCG: 0.7721 | smoothed: 0.7712
Epoch 10 | Loss: 0.5977 | Val NDCG: 0.7726 | smoothed: 0.7724
Epoch 11 | Loss: 0.5980 | Val NDCG: 0.7733 | smoothed: 0.7727
Epoch 12 | Loss: 0.5964 | Val NDCG: 0.7730 | smoothed: 0.7730
Epoch 13 | Loss: 0.5966 | Val NDCG: 0.7716 | smoothed: 0.7727
Epoch 14 | Loss: 0.5948 | Val NDCG: 0.7741 | smoothed: 0.7729
Epoch 15 | Loss: 0.5948 | Val NDCG: 0.7743 | smoothed: 0.7734
Epoch 16 | Loss: 0.5945 | Val NDCG: 0.7742 | smoothed: 0.7742
Epoch 17 | Loss: 0.5933 | Val NDCG: 0.7751 | smoothed: 0.7746
Epoch 18 | Loss: 0.5931 | Val NDCG: 0.7763 | smoothed: 0.7752
Epoch 19 | Loss: 0.5940 | Val NDCG: 0.7755 | smoothed: 0.7757
Epoch 20 | Loss: 0.5924 | Val NDCG: 0.7786 | smoothed: 0.7768

Best smoothed NDCG: 0.7768 at epoch 20 of 20 run

1 combinations completed out of 1


--- Grid Search Results ---
 hidden_units  dropout_rate  num_blocks  num_heads    lr  val_ndcg  val_ndcg_raw  best_epoch  epochs_run  max_epochs
          256           0.3           2         16 0.001  0.776789      0.778556          20          20          20

Best config: {'hidden_units': 256.0, 'dropout_rate': 0.3, 'num_blocks': 2.0, 'num_heads': 16.0, 'lr': 0.001, 'val_ndcg': 0.7767885084208875, 'val_ndcg_raw': 0.7785555801998852, 'best_epoch': 20.0, 'epochs_run': 20.0, 'max_epochs': 20.0}
1 of 1 configs reached max_epochs
1 of 1 were still improving when stopped
Best params saved to ../Models/sasrec_pwts_best_params.json
