task 213 | loss drrl | node slurmnode-gpu05
Tesla P100-PCIE-16GB, 16384 MiB
Tesla P100-PCIE-16GB, 16384 MiB
Tesla P100-PCIE-16GB, 16384 MiB
Tesla P100-PCIE-16GB, 16384 MiB
Using device: cuda
Loading datasets...
Train sessions: 75875 | Val sessions: 16262

Running grid search over 486 combinations...

SLURM array task 213: 1 config -> ../Models/sasrec_grid_drrl_task213.csv
Trying: {'hidden_units': 128, 'dropout_rate': 0.1, 'num_blocks': 3, 'num_heads': 16, 'lr': 0.0001, 'gamma': 2}
Epoch 1 | Loss: -0.0676 | Val NDCG: 0.7282 | smoothed: 0.7282
Epoch 2 | Loss: -0.2056 | Val NDCG: 0.7275 | smoothed: 0.7279
Epoch 3 | Loss: -0.2187 | Val NDCG: 0.7333 | smoothed: 0.7297
Epoch 4 | Loss: -0.2224 | Val NDCG: 0.7366 | smoothed: 0.7325
Epoch 5 | Loss: -0.2247 | Val NDCG: 0.7437 | smoothed: 0.7379
Epoch 6 | Loss: -0.2255 | Val NDCG: 0.7537 | smoothed: 0.7446
Epoch 7 | Loss: -0.2261 | Val NDCG: 0.7409 | smoothed: 0.7461
Epoch 8 | Loss: -0.2268 | Val NDCG: 0.7547 | smoothed: 0.7497
Epoch 9 | Loss: -0.2272 | Val NDCG: 0.7482 | smoothed: 0.7479
Epoch 10 | Loss: -0.2272 | Val NDCG: 0.7539 | smoothed: 0.7523
Epoch 11 | Loss: -0.2279 | Val NDCG: 0.7561 | smoothed: 0.7527
Epoch 12 | Loss: -0.2269 | Val NDCG: 0.7528 | smoothed: 0.7543
Epoch 13 | Loss: -0.2277 | Val NDCG: 0.7444 | smoothed: 0.7511
Epoch 14 | Loss: -0.2276 | Val NDCG: 0.7554 | smoothed: 0.7509
Epoch 15 | Loss: -0.2279 | Val NDCG: 0.7412 | smoothed: 0.7470
Epoch 16 | Loss: -0.2277 | Val NDCG: 0.7646 | smoothed: 0.7538
Epoch 17 | Loss: -0.2280 | Val NDCG: 0.7265 | smoothed: 0.7441

Best smoothed NDCG: 0.7543 at epoch 12 of 17 run

1 combinations completed out of 1


--- Grid Search Results ---
 hidden_units  dropout_rate  num_blocks  num_heads     lr  gamma  val_ndcg  val_ndcg_raw  best_epoch  epochs_run  max_epochs
          128           0.1           3         16 0.0001      2  0.754269      0.752788          12          17          40

Best config: {'hidden_units': 128.0, 'dropout_rate': 0.1, 'num_blocks': 3.0, 'num_heads': 16.0, 'lr': 0.0001, 'gamma': 2.0, 'val_ndcg': 0.7542687347399601, 'val_ndcg_raw': 0.7527883232152475, 'best_epoch': 12.0, 'epochs_run': 17.0, 'max_epochs': 40.0}
0 of 1 configs reached max_epochs
0 of 1 were still improving when stopped
Best params saved to ../Models/sasrec_drrl_best_params.json
