task 91 | loss drrl | node slurmnode-gpu07
NVIDIA A40, 46068 MiB
NVIDIA A40, 46068 MiB
NVIDIA A40, 46068 MiB
NVIDIA A40, 46068 MiB
Using device: cuda
Loading datasets...
Train sessions: 75875 | Val sessions: 16262

Running grid search over 486 combinations...

SLURM array task 91: 1 config -> ../Models/sasrec_grid_drrl_task91.csv
Trying: {'hidden_units': 64, 'dropout_rate': 0.3, 'num_blocks': 3, 'num_heads': 4, 'lr': 0.001, 'gamma': 3}
Epoch 1 | Loss: -0.1905 | Val NDCG: 0.7132 | smoothed: 0.7132
Epoch 2 | Loss: -0.2247 | Val NDCG: 0.7267 | smoothed: 0.7200
Epoch 3 | Loss: -0.2261 | Val NDCG: 0.7299 | smoothed: 0.7233
Epoch 4 | Loss: -0.2278 | Val NDCG: 0.7340 | smoothed: 0.7302
Epoch 5 | Loss: -0.2288 | Val NDCG: 0.7516 | smoothed: 0.7385
Epoch 6 | Loss: -0.2293 | Val NDCG: 0.7611 | smoothed: 0.7489
Epoch 7 | Loss: -0.2298 | Val NDCG: 0.7491 | smoothed: 0.7539
Epoch 8 | Loss: -0.2299 | Val NDCG: 0.7659 | smoothed: 0.7587
Epoch 9 | Loss: -0.2300 | Val NDCG: 0.7702 | smoothed: 0.7617
Epoch 10 | Loss: -0.2301 | Val NDCG: 0.7601 | smoothed: 0.7654
Epoch 11 | Loss: -0.2302 | Val NDCG: 0.7549 | smoothed: 0.7617
Epoch 12 | Loss: -0.2303 | Val NDCG: 0.7603 | smoothed: 0.7584
Epoch 13 | Loss: -0.2303 | Val NDCG: 0.7684 | smoothed: 0.7612
Epoch 14 | Loss: -0.2305 | Val NDCG: 0.7599 | smoothed: 0.7629
Epoch 15 | Loss: -0.2305 | Val NDCG: 0.7699 | smoothed: 0.7661
Epoch 16 | Loss: -0.2305 | Val NDCG: 0.7646 | smoothed: 0.7648
Epoch 17 | Loss: -0.2307 | Val NDCG: 0.7682 | smoothed: 0.7676
Epoch 18 | Loss: -0.2306 | Val NDCG: 0.7655 | smoothed: 0.7661
Epoch 19 | Loss: -0.2309 | Val NDCG: 0.7719 | smoothed: 0.7685
Epoch 20 | Loss: -0.2309 | Val NDCG: 0.7724 | smoothed: 0.7699

Best smoothed NDCG: 0.7699 at epoch 20 of 20 run

1 combinations completed out of 1


--- Grid Search Results ---
 hidden_units  dropout_rate  num_blocks  num_heads    lr  gamma  val_ndcg  val_ndcg_raw  best_epoch  epochs_run  max_epochs
           64           0.3           3          4 0.001      3  0.769912      0.772354          20          20          20

Best config: {'hidden_units': 64.0, 'dropout_rate': 0.3, 'num_blocks': 3.0, 'num_heads': 4.0, 'lr': 0.001, 'gamma': 3.0, 'val_ndcg': 0.7699124295393163, 'val_ndcg_raw': 0.772353855276413, 'best_epoch': 20.0, 'epochs_run': 20.0, 'max_epochs': 20.0}
1 of 1 configs reached max_epochs
1 of 1 were still improving when stopped
Best params saved to ../Models/sasrec_drrl_best_params.json
