task 222 | loss drrl | node slurmnode-gpu03
Tesla P100-PCIE-16GB, 16384 MiB
Tesla P100-PCIE-16GB, 16384 MiB
Tesla P100-PCIE-16GB, 16384 MiB
Tesla P100-PCIE-16GB, 16384 MiB
Using device: cuda
Loading datasets...
Train sessions: 75875 | Val sessions: 16262

Running grid search over 486 combinations...

SLURM array task 222: 1 config -> ../Models/sasrec_grid_drrl_task222.csv
Trying: {'hidden_units': 128, 'dropout_rate': 0.3, 'num_blocks': 1, 'num_heads': 8, 'lr': 0.001, 'gamma': 2}
Epoch 1 | Loss: -0.1557 | Val NDCG: 0.7118 | smoothed: 0.7118
Epoch 2 | Loss: -0.2204 | Val NDCG: 0.7021 | smoothed: 0.7069
Epoch 3 | Loss: -0.2238 | Val NDCG: 0.7263 | smoothed: 0.7134
Epoch 4 | Loss: -0.2252 | Val NDCG: 0.7148 | smoothed: 0.7144
Epoch 5 | Loss: -0.2257 | Val NDCG: 0.7144 | smoothed: 0.7185
Epoch 6 | Loss: -0.2266 | Val NDCG: 0.6964 | smoothed: 0.7085
Epoch 7 | Loss: -0.2272 | Val NDCG: 0.7399 | smoothed: 0.7169
Epoch 8 | Loss: -0.2272 | Val NDCG: 0.7528 | smoothed: 0.7297
Epoch 9 | Loss: -0.2277 | Val NDCG: 0.7535 | smoothed: 0.7487
Epoch 10 | Loss: -0.2277 | Val NDCG: 0.7540 | smoothed: 0.7534
Epoch 11 | Loss: -0.2281 | Val NDCG: 0.7598 | smoothed: 0.7558
Epoch 12 | Loss: -0.2278 | Val NDCG: 0.7664 | smoothed: 0.7601
Epoch 13 | Loss: -0.2281 | Val NDCG: 0.7587 | smoothed: 0.7616
Epoch 14 | Loss: -0.2284 | Val NDCG: 0.7466 | smoothed: 0.7573
Epoch 15 | Loss: -0.2285 | Val NDCG: 0.7679 | smoothed: 0.7578
Epoch 16 | Loss: -0.2287 | Val NDCG: 0.7659 | smoothed: 0.7602
Epoch 17 | Loss: -0.2283 | Val NDCG: 0.7728 | smoothed: 0.7689
Epoch 18 | Loss: -0.2285 | Val NDCG: 0.7747 | smoothed: 0.7711
Epoch 19 | Loss: -0.2286 | Val NDCG: 0.7692 | smoothed: 0.7722
Epoch 20 | Loss: -0.2282 | Val NDCG: 0.7721 | smoothed: 0.7720

Best smoothed NDCG: 0.7722 at epoch 19 of 20 run

1 combinations completed out of 1


--- Grid Search Results ---
 hidden_units  dropout_rate  num_blocks  num_heads    lr  gamma  val_ndcg  val_ndcg_raw  best_epoch  epochs_run  max_epochs
          128           0.3           1          8 0.001      2  0.772227      0.769211          19          20          20

Best config: {'hidden_units': 128.0, 'dropout_rate': 0.3, 'num_blocks': 1.0, 'num_heads': 8.0, 'lr': 0.001, 'gamma': 2.0, 'val_ndcg': 0.7722274850706407, 'val_ndcg_raw': 0.7692114004238251, 'best_epoch': 19.0, 'epochs_run': 20.0, 'max_epochs': 20.0}
1 of 1 configs reached max_epochs
1 of 1 were still improving when stopped
Best params saved to ../Models/sasrec_drrl_best_params.json
