task 44 | loss pwts | node slurmnode-gpu02
NVIDIA GeForce GTX 1080 Ti, 11264 MiB
NVIDIA GeForce GTX 1080 Ti, 11264 MiB
NVIDIA GeForce GTX 1080 Ti, 11264 MiB
NVIDIA GeForce GTX 1080 Ti, 11264 MiB
NVIDIA GeForce GTX 1080 Ti, 11264 MiB
NVIDIA GeForce GTX 1080 Ti, 11264 MiB
NVIDIA GeForce GTX 1080 Ti, 11264 MiB
NVIDIA GeForce GTX 1080 Ti, 11264 MiB
Using device: cuda
Loading datasets...
Train sessions: 75875 | Val sessions: 16262

Running grid search over 162 combinations...

SLURM array task 44: 1 config -> ../Models/sasrec_grid_pwts_task44.csv
Trying: {'hidden_units': 64, 'dropout_rate': 0.5, 'num_blocks': 2, 'num_heads': 8, 'lr': 0.001}
Epoch 1 | Loss: 0.6306 | Val NDCG: 0.7550 | smoothed: 0.7550
Epoch 2 | Loss: 0.6145 | Val NDCG: 0.7578 | smoothed: 0.7564
Epoch 3 | Loss: 0.6107 | Val NDCG: 0.7608 | smoothed: 0.7579
Epoch 4 | Loss: 0.6085 | Val NDCG: 0.7610 | smoothed: 0.7599
Epoch 5 | Loss: 0.6072 | Val NDCG: 0.7647 | smoothed: 0.7622
Epoch 6 | Loss: 0.6064 | Val NDCG: 0.7640 | smoothed: 0.7632
Epoch 7 | Loss: 0.6055 | Val NDCG: 0.7647 | smoothed: 0.7645
Epoch 8 | Loss: 0.6048 | Val NDCG: 0.7630 | smoothed: 0.7639
Epoch 9 | Loss: 0.6043 | Val NDCG: 0.7687 | smoothed: 0.7655
Epoch 10 | Loss: 0.6034 | Val NDCG: 0.7663 | smoothed: 0.7660
Epoch 11 | Loss: 0.6024 | Val NDCG: 0.7685 | smoothed: 0.7678
Epoch 12 | Loss: 0.6022 | Val NDCG: 0.7657 | smoothed: 0.7669
Epoch 13 | Loss: 0.6024 | Val NDCG: 0.7685 | smoothed: 0.7676
Epoch 14 | Loss: 0.6030 | Val NDCG: 0.7651 | smoothed: 0.7664
Epoch 15 | Loss: 0.6012 | Val NDCG: 0.7672 | smoothed: 0.7669
Epoch 16 | Loss: 0.6012 | Val NDCG: 0.7683 | smoothed: 0.7669

Best smoothed NDCG: 0.7678 at epoch 11 of 16 run

1 combinations completed out of 1


--- Grid Search Results ---
 hidden_units  dropout_rate  num_blocks  num_heads    lr  val_ndcg  val_ndcg_raw  best_epoch  epochs_run  max_epochs
           64           0.5           2          8 0.001  0.767845      0.768541          11          16          20

Best config: {'hidden_units': 64.0, 'dropout_rate': 0.5, 'num_blocks': 2.0, 'num_heads': 8.0, 'lr': 0.001, 'val_ndcg': 0.7678454458321992, 'val_ndcg_raw': 0.7685407737594612, 'best_epoch': 11.0, 'epochs_run': 16.0, 'max_epochs': 20.0}
0 of 1 configs reached max_epochs
0 of 1 were still improving when stopped
Best params saved to ../Models/sasrec_pwts_best_params.json
