task 482 | loss drrl | node slurmnode-gpu05
Tesla P100-PCIE-16GB, 16384 MiB
Tesla P100-PCIE-16GB, 16384 MiB
Tesla P100-PCIE-16GB, 16384 MiB
Tesla P100-PCIE-16GB, 16384 MiB
Using device: cuda
Loading datasets...
Train sessions: 75875 | Val sessions: 16262

Running grid search over 486 combinations...

SLURM array task 482: 1 config -> ../Models/sasrec_grid_drrl_task482.csv
Trying: {'hidden_units': 256, 'dropout_rate': 0.5, 'num_blocks': 3, 'num_heads': 16, 'lr': 0.001, 'gamma': 4}
Epoch 1 | Loss: -0.1800 | Val NDCG: 0.7432 | smoothed: 0.7432
Epoch 2 | Loss: -0.2240 | Val NDCG: 0.7145 | smoothed: 0.7289
Epoch 3 | Loss: -0.2267 | Val NDCG: 0.7081 | smoothed: 0.7220
Epoch 4 | Loss: -0.2272 | Val NDCG: 0.7237 | smoothed: 0.7154
Epoch 5 | Loss: -0.2274 | Val NDCG: 0.7364 | smoothed: 0.7227
Epoch 6 | Loss: -0.2280 | Val NDCG: 0.7462 | smoothed: 0.7354

Best smoothed NDCG: 0.7432 at epoch 1 of 6 run

1 combinations completed out of 1


--- Grid Search Results ---
 hidden_units  dropout_rate  num_blocks  num_heads    lr  gamma  val_ndcg  val_ndcg_raw  best_epoch  epochs_run  max_epochs
          256           0.5           3         16 0.001      4  0.743225      0.743225           1           6          20

Best config: {'hidden_units': 256.0, 'dropout_rate': 0.5, 'num_blocks': 3.0, 'num_heads': 16.0, 'lr': 0.001, 'gamma': 4.0, 'val_ndcg': 0.7432248421924049, 'val_ndcg_raw': 0.7432248421924049, 'best_epoch': 1.0, 'epochs_run': 6.0, 'max_epochs': 20.0}
0 of 1 configs reached max_epochs
0 of 1 were still improving when stopped
Best params saved to ../Models/sasrec_drrl_best_params.json
