task 129 | loss drrl | node slurmnode-gpu05
Tesla P100-PCIE-16GB, 16384 MiB
Tesla P100-PCIE-16GB, 16384 MiB
Tesla P100-PCIE-16GB, 16384 MiB
Tesla P100-PCIE-16GB, 16384 MiB
Using device: cuda
Loading datasets...
Train sessions: 75875 | Val sessions: 16262

Running grid search over 486 combinations...

SLURM array task 129: 1 config -> ../Models/sasrec_grid_drrl_task129.csv
Trying: {'hidden_units': 64, 'dropout_rate': 0.5, 'num_blocks': 2, 'num_heads': 4, 'lr': 0.0001, 'gamma': 2}
Epoch 1 | Loss: 0.3676 | Val NDCG: 0.7167 | smoothed: 0.7167
Epoch 2 | Loss: -0.1468 | Val NDCG: 0.7092 | smoothed: 0.7130
Epoch 3 | Loss: -0.2095 | Val NDCG: 0.7066 | smoothed: 0.7108
Epoch 4 | Loss: -0.2241 | Val NDCG: 0.7019 | smoothed: 0.7059
Epoch 5 | Loss: -0.2292 | Val NDCG: 0.7071 | smoothed: 0.7052
Epoch 6 | Loss: -0.2309 | Val NDCG: 0.7054 | smoothed: 0.7048

Best smoothed NDCG: 0.7167 at epoch 1 of 6 run

1 combinations completed out of 1


--- Grid Search Results ---
 hidden_units  dropout_rate  num_blocks  num_heads     lr  gamma  val_ndcg  val_ndcg_raw  best_epoch  epochs_run  max_epochs
           64           0.5           2          4 0.0001      2  0.716741      0.716741           1           6          40

Best config: {'hidden_units': 64.0, 'dropout_rate': 0.5, 'num_blocks': 2.0, 'num_heads': 4.0, 'lr': 0.0001, 'gamma': 2.0, 'val_ndcg': 0.7167412932632709, 'val_ndcg_raw': 0.7167412932632709, 'best_epoch': 1.0, 'epochs_run': 6.0, 'max_epochs': 40.0}
0 of 1 configs reached max_epochs
0 of 1 were still improving when stopped
Best params saved to ../Models/sasrec_drrl_best_params.json
