task 102 | loss pwts | node slurmnode-gpu03
Tesla P100-PCIE-16GB, 16384 MiB
Tesla P100-PCIE-16GB, 16384 MiB
Tesla P100-PCIE-16GB, 16384 MiB
Tesla P100-PCIE-16GB, 16384 MiB
Using device: cuda
Loading datasets...
Train sessions: 75875 | Val sessions: 16262

Running grid search over 162 combinations...

SLURM array task 102: 1 config -> ../Models/sasrec_grid_pwts_task102.csv
Trying: {'hidden_units': 128, 'dropout_rate': 0.5, 'num_blocks': 3, 'num_heads': 4, 'lr': 0.001}
Epoch 1 | Loss: 0.6266 | Val NDCG: 0.7632 | smoothed: 0.7632
Epoch 2 | Loss: 0.6130 | Val NDCG: 0.7636 | smoothed: 0.7634
Epoch 3 | Loss: 0.6097 | Val NDCG: 0.7657 | smoothed: 0.7642
Epoch 4 | Loss: 0.6080 | Val NDCG: 0.7636 | smoothed: 0.7643
Epoch 5 | Loss: 0.6069 | Val NDCG: 0.7689 | smoothed: 0.7661
Epoch 6 | Loss: 0.6047 | Val NDCG: 0.7632 | smoothed: 0.7652
Epoch 7 | Loss: 0.6039 | Val NDCG: 0.7702 | smoothed: 0.7674
Epoch 8 | Loss: 0.6043 | Val NDCG: 0.7702 | smoothed: 0.7679
Epoch 9 | Loss: 0.6020 | Val NDCG: 0.7697 | smoothed: 0.7700
Epoch 10 | Loss: 0.6029 | Val NDCG: 0.7694 | smoothed: 0.7698
Epoch 11 | Loss: 0.6007 | Val NDCG: 0.7685 | smoothed: 0.7692
Epoch 12 | Loss: 0.6006 | Val NDCG: 0.7742 | smoothed: 0.7707
Epoch 13 | Loss: 0.6017 | Val NDCG: 0.7703 | smoothed: 0.7710
Epoch 14 | Loss: 0.6004 | Val NDCG: 0.7724 | smoothed: 0.7723
Epoch 15 | Loss: 0.6001 | Val NDCG: 0.7743 | smoothed: 0.7723
Epoch 16 | Loss: 0.6006 | Val NDCG: 0.7739 | smoothed: 0.7736
Epoch 17 | Loss: 0.5989 | Val NDCG: 0.7754 | smoothed: 0.7745
Epoch 18 | Loss: 0.5995 | Val NDCG: 0.7722 | smoothed: 0.7738
Epoch 19 | Loss: 0.5988 | Val NDCG: 0.7751 | smoothed: 0.7742
Epoch 20 | Loss: 0.5992 | Val NDCG: 0.7751 | smoothed: 0.7741

Best smoothed NDCG: 0.7745 at epoch 17 of 20 run

1 combinations completed out of 1


--- Grid Search Results ---
 hidden_units  dropout_rate  num_blocks  num_heads    lr  val_ndcg  val_ndcg_raw  best_epoch  epochs_run  max_epochs
          128           0.5           3          4 0.001  0.774549      0.775364          17          20          20

Best config: {'hidden_units': 128.0, 'dropout_rate': 0.5, 'num_blocks': 3.0, 'num_heads': 4.0, 'lr': 0.001, 'val_ndcg': 0.7745490058779511, 'val_ndcg_raw': 0.7753638440366725, 'best_epoch': 17.0, 'epochs_run': 20.0, 'max_epochs': 20.0}
1 of 1 configs reached max_epochs
0 of 1 were still improving when stopped
Best params saved to ../Models/sasrec_pwts_best_params.json
