task 116 | loss drrl | node slurmnode-gpu05
Tesla P100-PCIE-16GB, 16384 MiB
Tesla P100-PCIE-16GB, 16384 MiB
Tesla P100-PCIE-16GB, 16384 MiB
Tesla P100-PCIE-16GB, 16384 MiB
Using device: cuda
Loading datasets...
Train sessions: 75875 | Val sessions: 16262

Running grid search over 486 combinations...

SLURM array task 116: 1 config -> ../Models/sasrec_grid_drrl_task116.csv
Trying: {'hidden_units': 64, 'dropout_rate': 0.5, 'num_blocks': 1, 'num_heads': 8, 'lr': 0.001, 'gamma': 4}
Epoch 1 | Loss: -0.1813 | Val NDCG: 0.7054 | smoothed: 0.7054
Epoch 2 | Loss: -0.2282 | Val NDCG: 0.7134 | smoothed: 0.7094
Epoch 3 | Loss: -0.2292 | Val NDCG: 0.6900 | smoothed: 0.7029
Epoch 4 | Loss: -0.2298 | Val NDCG: 0.7187 | smoothed: 0.7074
Epoch 5 | Loss: -0.2299 | Val NDCG: 0.7174 | smoothed: 0.7087
Epoch 6 | Loss: -0.2304 | Val NDCG: 0.6984 | smoothed: 0.7115
Epoch 7 | Loss: -0.2304 | Val NDCG: 0.7150 | smoothed: 0.7103
Epoch 8 | Loss: -0.2303 | Val NDCG: 0.7295 | smoothed: 0.7143
Epoch 9 | Loss: -0.2307 | Val NDCG: 0.7409 | smoothed: 0.7285
Epoch 10 | Loss: -0.2307 | Val NDCG: 0.7428 | smoothed: 0.7378
Epoch 11 | Loss: -0.2309 | Val NDCG: 0.7600 | smoothed: 0.7479
Epoch 12 | Loss: -0.2309 | Val NDCG: 0.7569 | smoothed: 0.7532
Epoch 13 | Loss: -0.2311 | Val NDCG: 0.7599 | smoothed: 0.7589
Epoch 14 | Loss: -0.2309 | Val NDCG: 0.7552 | smoothed: 0.7573
Epoch 15 | Loss: -0.2309 | Val NDCG: 0.7586 | smoothed: 0.7579
Epoch 16 | Loss: -0.2309 | Val NDCG: 0.7561 | smoothed: 0.7567
Epoch 17 | Loss: -0.2308 | Val NDCG: 0.7574 | smoothed: 0.7574
Epoch 18 | Loss: -0.2310 | Val NDCG: 0.7622 | smoothed: 0.7586

Best smoothed NDCG: 0.7589 at epoch 13 of 18 run

1 combinations completed out of 1


--- Grid Search Results ---
 hidden_units  dropout_rate  num_blocks  num_heads    lr  gamma  val_ndcg  val_ndcg_raw  best_epoch  epochs_run  max_epochs
           64           0.5           1          8 0.001      4  0.758916      0.759868          13          18          20

Best config: {'hidden_units': 64.0, 'dropout_rate': 0.5, 'num_blocks': 1.0, 'num_heads': 8.0, 'lr': 0.001, 'gamma': 4.0, 'val_ndcg': 0.7589155437316716, 'val_ndcg_raw': 0.7598683820637876, 'best_epoch': 13.0, 'epochs_run': 18.0, 'max_epochs': 20.0}
0 of 1 configs reached max_epochs
0 of 1 were still improving when stopped
Best params saved to ../Models/sasrec_drrl_best_params.json
