task 283 | loss drrl | node slurmnode-gpu03
Tesla P100-PCIE-16GB, 16384 MiB
Tesla P100-PCIE-16GB, 16384 MiB
Tesla P100-PCIE-16GB, 16384 MiB
Tesla P100-PCIE-16GB, 16384 MiB
Using device: cuda
Loading datasets...
Train sessions: 75875 | Val sessions: 16262

Running grid search over 486 combinations...

SLURM array task 283: 1 config -> ../Models/sasrec_grid_drrl_task283.csv
Trying: {'hidden_units': 128, 'dropout_rate': 0.5, 'num_blocks': 1, 'num_heads': 16, 'lr': 0.001, 'gamma': 3}
Epoch 1 | Loss: -0.1825 | Val NDCG: 0.7156 | smoothed: 0.7156
Epoch 2 | Loss: -0.2270 | Val NDCG: 0.7152 | smoothed: 0.7154
Epoch 3 | Loss: -0.2281 | Val NDCG: 0.7028 | smoothed: 0.7112
Epoch 4 | Loss: -0.2286 | Val NDCG: 0.6992 | smoothed: 0.7057
Epoch 5 | Loss: -0.2282 | Val NDCG: 0.7419 | smoothed: 0.7146
Epoch 6 | Loss: -0.2290 | Val NDCG: 0.7258 | smoothed: 0.7223
Epoch 7 | Loss: -0.2295 | Val NDCG: 0.7326 | smoothed: 0.7334
Epoch 8 | Loss: -0.2295 | Val NDCG: 0.7278 | smoothed: 0.7288
Epoch 9 | Loss: -0.2294 | Val NDCG: 0.7617 | smoothed: 0.7407
Epoch 10 | Loss: -0.2296 | Val NDCG: 0.7535 | smoothed: 0.7477
Epoch 11 | Loss: -0.2297 | Val NDCG: 0.7665 | smoothed: 0.7606
Epoch 12 | Loss: -0.2297 | Val NDCG: 0.7613 | smoothed: 0.7604
Epoch 13 | Loss: -0.2299 | Val NDCG: 0.7629 | smoothed: 0.7636
Epoch 14 | Loss: -0.2300 | Val NDCG: 0.7697 | smoothed: 0.7646
Epoch 15 | Loss: -0.2300 | Val NDCG: 0.7698 | smoothed: 0.7675
Epoch 16 | Loss: -0.2299 | Val NDCG: 0.7531 | smoothed: 0.7642
Epoch 17 | Loss: -0.2302 | Val NDCG: 0.7638 | smoothed: 0.7622
Epoch 18 | Loss: -0.2302 | Val NDCG: 0.7709 | smoothed: 0.7626
Epoch 19 | Loss: -0.2302 | Val NDCG: 0.7695 | smoothed: 0.7681
Epoch 20 | Loss: -0.2302 | Val NDCG: 0.7658 | smoothed: 0.7687

Best smoothed NDCG: 0.7687 at epoch 20 of 20 run

1 combinations completed out of 1


--- Grid Search Results ---
 hidden_units  dropout_rate  num_blocks  num_heads    lr  gamma  val_ndcg  val_ndcg_raw  best_epoch  epochs_run  max_epochs
          128           0.5           1         16 0.001      3  0.768718      0.765756          20          20          20

Best config: {'hidden_units': 128.0, 'dropout_rate': 0.5, 'num_blocks': 1.0, 'num_heads': 16.0, 'lr': 0.001, 'gamma': 3.0, 'val_ndcg': 0.768717623419337, 'val_ndcg_raw': 0.7657559242371891, 'best_epoch': 20.0, 'epochs_run': 20.0, 'max_epochs': 20.0}
1 of 1 configs reached max_epochs
1 of 1 were still improving when stopped
Best params saved to ../Models/sasrec_drrl_best_params.json
