task 249 | loss drrl | node slurmnode-gpu05
Tesla P100-PCIE-16GB, 16384 MiB
Tesla P100-PCIE-16GB, 16384 MiB
Tesla P100-PCIE-16GB, 16384 MiB
Tesla P100-PCIE-16GB, 16384 MiB
Using device: cuda
Loading datasets...
Train sessions: 75875 | Val sessions: 16262

Running grid search over 486 combinations...

SLURM array task 249: 1 config -> ../Models/sasrec_grid_drrl_task249.csv
Trying: {'hidden_units': 128, 'dropout_rate': 0.3, 'num_blocks': 2, 'num_heads': 16, 'lr': 0.0001, 'gamma': 2}
Epoch 1 | Loss: 0.1130 | Val NDCG: 0.7189 | smoothed: 0.7189
Epoch 2 | Loss: -0.1921 | Val NDCG: 0.7107 | smoothed: 0.7148
Epoch 3 | Loss: -0.2161 | Val NDCG: 0.7070 | smoothed: 0.7122
Epoch 4 | Loss: -0.2232 | Val NDCG: 0.7052 | smoothed: 0.7076
Epoch 5 | Loss: -0.2263 | Val NDCG: 0.7071 | smoothed: 0.7064
Epoch 6 | Loss: -0.2280 | Val NDCG: 0.7077 | smoothed: 0.7067

Best smoothed NDCG: 0.7189 at epoch 1 of 6 run

1 combinations completed out of 1


--- Grid Search Results ---
 hidden_units  dropout_rate  num_blocks  num_heads     lr  gamma  val_ndcg  val_ndcg_raw  best_epoch  epochs_run  max_epochs
          128           0.3           2         16 0.0001      2  0.718869      0.718869           1           6          40

Best config: {'hidden_units': 128.0, 'dropout_rate': 0.3, 'num_blocks': 2.0, 'num_heads': 16.0, 'lr': 0.0001, 'gamma': 2.0, 'val_ndcg': 0.7188687552162416, 'val_ndcg_raw': 0.7188687552162416, 'best_epoch': 1.0, 'epochs_run': 6.0, 'max_epochs': 40.0}
0 of 1 configs reached max_epochs
0 of 1 were still improving when stopped
Best params saved to ../Models/sasrec_drrl_best_params.json
