task 147 | loss drrl | node slurmnode-gpu05
Tesla P100-PCIE-16GB, 16384 MiB
Tesla P100-PCIE-16GB, 16384 MiB
Tesla P100-PCIE-16GB, 16384 MiB
Tesla P100-PCIE-16GB, 16384 MiB
Using device: cuda
Loading datasets...
Train sessions: 75875 | Val sessions: 16262

Running grid search over 486 combinations...

SLURM array task 147: 1 config -> ../Models/sasrec_grid_drrl_task147.csv
Trying: {'hidden_units': 64, 'dropout_rate': 0.5, 'num_blocks': 3, 'num_heads': 4, 'lr': 0.0001, 'gamma': 2}
Epoch 1 | Loss: 0.1910 | Val NDCG: 0.7151 | smoothed: 0.7151
Epoch 2 | Loss: -0.1809 | Val NDCG: 0.7211 | smoothed: 0.7181
Epoch 3 | Loss: -0.2132 | Val NDCG: 0.7278 | smoothed: 0.7213
Epoch 4 | Loss: -0.2233 | Val NDCG: 0.7278 | smoothed: 0.7256
Epoch 5 | Loss: -0.2275 | Val NDCG: 0.7291 | smoothed: 0.7282
Epoch 6 | Loss: -0.2295 | Val NDCG: 0.7287 | smoothed: 0.7285
Epoch 7 | Loss: -0.2306 | Val NDCG: 0.7160 | smoothed: 0.7246
Epoch 8 | Loss: -0.2312 | Val NDCG: 0.7084 | smoothed: 0.7177
Epoch 9 | Loss: -0.2316 | Val NDCG: 0.7043 | smoothed: 0.7095
Epoch 10 | Loss: -0.2318 | Val NDCG: 0.7082 | smoothed: 0.7070
Epoch 11 | Loss: -0.2319 | Val NDCG: 0.6898 | smoothed: 0.7008

Best smoothed NDCG: 0.7285 at epoch 6 of 11 run

1 combinations completed out of 1


--- Grid Search Results ---
 hidden_units  dropout_rate  num_blocks  num_heads     lr  gamma  val_ndcg  val_ndcg_raw  best_epoch  epochs_run  max_epochs
           64           0.5           3          4 0.0001      2  0.728537      0.728681           6          11          40

Best config: {'hidden_units': 64.0, 'dropout_rate': 0.5, 'num_blocks': 3.0, 'num_heads': 4.0, 'lr': 0.0001, 'gamma': 2.0, 'val_ndcg': 0.7285366769445552, 'val_ndcg_raw': 0.7286811918468129, 'best_epoch': 6.0, 'epochs_run': 11.0, 'max_epochs': 40.0}
0 of 1 configs reached max_epochs
0 of 1 were still improving when stopped
Best params saved to ../Models/sasrec_drrl_best_params.json
