task 62 | loss drrl | node slurmnode-gpu07
NVIDIA A40, 46068 MiB
NVIDIA A40, 46068 MiB
NVIDIA A40, 46068 MiB
NVIDIA A40, 46068 MiB
Using device: cuda
Loading datasets...
Train sessions: 75875 | Val sessions: 16262

Running grid search over 486 combinations...

SLURM array task 62: 1 config -> ../Models/sasrec_grid_drrl_task62.csv
Trying: {'hidden_units': 64, 'dropout_rate': 0.3, 'num_blocks': 1, 'num_heads': 8, 'lr': 0.001, 'gamma': 4}
Epoch 1 | Loss: -0.1842 | Val NDCG: 0.6986 | smoothed: 0.6986
Epoch 2 | Loss: -0.2274 | Val NDCG: 0.7071 | smoothed: 0.7029
Epoch 3 | Loss: -0.2289 | Val NDCG: 0.7076 | smoothed: 0.7045
Epoch 4 | Loss: -0.2294 | Val NDCG: 0.7166 | smoothed: 0.7105
Epoch 5 | Loss: -0.2300 | Val NDCG: 0.7073 | smoothed: 0.7105
Epoch 6 | Loss: -0.2299 | Val NDCG: 0.7411 | smoothed: 0.7217
Epoch 7 | Loss: -0.2301 | Val NDCG: 0.7404 | smoothed: 0.7296
Epoch 8 | Loss: -0.2302 | Val NDCG: 0.7537 | smoothed: 0.7451
Epoch 9 | Loss: -0.2301 | Val NDCG: 0.7517 | smoothed: 0.7486
Epoch 10 | Loss: -0.2304 | Val NDCG: 0.7660 | smoothed: 0.7571
Epoch 11 | Loss: -0.2303 | Val NDCG: 0.7669 | smoothed: 0.7615
Epoch 12 | Loss: -0.2305 | Val NDCG: 0.7540 | smoothed: 0.7623
Epoch 13 | Loss: -0.2304 | Val NDCG: 0.7599 | smoothed: 0.7603
Epoch 14 | Loss: -0.2305 | Val NDCG: 0.7596 | smoothed: 0.7579
Epoch 15 | Loss: -0.2304 | Val NDCG: 0.7687 | smoothed: 0.7627
Epoch 16 | Loss: -0.2305 | Val NDCG: 0.7662 | smoothed: 0.7648
Epoch 17 | Loss: -0.2304 | Val NDCG: 0.7737 | smoothed: 0.7695
Epoch 18 | Loss: -0.2306 | Val NDCG: 0.7676 | smoothed: 0.7692
Epoch 19 | Loss: -0.2305 | Val NDCG: 0.7595 | smoothed: 0.7669
Epoch 20 | Loss: -0.2303 | Val NDCG: 0.7660 | smoothed: 0.7644

Best smoothed NDCG: 0.7695 at epoch 17 of 20 run

1 combinations completed out of 1


--- Grid Search Results ---
 hidden_units  dropout_rate  num_blocks  num_heads    lr  gamma  val_ndcg  val_ndcg_raw  best_epoch  epochs_run  max_epochs
           64           0.3           1          8 0.001      4  0.769542      0.773735          17          20          20

Best config: {'hidden_units': 64.0, 'dropout_rate': 0.3, 'num_blocks': 1.0, 'num_heads': 8.0, 'lr': 0.001, 'gamma': 4.0, 'val_ndcg': 0.7695422080630451, 'val_ndcg_raw': 0.7737347155479393, 'best_epoch': 17.0, 'epochs_run': 20.0, 'max_epochs': 20.0}
1 of 1 configs reached max_epochs
0 of 1 were still improving when stopped
Best params saved to ../Models/sasrec_drrl_best_params.json
