task 145 | loss drrl | node slurmnode-gpu07
NVIDIA A40, 46068 MiB
NVIDIA A40, 46068 MiB
NVIDIA A40, 46068 MiB
NVIDIA A40, 46068 MiB
Using device: cuda
Loading datasets...
Train sessions: 75875 | Val sessions: 16262

Running grid search over 486 combinations...

SLURM array task 145: 1 config -> ../Models/sasrec_grid_drrl_task145.csv
Trying: {'hidden_units': 64, 'dropout_rate': 0.5, 'num_blocks': 3, 'num_heads': 4, 'lr': 0.001, 'gamma': 3}
Epoch 1 | Loss: -0.1929 | Val NDCG: 0.6999 | smoothed: 0.6999
Epoch 2 | Loss: -0.2272 | Val NDCG: 0.7103 | smoothed: 0.7051
Epoch 3 | Loss: -0.2287 | Val NDCG: 0.7014 | smoothed: 0.7039
Epoch 4 | Loss: -0.2290 | Val NDCG: 0.7300 | smoothed: 0.7139
Epoch 5 | Loss: -0.2299 | Val NDCG: 0.7079 | smoothed: 0.7131
Epoch 6 | Loss: -0.2302 | Val NDCG: 0.7420 | smoothed: 0.7266
Epoch 7 | Loss: -0.2300 | Val NDCG: 0.7368 | smoothed: 0.7289
Epoch 8 | Loss: -0.2305 | Val NDCG: 0.7419 | smoothed: 0.7402
Epoch 9 | Loss: -0.2305 | Val NDCG: 0.7573 | smoothed: 0.7453
Epoch 10 | Loss: -0.2304 | Val NDCG: 0.7467 | smoothed: 0.7486
Epoch 11 | Loss: -0.2306 | Val NDCG: 0.7563 | smoothed: 0.7534
Epoch 12 | Loss: -0.2302 | Val NDCG: 0.7510 | smoothed: 0.7513
Epoch 13 | Loss: -0.2308 | Val NDCG: 0.7587 | smoothed: 0.7553
Epoch 14 | Loss: -0.2307 | Val NDCG: 0.7618 | smoothed: 0.7572
Epoch 15 | Loss: -0.2306 | Val NDCG: 0.7582 | smoothed: 0.7596
Epoch 16 | Loss: -0.2308 | Val NDCG: 0.7717 | smoothed: 0.7639
Epoch 17 | Loss: -0.2307 | Val NDCG: 0.7644 | smoothed: 0.7648
Epoch 18 | Loss: -0.2308 | Val NDCG: 0.7646 | smoothed: 0.7669
Epoch 19 | Loss: -0.2308 | Val NDCG: 0.7717 | smoothed: 0.7669
Epoch 20 | Loss: -0.2309 | Val NDCG: 0.7660 | smoothed: 0.7674

Best smoothed NDCG: 0.7674 at epoch 20 of 20 run

1 combinations completed out of 1


--- Grid Search Results ---
 hidden_units  dropout_rate  num_blocks  num_heads    lr  gamma  val_ndcg  val_ndcg_raw  best_epoch  epochs_run  max_epochs
           64           0.5           3          4 0.001      3  0.767431      0.765976          20          20          20

Best config: {'hidden_units': 64.0, 'dropout_rate': 0.5, 'num_blocks': 3.0, 'num_heads': 4.0, 'lr': 0.001, 'gamma': 3.0, 'val_ndcg': 0.767431141380193, 'val_ndcg_raw': 0.7659758781072372, 'best_epoch': 20.0, 'epochs_run': 20.0, 'max_epochs': 20.0}
1 of 1 configs reached max_epochs
1 of 1 were still improving when stopped
Best params saved to ../Models/sasrec_drrl_best_params.json
