task 81 | loss pwts | node slurmnode-gpu05
Tesla P100-PCIE-16GB, 16384 MiB
Tesla P100-PCIE-16GB, 16384 MiB
Tesla P100-PCIE-16GB, 16384 MiB
Tesla P100-PCIE-16GB, 16384 MiB
Using device: cuda
Loading datasets...
Train sessions: 75875 | Val sessions: 16262

Running grid search over 162 combinations...

SLURM array task 81: 1 config -> ../Models/sasrec_grid_pwts_task81.csv
Trying: {'hidden_units': 128, 'dropout_rate': 0.3, 'num_blocks': 2, 'num_heads': 8, 'lr': 0.0001}
Epoch 1 | Loss: 0.6365 | Val NDCG: 0.7379 | smoothed: 0.7379
Epoch 2 | Loss: 0.6202 | Val NDCG: 0.7513 | smoothed: 0.7446
Epoch 3 | Loss: 0.6150 | Val NDCG: 0.7560 | smoothed: 0.7484
Epoch 4 | Loss: 0.6114 | Val NDCG: 0.7597 | smoothed: 0.7556
Epoch 5 | Loss: 0.6101 | Val NDCG: 0.7621 | smoothed: 0.7592
Epoch 6 | Loss: 0.6081 | Val NDCG: 0.7621 | smoothed: 0.7613
Epoch 7 | Loss: 0.6069 | Val NDCG: 0.7656 | smoothed: 0.7633
Epoch 8 | Loss: 0.6049 | Val NDCG: 0.7660 | smoothed: 0.7646
Epoch 9 | Loss: 0.6040 | Val NDCG: 0.7627 | smoothed: 0.7648
Epoch 10 | Loss: 0.6041 | Val NDCG: 0.7651 | smoothed: 0.7646
Epoch 11 | Loss: 0.6031 | Val NDCG: 0.7649 | smoothed: 0.7642
Epoch 12 | Loss: 0.6019 | Val NDCG: 0.7675 | smoothed: 0.7658
Epoch 13 | Loss: 0.6017 | Val NDCG: 0.7677 | smoothed: 0.7667
Epoch 14 | Loss: 0.6011 | Val NDCG: 0.7667 | smoothed: 0.7673
Epoch 15 | Loss: 0.6010 | Val NDCG: 0.7697 | smoothed: 0.7680
Epoch 16 | Loss: 0.6002 | Val NDCG: 0.7695 | smoothed: 0.7686
Epoch 17 | Loss: 0.6006 | Val NDCG: 0.7687 | smoothed: 0.7693
Epoch 18 | Loss: 0.5991 | Val NDCG: 0.7712 | smoothed: 0.7698
Epoch 19 | Loss: 0.5994 | Val NDCG: 0.7726 | smoothed: 0.7708
Epoch 20 | Loss: 0.5982 | Val NDCG: 0.7712 | smoothed: 0.7716
Epoch 21 | Loss: 0.5976 | Val NDCG: 0.7707 | smoothed: 0.7715
Epoch 22 | Loss: 0.5978 | Val NDCG: 0.7715 | smoothed: 0.7711
Epoch 23 | Loss: 0.5988 | Val NDCG: 0.7726 | smoothed: 0.7716
Epoch 24 | Loss: 0.5983 | Val NDCG: 0.7713 | smoothed: 0.7718
Epoch 25 | Loss: 0.5982 | Val NDCG: 0.7709 | smoothed: 0.7716
Epoch 26 | Loss: 0.5971 | Val NDCG: 0.7724 | smoothed: 0.7715
Epoch 27 | Loss: 0.5974 | Val NDCG: 0.7722 | smoothed: 0.7719
Epoch 28 | Loss: 0.5971 | Val NDCG: 0.7725 | smoothed: 0.7724
Epoch 29 | Loss: 0.5973 | Val NDCG: 0.7741 | smoothed: 0.7729
Epoch 30 | Loss: 0.5965 | Val NDCG: 0.7733 | smoothed: 0.7733
Epoch 31 | Loss: 0.5976 | Val NDCG: 0.7740 | smoothed: 0.7738
Epoch 32 | Loss: 0.5960 | Val NDCG: 0.7734 | smoothed: 0.7736
Epoch 33 | Loss: 0.5955 | Val NDCG: 0.7761 | smoothed: 0.7745
Epoch 34 | Loss: 0.5963 | Val NDCG: 0.7717 | smoothed: 0.7738
Epoch 35 | Loss: 0.5952 | Val NDCG: 0.7754 | smoothed: 0.7744
Epoch 36 | Loss: 0.5947 | Val NDCG: 0.7742 | smoothed: 0.7738
Epoch 37 | Loss: 0.5960 | Val NDCG: 0.7745 | smoothed: 0.7747
Epoch 38 | Loss: 0.5951 | Val NDCG: 0.7758 | smoothed: 0.7748
Epoch 39 | Loss: 0.5948 | Val NDCG: 0.7753 | smoothed: 0.7752
Epoch 40 | Loss: 0.5944 | Val NDCG: 0.7731 | smoothed: 0.7747

Best smoothed NDCG: 0.7752 at epoch 39 of 40 run

1 combinations completed out of 1


--- Grid Search Results ---
 hidden_units  dropout_rate  num_blocks  num_heads     lr  val_ndcg  val_ndcg_raw  best_epoch  epochs_run  max_epochs
          128           0.3           2          8 0.0001  0.775173      0.775254          39          40          40

Best config: {'hidden_units': 128.0, 'dropout_rate': 0.3, 'num_blocks': 2.0, 'num_heads': 8.0, 'lr': 0.0001, 'val_ndcg': 0.775173181434183, 'val_ndcg_raw': 0.7752540496491501, 'best_epoch': 39.0, 'epochs_run': 40.0, 'max_epochs': 40.0}
1 of 1 configs reached max_epochs
1 of 1 were still improving when stopped
Best params saved to ../Models/sasrec_pwts_best_params.json
