task 125 | loss bce | node slurmnode-gpu05
Tesla P100-PCIE-16GB, 16384 MiB
Tesla P100-PCIE-16GB, 16384 MiB
Tesla P100-PCIE-16GB, 16384 MiB
Tesla P100-PCIE-16GB, 16384 MiB
Using device: cuda
Loading datasets...
Train sessions: 75875 | Val sessions: 16262

Running grid search over 162 combinations...

SLURM array task 125: 1 config -> ../Models/sasrec_grid_bce_task125.csv
Trying: {'hidden_units': 256, 'dropout_rate': 0.1, 'num_blocks': 3, 'num_heads': 16, 'lr': 0.0001}
Epoch 1 | Loss: 0.5868 | Val NDCG: 0.7532 | smoothed: 0.7532
Epoch 2 | Loss: 0.5759 | Val NDCG: 0.7639 | smoothed: 0.7586
Epoch 3 | Loss: 0.5738 | Val NDCG: 0.7689 | smoothed: 0.7620
Epoch 4 | Loss: 0.5708 | Val NDCG: 0.7678 | smoothed: 0.7669
Epoch 5 | Loss: 0.5699 | Val NDCG: 0.7644 | smoothed: 0.7670
Epoch 6 | Loss: 0.5689 | Val NDCG: 0.7709 | smoothed: 0.7677
Epoch 7 | Loss: 0.5684 | Val NDCG: 0.7698 | smoothed: 0.7684
Epoch 8 | Loss: 0.5677 | Val NDCG: 0.7741 | smoothed: 0.7716
Epoch 9 | Loss: 0.5663 | Val NDCG: 0.7758 | smoothed: 0.7732
Epoch 10 | Loss: 0.5650 | Val NDCG: 0.7751 | smoothed: 0.7750
Epoch 11 | Loss: 0.5645 | Val NDCG: 0.7752 | smoothed: 0.7754
Epoch 12 | Loss: 0.5634 | Val NDCG: 0.7759 | smoothed: 0.7754
Epoch 13 | Loss: 0.5634 | Val NDCG: 0.7762 | smoothed: 0.7758
Epoch 14 | Loss: 0.5634 | Val NDCG: 0.7715 | smoothed: 0.7745
Epoch 15 | Loss: 0.5626 | Val NDCG: 0.7757 | smoothed: 0.7744
Epoch 16 | Loss: 0.5614 | Val NDCG: 0.7739 | smoothed: 0.7737
Epoch 17 | Loss: 0.5619 | Val NDCG: 0.7760 | smoothed: 0.7752
Epoch 18 | Loss: 0.5615 | Val NDCG: 0.7778 | smoothed: 0.7759
Epoch 19 | Loss: 0.5603 | Val NDCG: 0.7757 | smoothed: 0.7765
Epoch 20 | Loss: 0.5600 | Val NDCG: 0.7746 | smoothed: 0.7760
Epoch 21 | Loss: 0.5587 | Val NDCG: 0.7796 | smoothed: 0.7766
Epoch 22 | Loss: 0.5595 | Val NDCG: 0.7784 | smoothed: 0.7775
Epoch 23 | Loss: 0.5582 | Val NDCG: 0.7771 | smoothed: 0.7784
Epoch 24 | Loss: 0.5582 | Val NDCG: 0.7785 | smoothed: 0.7780
Epoch 25 | Loss: 0.5576 | Val NDCG: 0.7760 | smoothed: 0.7772
Epoch 26 | Loss: 0.5576 | Val NDCG: 0.7759 | smoothed: 0.7768
Epoch 27 | Loss: 0.5563 | Val NDCG: 0.7760 | smoothed: 0.7760
Epoch 28 | Loss: 0.5562 | Val NDCG: 0.7755 | smoothed: 0.7758

Best smoothed NDCG: 0.7784 at epoch 23 of 28 run

1 combinations completed out of 1


--- Grid Search Results ---
 hidden_units  dropout_rate  num_blocks  num_heads     lr  val_ndcg  val_ndcg_raw  best_epoch  epochs_run  max_epochs
          256           0.1           3         16 0.0001  0.778357      0.777132          23          28          40

Best config: {'hidden_units': 256.0, 'dropout_rate': 0.1, 'num_blocks': 3.0, 'num_heads': 16.0, 'lr': 0.0001, 'val_ndcg': 0.7783573514506958, 'val_ndcg_raw': 0.7771320244024467, 'best_epoch': 23.0, 'epochs_run': 28.0, 'max_epochs': 40.0}
0 of 1 configs reached max_epochs
0 of 1 were still improving when stopped
Best params saved to ../Models/sasrec_bce_best_params.json
