task 24 | loss bce | node slurmnode-gpu02
NVIDIA GeForce GTX 1080 Ti, 11264 MiB
NVIDIA GeForce GTX 1080 Ti, 11264 MiB
NVIDIA GeForce GTX 1080 Ti, 11264 MiB
NVIDIA GeForce GTX 1080 Ti, 11264 MiB
NVIDIA GeForce GTX 1080 Ti, 11264 MiB
NVIDIA GeForce GTX 1080 Ti, 11264 MiB
NVIDIA GeForce GTX 1080 Ti, 11264 MiB
NVIDIA GeForce GTX 1080 Ti, 11264 MiB
Using device: cuda
Loading datasets...
Train sessions: 75875 | Val sessions: 16262

Running grid search over 162 combinations...

SLURM array task 24: 1 config -> ../Models/sasrec_grid_bce_task24.csv
Trying: {'hidden_units': 64, 'dropout_rate': 0.3, 'num_blocks': 2, 'num_heads': 4, 'lr': 0.001}
Epoch 1 | Loss: 0.5917 | Val NDCG: 0.7573 | smoothed: 0.7573
Epoch 2 | Loss: 0.5792 | Val NDCG: 0.7673 | smoothed: 0.7623
Epoch 3 | Loss: 0.5767 | Val NDCG: 0.7633 | smoothed: 0.7627
Epoch 4 | Loss: 0.5750 | Val NDCG: 0.7663 | smoothed: 0.7657
Epoch 5 | Loss: 0.5736 | Val NDCG: 0.7668 | smoothed: 0.7655
Epoch 6 | Loss: 0.5734 | Val NDCG: 0.7676 | smoothed: 0.7669
Epoch 7 | Loss: 0.5722 | Val NDCG: 0.7722 | smoothed: 0.7689
Epoch 8 | Loss: 0.5717 | Val NDCG: 0.7740 | smoothed: 0.7713
Epoch 9 | Loss: 0.5705 | Val NDCG: 0.7725 | smoothed: 0.7729
Epoch 10 | Loss: 0.5702 | Val NDCG: 0.7726 | smoothed: 0.7730
Epoch 11 | Loss: 0.5698 | Val NDCG: 0.7697 | smoothed: 0.7716
Epoch 12 | Loss: 0.5697 | Val NDCG: 0.7749 | smoothed: 0.7724
Epoch 13 | Loss: 0.5683 | Val NDCG: 0.7728 | smoothed: 0.7725
Epoch 14 | Loss: 0.5685 | Val NDCG: 0.7729 | smoothed: 0.7736
Epoch 15 | Loss: 0.5682 | Val NDCG: 0.7730 | smoothed: 0.7729
Epoch 16 | Loss: 0.5689 | Val NDCG: 0.7756 | smoothed: 0.7738
Epoch 17 | Loss: 0.5672 | Val NDCG: 0.7741 | smoothed: 0.7742
Epoch 18 | Loss: 0.5683 | Val NDCG: 0.7733 | smoothed: 0.7743
Epoch 19 | Loss: 0.5669 | Val NDCG: 0.7751 | smoothed: 0.7742
Epoch 20 | Loss: 0.5662 | Val NDCG: 0.7752 | smoothed: 0.7745

Best smoothed NDCG: 0.7745 at epoch 20 of 20 run

1 combinations completed out of 1


--- Grid Search Results ---
 hidden_units  dropout_rate  num_blocks  num_heads    lr  val_ndcg  val_ndcg_raw  best_epoch  epochs_run  max_epochs
           64           0.3           2          4 0.001  0.774519      0.775186          20          20          20

Best config: {'hidden_units': 64.0, 'dropout_rate': 0.3, 'num_blocks': 2.0, 'num_heads': 4.0, 'lr': 0.001, 'val_ndcg': 0.7745188450792688, 'val_ndcg_raw': 0.7751863795285399, 'best_epoch': 20.0, 'epochs_run': 20.0, 'max_epochs': 20.0}
1 of 1 configs reached max_epochs
1 of 1 were still improving when stopped
Best params saved to ../Models/sasrec_bce_best_params.json
