task 65 | loss pwts | node slurmnode-gpu05
Tesla P100-PCIE-16GB, 16384 MiB
Tesla P100-PCIE-16GB, 16384 MiB
Tesla P100-PCIE-16GB, 16384 MiB
Tesla P100-PCIE-16GB, 16384 MiB
Using device: cuda
Loading datasets...
Train sessions: 75875 | Val sessions: 16262

Running grid search over 162 combinations...

SLURM array task 65: 1 config -> ../Models/sasrec_grid_pwts_task65.csv
Trying: {'hidden_units': 128, 'dropout_rate': 0.1, 'num_blocks': 2, 'num_heads': 16, 'lr': 0.0001}
Epoch 1 | Loss: 0.6274 | Val NDCG: 0.7524 | smoothed: 0.7524
Epoch 2 | Loss: 0.6095 | Val NDCG: 0.7580 | smoothed: 0.7552
Epoch 3 | Loss: 0.6072 | Val NDCG: 0.7597 | smoothed: 0.7567
Epoch 4 | Loss: 0.6047 | Val NDCG: 0.7638 | smoothed: 0.7605
Epoch 5 | Loss: 0.6036 | Val NDCG: 0.7663 | smoothed: 0.7632
Epoch 6 | Loss: 0.6008 | Val NDCG: 0.7615 | smoothed: 0.7639
Epoch 7 | Loss: 0.5997 | Val NDCG: 0.7667 | smoothed: 0.7649
Epoch 8 | Loss: 0.5991 | Val NDCG: 0.7703 | smoothed: 0.7662
Epoch 9 | Loss: 0.5993 | Val NDCG: 0.7684 | smoothed: 0.7685
Epoch 10 | Loss: 0.5982 | Val NDCG: 0.7687 | smoothed: 0.7691
Epoch 11 | Loss: 0.5973 | Val NDCG: 0.7690 | smoothed: 0.7687
Epoch 12 | Loss: 0.5971 | Val NDCG: 0.7705 | smoothed: 0.7694
Epoch 13 | Loss: 0.5967 | Val NDCG: 0.7680 | smoothed: 0.7691
Epoch 14 | Loss: 0.5961 | Val NDCG: 0.7678 | smoothed: 0.7688
Epoch 15 | Loss: 0.5953 | Val NDCG: 0.7703 | smoothed: 0.7687
Epoch 16 | Loss: 0.5955 | Val NDCG: 0.7733 | smoothed: 0.7705
Epoch 17 | Loss: 0.5945 | Val NDCG: 0.7721 | smoothed: 0.7719
Epoch 18 | Loss: 0.5952 | Val NDCG: 0.7722 | smoothed: 0.7725
Epoch 19 | Loss: 0.5943 | Val NDCG: 0.7691 | smoothed: 0.7711
Epoch 20 | Loss: 0.5937 | Val NDCG: 0.7708 | smoothed: 0.7707
Epoch 21 | Loss: 0.5949 | Val NDCG: 0.7688 | smoothed: 0.7696
Epoch 22 | Loss: 0.5936 | Val NDCG: 0.7720 | smoothed: 0.7705
Epoch 23 | Loss: 0.5929 | Val NDCG: 0.7728 | smoothed: 0.7712

Best smoothed NDCG: 0.7725 at epoch 18 of 23 run

1 combinations completed out of 1


--- Grid Search Results ---
 hidden_units  dropout_rate  num_blocks  num_heads     lr  val_ndcg  val_ndcg_raw  best_epoch  epochs_run  max_epochs
          128           0.1           2         16 0.0001   0.77253      0.772174          18          23          40

Best config: {'hidden_units': 128.0, 'dropout_rate': 0.1, 'num_blocks': 2.0, 'num_heads': 16.0, 'lr': 0.0001, 'val_ndcg': 0.7725295896079399, 'val_ndcg_raw': 0.7721736103511645, 'best_epoch': 18.0, 'epochs_run': 23.0, 'max_epochs': 40.0}
0 of 1 configs reached max_epochs
0 of 1 were still improving when stopped
Best params saved to ../Models/sasrec_pwts_best_params.json
