task 59 | loss bce | node slurmnode-gpu02
NVIDIA GeForce GTX 1080 Ti, 11264 MiB
NVIDIA GeForce GTX 1080 Ti, 11264 MiB
NVIDIA GeForce GTX 1080 Ti, 11264 MiB
NVIDIA GeForce GTX 1080 Ti, 11264 MiB
NVIDIA GeForce GTX 1080 Ti, 11264 MiB
NVIDIA GeForce GTX 1080 Ti, 11264 MiB
NVIDIA GeForce GTX 1080 Ti, 11264 MiB
NVIDIA GeForce GTX 1080 Ti, 11264 MiB
Using device: cuda
Loading datasets...
Train sessions: 75875 | Val sessions: 16262

Running grid search over 162 combinations...

SLURM array task 59: 1 config -> ../Models/sasrec_grid_bce_task59.csv
Trying: {'hidden_units': 128, 'dropout_rate': 0.1, 'num_blocks': 1, 'num_heads': 16, 'lr': 0.0001}
Epoch 1 | Loss: 0.6044 | Val NDCG: 0.7461 | smoothed: 0.7461
Epoch 2 | Loss: 0.5847 | Val NDCG: 0.7570 | smoothed: 0.7515
Epoch 3 | Loss: 0.5796 | Val NDCG: 0.7615 | smoothed: 0.7548
Epoch 4 | Loss: 0.5774 | Val NDCG: 0.7641 | smoothed: 0.7609
Epoch 5 | Loss: 0.5756 | Val NDCG: 0.7676 | smoothed: 0.7644
Epoch 6 | Loss: 0.5747 | Val NDCG: 0.7638 | smoothed: 0.7652
Epoch 7 | Loss: 0.5745 | Val NDCG: 0.7682 | smoothed: 0.7665
Epoch 8 | Loss: 0.5730 | Val NDCG: 0.7642 | smoothed: 0.7654
Epoch 9 | Loss: 0.5714 | Val NDCG: 0.7681 | smoothed: 0.7668
Epoch 10 | Loss: 0.5707 | Val NDCG: 0.7690 | smoothed: 0.7671
Epoch 11 | Loss: 0.5707 | Val NDCG: 0.7721 | smoothed: 0.7698
Epoch 12 | Loss: 0.5720 | Val NDCG: 0.7686 | smoothed: 0.7699
Epoch 13 | Loss: 0.5700 | Val NDCG: 0.7708 | smoothed: 0.7705
Epoch 14 | Loss: 0.5699 | Val NDCG: 0.7675 | smoothed: 0.7690
Epoch 15 | Loss: 0.5689 | Val NDCG: 0.7704 | smoothed: 0.7696
Epoch 16 | Loss: 0.5691 | Val NDCG: 0.7716 | smoothed: 0.7698
Epoch 17 | Loss: 0.5680 | Val NDCG: 0.7741 | smoothed: 0.7720
Epoch 18 | Loss: 0.5694 | Val NDCG: 0.7721 | smoothed: 0.7726
Epoch 19 | Loss: 0.5680 | Val NDCG: 0.7748 | smoothed: 0.7737
Epoch 20 | Loss: 0.5684 | Val NDCG: 0.7750 | smoothed: 0.7740
Epoch 21 | Loss: 0.5677 | Val NDCG: 0.7712 | smoothed: 0.7737
Epoch 22 | Loss: 0.5678 | Val NDCG: 0.7747 | smoothed: 0.7736
Epoch 23 | Loss: 0.5670 | Val NDCG: 0.7749 | smoothed: 0.7736
Epoch 24 | Loss: 0.5680 | Val NDCG: 0.7740 | smoothed: 0.7746
Epoch 25 | Loss: 0.5679 | Val NDCG: 0.7730 | smoothed: 0.7740
Epoch 26 | Loss: 0.5679 | Val NDCG: 0.7728 | smoothed: 0.7733
Epoch 27 | Loss: 0.5676 | Val NDCG: 0.7743 | smoothed: 0.7734
Epoch 28 | Loss: 0.5669 | Val NDCG: 0.7735 | smoothed: 0.7735
Epoch 29 | Loss: 0.5662 | Val NDCG: 0.7759 | smoothed: 0.7746
Epoch 30 | Loss: 0.5666 | Val NDCG: 0.7736 | smoothed: 0.7743
Epoch 31 | Loss: 0.5663 | Val NDCG: 0.7745 | smoothed: 0.7747
Epoch 32 | Loss: 0.5658 | Val NDCG: 0.7744 | smoothed: 0.7741
Epoch 33 | Loss: 0.5660 | Val NDCG: 0.7781 | smoothed: 0.7757
Epoch 34 | Loss: 0.5657 | Val NDCG: 0.7755 | smoothed: 0.7760
Epoch 35 | Loss: 0.5655 | Val NDCG: 0.7736 | smoothed: 0.7757
Epoch 36 | Loss: 0.5646 | Val NDCG: 0.7744 | smoothed: 0.7745
Epoch 37 | Loss: 0.5646 | Val NDCG: 0.7768 | smoothed: 0.7749
Epoch 38 | Loss: 0.5640 | Val NDCG: 0.7775 | smoothed: 0.7762
Epoch 39 | Loss: 0.5643 | Val NDCG: 0.7751 | smoothed: 0.7765
Epoch 40 | Loss: 0.5645 | Val NDCG: 0.7752 | smoothed: 0.7759

Best smoothed NDCG: 0.7765 at epoch 39 of 40 run

1 combinations completed out of 1


--- Grid Search Results ---
 hidden_units  dropout_rate  num_blocks  num_heads     lr  val_ndcg  val_ndcg_raw  best_epoch  epochs_run  max_epochs
          128           0.1           1         16 0.0001  0.776467      0.775104          39          40          40

Best config: {'hidden_units': 128.0, 'dropout_rate': 0.1, 'num_blocks': 1.0, 'num_heads': 16.0, 'lr': 0.0001, 'val_ndcg': 0.7764665509338973, 'val_ndcg_raw': 0.7751035012971389, 'best_epoch': 39.0, 'epochs_run': 40.0, 'max_epochs': 40.0}
1 of 1 configs reached max_epochs
1 of 1 were still improving when stopped
Best params saved to ../Models/sasrec_bce_best_params.json
