task 128 | loss pwts | node slurmnode-gpu07
NVIDIA A40, 46068 MiB
NVIDIA A40, 46068 MiB
NVIDIA A40, 46068 MiB
NVIDIA A40, 46068 MiB
Using device: cuda
Loading datasets...
Train sessions: 75875 | Val sessions: 16262

Running grid search over 162 combinations...

SLURM array task 128: 1 config -> ../Models/sasrec_grid_pwts_task128.csv
Trying: {'hidden_units': 256, 'dropout_rate': 0.3, 'num_blocks': 1, 'num_heads': 8, 'lr': 0.001}
Epoch 1 | Loss: 0.6230 | Val NDCG: 0.7551 | smoothed: 0.7551
Epoch 2 | Loss: 0.6124 | Val NDCG: 0.7619 | smoothed: 0.7585
Epoch 3 | Loss: 0.6094 | Val NDCG: 0.7613 | smoothed: 0.7594
Epoch 4 | Loss: 0.6072 | Val NDCG: 0.7688 | smoothed: 0.7640
Epoch 5 | Loss: 0.6061 | Val NDCG: 0.7690 | smoothed: 0.7664
Epoch 6 | Loss: 0.6047 | Val NDCG: 0.7743 | smoothed: 0.7707
Epoch 7 | Loss: 0.6033 | Val NDCG: 0.7740 | smoothed: 0.7725
Epoch 8 | Loss: 0.6008 | Val NDCG: 0.7771 | smoothed: 0.7752
Epoch 9 | Loss: 0.6016 | Val NDCG: 0.7719 | smoothed: 0.7743
Epoch 10 | Loss: 0.6014 | Val NDCG: 0.7744 | smoothed: 0.7745
Epoch 11 | Loss: 0.5998 | Val NDCG: 0.7776 | smoothed: 0.7746
Epoch 12 | Loss: 0.5996 | Val NDCG: 0.7784 | smoothed: 0.7768
Epoch 13 | Loss: 0.5996 | Val NDCG: 0.7778 | smoothed: 0.7779
Epoch 14 | Loss: 0.5989 | Val NDCG: 0.7792 | smoothed: 0.7785
Epoch 15 | Loss: 0.5981 | Val NDCG: 0.7808 | smoothed: 0.7793
Epoch 16 | Loss: 0.5975 | Val NDCG: 0.7803 | smoothed: 0.7801
Epoch 17 | Loss: 0.5966 | Val NDCG: 0.7825 | smoothed: 0.7812
Epoch 18 | Loss: 0.5973 | Val NDCG: 0.7824 | smoothed: 0.7817
Epoch 19 | Loss: 0.5962 | Val NDCG: 0.7799 | smoothed: 0.7816
Epoch 20 | Loss: 0.5964 | Val NDCG: 0.7789 | smoothed: 0.7804

Best smoothed NDCG: 0.7817 at epoch 18 of 20 run

1 combinations completed out of 1


--- Grid Search Results ---
 hidden_units  dropout_rate  num_blocks  num_heads    lr  val_ndcg  val_ndcg_raw  best_epoch  epochs_run  max_epochs
          256           0.3           1          8 0.001  0.781716      0.782352          18          20          20

Best config: {'hidden_units': 256.0, 'dropout_rate': 0.3, 'num_blocks': 1.0, 'num_heads': 8.0, 'lr': 0.001, 'val_ndcg': 0.7817162444015152, 'val_ndcg_raw': 0.7823516901188828, 'best_epoch': 18.0, 'epochs_run': 20.0, 'max_epochs': 20.0}
1 of 1 configs reached max_epochs
0 of 1 were still improving when stopped
Best params saved to ../Models/sasrec_pwts_best_params.json
