task 261 | loss drrl | node slurmnode-gpu03
Tesla P100-PCIE-16GB, 16384 MiB
Tesla P100-PCIE-16GB, 16384 MiB
Tesla P100-PCIE-16GB, 16384 MiB
Tesla P100-PCIE-16GB, 16384 MiB
Using device: cuda
Loading datasets...
Train sessions: 75875 | Val sessions: 16262

Running grid search over 486 combinations...

SLURM array task 261: 1 config -> ../Models/sasrec_grid_drrl_task261.csv
Trying: {'hidden_units': 128, 'dropout_rate': 0.3, 'num_blocks': 3, 'num_heads': 8, 'lr': 0.0001, 'gamma': 2}
Epoch 1 | Loss: 0.0264 | Val NDCG: 0.7167 | smoothed: 0.7167
Epoch 2 | Loss: -0.2024 | Val NDCG: 0.7167 | smoothed: 0.7167
Epoch 3 | Loss: -0.2188 | Val NDCG: 0.7122 | smoothed: 0.7152
Epoch 4 | Loss: -0.2244 | Val NDCG: 0.7144 | smoothed: 0.7144
Epoch 5 | Loss: -0.2269 | Val NDCG: 0.7200 | smoothed: 0.7155
Epoch 6 | Loss: -0.2280 | Val NDCG: 0.7221 | smoothed: 0.7188
Epoch 7 | Loss: -0.2286 | Val NDCG: 0.7154 | smoothed: 0.7192
Epoch 8 | Loss: -0.2290 | Val NDCG: 0.7258 | smoothed: 0.7211
Epoch 9 | Loss: -0.2295 | Val NDCG: 0.7315 | smoothed: 0.7242
Epoch 10 | Loss: -0.2293 | Val NDCG: 0.7351 | smoothed: 0.7308
Epoch 11 | Loss: -0.2297 | Val NDCG: 0.7347 | smoothed: 0.7338
Epoch 12 | Loss: -0.2301 | Val NDCG: 0.7322 | smoothed: 0.7340
Epoch 13 | Loss: -0.2296 | Val NDCG: 0.7373 | smoothed: 0.7347
Epoch 14 | Loss: -0.2300 | Val NDCG: 0.7414 | smoothed: 0.7369
Epoch 15 | Loss: -0.2303 | Val NDCG: 0.7351 | smoothed: 0.7379
Epoch 16 | Loss: -0.2303 | Val NDCG: 0.7425 | smoothed: 0.7396
Epoch 17 | Loss: -0.2302 | Val NDCG: 0.7267 | smoothed: 0.7348
Epoch 18 | Loss: -0.2299 | Val NDCG: 0.7470 | smoothed: 0.7387
Epoch 19 | Loss: -0.2303 | Val NDCG: 0.7364 | smoothed: 0.7367
Epoch 20 | Loss: -0.2304 | Val NDCG: 0.7548 | smoothed: 0.7460
Epoch 21 | Loss: -0.2304 | Val NDCG: 0.7424 | smoothed: 0.7445
Epoch 22 | Loss: -0.2304 | Val NDCG: 0.7529 | smoothed: 0.7500
Epoch 23 | Loss: -0.2306 | Val NDCG: 0.7466 | smoothed: 0.7473
Epoch 24 | Loss: -0.2305 | Val NDCG: 0.7394 | smoothed: 0.7463
Epoch 25 | Loss: -0.2303 | Val NDCG: 0.7345 | smoothed: 0.7402
Epoch 26 | Loss: -0.2306 | Val NDCG: 0.7349 | smoothed: 0.7363
Epoch 27 | Loss: -0.2306 | Val NDCG: 0.7499 | smoothed: 0.7398

Best smoothed NDCG: 0.7500 at epoch 22 of 27 run

1 combinations completed out of 1


--- Grid Search Results ---
 hidden_units  dropout_rate  num_blocks  num_heads     lr  gamma  val_ndcg  val_ndcg_raw  best_epoch  epochs_run  max_epochs
          128           0.3           3          8 0.0001      2  0.750011      0.752863          22          27          40

Best config: {'hidden_units': 128.0, 'dropout_rate': 0.3, 'num_blocks': 3.0, 'num_heads': 8.0, 'lr': 0.0001, 'gamma': 2.0, 'val_ndcg': 0.7500108137480862, 'val_ndcg_raw': 0.7528625036365576, 'best_epoch': 22.0, 'epochs_run': 27.0, 'max_epochs': 40.0}
0 of 1 configs reached max_epochs
0 of 1 were still improving when stopped
Best params saved to ../Models/sasrec_drrl_best_params.json
