task 187 | loss drrl | node slurmnode-gpu07
NVIDIA A40, 46068 MiB
NVIDIA A40, 46068 MiB
NVIDIA A40, 46068 MiB
NVIDIA A40, 46068 MiB
Using device: cuda
Loading datasets...
Train sessions: 75875 | Val sessions: 16262

Running grid search over 486 combinations...

SLURM array task 187: 1 config -> ../Models/sasrec_grid_drrl_task187.csv
Trying: {'hidden_units': 128, 'dropout_rate': 0.1, 'num_blocks': 2, 'num_heads': 8, 'lr': 0.001, 'gamma': 3}
Epoch 1 | Loss: -0.1823 | Val NDCG: 0.7586 | smoothed: 0.7586
Epoch 2 | Loss: -0.2226 | Val NDCG: 0.7213 | smoothed: 0.7400
Epoch 3 | Loss: -0.2261 | Val NDCG: 0.7391 | smoothed: 0.7397
Epoch 4 | Loss: -0.2280 | Val NDCG: 0.7378 | smoothed: 0.7327
Epoch 5 | Loss: -0.2288 | Val NDCG: 0.7311 | smoothed: 0.7360
Epoch 6 | Loss: -0.2294 | Val NDCG: 0.7425 | smoothed: 0.7371

Best smoothed NDCG: 0.7586 at epoch 1 of 6 run

1 combinations completed out of 1


--- Grid Search Results ---
 hidden_units  dropout_rate  num_blocks  num_heads    lr  gamma  val_ndcg  val_ndcg_raw  best_epoch  epochs_run  max_epochs
          128           0.1           2          8 0.001      3  0.758623      0.758623           1           6          20

Best config: {'hidden_units': 128.0, 'dropout_rate': 0.1, 'num_blocks': 2.0, 'num_heads': 8.0, 'lr': 0.001, 'gamma': 3.0, 'val_ndcg': 0.7586234533178693, 'val_ndcg_raw': 0.7586234533178693, 'best_epoch': 1.0, 'epochs_run': 6.0, 'max_epochs': 20.0}
0 of 1 configs reached max_epochs
0 of 1 were still improving when stopped
Best params saved to ../Models/sasrec_drrl_best_params.json
