task 66 | loss drrl | node slurmnode-gpu07
NVIDIA A40, 46068 MiB
NVIDIA A40, 46068 MiB
NVIDIA A40, 46068 MiB
NVIDIA A40, 46068 MiB
Using device: cuda
Loading datasets...
Train sessions: 75875 | Val sessions: 16262

Running grid search over 486 combinations...

SLURM array task 66: 1 config -> ../Models/sasrec_grid_drrl_task66.csv
Trying: {'hidden_units': 64, 'dropout_rate': 0.3, 'num_blocks': 1, 'num_heads': 16, 'lr': 0.001, 'gamma': 2}
Epoch 1 | Loss: -0.1431 | Val NDCG: 0.7131 | smoothed: 0.7131
Epoch 2 | Loss: -0.2237 | Val NDCG: 0.7067 | smoothed: 0.7099
Epoch 3 | Loss: -0.2259 | Val NDCG: 0.7005 | smoothed: 0.7068
Epoch 4 | Loss: -0.2268 | Val NDCG: 0.7020 | smoothed: 0.7031
Epoch 5 | Loss: -0.2277 | Val NDCG: 0.7000 | smoothed: 0.7008
Epoch 6 | Loss: -0.2277 | Val NDCG: 0.7155 | smoothed: 0.7058

Best smoothed NDCG: 0.7131 at epoch 1 of 6 run

1 combinations completed out of 1


--- Grid Search Results ---
 hidden_units  dropout_rate  num_blocks  num_heads    lr  gamma  val_ndcg  val_ndcg_raw  best_epoch  epochs_run  max_epochs
           64           0.3           1         16 0.001      2  0.713117      0.713117           1           6          20

Best config: {'hidden_units': 64.0, 'dropout_rate': 0.3, 'num_blocks': 1.0, 'num_heads': 16.0, 'lr': 0.001, 'gamma': 2.0, 'val_ndcg': 0.7131171642546846, 'val_ndcg_raw': 0.7131171642546846, 'best_epoch': 1.0, 'epochs_run': 6.0, 'max_epochs': 20.0}
0 of 1 configs reached max_epochs
0 of 1 were still improving when stopped
Best params saved to ../Models/sasrec_drrl_best_params.json
