task 121 | loss drrl | node slurmnode-gpu07
NVIDIA A40, 46068 MiB
NVIDIA A40, 46068 MiB
NVIDIA A40, 46068 MiB
NVIDIA A40, 46068 MiB
Using device: cuda
Loading datasets...
Train sessions: 75875 | Val sessions: 16262

Running grid search over 486 combinations...

SLURM array task 121: 1 config -> ../Models/sasrec_grid_drrl_task121.csv
Trying: {'hidden_units': 64, 'dropout_rate': 0.5, 'num_blocks': 1, 'num_heads': 16, 'lr': 0.001, 'gamma': 3}
Epoch 1 | Loss: -0.1734 | Val NDCG: 0.7213 | smoothed: 0.7213
Epoch 2 | Loss: -0.2284 | Val NDCG: 0.7151 | smoothed: 0.7182
Epoch 3 | Loss: -0.2294 | Val NDCG: 0.7109 | smoothed: 0.7158
Epoch 4 | Loss: -0.2294 | Val NDCG: 0.6891 | smoothed: 0.7050
Epoch 5 | Loss: -0.2297 | Val NDCG: 0.7090 | smoothed: 0.7030
Epoch 6 | Loss: -0.2300 | Val NDCG: 0.7282 | smoothed: 0.7088

Best smoothed NDCG: 0.7213 at epoch 1 of 6 run

1 combinations completed out of 1


--- Grid Search Results ---
 hidden_units  dropout_rate  num_blocks  num_heads    lr  gamma  val_ndcg  val_ndcg_raw  best_epoch  epochs_run  max_epochs
           64           0.5           1         16 0.001      3  0.721336      0.721336           1           6          20

Best config: {'hidden_units': 64.0, 'dropout_rate': 0.5, 'num_blocks': 1.0, 'num_heads': 16.0, 'lr': 0.001, 'gamma': 3.0, 'val_ndcg': 0.7213356919194854, 'val_ndcg_raw': 0.7213356919194854, 'best_epoch': 1.0, 'epochs_run': 6.0, 'max_epochs': 20.0}
0 of 1 configs reached max_epochs
0 of 1 were still improving when stopped
Best params saved to ../Models/sasrec_drrl_best_params.json
