task 40 | loss drrl | node slurmnode-gpu03
Tesla P100-PCIE-16GB, 16384 MiB
Tesla P100-PCIE-16GB, 16384 MiB
Tesla P100-PCIE-16GB, 16384 MiB
Tesla P100-PCIE-16GB, 16384 MiB
Using device: cuda
Loading datasets...
Train sessions: 75875 | Val sessions: 16262

Running grid search over 486 combinations...

SLURM array task 40: 1 config -> ../Models/sasrec_grid_drrl_task40.csv
Trying: {'hidden_units': 64, 'dropout_rate': 0.1, 'num_blocks': 3, 'num_heads': 4, 'lr': 0.0001, 'gamma': 3}
Epoch 1 | Loss: -0.0596 | Val NDCG: 0.7228 | smoothed: 0.7228
Epoch 2 | Loss: -0.2089 | Val NDCG: 0.7258 | smoothed: 0.7243
Epoch 3 | Loss: -0.2211 | Val NDCG: 0.7294 | smoothed: 0.7260
Epoch 4 | Loss: -0.2256 | Val NDCG: 0.7350 | smoothed: 0.7301
Epoch 5 | Loss: -0.2276 | Val NDCG: 0.7382 | smoothed: 0.7342
Epoch 6 | Loss: -0.2289 | Val NDCG: 0.7381 | smoothed: 0.7371
Epoch 7 | Loss: -0.2298 | Val NDCG: 0.7465 | smoothed: 0.7410
Epoch 8 | Loss: -0.2302 | Val NDCG: 0.7448 | smoothed: 0.7432
Epoch 9 | Loss: -0.2304 | Val NDCG: 0.7462 | smoothed: 0.7458
Epoch 10 | Loss: -0.2309 | Val NDCG: 0.7543 | smoothed: 0.7484
Epoch 11 | Loss: -0.2309 | Val NDCG: 0.7565 | smoothed: 0.7523
Epoch 12 | Loss: -0.2311 | Val NDCG: 0.7599 | smoothed: 0.7569
Epoch 13 | Loss: -0.2312 | Val NDCG: 0.7569 | smoothed: 0.7578
Epoch 14 | Loss: -0.2312 | Val NDCG: 0.7608 | smoothed: 0.7592
Epoch 15 | Loss: -0.2314 | Val NDCG: 0.7527 | smoothed: 0.7568
Epoch 16 | Loss: -0.2314 | Val NDCG: 0.7606 | smoothed: 0.7580
Epoch 17 | Loss: -0.2315 | Val NDCG: 0.7542 | smoothed: 0.7559
Epoch 18 | Loss: -0.2316 | Val NDCG: 0.7563 | smoothed: 0.7571
Epoch 19 | Loss: -0.2316 | Val NDCG: 0.7496 | smoothed: 0.7534

Best smoothed NDCG: 0.7592 at epoch 14 of 19 run

1 combinations completed out of 1


--- Grid Search Results ---
 hidden_units  dropout_rate  num_blocks  num_heads     lr  gamma  val_ndcg  val_ndcg_raw  best_epoch  epochs_run  max_epochs
           64           0.1           3          4 0.0001      3  0.759189      0.760771          14          19          40

Best config: {'hidden_units': 64.0, 'dropout_rate': 0.1, 'num_blocks': 3.0, 'num_heads': 4.0, 'lr': 0.0001, 'gamma': 3.0, 'val_ndcg': 0.7591885577720999, 'val_ndcg_raw': 0.7607713469380001, 'best_epoch': 14.0, 'epochs_run': 19.0, 'max_epochs': 40.0}
0 of 1 configs reached max_epochs
0 of 1 were still improving when stopped
Best params saved to ../Models/sasrec_drrl_best_params.json
