task 100 | loss pwts | node slurmnode-gpu03
Tesla P100-PCIE-16GB, 16384 MiB
Tesla P100-PCIE-16GB, 16384 MiB
Tesla P100-PCIE-16GB, 16384 MiB
Tesla P100-PCIE-16GB, 16384 MiB
Using device: cuda
Loading datasets...
Train sessions: 75875 | Val sessions: 16262

Running grid search over 162 combinations...

SLURM array task 100: 1 config -> ../Models/sasrec_grid_pwts_task100.csv
Trying: {'hidden_units': 128, 'dropout_rate': 0.5, 'num_blocks': 2, 'num_heads': 16, 'lr': 0.001}
Epoch 1 | Loss: 0.6259 | Val NDCG: 0.7564 | smoothed: 0.7564
Epoch 2 | Loss: 0.6112 | Val NDCG: 0.7618 | smoothed: 0.7591
Epoch 3 | Loss: 0.6086 | Val NDCG: 0.7606 | smoothed: 0.7596
Epoch 4 | Loss: 0.6069 | Val NDCG: 0.7645 | smoothed: 0.7623
Epoch 5 | Loss: 0.6055 | Val NDCG: 0.7637 | smoothed: 0.7629
Epoch 6 | Loss: 0.6037 | Val NDCG: 0.7693 | smoothed: 0.7658
Epoch 7 | Loss: 0.6020 | Val NDCG: 0.7684 | smoothed: 0.7671
Epoch 8 | Loss: 0.6027 | Val NDCG: 0.7672 | smoothed: 0.7683
Epoch 9 | Loss: 0.6027 | Val NDCG: 0.7718 | smoothed: 0.7692
Epoch 10 | Loss: 0.6009 | Val NDCG: 0.7696 | smoothed: 0.7696
Epoch 11 | Loss: 0.6004 | Val NDCG: 0.7695 | smoothed: 0.7703
Epoch 12 | Loss: 0.6004 | Val NDCG: 0.7737 | smoothed: 0.7709
Epoch 13 | Loss: 0.5997 | Val NDCG: 0.7703 | smoothed: 0.7711
Epoch 14 | Loss: 0.5995 | Val NDCG: 0.7702 | smoothed: 0.7714
Epoch 15 | Loss: 0.5992 | Val NDCG: 0.7726 | smoothed: 0.7710
Epoch 16 | Loss: 0.5972 | Val NDCG: 0.7752 | smoothed: 0.7726
Epoch 17 | Loss: 0.5991 | Val NDCG: 0.7741 | smoothed: 0.7739
Epoch 18 | Loss: 0.5968 | Val NDCG: 0.7758 | smoothed: 0.7750
Epoch 19 | Loss: 0.5980 | Val NDCG: 0.7712 | smoothed: 0.7737
Epoch 20 | Loss: 0.5970 | Val NDCG: 0.7717 | smoothed: 0.7729

Best smoothed NDCG: 0.7750 at epoch 18 of 20 run

1 combinations completed out of 1


--- Grid Search Results ---
 hidden_units  dropout_rate  num_blocks  num_heads    lr  val_ndcg  val_ndcg_raw  best_epoch  epochs_run  max_epochs
          128           0.5           2         16 0.001   0.77502      0.775832          18          20          20

Best config: {'hidden_units': 128.0, 'dropout_rate': 0.5, 'num_blocks': 2.0, 'num_heads': 16.0, 'lr': 0.001, 'val_ndcg': 0.7750203525477724, 'val_ndcg_raw': 0.7758321556788461, 'best_epoch': 18.0, 'epochs_run': 20.0, 'max_epochs': 20.0}
1 of 1 configs reached max_epochs
0 of 1 were still improving when stopped
Best params saved to ../Models/sasrec_pwts_best_params.json
