task 43 | loss bce | node slurmnode-gpu02
NVIDIA GeForce GTX 1080 Ti, 11264 MiB
NVIDIA GeForce GTX 1080 Ti, 11264 MiB
NVIDIA GeForce GTX 1080 Ti, 11264 MiB
NVIDIA GeForce GTX 1080 Ti, 11264 MiB
NVIDIA GeForce GTX 1080 Ti, 11264 MiB
NVIDIA GeForce GTX 1080 Ti, 11264 MiB
NVIDIA GeForce GTX 1080 Ti, 11264 MiB
NVIDIA GeForce GTX 1080 Ti, 11264 MiB
Using device: cuda
Loading datasets...
Train sessions: 75875 | Val sessions: 16262

Running grid search over 162 combinations...

SLURM array task 43: 1 config -> ../Models/sasrec_grid_bce_task43.csv
Trying: {'hidden_units': 64, 'dropout_rate': 0.5, 'num_blocks': 2, 'num_heads': 4, 'lr': 0.0001}
Epoch 1 | Loss: 0.6230 | Val NDCG: 0.7119 | smoothed: 0.7119
Epoch 2 | Loss: 0.6047 | Val NDCG: 0.7259 | smoothed: 0.7189
Epoch 3 | Loss: 0.5989 | Val NDCG: 0.7340 | smoothed: 0.7239
Epoch 4 | Loss: 0.5947 | Val NDCG: 0.7423 | smoothed: 0.7341
Epoch 5 | Loss: 0.5920 | Val NDCG: 0.7467 | smoothed: 0.7410
Epoch 6 | Loss: 0.5898 | Val NDCG: 0.7515 | smoothed: 0.7468
Epoch 7 | Loss: 0.5875 | Val NDCG: 0.7530 | smoothed: 0.7504
Epoch 8 | Loss: 0.5867 | Val NDCG: 0.7561 | smoothed: 0.7535
Epoch 9 | Loss: 0.5846 | Val NDCG: 0.7561 | smoothed: 0.7551
Epoch 10 | Loss: 0.5840 | Val NDCG: 0.7582 | smoothed: 0.7568
Epoch 11 | Loss: 0.5834 | Val NDCG: 0.7577 | smoothed: 0.7573
Epoch 12 | Loss: 0.5814 | Val NDCG: 0.7583 | smoothed: 0.7580
Epoch 13 | Loss: 0.5828 | Val NDCG: 0.7600 | smoothed: 0.7587
Epoch 14 | Loss: 0.5813 | Val NDCG: 0.7581 | smoothed: 0.7588
Epoch 15 | Loss: 0.5799 | Val NDCG: 0.7596 | smoothed: 0.7593
Epoch 16 | Loss: 0.5790 | Val NDCG: 0.7599 | smoothed: 0.7592
Epoch 17 | Loss: 0.5802 | Val NDCG: 0.7606 | smoothed: 0.7600
Epoch 18 | Loss: 0.5794 | Val NDCG: 0.7613 | smoothed: 0.7606
Epoch 19 | Loss: 0.5790 | Val NDCG: 0.7603 | smoothed: 0.7607
Epoch 20 | Loss: 0.5791 | Val NDCG: 0.7618 | smoothed: 0.7612
Epoch 21 | Loss: 0.5786 | Val NDCG: 0.7619 | smoothed: 0.7614
Epoch 22 | Loss: 0.5777 | Val NDCG: 0.7621 | smoothed: 0.7619
Epoch 23 | Loss: 0.5777 | Val NDCG: 0.7617 | smoothed: 0.7619
Epoch 24 | Loss: 0.5778 | Val NDCG: 0.7622 | smoothed: 0.7620
Epoch 25 | Loss: 0.5783 | Val NDCG: 0.7635 | smoothed: 0.7625
Epoch 26 | Loss: 0.5785 | Val NDCG: 0.7632 | smoothed: 0.7630
Epoch 27 | Loss: 0.5771 | Val NDCG: 0.7626 | smoothed: 0.7631
Epoch 28 | Loss: 0.5769 | Val NDCG: 0.7625 | smoothed: 0.7627
Epoch 29 | Loss: 0.5767 | Val NDCG: 0.7616 | smoothed: 0.7622
Epoch 30 | Loss: 0.5756 | Val NDCG: 0.7629 | smoothed: 0.7623
Epoch 31 | Loss: 0.5772 | Val NDCG: 0.7636 | smoothed: 0.7627
Epoch 32 | Loss: 0.5758 | Val NDCG: 0.7640 | smoothed: 0.7635
Epoch 33 | Loss: 0.5770 | Val NDCG: 0.7644 | smoothed: 0.7640
Epoch 34 | Loss: 0.5754 | Val NDCG: 0.7635 | smoothed: 0.7639
Epoch 35 | Loss: 0.5761 | Val NDCG: 0.7631 | smoothed: 0.7637
Epoch 36 | Loss: 0.5758 | Val NDCG: 0.7638 | smoothed: 0.7635
Epoch 37 | Loss: 0.5754 | Val NDCG: 0.7661 | smoothed: 0.7643
Epoch 38 | Loss: 0.5758 | Val NDCG: 0.7645 | smoothed: 0.7648
Epoch 39 | Loss: 0.5743 | Val NDCG: 0.7651 | smoothed: 0.7652
Epoch 40 | Loss: 0.5757 | Val NDCG: 0.7639 | smoothed: 0.7645

Best smoothed NDCG: 0.7652 at epoch 39 of 40 run

1 combinations completed out of 1


--- Grid Search Results ---
 hidden_units  dropout_rate  num_blocks  num_heads     lr  val_ndcg  val_ndcg_raw  best_epoch  epochs_run  max_epochs
           64           0.5           2          4 0.0001   0.76523      0.765105          39          40          40

Best config: {'hidden_units': 64.0, 'dropout_rate': 0.5, 'num_blocks': 2.0, 'num_heads': 4.0, 'lr': 0.0001, 'val_ndcg': 0.7652295643669896, 'val_ndcg_raw': 0.7651048842798207, 'best_epoch': 39.0, 'epochs_run': 40.0, 'max_epochs': 40.0}
1 of 1 configs reached max_epochs
1 of 1 were still improving when stopped
Best params saved to ../Models/sasrec_bce_best_params.json
