task 436 | loss drrl | node slurmnode-gpu03
Tesla P100-PCIE-16GB, 16384 MiB
Tesla P100-PCIE-16GB, 16384 MiB
Tesla P100-PCIE-16GB, 16384 MiB
Tesla P100-PCIE-16GB, 16384 MiB
Using device: cuda
Loading datasets...
Train sessions: 75875 | Val sessions: 16262

Running grid search over 486 combinations...

SLURM array task 436: 1 config -> ../Models/sasrec_grid_drrl_task436.csv
Trying: {'hidden_units': 256, 'dropout_rate': 0.5, 'num_blocks': 1, 'num_heads': 4, 'lr': 0.0001, 'gamma': 3}
Epoch 1 | Loss: 0.0108 | Val NDCG: 0.7073 | smoothed: 0.7073
Epoch 2 | Loss: -0.2029 | Val NDCG: 0.7091 | smoothed: 0.7082
Epoch 3 | Loss: -0.2214 | Val NDCG: 0.7078 | smoothed: 0.7081
Epoch 4 | Loss: -0.2270 | Val NDCG: 0.7037 | smoothed: 0.7068
Epoch 5 | Loss: -0.2293 | Val NDCG: 0.7021 | smoothed: 0.7045
Epoch 6 | Loss: -0.2301 | Val NDCG: 0.7029 | smoothed: 0.7029
Epoch 7 | Loss: -0.2308 | Val NDCG: 0.7164 | smoothed: 0.7071

Best smoothed NDCG: 0.7082 at epoch 2 of 7 run

1 combinations completed out of 1


--- Grid Search Results ---
 hidden_units  dropout_rate  num_blocks  num_heads     lr  gamma  val_ndcg  val_ndcg_raw  best_epoch  epochs_run  max_epochs
          256           0.5           1          4 0.0001      3  0.708214      0.709085           2           7          40

Best config: {'hidden_units': 256.0, 'dropout_rate': 0.5, 'num_blocks': 1.0, 'num_heads': 4.0, 'lr': 0.0001, 'gamma': 3.0, 'val_ndcg': 0.7082137799819406, 'val_ndcg_raw': 0.709085229985887, 'best_epoch': 2.0, 'epochs_run': 7.0, 'max_epochs': 40.0}
0 of 1 configs reached max_epochs
0 of 1 were still improving when stopped
Best params saved to ../Models/sasrec_drrl_best_params.json
