task 424 | loss drrl | node slurmnode-gpu03
Tesla P100-PCIE-16GB, 16384 MiB
Tesla P100-PCIE-16GB, 16384 MiB
Tesla P100-PCIE-16GB, 16384 MiB
Tesla P100-PCIE-16GB, 16384 MiB
Using device: cuda
Loading datasets...
Train sessions: 75875 | Val sessions: 16262

Running grid search over 486 combinations...

SLURM array task 424: 1 config -> ../Models/sasrec_grid_drrl_task424.csv
Trying: {'hidden_units': 256, 'dropout_rate': 0.3, 'num_blocks': 3, 'num_heads': 8, 'lr': 0.0001, 'gamma': 3}
Epoch 1 | Loss: -0.1176 | Val NDCG: 0.7144 | smoothed: 0.7144
Epoch 2 | Loss: -0.2160 | Val NDCG: 0.7152 | smoothed: 0.7148
Epoch 3 | Loss: -0.2226 | Val NDCG: 0.7363 | smoothed: 0.7219
Epoch 4 | Loss: -0.2247 | Val NDCG: 0.7390 | smoothed: 0.7301
Epoch 5 | Loss: -0.2262 | Val NDCG: 0.7343 | smoothed: 0.7365
Epoch 6 | Loss: -0.2265 | Val NDCG: 0.7146 | smoothed: 0.7293
Epoch 7 | Loss: -0.2274 | Val NDCG: 0.7316 | smoothed: 0.7268
Epoch 8 | Loss: -0.2276 | Val NDCG: 0.7363 | smoothed: 0.7275
Epoch 9 | Loss: -0.2284 | Val NDCG: 0.7284 | smoothed: 0.7321
Epoch 10 | Loss: -0.2280 | Val NDCG: 0.7576 | smoothed: 0.7408
Epoch 11 | Loss: -0.2287 | Val NDCG: 0.7503 | smoothed: 0.7454
Epoch 12 | Loss: -0.2288 | Val NDCG: 0.7312 | smoothed: 0.7463
Epoch 13 | Loss: -0.2290 | Val NDCG: 0.7450 | smoothed: 0.7421
Epoch 14 | Loss: -0.2286 | Val NDCG: 0.7586 | smoothed: 0.7449
Epoch 15 | Loss: -0.2293 | Val NDCG: 0.7621 | smoothed: 0.7552
Epoch 16 | Loss: -0.2292 | Val NDCG: 0.7506 | smoothed: 0.7571
Epoch 17 | Loss: -0.2288 | Val NDCG: 0.7709 | smoothed: 0.7612
Epoch 18 | Loss: -0.2296 | Val NDCG: 0.7642 | smoothed: 0.7619
Epoch 19 | Loss: -0.2295 | Val NDCG: 0.7634 | smoothed: 0.7661
Epoch 20 | Loss: -0.2296 | Val NDCG: 0.7656 | smoothed: 0.7644
Epoch 21 | Loss: -0.2297 | Val NDCG: 0.7538 | smoothed: 0.7610
Epoch 22 | Loss: -0.2298 | Val NDCG: 0.7561 | smoothed: 0.7585
Epoch 23 | Loss: -0.2301 | Val NDCG: 0.7527 | smoothed: 0.7542
Epoch 24 | Loss: -0.2300 | Val NDCG: 0.7449 | smoothed: 0.7512

Best smoothed NDCG: 0.7661 at epoch 19 of 24 run

1 combinations completed out of 1


--- Grid Search Results ---
 hidden_units  dropout_rate  num_blocks  num_heads     lr  gamma  val_ndcg  val_ndcg_raw  best_epoch  epochs_run  max_epochs
          256           0.3           3          8 0.0001      3  0.766147      0.763381          19          24          40

Best config: {'hidden_units': 256.0, 'dropout_rate': 0.3, 'num_blocks': 3.0, 'num_heads': 8.0, 'lr': 0.0001, 'gamma': 3.0, 'val_ndcg': 0.7661466241298802, 'val_ndcg_raw': 0.7633805528969213, 'best_epoch': 19.0, 'epochs_run': 24.0, 'max_epochs': 40.0}
0 of 1 configs reached max_epochs
0 of 1 were still improving when stopped
Best params saved to ../Models/sasrec_drrl_best_params.json
