task 360 | loss drrl | node slurmnode-gpu03
Tesla P100-PCIE-16GB, 16384 MiB
Tesla P100-PCIE-16GB, 16384 MiB
Tesla P100-PCIE-16GB, 16384 MiB
Tesla P100-PCIE-16GB, 16384 MiB
Using device: cuda
Loading datasets...
Train sessions: 75875 | Val sessions: 16262

Running grid search over 486 combinations...

SLURM array task 360: 1 config -> ../Models/sasrec_grid_drrl_task360.csv
Trying: {'hidden_units': 256, 'dropout_rate': 0.1, 'num_blocks': 3, 'num_heads': 4, 'lr': 0.001, 'gamma': 2}
Epoch 1 | Loss: -0.1376 | Val NDCG: 0.7199 | smoothed: 0.7199
Epoch 2 | Loss: -0.2134 | Val NDCG: 0.7336 | smoothed: 0.7268
Epoch 3 | Loss: -0.2186 | Val NDCG: 0.7468 | smoothed: 0.7334
Epoch 4 | Loss: -0.2212 | Val NDCG: 0.7365 | smoothed: 0.7390
Epoch 5 | Loss: -0.2227 | Val NDCG: 0.7467 | smoothed: 0.7434
Epoch 6 | Loss: -0.2248 | Val NDCG: 0.7547 | smoothed: 0.7460
Epoch 7 | Loss: -0.2249 | Val NDCG: 0.7419 | smoothed: 0.7478
Epoch 8 | Loss: -0.2261 | Val NDCG: 0.7665 | smoothed: 0.7544
Epoch 9 | Loss: -0.2261 | Val NDCG: 0.7575 | smoothed: 0.7553
Epoch 10 | Loss: -0.2263 | Val NDCG: 0.7434 | smoothed: 0.7558
Epoch 11 | Loss: -0.2267 | Val NDCG: 0.7677 | smoothed: 0.7562
Epoch 12 | Loss: -0.2269 | Val NDCG: 0.7632 | smoothed: 0.7581
Epoch 13 | Loss: -0.2269 | Val NDCG: 0.7651 | smoothed: 0.7653
Epoch 14 | Loss: -0.2275 | Val NDCG: 0.7527 | smoothed: 0.7603
Epoch 15 | Loss: -0.2276 | Val NDCG: 0.7709 | smoothed: 0.7629
Epoch 16 | Loss: -0.2276 | Val NDCG: 0.7624 | smoothed: 0.7620
Epoch 17 | Loss: -0.2279 | Val NDCG: 0.7713 | smoothed: 0.7682
Epoch 18 | Loss: -0.2277 | Val NDCG: 0.7629 | smoothed: 0.7655
Epoch 19 | Loss: -0.2284 | Val NDCG: 0.7582 | smoothed: 0.7641
Epoch 20 | Loss: -0.2282 | Val NDCG: 0.7664 | smoothed: 0.7625

Best smoothed NDCG: 0.7682 at epoch 17 of 20 run

1 combinations completed out of 1


--- Grid Search Results ---
 hidden_units  dropout_rate  num_blocks  num_heads    lr  gamma  val_ndcg  val_ndcg_raw  best_epoch  epochs_run  max_epochs
          256           0.1           3          4 0.001      2  0.768217      0.771313          17          20          20

Best config: {'hidden_units': 256.0, 'dropout_rate': 0.1, 'num_blocks': 3.0, 'num_heads': 4.0, 'lr': 0.001, 'gamma': 2.0, 'val_ndcg': 0.7682168883714301, 'val_ndcg_raw': 0.7713129792292334, 'best_epoch': 17.0, 'epochs_run': 20.0, 'max_epochs': 20.0}
1 of 1 configs reached max_epochs
0 of 1 were still improving when stopped
Best params saved to ../Models/sasrec_drrl_best_params.json
