task 248 | loss drrl | node slurmnode-gpu03
Tesla P100-PCIE-16GB, 16384 MiB
Tesla P100-PCIE-16GB, 16384 MiB
Tesla P100-PCIE-16GB, 16384 MiB
Tesla P100-PCIE-16GB, 16384 MiB
Using device: cuda
Loading datasets...
Train sessions: 75875 | Val sessions: 16262

Running grid search over 486 combinations...

SLURM array task 248: 1 config -> ../Models/sasrec_grid_drrl_task248.csv
Trying: {'hidden_units': 128, 'dropout_rate': 0.3, 'num_blocks': 2, 'num_heads': 16, 'lr': 0.001, 'gamma': 4}
Epoch 1 | Loss: -0.1914 | Val NDCG: 0.7388 | smoothed: 0.7388
Epoch 2 | Loss: -0.2228 | Val NDCG: 0.7109 | smoothed: 0.7248
Epoch 3 | Loss: -0.2260 | Val NDCG: 0.7472 | smoothed: 0.7323
Epoch 4 | Loss: -0.2277 | Val NDCG: 0.7342 | smoothed: 0.7308
Epoch 5 | Loss: -0.2286 | Val NDCG: 0.7323 | smoothed: 0.7379
Epoch 6 | Loss: -0.2290 | Val NDCG: 0.7514 | smoothed: 0.7393
Epoch 7 | Loss: -0.2293 | Val NDCG: 0.7431 | smoothed: 0.7423
Epoch 8 | Loss: -0.2294 | Val NDCG: 0.7514 | smoothed: 0.7486
Epoch 9 | Loss: -0.2295 | Val NDCG: 0.7579 | smoothed: 0.7508
Epoch 10 | Loss: -0.2298 | Val NDCG: 0.7650 | smoothed: 0.7581
Epoch 11 | Loss: -0.2300 | Val NDCG: 0.7696 | smoothed: 0.7641
Epoch 12 | Loss: -0.2301 | Val NDCG: 0.7604 | smoothed: 0.7650
Epoch 13 | Loss: -0.2301 | Val NDCG: 0.7711 | smoothed: 0.7671
Epoch 14 | Loss: -0.2304 | Val NDCG: 0.7618 | smoothed: 0.7645
Epoch 15 | Loss: -0.2305 | Val NDCG: 0.7728 | smoothed: 0.7686
Epoch 16 | Loss: -0.2306 | Val NDCG: 0.7619 | smoothed: 0.7655
Epoch 17 | Loss: -0.2306 | Val NDCG: 0.7695 | smoothed: 0.7681
Epoch 18 | Loss: -0.2307 | Val NDCG: 0.7630 | smoothed: 0.7648
Epoch 19 | Loss: -0.2308 | Val NDCG: 0.7699 | smoothed: 0.7675
Epoch 20 | Loss: -0.2307 | Val NDCG: 0.7740 | smoothed: 0.7690

Best smoothed NDCG: 0.7690 at epoch 20 of 20 run

1 combinations completed out of 1


--- Grid Search Results ---
 hidden_units  dropout_rate  num_blocks  num_heads    lr  gamma  val_ndcg  val_ndcg_raw  best_epoch  epochs_run  max_epochs
          128           0.3           2         16 0.001      4  0.768972      0.774016          20          20          20

Best config: {'hidden_units': 128.0, 'dropout_rate': 0.3, 'num_blocks': 2.0, 'num_heads': 16.0, 'lr': 0.001, 'gamma': 4.0, 'val_ndcg': 0.7689722009836918, 'val_ndcg_raw': 0.7740158044875222, 'best_epoch': 20.0, 'epochs_run': 20.0, 'max_epochs': 20.0}
1 of 1 configs reached max_epochs
1 of 1 were still improving when stopped
Best params saved to ../Models/sasrec_drrl_best_params.json
