task 301 | loss drrl | node slurmnode-gpu03
Tesla P100-PCIE-16GB, 16384 MiB
Tesla P100-PCIE-16GB, 16384 MiB
Tesla P100-PCIE-16GB, 16384 MiB
Tesla P100-PCIE-16GB, 16384 MiB
Using device: cuda
Loading datasets...
Train sessions: 75875 | Val sessions: 16262

Running grid search over 486 combinations...

SLURM array task 301: 1 config -> ../Models/sasrec_grid_drrl_task301.csv
Trying: {'hidden_units': 128, 'dropout_rate': 0.5, 'num_blocks': 2, 'num_heads': 16, 'lr': 0.001, 'gamma': 3}
Epoch 1 | Loss: -0.1810 | Val NDCG: 0.7081 | smoothed: 0.7081
Epoch 2 | Loss: -0.2257 | Val NDCG: 0.7370 | smoothed: 0.7226
Epoch 3 | Loss: -0.2274 | Val NDCG: 0.7109 | smoothed: 0.7187
Epoch 4 | Loss: -0.2279 | Val NDCG: 0.7260 | smoothed: 0.7246
Epoch 5 | Loss: -0.2283 | Val NDCG: 0.7131 | smoothed: 0.7167
Epoch 6 | Loss: -0.2286 | Val NDCG: 0.7236 | smoothed: 0.7209
Epoch 7 | Loss: -0.2289 | Val NDCG: 0.7513 | smoothed: 0.7293
Epoch 8 | Loss: -0.2293 | Val NDCG: 0.7652 | smoothed: 0.7467
Epoch 9 | Loss: -0.2292 | Val NDCG: 0.7697 | smoothed: 0.7621
Epoch 10 | Loss: -0.2291 | Val NDCG: 0.7660 | smoothed: 0.7670
Epoch 11 | Loss: -0.2288 | Val NDCG: 0.7711 | smoothed: 0.7689
Epoch 12 | Loss: -0.2295 | Val NDCG: 0.7634 | smoothed: 0.7668
Epoch 13 | Loss: -0.2293 | Val NDCG: 0.7718 | smoothed: 0.7688
Epoch 14 | Loss: -0.2293 | Val NDCG: 0.7702 | smoothed: 0.7685
Epoch 15 | Loss: -0.2296 | Val NDCG: 0.7729 | smoothed: 0.7717
Epoch 16 | Loss: -0.2296 | Val NDCG: 0.7690 | smoothed: 0.7707
Epoch 17 | Loss: -0.2298 | Val NDCG: 0.7723 | smoothed: 0.7714
Epoch 18 | Loss: -0.2298 | Val NDCG: 0.7721 | smoothed: 0.7712
Epoch 19 | Loss: -0.2299 | Val NDCG: 0.7714 | smoothed: 0.7719
Epoch 20 | Loss: -0.2301 | Val NDCG: 0.7708 | smoothed: 0.7714

Best smoothed NDCG: 0.7719 at epoch 19 of 20 run

1 combinations completed out of 1


--- Grid Search Results ---
 hidden_units  dropout_rate  num_blocks  num_heads    lr  gamma  val_ndcg  val_ndcg_raw  best_epoch  epochs_run  max_epochs
          128           0.5           2         16 0.001      3   0.77194      0.771361          19          20          20

Best config: {'hidden_units': 128.0, 'dropout_rate': 0.5, 'num_blocks': 2.0, 'num_heads': 16.0, 'lr': 0.001, 'gamma': 3.0, 'val_ndcg': 0.7719395921258502, 'val_ndcg_raw': 0.7713614486675987, 'best_epoch': 19.0, 'epochs_run': 20.0, 'max_epochs': 20.0}
1 of 1 configs reached max_epochs
1 of 1 were still improving when stopped
Best params saved to ../Models/sasrec_drrl_best_params.json
