task 149 | loss drrl | node slurmnode-gpu07
NVIDIA A40, 46068 MiB
NVIDIA A40, 46068 MiB
NVIDIA A40, 46068 MiB
NVIDIA A40, 46068 MiB
Using device: cuda
Loading datasets...
Train sessions: 75875 | Val sessions: 16262

Running grid search over 486 combinations...

SLURM array task 149: 1 config -> ../Models/sasrec_grid_drrl_task149.csv
Trying: {'hidden_units': 64, 'dropout_rate': 0.5, 'num_blocks': 3, 'num_heads': 4, 'lr': 0.0001, 'gamma': 4}
Epoch 1 | Loss: 0.0795 | Val NDCG: 0.7184 | smoothed: 0.7184
Epoch 2 | Loss: -0.1971 | Val NDCG: 0.7202 | smoothed: 0.7193
Epoch 3 | Loss: -0.2178 | Val NDCG: 0.7128 | smoothed: 0.7171
Epoch 4 | Loss: -0.2243 | Val NDCG: 0.7051 | smoothed: 0.7127
Epoch 5 | Loss: -0.2273 | Val NDCG: 0.7093 | smoothed: 0.7091
Epoch 6 | Loss: -0.2291 | Val NDCG: 0.7119 | smoothed: 0.7088
Epoch 7 | Loss: -0.2301 | Val NDCG: 0.7105 | smoothed: 0.7106

Best smoothed NDCG: 0.7193 at epoch 2 of 7 run

1 combinations completed out of 1


--- Grid Search Results ---
 hidden_units  dropout_rate  num_blocks  num_heads     lr  gamma  val_ndcg  val_ndcg_raw  best_epoch  epochs_run  max_epochs
           64           0.5           3          4 0.0001      4   0.71928        0.7202           2           7          40

Best config: {'hidden_units': 64.0, 'dropout_rate': 0.5, 'num_blocks': 3.0, 'num_heads': 4.0, 'lr': 0.0001, 'gamma': 4.0, 'val_ndcg': 0.7192798821939876, 'val_ndcg_raw': 0.7202000956539635, 'best_epoch': 2.0, 'epochs_run': 7.0, 'max_epochs': 40.0}
0 of 1 configs reached max_epochs
0 of 1 were still improving when stopped
Best params saved to ../Models/sasrec_drrl_best_params.json
