task 423 | loss drrl | node slurmnode-gpu05
Tesla P100-PCIE-16GB, 16384 MiB
Tesla P100-PCIE-16GB, 16384 MiB
Tesla P100-PCIE-16GB, 16384 MiB
Tesla P100-PCIE-16GB, 16384 MiB
Using device: cuda
Loading datasets...
Train sessions: 75875 | Val sessions: 16262

Running grid search over 486 combinations...

SLURM array task 423: 1 config -> ../Models/sasrec_grid_drrl_task423.csv
Trying: {'hidden_units': 256, 'dropout_rate': 0.3, 'num_blocks': 3, 'num_heads': 8, 'lr': 0.0001, 'gamma': 2}
Epoch 1 | Loss: -0.0403 | Val NDCG: 0.7227 | smoothed: 0.7227
Epoch 2 | Loss: -0.2079 | Val NDCG: 0.7320 | smoothed: 0.7273
Epoch 3 | Loss: -0.2172 | Val NDCG: 0.7265 | smoothed: 0.7271
Epoch 4 | Loss: -0.2226 | Val NDCG: 0.7265 | smoothed: 0.7283
Epoch 5 | Loss: -0.2222 | Val NDCG: 0.7415 | smoothed: 0.7315
Epoch 6 | Loss: -0.2232 | Val NDCG: 0.7541 | smoothed: 0.7407
Epoch 7 | Loss: -0.2244 | Val NDCG: 0.7361 | smoothed: 0.7439
Epoch 8 | Loss: -0.2246 | Val NDCG: 0.7278 | smoothed: 0.7393
Epoch 9 | Loss: -0.2254 | Val NDCG: 0.7314 | smoothed: 0.7318
Epoch 10 | Loss: -0.2256 | Val NDCG: 0.7362 | smoothed: 0.7318
Epoch 11 | Loss: -0.2261 | Val NDCG: 0.7437 | smoothed: 0.7371
Epoch 12 | Loss: -0.2262 | Val NDCG: 0.7267 | smoothed: 0.7355

Best smoothed NDCG: 0.7439 at epoch 7 of 12 run

1 combinations completed out of 1


--- Grid Search Results ---
 hidden_units  dropout_rate  num_blocks  num_heads     lr  gamma  val_ndcg  val_ndcg_raw  best_epoch  epochs_run  max_epochs
          256           0.3           3          8 0.0001      2  0.743887      0.736071           7          12          40

Best config: {'hidden_units': 256.0, 'dropout_rate': 0.3, 'num_blocks': 3.0, 'num_heads': 8.0, 'lr': 0.0001, 'gamma': 2.0, 'val_ndcg': 0.7438867077714736, 'val_ndcg_raw': 0.7360705264065291, 'best_epoch': 7.0, 'epochs_run': 12.0, 'max_epochs': 40.0}
0 of 1 configs reached max_epochs
0 of 1 were still improving when stopped
Best params saved to ../Models/sasrec_drrl_best_params.json
