task 41 | loss bce | node slurmnode-gpu02
NVIDIA GeForce GTX 1080 Ti, 11264 MiB
NVIDIA GeForce GTX 1080 Ti, 11264 MiB
NVIDIA GeForce GTX 1080 Ti, 11264 MiB
NVIDIA GeForce GTX 1080 Ti, 11264 MiB
NVIDIA GeForce GTX 1080 Ti, 11264 MiB
NVIDIA GeForce GTX 1080 Ti, 11264 MiB
NVIDIA GeForce GTX 1080 Ti, 11264 MiB
NVIDIA GeForce GTX 1080 Ti, 11264 MiB
Using device: cuda
Loading datasets...
Train sessions: 75875 | Val sessions: 16262

Running grid search over 162 combinations...

SLURM array task 41: 1 config -> ../Models/sasrec_grid_bce_task41.csv
Trying: {'hidden_units': 64, 'dropout_rate': 0.5, 'num_blocks': 1, 'num_heads': 16, 'lr': 0.0001}
Epoch 1 | Loss: 0.6306 | Val NDCG: 0.7087 | smoothed: 0.7087
Epoch 2 | Loss: 0.6092 | Val NDCG: 0.7209 | smoothed: 0.7148
Epoch 3 | Loss: 0.6043 | Val NDCG: 0.7331 | smoothed: 0.7209
Epoch 4 | Loss: 0.6005 | Val NDCG: 0.7424 | smoothed: 0.7321
Epoch 5 | Loss: 0.5958 | Val NDCG: 0.7494 | smoothed: 0.7416
Epoch 6 | Loss: 0.5947 | Val NDCG: 0.7529 | smoothed: 0.7482
Epoch 7 | Loss: 0.5932 | Val NDCG: 0.7555 | smoothed: 0.7526
Epoch 8 | Loss: 0.5913 | Val NDCG: 0.7576 | smoothed: 0.7553
Epoch 9 | Loss: 0.5901 | Val NDCG: 0.7589 | smoothed: 0.7573
Epoch 10 | Loss: 0.5893 | Val NDCG: 0.7595 | smoothed: 0.7587
Epoch 11 | Loss: 0.5877 | Val NDCG: 0.7607 | smoothed: 0.7597
Epoch 12 | Loss: 0.5870 | Val NDCG: 0.7616 | smoothed: 0.7606
Epoch 13 | Loss: 0.5866 | Val NDCG: 0.7626 | smoothed: 0.7616
Epoch 14 | Loss: 0.5856 | Val NDCG: 0.7626 | smoothed: 0.7622
Epoch 15 | Loss: 0.5849 | Val NDCG: 0.7637 | smoothed: 0.7630
Epoch 16 | Loss: 0.5849 | Val NDCG: 0.7635 | smoothed: 0.7633
Epoch 17 | Loss: 0.5836 | Val NDCG: 0.7646 | smoothed: 0.7640
Epoch 18 | Loss: 0.5840 | Val NDCG: 0.7646 | smoothed: 0.7642
Epoch 19 | Loss: 0.5832 | Val NDCG: 0.7653 | smoothed: 0.7648
Epoch 20 | Loss: 0.5830 | Val NDCG: 0.7659 | smoothed: 0.7653
Epoch 21 | Loss: 0.5820 | Val NDCG: 0.7668 | smoothed: 0.7660
Epoch 22 | Loss: 0.5825 | Val NDCG: 0.7669 | smoothed: 0.7666
Epoch 23 | Loss: 0.5822 | Val NDCG: 0.7677 | smoothed: 0.7672
Epoch 24 | Loss: 0.5807 | Val NDCG: 0.7681 | smoothed: 0.7676
Epoch 25 | Loss: 0.5802 | Val NDCG: 0.7693 | smoothed: 0.7684
Epoch 26 | Loss: 0.5813 | Val NDCG: 0.7693 | smoothed: 0.7689
Epoch 27 | Loss: 0.5800 | Val NDCG: 0.7694 | smoothed: 0.7693
Epoch 28 | Loss: 0.5806 | Val NDCG: 0.7692 | smoothed: 0.7693
Epoch 29 | Loss: 0.5803 | Val NDCG: 0.7705 | smoothed: 0.7697
Epoch 30 | Loss: 0.5799 | Val NDCG: 0.7711 | smoothed: 0.7703
Epoch 31 | Loss: 0.5801 | Val NDCG: 0.7704 | smoothed: 0.7707
Epoch 32 | Loss: 0.5794 | Val NDCG: 0.7700 | smoothed: 0.7705
Epoch 33 | Loss: 0.5785 | Val NDCG: 0.7708 | smoothed: 0.7704
Epoch 34 | Loss: 0.5779 | Val NDCG: 0.7704 | smoothed: 0.7704
Epoch 35 | Loss: 0.5777 | Val NDCG: 0.7714 | smoothed: 0.7709
Epoch 36 | Loss: 0.5785 | Val NDCG: 0.7717 | smoothed: 0.7712
Epoch 37 | Loss: 0.5778 | Val NDCG: 0.7723 | smoothed: 0.7718
Epoch 38 | Loss: 0.5783 | Val NDCG: 0.7719 | smoothed: 0.7720
Epoch 39 | Loss: 0.5773 | Val NDCG: 0.7718 | smoothed: 0.7720
Epoch 40 | Loss: 0.5774 | Val NDCG: 0.7716 | smoothed: 0.7718

Best smoothed NDCG: 0.7720 at epoch 39 of 40 run

1 combinations completed out of 1


--- Grid Search Results ---
 hidden_units  dropout_rate  num_blocks  num_heads     lr  val_ndcg  val_ndcg_raw  best_epoch  epochs_run  max_epochs
           64           0.5           1         16 0.0001  0.772014       0.77178          39          40          40

Best config: {'hidden_units': 64.0, 'dropout_rate': 0.5, 'num_blocks': 1.0, 'num_heads': 16.0, 'lr': 0.0001, 'val_ndcg': 0.7720138367268006, 'val_ndcg_raw': 0.7717799022936669, 'best_epoch': 39.0, 'epochs_run': 40.0, 'max_epochs': 40.0}
1 of 1 configs reached max_epochs
1 of 1 were still improving when stopped
Best params saved to ../Models/sasrec_bce_best_params.json
