task 186 | loss drrl | node slurmnode-gpu07
NVIDIA A40, 46068 MiB
NVIDIA A40, 46068 MiB
NVIDIA A40, 46068 MiB
NVIDIA A40, 46068 MiB
Using device: cuda
Loading datasets...
Train sessions: 75875 | Val sessions: 16262

Running grid search over 486 combinations...

SLURM array task 186: 1 config -> ../Models/sasrec_grid_drrl_task186.csv
Trying: {'hidden_units': 128, 'dropout_rate': 0.1, 'num_blocks': 2, 'num_heads': 8, 'lr': 0.001, 'gamma': 2}
Epoch 1 | Loss: -0.1443 | Val NDCG: 0.7198 | smoothed: 0.7198
Epoch 2 | Loss: -0.2112 | Val NDCG: 0.7196 | smoothed: 0.7197
Epoch 3 | Loss: -0.2179 | Val NDCG: 0.7189 | smoothed: 0.7194
Epoch 4 | Loss: -0.2223 | Val NDCG: 0.7441 | smoothed: 0.7275
Epoch 5 | Loss: -0.2244 | Val NDCG: 0.7377 | smoothed: 0.7336
Epoch 6 | Loss: -0.2255 | Val NDCG: 0.7687 | smoothed: 0.7502
Epoch 7 | Loss: -0.2263 | Val NDCG: 0.7360 | smoothed: 0.7475
Epoch 8 | Loss: -0.2269 | Val NDCG: 0.7254 | smoothed: 0.7434
Epoch 9 | Loss: -0.2271 | Val NDCG: 0.7511 | smoothed: 0.7375
Epoch 10 | Loss: -0.2270 | Val NDCG: 0.7594 | smoothed: 0.7453
Epoch 11 | Loss: -0.2275 | Val NDCG: 0.7573 | smoothed: 0.7559
Epoch 12 | Loss: -0.2280 | Val NDCG: 0.7683 | smoothed: 0.7617
Epoch 13 | Loss: -0.2282 | Val NDCG: 0.7688 | smoothed: 0.7648
Epoch 14 | Loss: -0.2284 | Val NDCG: 0.7596 | smoothed: 0.7656
Epoch 15 | Loss: -0.2284 | Val NDCG: 0.7673 | smoothed: 0.7653
Epoch 16 | Loss: -0.2288 | Val NDCG: 0.7566 | smoothed: 0.7612
Epoch 17 | Loss: -0.2287 | Val NDCG: 0.7701 | smoothed: 0.7647
Epoch 18 | Loss: -0.2289 | Val NDCG: 0.7627 | smoothed: 0.7631
Epoch 19 | Loss: -0.2290 | Val NDCG: 0.7711 | smoothed: 0.7680
Epoch 20 | Loss: -0.2292 | Val NDCG: 0.7726 | smoothed: 0.7688

Best smoothed NDCG: 0.7688 at epoch 20 of 20 run

1 combinations completed out of 1


--- Grid Search Results ---
 hidden_units  dropout_rate  num_blocks  num_heads    lr  gamma  val_ndcg  val_ndcg_raw  best_epoch  epochs_run  max_epochs
          128           0.1           2          8 0.001      2  0.768777       0.77256          20          20          20

Best config: {'hidden_units': 128.0, 'dropout_rate': 0.1, 'num_blocks': 2.0, 'num_heads': 8.0, 'lr': 0.001, 'gamma': 2.0, 'val_ndcg': 0.7687771048858759, 'val_ndcg_raw': 0.7725601361071831, 'best_epoch': 20.0, 'epochs_run': 20.0, 'max_epochs': 20.0}
1 of 1 configs reached max_epochs
1 of 1 were still improving when stopped
Best params saved to ../Models/sasrec_drrl_best_params.json
