task 31 | loss bce | node slurmnode-gpu02
NVIDIA GeForce GTX 1080 Ti, 11264 MiB
NVIDIA GeForce GTX 1080 Ti, 11264 MiB
NVIDIA GeForce GTX 1080 Ti, 11264 MiB
NVIDIA GeForce GTX 1080 Ti, 11264 MiB
NVIDIA GeForce GTX 1080 Ti, 11264 MiB
NVIDIA GeForce GTX 1080 Ti, 11264 MiB
NVIDIA GeForce GTX 1080 Ti, 11264 MiB
NVIDIA GeForce GTX 1080 Ti, 11264 MiB
Using device: cuda
Loading datasets...
Train sessions: 75875 | Val sessions: 16262

Running grid search over 162 combinations...

SLURM array task 31: 1 config -> ../Models/sasrec_grid_bce_task31.csv
Trying: {'hidden_units': 64, 'dropout_rate': 0.3, 'num_blocks': 3, 'num_heads': 4, 'lr': 0.0001}
Epoch 1 | Loss: 0.6147 | Val NDCG: 0.7283 | smoothed: 0.7283
Epoch 2 | Loss: 0.5938 | Val NDCG: 0.7459 | smoothed: 0.7371
Epoch 3 | Loss: 0.5884 | Val NDCG: 0.7506 | smoothed: 0.7416
Epoch 4 | Loss: 0.5843 | Val NDCG: 0.7561 | smoothed: 0.7509
Epoch 5 | Loss: 0.5831 | Val NDCG: 0.7588 | smoothed: 0.7552
Epoch 6 | Loss: 0.5794 | Val NDCG: 0.7609 | smoothed: 0.7586
Epoch 7 | Loss: 0.5784 | Val NDCG: 0.7619 | smoothed: 0.7605
Epoch 8 | Loss: 0.5786 | Val NDCG: 0.7633 | smoothed: 0.7620
Epoch 9 | Loss: 0.5773 | Val NDCG: 0.7632 | smoothed: 0.7628
Epoch 10 | Loss: 0.5763 | Val NDCG: 0.7649 | smoothed: 0.7638
Epoch 11 | Loss: 0.5755 | Val NDCG: 0.7660 | smoothed: 0.7647
Epoch 12 | Loss: 0.5758 | Val NDCG: 0.7657 | smoothed: 0.7655
Epoch 13 | Loss: 0.5740 | Val NDCG: 0.7655 | smoothed: 0.7657
Epoch 14 | Loss: 0.5736 | Val NDCG: 0.7652 | smoothed: 0.7655
Epoch 15 | Loss: 0.5726 | Val NDCG: 0.7665 | smoothed: 0.7657
Epoch 16 | Loss: 0.5735 | Val NDCG: 0.7653 | smoothed: 0.7657
Epoch 17 | Loss: 0.5726 | Val NDCG: 0.7668 | smoothed: 0.7662
Epoch 18 | Loss: 0.5728 | Val NDCG: 0.7677 | smoothed: 0.7666
Epoch 19 | Loss: 0.5728 | Val NDCG: 0.7685 | smoothed: 0.7677
Epoch 20 | Loss: 0.5712 | Val NDCG: 0.7678 | smoothed: 0.7680
Epoch 21 | Loss: 0.5725 | Val NDCG: 0.7662 | smoothed: 0.7675
Epoch 22 | Loss: 0.5723 | Val NDCG: 0.7687 | smoothed: 0.7676
Epoch 23 | Loss: 0.5713 | Val NDCG: 0.7684 | smoothed: 0.7678
Epoch 24 | Loss: 0.5717 | Val NDCG: 0.7674 | smoothed: 0.7682
Epoch 25 | Loss: 0.5713 | Val NDCG: 0.7680 | smoothed: 0.7679
Epoch 26 | Loss: 0.5712 | Val NDCG: 0.7694 | smoothed: 0.7683
Epoch 27 | Loss: 0.5713 | Val NDCG: 0.7704 | smoothed: 0.7693
Epoch 28 | Loss: 0.5707 | Val NDCG: 0.7692 | smoothed: 0.7697
Epoch 29 | Loss: 0.5706 | Val NDCG: 0.7706 | smoothed: 0.7701
Epoch 30 | Loss: 0.5697 | Val NDCG: 0.7704 | smoothed: 0.7701
Epoch 31 | Loss: 0.5700 | Val NDCG: 0.7702 | smoothed: 0.7704
Epoch 32 | Loss: 0.5695 | Val NDCG: 0.7706 | smoothed: 0.7704
Epoch 33 | Loss: 0.5698 | Val NDCG: 0.7704 | smoothed: 0.7704
Epoch 34 | Loss: 0.5698 | Val NDCG: 0.7696 | smoothed: 0.7702
Epoch 35 | Loss: 0.5696 | Val NDCG: 0.7694 | smoothed: 0.7698
Epoch 36 | Loss: 0.5697 | Val NDCG: 0.7708 | smoothed: 0.7699
Epoch 37 | Loss: 0.5698 | Val NDCG: 0.7706 | smoothed: 0.7703
Epoch 38 | Loss: 0.5693 | Val NDCG: 0.7717 | smoothed: 0.7710
Epoch 39 | Loss: 0.5702 | Val NDCG: 0.7714 | smoothed: 0.7712
Epoch 40 | Loss: 0.5687 | Val NDCG: 0.7719 | smoothed: 0.7717

Best smoothed NDCG: 0.7717 at epoch 40 of 40 run

1 combinations completed out of 1


--- Grid Search Results ---
 hidden_units  dropout_rate  num_blocks  num_heads     lr  val_ndcg  val_ndcg_raw  best_epoch  epochs_run  max_epochs
           64           0.3           3          4 0.0001  0.771663      0.771894          40          40          40

Best config: {'hidden_units': 64.0, 'dropout_rate': 0.3, 'num_blocks': 3.0, 'num_heads': 4.0, 'lr': 0.0001, 'val_ndcg': 0.7716633428998675, 'val_ndcg_raw': 0.7718939663534734, 'best_epoch': 40.0, 'epochs_run': 40.0, 'max_epochs': 40.0}
1 of 1 configs reached max_epochs
1 of 1 were still improving when stopped
Best params saved to ../Models/sasrec_bce_best_params.json
