task 119 | loss bce | node slurmnode-gpu07
NVIDIA A40, 46068 MiB
NVIDIA A40, 46068 MiB
NVIDIA A40, 46068 MiB
NVIDIA A40, 46068 MiB
Using device: cuda
Loading datasets...
Train sessions: 75875 | Val sessions: 16262

Running grid search over 162 combinations...

SLURM array task 119: 1 config -> ../Models/sasrec_grid_bce_task119.csv
Trying: {'hidden_units': 256, 'dropout_rate': 0.1, 'num_blocks': 2, 'num_heads': 16, 'lr': 0.0001}
Epoch 1 | Loss: 0.5889 | Val NDCG: 0.7575 | smoothed: 0.7575
Epoch 2 | Loss: 0.5766 | Val NDCG: 0.7621 | smoothed: 0.7598
Epoch 3 | Loss: 0.5734 | Val NDCG: 0.7673 | smoothed: 0.7623
Epoch 4 | Loss: 0.5713 | Val NDCG: 0.7690 | smoothed: 0.7661
Epoch 5 | Loss: 0.5722 | Val NDCG: 0.7683 | smoothed: 0.7682
Epoch 6 | Loss: 0.5700 | Val NDCG: 0.7747 | smoothed: 0.7707
Epoch 7 | Loss: 0.5689 | Val NDCG: 0.7684 | smoothed: 0.7705
Epoch 8 | Loss: 0.5691 | Val NDCG: 0.7754 | smoothed: 0.7729
Epoch 9 | Loss: 0.5674 | Val NDCG: 0.7757 | smoothed: 0.7732
Epoch 10 | Loss: 0.5676 | Val NDCG: 0.7732 | smoothed: 0.7748
Epoch 11 | Loss: 0.5669 | Val NDCG: 0.7726 | smoothed: 0.7739
Epoch 12 | Loss: 0.5666 | Val NDCG: 0.7758 | smoothed: 0.7739
Epoch 13 | Loss: 0.5655 | Val NDCG: 0.7744 | smoothed: 0.7743
Epoch 14 | Loss: 0.5645 | Val NDCG: 0.7747 | smoothed: 0.7750
Epoch 15 | Loss: 0.5642 | Val NDCG: 0.7724 | smoothed: 0.7739
Epoch 16 | Loss: 0.5637 | Val NDCG: 0.7771 | smoothed: 0.7748
Epoch 17 | Loss: 0.5628 | Val NDCG: 0.7766 | smoothed: 0.7754
Epoch 18 | Loss: 0.5625 | Val NDCG: 0.7741 | smoothed: 0.7759
Epoch 19 | Loss: 0.5615 | Val NDCG: 0.7763 | smoothed: 0.7756
Epoch 20 | Loss: 0.5624 | Val NDCG: 0.7748 | smoothed: 0.7751
Epoch 21 | Loss: 0.5631 | Val NDCG: 0.7764 | smoothed: 0.7759
Epoch 22 | Loss: 0.5617 | Val NDCG: 0.7775 | smoothed: 0.7762
Epoch 23 | Loss: 0.5604 | Val NDCG: 0.7762 | smoothed: 0.7767
Epoch 24 | Loss: 0.5598 | Val NDCG: 0.7774 | smoothed: 0.7770
Epoch 25 | Loss: 0.5592 | Val NDCG: 0.7791 | smoothed: 0.7776
Epoch 26 | Loss: 0.5596 | Val NDCG: 0.7761 | smoothed: 0.7775
Epoch 27 | Loss: 0.5587 | Val NDCG: 0.7778 | smoothed: 0.7777
Epoch 28 | Loss: 0.5581 | Val NDCG: 0.7761 | smoothed: 0.7767
Epoch 29 | Loss: 0.5575 | Val NDCG: 0.7777 | smoothed: 0.7772
Epoch 30 | Loss: 0.5581 | Val NDCG: 0.7784 | smoothed: 0.7774
Epoch 31 | Loss: 0.5576 | Val NDCG: 0.7782 | smoothed: 0.7781
Epoch 32 | Loss: 0.5577 | Val NDCG: 0.7738 | smoothed: 0.7768
Epoch 33 | Loss: 0.5561 | Val NDCG: 0.7799 | smoothed: 0.7773
Epoch 34 | Loss: 0.5558 | Val NDCG: 0.7777 | smoothed: 0.7772
Epoch 35 | Loss: 0.5564 | Val NDCG: 0.7772 | smoothed: 0.7783
Epoch 36 | Loss: 0.5564 | Val NDCG: 0.7763 | smoothed: 0.7771
Epoch 37 | Loss: 0.5553 | Val NDCG: 0.7784 | smoothed: 0.7773
Epoch 38 | Loss: 0.5561 | Val NDCG: 0.7756 | smoothed: 0.7768
Epoch 39 | Loss: 0.5536 | Val NDCG: 0.7756 | smoothed: 0.7765
Epoch 40 | Loss: 0.5546 | Val NDCG: 0.7763 | smoothed: 0.7758

Best smoothed NDCG: 0.7783 at epoch 35 of 40 run

1 combinations completed out of 1


--- Grid Search Results ---
 hidden_units  dropout_rate  num_blocks  num_heads     lr  val_ndcg  val_ndcg_raw  best_epoch  epochs_run  max_epochs
          256           0.1           2         16 0.0001   0.77829      0.777235          35          40          40

Best config: {'hidden_units': 256.0, 'dropout_rate': 0.1, 'num_blocks': 2.0, 'num_heads': 16.0, 'lr': 0.0001, 'val_ndcg': 0.7782902153010959, 'val_ndcg_raw': 0.7772350614586365, 'best_epoch': 35.0, 'epochs_run': 40.0, 'max_epochs': 40.0}
1 of 1 configs reached max_epochs
0 of 1 were still improving when stopped
Best params saved to ../Models/sasrec_bce_best_params.json
