task 167 | loss drrl | node slurmnode-gpu03
Tesla P100-PCIE-16GB, 16384 MiB
Tesla P100-PCIE-16GB, 16384 MiB
Tesla P100-PCIE-16GB, 16384 MiB
Tesla P100-PCIE-16GB, 16384 MiB
Using device: cuda
Loading datasets...
Train sessions: 75875 | Val sessions: 16262

Running grid search over 486 combinations...

SLURM array task 167: 1 config -> ../Models/sasrec_grid_drrl_task167.csv
Trying: {'hidden_units': 128, 'dropout_rate': 0.1, 'num_blocks': 1, 'num_heads': 4, 'lr': 0.0001, 'gamma': 4}
Epoch 1 | Loss: -0.0632 | Val NDCG: 0.7292 | smoothed: 0.7292
Epoch 2 | Loss: -0.2040 | Val NDCG: 0.7308 | smoothed: 0.7300
Epoch 3 | Loss: -0.2183 | Val NDCG: 0.7378 | smoothed: 0.7326
Epoch 4 | Loss: -0.2236 | Val NDCG: 0.7264 | smoothed: 0.7317
Epoch 5 | Loss: -0.2264 | Val NDCG: 0.7418 | smoothed: 0.7353
Epoch 6 | Loss: -0.2280 | Val NDCG: 0.7330 | smoothed: 0.7337
Epoch 7 | Loss: -0.2288 | Val NDCG: 0.7442 | smoothed: 0.7397
Epoch 8 | Loss: -0.2297 | Val NDCG: 0.7423 | smoothed: 0.7398
Epoch 9 | Loss: -0.2302 | Val NDCG: 0.7405 | smoothed: 0.7423
Epoch 10 | Loss: -0.2304 | Val NDCG: 0.7514 | smoothed: 0.7447
Epoch 11 | Loss: -0.2307 | Val NDCG: 0.7478 | smoothed: 0.7466
Epoch 12 | Loss: -0.2309 | Val NDCG: 0.7452 | smoothed: 0.7481
Epoch 13 | Loss: -0.2311 | Val NDCG: 0.7464 | smoothed: 0.7465
Epoch 14 | Loss: -0.2311 | Val NDCG: 0.7494 | smoothed: 0.7470
Epoch 15 | Loss: -0.2314 | Val NDCG: 0.7471 | smoothed: 0.7477
Epoch 16 | Loss: -0.2314 | Val NDCG: 0.7533 | smoothed: 0.7500
Epoch 17 | Loss: -0.2315 | Val NDCG: 0.7530 | smoothed: 0.7512
Epoch 18 | Loss: -0.2314 | Val NDCG: 0.7345 | smoothed: 0.7470
Epoch 19 | Loss: -0.2313 | Val NDCG: 0.7521 | smoothed: 0.7465
Epoch 20 | Loss: -0.2316 | Val NDCG: 0.7578 | smoothed: 0.7481
Epoch 21 | Loss: -0.2315 | Val NDCG: 0.7424 | smoothed: 0.7507
Epoch 22 | Loss: -0.2316 | Val NDCG: 0.7519 | smoothed: 0.7507

Best smoothed NDCG: 0.7512 at epoch 17 of 22 run

1 combinations completed out of 1


--- Grid Search Results ---
 hidden_units  dropout_rate  num_blocks  num_heads     lr  gamma  val_ndcg  val_ndcg_raw  best_epoch  epochs_run  max_epochs
          128           0.1           1          4 0.0001      4  0.751171      0.753044          17          22          40

Best config: {'hidden_units': 128.0, 'dropout_rate': 0.1, 'num_blocks': 1.0, 'num_heads': 4.0, 'lr': 0.0001, 'gamma': 4.0, 'val_ndcg': 0.7511707473472238, 'val_ndcg_raw': 0.7530443246984536, 'best_epoch': 17.0, 'epochs_run': 22.0, 'max_epochs': 40.0}
0 of 1 configs reached max_epochs
0 of 1 were still improving when stopped
Best params saved to ../Models/sasrec_drrl_best_params.json
