task 111 | loss drrl | node slurmnode-gpu07
NVIDIA A40, 46068 MiB
NVIDIA A40, 46068 MiB
NVIDIA A40, 46068 MiB
NVIDIA A40, 46068 MiB
Using device: cuda
Loading datasets...
Train sessions: 75875 | Val sessions: 16262

Running grid search over 486 combinations...

SLURM array task 111: 1 config -> ../Models/sasrec_grid_drrl_task111.csv
Trying: {'hidden_units': 64, 'dropout_rate': 0.5, 'num_blocks': 1, 'num_heads': 4, 'lr': 0.0001, 'gamma': 2}
Epoch 1 | Loss: 0.4938 | Val NDCG: 0.7135 | smoothed: 0.7135
Epoch 2 | Loss: -0.0807 | Val NDCG: 0.7093 | smoothed: 0.7114
Epoch 3 | Loss: -0.2017 | Val NDCG: 0.7077 | smoothed: 0.7102
Epoch 4 | Loss: -0.2234 | Val NDCG: 0.7051 | smoothed: 0.7073
Epoch 5 | Loss: -0.2279 | Val NDCG: 0.7080 | smoothed: 0.7069
Epoch 6 | Loss: -0.2299 | Val NDCG: 0.7110 | smoothed: 0.7080

Best smoothed NDCG: 0.7135 at epoch 1 of 6 run

1 combinations completed out of 1


--- Grid Search Results ---
 hidden_units  dropout_rate  num_blocks  num_heads     lr  gamma  val_ndcg  val_ndcg_raw  best_epoch  epochs_run  max_epochs
           64           0.5           1          4 0.0001      2  0.713547      0.713547           1           6          40

Best config: {'hidden_units': 64.0, 'dropout_rate': 0.5, 'num_blocks': 1.0, 'num_heads': 4.0, 'lr': 0.0001, 'gamma': 2.0, 'val_ndcg': 0.713546670353824, 'val_ndcg_raw': 0.713546670353824, 'best_epoch': 1.0, 'epochs_run': 6.0, 'max_epochs': 40.0}
0 of 1 configs reached max_epochs
0 of 1 were still improving when stopped
Best params saved to ../Models/sasrec_drrl_best_params.json
