task 286 | loss drrl | node slurmnode-gpu03
Tesla P100-PCIE-16GB, 16384 MiB
Tesla P100-PCIE-16GB, 16384 MiB
Tesla P100-PCIE-16GB, 16384 MiB
Tesla P100-PCIE-16GB, 16384 MiB
Using device: cuda
Loading datasets...
Train sessions: 75875 | Val sessions: 16262

Running grid search over 486 combinations...

SLURM array task 286: 1 config -> ../Models/sasrec_grid_drrl_task286.csv
Trying: {'hidden_units': 128, 'dropout_rate': 0.5, 'num_blocks': 1, 'num_heads': 16, 'lr': 0.0001, 'gamma': 3}
Epoch 1 | Loss: 0.1170 | Val NDCG: 0.6978 | smoothed: 0.6978
Epoch 2 | Loss: -0.1911 | Val NDCG: 0.6892 | smoothed: 0.6935
Epoch 3 | Loss: -0.2205 | Val NDCG: 0.6883 | smoothed: 0.6917
Epoch 4 | Loss: -0.2285 | Val NDCG: 0.6929 | smoothed: 0.6901
Epoch 5 | Loss: -0.2307 | Val NDCG: 0.6964 | smoothed: 0.6925
Epoch 6 | Loss: -0.2313 | Val NDCG: 0.6996 | smoothed: 0.6963

Best smoothed NDCG: 0.6978 at epoch 1 of 6 run

1 combinations completed out of 1


--- Grid Search Results ---
 hidden_units  dropout_rate  num_blocks  num_heads     lr  gamma  val_ndcg  val_ndcg_raw  best_epoch  epochs_run  max_epochs
          128           0.5           1         16 0.0001      3  0.697755      0.697755           1           6          40

Best config: {'hidden_units': 128.0, 'dropout_rate': 0.5, 'num_blocks': 1.0, 'num_heads': 16.0, 'lr': 0.0001, 'gamma': 3.0, 'val_ndcg': 0.6977553111939357, 'val_ndcg_raw': 0.6977553111939357, 'best_epoch': 1.0, 'epochs_run': 6.0, 'max_epochs': 40.0}
0 of 1 configs reached max_epochs
0 of 1 were still improving when stopped
Best params saved to ../Models/sasrec_drrl_best_params.json
