task 29 | loss pwts | node slurmnode-gpu02
NVIDIA GeForce GTX 1080 Ti, 11264 MiB
NVIDIA GeForce GTX 1080 Ti, 11264 MiB
NVIDIA GeForce GTX 1080 Ti, 11264 MiB
NVIDIA GeForce GTX 1080 Ti, 11264 MiB
NVIDIA GeForce GTX 1080 Ti, 11264 MiB
NVIDIA GeForce GTX 1080 Ti, 11264 MiB
NVIDIA GeForce GTX 1080 Ti, 11264 MiB
NVIDIA GeForce GTX 1080 Ti, 11264 MiB
Using device: cuda
Loading datasets...
Train sessions: 75875 | Val sessions: 16262

Running grid search over 162 combinations...

SLURM array task 29: 1 config -> ../Models/sasrec_grid_pwts_task29.csv
Trying: {'hidden_units': 64, 'dropout_rate': 0.3, 'num_blocks': 2, 'num_heads': 16, 'lr': 0.0001}
Epoch 1 | Loss: 0.6511 | Val NDCG: 0.7293 | smoothed: 0.7293
Epoch 2 | Loss: 0.6286 | Val NDCG: 0.7442 | smoothed: 0.7367
Epoch 3 | Loss: 0.6220 | Val NDCG: 0.7511 | smoothed: 0.7415
Epoch 4 | Loss: 0.6184 | Val NDCG: 0.7550 | smoothed: 0.7501
Epoch 5 | Loss: 0.6153 | Val NDCG: 0.7554 | smoothed: 0.7538
Epoch 6 | Loss: 0.6125 | Val NDCG: 0.7588 | smoothed: 0.7564
Epoch 7 | Loss: 0.6115 | Val NDCG: 0.7588 | smoothed: 0.7577
Epoch 8 | Loss: 0.6094 | Val NDCG: 0.7581 | smoothed: 0.7586
Epoch 9 | Loss: 0.6096 | Val NDCG: 0.7612 | smoothed: 0.7594
Epoch 10 | Loss: 0.6090 | Val NDCG: 0.7617 | smoothed: 0.7604
Epoch 11 | Loss: 0.6068 | Val NDCG: 0.7618 | smoothed: 0.7616
Epoch 12 | Loss: 0.6062 | Val NDCG: 0.7629 | smoothed: 0.7621
Epoch 13 | Loss: 0.6064 | Val NDCG: 0.7633 | smoothed: 0.7627
Epoch 14 | Loss: 0.6051 | Val NDCG: 0.7639 | smoothed: 0.7634
Epoch 15 | Loss: 0.6050 | Val NDCG: 0.7635 | smoothed: 0.7636
Epoch 16 | Loss: 0.6051 | Val NDCG: 0.7658 | smoothed: 0.7644
Epoch 17 | Loss: 0.6045 | Val NDCG: 0.7646 | smoothed: 0.7646
Epoch 18 | Loss: 0.6051 | Val NDCG: 0.7658 | smoothed: 0.7654
Epoch 19 | Loss: 0.6041 | Val NDCG: 0.7660 | smoothed: 0.7655
Epoch 20 | Loss: 0.6044 | Val NDCG: 0.7662 | smoothed: 0.7660
Epoch 21 | Loss: 0.6015 | Val NDCG: 0.7653 | smoothed: 0.7658
Epoch 22 | Loss: 0.6010 | Val NDCG: 0.7668 | smoothed: 0.7661
Epoch 23 | Loss: 0.6028 | Val NDCG: 0.7674 | smoothed: 0.7665
Epoch 24 | Loss: 0.6024 | Val NDCG: 0.7684 | smoothed: 0.7675
Epoch 25 | Loss: 0.6034 | Val NDCG: 0.7674 | smoothed: 0.7678
Epoch 26 | Loss: 0.6021 | Val NDCG: 0.7669 | smoothed: 0.7676
Epoch 27 | Loss: 0.6004 | Val NDCG: 0.7681 | smoothed: 0.7675
Epoch 28 | Loss: 0.6006 | Val NDCG: 0.7672 | smoothed: 0.7674
Epoch 29 | Loss: 0.6002 | Val NDCG: 0.7683 | smoothed: 0.7679
Epoch 30 | Loss: 0.5998 | Val NDCG: 0.7697 | smoothed: 0.7684
Epoch 31 | Loss: 0.6006 | Val NDCG: 0.7685 | smoothed: 0.7688
Epoch 32 | Loss: 0.5986 | Val NDCG: 0.7693 | smoothed: 0.7692
Epoch 33 | Loss: 0.6005 | Val NDCG: 0.7692 | smoothed: 0.7690
Epoch 34 | Loss: 0.5988 | Val NDCG: 0.7699 | smoothed: 0.7694
Epoch 35 | Loss: 0.5986 | Val NDCG: 0.7685 | smoothed: 0.7692
Epoch 36 | Loss: 0.5992 | Val NDCG: 0.7692 | smoothed: 0.7692
Epoch 37 | Loss: 0.5993 | Val NDCG: 0.7686 | smoothed: 0.7688
Epoch 38 | Loss: 0.5988 | Val NDCG: 0.7697 | smoothed: 0.7692
Epoch 39 | Loss: 0.5988 | Val NDCG: 0.7693 | smoothed: 0.7692

Best smoothed NDCG: 0.7694 at epoch 34 of 39 run

1 combinations completed out of 1


--- Grid Search Results ---
 hidden_units  dropout_rate  num_blocks  num_heads     lr  val_ndcg  val_ndcg_raw  best_epoch  epochs_run  max_epochs
           64           0.3           2         16 0.0001  0.769449       0.76989          34          39          40

Best config: {'hidden_units': 64.0, 'dropout_rate': 0.3, 'num_blocks': 2.0, 'num_heads': 16.0, 'lr': 0.0001, 'val_ndcg': 0.7694490743649322, 'val_ndcg_raw': 0.7698901323792482, 'best_epoch': 34.0, 'epochs_run': 39.0, 'max_epochs': 40.0}
0 of 1 configs reached max_epochs
0 of 1 were still improving when stopped
Best params saved to ../Models/sasrec_pwts_best_params.json
