task 161 | loss pwts | node slurmnode-gpu03
Tesla P100-PCIE-16GB, 16384 MiB
Tesla P100-PCIE-16GB, 16384 MiB
Tesla P100-PCIE-16GB, 16384 MiB
Tesla P100-PCIE-16GB, 16384 MiB
Using device: cuda
Loading datasets...
Train sessions: 75875 | Val sessions: 16262

Running grid search over 162 combinations...

SLURM array task 161: 1 config -> ../Models/sasrec_grid_pwts_task161.csv
Trying: {'hidden_units': 256, 'dropout_rate': 0.5, 'num_blocks': 3, 'num_heads': 16, 'lr': 0.0001}
Epoch 1 | Loss: 0.6393 | Val NDCG: 0.7386 | smoothed: 0.7386
Epoch 2 | Loss: 0.6205 | Val NDCG: 0.7472 | smoothed: 0.7429
Epoch 3 | Loss: 0.6155 | Val NDCG: 0.7562 | smoothed: 0.7473
Epoch 4 | Loss: 0.6118 | Val NDCG: 0.7544 | smoothed: 0.7526
Epoch 5 | Loss: 0.6094 | Val NDCG: 0.7595 | smoothed: 0.7567
Epoch 6 | Loss: 0.6060 | Val NDCG: 0.7627 | smoothed: 0.7589
Epoch 7 | Loss: 0.6065 | Val NDCG: 0.7667 | smoothed: 0.7630
Epoch 8 | Loss: 0.6053 | Val NDCG: 0.7657 | smoothed: 0.7650
Epoch 9 | Loss: 0.6039 | Val NDCG: 0.7691 | smoothed: 0.7671
Epoch 10 | Loss: 0.6031 | Val NDCG: 0.7696 | smoothed: 0.7681
Epoch 11 | Loss: 0.6026 | Val NDCG: 0.7677 | smoothed: 0.7688
Epoch 12 | Loss: 0.6025 | Val NDCG: 0.7668 | smoothed: 0.7680
Epoch 13 | Loss: 0.6011 | Val NDCG: 0.7731 | smoothed: 0.7692
Epoch 14 | Loss: 0.6006 | Val NDCG: 0.7716 | smoothed: 0.7705
Epoch 15 | Loss: 0.6011 | Val NDCG: 0.7704 | smoothed: 0.7717
Epoch 16 | Loss: 0.5998 | Val NDCG: 0.7688 | smoothed: 0.7702
Epoch 17 | Loss: 0.5999 | Val NDCG: 0.7702 | smoothed: 0.7698
Epoch 18 | Loss: 0.6007 | Val NDCG: 0.7693 | smoothed: 0.7694
Epoch 19 | Loss: 0.5986 | Val NDCG: 0.7706 | smoothed: 0.7700
Epoch 20 | Loss: 0.5986 | Val NDCG: 0.7716 | smoothed: 0.7705

Best smoothed NDCG: 0.7717 at epoch 15 of 20 run

1 combinations completed out of 1


--- Grid Search Results ---
 hidden_units  dropout_rate  num_blocks  num_heads     lr  val_ndcg  val_ndcg_raw  best_epoch  epochs_run  max_epochs
          256           0.5           3         16 0.0001  0.771687       0.77039          15          20          40

Best config: {'hidden_units': 256.0, 'dropout_rate': 0.5, 'num_blocks': 3.0, 'num_heads': 16.0, 'lr': 0.0001, 'val_ndcg': 0.7716867294739919, 'val_ndcg_raw': 0.7703897195975523, 'best_epoch': 15.0, 'epochs_run': 20.0, 'max_epochs': 40.0}
0 of 1 configs reached max_epochs
0 of 1 were still improving when stopped
Best params saved to ../Models/sasrec_pwts_best_params.json
