task 154 | loss bce | node slurmnode-gpu07
NVIDIA A40, 46068 MiB
NVIDIA A40, 46068 MiB
NVIDIA A40, 46068 MiB
NVIDIA A40, 46068 MiB
Using device: cuda
Loading datasets...
Train sessions: 75875 | Val sessions: 16262

Running grid search over 162 combinations...

SLURM array task 154: 1 config -> ../Models/sasrec_grid_bce_task154.csv
Trying: {'hidden_units': 256, 'dropout_rate': 0.5, 'num_blocks': 2, 'num_heads': 16, 'lr': 0.001}
Epoch 1 | Loss: 0.5926 | Val NDCG: 0.7522 | smoothed: 0.7522
Epoch 2 | Loss: 0.5828 | Val NDCG: 0.7672 | smoothed: 0.7597
Epoch 3 | Loss: 0.5795 | Val NDCG: 0.7683 | smoothed: 0.7626
Epoch 4 | Loss: 0.5782 | Val NDCG: 0.7666 | smoothed: 0.7673
Epoch 5 | Loss: 0.5770 | Val NDCG: 0.7680 | smoothed: 0.7676
Epoch 6 | Loss: 0.5759 | Val NDCG: 0.7689 | smoothed: 0.7678
Epoch 7 | Loss: 0.5757 | Val NDCG: 0.7728 | smoothed: 0.7699
Epoch 8 | Loss: 0.5740 | Val NDCG: 0.7727 | smoothed: 0.7715
Epoch 9 | Loss: 0.5727 | Val NDCG: 0.7768 | smoothed: 0.7741
Epoch 10 | Loss: 0.5741 | Val NDCG: 0.7742 | smoothed: 0.7746
Epoch 11 | Loss: 0.5709 | Val NDCG: 0.7765 | smoothed: 0.7758
Epoch 12 | Loss: 0.5705 | Val NDCG: 0.7753 | smoothed: 0.7753
Epoch 13 | Loss: 0.5706 | Val NDCG: 0.7760 | smoothed: 0.7759
Epoch 14 | Loss: 0.5684 | Val NDCG: 0.7772 | smoothed: 0.7761
Epoch 15 | Loss: 0.5697 | Val NDCG: 0.7776 | smoothed: 0.7769
Epoch 16 | Loss: 0.5692 | Val NDCG: 0.7770 | smoothed: 0.7773
Epoch 17 | Loss: 0.5691 | Val NDCG: 0.7774 | smoothed: 0.7773
Epoch 18 | Loss: 0.5684 | Val NDCG: 0.7761 | smoothed: 0.7768
Epoch 19 | Loss: 0.5678 | Val NDCG: 0.7748 | smoothed: 0.7761
Epoch 20 | Loss: 0.5665 | Val NDCG: 0.7767 | smoothed: 0.7759

Best smoothed NDCG: 0.7773 at epoch 17 of 20 run

1 combinations completed out of 1


--- Grid Search Results ---
 hidden_units  dropout_rate  num_blocks  num_heads    lr  val_ndcg  val_ndcg_raw  best_epoch  epochs_run  max_epochs
          256           0.5           2         16 0.001  0.777329      0.777391          17          20          20

Best config: {'hidden_units': 256.0, 'dropout_rate': 0.5, 'num_blocks': 2.0, 'num_heads': 16.0, 'lr': 0.001, 'val_ndcg': 0.7773291969544696, 'val_ndcg_raw': 0.777390575483267, 'best_epoch': 17.0, 'epochs_run': 20.0, 'max_epochs': 20.0}
1 of 1 configs reached max_epochs
0 of 1 were still improving when stopped
Best params saved to ../Models/sasrec_bce_best_params.json
