task 35 | loss pwts | node slurmnode-gpu03
Tesla P100-PCIE-16GB, 16384 MiB
Tesla P100-PCIE-16GB, 16384 MiB
Tesla P100-PCIE-16GB, 16384 MiB
Tesla P100-PCIE-16GB, 16384 MiB
Using device: cuda
Loading datasets...
Train sessions: 75875 | Val sessions: 16262

Running grid search over 162 combinations...

SLURM array task 35: 1 config -> ../Models/sasrec_grid_pwts_task35.csv
Trying: {'hidden_units': 64, 'dropout_rate': 0.3, 'num_blocks': 3, 'num_heads': 16, 'lr': 0.0001}
Epoch 1 | Loss: 0.6500 | Val NDCG: 0.7285 | smoothed: 0.7285
Epoch 2 | Loss: 0.6285 | Val NDCG: 0.7432 | smoothed: 0.7358
Epoch 3 | Loss: 0.6217 | Val NDCG: 0.7492 | smoothed: 0.7403
Epoch 4 | Loss: 0.6172 | Val NDCG: 0.7550 | smoothed: 0.7492
Epoch 5 | Loss: 0.6137 | Val NDCG: 0.7559 | smoothed: 0.7534
Epoch 6 | Loss: 0.6124 | Val NDCG: 0.7599 | smoothed: 0.7570
Epoch 7 | Loss: 0.6095 | Val NDCG: 0.7613 | smoothed: 0.7590
Epoch 8 | Loss: 0.6083 | Val NDCG: 0.7610 | smoothed: 0.7607
Epoch 9 | Loss: 0.6083 | Val NDCG: 0.7609 | smoothed: 0.7611
Epoch 10 | Loss: 0.6065 | Val NDCG: 0.7623 | smoothed: 0.7614
Epoch 11 | Loss: 0.6053 | Val NDCG: 0.7629 | smoothed: 0.7620
Epoch 12 | Loss: 0.6057 | Val NDCG: 0.7619 | smoothed: 0.7624
Epoch 13 | Loss: 0.6047 | Val NDCG: 0.7633 | smoothed: 0.7627
Epoch 14 | Loss: 0.6029 | Val NDCG: 0.7638 | smoothed: 0.7630
Epoch 15 | Loss: 0.6034 | Val NDCG: 0.7634 | smoothed: 0.7635
Epoch 16 | Loss: 0.6030 | Val NDCG: 0.7631 | smoothed: 0.7634
Epoch 17 | Loss: 0.6038 | Val NDCG: 0.7641 | smoothed: 0.7635
Epoch 18 | Loss: 0.6031 | Val NDCG: 0.7646 | smoothed: 0.7639
Epoch 19 | Loss: 0.6013 | Val NDCG: 0.7647 | smoothed: 0.7645
Epoch 20 | Loss: 0.6014 | Val NDCG: 0.7651 | smoothed: 0.7648
Epoch 21 | Loss: 0.6008 | Val NDCG: 0.7644 | smoothed: 0.7647
Epoch 22 | Loss: 0.6003 | Val NDCG: 0.7654 | smoothed: 0.7650
Epoch 23 | Loss: 0.6006 | Val NDCG: 0.7643 | smoothed: 0.7647
Epoch 24 | Loss: 0.6003 | Val NDCG: 0.7644 | smoothed: 0.7647
Epoch 25 | Loss: 0.5998 | Val NDCG: 0.7643 | smoothed: 0.7643
Epoch 26 | Loss: 0.5998 | Val NDCG: 0.7640 | smoothed: 0.7643
Epoch 27 | Loss: 0.5995 | Val NDCG: 0.7663 | smoothed: 0.7649

Best smoothed NDCG: 0.7650 at epoch 22 of 27 run

1 combinations completed out of 1


--- Grid Search Results ---
 hidden_units  dropout_rate  num_blocks  num_heads     lr  val_ndcg  val_ndcg_raw  best_epoch  epochs_run  max_epochs
           64           0.3           3         16 0.0001  0.764979      0.765433          22          27          40

Best config: {'hidden_units': 64.0, 'dropout_rate': 0.3, 'num_blocks': 3.0, 'num_heads': 16.0, 'lr': 0.0001, 'val_ndcg': 0.7649791105657183, 'val_ndcg_raw': 0.7654329727351343, 'best_epoch': 22.0, 'epochs_run': 27.0, 'max_epochs': 40.0}
0 of 1 configs reached max_epochs
0 of 1 were still improving when stopped
Best params saved to ../Models/sasrec_pwts_best_params.json
