task 39 | loss bce | node slurmnode-gpu02
NVIDIA GeForce GTX 1080 Ti, 11264 MiB
NVIDIA GeForce GTX 1080 Ti, 11264 MiB
NVIDIA GeForce GTX 1080 Ti, 11264 MiB
NVIDIA GeForce GTX 1080 Ti, 11264 MiB
NVIDIA GeForce GTX 1080 Ti, 11264 MiB
NVIDIA GeForce GTX 1080 Ti, 11264 MiB
NVIDIA GeForce GTX 1080 Ti, 11264 MiB
NVIDIA GeForce GTX 1080 Ti, 11264 MiB
Using device: cuda
Loading datasets...
Train sessions: 75875 | Val sessions: 16262

Running grid search over 162 combinations...

SLURM array task 39: 1 config -> ../Models/sasrec_grid_bce_task39.csv
Trying: {'hidden_units': 64, 'dropout_rate': 0.5, 'num_blocks': 1, 'num_heads': 8, 'lr': 0.0001}
Epoch 1 | Loss: 0.6305 | Val NDCG: 0.7127 | smoothed: 0.7127
Epoch 2 | Loss: 0.6100 | Val NDCG: 0.7203 | smoothed: 0.7165
Epoch 3 | Loss: 0.6045 | Val NDCG: 0.7331 | smoothed: 0.7221
Epoch 4 | Loss: 0.6001 | Val NDCG: 0.7419 | smoothed: 0.7318
Epoch 5 | Loss: 0.5972 | Val NDCG: 0.7488 | smoothed: 0.7413
Epoch 6 | Loss: 0.5948 | Val NDCG: 0.7531 | smoothed: 0.7480
Epoch 7 | Loss: 0.5925 | Val NDCG: 0.7538 | smoothed: 0.7519
Epoch 8 | Loss: 0.5909 | Val NDCG: 0.7562 | smoothed: 0.7544
Epoch 9 | Loss: 0.5909 | Val NDCG: 0.7569 | smoothed: 0.7556
Epoch 10 | Loss: 0.5881 | Val NDCG: 0.7589 | smoothed: 0.7573
Epoch 11 | Loss: 0.5876 | Val NDCG: 0.7582 | smoothed: 0.7580
Epoch 12 | Loss: 0.5868 | Val NDCG: 0.7600 | smoothed: 0.7590
Epoch 13 | Loss: 0.5858 | Val NDCG: 0.7606 | smoothed: 0.7596
Epoch 14 | Loss: 0.5854 | Val NDCG: 0.7621 | smoothed: 0.7609
Epoch 15 | Loss: 0.5854 | Val NDCG: 0.7625 | smoothed: 0.7618
Epoch 16 | Loss: 0.5839 | Val NDCG: 0.7624 | smoothed: 0.7624
Epoch 17 | Loss: 0.5844 | Val NDCG: 0.7638 | smoothed: 0.7629
Epoch 18 | Loss: 0.5833 | Val NDCG: 0.7656 | smoothed: 0.7639
Epoch 19 | Loss: 0.5828 | Val NDCG: 0.7650 | smoothed: 0.7648
Epoch 20 | Loss: 0.5829 | Val NDCG: 0.7668 | smoothed: 0.7658
Epoch 21 | Loss: 0.5814 | Val NDCG: 0.7667 | smoothed: 0.7662
Epoch 22 | Loss: 0.5824 | Val NDCG: 0.7673 | smoothed: 0.7669
Epoch 23 | Loss: 0.5820 | Val NDCG: 0.7680 | smoothed: 0.7673
Epoch 24 | Loss: 0.5818 | Val NDCG: 0.7678 | smoothed: 0.7677
Epoch 25 | Loss: 0.5815 | Val NDCG: 0.7688 | smoothed: 0.7682
Epoch 26 | Loss: 0.5811 | Val NDCG: 0.7687 | smoothed: 0.7684
Epoch 27 | Loss: 0.5800 | Val NDCG: 0.7690 | smoothed: 0.7689
Epoch 28 | Loss: 0.5811 | Val NDCG: 0.7693 | smoothed: 0.7690
Epoch 29 | Loss: 0.5808 | Val NDCG: 0.7698 | smoothed: 0.7694
Epoch 30 | Loss: 0.5801 | Val NDCG: 0.7699 | smoothed: 0.7697
Epoch 31 | Loss: 0.5808 | Val NDCG: 0.7705 | smoothed: 0.7701
Epoch 32 | Loss: 0.5789 | Val NDCG: 0.7709 | smoothed: 0.7704
Epoch 33 | Loss: 0.5798 | Val NDCG: 0.7701 | smoothed: 0.7705
Epoch 34 | Loss: 0.5807 | Val NDCG: 0.7715 | smoothed: 0.7708
Epoch 35 | Loss: 0.5796 | Val NDCG: 0.7706 | smoothed: 0.7707
Epoch 36 | Loss: 0.5794 | Val NDCG: 0.7704 | smoothed: 0.7708
Epoch 37 | Loss: 0.5792 | Val NDCG: 0.7701 | smoothed: 0.7704
Epoch 38 | Loss: 0.5791 | Val NDCG: 0.7709 | smoothed: 0.7705
Epoch 39 | Loss: 0.5790 | Val NDCG: 0.7709 | smoothed: 0.7707
Epoch 40 | Loss: 0.5775 | Val NDCG: 0.7707 | smoothed: 0.7708

Best smoothed NDCG: 0.7708 at epoch 40 of 40 run

1 combinations completed out of 1


--- Grid Search Results ---
 hidden_units  dropout_rate  num_blocks  num_heads     lr  val_ndcg  val_ndcg_raw  best_epoch  epochs_run  max_epochs
           64           0.5           1          8 0.0001  0.770828       0.77065          40          40          40

Best config: {'hidden_units': 64.0, 'dropout_rate': 0.5, 'num_blocks': 1.0, 'num_heads': 8.0, 'lr': 0.0001, 'val_ndcg': 0.7708282616186728, 'val_ndcg_raw': 0.7706504256048784, 'best_epoch': 40.0, 'epochs_run': 40.0, 'max_epochs': 40.0}
1 of 1 configs reached max_epochs
1 of 1 were still improving when stopped
Best params saved to ../Models/sasrec_bce_best_params.json
