task 356 | loss drrl | node slurmnode-gpu03
Tesla P100-PCIE-16GB, 16384 MiB
Tesla P100-PCIE-16GB, 16384 MiB
Tesla P100-PCIE-16GB, 16384 MiB
Tesla P100-PCIE-16GB, 16384 MiB
Using device: cuda
Loading datasets...
Train sessions: 75875 | Val sessions: 16262

Running grid search over 486 combinations...

SLURM array task 356: 1 config -> ../Models/sasrec_grid_drrl_task356.csv
Trying: {'hidden_units': 256, 'dropout_rate': 0.1, 'num_blocks': 2, 'num_heads': 16, 'lr': 0.001, 'gamma': 4}
Epoch 1 | Loss: -0.1643 | Val NDCG: 0.7226 | smoothed: 0.7226
Epoch 2 | Loss: -0.2213 | Val NDCG: 0.7295 | smoothed: 0.7260
Epoch 3 | Loss: -0.2254 | Val NDCG: 0.7497 | smoothed: 0.7339
Epoch 4 | Loss: -0.2263 | Val NDCG: 0.7257 | smoothed: 0.7349
Epoch 5 | Loss: -0.2279 | Val NDCG: 0.7425 | smoothed: 0.7393
Epoch 6 | Loss: -0.2281 | Val NDCG: 0.7479 | smoothed: 0.7387
Epoch 7 | Loss: -0.2287 | Val NDCG: 0.7617 | smoothed: 0.7507
Epoch 8 | Loss: -0.2289 | Val NDCG: 0.7633 | smoothed: 0.7576
Epoch 9 | Loss: -0.2282 | Val NDCG: 0.7669 | smoothed: 0.7640
Epoch 10 | Loss: -0.2291 | Val NDCG: 0.7569 | smoothed: 0.7623
Epoch 11 | Loss: -0.2288 | Val NDCG: 0.7683 | smoothed: 0.7640
Epoch 12 | Loss: -0.2286 | Val NDCG: 0.7672 | smoothed: 0.7641
Epoch 13 | Loss: -0.2273 | Val NDCG: 0.7617 | smoothed: 0.7657
Epoch 14 | Loss: -0.2291 | Val NDCG: 0.7691 | smoothed: 0.7660
Epoch 15 | Loss: -0.2294 | Val NDCG: 0.7657 | smoothed: 0.7655
Epoch 16 | Loss: -0.2293 | Val NDCG: 0.7668 | smoothed: 0.7672
Epoch 17 | Loss: -0.2293 | Val NDCG: 0.7599 | smoothed: 0.7641
Epoch 18 | Loss: -0.2293 | Val NDCG: 0.7682 | smoothed: 0.7650
Epoch 19 | Loss: -0.2293 | Val NDCG: 0.7673 | smoothed: 0.7651
Epoch 20 | Loss: -0.2296 | Val NDCG: 0.7737 | smoothed: 0.7697

Best smoothed NDCG: 0.7697 at epoch 20 of 20 run

1 combinations completed out of 1


--- Grid Search Results ---
 hidden_units  dropout_rate  num_blocks  num_heads    lr  gamma  val_ndcg  val_ndcg_raw  best_epoch  epochs_run  max_epochs
          256           0.1           2         16 0.001      4  0.769731      0.773655          20          20          20

Best config: {'hidden_units': 256.0, 'dropout_rate': 0.1, 'num_blocks': 2.0, 'num_heads': 16.0, 'lr': 0.001, 'gamma': 4.0, 'val_ndcg': 0.7697310448020472, 'val_ndcg_raw': 0.7736547771127426, 'best_epoch': 20.0, 'epochs_run': 20.0, 'max_epochs': 20.0}
1 of 1 configs reached max_epochs
1 of 1 were still improving when stopped
Best params saved to ../Models/sasrec_drrl_best_params.json
