task 62 | loss pwts | node slurmnode-gpu05
Tesla P100-PCIE-16GB, 16384 MiB
Tesla P100-PCIE-16GB, 16384 MiB
Tesla P100-PCIE-16GB, 16384 MiB
Tesla P100-PCIE-16GB, 16384 MiB
Using device: cuda
Loading datasets...
Train sessions: 75875 | Val sessions: 16262

Running grid search over 162 combinations...

SLURM array task 62: 1 config -> ../Models/sasrec_grid_pwts_task62.csv
Trying: {'hidden_units': 128, 'dropout_rate': 0.1, 'num_blocks': 2, 'num_heads': 8, 'lr': 0.001}
Epoch 1 | Loss: 0.6143 | Val NDCG: 0.7622 | smoothed: 0.7622
Epoch 2 | Loss: 0.6040 | Val NDCG: 0.7624 | smoothed: 0.7623
Epoch 3 | Loss: 0.6007 | Val NDCG: 0.7695 | smoothed: 0.7647
Epoch 4 | Loss: 0.6004 | Val NDCG: 0.7708 | smoothed: 0.7676
Epoch 5 | Loss: 0.5988 | Val NDCG: 0.7708 | smoothed: 0.7703
Epoch 6 | Loss: 0.5973 | Val NDCG: 0.7730 | smoothed: 0.7715
Epoch 7 | Loss: 0.5953 | Val NDCG: 0.7718 | smoothed: 0.7719
Epoch 8 | Loss: 0.5949 | Val NDCG: 0.7738 | smoothed: 0.7729
Epoch 9 | Loss: 0.5935 | Val NDCG: 0.7754 | smoothed: 0.7737
Epoch 10 | Loss: 0.5926 | Val NDCG: 0.7783 | smoothed: 0.7758
Epoch 11 | Loss: 0.5923 | Val NDCG: 0.7745 | smoothed: 0.7761
Epoch 12 | Loss: 0.5923 | Val NDCG: 0.7762 | smoothed: 0.7763
Epoch 13 | Loss: 0.5907 | Val NDCG: 0.7793 | smoothed: 0.7767
Epoch 14 | Loss: 0.5905 | Val NDCG: 0.7780 | smoothed: 0.7778
Epoch 15 | Loss: 0.5903 | Val NDCG: 0.7783 | smoothed: 0.7785
Epoch 16 | Loss: 0.5893 | Val NDCG: 0.7769 | smoothed: 0.7777
Epoch 17 | Loss: 0.5885 | Val NDCG: 0.7777 | smoothed: 0.7776
Epoch 18 | Loss: 0.5893 | Val NDCG: 0.7766 | smoothed: 0.7771
Epoch 19 | Loss: 0.5881 | Val NDCG: 0.7817 | smoothed: 0.7787
Epoch 20 | Loss: 0.5874 | Val NDCG: 0.7813 | smoothed: 0.7799

Best smoothed NDCG: 0.7799 at epoch 20 of 20 run

1 combinations completed out of 1


--- Grid Search Results ---
 hidden_units  dropout_rate  num_blocks  num_heads    lr  val_ndcg  val_ndcg_raw  best_epoch  epochs_run  max_epochs
          128           0.1           2          8 0.001  0.779894      0.781304          20          20          20

Best config: {'hidden_units': 128.0, 'dropout_rate': 0.1, 'num_blocks': 2.0, 'num_heads': 8.0, 'lr': 0.001, 'val_ndcg': 0.7798937789821476, 'val_ndcg_raw': 0.7813038224548183, 'best_epoch': 20.0, 'epochs_run': 20.0, 'max_epochs': 20.0}
1 of 1 configs reached max_epochs
1 of 1 were still improving when stopped
Best params saved to ../Models/sasrec_pwts_best_params.json
