task 67 | loss pwts | node slurmnode-gpu05
Tesla P100-PCIE-16GB, 16384 MiB
Tesla P100-PCIE-16GB, 16384 MiB
Tesla P100-PCIE-16GB, 16384 MiB
Tesla P100-PCIE-16GB, 16384 MiB
Using device: cuda
Loading datasets...
Train sessions: 75875 | Val sessions: 16262

Running grid search over 162 combinations...

SLURM array task 67: 1 config -> ../Models/sasrec_grid_pwts_task67.csv
Trying: {'hidden_units': 128, 'dropout_rate': 0.1, 'num_blocks': 3, 'num_heads': 4, 'lr': 0.0001}
Epoch 1 | Loss: 0.6263 | Val NDCG: 0.7563 | smoothed: 0.7563
Epoch 2 | Loss: 0.6103 | Val NDCG: 0.7602 | smoothed: 0.7582
Epoch 3 | Loss: 0.6050 | Val NDCG: 0.7631 | smoothed: 0.7599
Epoch 4 | Loss: 0.6036 | Val NDCG: 0.7670 | smoothed: 0.7634
Epoch 5 | Loss: 0.6021 | Val NDCG: 0.7654 | smoothed: 0.7651
Epoch 6 | Loss: 0.6004 | Val NDCG: 0.7655 | smoothed: 0.7659
Epoch 7 | Loss: 0.5992 | Val NDCG: 0.7695 | smoothed: 0.7668
Epoch 8 | Loss: 0.5991 | Val NDCG: 0.7691 | smoothed: 0.7681
Epoch 9 | Loss: 0.5979 | Val NDCG: 0.7687 | smoothed: 0.7691
Epoch 10 | Loss: 0.5981 | Val NDCG: 0.7714 | smoothed: 0.7698
Epoch 11 | Loss: 0.5969 | Val NDCG: 0.7704 | smoothed: 0.7702
Epoch 12 | Loss: 0.5963 | Val NDCG: 0.7681 | smoothed: 0.7700
Epoch 13 | Loss: 0.5950 | Val NDCG: 0.7706 | smoothed: 0.7697
Epoch 14 | Loss: 0.5961 | Val NDCG: 0.7701 | smoothed: 0.7696
Epoch 15 | Loss: 0.5954 | Val NDCG: 0.7726 | smoothed: 0.7711
Epoch 16 | Loss: 0.5936 | Val NDCG: 0.7731 | smoothed: 0.7720
Epoch 17 | Loss: 0.5929 | Val NDCG: 0.7699 | smoothed: 0.7719
Epoch 18 | Loss: 0.5943 | Val NDCG: 0.7737 | smoothed: 0.7722
Epoch 19 | Loss: 0.5922 | Val NDCG: 0.7756 | smoothed: 0.7731
Epoch 20 | Loss: 0.5932 | Val NDCG: 0.7764 | smoothed: 0.7752
Epoch 21 | Loss: 0.5921 | Val NDCG: 0.7739 | smoothed: 0.7753
Epoch 22 | Loss: 0.5925 | Val NDCG: 0.7750 | smoothed: 0.7751
Epoch 23 | Loss: 0.5934 | Val NDCG: 0.7737 | smoothed: 0.7742
Epoch 24 | Loss: 0.5931 | Val NDCG: 0.7737 | smoothed: 0.7742
Epoch 25 | Loss: 0.5918 | Val NDCG: 0.7767 | smoothed: 0.7747
Epoch 26 | Loss: 0.5920 | Val NDCG: 0.7755 | smoothed: 0.7753
Epoch 27 | Loss: 0.5907 | Val NDCG: 0.7766 | smoothed: 0.7762
Epoch 28 | Loss: 0.5887 | Val NDCG: 0.7737 | smoothed: 0.7752
Epoch 29 | Loss: 0.5918 | Val NDCG: 0.7753 | smoothed: 0.7752
Epoch 30 | Loss: 0.5903 | Val NDCG: 0.7750 | smoothed: 0.7746
Epoch 31 | Loss: 0.5905 | Val NDCG: 0.7762 | smoothed: 0.7755
Epoch 32 | Loss: 0.5901 | Val NDCG: 0.7772 | smoothed: 0.7761

Best smoothed NDCG: 0.7762 at epoch 27 of 32 run

1 combinations completed out of 1


--- Grid Search Results ---
 hidden_units  dropout_rate  num_blocks  num_heads     lr  val_ndcg  val_ndcg_raw  best_epoch  epochs_run  max_epochs
          128           0.1           3          4 0.0001  0.776248      0.776586          27          32          40

Best config: {'hidden_units': 128.0, 'dropout_rate': 0.1, 'num_blocks': 3.0, 'num_heads': 4.0, 'lr': 0.0001, 'val_ndcg': 0.7762478378361082, 'val_ndcg_raw': 0.7765861668028888, 'best_epoch': 27.0, 'epochs_run': 32.0, 'max_epochs': 40.0}
0 of 1 configs reached max_epochs
0 of 1 were still improving when stopped
Best params saved to ../Models/sasrec_pwts_best_params.json
