task 438 | loss drrl | node slurmnode-gpu03
Tesla P100-PCIE-16GB, 16384 MiB
Tesla P100-PCIE-16GB, 16384 MiB
Tesla P100-PCIE-16GB, 16384 MiB
Tesla P100-PCIE-16GB, 16384 MiB
Using device: cuda
Loading datasets...
Train sessions: 75875 | Val sessions: 16262

Running grid search over 486 combinations...

SLURM array task 438: 1 config -> ../Models/sasrec_grid_drrl_task438.csv
Trying: {'hidden_units': 256, 'dropout_rate': 0.5, 'num_blocks': 1, 'num_heads': 8, 'lr': 0.001, 'gamma': 2}
Epoch 1 | Loss: -0.1450 | Val NDCG: 0.7177 | smoothed: 0.7177
Epoch 2 | Loss: -0.2140 | Val NDCG: 0.7239 | smoothed: 0.7208
Epoch 3 | Loss: -0.2199 | Val NDCG: 0.6862 | smoothed: 0.7093
Epoch 4 | Loss: -0.2224 | Val NDCG: 0.7178 | smoothed: 0.7093
Epoch 5 | Loss: -0.2229 | Val NDCG: 0.6993 | smoothed: 0.7011
Epoch 6 | Loss: -0.2240 | Val NDCG: 0.6947 | smoothed: 0.7039
Epoch 7 | Loss: -0.2245 | Val NDCG: 0.7494 | smoothed: 0.7145

Best smoothed NDCG: 0.7208 at epoch 2 of 7 run

1 combinations completed out of 1


--- Grid Search Results ---
 hidden_units  dropout_rate  num_blocks  num_heads    lr  gamma  val_ndcg  val_ndcg_raw  best_epoch  epochs_run  max_epochs
          256           0.5           1          8 0.001      2    0.7208      0.723919           2           7          20

Best config: {'hidden_units': 256.0, 'dropout_rate': 0.5, 'num_blocks': 1.0, 'num_heads': 8.0, 'lr': 0.001, 'gamma': 2.0, 'val_ndcg': 0.7207998207752663, 'val_ndcg_raw': 0.7239188836341921, 'best_epoch': 2.0, 'epochs_run': 7.0, 'max_epochs': 20.0}
0 of 1 configs reached max_epochs
0 of 1 were still improving when stopped
Best params saved to ../Models/sasrec_drrl_best_params.json
