task 195 | loss drrl | node slurmnode-gpu05
Tesla P100-PCIE-16GB, 16384 MiB
Tesla P100-PCIE-16GB, 16384 MiB
Tesla P100-PCIE-16GB, 16384 MiB
Tesla P100-PCIE-16GB, 16384 MiB
Using device: cuda
Loading datasets...
Train sessions: 75875 | Val sessions: 16262

Running grid search over 486 combinations...

SLURM array task 195: 1 config -> ../Models/sasrec_grid_drrl_task195.csv
Trying: {'hidden_units': 128, 'dropout_rate': 0.1, 'num_blocks': 2, 'num_heads': 16, 'lr': 0.0001, 'gamma': 2}
Epoch 1 | Loss: -0.0271 | Val NDCG: 0.7320 | smoothed: 0.7320
Epoch 2 | Loss: -0.2017 | Val NDCG: 0.7346 | smoothed: 0.7333
Epoch 3 | Loss: -0.2177 | Val NDCG: 0.7325 | smoothed: 0.7330
Epoch 4 | Loss: -0.2234 | Val NDCG: 0.7335 | smoothed: 0.7335
Epoch 5 | Loss: -0.2258 | Val NDCG: 0.7433 | smoothed: 0.7364
Epoch 6 | Loss: -0.2272 | Val NDCG: 0.7430 | smoothed: 0.7399
Epoch 7 | Loss: -0.2279 | Val NDCG: 0.7418 | smoothed: 0.7427
Epoch 8 | Loss: -0.2283 | Val NDCG: 0.7437 | smoothed: 0.7428
Epoch 9 | Loss: -0.2289 | Val NDCG: 0.7375 | smoothed: 0.7410
Epoch 10 | Loss: -0.2288 | Val NDCG: 0.7413 | smoothed: 0.7408
Epoch 11 | Loss: -0.2289 | Val NDCG: 0.7307 | smoothed: 0.7365
Epoch 12 | Loss: -0.2289 | Val NDCG: 0.7505 | smoothed: 0.7408
Epoch 13 | Loss: -0.2291 | Val NDCG: 0.7447 | smoothed: 0.7420

Best smoothed NDCG: 0.7428 at epoch 8 of 13 run

1 combinations completed out of 1


--- Grid Search Results ---
 hidden_units  dropout_rate  num_blocks  num_heads     lr  gamma  val_ndcg  val_ndcg_raw  best_epoch  epochs_run  max_epochs
          128           0.1           2         16 0.0001      2  0.742813      0.743653           8          13          40

Best config: {'hidden_units': 128.0, 'dropout_rate': 0.1, 'num_blocks': 2.0, 'num_heads': 16.0, 'lr': 0.0001, 'gamma': 2.0, 'val_ndcg': 0.7428131510863101, 'val_ndcg_raw': 0.7436534782113758, 'best_epoch': 8.0, 'epochs_run': 13.0, 'max_epochs': 40.0}
0 of 1 configs reached max_epochs
0 of 1 were still improving when stopped
Best params saved to ../Models/sasrec_drrl_best_params.json
