task 430 | loss drrl | node slurmnode-gpu07
NVIDIA A40, 46068 MiB
NVIDIA A40, 46068 MiB
NVIDIA A40, 46068 MiB
NVIDIA A40, 46068 MiB
Using device: cuda
Loading datasets...
Train sessions: 75875 | Val sessions: 16262

Running grid search over 486 combinations...

SLURM array task 430: 1 config -> ../Models/sasrec_grid_drrl_task430.csv
Trying: {'hidden_units': 256, 'dropout_rate': 0.3, 'num_blocks': 3, 'num_heads': 16, 'lr': 0.0001, 'gamma': 3}
Epoch 1 | Loss: -0.1145 | Val NDCG: 0.7324 | smoothed: 0.7324
Epoch 2 | Loss: -0.2160 | Val NDCG: 0.7308 | smoothed: 0.7316
Epoch 3 | Loss: -0.2224 | Val NDCG: 0.7279 | smoothed: 0.7304
Epoch 4 | Loss: -0.2254 | Val NDCG: 0.7442 | smoothed: 0.7343
Epoch 5 | Loss: -0.2261 | Val NDCG: 0.7305 | smoothed: 0.7342
Epoch 6 | Loss: -0.2270 | Val NDCG: 0.7378 | smoothed: 0.7375
Epoch 7 | Loss: -0.2273 | Val NDCG: 0.7353 | smoothed: 0.7345
Epoch 8 | Loss: -0.2278 | Val NDCG: 0.7452 | smoothed: 0.7394
Epoch 9 | Loss: -0.2285 | Val NDCG: 0.7579 | smoothed: 0.7461
Epoch 10 | Loss: -0.2284 | Val NDCG: 0.7588 | smoothed: 0.7540
Epoch 11 | Loss: -0.2289 | Val NDCG: 0.7500 | smoothed: 0.7556
Epoch 12 | Loss: -0.2288 | Val NDCG: 0.7489 | smoothed: 0.7526
Epoch 13 | Loss: -0.2291 | Val NDCG: 0.7655 | smoothed: 0.7548
Epoch 14 | Loss: -0.2292 | Val NDCG: 0.7505 | smoothed: 0.7550
Epoch 15 | Loss: -0.2297 | Val NDCG: 0.7782 | smoothed: 0.7647
Epoch 16 | Loss: -0.2293 | Val NDCG: 0.7525 | smoothed: 0.7604
Epoch 17 | Loss: -0.2298 | Val NDCG: 0.7414 | smoothed: 0.7574
Epoch 18 | Loss: -0.2297 | Val NDCG: 0.7485 | smoothed: 0.7474
Epoch 19 | Loss: -0.2296 | Val NDCG: 0.7448 | smoothed: 0.7449
Epoch 20 | Loss: -0.2297 | Val NDCG: 0.7536 | smoothed: 0.7489

Best smoothed NDCG: 0.7647 at epoch 15 of 20 run

1 combinations completed out of 1


--- Grid Search Results ---
 hidden_units  dropout_rate  num_blocks  num_heads     lr  gamma  val_ndcg  val_ndcg_raw  best_epoch  epochs_run  max_epochs
          256           0.3           3         16 0.0001      3  0.764745      0.778214          15          20          40

Best config: {'hidden_units': 256.0, 'dropout_rate': 0.3, 'num_blocks': 3.0, 'num_heads': 16.0, 'lr': 0.0001, 'gamma': 3.0, 'val_ndcg': 0.7647446839567597, 'val_ndcg_raw': 0.7782138998485341, 'best_epoch': 15.0, 'epochs_run': 20.0, 'max_epochs': 40.0}
0 of 1 configs reached max_epochs
0 of 1 were still improving when stopped
Best params saved to ../Models/sasrec_drrl_best_params.json
