task 32 | loss drrl | node slurmnode-gpu02
NVIDIA GeForce GTX 1080 Ti, 11264 MiB
NVIDIA GeForce GTX 1080 Ti, 11264 MiB
NVIDIA GeForce GTX 1080 Ti, 11264 MiB
NVIDIA GeForce GTX 1080 Ti, 11264 MiB
NVIDIA GeForce GTX 1080 Ti, 11264 MiB
NVIDIA GeForce GTX 1080 Ti, 11264 MiB
NVIDIA GeForce GTX 1080 Ti, 11264 MiB
NVIDIA GeForce GTX 1080 Ti, 11264 MiB
Using device: cuda
Loading datasets...
Train sessions: 75875 | Val sessions: 16262

Running grid search over 486 combinations...

SLURM array task 32: 1 config -> ../Models/sasrec_grid_drrl_task32.csv
Trying: {'hidden_units': 64, 'dropout_rate': 0.1, 'num_blocks': 2, 'num_heads': 16, 'lr': 0.001, 'gamma': 4}
Epoch 1 | Loss: -0.1976 | Val NDCG: 0.7330 | smoothed: 0.7330
Epoch 2 | Loss: -0.2242 | Val NDCG: 0.7433 | smoothed: 0.7382
Epoch 3 | Loss: -0.2259 | Val NDCG: 0.7436 | smoothed: 0.7400
Epoch 4 | Loss: -0.2277 | Val NDCG: 0.7394 | smoothed: 0.7421
Epoch 5 | Loss: -0.2277 | Val NDCG: 0.7365 | smoothed: 0.7399
Epoch 6 | Loss: -0.2285 | Val NDCG: 0.7545 | smoothed: 0.7435
Epoch 7 | Loss: -0.2290 | Val NDCG: 0.7678 | smoothed: 0.7530
Epoch 8 | Loss: -0.2295 | Val NDCG: 0.7621 | smoothed: 0.7615
Epoch 9 | Loss: -0.2291 | Val NDCG: 0.7396 | smoothed: 0.7565
Epoch 10 | Loss: -0.2295 | Val NDCG: 0.7581 | smoothed: 0.7533
Epoch 11 | Loss: -0.2299 | Val NDCG: 0.7476 | smoothed: 0.7485
Epoch 12 | Loss: -0.2301 | Val NDCG: 0.7635 | smoothed: 0.7564
Epoch 13 | Loss: -0.2300 | Val NDCG: 0.7525 | smoothed: 0.7545

Best smoothed NDCG: 0.7615 at epoch 8 of 13 run

1 combinations completed out of 1


--- Grid Search Results ---
 hidden_units  dropout_rate  num_blocks  num_heads    lr  gamma  val_ndcg  val_ndcg_raw  best_epoch  epochs_run  max_epochs
           64           0.1           2         16 0.001      4  0.761499       0.76213           8          13          20

Best config: {'hidden_units': 64.0, 'dropout_rate': 0.1, 'num_blocks': 2.0, 'num_heads': 16.0, 'lr': 0.001, 'gamma': 4.0, 'val_ndcg': 0.7614993028154596, 'val_ndcg_raw': 0.7621296634436042, 'best_epoch': 8.0, 'epochs_run': 13.0, 'max_epochs': 20.0}
0 of 1 configs reached max_epochs
0 of 1 were still improving when stopped
Best params saved to ../Models/sasrec_drrl_best_params.json
