task 237 | loss drrl | node slurmnode-gpu03
Tesla P100-PCIE-16GB, 16384 MiB
Tesla P100-PCIE-16GB, 16384 MiB
Tesla P100-PCIE-16GB, 16384 MiB
Tesla P100-PCIE-16GB, 16384 MiB
Using device: cuda
Loading datasets...
Train sessions: 75875 | Val sessions: 16262

Running grid search over 486 combinations...

SLURM array task 237: 1 config -> ../Models/sasrec_grid_drrl_task237.csv
Trying: {'hidden_units': 128, 'dropout_rate': 0.3, 'num_blocks': 2, 'num_heads': 4, 'lr': 0.0001, 'gamma': 2}
Epoch 1 | Loss: 0.1099 | Val NDCG: 0.7168 | smoothed: 0.7168
Epoch 2 | Loss: -0.1907 | Val NDCG: 0.7183 | smoothed: 0.7176
Epoch 3 | Loss: -0.2148 | Val NDCG: 0.7184 | smoothed: 0.7178
Epoch 4 | Loss: -0.2228 | Val NDCG: 0.7151 | smoothed: 0.7173
Epoch 5 | Loss: -0.2261 | Val NDCG: 0.7176 | smoothed: 0.7170
Epoch 6 | Loss: -0.2276 | Val NDCG: 0.7236 | smoothed: 0.7188
Epoch 7 | Loss: -0.2285 | Val NDCG: 0.7229 | smoothed: 0.7214
Epoch 8 | Loss: -0.2292 | Val NDCG: 0.7279 | smoothed: 0.7248
Epoch 9 | Loss: -0.2294 | Val NDCG: 0.7246 | smoothed: 0.7251
Epoch 10 | Loss: -0.2295 | Val NDCG: 0.7101 | smoothed: 0.7209
Epoch 11 | Loss: -0.2300 | Val NDCG: 0.7074 | smoothed: 0.7140
Epoch 12 | Loss: -0.2298 | Val NDCG: 0.7328 | smoothed: 0.7168
Epoch 13 | Loss: -0.2302 | Val NDCG: 0.7309 | smoothed: 0.7237
Epoch 14 | Loss: -0.2297 | Val NDCG: 0.7372 | smoothed: 0.7337
Epoch 15 | Loss: -0.2301 | Val NDCG: 0.7050 | smoothed: 0.7244
Epoch 16 | Loss: -0.2302 | Val NDCG: 0.6949 | smoothed: 0.7124
Epoch 17 | Loss: -0.2301 | Val NDCG: 0.7189 | smoothed: 0.7063
Epoch 18 | Loss: -0.2303 | Val NDCG: 0.7464 | smoothed: 0.7201
Epoch 19 | Loss: -0.2300 | Val NDCG: 0.7353 | smoothed: 0.7335

Best smoothed NDCG: 0.7337 at epoch 14 of 19 run

1 combinations completed out of 1


--- Grid Search Results ---
 hidden_units  dropout_rate  num_blocks  num_heads     lr  gamma  val_ndcg  val_ndcg_raw  best_epoch  epochs_run  max_epochs
          128           0.3           2          4 0.0001      2   0.73365      0.737233          14          19          40

Best config: {'hidden_units': 128.0, 'dropout_rate': 0.3, 'num_blocks': 2.0, 'num_heads': 4.0, 'lr': 0.0001, 'gamma': 2.0, 'val_ndcg': 0.733650469700834, 'val_ndcg_raw': 0.737233463979271, 'best_epoch': 14.0, 'epochs_run': 19.0, 'max_epochs': 40.0}
0 of 1 configs reached max_epochs
0 of 1 were still improving when stopped
Best params saved to ../Models/sasrec_drrl_best_params.json
