task 87 | loss pwts | node slurmnode-gpu03
Tesla P100-PCIE-16GB, 16384 MiB
Tesla P100-PCIE-16GB, 16384 MiB
Tesla P100-PCIE-16GB, 16384 MiB
Tesla P100-PCIE-16GB, 16384 MiB
Using device: cuda
Loading datasets...
Train sessions: 75875 | Val sessions: 16262

Running grid search over 162 combinations...

SLURM array task 87: 1 config -> ../Models/sasrec_grid_pwts_task87.csv
Trying: {'hidden_units': 128, 'dropout_rate': 0.3, 'num_blocks': 3, 'num_heads': 8, 'lr': 0.0001}
Epoch 1 | Loss: 0.6372 | Val NDCG: 0.7498 | smoothed: 0.7498
Epoch 2 | Loss: 0.6180 | Val NDCG: 0.7519 | smoothed: 0.7509
Epoch 3 | Loss: 0.6125 | Val NDCG: 0.7570 | smoothed: 0.7529
Epoch 4 | Loss: 0.6094 | Val NDCG: 0.7605 | smoothed: 0.7565
Epoch 5 | Loss: 0.6075 | Val NDCG: 0.7611 | smoothed: 0.7595
Epoch 6 | Loss: 0.6052 | Val NDCG: 0.7647 | smoothed: 0.7621
Epoch 7 | Loss: 0.6045 | Val NDCG: 0.7655 | smoothed: 0.7637
Epoch 8 | Loss: 0.6042 | Val NDCG: 0.7648 | smoothed: 0.7650
Epoch 9 | Loss: 0.6025 | Val NDCG: 0.7669 | smoothed: 0.7658
Epoch 10 | Loss: 0.6026 | Val NDCG: 0.7680 | smoothed: 0.7666
Epoch 11 | Loss: 0.6018 | Val NDCG: 0.7671 | smoothed: 0.7673
Epoch 12 | Loss: 0.6001 | Val NDCG: 0.7673 | smoothed: 0.7675
Epoch 13 | Loss: 0.6011 | Val NDCG: 0.7704 | smoothed: 0.7683
Epoch 14 | Loss: 0.6004 | Val NDCG: 0.7669 | smoothed: 0.7682
Epoch 15 | Loss: 0.6001 | Val NDCG: 0.7729 | smoothed: 0.7701
Epoch 16 | Loss: 0.5990 | Val NDCG: 0.7695 | smoothed: 0.7698
Epoch 17 | Loss: 0.5987 | Val NDCG: 0.7713 | smoothed: 0.7712
Epoch 18 | Loss: 0.5987 | Val NDCG: 0.7706 | smoothed: 0.7704
Epoch 19 | Loss: 0.5972 | Val NDCG: 0.7715 | smoothed: 0.7711
Epoch 20 | Loss: 0.5972 | Val NDCG: 0.7710 | smoothed: 0.7710
Epoch 21 | Loss: 0.5968 | Val NDCG: 0.7713 | smoothed: 0.7713
Epoch 22 | Loss: 0.5974 | Val NDCG: 0.7710 | smoothed: 0.7711
Epoch 23 | Loss: 0.5963 | Val NDCG: 0.7725 | smoothed: 0.7716
Epoch 24 | Loss: 0.5952 | Val NDCG: 0.7722 | smoothed: 0.7719
Epoch 25 | Loss: 0.5970 | Val NDCG: 0.7738 | smoothed: 0.7728
Epoch 26 | Loss: 0.5968 | Val NDCG: 0.7742 | smoothed: 0.7734
Epoch 27 | Loss: 0.5954 | Val NDCG: 0.7712 | smoothed: 0.7731
Epoch 28 | Loss: 0.5970 | Val NDCG: 0.7734 | smoothed: 0.7729
Epoch 29 | Loss: 0.5955 | Val NDCG: 0.7730 | smoothed: 0.7725
Epoch 30 | Loss: 0.5943 | Val NDCG: 0.7760 | smoothed: 0.7741
Epoch 31 | Loss: 0.5943 | Val NDCG: 0.7731 | smoothed: 0.7740
Epoch 32 | Loss: 0.5944 | Val NDCG: 0.7756 | smoothed: 0.7749
Epoch 33 | Loss: 0.5937 | Val NDCG: 0.7728 | smoothed: 0.7738
Epoch 34 | Loss: 0.5942 | Val NDCG: 0.7749 | smoothed: 0.7744
Epoch 35 | Loss: 0.5942 | Val NDCG: 0.7725 | smoothed: 0.7734
Epoch 36 | Loss: 0.5945 | Val NDCG: 0.7736 | smoothed: 0.7737
Epoch 37 | Loss: 0.5941 | Val NDCG: 0.7754 | smoothed: 0.7738

Best smoothed NDCG: 0.7749 at epoch 32 of 37 run

1 combinations completed out of 1


--- Grid Search Results ---
 hidden_units  dropout_rate  num_blocks  num_heads     lr  val_ndcg  val_ndcg_raw  best_epoch  epochs_run  max_epochs
          128           0.3           3          8 0.0001  0.774891      0.775585          32          37          40

Best config: {'hidden_units': 128.0, 'dropout_rate': 0.3, 'num_blocks': 3.0, 'num_heads': 8.0, 'lr': 0.0001, 'val_ndcg': 0.7748911086432851, 'val_ndcg_raw': 0.7755845235176008, 'best_epoch': 32.0, 'epochs_run': 37.0, 'max_epochs': 40.0}
0 of 1 configs reached max_epochs
0 of 1 were still improving when stopped
Best params saved to ../Models/sasrec_pwts_best_params.json
