task 315 | loss drrl | node slurmnode-gpu03
Tesla P100-PCIE-16GB, 16384 MiB
Tesla P100-PCIE-16GB, 16384 MiB
Tesla P100-PCIE-16GB, 16384 MiB
Tesla P100-PCIE-16GB, 16384 MiB
Using device: cuda
Loading datasets...
Train sessions: 75875 | Val sessions: 16262

Running grid search over 486 combinations...

SLURM array task 315: 1 config -> ../Models/sasrec_grid_drrl_task315.csv
Trying: {'hidden_units': 128, 'dropout_rate': 0.5, 'num_blocks': 3, 'num_heads': 8, 'lr': 0.0001, 'gamma': 2}
Epoch 1 | Loss: 0.1115 | Val NDCG: 0.7229 | smoothed: 0.7229
Epoch 2 | Loss: -0.1959 | Val NDCG: 0.7278 | smoothed: 0.7254
Epoch 3 | Loss: -0.2166 | Val NDCG: 0.7288 | smoothed: 0.7265
Epoch 4 | Loss: -0.2235 | Val NDCG: 0.7263 | smoothed: 0.7276
Epoch 5 | Loss: -0.2267 | Val NDCG: 0.7128 | smoothed: 0.7226
Epoch 6 | Loss: -0.2281 | Val NDCG: 0.7086 | smoothed: 0.7159
Epoch 7 | Loss: -0.2293 | Val NDCG: 0.7111 | smoothed: 0.7108
Epoch 8 | Loss: -0.2293 | Val NDCG: 0.7083 | smoothed: 0.7093
Epoch 9 | Loss: -0.2301 | Val NDCG: 0.7060 | smoothed: 0.7085

Best smoothed NDCG: 0.7276 at epoch 4 of 9 run

1 combinations completed out of 1


--- Grid Search Results ---
 hidden_units  dropout_rate  num_blocks  num_heads     lr  gamma  val_ndcg  val_ndcg_raw  best_epoch  epochs_run  max_epochs
          128           0.5           3          8 0.0001      2  0.727618      0.726275           4           9          40

Best config: {'hidden_units': 128.0, 'dropout_rate': 0.5, 'num_blocks': 3.0, 'num_heads': 8.0, 'lr': 0.0001, 'gamma': 2.0, 'val_ndcg': 0.7276175069956415, 'val_ndcg_raw': 0.7262749001802065, 'best_epoch': 4.0, 'epochs_run': 9.0, 'max_epochs': 40.0}
0 of 1 configs reached max_epochs
0 of 1 were still improving when stopped
Best params saved to ../Models/sasrec_drrl_best_params.json
