task 69 | loss drrl | node slurmnode-gpu07
NVIDIA A40, 46068 MiB
NVIDIA A40, 46068 MiB
NVIDIA A40, 46068 MiB
NVIDIA A40, 46068 MiB
Using device: cuda
Loading datasets...
Train sessions: 75875 | Val sessions: 16262

Running grid search over 486 combinations...

SLURM array task 69: 1 config -> ../Models/sasrec_grid_drrl_task69.csv
Trying: {'hidden_units': 64, 'dropout_rate': 0.3, 'num_blocks': 1, 'num_heads': 16, 'lr': 0.0001, 'gamma': 2}
Epoch 1 | Loss: 0.3112 | Val NDCG: 0.7132 | smoothed: 0.7132
Epoch 2 | Loss: -0.1274 | Val NDCG: 0.7097 | smoothed: 0.7114
Epoch 3 | Loss: -0.1966 | Val NDCG: 0.7041 | smoothed: 0.7090
Epoch 4 | Loss: -0.2176 | Val NDCG: 0.7008 | smoothed: 0.7049
Epoch 5 | Loss: -0.2256 | Val NDCG: 0.7003 | smoothed: 0.7017
Epoch 6 | Loss: -0.2291 | Val NDCG: 0.7018 | smoothed: 0.7009

Best smoothed NDCG: 0.7132 at epoch 1 of 6 run

1 combinations completed out of 1


--- Grid Search Results ---
 hidden_units  dropout_rate  num_blocks  num_heads     lr  gamma  val_ndcg  val_ndcg_raw  best_epoch  epochs_run  max_epochs
           64           0.3           1         16 0.0001      2  0.713171      0.713171           1           6          40

Best config: {'hidden_units': 64.0, 'dropout_rate': 0.3, 'num_blocks': 1.0, 'num_heads': 16.0, 'lr': 0.0001, 'gamma': 2.0, 'val_ndcg': 0.7131707075998494, 'val_ndcg_raw': 0.7131707075998494, 'best_epoch': 1.0, 'epochs_run': 6.0, 'max_epochs': 40.0}
0 of 1 configs reached max_epochs
0 of 1 were still improving when stopped
Best params saved to ../Models/sasrec_drrl_best_params.json
