task 39 | loss drrl | node slurmnode-gpu02
NVIDIA GeForce GTX 1080 Ti, 11264 MiB
NVIDIA GeForce GTX 1080 Ti, 11264 MiB
NVIDIA GeForce GTX 1080 Ti, 11264 MiB
NVIDIA GeForce GTX 1080 Ti, 11264 MiB
NVIDIA GeForce GTX 1080 Ti, 11264 MiB
NVIDIA GeForce GTX 1080 Ti, 11264 MiB
NVIDIA GeForce GTX 1080 Ti, 11264 MiB
NVIDIA GeForce GTX 1080 Ti, 11264 MiB
Using device: cuda
Loading datasets...
Train sessions: 75875 | Val sessions: 16262

Running grid search over 486 combinations...

SLURM array task 39: 1 config -> ../Models/sasrec_grid_drrl_task39.csv
Trying: {'hidden_units': 64, 'dropout_rate': 0.1, 'num_blocks': 3, 'num_heads': 4, 'lr': 0.0001, 'gamma': 2}
Epoch 1 | Loss: -0.0411 | Val NDCG: 0.7203 | smoothed: 0.7203
Epoch 2 | Loss: -0.2015 | Val NDCG: 0.7293 | smoothed: 0.7248
Epoch 3 | Loss: -0.2180 | Val NDCG: 0.7275 | smoothed: 0.7257
Epoch 4 | Loss: -0.2238 | Val NDCG: 0.7311 | smoothed: 0.7293
Epoch 5 | Loss: -0.2266 | Val NDCG: 0.7281 | smoothed: 0.7289
Epoch 6 | Loss: -0.2283 | Val NDCG: 0.7303 | smoothed: 0.7299
Epoch 7 | Loss: -0.2292 | Val NDCG: 0.7322 | smoothed: 0.7302
Epoch 8 | Loss: -0.2295 | Val NDCG: 0.7335 | smoothed: 0.7320
Epoch 9 | Loss: -0.2301 | Val NDCG: 0.7327 | smoothed: 0.7328
Epoch 10 | Loss: -0.2302 | Val NDCG: 0.7452 | smoothed: 0.7372
Epoch 11 | Loss: -0.2303 | Val NDCG: 0.7399 | smoothed: 0.7393
Epoch 12 | Loss: -0.2306 | Val NDCG: 0.7518 | smoothed: 0.7457
Epoch 13 | Loss: -0.2307 | Val NDCG: 0.7535 | smoothed: 0.7484
Epoch 14 | Loss: -0.2306 | Val NDCG: 0.7596 | smoothed: 0.7550
Epoch 15 | Loss: -0.2310 | Val NDCG: 0.7640 | smoothed: 0.7590
Epoch 16 | Loss: -0.2307 | Val NDCG: 0.7512 | smoothed: 0.7583
Epoch 17 | Loss: -0.2310 | Val NDCG: 0.7594 | smoothed: 0.7582
Epoch 18 | Loss: -0.2309 | Val NDCG: 0.7554 | smoothed: 0.7553
Epoch 19 | Loss: -0.2309 | Val NDCG: 0.7585 | smoothed: 0.7578
Epoch 20 | Loss: -0.2308 | Val NDCG: 0.7694 | smoothed: 0.7611
Epoch 21 | Loss: -0.2311 | Val NDCG: 0.7663 | smoothed: 0.7648
Epoch 22 | Loss: -0.2310 | Val NDCG: 0.7614 | smoothed: 0.7657
Epoch 23 | Loss: -0.2312 | Val NDCG: 0.7662 | smoothed: 0.7646
Epoch 24 | Loss: -0.2311 | Val NDCG: 0.7470 | smoothed: 0.7582
Epoch 25 | Loss: -0.2309 | Val NDCG: 0.7479 | smoothed: 0.7537
Epoch 26 | Loss: -0.2312 | Val NDCG: 0.7653 | smoothed: 0.7534
Epoch 27 | Loss: -0.2310 | Val NDCG: 0.7397 | smoothed: 0.7510

Best smoothed NDCG: 0.7657 at epoch 22 of 27 run

1 combinations completed out of 1


--- Grid Search Results ---
 hidden_units  dropout_rate  num_blocks  num_heads     lr  gamma  val_ndcg  val_ndcg_raw  best_epoch  epochs_run  max_epochs
           64           0.1           3          4 0.0001      2  0.765716      0.761375          22          27          40

Best config: {'hidden_units': 64.0, 'dropout_rate': 0.1, 'num_blocks': 3.0, 'num_heads': 4.0, 'lr': 0.0001, 'gamma': 2.0, 'val_ndcg': 0.7657155322424624, 'val_ndcg_raw': 0.7613748791876719, 'best_epoch': 22.0, 'epochs_run': 27.0, 'max_epochs': 40.0}
0 of 1 configs reached max_epochs
0 of 1 were still improving when stopped
Best params saved to ../Models/sasrec_drrl_best_params.json
