task 27 | loss pwts | node slurmnode-gpu02
NVIDIA GeForce GTX 1080 Ti, 11264 MiB
NVIDIA GeForce GTX 1080 Ti, 11264 MiB
NVIDIA GeForce GTX 1080 Ti, 11264 MiB
NVIDIA GeForce GTX 1080 Ti, 11264 MiB
NVIDIA GeForce GTX 1080 Ti, 11264 MiB
NVIDIA GeForce GTX 1080 Ti, 11264 MiB
NVIDIA GeForce GTX 1080 Ti, 11264 MiB
NVIDIA GeForce GTX 1080 Ti, 11264 MiB
Using device: cuda
Loading datasets...
Train sessions: 75875 | Val sessions: 16262

Running grid search over 162 combinations...

SLURM array task 27: 1 config -> ../Models/sasrec_grid_pwts_task27.csv
Trying: {'hidden_units': 64, 'dropout_rate': 0.3, 'num_blocks': 2, 'num_heads': 8, 'lr': 0.0001}
Epoch 1 | Loss: 0.6512 | Val NDCG: 0.7226 | smoothed: 0.7226
Epoch 2 | Loss: 0.6294 | Val NDCG: 0.7394 | smoothed: 0.7310
Epoch 3 | Loss: 0.6223 | Val NDCG: 0.7472 | smoothed: 0.7364
Epoch 4 | Loss: 0.6177 | Val NDCG: 0.7520 | smoothed: 0.7462
Epoch 5 | Loss: 0.6152 | Val NDCG: 0.7552 | smoothed: 0.7515
Epoch 6 | Loss: 0.6123 | Val NDCG: 0.7560 | smoothed: 0.7544
Epoch 7 | Loss: 0.6107 | Val NDCG: 0.7578 | smoothed: 0.7563
Epoch 8 | Loss: 0.6100 | Val NDCG: 0.7582 | smoothed: 0.7573
Epoch 9 | Loss: 0.6088 | Val NDCG: 0.7597 | smoothed: 0.7586
Epoch 10 | Loss: 0.6074 | Val NDCG: 0.7605 | smoothed: 0.7595
Epoch 11 | Loss: 0.6065 | Val NDCG: 0.7610 | smoothed: 0.7604
Epoch 12 | Loss: 0.6057 | Val NDCG: 0.7627 | smoothed: 0.7614
Epoch 13 | Loss: 0.6049 | Val NDCG: 0.7627 | smoothed: 0.7621
Epoch 14 | Loss: 0.6048 | Val NDCG: 0.7633 | smoothed: 0.7629
Epoch 15 | Loss: 0.6057 | Val NDCG: 0.7649 | smoothed: 0.7636
Epoch 16 | Loss: 0.6043 | Val NDCG: 0.7638 | smoothed: 0.7640
Epoch 17 | Loss: 0.6033 | Val NDCG: 0.7635 | smoothed: 0.7641
Epoch 18 | Loss: 0.6030 | Val NDCG: 0.7635 | smoothed: 0.7636
Epoch 19 | Loss: 0.6027 | Val NDCG: 0.7649 | smoothed: 0.7640
Epoch 20 | Loss: 0.6030 | Val NDCG: 0.7667 | smoothed: 0.7650
Epoch 21 | Loss: 0.6012 | Val NDCG: 0.7663 | smoothed: 0.7660
Epoch 22 | Loss: 0.6006 | Val NDCG: 0.7668 | smoothed: 0.7666
Epoch 23 | Loss: 0.6039 | Val NDCG: 0.7657 | smoothed: 0.7663
Epoch 24 | Loss: 0.6011 | Val NDCG: 0.7654 | smoothed: 0.7660
Epoch 25 | Loss: 0.6008 | Val NDCG: 0.7663 | smoothed: 0.7658
Epoch 26 | Loss: 0.6014 | Val NDCG: 0.7675 | smoothed: 0.7664
Epoch 27 | Loss: 0.6006 | Val NDCG: 0.7669 | smoothed: 0.7669
Epoch 28 | Loss: 0.6011 | Val NDCG: 0.7675 | smoothed: 0.7673
Epoch 29 | Loss: 0.6009 | Val NDCG: 0.7688 | smoothed: 0.7677
Epoch 30 | Loss: 0.6014 | Val NDCG: 0.7677 | smoothed: 0.7680
Epoch 31 | Loss: 0.6004 | Val NDCG: 0.7692 | smoothed: 0.7685
Epoch 32 | Loss: 0.6006 | Val NDCG: 0.7696 | smoothed: 0.7688
Epoch 33 | Loss: 0.5996 | Val NDCG: 0.7710 | smoothed: 0.7699
Epoch 34 | Loss: 0.5999 | Val NDCG: 0.7714 | smoothed: 0.7707
Epoch 35 | Loss: 0.5995 | Val NDCG: 0.7709 | smoothed: 0.7711
Epoch 36 | Loss: 0.6000 | Val NDCG: 0.7700 | smoothed: 0.7708
Epoch 37 | Loss: 0.5989 | Val NDCG: 0.7698 | smoothed: 0.7703
Epoch 38 | Loss: 0.5983 | Val NDCG: 0.7712 | smoothed: 0.7703
Epoch 39 | Loss: 0.5984 | Val NDCG: 0.7711 | smoothed: 0.7707
Epoch 40 | Loss: 0.5985 | Val NDCG: 0.7694 | smoothed: 0.7706

Best smoothed NDCG: 0.7711 at epoch 35 of 40 run

1 combinations completed out of 1


--- Grid Search Results ---
 hidden_units  dropout_rate  num_blocks  num_heads     lr  val_ndcg  val_ndcg_raw  best_epoch  epochs_run  max_epochs
           64           0.3           2          8 0.0001  0.771097      0.770923          35          40          40

Best config: {'hidden_units': 64.0, 'dropout_rate': 0.3, 'num_blocks': 2.0, 'num_heads': 8.0, 'lr': 0.0001, 'val_ndcg': 0.7710971544034829, 'val_ndcg_raw': 0.7709230117947558, 'best_epoch': 35.0, 'epochs_run': 40.0, 'max_epochs': 40.0}
1 of 1 configs reached max_epochs
0 of 1 were still improving when stopped
Best params saved to ../Models/sasrec_pwts_best_params.json
