task 252 | loss drrl | node slurmnode-gpu03
Tesla P100-PCIE-16GB, 16384 MiB
Tesla P100-PCIE-16GB, 16384 MiB
Tesla P100-PCIE-16GB, 16384 MiB
Tesla P100-PCIE-16GB, 16384 MiB
Using device: cuda
Loading datasets...
Train sessions: 75875 | Val sessions: 16262

Running grid search over 486 combinations...

SLURM array task 252: 1 config -> ../Models/sasrec_grid_drrl_task252.csv
Trying: {'hidden_units': 128, 'dropout_rate': 0.3, 'num_blocks': 3, 'num_heads': 4, 'lr': 0.001, 'gamma': 2}
Epoch 1 | Loss: -0.1627 | Val NDCG: 0.7020 | smoothed: 0.7020
Epoch 2 | Loss: -0.2140 | Val NDCG: 0.7257 | smoothed: 0.7138
Epoch 3 | Loss: -0.2198 | Val NDCG: 0.7540 | smoothed: 0.7272
Epoch 4 | Loss: -0.2223 | Val NDCG: 0.7465 | smoothed: 0.7421
Epoch 5 | Loss: -0.2247 | Val NDCG: 0.7474 | smoothed: 0.7493
Epoch 6 | Loss: -0.2249 | Val NDCG: 0.7380 | smoothed: 0.7440
Epoch 7 | Loss: -0.2260 | Val NDCG: 0.7583 | smoothed: 0.7479
Epoch 8 | Loss: -0.2262 | Val NDCG: 0.7490 | smoothed: 0.7485
Epoch 9 | Loss: -0.2266 | Val NDCG: 0.7418 | smoothed: 0.7497
Epoch 10 | Loss: -0.2266 | Val NDCG: 0.7412 | smoothed: 0.7440
Epoch 11 | Loss: -0.2271 | Val NDCG: 0.7717 | smoothed: 0.7516
Epoch 12 | Loss: -0.2268 | Val NDCG: 0.7536 | smoothed: 0.7555
Epoch 13 | Loss: -0.2274 | Val NDCG: 0.7680 | smoothed: 0.7644
Epoch 14 | Loss: -0.2272 | Val NDCG: 0.7371 | smoothed: 0.7529
Epoch 15 | Loss: -0.2267 | Val NDCG: 0.7678 | smoothed: 0.7576
Epoch 16 | Loss: -0.2274 | Val NDCG: 0.7666 | smoothed: 0.7572
Epoch 17 | Loss: -0.2273 | Val NDCG: 0.7660 | smoothed: 0.7668
Epoch 18 | Loss: -0.2271 | Val NDCG: 0.7714 | smoothed: 0.7680
Epoch 19 | Loss: -0.2277 | Val NDCG: 0.7638 | smoothed: 0.7670
Epoch 20 | Loss: -0.2270 | Val NDCG: 0.7620 | smoothed: 0.7657

Best smoothed NDCG: 0.7680 at epoch 18 of 20 run

1 combinations completed out of 1


--- Grid Search Results ---
 hidden_units  dropout_rate  num_blocks  num_heads    lr  gamma  val_ndcg  val_ndcg_raw  best_epoch  epochs_run  max_epochs
          128           0.3           3          4 0.001      2  0.767991      0.771357          18          20          20

Best config: {'hidden_units': 128.0, 'dropout_rate': 0.3, 'num_blocks': 3.0, 'num_heads': 4.0, 'lr': 0.001, 'gamma': 2.0, 'val_ndcg': 0.7679907899894513, 'val_ndcg_raw': 0.7713574522810084, 'best_epoch': 18.0, 'epochs_run': 20.0, 'max_epochs': 20.0}
1 of 1 configs reached max_epochs
0 of 1 were still improving when stopped
Best params saved to ../Models/sasrec_drrl_best_params.json
