task 306 | loss drrl | node slurmnode-gpu05
Tesla P100-PCIE-16GB, 16384 MiB
Tesla P100-PCIE-16GB, 16384 MiB
Tesla P100-PCIE-16GB, 16384 MiB
Tesla P100-PCIE-16GB, 16384 MiB
Using device: cuda
Loading datasets...
Train sessions: 75875 | Val sessions: 16262

Running grid search over 486 combinations...

SLURM array task 306: 1 config -> ../Models/sasrec_grid_drrl_task306.csv
Trying: {'hidden_units': 128, 'dropout_rate': 0.5, 'num_blocks': 3, 'num_heads': 4, 'lr': 0.001, 'gamma': 2}
Epoch 1 | Loss: -0.1620 | Val NDCG: 0.7181 | smoothed: 0.7181
Epoch 2 | Loss: -0.2183 | Val NDCG: 0.7071 | smoothed: 0.7126
Epoch 3 | Loss: -0.2231 | Val NDCG: 0.7213 | smoothed: 0.7155
Epoch 4 | Loss: -0.2248 | Val NDCG: 0.7207 | smoothed: 0.7163
Epoch 5 | Loss: -0.2262 | Val NDCG: 0.7412 | smoothed: 0.7277
Epoch 6 | Loss: -0.2266 | Val NDCG: 0.7118 | smoothed: 0.7246
Epoch 7 | Loss: -0.2273 | Val NDCG: 0.7276 | smoothed: 0.7269
Epoch 8 | Loss: -0.2274 | Val NDCG: 0.7512 | smoothed: 0.7302
Epoch 9 | Loss: -0.2278 | Val NDCG: 0.7515 | smoothed: 0.7434
Epoch 10 | Loss: -0.2280 | Val NDCG: 0.7666 | smoothed: 0.7564
Epoch 11 | Loss: -0.2280 | Val NDCG: 0.7439 | smoothed: 0.7540
Epoch 12 | Loss: -0.2284 | Val NDCG: 0.7539 | smoothed: 0.7548
Epoch 13 | Loss: -0.2284 | Val NDCG: 0.7522 | smoothed: 0.7500
Epoch 14 | Loss: -0.2287 | Val NDCG: 0.7555 | smoothed: 0.7539
Epoch 15 | Loss: -0.2292 | Val NDCG: 0.7669 | smoothed: 0.7582
Epoch 16 | Loss: -0.2290 | Val NDCG: 0.7692 | smoothed: 0.7639
Epoch 17 | Loss: -0.2293 | Val NDCG: 0.7726 | smoothed: 0.7696
Epoch 18 | Loss: -0.2293 | Val NDCG: 0.7728 | smoothed: 0.7715
Epoch 19 | Loss: -0.2292 | Val NDCG: 0.7626 | smoothed: 0.7693
Epoch 20 | Loss: -0.2295 | Val NDCG: 0.7695 | smoothed: 0.7683

Best smoothed NDCG: 0.7715 at epoch 18 of 20 run

1 combinations completed out of 1


--- Grid Search Results ---
 hidden_units  dropout_rate  num_blocks  num_heads    lr  gamma  val_ndcg  val_ndcg_raw  best_epoch  epochs_run  max_epochs
          128           0.5           3          4 0.001      2  0.771546        0.7728          18          20          20

Best config: {'hidden_units': 128.0, 'dropout_rate': 0.5, 'num_blocks': 3.0, 'num_heads': 4.0, 'lr': 0.001, 'gamma': 2.0, 'val_ndcg': 0.7715457409533913, 'val_ndcg_raw': 0.7728002998897168, 'best_epoch': 18.0, 'epochs_run': 20.0, 'max_epochs': 20.0}
1 of 1 configs reached max_epochs
0 of 1 were still improving when stopped
Best params saved to ../Models/sasrec_drrl_best_params.json
