task 307 | loss drrl | node slurmnode-gpu03
Tesla P100-PCIE-16GB, 16384 MiB
Tesla P100-PCIE-16GB, 16384 MiB
Tesla P100-PCIE-16GB, 16384 MiB
Tesla P100-PCIE-16GB, 16384 MiB
Using device: cuda
Loading datasets...
Train sessions: 75875 | Val sessions: 16262

Running grid search over 486 combinations...

SLURM array task 307: 1 config -> ../Models/sasrec_grid_drrl_task307.csv
Trying: {'hidden_units': 128, 'dropout_rate': 0.5, 'num_blocks': 3, 'num_heads': 4, 'lr': 0.001, 'gamma': 3}
Epoch 1 | Loss: -0.1892 | Val NDCG: 0.7125 | smoothed: 0.7125
Epoch 2 | Loss: -0.2249 | Val NDCG: 0.7381 | smoothed: 0.7253
Epoch 3 | Loss: -0.2274 | Val NDCG: 0.7380 | smoothed: 0.7295
Epoch 4 | Loss: -0.2282 | Val NDCG: 0.7104 | smoothed: 0.7288
Epoch 5 | Loss: -0.2288 | Val NDCG: 0.7422 | smoothed: 0.7302
Epoch 6 | Loss: -0.2290 | Val NDCG: 0.7523 | smoothed: 0.7350
Epoch 7 | Loss: -0.2292 | Val NDCG: 0.7612 | smoothed: 0.7519
Epoch 8 | Loss: -0.2293 | Val NDCG: 0.7625 | smoothed: 0.7586
Epoch 9 | Loss: -0.2295 | Val NDCG: 0.7639 | smoothed: 0.7625
Epoch 10 | Loss: -0.2297 | Val NDCG: 0.7673 | smoothed: 0.7645
Epoch 11 | Loss: -0.2298 | Val NDCG: 0.7640 | smoothed: 0.7651
Epoch 12 | Loss: -0.2296 | Val NDCG: 0.7684 | smoothed: 0.7666
Epoch 13 | Loss: -0.2299 | Val NDCG: 0.7668 | smoothed: 0.7664
Epoch 14 | Loss: -0.2298 | Val NDCG: 0.7625 | smoothed: 0.7659
Epoch 15 | Loss: -0.2299 | Val NDCG: 0.7690 | smoothed: 0.7661
Epoch 16 | Loss: -0.2302 | Val NDCG: 0.7672 | smoothed: 0.7662
Epoch 17 | Loss: -0.2303 | Val NDCG: 0.7711 | smoothed: 0.7691
Epoch 18 | Loss: -0.2302 | Val NDCG: 0.7739 | smoothed: 0.7708
Epoch 19 | Loss: -0.2302 | Val NDCG: 0.7685 | smoothed: 0.7712
Epoch 20 | Loss: -0.2303 | Val NDCG: 0.7720 | smoothed: 0.7715

Best smoothed NDCG: 0.7715 at epoch 20 of 20 run

1 combinations completed out of 1


--- Grid Search Results ---
 hidden_units  dropout_rate  num_blocks  num_heads    lr  gamma  val_ndcg  val_ndcg_raw  best_epoch  epochs_run  max_epochs
          128           0.5           3          4 0.001      3   0.77147      0.771961          20          20          20

Best config: {'hidden_units': 128.0, 'dropout_rate': 0.5, 'num_blocks': 3.0, 'num_heads': 4.0, 'lr': 0.001, 'gamma': 3.0, 'val_ndcg': 0.7714699822465817, 'val_ndcg_raw': 0.7719608554754953, 'best_epoch': 20.0, 'epochs_run': 20.0, 'max_epochs': 20.0}
1 of 1 configs reached max_epochs
1 of 1 were still improving when stopped
Best params saved to ../Models/sasrec_drrl_best_params.json
