task 322 | loss drrl | node slurmnode-gpu05
Tesla P100-PCIE-16GB, 16384 MiB
Tesla P100-PCIE-16GB, 16384 MiB
Tesla P100-PCIE-16GB, 16384 MiB
Tesla P100-PCIE-16GB, 16384 MiB
Using device: cuda
Loading datasets...
Train sessions: 75875 | Val sessions: 16262

Running grid search over 486 combinations...

SLURM array task 322: 1 config -> ../Models/sasrec_grid_drrl_task322.csv
Trying: {'hidden_units': 128, 'dropout_rate': 0.5, 'num_blocks': 3, 'num_heads': 16, 'lr': 0.0001, 'gamma': 3}
Epoch 1 | Loss: -0.0210 | Val NDCG: 0.7149 | smoothed: 0.7149
Epoch 2 | Loss: -0.2107 | Val NDCG: 0.7124 | smoothed: 0.7136
Epoch 3 | Loss: -0.2223 | Val NDCG: 0.7006 | smoothed: 0.7093
Epoch 4 | Loss: -0.2266 | Val NDCG: 0.6961 | smoothed: 0.7030
Epoch 5 | Loss: -0.2286 | Val NDCG: 0.6942 | smoothed: 0.6970
Epoch 6 | Loss: -0.2295 | Val NDCG: 0.6959 | smoothed: 0.6954

Best smoothed NDCG: 0.7149 at epoch 1 of 6 run

1 combinations completed out of 1


--- Grid Search Results ---
 hidden_units  dropout_rate  num_blocks  num_heads     lr  gamma  val_ndcg  val_ndcg_raw  best_epoch  epochs_run  max_epochs
          128           0.5           3         16 0.0001      3  0.714895      0.714895           1           6          40

Best config: {'hidden_units': 128.0, 'dropout_rate': 0.5, 'num_blocks': 3.0, 'num_heads': 16.0, 'lr': 0.0001, 'gamma': 3.0, 'val_ndcg': 0.7148948596243424, 'val_ndcg_raw': 0.7148948596243424, 'best_epoch': 1.0, 'epochs_run': 6.0, 'max_epochs': 40.0}
0 of 1 configs reached max_epochs
0 of 1 were still improving when stopped
Best params saved to ../Models/sasrec_drrl_best_params.json
