task 284 | loss drrl | node slurmnode-gpu03
Tesla P100-PCIE-16GB, 16384 MiB
Tesla P100-PCIE-16GB, 16384 MiB
Tesla P100-PCIE-16GB, 16384 MiB
Tesla P100-PCIE-16GB, 16384 MiB
Using device: cuda
Loading datasets...
Train sessions: 75875 | Val sessions: 16262

Running grid search over 486 combinations...

SLURM array task 284: 1 config -> ../Models/sasrec_grid_drrl_task284.csv
Trying: {'hidden_units': 128, 'dropout_rate': 0.5, 'num_blocks': 1, 'num_heads': 16, 'lr': 0.001, 'gamma': 4}
Epoch 1 | Loss: -0.1820 | Val NDCG: 0.6988 | smoothed: 0.6988
Epoch 2 | Loss: -0.2278 | Val NDCG: 0.6968 | smoothed: 0.6978
Epoch 3 | Loss: -0.2289 | Val NDCG: 0.6912 | smoothed: 0.6956
Epoch 4 | Loss: -0.2294 | Val NDCG: 0.7051 | smoothed: 0.6977
Epoch 5 | Loss: -0.2293 | Val NDCG: 0.7072 | smoothed: 0.7012
Epoch 6 | Loss: -0.2301 | Val NDCG: 0.6983 | smoothed: 0.7035
Epoch 7 | Loss: -0.2301 | Val NDCG: 0.7236 | smoothed: 0.7097
Epoch 8 | Loss: -0.2302 | Val NDCG: 0.7277 | smoothed: 0.7165
Epoch 9 | Loss: -0.2300 | Val NDCG: 0.7632 | smoothed: 0.7382
Epoch 10 | Loss: -0.2304 | Val NDCG: 0.7509 | smoothed: 0.7473
Epoch 11 | Loss: -0.2302 | Val NDCG: 0.7509 | smoothed: 0.7550
Epoch 12 | Loss: -0.2302 | Val NDCG: 0.7683 | smoothed: 0.7567
Epoch 13 | Loss: -0.2304 | Val NDCG: 0.7432 | smoothed: 0.7541
Epoch 14 | Loss: -0.2303 | Val NDCG: 0.7651 | smoothed: 0.7588
Epoch 15 | Loss: -0.2303 | Val NDCG: 0.7638 | smoothed: 0.7573
Epoch 16 | Loss: -0.2304 | Val NDCG: 0.7606 | smoothed: 0.7632
Epoch 17 | Loss: -0.2303 | Val NDCG: 0.7672 | smoothed: 0.7639
Epoch 18 | Loss: -0.2305 | Val NDCG: 0.7676 | smoothed: 0.7651
Epoch 19 | Loss: -0.2304 | Val NDCG: 0.7672 | smoothed: 0.7673
Epoch 20 | Loss: -0.2306 | Val NDCG: 0.7697 | smoothed: 0.7682

Best smoothed NDCG: 0.7682 at epoch 20 of 20 run

1 combinations completed out of 1


--- Grid Search Results ---
 hidden_units  dropout_rate  num_blocks  num_heads    lr  gamma  val_ndcg  val_ndcg_raw  best_epoch  epochs_run  max_epochs
          128           0.5           1         16 0.001      4  0.768199      0.769731          20          20          20

Best config: {'hidden_units': 128.0, 'dropout_rate': 0.5, 'num_blocks': 1.0, 'num_heads': 16.0, 'lr': 0.001, 'gamma': 4.0, 'val_ndcg': 0.7681994833091582, 'val_ndcg_raw': 0.7697314993093948, 'best_epoch': 20.0, 'epochs_run': 20.0, 'max_epochs': 20.0}
1 of 1 configs reached max_epochs
1 of 1 were still improving when stopped
Best params saved to ../Models/sasrec_drrl_best_params.json
