task 17 | loss pwts | node slurmnode-gpu07
NVIDIA A40, 46068 MiB
NVIDIA A40, 46068 MiB
NVIDIA A40, 46068 MiB
NVIDIA A40, 46068 MiB
Using device: cuda
Loading datasets...
Train sessions: 75875 | Val sessions: 16262

Running grid search over 162 combinations...

SLURM array task 17: 1 config -> ../Models/sasrec_grid_pwts_task17.csv
Trying: {'hidden_units': 64, 'dropout_rate': 0.1, 'num_blocks': 3, 'num_heads': 16, 'lr': 0.0001}
Epoch 1 | Loss: 0.6424 | Val NDCG: 0.7365 | smoothed: 0.7365
Epoch 2 | Loss: 0.6191 | Val NDCG: 0.7499 | smoothed: 0.7432
Epoch 3 | Loss: 0.6118 | Val NDCG: 0.7553 | smoothed: 0.7472
Epoch 4 | Loss: 0.6087 | Val NDCG: 0.7564 | smoothed: 0.7539
Epoch 5 | Loss: 0.6073 | Val NDCG: 0.7620 | smoothed: 0.7579
Epoch 6 | Loss: 0.6052 | Val NDCG: 0.7620 | smoothed: 0.7601
Epoch 7 | Loss: 0.6030 | Val NDCG: 0.7617 | smoothed: 0.7619
Epoch 8 | Loss: 0.6027 | Val NDCG: 0.7660 | smoothed: 0.7632
Epoch 9 | Loss: 0.6019 | Val NDCG: 0.7638 | smoothed: 0.7638
Epoch 10 | Loss: 0.5999 | Val NDCG: 0.7640 | smoothed: 0.7646
Epoch 11 | Loss: 0.6003 | Val NDCG: 0.7678 | smoothed: 0.7652
Epoch 12 | Loss: 0.5996 | Val NDCG: 0.7654 | smoothed: 0.7657
Epoch 13 | Loss: 0.5994 | Val NDCG: 0.7661 | smoothed: 0.7664
Epoch 14 | Loss: 0.5993 | Val NDCG: 0.7684 | smoothed: 0.7666
Epoch 15 | Loss: 0.5990 | Val NDCG: 0.7663 | smoothed: 0.7669
Epoch 16 | Loss: 0.5983 | Val NDCG: 0.7661 | smoothed: 0.7669
Epoch 17 | Loss: 0.5969 | Val NDCG: 0.7654 | smoothed: 0.7660
Epoch 18 | Loss: 0.5980 | Val NDCG: 0.7685 | smoothed: 0.7667
Epoch 19 | Loss: 0.5969 | Val NDCG: 0.7703 | smoothed: 0.7681
Epoch 20 | Loss: 0.5973 | Val NDCG: 0.7687 | smoothed: 0.7692
Epoch 21 | Loss: 0.5955 | Val NDCG: 0.7681 | smoothed: 0.7690
Epoch 22 | Loss: 0.5959 | Val NDCG: 0.7712 | smoothed: 0.7693
Epoch 23 | Loss: 0.5968 | Val NDCG: 0.7681 | smoothed: 0.7691
Epoch 24 | Loss: 0.5955 | Val NDCG: 0.7699 | smoothed: 0.7697
Epoch 25 | Loss: 0.5950 | Val NDCG: 0.7709 | smoothed: 0.7696
Epoch 26 | Loss: 0.5954 | Val NDCG: 0.7710 | smoothed: 0.7706
Epoch 27 | Loss: 0.5952 | Val NDCG: 0.7711 | smoothed: 0.7710
Epoch 28 | Loss: 0.5939 | Val NDCG: 0.7714 | smoothed: 0.7712
Epoch 29 | Loss: 0.5935 | Val NDCG: 0.7713 | smoothed: 0.7713
Epoch 30 | Loss: 0.5943 | Val NDCG: 0.7711 | smoothed: 0.7713
Epoch 31 | Loss: 0.5932 | Val NDCG: 0.7708 | smoothed: 0.7711
Epoch 32 | Loss: 0.5928 | Val NDCG: 0.7713 | smoothed: 0.7711
Epoch 33 | Loss: 0.5922 | Val NDCG: 0.7709 | smoothed: 0.7710
Epoch 34 | Loss: 0.5930 | Val NDCG: 0.7714 | smoothed: 0.7712

Best smoothed NDCG: 0.7713 at epoch 29 of 34 run

1 combinations completed out of 1


--- Grid Search Results ---
 hidden_units  dropout_rate  num_blocks  num_heads     lr  val_ndcg  val_ndcg_raw  best_epoch  epochs_run  max_epochs
           64           0.1           3         16 0.0001  0.771276      0.771328          29          34          40

Best config: {'hidden_units': 64.0, 'dropout_rate': 0.1, 'num_blocks': 3.0, 'num_heads': 16.0, 'lr': 0.0001, 'val_ndcg': 0.7712758626529311, 'val_ndcg_raw': 0.7713275014097739, 'best_epoch': 29.0, 'epochs_run': 34.0, 'max_epochs': 40.0}
0 of 1 configs reached max_epochs
0 of 1 were still improving when stopped
Best params saved to ../Models/sasrec_pwts_best_params.json
