task 96 | loss pwts | node slurmnode-gpu03
Tesla P100-PCIE-16GB, 16384 MiB
Tesla P100-PCIE-16GB, 16384 MiB
Tesla P100-PCIE-16GB, 16384 MiB
Tesla P100-PCIE-16GB, 16384 MiB
Using device: cuda
Loading datasets...
Train sessions: 75875 | Val sessions: 16262

Running grid search over 162 combinations...

SLURM array task 96: 1 config -> ../Models/sasrec_grid_pwts_task96.csv
Trying: {'hidden_units': 128, 'dropout_rate': 0.5, 'num_blocks': 2, 'num_heads': 4, 'lr': 0.001}
Epoch 1 | Loss: 0.6294 | Val NDCG: 0.7573 | smoothed: 0.7573
Epoch 2 | Loss: 0.6146 | Val NDCG: 0.7622 | smoothed: 0.7597
Epoch 3 | Loss: 0.6109 | Val NDCG: 0.7631 | smoothed: 0.7609
Epoch 4 | Loss: 0.6086 | Val NDCG: 0.7611 | smoothed: 0.7621
Epoch 5 | Loss: 0.6069 | Val NDCG: 0.7640 | smoothed: 0.7627
Epoch 6 | Loss: 0.6064 | Val NDCG: 0.7678 | smoothed: 0.7643
Epoch 7 | Loss: 0.6067 | Val NDCG: 0.7680 | smoothed: 0.7666
Epoch 8 | Loss: 0.6045 | Val NDCG: 0.7680 | smoothed: 0.7679
Epoch 9 | Loss: 0.6033 | Val NDCG: 0.7687 | smoothed: 0.7682
Epoch 10 | Loss: 0.6040 | Val NDCG: 0.7705 | smoothed: 0.7691
Epoch 11 | Loss: 0.6025 | Val NDCG: 0.7686 | smoothed: 0.7692
Epoch 12 | Loss: 0.6020 | Val NDCG: 0.7685 | smoothed: 0.7692
Epoch 13 | Loss: 0.6026 | Val NDCG: 0.7721 | smoothed: 0.7697
Epoch 14 | Loss: 0.6016 | Val NDCG: 0.7726 | smoothed: 0.7711
Epoch 15 | Loss: 0.6014 | Val NDCG: 0.7691 | smoothed: 0.7713
Epoch 16 | Loss: 0.6012 | Val NDCG: 0.7701 | smoothed: 0.7706
Epoch 17 | Loss: 0.6007 | Val NDCG: 0.7744 | smoothed: 0.7712
Epoch 18 | Loss: 0.6004 | Val NDCG: 0.7727 | smoothed: 0.7724
Epoch 19 | Loss: 0.6004 | Val NDCG: 0.7719 | smoothed: 0.7730
Epoch 20 | Loss: 0.5997 | Val NDCG: 0.7752 | smoothed: 0.7733

Best smoothed NDCG: 0.7733 at epoch 20 of 20 run

1 combinations completed out of 1


--- Grid Search Results ---
 hidden_units  dropout_rate  num_blocks  num_heads    lr  val_ndcg  val_ndcg_raw  best_epoch  epochs_run  max_epochs
          128           0.5           2          4 0.001  0.773265      0.775153          20          20          20

Best config: {'hidden_units': 128.0, 'dropout_rate': 0.5, 'num_blocks': 2.0, 'num_heads': 4.0, 'lr': 0.001, 'val_ndcg': 0.7732651927086137, 'val_ndcg_raw': 0.7751533619190579, 'best_epoch': 20.0, 'epochs_run': 20.0, 'max_epochs': 20.0}
1 of 1 configs reached max_epochs
1 of 1 were still improving when stopped
Best params saved to ../Models/sasrec_pwts_best_params.json
