task 88 | loss drrl | node slurmnode-gpu05
Tesla P100-PCIE-16GB, 16384 MiB
Tesla P100-PCIE-16GB, 16384 MiB
Tesla P100-PCIE-16GB, 16384 MiB
Tesla P100-PCIE-16GB, 16384 MiB
Using device: cuda
Loading datasets...
Train sessions: 75875 | Val sessions: 16262

Running grid search over 486 combinations...

SLURM array task 88: 1 config -> ../Models/sasrec_grid_drrl_task88.csv
Trying: {'hidden_units': 64, 'dropout_rate': 0.3, 'num_blocks': 2, 'num_heads': 16, 'lr': 0.0001, 'gamma': 3}
Epoch 1 | Loss: 0.0373 | Val NDCG: 0.7236 | smoothed: 0.7236
Epoch 2 | Loss: -0.1988 | Val NDCG: 0.7200 | smoothed: 0.7218
Epoch 3 | Loss: -0.2190 | Val NDCG: 0.7148 | smoothed: 0.7195
Epoch 4 | Loss: -0.2251 | Val NDCG: 0.7124 | smoothed: 0.7158
Epoch 5 | Loss: -0.2278 | Val NDCG: 0.7127 | smoothed: 0.7133
Epoch 6 | Loss: -0.2293 | Val NDCG: 0.7134 | smoothed: 0.7128

Best smoothed NDCG: 0.7236 at epoch 1 of 6 run

1 combinations completed out of 1


--- Grid Search Results ---
 hidden_units  dropout_rate  num_blocks  num_heads     lr  gamma  val_ndcg  val_ndcg_raw  best_epoch  epochs_run  max_epochs
           64           0.3           2         16 0.0001      3  0.723625      0.723625           1           6          40

Best config: {'hidden_units': 64.0, 'dropout_rate': 0.3, 'num_blocks': 2.0, 'num_heads': 16.0, 'lr': 0.0001, 'gamma': 3.0, 'val_ndcg': 0.7236245600328606, 'val_ndcg_raw': 0.7236245600328606, 'best_epoch': 1.0, 'epochs_run': 6.0, 'max_epochs': 40.0}
0 of 1 configs reached max_epochs
0 of 1 were still improving when stopped
Best params saved to ../Models/sasrec_drrl_best_params.json
