task 146 | loss bce | node slurmnode-gpu07
NVIDIA A40, 46068 MiB
NVIDIA A40, 46068 MiB
NVIDIA A40, 46068 MiB
NVIDIA A40, 46068 MiB
Using device: cuda
Loading datasets...
Train sessions: 75875 | Val sessions: 16262

Running grid search over 162 combinations...

SLURM array task 146: 1 config -> ../Models/sasrec_grid_bce_task146.csv
Trying: {'hidden_units': 256, 'dropout_rate': 0.5, 'num_blocks': 1, 'num_heads': 8, 'lr': 0.001}
Epoch 1 | Loss: 0.5949 | Val NDCG: 0.7579 | smoothed: 0.7579
Epoch 2 | Loss: 0.5861 | Val NDCG: 0.7668 | smoothed: 0.7623
Epoch 3 | Loss: 0.5834 | Val NDCG: 0.7662 | smoothed: 0.7636
Epoch 4 | Loss: 0.5812 | Val NDCG: 0.7687 | smoothed: 0.7673
Epoch 5 | Loss: 0.5797 | Val NDCG: 0.7713 | smoothed: 0.7687
Epoch 6 | Loss: 0.5777 | Val NDCG: 0.7715 | smoothed: 0.7705
Epoch 7 | Loss: 0.5788 | Val NDCG: 0.7728 | smoothed: 0.7719
Epoch 8 | Loss: 0.5764 | Val NDCG: 0.7768 | smoothed: 0.7737
Epoch 9 | Loss: 0.5768 | Val NDCG: 0.7729 | smoothed: 0.7742
Epoch 10 | Loss: 0.5757 | Val NDCG: 0.7723 | smoothed: 0.7740
Epoch 11 | Loss: 0.5748 | Val NDCG: 0.7783 | smoothed: 0.7745
Epoch 12 | Loss: 0.5747 | Val NDCG: 0.7781 | smoothed: 0.7762
Epoch 13 | Loss: 0.5738 | Val NDCG: 0.7762 | smoothed: 0.7776
Epoch 14 | Loss: 0.5732 | Val NDCG: 0.7772 | smoothed: 0.7772
Epoch 15 | Loss: 0.5747 | Val NDCG: 0.7805 | smoothed: 0.7780
Epoch 16 | Loss: 0.5733 | Val NDCG: 0.7776 | smoothed: 0.7784
Epoch 17 | Loss: 0.5716 | Val NDCG: 0.7756 | smoothed: 0.7779
Epoch 18 | Loss: 0.5724 | Val NDCG: 0.7759 | smoothed: 0.7764
Epoch 19 | Loss: 0.5711 | Val NDCG: 0.7834 | smoothed: 0.7783
Epoch 20 | Loss: 0.5714 | Val NDCG: 0.7816 | smoothed: 0.7803

Best smoothed NDCG: 0.7803 at epoch 20 of 20 run

1 combinations completed out of 1


--- Grid Search Results ---
 hidden_units  dropout_rate  num_blocks  num_heads    lr  val_ndcg  val_ndcg_raw  best_epoch  epochs_run  max_epochs
          256           0.5           1          8 0.001  0.780341      0.781632          20          20          20

Best config: {'hidden_units': 256.0, 'dropout_rate': 0.5, 'num_blocks': 1.0, 'num_heads': 8.0, 'lr': 0.001, 'val_ndcg': 0.7803409177318131, 'val_ndcg_raw': 0.7816322817272445, 'best_epoch': 20.0, 'epochs_run': 20.0, 'max_epochs': 20.0}
1 of 1 configs reached max_epochs
1 of 1 were still improving when stopped
Best params saved to ../Models/sasrec_bce_best_params.json
