task 103 | loss drrl | node slurmnode-gpu03
Tesla P100-PCIE-16GB, 16384 MiB
Tesla P100-PCIE-16GB, 16384 MiB
Tesla P100-PCIE-16GB, 16384 MiB
Tesla P100-PCIE-16GB, 16384 MiB
Using device: cuda
Loading datasets...
Train sessions: 75875 | Val sessions: 16262

Running grid search over 486 combinations...

SLURM array task 103: 1 config -> ../Models/sasrec_grid_drrl_task103.csv
Trying: {'hidden_units': 64, 'dropout_rate': 0.3, 'num_blocks': 3, 'num_heads': 16, 'lr': 0.001, 'gamma': 3}
Epoch 1 | Loss: -0.1763 | Val NDCG: 0.7202 | smoothed: 0.7202
Epoch 2 | Loss: -0.2243 | Val NDCG: 0.7155 | smoothed: 0.7178
Epoch 3 | Loss: -0.2262 | Val NDCG: 0.7543 | smoothed: 0.7300
Epoch 4 | Loss: -0.2276 | Val NDCG: 0.7405 | smoothed: 0.7367
Epoch 5 | Loss: -0.2284 | Val NDCG: 0.7570 | smoothed: 0.7506
Epoch 6 | Loss: -0.2288 | Val NDCG: 0.7399 | smoothed: 0.7458
Epoch 7 | Loss: -0.2295 | Val NDCG: 0.7599 | smoothed: 0.7523
Epoch 8 | Loss: -0.2297 | Val NDCG: 0.7669 | smoothed: 0.7556
Epoch 9 | Loss: -0.2302 | Val NDCG: 0.7581 | smoothed: 0.7617
Epoch 10 | Loss: -0.2304 | Val NDCG: 0.7622 | smoothed: 0.7624
Epoch 11 | Loss: -0.2306 | Val NDCG: 0.7613 | smoothed: 0.7605
Epoch 12 | Loss: -0.2309 | Val NDCG: 0.7417 | smoothed: 0.7550
Epoch 13 | Loss: -0.2308 | Val NDCG: 0.7595 | smoothed: 0.7541
Epoch 14 | Loss: -0.2310 | Val NDCG: 0.7605 | smoothed: 0.7539
Epoch 15 | Loss: -0.2308 | Val NDCG: 0.7673 | smoothed: 0.7624
Epoch 16 | Loss: -0.2310 | Val NDCG: 0.7654 | smoothed: 0.7644
Epoch 17 | Loss: -0.2311 | Val NDCG: 0.7630 | smoothed: 0.7652
Epoch 18 | Loss: -0.2310 | Val NDCG: 0.7730 | smoothed: 0.7672
Epoch 19 | Loss: -0.2311 | Val NDCG: 0.7715 | smoothed: 0.7692
Epoch 20 | Loss: -0.2312 | Val NDCG: 0.7670 | smoothed: 0.7705

Best smoothed NDCG: 0.7705 at epoch 20 of 20 run

1 combinations completed out of 1


--- Grid Search Results ---
 hidden_units  dropout_rate  num_blocks  num_heads    lr  gamma  val_ndcg  val_ndcg_raw  best_epoch  epochs_run  max_epochs
           64           0.3           3         16 0.001      3  0.770509      0.767008          20          20          20

Best config: {'hidden_units': 64.0, 'dropout_rate': 0.3, 'num_blocks': 3.0, 'num_heads': 16.0, 'lr': 0.001, 'gamma': 3.0, 'val_ndcg': 0.7705088302373428, 'val_ndcg_raw': 0.7670081817100715, 'best_epoch': 20.0, 'epochs_run': 20.0, 'max_epochs': 20.0}
1 of 1 configs reached max_epochs
1 of 1 were still improving when stopped
Best params saved to ../Models/sasrec_drrl_best_params.json
