task 433 | loss drrl | node slurmnode-gpu03
Tesla P100-PCIE-16GB, 16384 MiB
Tesla P100-PCIE-16GB, 16384 MiB
Tesla P100-PCIE-16GB, 16384 MiB
Tesla P100-PCIE-16GB, 16384 MiB
Using device: cuda
Loading datasets...
Train sessions: 75875 | Val sessions: 16262

Running grid search over 486 combinations...

SLURM array task 433: 1 config -> ../Models/sasrec_grid_drrl_task433.csv
Trying: {'hidden_units': 256, 'dropout_rate': 0.5, 'num_blocks': 1, 'num_heads': 4, 'lr': 0.001, 'gamma': 3}
Epoch 1 | Loss: -0.1709 | Val NDCG: 0.7321 | smoothed: 0.7321
Epoch 2 | Loss: -0.2220 | Val NDCG: 0.7107 | smoothed: 0.7214
Epoch 3 | Loss: -0.2244 | Val NDCG: 0.7363 | smoothed: 0.7264
Epoch 4 | Loss: -0.2267 | Val NDCG: 0.7483 | smoothed: 0.7318
Epoch 5 | Loss: -0.2278 | Val NDCG: 0.7392 | smoothed: 0.7413
Epoch 6 | Loss: -0.2285 | Val NDCG: 0.7535 | smoothed: 0.7470
Epoch 7 | Loss: -0.2285 | Val NDCG: 0.7502 | smoothed: 0.7476
Epoch 8 | Loss: -0.2291 | Val NDCG: 0.7487 | smoothed: 0.7508
Epoch 9 | Loss: -0.2295 | Val NDCG: 0.7532 | smoothed: 0.7507
Epoch 10 | Loss: -0.2295 | Val NDCG: 0.7589 | smoothed: 0.7536
Epoch 11 | Loss: -0.2297 | Val NDCG: 0.7587 | smoothed: 0.7569
Epoch 12 | Loss: -0.2295 | Val NDCG: 0.7541 | smoothed: 0.7572
Epoch 13 | Loss: -0.2299 | Val NDCG: 0.7647 | smoothed: 0.7592
Epoch 14 | Loss: -0.2297 | Val NDCG: 0.7563 | smoothed: 0.7584
Epoch 15 | Loss: -0.2298 | Val NDCG: 0.7646 | smoothed: 0.7619
Epoch 16 | Loss: -0.2295 | Val NDCG: 0.7637 | smoothed: 0.7615
Epoch 17 | Loss: -0.2298 | Val NDCG: 0.7631 | smoothed: 0.7638
Epoch 18 | Loss: -0.2300 | Val NDCG: 0.7617 | smoothed: 0.7628
Epoch 19 | Loss: -0.2297 | Val NDCG: 0.7578 | smoothed: 0.7609
Epoch 20 | Loss: -0.2297 | Val NDCG: 0.7600 | smoothed: 0.7598

Best smoothed NDCG: 0.7638 at epoch 17 of 20 run

1 combinations completed out of 1


--- Grid Search Results ---
 hidden_units  dropout_rate  num_blocks  num_heads    lr  gamma  val_ndcg  val_ndcg_raw  best_epoch  epochs_run  max_epochs
          256           0.5           1          4 0.001      3  0.763799      0.763107          17          20          20

Best config: {'hidden_units': 256.0, 'dropout_rate': 0.5, 'num_blocks': 1.0, 'num_heads': 4.0, 'lr': 0.001, 'gamma': 3.0, 'val_ndcg': 0.7637986277506678, 'val_ndcg_raw': 0.7631070513499426, 'best_epoch': 17.0, 'epochs_run': 20.0, 'max_epochs': 20.0}
1 of 1 configs reached max_epochs
0 of 1 were still improving when stopped
Best params saved to ../Models/sasrec_drrl_best_params.json
