task 225 | loss drrl | node slurmnode-gpu03
Tesla P100-PCIE-16GB, 16384 MiB
Tesla P100-PCIE-16GB, 16384 MiB
Tesla P100-PCIE-16GB, 16384 MiB
Tesla P100-PCIE-16GB, 16384 MiB
Using device: cuda
Loading datasets...
Train sessions: 75875 | Val sessions: 16262

Running grid search over 486 combinations...

SLURM array task 225: 1 config -> ../Models/sasrec_grid_drrl_task225.csv
Trying: {'hidden_units': 128, 'dropout_rate': 0.3, 'num_blocks': 1, 'num_heads': 8, 'lr': 0.0001, 'gamma': 2}
Epoch 1 | Loss: 0.1782 | Val NDCG: 0.7157 | smoothed: 0.7157
Epoch 2 | Loss: -0.1714 | Val NDCG: 0.7076 | smoothed: 0.7117
Epoch 3 | Loss: -0.2080 | Val NDCG: 0.7137 | smoothed: 0.7124
Epoch 4 | Loss: -0.2202 | Val NDCG: 0.7135 | smoothed: 0.7116
Epoch 5 | Loss: -0.2255 | Val NDCG: 0.7129 | smoothed: 0.7133
Epoch 6 | Loss: -0.2284 | Val NDCG: 0.7195 | smoothed: 0.7153

Best smoothed NDCG: 0.7157 at epoch 1 of 6 run

1 combinations completed out of 1


--- Grid Search Results ---
 hidden_units  dropout_rate  num_blocks  num_heads     lr  gamma  val_ndcg  val_ndcg_raw  best_epoch  epochs_run  max_epochs
          128           0.3           1          8 0.0001      2  0.715733      0.715733           1           6          40

Best config: {'hidden_units': 128.0, 'dropout_rate': 0.3, 'num_blocks': 1.0, 'num_heads': 8.0, 'lr': 0.0001, 'gamma': 2.0, 'val_ndcg': 0.7157327771252668, 'val_ndcg_raw': 0.7157327771252668, 'best_epoch': 1.0, 'epochs_run': 6.0, 'max_epochs': 40.0}
0 of 1 configs reached max_epochs
0 of 1 were still improving when stopped
Best params saved to ../Models/sasrec_drrl_best_params.json
