task 378 | loss drrl | node slurmnode-gpu03
Tesla P100-PCIE-16GB, 16384 MiB
Tesla P100-PCIE-16GB, 16384 MiB
Tesla P100-PCIE-16GB, 16384 MiB
Tesla P100-PCIE-16GB, 16384 MiB
Using device: cuda
Loading datasets...
Train sessions: 75875 | Val sessions: 16262

Running grid search over 486 combinations...

SLURM array task 378: 1 config -> ../Models/sasrec_grid_drrl_task378.csv
Trying: {'hidden_units': 256, 'dropout_rate': 0.3, 'num_blocks': 1, 'num_heads': 4, 'lr': 0.001, 'gamma': 2}
Epoch 1 | Loss: -0.1554 | Val NDCG: 0.7094 | smoothed: 0.7094
Epoch 2 | Loss: -0.2152 | Val NDCG: 0.7281 | smoothed: 0.7188
Epoch 3 | Loss: -0.2188 | Val NDCG: 0.7113 | smoothed: 0.7163
Epoch 4 | Loss: -0.2220 | Val NDCG: 0.7179 | smoothed: 0.7191
Epoch 5 | Loss: -0.2233 | Val NDCG: 0.7445 | smoothed: 0.7246
Epoch 6 | Loss: -0.2245 | Val NDCG: 0.7446 | smoothed: 0.7357
Epoch 7 | Loss: -0.2257 | Val NDCG: 0.7292 | smoothed: 0.7394
Epoch 8 | Loss: -0.2259 | Val NDCG: 0.7648 | smoothed: 0.7462
Epoch 9 | Loss: -0.2265 | Val NDCG: 0.7448 | smoothed: 0.7462
Epoch 10 | Loss: -0.2265 | Val NDCG: 0.7290 | smoothed: 0.7462
Epoch 11 | Loss: -0.2268 | Val NDCG: 0.7542 | smoothed: 0.7426
Epoch 12 | Loss: -0.2272 | Val NDCG: 0.7457 | smoothed: 0.7430
Epoch 13 | Loss: -0.2272 | Val NDCG: 0.7430 | smoothed: 0.7476
Epoch 14 | Loss: -0.2277 | Val NDCG: 0.7427 | smoothed: 0.7438
Epoch 15 | Loss: -0.2283 | Val NDCG: 0.7419 | smoothed: 0.7425
Epoch 16 | Loss: -0.2280 | Val NDCG: 0.7529 | smoothed: 0.7458
Epoch 17 | Loss: -0.2279 | Val NDCG: 0.7227 | smoothed: 0.7392
Epoch 18 | Loss: -0.2283 | Val NDCG: 0.7385 | smoothed: 0.7380

Best smoothed NDCG: 0.7476 at epoch 13 of 18 run

1 combinations completed out of 1


--- Grid Search Results ---
 hidden_units  dropout_rate  num_blocks  num_heads    lr  gamma  val_ndcg  val_ndcg_raw  best_epoch  epochs_run  max_epochs
          256           0.3           1          4 0.001      2  0.747635      0.743004          13          18          20

Best config: {'hidden_units': 256.0, 'dropout_rate': 0.3, 'num_blocks': 1.0, 'num_heads': 4.0, 'lr': 0.001, 'gamma': 2.0, 'val_ndcg': 0.7476350357702385, 'val_ndcg_raw': 0.7430040270030284, 'best_epoch': 13.0, 'epochs_run': 18.0, 'max_epochs': 20.0}
0 of 1 configs reached max_epochs
0 of 1 were still improving when stopped
Best params saved to ../Models/sasrec_drrl_best_params.json
