task 64 | loss drrl | node slurmnode-gpu07
NVIDIA A40, 46068 MiB
NVIDIA A40, 46068 MiB
NVIDIA A40, 46068 MiB
NVIDIA A40, 46068 MiB
Using device: cuda
Loading datasets...
Train sessions: 75875 | Val sessions: 16262

Running grid search over 486 combinations...

SLURM array task 64: 1 config -> ../Models/sasrec_grid_drrl_task64.csv
Trying: {'hidden_units': 64, 'dropout_rate': 0.3, 'num_blocks': 1, 'num_heads': 8, 'lr': 0.0001, 'gamma': 3}
Epoch 1 | Loss: 0.1258 | Val NDCG: 0.7160 | smoothed: 0.7160
Epoch 2 | Loss: -0.1778 | Val NDCG: 0.7070 | smoothed: 0.7115
Epoch 3 | Loss: -0.2123 | Val NDCG: 0.7033 | smoothed: 0.7088
Epoch 4 | Loss: -0.2231 | Val NDCG: 0.7050 | smoothed: 0.7051
Epoch 5 | Loss: -0.2277 | Val NDCG: 0.7022 | smoothed: 0.7035
Epoch 6 | Loss: -0.2299 | Val NDCG: 0.6997 | smoothed: 0.7023

Best smoothed NDCG: 0.7160 at epoch 1 of 6 run

1 combinations completed out of 1


--- Grid Search Results ---
 hidden_units  dropout_rate  num_blocks  num_heads     lr  gamma  val_ndcg  val_ndcg_raw  best_epoch  epochs_run  max_epochs
           64           0.3           1          8 0.0001      3  0.715993      0.715993           1           6          40

Best config: {'hidden_units': 64.0, 'dropout_rate': 0.3, 'num_blocks': 1.0, 'num_heads': 8.0, 'lr': 0.0001, 'gamma': 3.0, 'val_ndcg': 0.7159929805537592, 'val_ndcg_raw': 0.7159929805537592, 'best_epoch': 1.0, 'epochs_run': 6.0, 'max_epochs': 40.0}
0 of 1 configs reached max_epochs
0 of 1 were still improving when stopped
Best params saved to ../Models/sasrec_drrl_best_params.json
