task 30 | loss bce | node slurmnode-gpu02
NVIDIA GeForce GTX 1080 Ti, 11264 MiB
NVIDIA GeForce GTX 1080 Ti, 11264 MiB
NVIDIA GeForce GTX 1080 Ti, 11264 MiB
NVIDIA GeForce GTX 1080 Ti, 11264 MiB
NVIDIA GeForce GTX 1080 Ti, 11264 MiB
NVIDIA GeForce GTX 1080 Ti, 11264 MiB
NVIDIA GeForce GTX 1080 Ti, 11264 MiB
NVIDIA GeForce GTX 1080 Ti, 11264 MiB
Using device: cuda
Loading datasets...
Train sessions: 75875 | Val sessions: 16262

Running grid search over 162 combinations...

SLURM array task 30: 1 config -> ../Models/sasrec_grid_bce_task30.csv
Trying: {'hidden_units': 64, 'dropout_rate': 0.3, 'num_blocks': 3, 'num_heads': 4, 'lr': 0.001}
Epoch 1 | Loss: 0.5877 | Val NDCG: 0.7579 | smoothed: 0.7579
Epoch 2 | Loss: 0.5781 | Val NDCG: 0.7622 | smoothed: 0.7600
Epoch 3 | Loss: 0.5753 | Val NDCG: 0.7685 | smoothed: 0.7629
Epoch 4 | Loss: 0.5731 | Val NDCG: 0.7683 | smoothed: 0.7663
Epoch 5 | Loss: 0.5718 | Val NDCG: 0.7713 | smoothed: 0.7694
Epoch 6 | Loss: 0.5716 | Val NDCG: 0.7703 | smoothed: 0.7700
Epoch 7 | Loss: 0.5713 | Val NDCG: 0.7723 | smoothed: 0.7713
Epoch 8 | Loss: 0.5704 | Val NDCG: 0.7740 | smoothed: 0.7722
Epoch 9 | Loss: 0.5699 | Val NDCG: 0.7736 | smoothed: 0.7733
Epoch 10 | Loss: 0.5699 | Val NDCG: 0.7735 | smoothed: 0.7737
Epoch 11 | Loss: 0.5681 | Val NDCG: 0.7772 | smoothed: 0.7748
Epoch 12 | Loss: 0.5680 | Val NDCG: 0.7702 | smoothed: 0.7737
Epoch 13 | Loss: 0.5693 | Val NDCG: 0.7747 | smoothed: 0.7740
Epoch 14 | Loss: 0.5682 | Val NDCG: 0.7757 | smoothed: 0.7736
Epoch 15 | Loss: 0.5683 | Val NDCG: 0.7757 | smoothed: 0.7754
Epoch 16 | Loss: 0.5678 | Val NDCG: 0.7770 | smoothed: 0.7761
Epoch 17 | Loss: 0.5671 | Val NDCG: 0.7787 | smoothed: 0.7771
Epoch 18 | Loss: 0.5661 | Val NDCG: 0.7726 | smoothed: 0.7761
Epoch 19 | Loss: 0.5665 | Val NDCG: 0.7779 | smoothed: 0.7764
Epoch 20 | Loss: 0.5660 | Val NDCG: 0.7727 | smoothed: 0.7744

Best smoothed NDCG: 0.7771 at epoch 17 of 20 run

1 combinations completed out of 1


--- Grid Search Results ---
 hidden_units  dropout_rate  num_blocks  num_heads    lr  val_ndcg  val_ndcg_raw  best_epoch  epochs_run  max_epochs
           64           0.3           3          4 0.001  0.777139      0.778748          17          20          20

Best config: {'hidden_units': 64.0, 'dropout_rate': 0.3, 'num_blocks': 3.0, 'num_heads': 4.0, 'lr': 0.001, 'val_ndcg': 0.7771385495241246, 'val_ndcg_raw': 0.7787476646822327, 'best_epoch': 17.0, 'epochs_run': 20.0, 'max_epochs': 20.0}
1 of 1 configs reached max_epochs
0 of 1 were still improving when stopped
Best params saved to ../Models/sasrec_bce_best_params.json
