task 462 | loss drrl | node slurmnode-gpu03
Tesla P100-PCIE-16GB, 16384 MiB
Tesla P100-PCIE-16GB, 16384 MiB
Tesla P100-PCIE-16GB, 16384 MiB
Tesla P100-PCIE-16GB, 16384 MiB
Using device: cuda
Loading datasets...
Train sessions: 75875 | Val sessions: 16262

Running grid search over 486 combinations...

SLURM array task 462: 1 config -> ../Models/sasrec_grid_drrl_task462.csv
Trying: {'hidden_units': 256, 'dropout_rate': 0.5, 'num_blocks': 2, 'num_heads': 16, 'lr': 0.001, 'gamma': 2}
Epoch 1 | Loss: -0.1545 | Val NDCG: 0.7238 | smoothed: 0.7238
Epoch 2 | Loss: -0.2194 | Val NDCG: 0.6997 | smoothed: 0.7118
Epoch 3 | Loss: -0.2223 | Val NDCG: 0.7072 | smoothed: 0.7102
Epoch 4 | Loss: -0.2246 | Val NDCG: 0.7178 | smoothed: 0.7082
Epoch 5 | Loss: -0.2262 | Val NDCG: 0.7330 | smoothed: 0.7193
Epoch 6 | Loss: -0.2265 | Val NDCG: 0.7298 | smoothed: 0.7268
Epoch 7 | Loss: -0.2268 | Val NDCG: 0.7470 | smoothed: 0.7366
Epoch 8 | Loss: -0.2269 | Val NDCG: 0.7367 | smoothed: 0.7378
Epoch 9 | Loss: -0.2271 | Val NDCG: 0.7651 | smoothed: 0.7496
Epoch 10 | Loss: -0.2273 | Val NDCG: 0.7617 | smoothed: 0.7545
Epoch 11 | Loss: -0.2270 | Val NDCG: 0.7652 | smoothed: 0.7640
Epoch 12 | Loss: -0.2277 | Val NDCG: 0.7498 | smoothed: 0.7589
Epoch 13 | Loss: -0.2277 | Val NDCG: 0.7693 | smoothed: 0.7614
Epoch 14 | Loss: -0.2274 | Val NDCG: 0.7522 | smoothed: 0.7571
Epoch 15 | Loss: -0.2279 | Val NDCG: 0.7637 | smoothed: 0.7617
Epoch 16 | Loss: -0.2276 | Val NDCG: 0.7639 | smoothed: 0.7599

Best smoothed NDCG: 0.7640 at epoch 11 of 16 run

1 combinations completed out of 1


--- Grid Search Results ---
 hidden_units  dropout_rate  num_blocks  num_heads    lr  gamma  val_ndcg  val_ndcg_raw  best_epoch  epochs_run  max_epochs
          256           0.5           2         16 0.001      2   0.76402      0.765175          11          16          20

Best config: {'hidden_units': 256.0, 'dropout_rate': 0.5, 'num_blocks': 2.0, 'num_heads': 16.0, 'lr': 0.001, 'gamma': 2.0, 'val_ndcg': 0.7640198162199464, 'val_ndcg_raw': 0.7651748518726431, 'best_epoch': 11.0, 'epochs_run': 16.0, 'max_epochs': 20.0}
0 of 1 configs reached max_epochs
0 of 1 were still improving when stopped
Best params saved to ../Models/sasrec_drrl_best_params.json
