task 6 | loss bce | node slurmnode-gpu02
NVIDIA GeForce GTX 1080 Ti, 11264 MiB
NVIDIA GeForce GTX 1080 Ti, 11264 MiB
NVIDIA GeForce GTX 1080 Ti, 11264 MiB
NVIDIA GeForce GTX 1080 Ti, 11264 MiB
NVIDIA GeForce GTX 1080 Ti, 11264 MiB
NVIDIA GeForce GTX 1080 Ti, 11264 MiB
NVIDIA GeForce GTX 1080 Ti, 11264 MiB
NVIDIA GeForce GTX 1080 Ti, 11264 MiB
Using device: cuda
Loading datasets...
Train sessions: 75875 | Val sessions: 16262

Running grid search over 162 combinations...

SLURM array task 6: 1 config -> ../Models/sasrec_grid_bce_task6.csv
Trying: {'hidden_units': 64, 'dropout_rate': 0.1, 'num_blocks': 2, 'num_heads': 4, 'lr': 0.001}
Epoch 1 | Loss: 0.5847 | Val NDCG: 0.7632 | smoothed: 0.7632
Epoch 2 | Loss: 0.5743 | Val NDCG: 0.7661 | smoothed: 0.7646
Epoch 3 | Loss: 0.5742 | Val NDCG: 0.7756 | smoothed: 0.7683
Epoch 4 | Loss: 0.5710 | Val NDCG: 0.7714 | smoothed: 0.7710
Epoch 5 | Loss: 0.5699 | Val NDCG: 0.7728 | smoothed: 0.7733
Epoch 6 | Loss: 0.5684 | Val NDCG: 0.7743 | smoothed: 0.7728
Epoch 7 | Loss: 0.5681 | Val NDCG: 0.7772 | smoothed: 0.7747
Epoch 8 | Loss: 0.5666 | Val NDCG: 0.7787 | smoothed: 0.7767
Epoch 9 | Loss: 0.5662 | Val NDCG: 0.7765 | smoothed: 0.7775
Epoch 10 | Loss: 0.5653 | Val NDCG: 0.7757 | smoothed: 0.7770
Epoch 11 | Loss: 0.5655 | Val NDCG: 0.7757 | smoothed: 0.7760
Epoch 12 | Loss: 0.5646 | Val NDCG: 0.7784 | smoothed: 0.7766
Epoch 13 | Loss: 0.5636 | Val NDCG: 0.7808 | smoothed: 0.7783
Epoch 14 | Loss: 0.5632 | Val NDCG: 0.7774 | smoothed: 0.7788
Epoch 15 | Loss: 0.5632 | Val NDCG: 0.7801 | smoothed: 0.7794
Epoch 16 | Loss: 0.5636 | Val NDCG: 0.7773 | smoothed: 0.7782
Epoch 17 | Loss: 0.5625 | Val NDCG: 0.7770 | smoothed: 0.7781
Epoch 18 | Loss: 0.5619 | Val NDCG: 0.7800 | smoothed: 0.7781
Epoch 19 | Loss: 0.5624 | Val NDCG: 0.7808 | smoothed: 0.7793
Epoch 20 | Loss: 0.5628 | Val NDCG: 0.7804 | smoothed: 0.7804

Best smoothed NDCG: 0.7804 at epoch 20 of 20 run

1 combinations completed out of 1


--- Grid Search Results ---
 hidden_units  dropout_rate  num_blocks  num_heads    lr  val_ndcg  val_ndcg_raw  best_epoch  epochs_run  max_epochs
           64           0.1           2          4 0.001  0.780396      0.780434          20          20          20

Best config: {'hidden_units': 64.0, 'dropout_rate': 0.1, 'num_blocks': 2.0, 'num_heads': 4.0, 'lr': 0.001, 'val_ndcg': 0.7803956157097129, 'val_ndcg_raw': 0.7804343906176368, 'best_epoch': 20.0, 'epochs_run': 20.0, 'max_epochs': 20.0}
1 of 1 configs reached max_epochs
1 of 1 were still improving when stopped
Best params saved to ../Models/sasrec_bce_best_params.json
