task 232 | loss drrl | node slurmnode-gpu03
Tesla P100-PCIE-16GB, 16384 MiB
Tesla P100-PCIE-16GB, 16384 MiB
Tesla P100-PCIE-16GB, 16384 MiB
Tesla P100-PCIE-16GB, 16384 MiB
Using device: cuda
Loading datasets...
Train sessions: 75875 | Val sessions: 16262

Running grid search over 486 combinations...

SLURM array task 232: 1 config -> ../Models/sasrec_grid_drrl_task232.csv
Trying: {'hidden_units': 128, 'dropout_rate': 0.3, 'num_blocks': 1, 'num_heads': 16, 'lr': 0.0001, 'gamma': 3}
Epoch 1 | Loss: 0.0605 | Val NDCG: 0.7119 | smoothed: 0.7119
Epoch 2 | Loss: -0.1933 | Val NDCG: 0.7111 | smoothed: 0.7115
Epoch 3 | Loss: -0.2162 | Val NDCG: 0.7069 | smoothed: 0.7100
Epoch 4 | Loss: -0.2238 | Val NDCG: 0.7121 | smoothed: 0.7100
Epoch 5 | Loss: -0.2271 | Val NDCG: 0.7106 | smoothed: 0.7099
Epoch 6 | Loss: -0.2289 | Val NDCG: 0.7099 | smoothed: 0.7108

Best smoothed NDCG: 0.7119 at epoch 1 of 6 run

1 combinations completed out of 1


--- Grid Search Results ---
 hidden_units  dropout_rate  num_blocks  num_heads     lr  gamma  val_ndcg  val_ndcg_raw  best_epoch  epochs_run  max_epochs
          128           0.3           1         16 0.0001      3  0.711889      0.711889           1           6          40

Best config: {'hidden_units': 128.0, 'dropout_rate': 0.3, 'num_blocks': 1.0, 'num_heads': 16.0, 'lr': 0.0001, 'gamma': 3.0, 'val_ndcg': 0.7118891705794625, 'val_ndcg_raw': 0.7118891705794625, 'best_epoch': 1.0, 'epochs_run': 6.0, 'max_epochs': 40.0}
0 of 1 configs reached max_epochs
0 of 1 were still improving when stopped
Best params saved to ../Models/sasrec_drrl_best_params.json
