task 381 | loss drrl | node slurmnode-gpu03
Tesla P100-PCIE-16GB, 16384 MiB
Tesla P100-PCIE-16GB, 16384 MiB
Tesla P100-PCIE-16GB, 16384 MiB
Tesla P100-PCIE-16GB, 16384 MiB
Using device: cuda
Loading datasets...
Train sessions: 75875 | Val sessions: 16262

Running grid search over 486 combinations...

SLURM array task 381: 1 config -> ../Models/sasrec_grid_drrl_task381.csv
Trying: {'hidden_units': 256, 'dropout_rate': 0.3, 'num_blocks': 1, 'num_heads': 4, 'lr': 0.0001, 'gamma': 2}
Epoch 1 | Loss: 0.1108 | Val NDCG: 0.7253 | smoothed: 0.7253
Epoch 2 | Loss: -0.1823 | Val NDCG: 0.7166 | smoothed: 0.7210
Epoch 3 | Loss: -0.2089 | Val NDCG: 0.7182 | smoothed: 0.7201
Epoch 4 | Loss: -0.2189 | Val NDCG: 0.7198 | smoothed: 0.7182
Epoch 5 | Loss: -0.2236 | Val NDCG: 0.7260 | smoothed: 0.7213
Epoch 6 | Loss: -0.2259 | Val NDCG: 0.7234 | smoothed: 0.7231

Best smoothed NDCG: 0.7253 at epoch 1 of 6 run

1 combinations completed out of 1


--- Grid Search Results ---
 hidden_units  dropout_rate  num_blocks  num_heads     lr  gamma  val_ndcg  val_ndcg_raw  best_epoch  epochs_run  max_epochs
          256           0.3           1          4 0.0001      2  0.725277      0.725277           1           6          40

Best config: {'hidden_units': 256.0, 'dropout_rate': 0.3, 'num_blocks': 1.0, 'num_heads': 4.0, 'lr': 0.0001, 'gamma': 2.0, 'val_ndcg': 0.7252772945379266, 'val_ndcg_raw': 0.7252772945379266, 'best_epoch': 1.0, 'epochs_run': 6.0, 'max_epochs': 40.0}
0 of 1 configs reached max_epochs
0 of 1 were still improving when stopped
Best params saved to ../Models/sasrec_drrl_best_params.json
