task 335 | loss drrl | node slurmnode-gpu03
Tesla P100-PCIE-16GB, 16384 MiB
Tesla P100-PCIE-16GB, 16384 MiB
Tesla P100-PCIE-16GB, 16384 MiB
Tesla P100-PCIE-16GB, 16384 MiB
Using device: cuda
Loading datasets...
Train sessions: 75875 | Val sessions: 16262

Running grid search over 486 combinations...

SLURM array task 335: 1 config -> ../Models/sasrec_grid_drrl_task335.csv
Trying: {'hidden_units': 256, 'dropout_rate': 0.1, 'num_blocks': 1, 'num_heads': 8, 'lr': 0.0001, 'gamma': 4}
Epoch 1 | Loss: -0.0995 | Val NDCG: 0.7358 | smoothed: 0.7358
Epoch 2 | Loss: -0.2095 | Val NDCG: 0.7439 | smoothed: 0.7398
Epoch 3 | Loss: -0.2200 | Val NDCG: 0.7300 | smoothed: 0.7366
Epoch 4 | Loss: -0.2243 | Val NDCG: 0.7375 | smoothed: 0.7371
Epoch 5 | Loss: -0.2257 | Val NDCG: 0.7513 | smoothed: 0.7396
Epoch 6 | Loss: -0.2269 | Val NDCG: 0.7536 | smoothed: 0.7474
Epoch 7 | Loss: -0.2278 | Val NDCG: 0.7440 | smoothed: 0.7496
Epoch 8 | Loss: -0.2283 | Val NDCG: 0.7440 | smoothed: 0.7472
Epoch 9 | Loss: -0.2292 | Val NDCG: 0.7523 | smoothed: 0.7467
Epoch 10 | Loss: -0.2294 | Val NDCG: 0.7455 | smoothed: 0.7473
Epoch 11 | Loss: -0.2298 | Val NDCG: 0.7497 | smoothed: 0.7492
Epoch 12 | Loss: -0.2300 | Val NDCG: 0.7477 | smoothed: 0.7477

Best smoothed NDCG: 0.7496 at epoch 7 of 12 run

1 combinations completed out of 1


--- Grid Search Results ---
 hidden_units  dropout_rate  num_blocks  num_heads     lr  gamma  val_ndcg  val_ndcg_raw  best_epoch  epochs_run  max_epochs
          256           0.1           1          8 0.0001      4  0.749609      0.743971           7          12          40

Best config: {'hidden_units': 256.0, 'dropout_rate': 0.1, 'num_blocks': 1.0, 'num_heads': 8.0, 'lr': 0.0001, 'gamma': 4.0, 'val_ndcg': 0.7496093421003674, 'val_ndcg_raw': 0.7439713894300913, 'best_epoch': 7.0, 'epochs_run': 12.0, 'max_epochs': 40.0}
0 of 1 configs reached max_epochs
0 of 1 were still improving when stopped
Best params saved to ../Models/sasrec_drrl_best_params.json
