task 354 | loss drrl | node slurmnode-gpu03
Tesla P100-PCIE-16GB, 16384 MiB
Tesla P100-PCIE-16GB, 16384 MiB
Tesla P100-PCIE-16GB, 16384 MiB
Tesla P100-PCIE-16GB, 16384 MiB
Using device: cuda
Loading datasets...
Train sessions: 75875 | Val sessions: 16262

Running grid search over 486 combinations...

SLURM array task 354: 1 config -> ../Models/sasrec_grid_drrl_task354.csv
Trying: {'hidden_units': 256, 'dropout_rate': 0.1, 'num_blocks': 2, 'num_heads': 16, 'lr': 0.001, 'gamma': 2}
Epoch 1 | Loss: -0.1310 | Val NDCG: 0.7040 | smoothed: 0.7040
Epoch 2 | Loss: -0.2108 | Val NDCG: 0.7222 | smoothed: 0.7131
Epoch 3 | Loss: -0.2185 | Val NDCG: 0.7261 | smoothed: 0.7174
Epoch 4 | Loss: -0.2210 | Val NDCG: 0.7368 | smoothed: 0.7284
Epoch 5 | Loss: -0.2230 | Val NDCG: 0.7376 | smoothed: 0.7335
Epoch 6 | Loss: -0.2231 | Val NDCG: 0.6977 | smoothed: 0.7240
Epoch 7 | Loss: -0.2233 | Val NDCG: 0.7644 | smoothed: 0.7332
Epoch 8 | Loss: -0.2246 | Val NDCG: 0.7554 | smoothed: 0.7391
Epoch 9 | Loss: -0.2244 | Val NDCG: 0.7706 | smoothed: 0.7635
Epoch 10 | Loss: -0.2252 | Val NDCG: 0.7683 | smoothed: 0.7648
Epoch 11 | Loss: -0.2252 | Val NDCG: 0.7570 | smoothed: 0.7653
Epoch 12 | Loss: -0.2254 | Val NDCG: 0.7714 | smoothed: 0.7656
Epoch 13 | Loss: -0.2257 | Val NDCG: 0.7698 | smoothed: 0.7661
Epoch 14 | Loss: -0.2262 | Val NDCG: 0.7584 | smoothed: 0.7665
Epoch 15 | Loss: -0.2263 | Val NDCG: 0.7522 | smoothed: 0.7602
Epoch 16 | Loss: -0.2265 | Val NDCG: 0.7619 | smoothed: 0.7575
Epoch 17 | Loss: -0.2267 | Val NDCG: 0.7637 | smoothed: 0.7593
Epoch 18 | Loss: -0.2269 | Val NDCG: 0.7628 | smoothed: 0.7628
Epoch 19 | Loss: -0.2275 | Val NDCG: 0.7623 | smoothed: 0.7629

Best smoothed NDCG: 0.7665 at epoch 14 of 19 run

1 combinations completed out of 1


--- Grid Search Results ---
 hidden_units  dropout_rate  num_blocks  num_heads    lr  gamma  val_ndcg  val_ndcg_raw  best_epoch  epochs_run  max_epochs
          256           0.1           2         16 0.001      2   0.76655      0.758362          14          19          20

Best config: {'hidden_units': 256.0, 'dropout_rate': 0.1, 'num_blocks': 2.0, 'num_heads': 16.0, 'lr': 0.001, 'gamma': 2.0, 'val_ndcg': 0.7665499214428776, 'val_ndcg_raw': 0.7583624749174306, 'best_epoch': 14.0, 'epochs_run': 19.0, 'max_epochs': 20.0}
0 of 1 configs reached max_epochs
0 of 1 were still improving when stopped
Best params saved to ../Models/sasrec_drrl_best_params.json
