task 116 | loss bce | node slurmnode-gpu05
Tesla P100-PCIE-16GB, 16384 MiB
Tesla P100-PCIE-16GB, 16384 MiB
Tesla P100-PCIE-16GB, 16384 MiB
Tesla P100-PCIE-16GB, 16384 MiB
Using device: cuda
Loading datasets...
Train sessions: 75875 | Val sessions: 16262

Running grid search over 162 combinations...

SLURM array task 116: 1 config -> ../Models/sasrec_grid_bce_task116.csv
Trying: {'hidden_units': 256, 'dropout_rate': 0.1, 'num_blocks': 2, 'num_heads': 8, 'lr': 0.001}
Epoch 1 | Loss: 0.5865 | Val NDCG: 0.7610 | smoothed: 0.7610
Epoch 2 | Loss: 0.5764 | Val NDCG: 0.7661 | smoothed: 0.7636
Epoch 3 | Loss: 0.5743 | Val NDCG: 0.7686 | smoothed: 0.7652
Epoch 4 | Loss: 0.5720 | Val NDCG: 0.7702 | smoothed: 0.7683
Epoch 5 | Loss: 0.5716 | Val NDCG: 0.7717 | smoothed: 0.7702
Epoch 6 | Loss: 0.5696 | Val NDCG: 0.7745 | smoothed: 0.7721
Epoch 7 | Loss: 0.5689 | Val NDCG: 0.7761 | smoothed: 0.7741
Epoch 8 | Loss: 0.5674 | Val NDCG: 0.7776 | smoothed: 0.7761
Epoch 9 | Loss: 0.5672 | Val NDCG: 0.7759 | smoothed: 0.7765
Epoch 10 | Loss: 0.5675 | Val NDCG: 0.7787 | smoothed: 0.7774
Epoch 11 | Loss: 0.5654 | Val NDCG: 0.7777 | smoothed: 0.7774
Epoch 12 | Loss: 0.5652 | Val NDCG: 0.7775 | smoothed: 0.7780
Epoch 13 | Loss: 0.5635 | Val NDCG: 0.7790 | smoothed: 0.7781
Epoch 14 | Loss: 0.5629 | Val NDCG: 0.7801 | smoothed: 0.7789
Epoch 15 | Loss: 0.5631 | Val NDCG: 0.7782 | smoothed: 0.7791
Epoch 16 | Loss: 0.5621 | Val NDCG: 0.7788 | smoothed: 0.7790
Epoch 17 | Loss: 0.5628 | Val NDCG: 0.7783 | smoothed: 0.7784
Epoch 18 | Loss: 0.5619 | Val NDCG: 0.7789 | smoothed: 0.7787
Epoch 19 | Loss: 0.5614 | Val NDCG: 0.7831 | smoothed: 0.7801
Epoch 20 | Loss: 0.5613 | Val NDCG: 0.7811 | smoothed: 0.7810

Best smoothed NDCG: 0.7810 at epoch 20 of 20 run

1 combinations completed out of 1


--- Grid Search Results ---
 hidden_units  dropout_rate  num_blocks  num_heads    lr  val_ndcg  val_ndcg_raw  best_epoch  epochs_run  max_epochs
          256           0.1           2          8 0.001  0.780999      0.781065          20          20          20

Best config: {'hidden_units': 256.0, 'dropout_rate': 0.1, 'num_blocks': 2.0, 'num_heads': 8.0, 'lr': 0.001, 'val_ndcg': 0.7809989265287826, 'val_ndcg_raw': 0.7810649706840187, 'best_epoch': 20.0, 'epochs_run': 20.0, 'max_epochs': 20.0}
1 of 1 configs reached max_epochs
1 of 1 were still improving when stopped
Best params saved to ../Models/sasrec_bce_best_params.json
