task 19 | loss bce | node slurmnode-gpu02
NVIDIA GeForce GTX 1080 Ti, 11264 MiB
NVIDIA GeForce GTX 1080 Ti, 11264 MiB
NVIDIA GeForce GTX 1080 Ti, 11264 MiB
NVIDIA GeForce GTX 1080 Ti, 11264 MiB
NVIDIA GeForce GTX 1080 Ti, 11264 MiB
NVIDIA GeForce GTX 1080 Ti, 11264 MiB
NVIDIA GeForce GTX 1080 Ti, 11264 MiB
NVIDIA GeForce GTX 1080 Ti, 11264 MiB
Using device: cuda
Loading datasets...
Train sessions: 75875 | Val sessions: 16262

Running grid search over 162 combinations...

SLURM array task 19: 1 config -> ../Models/sasrec_grid_bce_task19.csv
Trying: {'hidden_units': 64, 'dropout_rate': 0.3, 'num_blocks': 1, 'num_heads': 4, 'lr': 0.0001}
Epoch 1 | Loss: 0.6215 | Val NDCG: 0.7243 | smoothed: 0.7243
Epoch 2 | Loss: 0.6028 | Val NDCG: 0.7384 | smoothed: 0.7313
Epoch 3 | Loss: 0.5964 | Val NDCG: 0.7526 | smoothed: 0.7384
Epoch 4 | Loss: 0.5917 | Val NDCG: 0.7547 | smoothed: 0.7486
Epoch 5 | Loss: 0.5890 | Val NDCG: 0.7604 | smoothed: 0.7559
Epoch 6 | Loss: 0.5871 | Val NDCG: 0.7627 | smoothed: 0.7593
Epoch 7 | Loss: 0.5848 | Val NDCG: 0.7611 | smoothed: 0.7614
Epoch 8 | Loss: 0.5844 | Val NDCG: 0.7652 | smoothed: 0.7630
Epoch 9 | Loss: 0.5834 | Val NDCG: 0.7661 | smoothed: 0.7641
Epoch 10 | Loss: 0.5823 | Val NDCG: 0.7663 | smoothed: 0.7659
Epoch 11 | Loss: 0.5825 | Val NDCG: 0.7669 | smoothed: 0.7664
Epoch 12 | Loss: 0.5814 | Val NDCG: 0.7676 | smoothed: 0.7670
Epoch 13 | Loss: 0.5813 | Val NDCG: 0.7679 | smoothed: 0.7675
Epoch 14 | Loss: 0.5805 | Val NDCG: 0.7690 | smoothed: 0.7682
Epoch 15 | Loss: 0.5802 | Val NDCG: 0.7685 | smoothed: 0.7685
Epoch 16 | Loss: 0.5804 | Val NDCG: 0.7693 | smoothed: 0.7690
Epoch 17 | Loss: 0.5798 | Val NDCG: 0.7696 | smoothed: 0.7691
Epoch 18 | Loss: 0.5779 | Val NDCG: 0.7695 | smoothed: 0.7695
Epoch 19 | Loss: 0.5790 | Val NDCG: 0.7694 | smoothed: 0.7695
Epoch 20 | Loss: 0.5786 | Val NDCG: 0.7711 | smoothed: 0.7700
Epoch 21 | Loss: 0.5782 | Val NDCG: 0.7710 | smoothed: 0.7705
Epoch 22 | Loss: 0.5784 | Val NDCG: 0.7702 | smoothed: 0.7707
Epoch 23 | Loss: 0.5785 | Val NDCG: 0.7719 | smoothed: 0.7710
Epoch 24 | Loss: 0.5779 | Val NDCG: 0.7711 | smoothed: 0.7711
Epoch 25 | Loss: 0.5774 | Val NDCG: 0.7717 | smoothed: 0.7716
Epoch 26 | Loss: 0.5768 | Val NDCG: 0.7709 | smoothed: 0.7713
Epoch 27 | Loss: 0.5779 | Val NDCG: 0.7710 | smoothed: 0.7712
Epoch 28 | Loss: 0.5778 | Val NDCG: 0.7710 | smoothed: 0.7710
Epoch 29 | Loss: 0.5759 | Val NDCG: 0.7715 | smoothed: 0.7712
Epoch 30 | Loss: 0.5768 | Val NDCG: 0.7718 | smoothed: 0.7715

Best smoothed NDCG: 0.7716 at epoch 25 of 30 run

1 combinations completed out of 1


--- Grid Search Results ---
 hidden_units  dropout_rate  num_blocks  num_heads     lr  val_ndcg  val_ndcg_raw  best_epoch  epochs_run  max_epochs
           64           0.3           1          4 0.0001  0.771581      0.771707          25          30          40

Best config: {'hidden_units': 64.0, 'dropout_rate': 0.3, 'num_blocks': 1.0, 'num_heads': 4.0, 'lr': 0.0001, 'val_ndcg': 0.7715814324336557, 'val_ndcg_raw': 0.771707463088066, 'best_epoch': 25.0, 'epochs_run': 30.0, 'max_epochs': 40.0}
0 of 1 configs reached max_epochs
0 of 1 were still improving when stopped
Best params saved to ../Models/sasrec_bce_best_params.json
