task 472 | loss drrl | node slurmnode-gpu03
Tesla P100-PCIE-16GB, 16384 MiB
Tesla P100-PCIE-16GB, 16384 MiB
Tesla P100-PCIE-16GB, 16384 MiB
Tesla P100-PCIE-16GB, 16384 MiB
Using device: cuda
Loading datasets...
Train sessions: 75875 | Val sessions: 16262

Running grid search over 486 combinations...

SLURM array task 472: 1 config -> ../Models/sasrec_grid_drrl_task472.csv
Trying: {'hidden_units': 256, 'dropout_rate': 0.5, 'num_blocks': 3, 'num_heads': 4, 'lr': 0.0001, 'gamma': 3}
Epoch 1 | Loss: -0.0564 | Val NDCG: 0.7040 | smoothed: 0.7040
Epoch 2 | Loss: -0.2143 | Val NDCG: 0.7037 | smoothed: 0.7038
Epoch 3 | Loss: -0.2225 | Val NDCG: 0.7005 | smoothed: 0.7027
Epoch 4 | Loss: -0.2260 | Val NDCG: 0.7022 | smoothed: 0.7021
Epoch 5 | Loss: -0.2265 | Val NDCG: 0.7045 | smoothed: 0.7024
Epoch 6 | Loss: -0.2275 | Val NDCG: 0.7058 | smoothed: 0.7042
Epoch 7 | Loss: -0.2278 | Val NDCG: 0.7288 | smoothed: 0.7130
Epoch 8 | Loss: -0.2285 | Val NDCG: 0.7321 | smoothed: 0.7222
Epoch 9 | Loss: -0.2288 | Val NDCG: 0.7119 | smoothed: 0.7243
Epoch 10 | Loss: -0.2288 | Val NDCG: 0.7540 | smoothed: 0.7327
Epoch 11 | Loss: -0.2290 | Val NDCG: 0.7275 | smoothed: 0.7311
Epoch 12 | Loss: -0.2292 | Val NDCG: 0.7424 | smoothed: 0.7413
Epoch 13 | Loss: -0.2295 | Val NDCG: 0.7486 | smoothed: 0.7395
Epoch 14 | Loss: -0.2295 | Val NDCG: 0.7239 | smoothed: 0.7383
Epoch 15 | Loss: -0.2298 | Val NDCG: 0.7376 | smoothed: 0.7367
Epoch 16 | Loss: -0.2300 | Val NDCG: 0.7351 | smoothed: 0.7322
Epoch 17 | Loss: -0.2298 | Val NDCG: 0.7297 | smoothed: 0.7341

Best smoothed NDCG: 0.7413 at epoch 12 of 17 run

1 combinations completed out of 1


--- Grid Search Results ---
 hidden_units  dropout_rate  num_blocks  num_heads     lr  gamma  val_ndcg  val_ndcg_raw  best_epoch  epochs_run  max_epochs
          256           0.5           3          4 0.0001      3  0.741273      0.742392          12          17          40

Best config: {'hidden_units': 256.0, 'dropout_rate': 0.5, 'num_blocks': 3.0, 'num_heads': 4.0, 'lr': 0.0001, 'gamma': 3.0, 'val_ndcg': 0.7412732632101579, 'val_ndcg_raw': 0.7423921533704466, 'best_epoch': 12.0, 'epochs_run': 17.0, 'max_epochs': 40.0}
0 of 1 configs reached max_epochs
0 of 1 were still improving when stopped
Best params saved to ../Models/sasrec_drrl_best_params.json
