task 421 | loss drrl | node slurmnode-gpu03
Tesla P100-PCIE-16GB, 16384 MiB
Tesla P100-PCIE-16GB, 16384 MiB
Tesla P100-PCIE-16GB, 16384 MiB
Tesla P100-PCIE-16GB, 16384 MiB
Using device: cuda
Loading datasets...
Train sessions: 75875 | Val sessions: 16262

Running grid search over 486 combinations...

SLURM array task 421: 1 config -> ../Models/sasrec_grid_drrl_task421.csv
Trying: {'hidden_units': 256, 'dropout_rate': 0.3, 'num_blocks': 3, 'num_heads': 8, 'lr': 0.001, 'gamma': 3}
Epoch 1 | Loss: -0.1647 | Val NDCG: 0.7509 | smoothed: 0.7509
Epoch 2 | Loss: -0.2214 | Val NDCG: 0.7133 | smoothed: 0.7321
Epoch 3 | Loss: -0.2244 | Val NDCG: 0.7304 | smoothed: 0.7315
Epoch 4 | Loss: -0.2258 | Val NDCG: 0.7603 | smoothed: 0.7347
Epoch 5 | Loss: -0.2244 | Val NDCG: 0.7630 | smoothed: 0.7512
Epoch 6 | Loss: -0.2264 | Val NDCG: 0.7547 | smoothed: 0.7593
Epoch 7 | Loss: -0.2269 | Val NDCG: 0.7581 | smoothed: 0.7586
Epoch 8 | Loss: -0.2275 | Val NDCG: 0.7546 | smoothed: 0.7558
Epoch 9 | Loss: -0.2271 | Val NDCG: 0.7573 | smoothed: 0.7567
Epoch 10 | Loss: -0.2283 | Val NDCG: 0.7623 | smoothed: 0.7581
Epoch 11 | Loss: -0.2284 | Val NDCG: 0.7351 | smoothed: 0.7516

Best smoothed NDCG: 0.7593 at epoch 6 of 11 run

1 combinations completed out of 1


--- Grid Search Results ---
 hidden_units  dropout_rate  num_blocks  num_heads    lr  gamma  val_ndcg  val_ndcg_raw  best_epoch  epochs_run  max_epochs
          256           0.3           3          8 0.001      3  0.759325      0.754671           6          11          20

Best config: {'hidden_units': 256.0, 'dropout_rate': 0.3, 'num_blocks': 3.0, 'num_heads': 8.0, 'lr': 0.001, 'gamma': 3.0, 'val_ndcg': 0.759325299561049, 'val_ndcg_raw': 0.7546708302648742, 'best_epoch': 6.0, 'epochs_run': 11.0, 'max_epochs': 20.0}
0 of 1 configs reached max_epochs
0 of 1 were still improving when stopped
Best params saved to ../Models/sasrec_drrl_best_params.json
