task 3 | loss bce | node slurmnode-gpu02
NVIDIA GeForce GTX 1080 Ti, 11264 MiB
NVIDIA GeForce GTX 1080 Ti, 11264 MiB
NVIDIA GeForce GTX 1080 Ti, 11264 MiB
NVIDIA GeForce GTX 1080 Ti, 11264 MiB
NVIDIA GeForce GTX 1080 Ti, 11264 MiB
NVIDIA GeForce GTX 1080 Ti, 11264 MiB
NVIDIA GeForce GTX 1080 Ti, 11264 MiB
NVIDIA GeForce GTX 1080 Ti, 11264 MiB
Using device: cuda
Loading datasets...
Train sessions: 75875 | Val sessions: 16262

Running grid search over 162 combinations...

SLURM array task 3: 1 config -> ../Models/sasrec_grid_bce_task3.csv
Trying: {'hidden_units': 64, 'dropout_rate': 0.1, 'num_blocks': 1, 'num_heads': 8, 'lr': 0.0001}
Epoch 1 | Loss: 0.6094 | Val NDCG: 0.7419 | smoothed: 0.7419
Epoch 2 | Loss: 0.5910 | Val NDCG: 0.7513 | smoothed: 0.7466
Epoch 3 | Loss: 0.5860 | Val NDCG: 0.7570 | smoothed: 0.7501
Epoch 4 | Loss: 0.5836 | Val NDCG: 0.7583 | smoothed: 0.7556
Epoch 5 | Loss: 0.5804 | Val NDCG: 0.7624 | smoothed: 0.7593
Epoch 6 | Loss: 0.5807 | Val NDCG: 0.7630 | smoothed: 0.7613
Epoch 7 | Loss: 0.5799 | Val NDCG: 0.7630 | smoothed: 0.7628
Epoch 8 | Loss: 0.5788 | Val NDCG: 0.7654 | smoothed: 0.7638
Epoch 9 | Loss: 0.5772 | Val NDCG: 0.7649 | smoothed: 0.7644
Epoch 10 | Loss: 0.5758 | Val NDCG: 0.7664 | smoothed: 0.7656
Epoch 11 | Loss: 0.5745 | Val NDCG: 0.7669 | smoothed: 0.7661
Epoch 12 | Loss: 0.5741 | Val NDCG: 0.7667 | smoothed: 0.7667
Epoch 13 | Loss: 0.5746 | Val NDCG: 0.7669 | smoothed: 0.7669
Epoch 14 | Loss: 0.5742 | Val NDCG: 0.7661 | smoothed: 0.7666
Epoch 15 | Loss: 0.5736 | Val NDCG: 0.7668 | smoothed: 0.7666
Epoch 16 | Loss: 0.5742 | Val NDCG: 0.7668 | smoothed: 0.7666
Epoch 17 | Loss: 0.5729 | Val NDCG: 0.7673 | smoothed: 0.7670
Epoch 18 | Loss: 0.5726 | Val NDCG: 0.7681 | smoothed: 0.7674
Epoch 19 | Loss: 0.5716 | Val NDCG: 0.7685 | smoothed: 0.7680
Epoch 20 | Loss: 0.5708 | Val NDCG: 0.7698 | smoothed: 0.7688
Epoch 21 | Loss: 0.5708 | Val NDCG: 0.7684 | smoothed: 0.7689
Epoch 22 | Loss: 0.5712 | Val NDCG: 0.7698 | smoothed: 0.7694
Epoch 23 | Loss: 0.5709 | Val NDCG: 0.7685 | smoothed: 0.7689
Epoch 24 | Loss: 0.5709 | Val NDCG: 0.7685 | smoothed: 0.7689
Epoch 25 | Loss: 0.5712 | Val NDCG: 0.7696 | smoothed: 0.7689
Epoch 26 | Loss: 0.5693 | Val NDCG: 0.7692 | smoothed: 0.7691
Epoch 27 | Loss: 0.5714 | Val NDCG: 0.7711 | smoothed: 0.7700
Epoch 28 | Loss: 0.5699 | Val NDCG: 0.7711 | smoothed: 0.7705
Epoch 29 | Loss: 0.5708 | Val NDCG: 0.7703 | smoothed: 0.7708
Epoch 30 | Loss: 0.5695 | Val NDCG: 0.7701 | smoothed: 0.7705
Epoch 31 | Loss: 0.5703 | Val NDCG: 0.7700 | smoothed: 0.7701
Epoch 32 | Loss: 0.5694 | Val NDCG: 0.7695 | smoothed: 0.7699
Epoch 33 | Loss: 0.5698 | Val NDCG: 0.7724 | smoothed: 0.7706
Epoch 34 | Loss: 0.5695 | Val NDCG: 0.7709 | smoothed: 0.7710
Epoch 35 | Loss: 0.5682 | Val NDCG: 0.7703 | smoothed: 0.7712
Epoch 36 | Loss: 0.5691 | Val NDCG: 0.7716 | smoothed: 0.7710
Epoch 37 | Loss: 0.5683 | Val NDCG: 0.7704 | smoothed: 0.7708
Epoch 38 | Loss: 0.5686 | Val NDCG: 0.7716 | smoothed: 0.7712
Epoch 39 | Loss: 0.5683 | Val NDCG: 0.7714 | smoothed: 0.7711
Epoch 40 | Loss: 0.5682 | Val NDCG: 0.7728 | smoothed: 0.7719

Best smoothed NDCG: 0.7719 at epoch 40 of 40 run

1 combinations completed out of 1


--- Grid Search Results ---
 hidden_units  dropout_rate  num_blocks  num_heads     lr  val_ndcg  val_ndcg_raw  best_epoch  epochs_run  max_epochs
           64           0.1           1          8 0.0001  0.771922      0.772756          40          40          40

Best config: {'hidden_units': 64.0, 'dropout_rate': 0.1, 'num_blocks': 1.0, 'num_heads': 8.0, 'lr': 0.0001, 'val_ndcg': 0.771922402295793, 'val_ndcg_raw': 0.7727557692681541, 'best_epoch': 40.0, 'epochs_run': 40.0, 'max_epochs': 40.0}
1 of 1 configs reached max_epochs
1 of 1 were still improving when stopped
Best params saved to ../Models/sasrec_bce_best_params.json
