task 20 | loss pwts | node slurmnode-gpu02
NVIDIA GeForce GTX 1080 Ti, 11264 MiB
NVIDIA GeForce GTX 1080 Ti, 11264 MiB
NVIDIA GeForce GTX 1080 Ti, 11264 MiB
NVIDIA GeForce GTX 1080 Ti, 11264 MiB
NVIDIA GeForce GTX 1080 Ti, 11264 MiB
NVIDIA GeForce GTX 1080 Ti, 11264 MiB
NVIDIA GeForce GTX 1080 Ti, 11264 MiB
NVIDIA GeForce GTX 1080 Ti, 11264 MiB
Using device: cuda
Loading datasets...
Train sessions: 75875 | Val sessions: 16262

Running grid search over 162 combinations...

SLURM array task 20: 1 config -> ../Models/sasrec_grid_pwts_task20.csv
Trying: {'hidden_units': 64, 'dropout_rate': 0.3, 'num_blocks': 1, 'num_heads': 8, 'lr': 0.001}
Epoch 1 | Loss: 0.6285 | Val NDCG: 0.7662 | smoothed: 0.7662
Epoch 2 | Loss: 0.6127 | Val NDCG: 0.7660 | smoothed: 0.7661
Epoch 3 | Loss: 0.6101 | Val NDCG: 0.7725 | smoothed: 0.7682
Epoch 4 | Loss: 0.6079 | Val NDCG: 0.7690 | smoothed: 0.7692
Epoch 5 | Loss: 0.6061 | Val NDCG: 0.7740 | smoothed: 0.7719
Epoch 6 | Loss: 0.6050 | Val NDCG: 0.7718 | smoothed: 0.7716
Epoch 7 | Loss: 0.6024 | Val NDCG: 0.7708 | smoothed: 0.7722
Epoch 8 | Loss: 0.6032 | Val NDCG: 0.7747 | smoothed: 0.7724
Epoch 9 | Loss: 0.6024 | Val NDCG: 0.7703 | smoothed: 0.7719
Epoch 10 | Loss: 0.6015 | Val NDCG: 0.7741 | smoothed: 0.7731
Epoch 11 | Loss: 0.6000 | Val NDCG: 0.7769 | smoothed: 0.7738
Epoch 12 | Loss: 0.6002 | Val NDCG: 0.7701 | smoothed: 0.7737
Epoch 13 | Loss: 0.5991 | Val NDCG: 0.7753 | smoothed: 0.7741
Epoch 14 | Loss: 0.6000 | Val NDCG: 0.7743 | smoothed: 0.7732
Epoch 15 | Loss: 0.5994 | Val NDCG: 0.7744 | smoothed: 0.7747
Epoch 16 | Loss: 0.6005 | Val NDCG: 0.7742 | smoothed: 0.7743
Epoch 17 | Loss: 0.5978 | Val NDCG: 0.7759 | smoothed: 0.7748
Epoch 18 | Loss: 0.5981 | Val NDCG: 0.7792 | smoothed: 0.7764
Epoch 19 | Loss: 0.5985 | Val NDCG: 0.7769 | smoothed: 0.7773
Epoch 20 | Loss: 0.5981 | Val NDCG: 0.7783 | smoothed: 0.7782

Best smoothed NDCG: 0.7782 at epoch 20 of 20 run

1 combinations completed out of 1


--- Grid Search Results ---
 hidden_units  dropout_rate  num_blocks  num_heads    lr  val_ndcg  val_ndcg_raw  best_epoch  epochs_run  max_epochs
           64           0.3           1          8 0.001  0.778151      0.778349          20          20          20

Best config: {'hidden_units': 64.0, 'dropout_rate': 0.3, 'num_blocks': 1.0, 'num_heads': 8.0, 'lr': 0.001, 'val_ndcg': 0.7781505224534824, 'val_ndcg_raw': 0.7783485346502768, 'best_epoch': 20.0, 'epochs_run': 20.0, 'max_epochs': 20.0}
1 of 1 configs reached max_epochs
1 of 1 were still improving when stopped
Best params saved to ../Models/sasrec_pwts_best_params.json
