task 48 | loss bce | node slurmnode-gpu02
NVIDIA GeForce GTX 1080 Ti, 11264 MiB
NVIDIA GeForce GTX 1080 Ti, 11264 MiB
NVIDIA GeForce GTX 1080 Ti, 11264 MiB
NVIDIA GeForce GTX 1080 Ti, 11264 MiB
NVIDIA GeForce GTX 1080 Ti, 11264 MiB
NVIDIA GeForce GTX 1080 Ti, 11264 MiB
NVIDIA GeForce GTX 1080 Ti, 11264 MiB
NVIDIA GeForce GTX 1080 Ti, 11264 MiB
Using device: cuda
Loading datasets...
Train sessions: 75875 | Val sessions: 16262

Running grid search over 162 combinations...

SLURM array task 48: 1 config -> ../Models/sasrec_grid_bce_task48.csv
Trying: {'hidden_units': 64, 'dropout_rate': 0.5, 'num_blocks': 3, 'num_heads': 4, 'lr': 0.001}
Epoch 1 | Loss: 0.5971 | Val NDCG: 0.7598 | smoothed: 0.7598
Epoch 2 | Loss: 0.5829 | Val NDCG: 0.7639 | smoothed: 0.7618
Epoch 3 | Loss: 0.5787 | Val NDCG: 0.7648 | smoothed: 0.7628
Epoch 4 | Loss: 0.5780 | Val NDCG: 0.7660 | smoothed: 0.7649
Epoch 5 | Loss: 0.5776 | Val NDCG: 0.7633 | smoothed: 0.7647
Epoch 6 | Loss: 0.5760 | Val NDCG: 0.7654 | smoothed: 0.7649
Epoch 7 | Loss: 0.5751 | Val NDCG: 0.7675 | smoothed: 0.7654
Epoch 8 | Loss: 0.5743 | Val NDCG: 0.7701 | smoothed: 0.7677
Epoch 9 | Loss: 0.5749 | Val NDCG: 0.7700 | smoothed: 0.7692
Epoch 10 | Loss: 0.5735 | Val NDCG: 0.7689 | smoothed: 0.7697
Epoch 11 | Loss: 0.5731 | Val NDCG: 0.7678 | smoothed: 0.7689
Epoch 12 | Loss: 0.5735 | Val NDCG: 0.7697 | smoothed: 0.7688
Epoch 13 | Loss: 0.5726 | Val NDCG: 0.7704 | smoothed: 0.7693
Epoch 14 | Loss: 0.5732 | Val NDCG: 0.7710 | smoothed: 0.7703
Epoch 15 | Loss: 0.5714 | Val NDCG: 0.7730 | smoothed: 0.7715
Epoch 16 | Loss: 0.5708 | Val NDCG: 0.7703 | smoothed: 0.7714
Epoch 17 | Loss: 0.5718 | Val NDCG: 0.7738 | smoothed: 0.7724
Epoch 18 | Loss: 0.5707 | Val NDCG: 0.7739 | smoothed: 0.7727
Epoch 19 | Loss: 0.5715 | Val NDCG: 0.7699 | smoothed: 0.7725
Epoch 20 | Loss: 0.5719 | Val NDCG: 0.7767 | smoothed: 0.7735

Best smoothed NDCG: 0.7735 at epoch 20 of 20 run

1 combinations completed out of 1


--- Grid Search Results ---
 hidden_units  dropout_rate  num_blocks  num_heads    lr  val_ndcg  val_ndcg_raw  best_epoch  epochs_run  max_epochs
           64           0.5           3          4 0.001  0.773522      0.776728          20          20          20

Best config: {'hidden_units': 64.0, 'dropout_rate': 0.5, 'num_blocks': 3.0, 'num_heads': 4.0, 'lr': 0.001, 'val_ndcg': 0.773522411419535, 'val_ndcg_raw': 0.7767279920903365, 'best_epoch': 20.0, 'epochs_run': 20.0, 'max_epochs': 20.0}
1 of 1 configs reached max_epochs
1 of 1 were still improving when stopped
Best params saved to ../Models/sasrec_bce_best_params.json
