task 54 | loss pwts | node slurmnode-gpu02
NVIDIA GeForce GTX 1080 Ti, 11264 MiB
NVIDIA GeForce GTX 1080 Ti, 11264 MiB
NVIDIA GeForce GTX 1080 Ti, 11264 MiB
NVIDIA GeForce GTX 1080 Ti, 11264 MiB
NVIDIA GeForce GTX 1080 Ti, 11264 MiB
NVIDIA GeForce GTX 1080 Ti, 11264 MiB
NVIDIA GeForce GTX 1080 Ti, 11264 MiB
NVIDIA GeForce GTX 1080 Ti, 11264 MiB
Using device: cuda
Loading datasets...
Train sessions: 75875 | Val sessions: 16262

Running grid search over 162 combinations...

SLURM array task 54: 1 config -> ../Models/sasrec_grid_pwts_task54.csv
Trying: {'hidden_units': 128, 'dropout_rate': 0.1, 'num_blocks': 1, 'num_heads': 4, 'lr': 0.001}
Epoch 1 | Loss: 0.6174 | Val NDCG: 0.7668 | smoothed: 0.7668
Epoch 2 | Loss: 0.6064 | Val NDCG: 0.7639 | smoothed: 0.7654
Epoch 3 | Loss: 0.6050 | Val NDCG: 0.7694 | smoothed: 0.7667
Epoch 4 | Loss: 0.6032 | Val NDCG: 0.7720 | smoothed: 0.7684
Epoch 5 | Loss: 0.6016 | Val NDCG: 0.7712 | smoothed: 0.7708
Epoch 6 | Loss: 0.6007 | Val NDCG: 0.7746 | smoothed: 0.7726
Epoch 7 | Loss: 0.6006 | Val NDCG: 0.7761 | smoothed: 0.7740
Epoch 8 | Loss: 0.5978 | Val NDCG: 0.7760 | smoothed: 0.7756
Epoch 9 | Loss: 0.5969 | Val NDCG: 0.7764 | smoothed: 0.7762
Epoch 10 | Loss: 0.5949 | Val NDCG: 0.7766 | smoothed: 0.7764
Epoch 11 | Loss: 0.5942 | Val NDCG: 0.7756 | smoothed: 0.7762
Epoch 12 | Loss: 0.5938 | Val NDCG: 0.7803 | smoothed: 0.7775
Epoch 13 | Loss: 0.5934 | Val NDCG: 0.7788 | smoothed: 0.7782
Epoch 14 | Loss: 0.5931 | Val NDCG: 0.7756 | smoothed: 0.7782
Epoch 15 | Loss: 0.5913 | Val NDCG: 0.7812 | smoothed: 0.7785
Epoch 16 | Loss: 0.5918 | Val NDCG: 0.7841 | smoothed: 0.7803
Epoch 17 | Loss: 0.5924 | Val NDCG: 0.7797 | smoothed: 0.7817
Epoch 18 | Loss: 0.5913 | Val NDCG: 0.7801 | smoothed: 0.7813
Epoch 19 | Loss: 0.5914 | Val NDCG: 0.7805 | smoothed: 0.7801
Epoch 20 | Loss: 0.5912 | Val NDCG: 0.7783 | smoothed: 0.7796

Best smoothed NDCG: 0.7817 at epoch 17 of 20 run

1 combinations completed out of 1


--- Grid Search Results ---
 hidden_units  dropout_rate  num_blocks  num_heads    lr  val_ndcg  val_ndcg_raw  best_epoch  epochs_run  max_epochs
          128           0.1           1          4 0.001  0.781675      0.779744          17          20          20

Best config: {'hidden_units': 128.0, 'dropout_rate': 0.1, 'num_blocks': 1.0, 'num_heads': 4.0, 'lr': 0.001, 'val_ndcg': 0.7816752539629946, 'val_ndcg_raw': 0.7797444304779825, 'best_epoch': 17.0, 'epochs_run': 20.0, 'max_epochs': 20.0}
1 of 1 configs reached max_epochs
0 of 1 were still improving when stopped
Best params saved to ../Models/sasrec_pwts_best_params.json
