task 101 | loss drrl | node slurmnode-gpu07
NVIDIA A40, 46068 MiB
NVIDIA A40, 46068 MiB
NVIDIA A40, 46068 MiB
NVIDIA A40, 46068 MiB
Using device: cuda
Loading datasets...
Train sessions: 75875 | Val sessions: 16262

Running grid search over 486 combinations...

SLURM array task 101: 1 config -> ../Models/sasrec_grid_drrl_task101.csv
Trying: {'hidden_units': 64, 'dropout_rate': 0.3, 'num_blocks': 3, 'num_heads': 8, 'lr': 0.0001, 'gamma': 4}
Epoch 1 | Loss: -0.0161 | Val NDCG: 0.7215 | smoothed: 0.7215
Epoch 2 | Loss: -0.2044 | Val NDCG: 0.7258 | smoothed: 0.7237
Epoch 3 | Loss: -0.2199 | Val NDCG: 0.7228 | smoothed: 0.7234
Epoch 4 | Loss: -0.2254 | Val NDCG: 0.7178 | smoothed: 0.7221
Epoch 5 | Loss: -0.2278 | Val NDCG: 0.7175 | smoothed: 0.7194
Epoch 6 | Loss: -0.2292 | Val NDCG: 0.7178 | smoothed: 0.7177
Epoch 7 | Loss: -0.2301 | Val NDCG: 0.7188 | smoothed: 0.7180

Best smoothed NDCG: 0.7237 at epoch 2 of 7 run

1 combinations completed out of 1


--- Grid Search Results ---
 hidden_units  dropout_rate  num_blocks  num_heads     lr  gamma  val_ndcg  val_ndcg_raw  best_epoch  epochs_run  max_epochs
           64           0.3           3          8 0.0001      4  0.723652      0.725816           2           7          40

Best config: {'hidden_units': 64.0, 'dropout_rate': 0.3, 'num_blocks': 3.0, 'num_heads': 8.0, 'lr': 0.0001, 'gamma': 4.0, 'val_ndcg': 0.7236515379671703, 'val_ndcg_raw': 0.7258163849364571, 'best_epoch': 2.0, 'epochs_run': 7.0, 'max_epochs': 40.0}
0 of 1 configs reached max_epochs
0 of 1 were still improving when stopped
Best params saved to ../Models/sasrec_drrl_best_params.json
