task 120 | loss bce | node slurmnode-gpu05
Tesla P100-PCIE-16GB, 16384 MiB
Tesla P100-PCIE-16GB, 16384 MiB
Tesla P100-PCIE-16GB, 16384 MiB
Tesla P100-PCIE-16GB, 16384 MiB
Using device: cuda
Loading datasets...
Train sessions: 75875 | Val sessions: 16262

Running grid search over 162 combinations...

SLURM array task 120: 1 config -> ../Models/sasrec_grid_bce_task120.csv
Trying: {'hidden_units': 256, 'dropout_rate': 0.1, 'num_blocks': 3, 'num_heads': 4, 'lr': 0.001}
Epoch 1 | Loss: 0.5867 | Val NDCG: 0.7561 | smoothed: 0.7561
Epoch 2 | Loss: 0.5778 | Val NDCG: 0.7619 | smoothed: 0.7590
Epoch 3 | Loss: 0.5754 | Val NDCG: 0.7690 | smoothed: 0.7623
Epoch 4 | Loss: 0.5731 | Val NDCG: 0.7722 | smoothed: 0.7677
Epoch 5 | Loss: 0.5729 | Val NDCG: 0.7719 | smoothed: 0.7710
Epoch 6 | Loss: 0.5712 | Val NDCG: 0.7703 | smoothed: 0.7715
Epoch 7 | Loss: 0.5706 | Val NDCG: 0.7722 | smoothed: 0.7715
Epoch 8 | Loss: 0.5694 | Val NDCG: 0.7743 | smoothed: 0.7723
Epoch 9 | Loss: 0.5677 | Val NDCG: 0.7729 | smoothed: 0.7732
Epoch 10 | Loss: 0.5674 | Val NDCG: 0.7686 | smoothed: 0.7719
Epoch 11 | Loss: 0.5669 | Val NDCG: 0.7756 | smoothed: 0.7724
Epoch 12 | Loss: 0.5666 | Val NDCG: 0.7792 | smoothed: 0.7745
Epoch 13 | Loss: 0.5657 | Val NDCG: 0.7766 | smoothed: 0.7771
Epoch 14 | Loss: 0.5647 | Val NDCG: 0.7781 | smoothed: 0.7780
Epoch 15 | Loss: 0.5647 | Val NDCG: 0.7794 | smoothed: 0.7780
Epoch 16 | Loss: 0.5633 | Val NDCG: 0.7822 | smoothed: 0.7799
Epoch 17 | Loss: 0.5635 | Val NDCG: 0.7753 | smoothed: 0.7790
Epoch 18 | Loss: 0.5632 | Val NDCG: 0.7806 | smoothed: 0.7794
Epoch 19 | Loss: 0.5622 | Val NDCG: 0.7766 | smoothed: 0.7775
Epoch 20 | Loss: 0.5631 | Val NDCG: 0.7782 | smoothed: 0.7784

Best smoothed NDCG: 0.7799 at epoch 16 of 20 run

1 combinations completed out of 1


--- Grid Search Results ---
 hidden_units  dropout_rate  num_blocks  num_heads    lr  val_ndcg  val_ndcg_raw  best_epoch  epochs_run  max_epochs
          256           0.1           3          4 0.001  0.779908      0.782226          16          20          20

Best config: {'hidden_units': 256.0, 'dropout_rate': 0.1, 'num_blocks': 3.0, 'num_heads': 4.0, 'lr': 0.001, 'val_ndcg': 0.7799075526060628, 'val_ndcg_raw': 0.7822264954784132, 'best_epoch': 16.0, 'epochs_run': 20.0, 'max_epochs': 20.0}
1 of 1 configs reached max_epochs
0 of 1 were still improving when stopped
Best params saved to ../Models/sasrec_bce_best_params.json
