task 106 | loss bce | node slurmnode-gpu05
Tesla P100-PCIE-16GB, 16384 MiB
Tesla P100-PCIE-16GB, 16384 MiB
Tesla P100-PCIE-16GB, 16384 MiB
Tesla P100-PCIE-16GB, 16384 MiB
Using device: cuda
Loading datasets...
Train sessions: 75875 | Val sessions: 16262

Running grid search over 162 combinations...

SLURM array task 106: 1 config -> ../Models/sasrec_grid_bce_task106.csv
Trying: {'hidden_units': 128, 'dropout_rate': 0.5, 'num_blocks': 3, 'num_heads': 16, 'lr': 0.001}
Epoch 1 | Loss: 0.5906 | Val NDCG: 0.7550 | smoothed: 0.7550
Epoch 2 | Loss: 0.5800 | Val NDCG: 0.7639 | smoothed: 0.7594
Epoch 3 | Loss: 0.5778 | Val NDCG: 0.7618 | smoothed: 0.7602
Epoch 4 | Loss: 0.5757 | Val NDCG: 0.7661 | smoothed: 0.7639
Epoch 5 | Loss: 0.5743 | Val NDCG: 0.7675 | smoothed: 0.7651
Epoch 6 | Loss: 0.5735 | Val NDCG: 0.7703 | smoothed: 0.7680
Epoch 7 | Loss: 0.5734 | Val NDCG: 0.7675 | smoothed: 0.7684
Epoch 8 | Loss: 0.5728 | Val NDCG: 0.7706 | smoothed: 0.7695
Epoch 9 | Loss: 0.5705 | Val NDCG: 0.7715 | smoothed: 0.7699
Epoch 10 | Loss: 0.5705 | Val NDCG: 0.7695 | smoothed: 0.7705
Epoch 11 | Loss: 0.5708 | Val NDCG: 0.7709 | smoothed: 0.7706
Epoch 12 | Loss: 0.5689 | Val NDCG: 0.7746 | smoothed: 0.7717
Epoch 13 | Loss: 0.5691 | Val NDCG: 0.7736 | smoothed: 0.7730
Epoch 14 | Loss: 0.5687 | Val NDCG: 0.7726 | smoothed: 0.7736
Epoch 15 | Loss: 0.5681 | Val NDCG: 0.7719 | smoothed: 0.7727
Epoch 16 | Loss: 0.5701 | Val NDCG: 0.7727 | smoothed: 0.7724
Epoch 17 | Loss: 0.5692 | Val NDCG: 0.7762 | smoothed: 0.7736
Epoch 18 | Loss: 0.5673 | Val NDCG: 0.7724 | smoothed: 0.7738
Epoch 19 | Loss: 0.5673 | Val NDCG: 0.7758 | smoothed: 0.7748
Epoch 20 | Loss: 0.5670 | Val NDCG: 0.7721 | smoothed: 0.7734

Best smoothed NDCG: 0.7748 at epoch 19 of 20 run

1 combinations completed out of 1


--- Grid Search Results ---
 hidden_units  dropout_rate  num_blocks  num_heads    lr  val_ndcg  val_ndcg_raw  best_epoch  epochs_run  max_epochs
          128           0.5           3         16 0.001  0.774815      0.775838          19          20          20

Best config: {'hidden_units': 128.0, 'dropout_rate': 0.5, 'num_blocks': 3.0, 'num_heads': 16.0, 'lr': 0.001, 'val_ndcg': 0.7748145467596329, 'val_ndcg_raw': 0.7758379844883118, 'best_epoch': 19.0, 'epochs_run': 20.0, 'max_epochs': 20.0}
1 of 1 configs reached max_epochs
1 of 1 were still improving when stopped
Best params saved to ../Models/sasrec_bce_best_params.json
