task 158 | loss bce | node slurmnode-gpu07
NVIDIA A40, 46068 MiB
NVIDIA A40, 46068 MiB
NVIDIA A40, 46068 MiB
NVIDIA A40, 46068 MiB
Using device: cuda
Loading datasets...
Train sessions: 75875 | Val sessions: 16262

Running grid search over 162 combinations...

SLURM array task 158: 1 config -> ../Models/sasrec_grid_bce_task158.csv
Trying: {'hidden_units': 256, 'dropout_rate': 0.5, 'num_blocks': 3, 'num_heads': 8, 'lr': 0.001}
Epoch 1 | Loss: 0.5930 | Val NDCG: 0.7567 | smoothed: 0.7567
Epoch 2 | Loss: 0.5825 | Val NDCG: 0.7625 | smoothed: 0.7596
Epoch 3 | Loss: 0.5798 | Val NDCG: 0.7627 | smoothed: 0.7606
Epoch 4 | Loss: 0.5784 | Val NDCG: 0.7648 | smoothed: 0.7633
Epoch 5 | Loss: 0.5781 | Val NDCG: 0.7689 | smoothed: 0.7655
Epoch 6 | Loss: 0.5770 | Val NDCG: 0.7685 | smoothed: 0.7674
Epoch 7 | Loss: 0.5758 | Val NDCG: 0.7755 | smoothed: 0.7710
Epoch 8 | Loss: 0.5741 | Val NDCG: 0.7708 | smoothed: 0.7716
Epoch 9 | Loss: 0.5730 | Val NDCG: 0.7741 | smoothed: 0.7734
Epoch 10 | Loss: 0.5722 | Val NDCG: 0.7760 | smoothed: 0.7736
Epoch 11 | Loss: 0.5704 | Val NDCG: 0.7780 | smoothed: 0.7760
Epoch 12 | Loss: 0.5706 | Val NDCG: 0.7744 | smoothed: 0.7761
Epoch 13 | Loss: 0.5704 | Val NDCG: 0.7740 | smoothed: 0.7755
Epoch 14 | Loss: 0.5700 | Val NDCG: 0.7785 | smoothed: 0.7756
Epoch 15 | Loss: 0.5697 | Val NDCG: 0.7774 | smoothed: 0.7766
Epoch 16 | Loss: 0.5689 | Val NDCG: 0.7752 | smoothed: 0.7770
Epoch 17 | Loss: 0.5693 | Val NDCG: 0.7718 | smoothed: 0.7748
Epoch 18 | Loss: 0.5681 | Val NDCG: 0.7777 | smoothed: 0.7749
Epoch 19 | Loss: 0.5691 | Val NDCG: 0.7736 | smoothed: 0.7744
Epoch 20 | Loss: 0.5675 | Val NDCG: 0.7764 | smoothed: 0.7759

Best smoothed NDCG: 0.7770 at epoch 16 of 20 run

1 combinations completed out of 1


--- Grid Search Results ---
 hidden_units  dropout_rate  num_blocks  num_heads    lr  val_ndcg  val_ndcg_raw  best_epoch  epochs_run  max_epochs
          256           0.5           3          8 0.001  0.777027      0.775178          16          20          20

Best config: {'hidden_units': 256.0, 'dropout_rate': 0.5, 'num_blocks': 3.0, 'num_heads': 8.0, 'lr': 0.001, 'val_ndcg': 0.7770272902769718, 'val_ndcg_raw': 0.7751776070872508, 'best_epoch': 16.0, 'epochs_run': 20.0, 'max_epochs': 20.0}
1 of 1 configs reached max_epochs
0 of 1 were still improving when stopped
Best params saved to ../Models/sasrec_bce_best_params.json
