task 143 | loss pwts | node slurmnode-gpu03
Tesla P100-PCIE-16GB, 16384 MiB
Tesla P100-PCIE-16GB, 16384 MiB
Tesla P100-PCIE-16GB, 16384 MiB
Tesla P100-PCIE-16GB, 16384 MiB
Using device: cuda
Loading datasets...
Train sessions: 75875 | Val sessions: 16262

Running grid search over 162 combinations...

SLURM array task 143: 1 config -> ../Models/sasrec_grid_pwts_task143.csv
Trying: {'hidden_units': 256, 'dropout_rate': 0.3, 'num_blocks': 3, 'num_heads': 16, 'lr': 0.0001}
Epoch 1 | Loss: 0.6265 | Val NDCG: 0.7499 | smoothed: 0.7499
Epoch 2 | Loss: 0.6112 | Val NDCG: 0.7570 | smoothed: 0.7535
Epoch 3 | Loss: 0.6078 | Val NDCG: 0.7589 | smoothed: 0.7553
Epoch 4 | Loss: 0.6057 | Val NDCG: 0.7648 | smoothed: 0.7603
Epoch 5 | Loss: 0.6038 | Val NDCG: 0.7622 | smoothed: 0.7620
Epoch 6 | Loss: 0.6026 | Val NDCG: 0.7625 | smoothed: 0.7632
Epoch 7 | Loss: 0.6017 | Val NDCG: 0.7660 | smoothed: 0.7636
Epoch 8 | Loss: 0.5997 | Val NDCG: 0.7697 | smoothed: 0.7660
Epoch 9 | Loss: 0.5986 | Val NDCG: 0.7700 | smoothed: 0.7686
Epoch 10 | Loss: 0.5985 | Val NDCG: 0.7705 | smoothed: 0.7701
Epoch 11 | Loss: 0.5981 | Val NDCG: 0.7723 | smoothed: 0.7709
Epoch 12 | Loss: 0.5966 | Val NDCG: 0.7660 | smoothed: 0.7696
Epoch 13 | Loss: 0.5962 | Val NDCG: 0.7722 | smoothed: 0.7702
Epoch 14 | Loss: 0.5966 | Val NDCG: 0.7738 | smoothed: 0.7707
Epoch 15 | Loss: 0.5956 | Val NDCG: 0.7736 | smoothed: 0.7732
Epoch 16 | Loss: 0.5954 | Val NDCG: 0.7738 | smoothed: 0.7737
Epoch 17 | Loss: 0.5950 | Val NDCG: 0.7731 | smoothed: 0.7735
Epoch 18 | Loss: 0.5947 | Val NDCG: 0.7752 | smoothed: 0.7741
Epoch 19 | Loss: 0.5944 | Val NDCG: 0.7747 | smoothed: 0.7744
Epoch 20 | Loss: 0.5941 | Val NDCG: 0.7770 | smoothed: 0.7757
Epoch 21 | Loss: 0.5942 | Val NDCG: 0.7741 | smoothed: 0.7753
Epoch 22 | Loss: 0.5937 | Val NDCG: 0.7772 | smoothed: 0.7761
Epoch 23 | Loss: 0.5923 | Val NDCG: 0.7781 | smoothed: 0.7765
Epoch 24 | Loss: 0.5935 | Val NDCG: 0.7756 | smoothed: 0.7769
Epoch 25 | Loss: 0.5928 | Val NDCG: 0.7737 | smoothed: 0.7758
Epoch 26 | Loss: 0.5927 | Val NDCG: 0.7752 | smoothed: 0.7748
Epoch 27 | Loss: 0.5927 | Val NDCG: 0.7791 | smoothed: 0.7760
Epoch 28 | Loss: 0.5926 | Val NDCG: 0.7752 | smoothed: 0.7765
Epoch 29 | Loss: 0.5921 | Val NDCG: 0.7782 | smoothed: 0.7775
Epoch 30 | Loss: 0.5918 | Val NDCG: 0.7734 | smoothed: 0.7756
Epoch 31 | Loss: 0.5918 | Val NDCG: 0.7762 | smoothed: 0.7759
Epoch 32 | Loss: 0.5903 | Val NDCG: 0.7766 | smoothed: 0.7754
Epoch 33 | Loss: 0.5921 | Val NDCG: 0.7770 | smoothed: 0.7766
Epoch 34 | Loss: 0.5910 | Val NDCG: 0.7786 | smoothed: 0.7774

Best smoothed NDCG: 0.7775 at epoch 29 of 34 run

1 combinations completed out of 1


--- Grid Search Results ---
 hidden_units  dropout_rate  num_blocks  num_heads     lr  val_ndcg  val_ndcg_raw  best_epoch  epochs_run  max_epochs
          256           0.3           3         16 0.0001  0.777479      0.778158          29          34          40

Best config: {'hidden_units': 256.0, 'dropout_rate': 0.3, 'num_blocks': 3.0, 'num_heads': 16.0, 'lr': 0.0001, 'val_ndcg': 0.7774787763234565, 'val_ndcg_raw': 0.7781575875716703, 'best_epoch': 29.0, 'epochs_run': 34.0, 'max_epochs': 40.0}
0 of 1 configs reached max_epochs
0 of 1 were still improving when stopped
Best params saved to ../Models/sasrec_pwts_best_params.json
