task 56 | loss pwts | node slurmnode-gpu05
Tesla P100-PCIE-16GB, 16384 MiB
Tesla P100-PCIE-16GB, 16384 MiB
Tesla P100-PCIE-16GB, 16384 MiB
Tesla P100-PCIE-16GB, 16384 MiB
Using device: cuda
Loading datasets...
Train sessions: 75875 | Val sessions: 16262

Running grid search over 162 combinations...

SLURM array task 56: 1 config -> ../Models/sasrec_grid_pwts_task56.csv
Trying: {'hidden_units': 128, 'dropout_rate': 0.1, 'num_blocks': 1, 'num_heads': 8, 'lr': 0.001}
Epoch 1 | Loss: 0.6170 | Val NDCG: 0.7606 | smoothed: 0.7606
Epoch 2 | Loss: 0.6072 | Val NDCG: 0.7684 | smoothed: 0.7645
Epoch 3 | Loss: 0.6036 | Val NDCG: 0.7692 | smoothed: 0.7660
Epoch 4 | Loss: 0.6019 | Val NDCG: 0.7747 | smoothed: 0.7708
Epoch 5 | Loss: 0.5999 | Val NDCG: 0.7697 | smoothed: 0.7712
Epoch 6 | Loss: 0.5990 | Val NDCG: 0.7724 | smoothed: 0.7723
Epoch 7 | Loss: 0.5980 | Val NDCG: 0.7710 | smoothed: 0.7710
Epoch 8 | Loss: 0.5967 | Val NDCG: 0.7773 | smoothed: 0.7736
Epoch 9 | Loss: 0.5951 | Val NDCG: 0.7727 | smoothed: 0.7737
Epoch 10 | Loss: 0.5948 | Val NDCG: 0.7745 | smoothed: 0.7748
Epoch 11 | Loss: 0.5933 | Val NDCG: 0.7744 | smoothed: 0.7739
Epoch 12 | Loss: 0.5934 | Val NDCG: 0.7788 | smoothed: 0.7759
Epoch 13 | Loss: 0.5931 | Val NDCG: 0.7818 | smoothed: 0.7783
Epoch 14 | Loss: 0.5926 | Val NDCG: 0.7784 | smoothed: 0.7797
Epoch 15 | Loss: 0.5921 | Val NDCG: 0.7783 | smoothed: 0.7795
Epoch 16 | Loss: 0.5919 | Val NDCG: 0.7784 | smoothed: 0.7783
Epoch 17 | Loss: 0.5905 | Val NDCG: 0.7778 | smoothed: 0.7781
Epoch 18 | Loss: 0.5899 | Val NDCG: 0.7788 | smoothed: 0.7783
Epoch 19 | Loss: 0.5916 | Val NDCG: 0.7789 | smoothed: 0.7785

Best smoothed NDCG: 0.7797 at epoch 14 of 19 run

1 combinations completed out of 1


--- Grid Search Results ---
 hidden_units  dropout_rate  num_blocks  num_heads    lr  val_ndcg  val_ndcg_raw  best_epoch  epochs_run  max_epochs
          128           0.1           1          8 0.001  0.779664      0.778391          14          19          20

Best config: {'hidden_units': 128.0, 'dropout_rate': 0.1, 'num_blocks': 1.0, 'num_heads': 8.0, 'lr': 0.001, 'val_ndcg': 0.7796642871736711, 'val_ndcg_raw': 0.7783912932818037, 'best_epoch': 14.0, 'epochs_run': 19.0, 'max_epochs': 20.0}
0 of 1 configs reached max_epochs
0 of 1 were still improving when stopped
Best params saved to ../Models/sasrec_pwts_best_params.json
