task 83 | loss bce | node slurmnode-gpu05
Tesla P100-PCIE-16GB, 16384 MiB
Tesla P100-PCIE-16GB, 16384 MiB
Tesla P100-PCIE-16GB, 16384 MiB
Tesla P100-PCIE-16GB, 16384 MiB
Using device: cuda
Loading datasets...
Train sessions: 75875 | Val sessions: 16262

Running grid search over 162 combinations...

SLURM array task 83: 1 config -> ../Models/sasrec_grid_bce_task83.csv
Trying: {'hidden_units': 128, 'dropout_rate': 0.3, 'num_blocks': 2, 'num_heads': 16, 'lr': 0.0001}
Epoch 1 | Loss: 0.6039 | Val NDCG: 0.7455 | smoothed: 0.7455
Epoch 2 | Loss: 0.5882 | Val NDCG: 0.7540 | smoothed: 0.7497
Epoch 3 | Loss: 0.5840 | Val NDCG: 0.7534 | smoothed: 0.7510
Epoch 4 | Loss: 0.5798 | Val NDCG: 0.7560 | smoothed: 0.7545
Epoch 5 | Loss: 0.5780 | Val NDCG: 0.7601 | smoothed: 0.7565
Epoch 6 | Loss: 0.5767 | Val NDCG: 0.7637 | smoothed: 0.7599
Epoch 7 | Loss: 0.5761 | Val NDCG: 0.7583 | smoothed: 0.7607
Epoch 8 | Loss: 0.5748 | Val NDCG: 0.7633 | smoothed: 0.7618
Epoch 9 | Loss: 0.5739 | Val NDCG: 0.7674 | smoothed: 0.7630
Epoch 10 | Loss: 0.5733 | Val NDCG: 0.7667 | smoothed: 0.7658
Epoch 11 | Loss: 0.5732 | Val NDCG: 0.7648 | smoothed: 0.7663
Epoch 12 | Loss: 0.5717 | Val NDCG: 0.7690 | smoothed: 0.7668
Epoch 13 | Loss: 0.5720 | Val NDCG: 0.7676 | smoothed: 0.7671
Epoch 14 | Loss: 0.5714 | Val NDCG: 0.7670 | smoothed: 0.7679
Epoch 15 | Loss: 0.5710 | Val NDCG: 0.7711 | smoothed: 0.7685
Epoch 16 | Loss: 0.5714 | Val NDCG: 0.7728 | smoothed: 0.7703
Epoch 17 | Loss: 0.5708 | Val NDCG: 0.7687 | smoothed: 0.7709
Epoch 18 | Loss: 0.5702 | Val NDCG: 0.7713 | smoothed: 0.7709
Epoch 19 | Loss: 0.5695 | Val NDCG: 0.7716 | smoothed: 0.7705
Epoch 20 | Loss: 0.5697 | Val NDCG: 0.7678 | smoothed: 0.7702
Epoch 21 | Loss: 0.5698 | Val NDCG: 0.7709 | smoothed: 0.7701
Epoch 22 | Loss: 0.5679 | Val NDCG: 0.7737 | smoothed: 0.7708
Epoch 23 | Loss: 0.5677 | Val NDCG: 0.7718 | smoothed: 0.7722
Epoch 24 | Loss: 0.5676 | Val NDCG: 0.7732 | smoothed: 0.7729
Epoch 25 | Loss: 0.5679 | Val NDCG: 0.7723 | smoothed: 0.7725
Epoch 26 | Loss: 0.5686 | Val NDCG: 0.7736 | smoothed: 0.7731
Epoch 27 | Loss: 0.5673 | Val NDCG: 0.7763 | smoothed: 0.7741
Epoch 28 | Loss: 0.5674 | Val NDCG: 0.7753 | smoothed: 0.7751
Epoch 29 | Loss: 0.5671 | Val NDCG: 0.7740 | smoothed: 0.7752
Epoch 30 | Loss: 0.5662 | Val NDCG: 0.7757 | smoothed: 0.7750
Epoch 31 | Loss: 0.5665 | Val NDCG: 0.7754 | smoothed: 0.7750
Epoch 32 | Loss: 0.5677 | Val NDCG: 0.7732 | smoothed: 0.7748
Epoch 33 | Loss: 0.5664 | Val NDCG: 0.7730 | smoothed: 0.7739
Epoch 34 | Loss: 0.5665 | Val NDCG: 0.7744 | smoothed: 0.7735

Best smoothed NDCG: 0.7752 at epoch 29 of 34 run

1 combinations completed out of 1


--- Grid Search Results ---
 hidden_units  dropout_rate  num_blocks  num_heads     lr  val_ndcg  val_ndcg_raw  best_epoch  epochs_run  max_epochs
          128           0.3           2         16 0.0001   0.77519      0.773963          29          34          40

Best config: {'hidden_units': 128.0, 'dropout_rate': 0.3, 'num_blocks': 2.0, 'num_heads': 16.0, 'lr': 0.0001, 'val_ndcg': 0.7751898567482333, 'val_ndcg_raw': 0.7739631314398401, 'best_epoch': 29.0, 'epochs_run': 34.0, 'max_epochs': 40.0}
0 of 1 configs reached max_epochs
0 of 1 were still improving when stopped
Best params saved to ../Models/sasrec_bce_best_params.json
