task 139 | loss pwts | node slurmnode-gpu07
NVIDIA A40, 46068 MiB
NVIDIA A40, 46068 MiB
NVIDIA A40, 46068 MiB
NVIDIA A40, 46068 MiB
Using device: cuda
Loading datasets...
Train sessions: 75875 | Val sessions: 16262

Running grid search over 162 combinations...

SLURM array task 139: 1 config -> ../Models/sasrec_grid_pwts_task139.csv
Trying: {'hidden_units': 256, 'dropout_rate': 0.3, 'num_blocks': 3, 'num_heads': 4, 'lr': 0.0001}
Epoch 1 | Loss: 0.6260 | Val NDCG: 0.7556 | smoothed: 0.7556
Epoch 2 | Loss: 0.6126 | Val NDCG: 0.7610 | smoothed: 0.7583
Epoch 3 | Loss: 0.6085 | Val NDCG: 0.7668 | smoothed: 0.7612
Epoch 4 | Loss: 0.6052 | Val NDCG: 0.7671 | smoothed: 0.7650
Epoch 5 | Loss: 0.6046 | Val NDCG: 0.7681 | smoothed: 0.7673
Epoch 6 | Loss: 0.6028 | Val NDCG: 0.7661 | smoothed: 0.7671
Epoch 7 | Loss: 0.6017 | Val NDCG: 0.7673 | smoothed: 0.7672
Epoch 8 | Loss: 0.6010 | Val NDCG: 0.7746 | smoothed: 0.7693
Epoch 9 | Loss: 0.6005 | Val NDCG: 0.7721 | smoothed: 0.7713
Epoch 10 | Loss: 0.5991 | Val NDCG: 0.7697 | smoothed: 0.7721
Epoch 11 | Loss: 0.5984 | Val NDCG: 0.7724 | smoothed: 0.7714
Epoch 12 | Loss: 0.5988 | Val NDCG: 0.7738 | smoothed: 0.7720
Epoch 13 | Loss: 0.5975 | Val NDCG: 0.7723 | smoothed: 0.7728
Epoch 14 | Loss: 0.5963 | Val NDCG: 0.7756 | smoothed: 0.7739
Epoch 15 | Loss: 0.5973 | Val NDCG: 0.7771 | smoothed: 0.7750
Epoch 16 | Loss: 0.5982 | Val NDCG: 0.7781 | smoothed: 0.7769
Epoch 17 | Loss: 0.5961 | Val NDCG: 0.7746 | smoothed: 0.7766
Epoch 18 | Loss: 0.5962 | Val NDCG: 0.7756 | smoothed: 0.7761
Epoch 19 | Loss: 0.5962 | Val NDCG: 0.7778 | smoothed: 0.7760
Epoch 20 | Loss: 0.5955 | Val NDCG: 0.7761 | smoothed: 0.7765
Epoch 21 | Loss: 0.5956 | Val NDCG: 0.7761 | smoothed: 0.7767

Best smoothed NDCG: 0.7769 at epoch 16 of 21 run

1 combinations completed out of 1


--- Grid Search Results ---
 hidden_units  dropout_rate  num_blocks  num_heads     lr  val_ndcg  val_ndcg_raw  best_epoch  epochs_run  max_epochs
          256           0.3           3          4 0.0001  0.776927      0.778079          16          21          40

Best config: {'hidden_units': 256.0, 'dropout_rate': 0.3, 'num_blocks': 3.0, 'num_heads': 4.0, 'lr': 0.0001, 'val_ndcg': 0.7769273313698504, 'val_ndcg_raw': 0.7780792172749392, 'best_epoch': 16.0, 'epochs_run': 21.0, 'max_epochs': 40.0}
0 of 1 configs reached max_epochs
0 of 1 were still improving when stopped
Best params saved to ../Models/sasrec_pwts_best_params.json
