task 77 | loss pwts | node slurmnode-gpu03
Tesla P100-PCIE-16GB, 16384 MiB
Tesla P100-PCIE-16GB, 16384 MiB
Tesla P100-PCIE-16GB, 16384 MiB
Tesla P100-PCIE-16GB, 16384 MiB
Using device: cuda
Loading datasets...
Train sessions: 75875 | Val sessions: 16262

Running grid search over 162 combinations...

SLURM array task 77: 1 config -> ../Models/sasrec_grid_pwts_task77.csv
Trying: {'hidden_units': 128, 'dropout_rate': 0.3, 'num_blocks': 1, 'num_heads': 16, 'lr': 0.0001}
Epoch 1 | Loss: 0.6453 | Val NDCG: 0.7341 | smoothed: 0.7341
Epoch 2 | Loss: 0.6263 | Val NDCG: 0.7459 | smoothed: 0.7400
Epoch 3 | Loss: 0.6206 | Val NDCG: 0.7557 | smoothed: 0.7452
Epoch 4 | Loss: 0.6156 | Val NDCG: 0.7578 | smoothed: 0.7531
Epoch 5 | Loss: 0.6140 | Val NDCG: 0.7612 | smoothed: 0.7582
Epoch 6 | Loss: 0.6127 | Val NDCG: 0.7604 | smoothed: 0.7598
Epoch 7 | Loss: 0.6095 | Val NDCG: 0.7637 | smoothed: 0.7618
Epoch 8 | Loss: 0.6088 | Val NDCG: 0.7618 | smoothed: 0.7620
Epoch 9 | Loss: 0.6082 | Val NDCG: 0.7630 | smoothed: 0.7628
Epoch 10 | Loss: 0.6073 | Val NDCG: 0.7677 | smoothed: 0.7641
Epoch 11 | Loss: 0.6067 | Val NDCG: 0.7688 | smoothed: 0.7665
Epoch 12 | Loss: 0.6057 | Val NDCG: 0.7694 | smoothed: 0.7686
Epoch 13 | Loss: 0.6044 | Val NDCG: 0.7704 | smoothed: 0.7695
Epoch 14 | Loss: 0.6049 | Val NDCG: 0.7660 | smoothed: 0.7686
Epoch 15 | Loss: 0.6041 | Val NDCG: 0.7680 | smoothed: 0.7681
Epoch 16 | Loss: 0.6042 | Val NDCG: 0.7697 | smoothed: 0.7679
Epoch 17 | Loss: 0.6025 | Val NDCG: 0.7683 | smoothed: 0.7687
Epoch 18 | Loss: 0.6026 | Val NDCG: 0.7709 | smoothed: 0.7696
Epoch 19 | Loss: 0.6025 | Val NDCG: 0.7688 | smoothed: 0.7693
Epoch 20 | Loss: 0.6017 | Val NDCG: 0.7711 | smoothed: 0.7703
Epoch 21 | Loss: 0.6007 | Val NDCG: 0.7697 | smoothed: 0.7699
Epoch 22 | Loss: 0.6004 | Val NDCG: 0.7700 | smoothed: 0.7703
Epoch 23 | Loss: 0.6023 | Val NDCG: 0.7705 | smoothed: 0.7701
Epoch 24 | Loss: 0.6007 | Val NDCG: 0.7704 | smoothed: 0.7703
Epoch 25 | Loss: 0.6014 | Val NDCG: 0.7704 | smoothed: 0.7704
Epoch 26 | Loss: 0.6004 | Val NDCG: 0.7695 | smoothed: 0.7701
Epoch 27 | Loss: 0.6008 | Val NDCG: 0.7694 | smoothed: 0.7697
Epoch 28 | Loss: 0.5997 | Val NDCG: 0.7689 | smoothed: 0.7692
Epoch 29 | Loss: 0.5997 | Val NDCG: 0.7711 | smoothed: 0.7698
Epoch 30 | Loss: 0.5993 | Val NDCG: 0.7708 | smoothed: 0.7702

Best smoothed NDCG: 0.7704 at epoch 25 of 30 run

1 combinations completed out of 1


--- Grid Search Results ---
 hidden_units  dropout_rate  num_blocks  num_heads     lr  val_ndcg  val_ndcg_raw  best_epoch  epochs_run  max_epochs
          128           0.3           1         16 0.0001  0.770414      0.770397          25          30          40

Best config: {'hidden_units': 128.0, 'dropout_rate': 0.3, 'num_blocks': 1.0, 'num_heads': 16.0, 'lr': 0.0001, 'val_ndcg': 0.770413789099489, 'val_ndcg_raw': 0.7703969354186293, 'best_epoch': 25.0, 'epochs_run': 30.0, 'max_epochs': 40.0}
0 of 1 configs reached max_epochs
0 of 1 were still improving when stopped
Best params saved to ../Models/sasrec_pwts_best_params.json
