task 86 | loss bce | node slurmnode-gpu05
Tesla P100-PCIE-16GB, 16384 MiB
Tesla P100-PCIE-16GB, 16384 MiB
Tesla P100-PCIE-16GB, 16384 MiB
Tesla P100-PCIE-16GB, 16384 MiB
Using device: cuda
Loading datasets...
Train sessions: 75875 | Val sessions: 16262

Running grid search over 162 combinations...

SLURM array task 86: 1 config -> ../Models/sasrec_grid_bce_task86.csv
Trying: {'hidden_units': 128, 'dropout_rate': 0.3, 'num_blocks': 3, 'num_heads': 8, 'lr': 0.001}
Epoch 1 | Loss: 0.5872 | Val NDCG: 0.7576 | smoothed: 0.7576
Epoch 2 | Loss: 0.5765 | Val NDCG: 0.7652 | smoothed: 0.7614
Epoch 3 | Loss: 0.5748 | Val NDCG: 0.7682 | smoothed: 0.7637
Epoch 4 | Loss: 0.5739 | Val NDCG: 0.7676 | smoothed: 0.7670
Epoch 5 | Loss: 0.5722 | Val NDCG: 0.7716 | smoothed: 0.7691
Epoch 6 | Loss: 0.5703 | Val NDCG: 0.7733 | smoothed: 0.7708
Epoch 7 | Loss: 0.5700 | Val NDCG: 0.7730 | smoothed: 0.7726
Epoch 8 | Loss: 0.5701 | Val NDCG: 0.7766 | smoothed: 0.7743
Epoch 9 | Loss: 0.5689 | Val NDCG: 0.7753 | smoothed: 0.7750
Epoch 10 | Loss: 0.5674 | Val NDCG: 0.7741 | smoothed: 0.7753
Epoch 11 | Loss: 0.5670 | Val NDCG: 0.7752 | smoothed: 0.7748
Epoch 12 | Loss: 0.5672 | Val NDCG: 0.7741 | smoothed: 0.7745
Epoch 13 | Loss: 0.5658 | Val NDCG: 0.7767 | smoothed: 0.7753
Epoch 14 | Loss: 0.5657 | Val NDCG: 0.7745 | smoothed: 0.7751
Epoch 15 | Loss: 0.5660 | Val NDCG: 0.7775 | smoothed: 0.7762
Epoch 16 | Loss: 0.5637 | Val NDCG: 0.7803 | smoothed: 0.7775
Epoch 17 | Loss: 0.5648 | Val NDCG: 0.7770 | smoothed: 0.7783
Epoch 18 | Loss: 0.5651 | Val NDCG: 0.7763 | smoothed: 0.7779
Epoch 19 | Loss: 0.5650 | Val NDCG: 0.7764 | smoothed: 0.7766
Epoch 20 | Loss: 0.5653 | Val NDCG: 0.7821 | smoothed: 0.7783

Best smoothed NDCG: 0.7783 at epoch 17 of 20 run

1 combinations completed out of 1


--- Grid Search Results ---
 hidden_units  dropout_rate  num_blocks  num_heads    lr  val_ndcg  val_ndcg_raw  best_epoch  epochs_run  max_epochs
          128           0.3           3          8 0.001  0.778297       0.77702          17          20          20

Best config: {'hidden_units': 128.0, 'dropout_rate': 0.3, 'num_blocks': 3.0, 'num_heads': 8.0, 'lr': 0.001, 'val_ndcg': 0.7782974011264819, 'val_ndcg_raw': 0.7770197289480462, 'best_epoch': 17.0, 'epochs_run': 20.0, 'max_epochs': 20.0}
1 of 1 configs reached max_epochs
0 of 1 were still improving when stopped
Best params saved to ../Models/sasrec_bce_best_params.json
