task 87 | loss drrl | node slurmnode-gpu07
NVIDIA A40, 46068 MiB
NVIDIA A40, 46068 MiB
NVIDIA A40, 46068 MiB
NVIDIA A40, 46068 MiB
Using device: cuda
Loading datasets...
Train sessions: 75875 | Val sessions: 16262

Running grid search over 486 combinations...

SLURM array task 87: 1 config -> ../Models/sasrec_grid_drrl_task87.csv
Trying: {'hidden_units': 64, 'dropout_rate': 0.3, 'num_blocks': 2, 'num_heads': 16, 'lr': 0.0001, 'gamma': 2}
Epoch 1 | Loss: 0.2179 | Val NDCG: 0.7203 | smoothed: 0.7203
Epoch 2 | Loss: -0.1679 | Val NDCG: 0.7186 | smoothed: 0.7194
Epoch 3 | Loss: -0.2071 | Val NDCG: 0.7042 | smoothed: 0.7144
Epoch 4 | Loss: -0.2188 | Val NDCG: 0.6998 | smoothed: 0.7075
Epoch 5 | Loss: -0.2238 | Val NDCG: 0.6988 | smoothed: 0.7009
Epoch 6 | Loss: -0.2265 | Val NDCG: 0.6974 | smoothed: 0.6986

Best smoothed NDCG: 0.7203 at epoch 1 of 6 run

1 combinations completed out of 1


--- Grid Search Results ---
 hidden_units  dropout_rate  num_blocks  num_heads     lr  gamma  val_ndcg  val_ndcg_raw  best_epoch  epochs_run  max_epochs
           64           0.3           2         16 0.0001      2  0.720278      0.720278           1           6          40

Best config: {'hidden_units': 64.0, 'dropout_rate': 0.3, 'num_blocks': 2.0, 'num_heads': 16.0, 'lr': 0.0001, 'gamma': 2.0, 'val_ndcg': 0.7202782187355652, 'val_ndcg_raw': 0.7202782187355652, 'best_epoch': 1.0, 'epochs_run': 6.0, 'max_epochs': 40.0}
0 of 1 configs reached max_epochs
0 of 1 were still improving when stopped
Best params saved to ../Models/sasrec_drrl_best_params.json
