task 124 | loss bce | node slurmnode-gpu07
NVIDIA A40, 46068 MiB
NVIDIA A40, 46068 MiB
NVIDIA A40, 46068 MiB
NVIDIA A40, 46068 MiB
Using device: cuda
Loading datasets...
Train sessions: 75875 | Val sessions: 16262

Running grid search over 162 combinations...

SLURM array task 124: 1 config -> ../Models/sasrec_grid_bce_task124.csv
Trying: {'hidden_units': 256, 'dropout_rate': 0.1, 'num_blocks': 3, 'num_heads': 16, 'lr': 0.001}
Epoch 1 | Loss: 0.5861 | Val NDCG: 0.7584 | smoothed: 0.7584
Epoch 2 | Loss: 0.5755 | Val NDCG: 0.7698 | smoothed: 0.7641
Epoch 3 | Loss: 0.5715 | Val NDCG: 0.7693 | smoothed: 0.7658
Epoch 4 | Loss: 0.5703 | Val NDCG: 0.7679 | smoothed: 0.7690
Epoch 5 | Loss: 0.5698 | Val NDCG: 0.7700 | smoothed: 0.7691
Epoch 6 | Loss: 0.5684 | Val NDCG: 0.7719 | smoothed: 0.7699
Epoch 7 | Loss: 0.5688 | Val NDCG: 0.7712 | smoothed: 0.7710
Epoch 8 | Loss: 0.5674 | Val NDCG: 0.7723 | smoothed: 0.7718
Epoch 9 | Loss: 0.5672 | Val NDCG: 0.7770 | smoothed: 0.7735
Epoch 10 | Loss: 0.5658 | Val NDCG: 0.7730 | smoothed: 0.7741
Epoch 11 | Loss: 0.5651 | Val NDCG: 0.7758 | smoothed: 0.7752
Epoch 12 | Loss: 0.5657 | Val NDCG: 0.7759 | smoothed: 0.7749
Epoch 13 | Loss: 0.5635 | Val NDCG: 0.7734 | smoothed: 0.7750
Epoch 14 | Loss: 0.5642 | Val NDCG: 0.7779 | smoothed: 0.7758
Epoch 15 | Loss: 0.5645 | Val NDCG: 0.7762 | smoothed: 0.7759
Epoch 16 | Loss: 0.5631 | Val NDCG: 0.7768 | smoothed: 0.7770
Epoch 17 | Loss: 0.5631 | Val NDCG: 0.7778 | smoothed: 0.7769
Epoch 18 | Loss: 0.5629 | Val NDCG: 0.7770 | smoothed: 0.7772
Epoch 19 | Loss: 0.5632 | Val NDCG: 0.7743 | smoothed: 0.7764
Epoch 20 | Loss: 0.5629 | Val NDCG: 0.7779 | smoothed: 0.7764

Best smoothed NDCG: 0.7772 at epoch 18 of 20 run

1 combinations completed out of 1


--- Grid Search Results ---
 hidden_units  dropout_rate  num_blocks  num_heads    lr  val_ndcg  val_ndcg_raw  best_epoch  epochs_run  max_epochs
          256           0.1           3         16 0.001  0.777196      0.777039          18          20          20

Best config: {'hidden_units': 256.0, 'dropout_rate': 0.1, 'num_blocks': 3.0, 'num_heads': 16.0, 'lr': 0.001, 'val_ndcg': 0.7771955169620041, 'val_ndcg_raw': 0.7770385055558285, 'best_epoch': 18.0, 'epochs_run': 20.0, 'max_epochs': 20.0}
1 of 1 configs reached max_epochs
0 of 1 were still improving when stopped
Best params saved to ../Models/sasrec_bce_best_params.json
