task 108 | loss pwts | node slurmnode-gpu05
Tesla P100-PCIE-16GB, 16384 MiB
Tesla P100-PCIE-16GB, 16384 MiB
Tesla P100-PCIE-16GB, 16384 MiB
Tesla P100-PCIE-16GB, 16384 MiB
Using device: cuda
Loading datasets...
Train sessions: 75875 | Val sessions: 16262

Running grid search over 162 combinations...

SLURM array task 108: 1 config -> ../Models/sasrec_grid_pwts_task108.csv
Trying: {'hidden_units': 256, 'dropout_rate': 0.1, 'num_blocks': 1, 'num_heads': 4, 'lr': 0.001}
Epoch 1 | Loss: 0.6190 | Val NDCG: 0.7588 | smoothed: 0.7588
Epoch 2 | Loss: 0.6086 | Val NDCG: 0.7638 | smoothed: 0.7613
Epoch 3 | Loss: 0.6065 | Val NDCG: 0.7689 | smoothed: 0.7638
Epoch 4 | Loss: 0.6050 | Val NDCG: 0.7676 | smoothed: 0.7668
Epoch 5 | Loss: 0.6033 | Val NDCG: 0.7704 | smoothed: 0.7690
Epoch 6 | Loss: 0.6015 | Val NDCG: 0.7747 | smoothed: 0.7709
Epoch 7 | Loss: 0.6007 | Val NDCG: 0.7729 | smoothed: 0.7727
Epoch 8 | Loss: 0.5990 | Val NDCG: 0.7787 | smoothed: 0.7754
Epoch 9 | Loss: 0.5997 | Val NDCG: 0.7747 | smoothed: 0.7755
Epoch 10 | Loss: 0.5973 | Val NDCG: 0.7756 | smoothed: 0.7764
Epoch 11 | Loss: 0.5971 | Val NDCG: 0.7771 | smoothed: 0.7758
Epoch 12 | Loss: 0.5970 | Val NDCG: 0.7815 | smoothed: 0.7781
Epoch 13 | Loss: 0.5961 | Val NDCG: 0.7790 | smoothed: 0.7792
Epoch 14 | Loss: 0.5959 | Val NDCG: 0.7788 | smoothed: 0.7798
Epoch 15 | Loss: 0.5949 | Val NDCG: 0.7783 | smoothed: 0.7787
Epoch 16 | Loss: 0.5939 | Val NDCG: 0.7810 | smoothed: 0.7794
Epoch 17 | Loss: 0.5943 | Val NDCG: 0.7798 | smoothed: 0.7797
Epoch 18 | Loss: 0.5938 | Val NDCG: 0.7794 | smoothed: 0.7801
Epoch 19 | Loss: 0.5942 | Val NDCG: 0.7815 | smoothed: 0.7802
Epoch 20 | Loss: 0.5944 | Val NDCG: 0.7813 | smoothed: 0.7807

Best smoothed NDCG: 0.7807 at epoch 20 of 20 run

1 combinations completed out of 1


--- Grid Search Results ---
 hidden_units  dropout_rate  num_blocks  num_heads    lr  val_ndcg  val_ndcg_raw  best_epoch  epochs_run  max_epochs
          256           0.1           1          4 0.001  0.780715      0.781288          20          20          20

Best config: {'hidden_units': 256.0, 'dropout_rate': 0.1, 'num_blocks': 1.0, 'num_heads': 4.0, 'lr': 0.001, 'val_ndcg': 0.7807150196944047, 'val_ndcg_raw': 0.7812875144378213, 'best_epoch': 20.0, 'epochs_run': 20.0, 'max_epochs': 20.0}
1 of 1 configs reached max_epochs
1 of 1 were still improving when stopped
Best params saved to ../Models/sasrec_pwts_best_params.json
