task 117 | loss pwts | node slurmnode-gpu07
NVIDIA A40, 46068 MiB
NVIDIA A40, 46068 MiB
NVIDIA A40, 46068 MiB
NVIDIA A40, 46068 MiB
Using device: cuda
Loading datasets...
Train sessions: 75875 | Val sessions: 16262

Running grid search over 162 combinations...

SLURM array task 117: 1 config -> ../Models/sasrec_grid_pwts_task117.csv
Trying: {'hidden_units': 256, 'dropout_rate': 0.1, 'num_blocks': 2, 'num_heads': 8, 'lr': 0.0001}
Epoch 1 | Loss: 0.6173 | Val NDCG: 0.7551 | smoothed: 0.7551
Epoch 2 | Loss: 0.6070 | Val NDCG: 0.7634 | smoothed: 0.7593
Epoch 3 | Loss: 0.6042 | Val NDCG: 0.7665 | smoothed: 0.7617
Epoch 4 | Loss: 0.6017 | Val NDCG: 0.7680 | smoothed: 0.7660
Epoch 5 | Loss: 0.5996 | Val NDCG: 0.7674 | smoothed: 0.7673
Epoch 6 | Loss: 0.5987 | Val NDCG: 0.7682 | smoothed: 0.7678
Epoch 7 | Loss: 0.5976 | Val NDCG: 0.7648 | smoothed: 0.7668
Epoch 8 | Loss: 0.5973 | Val NDCG: 0.7669 | smoothed: 0.7666
Epoch 9 | Loss: 0.5949 | Val NDCG: 0.7725 | smoothed: 0.7680
Epoch 10 | Loss: 0.5967 | Val NDCG: 0.7718 | smoothed: 0.7704
Epoch 11 | Loss: 0.5951 | Val NDCG: 0.7699 | smoothed: 0.7714
Epoch 12 | Loss: 0.5953 | Val NDCG: 0.7731 | smoothed: 0.7716
Epoch 13 | Loss: 0.5949 | Val NDCG: 0.7714 | smoothed: 0.7715
Epoch 14 | Loss: 0.5928 | Val NDCG: 0.7753 | smoothed: 0.7733
Epoch 15 | Loss: 0.5936 | Val NDCG: 0.7727 | smoothed: 0.7732
Epoch 16 | Loss: 0.5920 | Val NDCG: 0.7756 | smoothed: 0.7746
Epoch 17 | Loss: 0.5917 | Val NDCG: 0.7744 | smoothed: 0.7742
Epoch 18 | Loss: 0.5917 | Val NDCG: 0.7753 | smoothed: 0.7751
Epoch 19 | Loss: 0.5899 | Val NDCG: 0.7758 | smoothed: 0.7752
Epoch 20 | Loss: 0.5910 | Val NDCG: 0.7766 | smoothed: 0.7759
Epoch 21 | Loss: 0.5910 | Val NDCG: 0.7766 | smoothed: 0.7763
Epoch 22 | Loss: 0.5891 | Val NDCG: 0.7760 | smoothed: 0.7764
Epoch 23 | Loss: 0.5895 | Val NDCG: 0.7757 | smoothed: 0.7761
Epoch 24 | Loss: 0.5884 | Val NDCG: 0.7743 | smoothed: 0.7753
Epoch 25 | Loss: 0.5891 | Val NDCG: 0.7787 | smoothed: 0.7762
Epoch 26 | Loss: 0.5892 | Val NDCG: 0.7784 | smoothed: 0.7771
Epoch 27 | Loss: 0.5877 | Val NDCG: 0.7762 | smoothed: 0.7778
Epoch 28 | Loss: 0.5882 | Val NDCG: 0.7769 | smoothed: 0.7772
Epoch 29 | Loss: 0.5879 | Val NDCG: 0.7773 | smoothed: 0.7768
Epoch 30 | Loss: 0.5880 | Val NDCG: 0.7768 | smoothed: 0.7770
Epoch 31 | Loss: 0.5872 | Val NDCG: 0.7772 | smoothed: 0.7771
Epoch 32 | Loss: 0.5861 | Val NDCG: 0.7765 | smoothed: 0.7768

Best smoothed NDCG: 0.7778 at epoch 27 of 32 run

1 combinations completed out of 1


--- Grid Search Results ---
 hidden_units  dropout_rate  num_blocks  num_heads     lr  val_ndcg  val_ndcg_raw  best_epoch  epochs_run  max_epochs
          256           0.1           2          8 0.0001  0.777771      0.776247          27          32          40

Best config: {'hidden_units': 256.0, 'dropout_rate': 0.1, 'num_blocks': 2.0, 'num_heads': 8.0, 'lr': 0.0001, 'val_ndcg': 0.7777708887225926, 'val_ndcg_raw': 0.7762469924479736, 'best_epoch': 27.0, 'epochs_run': 32.0, 'max_epochs': 40.0}
0 of 1 configs reached max_epochs
0 of 1 were still improving when stopped
Best params saved to ../Models/sasrec_pwts_best_params.json
