task 23 | loss drrl | node slurmnode-gpu02
NVIDIA GeForce GTX 1080 Ti, 11264 MiB
NVIDIA GeForce GTX 1080 Ti, 11264 MiB
NVIDIA GeForce GTX 1080 Ti, 11264 MiB
NVIDIA GeForce GTX 1080 Ti, 11264 MiB
NVIDIA GeForce GTX 1080 Ti, 11264 MiB
NVIDIA GeForce GTX 1080 Ti, 11264 MiB
NVIDIA GeForce GTX 1080 Ti, 11264 MiB
NVIDIA GeForce GTX 1080 Ti, 11264 MiB
Using device: cuda
Loading datasets...
Train sessions: 75875 | Val sessions: 16262

Running grid search over 486 combinations...

SLURM array task 23: 1 config -> ../Models/sasrec_grid_drrl_task23.csv
Trying: {'hidden_units': 64, 'dropout_rate': 0.1, 'num_blocks': 2, 'num_heads': 4, 'lr': 0.0001, 'gamma': 4}
Epoch 1 | Loss: -0.0834 | Val NDCG: 0.7097 | smoothed: 0.7097
Epoch 2 | Loss: -0.2104 | Val NDCG: 0.7213 | smoothed: 0.7155
Epoch 3 | Loss: -0.2220 | Val NDCG: 0.7317 | smoothed: 0.7209
Epoch 4 | Loss: -0.2261 | Val NDCG: 0.7322 | smoothed: 0.7284
Epoch 5 | Loss: -0.2280 | Val NDCG: 0.7370 | smoothed: 0.7336
Epoch 6 | Loss: -0.2291 | Val NDCG: 0.7359 | smoothed: 0.7350
Epoch 7 | Loss: -0.2298 | Val NDCG: 0.7418 | smoothed: 0.7382
Epoch 8 | Loss: -0.2303 | Val NDCG: 0.7441 | smoothed: 0.7406
Epoch 9 | Loss: -0.2304 | Val NDCG: 0.7430 | smoothed: 0.7430
Epoch 10 | Loss: -0.2309 | Val NDCG: 0.7523 | smoothed: 0.7465
Epoch 11 | Loss: -0.2311 | Val NDCG: 0.7405 | smoothed: 0.7453
Epoch 12 | Loss: -0.2313 | Val NDCG: 0.7533 | smoothed: 0.7487
Epoch 13 | Loss: -0.2313 | Val NDCG: 0.7521 | smoothed: 0.7486
Epoch 14 | Loss: -0.2314 | Val NDCG: 0.7541 | smoothed: 0.7532
Epoch 15 | Loss: -0.2314 | Val NDCG: 0.7600 | smoothed: 0.7554
Epoch 16 | Loss: -0.2315 | Val NDCG: 0.7590 | smoothed: 0.7577
Epoch 17 | Loss: -0.2316 | Val NDCG: 0.7609 | smoothed: 0.7600
Epoch 18 | Loss: -0.2316 | Val NDCG: 0.7471 | smoothed: 0.7556
Epoch 19 | Loss: -0.2317 | Val NDCG: 0.7567 | smoothed: 0.7549
Epoch 20 | Loss: -0.2316 | Val NDCG: 0.7516 | smoothed: 0.7518
Epoch 21 | Loss: -0.2317 | Val NDCG: 0.7574 | smoothed: 0.7552
Epoch 22 | Loss: -0.2318 | Val NDCG: 0.7508 | smoothed: 0.7533

Best smoothed NDCG: 0.7600 at epoch 17 of 22 run

1 combinations completed out of 1


--- Grid Search Results ---
 hidden_units  dropout_rate  num_blocks  num_heads     lr  gamma  val_ndcg  val_ndcg_raw  best_epoch  epochs_run  max_epochs
           64           0.1           2          4 0.0001      4  0.759956      0.760858          17          22          40

Best config: {'hidden_units': 64.0, 'dropout_rate': 0.1, 'num_blocks': 2.0, 'num_heads': 4.0, 'lr': 0.0001, 'gamma': 4.0, 'val_ndcg': 0.7599564862141578, 'val_ndcg_raw': 0.7608583463926146, 'best_epoch': 17.0, 'epochs_run': 22.0, 'max_epochs': 40.0}
0 of 1 configs reached max_epochs
0 of 1 were still improving when stopped
Best params saved to ../Models/sasrec_drrl_best_params.json
