task 21 | loss pwts | node slurmnode-gpu02
NVIDIA GeForce GTX 1080 Ti, 11264 MiB
NVIDIA GeForce GTX 1080 Ti, 11264 MiB
NVIDIA GeForce GTX 1080 Ti, 11264 MiB
NVIDIA GeForce GTX 1080 Ti, 11264 MiB
NVIDIA GeForce GTX 1080 Ti, 11264 MiB
NVIDIA GeForce GTX 1080 Ti, 11264 MiB
NVIDIA GeForce GTX 1080 Ti, 11264 MiB
NVIDIA GeForce GTX 1080 Ti, 11264 MiB
Using device: cuda
Loading datasets...
Train sessions: 75875 | Val sessions: 16262

Running grid search over 162 combinations...

SLURM array task 21: 1 config -> ../Models/sasrec_grid_pwts_task21.csv
Trying: {'hidden_units': 64, 'dropout_rate': 0.3, 'num_blocks': 1, 'num_heads': 8, 'lr': 0.0001}
Epoch 1 | Loss: 0.6563 | Val NDCG: 0.7179 | smoothed: 0.7179
Epoch 2 | Loss: 0.6377 | Val NDCG: 0.7324 | smoothed: 0.7251
Epoch 3 | Loss: 0.6306 | Val NDCG: 0.7428 | smoothed: 0.7310
Epoch 4 | Loss: 0.6246 | Val NDCG: 0.7452 | smoothed: 0.7401
Epoch 5 | Loss: 0.6209 | Val NDCG: 0.7534 | smoothed: 0.7471
Epoch 6 | Loss: 0.6185 | Val NDCG: 0.7549 | smoothed: 0.7512
Epoch 7 | Loss: 0.6170 | Val NDCG: 0.7561 | smoothed: 0.7548
Epoch 8 | Loss: 0.6152 | Val NDCG: 0.7576 | smoothed: 0.7562
Epoch 9 | Loss: 0.6145 | Val NDCG: 0.7628 | smoothed: 0.7588
Epoch 10 | Loss: 0.6140 | Val NDCG: 0.7628 | smoothed: 0.7611
Epoch 11 | Loss: 0.6119 | Val NDCG: 0.7628 | smoothed: 0.7628
Epoch 12 | Loss: 0.6111 | Val NDCG: 0.7643 | smoothed: 0.7633
Epoch 13 | Loss: 0.6099 | Val NDCG: 0.7643 | smoothed: 0.7638
Epoch 14 | Loss: 0.6102 | Val NDCG: 0.7652 | smoothed: 0.7646
Epoch 15 | Loss: 0.6091 | Val NDCG: 0.7644 | smoothed: 0.7646
Epoch 16 | Loss: 0.6079 | Val NDCG: 0.7662 | smoothed: 0.7652
Epoch 17 | Loss: 0.6090 | Val NDCG: 0.7674 | smoothed: 0.7660
Epoch 18 | Loss: 0.6074 | Val NDCG: 0.7662 | smoothed: 0.7666
Epoch 19 | Loss: 0.6077 | Val NDCG: 0.7657 | smoothed: 0.7664
Epoch 20 | Loss: 0.6071 | Val NDCG: 0.7660 | smoothed: 0.7660
Epoch 21 | Loss: 0.6070 | Val NDCG: 0.7668 | smoothed: 0.7662
Epoch 22 | Loss: 0.6046 | Val NDCG: 0.7671 | smoothed: 0.7666
Epoch 23 | Loss: 0.6049 | Val NDCG: 0.7676 | smoothed: 0.7672
Epoch 24 | Loss: 0.6051 | Val NDCG: 0.7682 | smoothed: 0.7677
Epoch 25 | Loss: 0.6054 | Val NDCG: 0.7683 | smoothed: 0.7681
Epoch 26 | Loss: 0.6046 | Val NDCG: 0.7686 | smoothed: 0.7684
Epoch 27 | Loss: 0.6033 | Val NDCG: 0.7703 | smoothed: 0.7691
Epoch 28 | Loss: 0.6049 | Val NDCG: 0.7696 | smoothed: 0.7695
Epoch 29 | Loss: 0.6037 | Val NDCG: 0.7695 | smoothed: 0.7698
Epoch 30 | Loss: 0.6036 | Val NDCG: 0.7689 | smoothed: 0.7694
Epoch 31 | Loss: 0.6050 | Val NDCG: 0.7692 | smoothed: 0.7692
Epoch 32 | Loss: 0.6033 | Val NDCG: 0.7685 | smoothed: 0.7689
Epoch 33 | Loss: 0.6031 | Val NDCG: 0.7695 | smoothed: 0.7691
Epoch 34 | Loss: 0.6040 | Val NDCG: 0.7697 | smoothed: 0.7692

Best smoothed NDCG: 0.7698 at epoch 29 of 34 run

1 combinations completed out of 1


--- Grid Search Results ---
 hidden_units  dropout_rate  num_blocks  num_heads     lr  val_ndcg  val_ndcg_raw  best_epoch  epochs_run  max_epochs
           64           0.3           1          8 0.0001  0.769819      0.769542          29          34          40

Best config: {'hidden_units': 64.0, 'dropout_rate': 0.3, 'num_blocks': 1.0, 'num_heads': 8.0, 'lr': 0.0001, 'val_ndcg': 0.7698193696340002, 'val_ndcg_raw': 0.7695417518864189, 'best_epoch': 29.0, 'epochs_run': 34.0, 'max_epochs': 40.0}
0 of 1 configs reached max_epochs
0 of 1 were still improving when stopped
Best params saved to ../Models/sasrec_pwts_best_params.json
