task 105 | loss bce | node slurmnode-gpu05
Tesla P100-PCIE-16GB, 16384 MiB
Tesla P100-PCIE-16GB, 16384 MiB
Tesla P100-PCIE-16GB, 16384 MiB
Tesla P100-PCIE-16GB, 16384 MiB
Using device: cuda
Loading datasets...
Train sessions: 75875 | Val sessions: 16262

Running grid search over 162 combinations...

SLURM array task 105: 1 config -> ../Models/sasrec_grid_bce_task105.csv
Trying: {'hidden_units': 128, 'dropout_rate': 0.5, 'num_blocks': 3, 'num_heads': 8, 'lr': 0.0001}
Epoch 1 | Loss: 0.6121 | Val NDCG: 0.7271 | smoothed: 0.7271
Epoch 2 | Loss: 0.5932 | Val NDCG: 0.7423 | smoothed: 0.7347
Epoch 3 | Loss: 0.5878 | Val NDCG: 0.7536 | smoothed: 0.7410
Epoch 4 | Loss: 0.5845 | Val NDCG: 0.7549 | smoothed: 0.7503
Epoch 5 | Loss: 0.5827 | Val NDCG: 0.7574 | smoothed: 0.7553
Epoch 6 | Loss: 0.5813 | Val NDCG: 0.7602 | smoothed: 0.7575
Epoch 7 | Loss: 0.5794 | Val NDCG: 0.7618 | smoothed: 0.7598
Epoch 8 | Loss: 0.5786 | Val NDCG: 0.7632 | smoothed: 0.7617
Epoch 9 | Loss: 0.5772 | Val NDCG: 0.7635 | smoothed: 0.7628
Epoch 10 | Loss: 0.5770 | Val NDCG: 0.7650 | smoothed: 0.7639
Epoch 11 | Loss: 0.5759 | Val NDCG: 0.7660 | smoothed: 0.7648
Epoch 12 | Loss: 0.5739 | Val NDCG: 0.7657 | smoothed: 0.7655
Epoch 13 | Loss: 0.5752 | Val NDCG: 0.7656 | smoothed: 0.7658
Epoch 14 | Loss: 0.5748 | Val NDCG: 0.7654 | smoothed: 0.7656
Epoch 15 | Loss: 0.5746 | Val NDCG: 0.7686 | smoothed: 0.7665
Epoch 16 | Loss: 0.5743 | Val NDCG: 0.7678 | smoothed: 0.7672
Epoch 17 | Loss: 0.5734 | Val NDCG: 0.7676 | smoothed: 0.7680
Epoch 18 | Loss: 0.5737 | Val NDCG: 0.7688 | smoothed: 0.7680
Epoch 19 | Loss: 0.5731 | Val NDCG: 0.7697 | smoothed: 0.7687
Epoch 20 | Loss: 0.5731 | Val NDCG: 0.7689 | smoothed: 0.7691
Epoch 21 | Loss: 0.5737 | Val NDCG: 0.7708 | smoothed: 0.7698
Epoch 22 | Loss: 0.5723 | Val NDCG: 0.7692 | smoothed: 0.7696
Epoch 23 | Loss: 0.5720 | Val NDCG: 0.7706 | smoothed: 0.7702
Epoch 24 | Loss: 0.5712 | Val NDCG: 0.7705 | smoothed: 0.7701
Epoch 25 | Loss: 0.5721 | Val NDCG: 0.7707 | smoothed: 0.7706
Epoch 26 | Loss: 0.5721 | Val NDCG: 0.7722 | smoothed: 0.7711
Epoch 27 | Loss: 0.5705 | Val NDCG: 0.7710 | smoothed: 0.7713
Epoch 28 | Loss: 0.5711 | Val NDCG: 0.7712 | smoothed: 0.7714
Epoch 29 | Loss: 0.5704 | Val NDCG: 0.7701 | smoothed: 0.7708
Epoch 30 | Loss: 0.5713 | Val NDCG: 0.7692 | smoothed: 0.7701
Epoch 31 | Loss: 0.5710 | Val NDCG: 0.7717 | smoothed: 0.7703
Epoch 32 | Loss: 0.5704 | Val NDCG: 0.7699 | smoothed: 0.7702
Epoch 33 | Loss: 0.5712 | Val NDCG: 0.7736 | smoothed: 0.7717
Epoch 34 | Loss: 0.5701 | Val NDCG: 0.7745 | smoothed: 0.7727
Epoch 35 | Loss: 0.5705 | Val NDCG: 0.7726 | smoothed: 0.7736
Epoch 36 | Loss: 0.5702 | Val NDCG: 0.7722 | smoothed: 0.7731
Epoch 37 | Loss: 0.5689 | Val NDCG: 0.7727 | smoothed: 0.7725
Epoch 38 | Loss: 0.5697 | Val NDCG: 0.7708 | smoothed: 0.7719
Epoch 39 | Loss: 0.5685 | Val NDCG: 0.7725 | smoothed: 0.7720
Epoch 40 | Loss: 0.5700 | Val NDCG: 0.7751 | smoothed: 0.7728

Best smoothed NDCG: 0.7736 at epoch 35 of 40 run

1 combinations completed out of 1


--- Grid Search Results ---
 hidden_units  dropout_rate  num_blocks  num_heads     lr  val_ndcg  val_ndcg_raw  best_epoch  epochs_run  max_epochs
          128           0.5           3          8 0.0001  0.773585      0.772603          35          40          40

Best config: {'hidden_units': 128.0, 'dropout_rate': 0.5, 'num_blocks': 3.0, 'num_heads': 8.0, 'lr': 0.0001, 'val_ndcg': 0.7735848071685071, 'val_ndcg_raw': 0.7726031916285131, 'best_epoch': 35.0, 'epochs_run': 40.0, 'max_epochs': 40.0}
1 of 1 configs reached max_epochs
0 of 1 were still improving when stopped
Best params saved to ../Models/sasrec_bce_best_params.json
