task 371 | loss drrl | node slurmnode-gpu03
Tesla P100-PCIE-16GB, 16384 MiB
Tesla P100-PCIE-16GB, 16384 MiB
Tesla P100-PCIE-16GB, 16384 MiB
Tesla P100-PCIE-16GB, 16384 MiB
Using device: cuda
Loading datasets...
Train sessions: 75875 | Val sessions: 16262

Running grid search over 486 combinations...

SLURM array task 371: 1 config -> ../Models/sasrec_grid_drrl_task371.csv
Trying: {'hidden_units': 256, 'dropout_rate': 0.1, 'num_blocks': 3, 'num_heads': 8, 'lr': 0.0001, 'gamma': 4}
Epoch 1 | Loss: -0.1370 | Val NDCG: 0.7413 | smoothed: 0.7413
Epoch 2 | Loss: -0.2140 | Val NDCG: 0.7411 | smoothed: 0.7412
Epoch 3 | Loss: -0.2212 | Val NDCG: 0.7436 | smoothed: 0.7420
Epoch 4 | Loss: -0.2225 | Val NDCG: 0.7565 | smoothed: 0.7471
Epoch 5 | Loss: -0.2250 | Val NDCG: 0.7597 | smoothed: 0.7533
Epoch 6 | Loss: -0.2256 | Val NDCG: 0.7536 | smoothed: 0.7566
Epoch 7 | Loss: -0.2255 | Val NDCG: 0.7472 | smoothed: 0.7535
Epoch 8 | Loss: -0.2271 | Val NDCG: 0.7503 | smoothed: 0.7504
Epoch 9 | Loss: -0.2270 | Val NDCG: 0.7498 | smoothed: 0.7491
Epoch 10 | Loss: -0.2274 | Val NDCG: 0.7435 | smoothed: 0.7479
Epoch 11 | Loss: -0.2272 | Val NDCG: 0.7410 | smoothed: 0.7448

Best smoothed NDCG: 0.7566 at epoch 6 of 11 run

1 combinations completed out of 1


--- Grid Search Results ---
 hidden_units  dropout_rate  num_blocks  num_heads     lr  gamma  val_ndcg  val_ndcg_raw  best_epoch  epochs_run  max_epochs
          256           0.1           3          8 0.0001      4   0.75663      0.753638           6          11          40

Best config: {'hidden_units': 256.0, 'dropout_rate': 0.1, 'num_blocks': 3.0, 'num_heads': 8.0, 'lr': 0.0001, 'gamma': 4.0, 'val_ndcg': 0.7566303272738683, 'val_ndcg_raw': 0.7536384467876437, 'best_epoch': 6.0, 'epochs_run': 11.0, 'max_epochs': 40.0}
0 of 1 configs reached max_epochs
0 of 1 were still improving when stopped
Best params saved to ../Models/sasrec_drrl_best_params.json
