task 138 | loss pwts | node slurmnode-gpu03
Tesla P100-PCIE-16GB, 16384 MiB
Tesla P100-PCIE-16GB, 16384 MiB
Tesla P100-PCIE-16GB, 16384 MiB
Tesla P100-PCIE-16GB, 16384 MiB
Using device: cuda
Loading datasets...
Train sessions: 75875 | Val sessions: 16262

Running grid search over 162 combinations...

SLURM array task 138: 1 config -> ../Models/sasrec_grid_pwts_task138.csv
Trying: {'hidden_units': 256, 'dropout_rate': 0.3, 'num_blocks': 3, 'num_heads': 4, 'lr': 0.001}
Epoch 1 | Loss: 0.6219 | Val NDCG: 0.7636 | smoothed: 0.7636
Epoch 2 | Loss: 0.6125 | Val NDCG: 0.7621 | smoothed: 0.7628
Epoch 3 | Loss: 0.6104 | Val NDCG: 0.7628 | smoothed: 0.7628
Epoch 4 | Loss: 0.6079 | Val NDCG: 0.7670 | smoothed: 0.7640
Epoch 5 | Loss: 0.6052 | Val NDCG: 0.7668 | smoothed: 0.7655
Epoch 6 | Loss: 0.6048 | Val NDCG: 0.7675 | smoothed: 0.7671
Epoch 7 | Loss: 0.6033 | Val NDCG: 0.7675 | smoothed: 0.7673
Epoch 8 | Loss: 0.6014 | Val NDCG: 0.7713 | smoothed: 0.7688
Epoch 9 | Loss: 0.6002 | Val NDCG: 0.7753 | smoothed: 0.7714
Epoch 10 | Loss: 0.5989 | Val NDCG: 0.7749 | smoothed: 0.7738
Epoch 11 | Loss: 0.5988 | Val NDCG: 0.7687 | smoothed: 0.7730
Epoch 12 | Loss: 0.5978 | Val NDCG: 0.7729 | smoothed: 0.7722
Epoch 13 | Loss: 0.5964 | Val NDCG: 0.7744 | smoothed: 0.7720
Epoch 14 | Loss: 0.5970 | Val NDCG: 0.7765 | smoothed: 0.7746
Epoch 15 | Loss: 0.5961 | Val NDCG: 0.7766 | smoothed: 0.7758
Epoch 16 | Loss: 0.5949 | Val NDCG: 0.7758 | smoothed: 0.7763
Epoch 17 | Loss: 0.5950 | Val NDCG: 0.7778 | smoothed: 0.7768
Epoch 18 | Loss: 0.5944 | Val NDCG: 0.7768 | smoothed: 0.7768
Epoch 19 | Loss: 0.5941 | Val NDCG: 0.7772 | smoothed: 0.7773
Epoch 20 | Loss: 0.5945 | Val NDCG: 0.7790 | smoothed: 0.7777

Best smoothed NDCG: 0.7777 at epoch 20 of 20 run

1 combinations completed out of 1


--- Grid Search Results ---
 hidden_units  dropout_rate  num_blocks  num_heads    lr  val_ndcg  val_ndcg_raw  best_epoch  epochs_run  max_epochs
          256           0.3           3          4 0.001  0.777656      0.779015          20          20          20

Best config: {'hidden_units': 256.0, 'dropout_rate': 0.3, 'num_blocks': 3.0, 'num_heads': 4.0, 'lr': 0.001, 'val_ndcg': 0.7776564478786062, 'val_ndcg_raw': 0.779015274322443, 'best_epoch': 20.0, 'epochs_run': 20.0, 'max_epochs': 20.0}
1 of 1 configs reached max_epochs
1 of 1 were still improving when stopped
Best params saved to ../Models/sasrec_pwts_best_params.json
