task 69 | loss bce | node slurmnode-gpu05
Tesla P100-PCIE-16GB, 16384 MiB
Tesla P100-PCIE-16GB, 16384 MiB
Tesla P100-PCIE-16GB, 16384 MiB
Tesla P100-PCIE-16GB, 16384 MiB
Using device: cuda
Loading datasets...
Train sessions: 75875 | Val sessions: 16262

Running grid search over 162 combinations...

SLURM array task 69: 1 config -> ../Models/sasrec_grid_bce_task69.csv
Trying: {'hidden_units': 128, 'dropout_rate': 0.1, 'num_blocks': 3, 'num_heads': 8, 'lr': 0.0001}
Epoch 1 | Loss: 0.5922 | Val NDCG: 0.7532 | smoothed: 0.7532
Epoch 2 | Loss: 0.5786 | Val NDCG: 0.7606 | smoothed: 0.7569
Epoch 3 | Loss: 0.5759 | Val NDCG: 0.7650 | smoothed: 0.7596
Epoch 4 | Loss: 0.5741 | Val NDCG: 0.7614 | smoothed: 0.7623
Epoch 5 | Loss: 0.5715 | Val NDCG: 0.7667 | smoothed: 0.7644
Epoch 6 | Loss: 0.5711 | Val NDCG: 0.7649 | smoothed: 0.7643
Epoch 7 | Loss: 0.5708 | Val NDCG: 0.7661 | smoothed: 0.7659
Epoch 8 | Loss: 0.5694 | Val NDCG: 0.7658 | smoothed: 0.7656
Epoch 9 | Loss: 0.5686 | Val NDCG: 0.7725 | smoothed: 0.7681
Epoch 10 | Loss: 0.5690 | Val NDCG: 0.7685 | smoothed: 0.7689
Epoch 11 | Loss: 0.5669 | Val NDCG: 0.7738 | smoothed: 0.7716
Epoch 12 | Loss: 0.5677 | Val NDCG: 0.7706 | smoothed: 0.7710
Epoch 13 | Loss: 0.5671 | Val NDCG: 0.7719 | smoothed: 0.7721
Epoch 14 | Loss: 0.5670 | Val NDCG: 0.7723 | smoothed: 0.7716
Epoch 15 | Loss: 0.5661 | Val NDCG: 0.7735 | smoothed: 0.7726
Epoch 16 | Loss: 0.5642 | Val NDCG: 0.7737 | smoothed: 0.7731
Epoch 17 | Loss: 0.5649 | Val NDCG: 0.7724 | smoothed: 0.7732
Epoch 18 | Loss: 0.5642 | Val NDCG: 0.7740 | smoothed: 0.7734
Epoch 19 | Loss: 0.5640 | Val NDCG: 0.7751 | smoothed: 0.7738
Epoch 20 | Loss: 0.5649 | Val NDCG: 0.7756 | smoothed: 0.7749
Epoch 21 | Loss: 0.5641 | Val NDCG: 0.7765 | smoothed: 0.7757
Epoch 22 | Loss: 0.5634 | Val NDCG: 0.7747 | smoothed: 0.7756
Epoch 23 | Loss: 0.5630 | Val NDCG: 0.7763 | smoothed: 0.7758
Epoch 24 | Loss: 0.5626 | Val NDCG: 0.7761 | smoothed: 0.7757
Epoch 25 | Loss: 0.5625 | Val NDCG: 0.7778 | smoothed: 0.7767
Epoch 26 | Loss: 0.5624 | Val NDCG: 0.7754 | smoothed: 0.7764
Epoch 27 | Loss: 0.5624 | Val NDCG: 0.7774 | smoothed: 0.7769
Epoch 28 | Loss: 0.5617 | Val NDCG: 0.7787 | smoothed: 0.7772
Epoch 29 | Loss: 0.5630 | Val NDCG: 0.7759 | smoothed: 0.7774
Epoch 30 | Loss: 0.5619 | Val NDCG: 0.7783 | smoothed: 0.7776
Epoch 31 | Loss: 0.5607 | Val NDCG: 0.7793 | smoothed: 0.7778
Epoch 32 | Loss: 0.5615 | Val NDCG: 0.7794 | smoothed: 0.7790
Epoch 33 | Loss: 0.5610 | Val NDCG: 0.7777 | smoothed: 0.7788
Epoch 34 | Loss: 0.5610 | Val NDCG: 0.7763 | smoothed: 0.7778
Epoch 35 | Loss: 0.5603 | Val NDCG: 0.7760 | smoothed: 0.7767
Epoch 36 | Loss: 0.5603 | Val NDCG: 0.7789 | smoothed: 0.7771
Epoch 37 | Loss: 0.5596 | Val NDCG: 0.7784 | smoothed: 0.7778

Best smoothed NDCG: 0.7790 at epoch 32 of 37 run

1 combinations completed out of 1


--- Grid Search Results ---
 hidden_units  dropout_rate  num_blocks  num_heads     lr  val_ndcg  val_ndcg_raw  best_epoch  epochs_run  max_epochs
          128           0.1           3          8 0.0001   0.77901      0.779395          32          37          40

Best config: {'hidden_units': 128.0, 'dropout_rate': 0.1, 'num_blocks': 3.0, 'num_heads': 8.0, 'lr': 0.0001, 'val_ndcg': 0.7790104424409506, 'val_ndcg_raw': 0.7793950200937879, 'best_epoch': 32.0, 'epochs_run': 37.0, 'max_epochs': 40.0}
0 of 1 configs reached max_epochs
0 of 1 were still improving when stopped
Best params saved to ../Models/sasrec_bce_best_params.json
