task 428 | loss drrl | node slurmnode-gpu03
Tesla P100-PCIE-16GB, 16384 MiB
Tesla P100-PCIE-16GB, 16384 MiB
Tesla P100-PCIE-16GB, 16384 MiB
Tesla P100-PCIE-16GB, 16384 MiB
Using device: cuda
Loading datasets...
Train sessions: 75875 | Val sessions: 16262

Running grid search over 486 combinations...

SLURM array task 428: 1 config -> ../Models/sasrec_grid_drrl_task428.csv
Trying: {'hidden_units': 256, 'dropout_rate': 0.3, 'num_blocks': 3, 'num_heads': 16, 'lr': 0.001, 'gamma': 4}
Epoch 1 | Loss: -0.1567 | Val NDCG: 0.7429 | smoothed: 0.7429
Epoch 2 | Loss: -0.2222 | Val NDCG: 0.7028 | smoothed: 0.7229
Epoch 3 | Loss: -0.2256 | Val NDCG: 0.7202 | smoothed: 0.7220
Epoch 4 | Loss: -0.2263 | Val NDCG: 0.7425 | smoothed: 0.7219
Epoch 5 | Loss: -0.2265 | Val NDCG: 0.7457 | smoothed: 0.7361
Epoch 6 | Loss: -0.2269 | Val NDCG: 0.7650 | smoothed: 0.7511
Epoch 7 | Loss: -0.2279 | Val NDCG: 0.7430 | smoothed: 0.7512
Epoch 8 | Loss: -0.2285 | Val NDCG: 0.7594 | smoothed: 0.7558
Epoch 9 | Loss: -0.2286 | Val NDCG: 0.7608 | smoothed: 0.7544
Epoch 10 | Loss: -0.2293 | Val NDCG: 0.7581 | smoothed: 0.7594
Epoch 11 | Loss: -0.2295 | Val NDCG: 0.7753 | smoothed: 0.7647
Epoch 12 | Loss: -0.2297 | Val NDCG: 0.7638 | smoothed: 0.7657
Epoch 13 | Loss: -0.2298 | Val NDCG: 0.7738 | smoothed: 0.7710
Epoch 14 | Loss: -0.2299 | Val NDCG: 0.7700 | smoothed: 0.7692
Epoch 15 | Loss: -0.2299 | Val NDCG: 0.6841 | smoothed: 0.7426
Epoch 16 | Loss: -0.2300 | Val NDCG: 0.7741 | smoothed: 0.7427
Epoch 17 | Loss: -0.2299 | Val NDCG: 0.7770 | smoothed: 0.7450
Epoch 18 | Loss: -0.2301 | Val NDCG: 0.7657 | smoothed: 0.7723
Epoch 19 | Loss: -0.2302 | Val NDCG: 0.7737 | smoothed: 0.7721
Epoch 20 | Loss: -0.2302 | Val NDCG: 0.7695 | smoothed: 0.7696

Best smoothed NDCG: 0.7723 at epoch 18 of 20 run

1 combinations completed out of 1


--- Grid Search Results ---
 hidden_units  dropout_rate  num_blocks  num_heads    lr  gamma  val_ndcg  val_ndcg_raw  best_epoch  epochs_run  max_epochs
          256           0.3           3         16 0.001      4  0.772251      0.765723          18          20          20

Best config: {'hidden_units': 256.0, 'dropout_rate': 0.3, 'num_blocks': 3.0, 'num_heads': 16.0, 'lr': 0.001, 'gamma': 4.0, 'val_ndcg': 0.7722513304736748, 'val_ndcg_raw': 0.7657231372276665, 'best_epoch': 18.0, 'epochs_run': 20.0, 'max_epochs': 20.0}
1 of 1 configs reached max_epochs
0 of 1 were still improving when stopped
Best params saved to ../Models/sasrec_drrl_best_params.json
