task 60 | loss pwts | node slurmnode-gpu05
Tesla P100-PCIE-16GB, 16384 MiB
Tesla P100-PCIE-16GB, 16384 MiB
Tesla P100-PCIE-16GB, 16384 MiB
Tesla P100-PCIE-16GB, 16384 MiB
Using device: cuda
Loading datasets...
Train sessions: 75875 | Val sessions: 16262

Running grid search over 162 combinations...

SLURM array task 60: 1 config -> ../Models/sasrec_grid_pwts_task60.csv
Trying: {'hidden_units': 128, 'dropout_rate': 0.1, 'num_blocks': 2, 'num_heads': 4, 'lr': 0.001}
Epoch 1 | Loss: 0.6154 | Val NDCG: 0.7620 | smoothed: 0.7620
Epoch 2 | Loss: 0.6040 | Val NDCG: 0.7700 | smoothed: 0.7660
Epoch 3 | Loss: 0.6030 | Val NDCG: 0.7705 | smoothed: 0.7675
Epoch 4 | Loss: 0.6003 | Val NDCG: 0.7683 | smoothed: 0.7696
Epoch 5 | Loss: 0.5983 | Val NDCG: 0.7725 | smoothed: 0.7704
Epoch 6 | Loss: 0.5966 | Val NDCG: 0.7766 | smoothed: 0.7724
Epoch 7 | Loss: 0.5959 | Val NDCG: 0.7745 | smoothed: 0.7745
Epoch 8 | Loss: 0.5952 | Val NDCG: 0.7739 | smoothed: 0.7750
Epoch 9 | Loss: 0.5938 | Val NDCG: 0.7762 | smoothed: 0.7749
Epoch 10 | Loss: 0.5934 | Val NDCG: 0.7743 | smoothed: 0.7748
Epoch 11 | Loss: 0.5932 | Val NDCG: 0.7801 | smoothed: 0.7769
Epoch 12 | Loss: 0.5928 | Val NDCG: 0.7756 | smoothed: 0.7767
Epoch 13 | Loss: 0.5914 | Val NDCG: 0.7792 | smoothed: 0.7783
Epoch 14 | Loss: 0.5916 | Val NDCG: 0.7774 | smoothed: 0.7774
Epoch 15 | Loss: 0.5907 | Val NDCG: 0.7792 | smoothed: 0.7786
Epoch 16 | Loss: 0.5909 | Val NDCG: 0.7777 | smoothed: 0.7781
Epoch 17 | Loss: 0.5911 | Val NDCG: 0.7781 | smoothed: 0.7784
Epoch 18 | Loss: 0.5905 | Val NDCG: 0.7756 | smoothed: 0.7771
Epoch 19 | Loss: 0.5908 | Val NDCG: 0.7783 | smoothed: 0.7773
Epoch 20 | Loss: 0.5890 | Val NDCG: 0.7808 | smoothed: 0.7782

Best smoothed NDCG: 0.7786 at epoch 15 of 20 run

1 combinations completed out of 1


--- Grid Search Results ---
 hidden_units  dropout_rate  num_blocks  num_heads    lr  val_ndcg  val_ndcg_raw  best_epoch  epochs_run  max_epochs
          128           0.1           2          4 0.001  0.778609       0.77925          15          20          20

Best config: {'hidden_units': 128.0, 'dropout_rate': 0.1, 'num_blocks': 2.0, 'num_heads': 4.0, 'lr': 0.001, 'val_ndcg': 0.7786092623787982, 'val_ndcg_raw': 0.7792495539530407, 'best_epoch': 15.0, 'epochs_run': 20.0, 'max_epochs': 20.0}
1 of 1 configs reached max_epochs
0 of 1 were still improving when stopped
Best params saved to ../Models/sasrec_pwts_best_params.json
