task 46 | loss bce | node slurmnode-gpu02
NVIDIA GeForce GTX 1080 Ti, 11264 MiB
NVIDIA GeForce GTX 1080 Ti, 11264 MiB
NVIDIA GeForce GTX 1080 Ti, 11264 MiB
NVIDIA GeForce GTX 1080 Ti, 11264 MiB
NVIDIA GeForce GTX 1080 Ti, 11264 MiB
NVIDIA GeForce GTX 1080 Ti, 11264 MiB
NVIDIA GeForce GTX 1080 Ti, 11264 MiB
NVIDIA GeForce GTX 1080 Ti, 11264 MiB
Using device: cuda
Loading datasets...
Train sessions: 75875 | Val sessions: 16262

Running grid search over 162 combinations...

SLURM array task 46: 1 config -> ../Models/sasrec_grid_bce_task46.csv
Trying: {'hidden_units': 64, 'dropout_rate': 0.5, 'num_blocks': 2, 'num_heads': 16, 'lr': 0.001}
Epoch 1 | Loss: 0.5984 | Val NDCG: 0.7525 | smoothed: 0.7525
Epoch 2 | Loss: 0.5823 | Val NDCG: 0.7573 | smoothed: 0.7549
Epoch 3 | Loss: 0.5782 | Val NDCG: 0.7585 | smoothed: 0.7561
Epoch 4 | Loss: 0.5774 | Val NDCG: 0.7611 | smoothed: 0.7590
Epoch 5 | Loss: 0.5748 | Val NDCG: 0.7650 | smoothed: 0.7615
Epoch 6 | Loss: 0.5752 | Val NDCG: 0.7569 | smoothed: 0.7610
Epoch 7 | Loss: 0.5743 | Val NDCG: 0.7645 | smoothed: 0.7621
Epoch 8 | Loss: 0.5743 | Val NDCG: 0.7639 | smoothed: 0.7618
Epoch 9 | Loss: 0.5729 | Val NDCG: 0.7693 | smoothed: 0.7659
Epoch 10 | Loss: 0.5730 | Val NDCG: 0.7688 | smoothed: 0.7673
Epoch 11 | Loss: 0.5733 | Val NDCG: 0.7677 | smoothed: 0.7686
Epoch 12 | Loss: 0.5724 | Val NDCG: 0.7692 | smoothed: 0.7686
Epoch 13 | Loss: 0.5727 | Val NDCG: 0.7718 | smoothed: 0.7696
Epoch 14 | Loss: 0.5709 | Val NDCG: 0.7671 | smoothed: 0.7694
Epoch 15 | Loss: 0.5709 | Val NDCG: 0.7685 | smoothed: 0.7691
Epoch 16 | Loss: 0.5702 | Val NDCG: 0.7688 | smoothed: 0.7681
Epoch 17 | Loss: 0.5707 | Val NDCG: 0.7697 | smoothed: 0.7690
Epoch 18 | Loss: 0.5705 | Val NDCG: 0.7719 | smoothed: 0.7701
Epoch 19 | Loss: 0.5703 | Val NDCG: 0.7688 | smoothed: 0.7701
Epoch 20 | Loss: 0.5699 | Val NDCG: 0.7722 | smoothed: 0.7710

Best smoothed NDCG: 0.7710 at epoch 20 of 20 run

1 combinations completed out of 1


--- Grid Search Results ---
 hidden_units  dropout_rate  num_blocks  num_heads    lr  val_ndcg  val_ndcg_raw  best_epoch  epochs_run  max_epochs
           64           0.5           2         16 0.001  0.770984      0.772245          20          20          20

Best config: {'hidden_units': 64.0, 'dropout_rate': 0.5, 'num_blocks': 2.0, 'num_heads': 16.0, 'lr': 0.001, 'val_ndcg': 0.7709838464444942, 'val_ndcg_raw': 0.7722449526100059, 'best_epoch': 20.0, 'epochs_run': 20.0, 'max_epochs': 20.0}
1 of 1 configs reached max_epochs
1 of 1 were still improving when stopped
Best params saved to ../Models/sasrec_bce_best_params.json
