task 207 | loss drrl | node slurmnode-gpu07
NVIDIA A40, 46068 MiB
NVIDIA A40, 46068 MiB
NVIDIA A40, 46068 MiB
NVIDIA A40, 46068 MiB
Using device: cuda
Loading datasets...
Train sessions: 75875 | Val sessions: 16262

Running grid search over 486 combinations...

SLURM array task 207: 1 config -> ../Models/sasrec_grid_drrl_task207.csv
Trying: {'hidden_units': 128, 'dropout_rate': 0.1, 'num_blocks': 3, 'num_heads': 8, 'lr': 0.0001, 'gamma': 2}
Epoch 1 | Loss: -0.0704 | Val NDCG: 0.7178 | smoothed: 0.7178
Epoch 2 | Loss: -0.2071 | Val NDCG: 0.7193 | smoothed: 0.7185
Epoch 3 | Loss: -0.2194 | Val NDCG: 0.7314 | smoothed: 0.7228
Epoch 4 | Loss: -0.2240 | Val NDCG: 0.7253 | smoothed: 0.7253
Epoch 5 | Loss: -0.2254 | Val NDCG: 0.7366 | smoothed: 0.7311
Epoch 6 | Loss: -0.2269 | Val NDCG: 0.7370 | smoothed: 0.7329
Epoch 7 | Loss: -0.2272 | Val NDCG: 0.7328 | smoothed: 0.7355
Epoch 8 | Loss: -0.2276 | Val NDCG: 0.7210 | smoothed: 0.7303
Epoch 9 | Loss: -0.2270 | Val NDCG: 0.7449 | smoothed: 0.7329
Epoch 10 | Loss: -0.2280 | Val NDCG: 0.7470 | smoothed: 0.7376
Epoch 11 | Loss: -0.2285 | Val NDCG: 0.7394 | smoothed: 0.7438
Epoch 12 | Loss: -0.2281 | Val NDCG: 0.7518 | smoothed: 0.7461
Epoch 13 | Loss: -0.2278 | Val NDCG: 0.7543 | smoothed: 0.7485
Epoch 14 | Loss: -0.2287 | Val NDCG: 0.7137 | smoothed: 0.7399
Epoch 15 | Loss: -0.2288 | Val NDCG: 0.7425 | smoothed: 0.7368
Epoch 16 | Loss: -0.2287 | Val NDCG: 0.7381 | smoothed: 0.7314
Epoch 17 | Loss: -0.2289 | Val NDCG: 0.7300 | smoothed: 0.7369
Epoch 18 | Loss: -0.2287 | Val NDCG: 0.7596 | smoothed: 0.7426

Best smoothed NDCG: 0.7485 at epoch 13 of 18 run

1 combinations completed out of 1


--- Grid Search Results ---
 hidden_units  dropout_rate  num_blocks  num_heads     lr  gamma  val_ndcg  val_ndcg_raw  best_epoch  epochs_run  max_epochs
          128           0.1           3          8 0.0001      2   0.74851       0.75429          13          18          40

Best config: {'hidden_units': 128.0, 'dropout_rate': 0.1, 'num_blocks': 3.0, 'num_heads': 8.0, 'lr': 0.0001, 'gamma': 2.0, 'val_ndcg': 0.7485101195891892, 'val_ndcg_raw': 0.7542898612855583, 'best_epoch': 13.0, 'epochs_run': 18.0, 'max_epochs': 40.0}
0 of 1 configs reached max_epochs
0 of 1 were still improving when stopped
Best params saved to ../Models/sasrec_drrl_best_params.json
