task 142 | loss pwts | node slurmnode-gpu07
NVIDIA A40, 46068 MiB
NVIDIA A40, 46068 MiB
NVIDIA A40, 46068 MiB
NVIDIA A40, 46068 MiB
Using device: cuda
Loading datasets...
Train sessions: 75875 | Val sessions: 16262

Running grid search over 162 combinations...

SLURM array task 142: 1 config -> ../Models/sasrec_grid_pwts_task142.csv
Trying: {'hidden_units': 256, 'dropout_rate': 0.3, 'num_blocks': 3, 'num_heads': 16, 'lr': 0.001}
Epoch 1 | Loss: 0.6200 | Val NDCG: 0.7617 | smoothed: 0.7617
Epoch 2 | Loss: 0.6087 | Val NDCG: 0.7681 | smoothed: 0.7649
Epoch 3 | Loss: 0.6061 | Val NDCG: 0.7675 | smoothed: 0.7658
Epoch 4 | Loss: 0.6035 | Val NDCG: 0.7668 | smoothed: 0.7675
Epoch 5 | Loss: 0.6011 | Val NDCG: 0.7712 | smoothed: 0.7685
Epoch 6 | Loss: 0.5995 | Val NDCG: 0.7643 | smoothed: 0.7674
Epoch 7 | Loss: 0.6004 | Val NDCG: 0.7718 | smoothed: 0.7691
Epoch 8 | Loss: 0.5988 | Val NDCG: 0.7705 | smoothed: 0.7689
Epoch 9 | Loss: 0.5985 | Val NDCG: 0.7731 | smoothed: 0.7718
Epoch 10 | Loss: 0.5969 | Val NDCG: 0.7775 | smoothed: 0.7737
Epoch 11 | Loss: 0.5972 | Val NDCG: 0.7721 | smoothed: 0.7742
Epoch 12 | Loss: 0.5961 | Val NDCG: 0.7746 | smoothed: 0.7748
Epoch 13 | Loss: 0.5963 | Val NDCG: 0.7747 | smoothed: 0.7738
Epoch 14 | Loss: 0.5956 | Val NDCG: 0.7711 | smoothed: 0.7735
Epoch 15 | Loss: 0.5949 | Val NDCG: 0.7762 | smoothed: 0.7740
Epoch 16 | Loss: 0.5947 | Val NDCG: 0.7766 | smoothed: 0.7747
Epoch 17 | Loss: 0.5954 | Val NDCG: 0.7739 | smoothed: 0.7756
Epoch 18 | Loss: 0.5942 | Val NDCG: 0.7731 | smoothed: 0.7745
Epoch 19 | Loss: 0.5946 | Val NDCG: 0.7743 | smoothed: 0.7737
Epoch 20 | Loss: 0.5943 | Val NDCG: 0.7777 | smoothed: 0.7750

Best smoothed NDCG: 0.7756 at epoch 17 of 20 run

1 combinations completed out of 1


--- Grid Search Results ---
 hidden_units  dropout_rate  num_blocks  num_heads    lr  val_ndcg  val_ndcg_raw  best_epoch  epochs_run  max_epochs
          256           0.3           3         16 0.001  0.775579      0.773867          17          20          20

Best config: {'hidden_units': 256.0, 'dropout_rate': 0.3, 'num_blocks': 3.0, 'num_heads': 16.0, 'lr': 0.001, 'val_ndcg': 0.775579413018599, 'val_ndcg_raw': 0.7738665339987776, 'best_epoch': 17.0, 'epochs_run': 20.0, 'max_epochs': 20.0}
1 of 1 configs reached max_epochs
0 of 1 were still improving when stopped
Best params saved to ../Models/sasrec_pwts_best_params.json
