task 437 | loss drrl | node slurmnode-gpu03
Tesla P100-PCIE-16GB, 16384 MiB
Tesla P100-PCIE-16GB, 16384 MiB
Tesla P100-PCIE-16GB, 16384 MiB
Tesla P100-PCIE-16GB, 16384 MiB
Using device: cuda
Loading datasets...
Train sessions: 75875 | Val sessions: 16262

Running grid search over 486 combinations...

SLURM array task 437: 1 config -> ../Models/sasrec_grid_drrl_task437.csv
Trying: {'hidden_units': 256, 'dropout_rate': 0.5, 'num_blocks': 1, 'num_heads': 4, 'lr': 0.0001, 'gamma': 4}
Epoch 1 | Loss: -0.0087 | Val NDCG: 0.7060 | smoothed: 0.7060
Epoch 2 | Loss: -0.2053 | Val NDCG: 0.6948 | smoothed: 0.7004
Epoch 3 | Loss: -0.2228 | Val NDCG: 0.6904 | smoothed: 0.6971
Epoch 4 | Loss: -0.2286 | Val NDCG: 0.7204 | smoothed: 0.7019
Epoch 5 | Loss: -0.2304 | Val NDCG: 0.7159 | smoothed: 0.7089
Epoch 6 | Loss: -0.2310 | Val NDCG: 0.7210 | smoothed: 0.7191
Epoch 7 | Loss: -0.2313 | Val NDCG: 0.7171 | smoothed: 0.7180
Epoch 8 | Loss: -0.2315 | Val NDCG: 0.7316 | smoothed: 0.7232
Epoch 9 | Loss: -0.2315 | Val NDCG: 0.7401 | smoothed: 0.7296
Epoch 10 | Loss: -0.2316 | Val NDCG: 0.7312 | smoothed: 0.7343
Epoch 11 | Loss: -0.2316 | Val NDCG: 0.7508 | smoothed: 0.7407
Epoch 12 | Loss: -0.2316 | Val NDCG: 0.7028 | smoothed: 0.7282
Epoch 13 | Loss: -0.2316 | Val NDCG: 0.7193 | smoothed: 0.7243
Epoch 14 | Loss: -0.2317 | Val NDCG: 0.7202 | smoothed: 0.7141
Epoch 15 | Loss: -0.2317 | Val NDCG: 0.7450 | smoothed: 0.7282
Epoch 16 | Loss: -0.2318 | Val NDCG: 0.7572 | smoothed: 0.7408
Epoch 17 | Loss: -0.2318 | Val NDCG: 0.7411 | smoothed: 0.7478
Epoch 18 | Loss: -0.2317 | Val NDCG: 0.7371 | smoothed: 0.7451
Epoch 19 | Loss: -0.2318 | Val NDCG: 0.7545 | smoothed: 0.7442
Epoch 20 | Loss: -0.2317 | Val NDCG: 0.7492 | smoothed: 0.7469
Epoch 21 | Loss: -0.2318 | Val NDCG: 0.7276 | smoothed: 0.7438
Epoch 22 | Loss: -0.2318 | Val NDCG: 0.7564 | smoothed: 0.7444

Best smoothed NDCG: 0.7478 at epoch 17 of 22 run

1 combinations completed out of 1


--- Grid Search Results ---
 hidden_units  dropout_rate  num_blocks  num_heads     lr  gamma  val_ndcg  val_ndcg_raw  best_epoch  epochs_run  max_epochs
          256           0.5           1          4 0.0001      4  0.747769      0.741136          17          22          40

Best config: {'hidden_units': 256.0, 'dropout_rate': 0.5, 'num_blocks': 1.0, 'num_heads': 4.0, 'lr': 0.0001, 'gamma': 4.0, 'val_ndcg': 0.7477689709122454, 'val_ndcg_raw': 0.7411358135257978, 'best_epoch': 17.0, 'epochs_run': 22.0, 'max_epochs': 40.0}
0 of 1 configs reached max_epochs
0 of 1 were still improving when stopped
Best params saved to ../Models/sasrec_drrl_best_params.json
