task 107 | loss pwts | node slurmnode-gpu03
Tesla P100-PCIE-16GB, 16384 MiB
Tesla P100-PCIE-16GB, 16384 MiB
Tesla P100-PCIE-16GB, 16384 MiB
Tesla P100-PCIE-16GB, 16384 MiB
Using device: cuda
Loading datasets...
Train sessions: 75875 | Val sessions: 16262

Running grid search over 162 combinations...

SLURM array task 107: 1 config -> ../Models/sasrec_grid_pwts_task107.csv
Trying: {'hidden_units': 128, 'dropout_rate': 0.5, 'num_blocks': 3, 'num_heads': 16, 'lr': 0.0001}
Epoch 1 | Loss: 0.6495 | Val NDCG: 0.7333 | smoothed: 0.7333
Epoch 2 | Loss: 0.6290 | Val NDCG: 0.7445 | smoothed: 0.7389
Epoch 3 | Loss: 0.6212 | Val NDCG: 0.7494 | smoothed: 0.7424
Epoch 4 | Loss: 0.6178 | Val NDCG: 0.7528 | smoothed: 0.7489
Epoch 5 | Loss: 0.6155 | Val NDCG: 0.7551 | smoothed: 0.7525
Epoch 6 | Loss: 0.6127 | Val NDCG: 0.7524 | smoothed: 0.7535
Epoch 7 | Loss: 0.6108 | Val NDCG: 0.7592 | smoothed: 0.7556
Epoch 8 | Loss: 0.6093 | Val NDCG: 0.7592 | smoothed: 0.7570
Epoch 9 | Loss: 0.6086 | Val NDCG: 0.7619 | smoothed: 0.7601
Epoch 10 | Loss: 0.6057 | Val NDCG: 0.7616 | smoothed: 0.7609
Epoch 11 | Loss: 0.6068 | Val NDCG: 0.7642 | smoothed: 0.7626
Epoch 12 | Loss: 0.6065 | Val NDCG: 0.7646 | smoothed: 0.7635
Epoch 13 | Loss: 0.6057 | Val NDCG: 0.7652 | smoothed: 0.7647
Epoch 14 | Loss: 0.6041 | Val NDCG: 0.7657 | smoothed: 0.7652
Epoch 15 | Loss: 0.6049 | Val NDCG: 0.7659 | smoothed: 0.7656
Epoch 16 | Loss: 0.6039 | Val NDCG: 0.7669 | smoothed: 0.7662
Epoch 17 | Loss: 0.6043 | Val NDCG: 0.7657 | smoothed: 0.7662
Epoch 18 | Loss: 0.6041 | Val NDCG: 0.7671 | smoothed: 0.7666
Epoch 19 | Loss: 0.6035 | Val NDCG: 0.7637 | smoothed: 0.7655
Epoch 20 | Loss: 0.6026 | Val NDCG: 0.7687 | smoothed: 0.7665
Epoch 21 | Loss: 0.6014 | Val NDCG: 0.7655 | smoothed: 0.7660
Epoch 22 | Loss: 0.6017 | Val NDCG: 0.7682 | smoothed: 0.7675
Epoch 23 | Loss: 0.6012 | Val NDCG: 0.7675 | smoothed: 0.7671
Epoch 24 | Loss: 0.6010 | Val NDCG: 0.7673 | smoothed: 0.7677
Epoch 25 | Loss: 0.6011 | Val NDCG: 0.7682 | smoothed: 0.7677
Epoch 26 | Loss: 0.5997 | Val NDCG: 0.7682 | smoothed: 0.7679
Epoch 27 | Loss: 0.6002 | Val NDCG: 0.7693 | smoothed: 0.7685
Epoch 28 | Loss: 0.5996 | Val NDCG: 0.7680 | smoothed: 0.7685
Epoch 29 | Loss: 0.6002 | Val NDCG: 0.7677 | smoothed: 0.7683
Epoch 30 | Loss: 0.6006 | Val NDCG: 0.7666 | smoothed: 0.7674
Epoch 31 | Loss: 0.5982 | Val NDCG: 0.7679 | smoothed: 0.7674
Epoch 32 | Loss: 0.5995 | Val NDCG: 0.7685 | smoothed: 0.7677

Best smoothed NDCG: 0.7685 at epoch 27 of 32 run

1 combinations completed out of 1


--- Grid Search Results ---
 hidden_units  dropout_rate  num_blocks  num_heads     lr  val_ndcg  val_ndcg_raw  best_epoch  epochs_run  max_epochs
          128           0.5           3         16 0.0001  0.768547      0.769285          27          32          40

Best config: {'hidden_units': 128.0, 'dropout_rate': 0.5, 'num_blocks': 3.0, 'num_heads': 16.0, 'lr': 0.0001, 'val_ndcg': 0.7685465723130459, 'val_ndcg_raw': 0.7692854665531808, 'best_epoch': 27.0, 'epochs_run': 32.0, 'max_epochs': 40.0}
0 of 1 configs reached max_epochs
0 of 1 were still improving when stopped
Best params saved to ../Models/sasrec_pwts_best_params.json
