task 442 | loss drrl | node slurmnode-gpu03
Tesla P100-PCIE-16GB, 16384 MiB
Tesla P100-PCIE-16GB, 16384 MiB
Tesla P100-PCIE-16GB, 16384 MiB
Tesla P100-PCIE-16GB, 16384 MiB
Using device: cuda
Loading datasets...
Train sessions: 75875 | Val sessions: 16262

Running grid search over 486 combinations...

SLURM array task 442: 1 config -> ../Models/sasrec_grid_drrl_task442.csv
Trying: {'hidden_units': 256, 'dropout_rate': 0.5, 'num_blocks': 1, 'num_heads': 8, 'lr': 0.0001, 'gamma': 3}
Epoch 1 | Loss: 0.0227 | Val NDCG: 0.7166 | smoothed: 0.7166
Epoch 2 | Loss: -0.2023 | Val NDCG: 0.7115 | smoothed: 0.7140
Epoch 3 | Loss: -0.2204 | Val NDCG: 0.7083 | smoothed: 0.7121
Epoch 4 | Loss: -0.2276 | Val NDCG: 0.7209 | smoothed: 0.7136
Epoch 5 | Loss: -0.2304 | Val NDCG: 0.7135 | smoothed: 0.7142
Epoch 6 | Loss: -0.2309 | Val NDCG: 0.7345 | smoothed: 0.7230
Epoch 7 | Loss: -0.2312 | Val NDCG: 0.7170 | smoothed: 0.7217
Epoch 8 | Loss: -0.2313 | Val NDCG: 0.7346 | smoothed: 0.7287
Epoch 9 | Loss: -0.2316 | Val NDCG: 0.7169 | smoothed: 0.7229
Epoch 10 | Loss: -0.2316 | Val NDCG: 0.7207 | smoothed: 0.7241
Epoch 11 | Loss: -0.2315 | Val NDCG: 0.7415 | smoothed: 0.7264
Epoch 12 | Loss: -0.2315 | Val NDCG: 0.7109 | smoothed: 0.7244
Epoch 13 | Loss: -0.2317 | Val NDCG: 0.7402 | smoothed: 0.7309
Epoch 14 | Loss: -0.2317 | Val NDCG: 0.7574 | smoothed: 0.7361
Epoch 15 | Loss: -0.2317 | Val NDCG: 0.7359 | smoothed: 0.7445
Epoch 16 | Loss: -0.2318 | Val NDCG: 0.7179 | smoothed: 0.7370
Epoch 17 | Loss: -0.2317 | Val NDCG: 0.7459 | smoothed: 0.7332
Epoch 18 | Loss: -0.2318 | Val NDCG: 0.7627 | smoothed: 0.7422
Epoch 19 | Loss: -0.2318 | Val NDCG: 0.7514 | smoothed: 0.7533
Epoch 20 | Loss: -0.2318 | Val NDCG: 0.7431 | smoothed: 0.7524
Epoch 21 | Loss: -0.2319 | Val NDCG: 0.7420 | smoothed: 0.7455
Epoch 22 | Loss: -0.2318 | Val NDCG: 0.7378 | smoothed: 0.7410
Epoch 23 | Loss: -0.2318 | Val NDCG: 0.7606 | smoothed: 0.7468
Epoch 24 | Loss: -0.2317 | Val NDCG: 0.7469 | smoothed: 0.7484

Best smoothed NDCG: 0.7533 at epoch 19 of 24 run

1 combinations completed out of 1


--- Grid Search Results ---
 hidden_units  dropout_rate  num_blocks  num_heads     lr  gamma  val_ndcg  val_ndcg_raw  best_epoch  epochs_run  max_epochs
          256           0.5           1          8 0.0001      3  0.753334      0.751407          19          24          40

Best config: {'hidden_units': 256.0, 'dropout_rate': 0.5, 'num_blocks': 1.0, 'num_heads': 8.0, 'lr': 0.0001, 'gamma': 3.0, 'val_ndcg': 0.7533336398106131, 'val_ndcg_raw': 0.7514070626125299, 'best_epoch': 19.0, 'epochs_run': 24.0, 'max_epochs': 40.0}
0 of 1 configs reached max_epochs
0 of 1 were still improving when stopped
Best params saved to ../Models/sasrec_drrl_best_params.json
