task 466 | loss drrl | node slurmnode-gpu03
Tesla P100-PCIE-16GB, 16384 MiB
Tesla P100-PCIE-16GB, 16384 MiB
Tesla P100-PCIE-16GB, 16384 MiB
Tesla P100-PCIE-16GB, 16384 MiB
Using device: cuda
Loading datasets...
Train sessions: 75875 | Val sessions: 16262

Running grid search over 486 combinations...

SLURM array task 466: 1 config -> ../Models/sasrec_grid_drrl_task466.csv
Trying: {'hidden_units': 256, 'dropout_rate': 0.5, 'num_blocks': 2, 'num_heads': 16, 'lr': 0.0001, 'gamma': 3}
Epoch 1 | Loss: -0.0367 | Val NDCG: 0.7238 | smoothed: 0.7238
Epoch 2 | Loss: -0.2133 | Val NDCG: 0.6952 | smoothed: 0.7095
Epoch 3 | Loss: -0.2229 | Val NDCG: 0.6907 | smoothed: 0.7032
Epoch 4 | Loss: -0.2266 | Val NDCG: 0.6823 | smoothed: 0.6894
Epoch 5 | Loss: -0.2275 | Val NDCG: 0.6852 | smoothed: 0.6861
Epoch 6 | Loss: -0.2283 | Val NDCG: 0.6950 | smoothed: 0.6875

Best smoothed NDCG: 0.7238 at epoch 1 of 6 run

1 combinations completed out of 1


--- Grid Search Results ---
 hidden_units  dropout_rate  num_blocks  num_heads     lr  gamma  val_ndcg  val_ndcg_raw  best_epoch  epochs_run  max_epochs
          256           0.5           2         16 0.0001      3  0.723841      0.723841           1           6          40

Best config: {'hidden_units': 256.0, 'dropout_rate': 0.5, 'num_blocks': 2.0, 'num_heads': 16.0, 'lr': 0.0001, 'gamma': 3.0, 'val_ndcg': 0.7238406393862632, 'val_ndcg_raw': 0.7238406393862632, 'best_epoch': 1.0, 'epochs_run': 6.0, 'max_epochs': 40.0}
0 of 1 configs reached max_epochs
0 of 1 were still improving when stopped
Best params saved to ../Models/sasrec_drrl_best_params.json
