task 386 | loss drrl | node slurmnode-gpu03
Tesla P100-PCIE-16GB, 16384 MiB
Tesla P100-PCIE-16GB, 16384 MiB
Tesla P100-PCIE-16GB, 16384 MiB
Tesla P100-PCIE-16GB, 16384 MiB
Using device: cuda
Loading datasets...
Train sessions: 75875 | Val sessions: 16262

Running grid search over 486 combinations...

SLURM array task 386: 1 config -> ../Models/sasrec_grid_drrl_task386.csv
Trying: {'hidden_units': 256, 'dropout_rate': 0.3, 'num_blocks': 1, 'num_heads': 8, 'lr': 0.001, 'gamma': 4}
Epoch 1 | Loss: -0.1813 | Val NDCG: 0.7313 | smoothed: 0.7313
Epoch 2 | Loss: -0.2217 | Val NDCG: 0.7383 | smoothed: 0.7348
Epoch 3 | Loss: -0.2235 | Val NDCG: 0.7149 | smoothed: 0.7282
Epoch 4 | Loss: -0.2262 | Val NDCG: 0.7362 | smoothed: 0.7298
Epoch 5 | Loss: -0.2272 | Val NDCG: 0.7388 | smoothed: 0.7300
Epoch 6 | Loss: -0.2275 | Val NDCG: 0.7499 | smoothed: 0.7416
Epoch 7 | Loss: -0.2283 | Val NDCG: 0.7559 | smoothed: 0.7482
Epoch 8 | Loss: -0.2288 | Val NDCG: 0.7581 | smoothed: 0.7547
Epoch 9 | Loss: -0.2288 | Val NDCG: 0.7705 | smoothed: 0.7615
Epoch 10 | Loss: -0.2291 | Val NDCG: 0.7613 | smoothed: 0.7633
Epoch 11 | Loss: -0.2295 | Val NDCG: 0.7547 | smoothed: 0.7622
Epoch 12 | Loss: -0.2298 | Val NDCG: 0.7613 | smoothed: 0.7591
Epoch 13 | Loss: -0.2297 | Val NDCG: 0.7662 | smoothed: 0.7607
Epoch 14 | Loss: -0.2298 | Val NDCG: 0.7697 | smoothed: 0.7657
Epoch 15 | Loss: -0.2300 | Val NDCG: 0.7718 | smoothed: 0.7692
Epoch 16 | Loss: -0.2301 | Val NDCG: 0.7665 | smoothed: 0.7693
Epoch 17 | Loss: -0.2298 | Val NDCG: 0.7690 | smoothed: 0.7691
Epoch 18 | Loss: -0.2286 | Val NDCG: 0.7667 | smoothed: 0.7674
Epoch 19 | Loss: -0.2302 | Val NDCG: 0.7698 | smoothed: 0.7685
Epoch 20 | Loss: -0.2302 | Val NDCG: 0.7684 | smoothed: 0.7683

Best smoothed NDCG: 0.7693 at epoch 16 of 20 run

1 combinations completed out of 1


--- Grid Search Results ---
 hidden_units  dropout_rate  num_blocks  num_heads    lr  gamma  val_ndcg  val_ndcg_raw  best_epoch  epochs_run  max_epochs
          256           0.3           1          8 0.001      4  0.769338      0.766516          16          20          20

Best config: {'hidden_units': 256.0, 'dropout_rate': 0.3, 'num_blocks': 1.0, 'num_heads': 8.0, 'lr': 0.001, 'gamma': 4.0, 'val_ndcg': 0.7693379473315035, 'val_ndcg_raw': 0.7665155361969447, 'best_epoch': 16.0, 'epochs_run': 20.0, 'max_epochs': 20.0}
1 of 1 configs reached max_epochs
0 of 1 were still improving when stopped
Best params saved to ../Models/sasrec_drrl_best_params.json
