task 214 | loss drrl | node slurmnode-gpu03
Tesla P100-PCIE-16GB, 16384 MiB
Tesla P100-PCIE-16GB, 16384 MiB
Tesla P100-PCIE-16GB, 16384 MiB
Tesla P100-PCIE-16GB, 16384 MiB
Using device: cuda
Loading datasets...
Train sessions: 75875 | Val sessions: 16262

Running grid search over 486 combinations...

SLURM array task 214: 1 config -> ../Models/sasrec_grid_drrl_task214.csv
Trying: {'hidden_units': 128, 'dropout_rate': 0.1, 'num_blocks': 3, 'num_heads': 16, 'lr': 0.0001, 'gamma': 3}
Epoch 1 | Loss: -0.1249 | Val NDCG: 0.7408 | smoothed: 0.7408
Epoch 2 | Loss: -0.2144 | Val NDCG: 0.7310 | smoothed: 0.7359
Epoch 3 | Loss: -0.2228 | Val NDCG: 0.7378 | smoothed: 0.7366
Epoch 4 | Loss: -0.2259 | Val NDCG: 0.7419 | smoothed: 0.7369
Epoch 5 | Loss: -0.2276 | Val NDCG: 0.7349 | smoothed: 0.7382
Epoch 6 | Loss: -0.2283 | Val NDCG: 0.7424 | smoothed: 0.7397

Best smoothed NDCG: 0.7408 at epoch 1 of 6 run

1 combinations completed out of 1


--- Grid Search Results ---
 hidden_units  dropout_rate  num_blocks  num_heads     lr  gamma  val_ndcg  val_ndcg_raw  best_epoch  epochs_run  max_epochs
          128           0.1           3         16 0.0001      3  0.740835      0.740835           1           6          40

Best config: {'hidden_units': 128.0, 'dropout_rate': 0.1, 'num_blocks': 3.0, 'num_heads': 16.0, 'lr': 0.0001, 'gamma': 3.0, 'val_ndcg': 0.7408354571953176, 'val_ndcg_raw': 0.7408354571953176, 'best_epoch': 1.0, 'epochs_run': 6.0, 'max_epochs': 40.0}
0 of 1 configs reached max_epochs
0 of 1 were still improving when stopped
Best params saved to ../Models/sasrec_drrl_best_params.json
