task 220 | loss drrl | node slurmnode-gpu07
NVIDIA A40, 46068 MiB
NVIDIA A40, 46068 MiB
NVIDIA A40, 46068 MiB
NVIDIA A40, 46068 MiB
Using device: cuda
Loading datasets...
Train sessions: 75875 | Val sessions: 16262

Running grid search over 486 combinations...

SLURM array task 220: 1 config -> ../Models/sasrec_grid_drrl_task220.csv
Trying: {'hidden_units': 128, 'dropout_rate': 0.3, 'num_blocks': 1, 'num_heads': 4, 'lr': 0.0001, 'gamma': 3}
Epoch 1 | Loss: 0.0290 | Val NDCG: 0.7204 | smoothed: 0.7204
Epoch 2 | Loss: -0.1967 | Val NDCG: 0.7155 | smoothed: 0.7179
Epoch 3 | Loss: -0.2166 | Val NDCG: 0.7123 | smoothed: 0.7160
Epoch 4 | Loss: -0.2237 | Val NDCG: 0.7090 | smoothed: 0.7123
Epoch 5 | Loss: -0.2269 | Val NDCG: 0.7144 | smoothed: 0.7119
Epoch 6 | Loss: -0.2287 | Val NDCG: 0.7071 | smoothed: 0.7102

Best smoothed NDCG: 0.7204 at epoch 1 of 6 run

1 combinations completed out of 1


--- Grid Search Results ---
 hidden_units  dropout_rate  num_blocks  num_heads     lr  gamma  val_ndcg  val_ndcg_raw  best_epoch  epochs_run  max_epochs
          128           0.3           1          4 0.0001      3  0.720367      0.720367           1           6          40

Best config: {'hidden_units': 128.0, 'dropout_rate': 0.3, 'num_blocks': 1.0, 'num_heads': 4.0, 'lr': 0.0001, 'gamma': 3.0, 'val_ndcg': 0.7203669978992303, 'val_ndcg_raw': 0.7203669978992303, 'best_epoch': 1.0, 'epochs_run': 6.0, 'max_epochs': 40.0}
0 of 1 configs reached max_epochs
0 of 1 were still improving when stopped
Best params saved to ../Models/sasrec_drrl_best_params.json
