task 265 | loss drrl | node slurmnode-gpu03
Tesla P100-PCIE-16GB, 16384 MiB
Tesla P100-PCIE-16GB, 16384 MiB
Tesla P100-PCIE-16GB, 16384 MiB
Tesla P100-PCIE-16GB, 16384 MiB
Using device: cuda
Loading datasets...
Train sessions: 75875 | Val sessions: 16262

Running grid search over 486 combinations...

SLURM array task 265: 1 config -> ../Models/sasrec_grid_drrl_task265.csv
Trying: {'hidden_units': 128, 'dropout_rate': 0.3, 'num_blocks': 3, 'num_heads': 16, 'lr': 0.001, 'gamma': 3}
Epoch 1 | Loss: -0.1909 | Val NDCG: 0.7295 | smoothed: 0.7295
Epoch 2 | Loss: -0.2200 | Val NDCG: 0.7384 | smoothed: 0.7339
Epoch 3 | Loss: -0.2243 | Val NDCG: 0.7407 | smoothed: 0.7362
Epoch 4 | Loss: -0.2263 | Val NDCG: 0.7321 | smoothed: 0.7371
Epoch 5 | Loss: -0.2272 | Val NDCG: 0.7532 | smoothed: 0.7420
Epoch 6 | Loss: -0.2270 | Val NDCG: 0.7672 | smoothed: 0.7508
Epoch 7 | Loss: -0.2284 | Val NDCG: 0.7619 | smoothed: 0.7608
Epoch 8 | Loss: -0.2281 | Val NDCG: 0.7556 | smoothed: 0.7616
Epoch 9 | Loss: -0.2283 | Val NDCG: 0.7652 | smoothed: 0.7609
Epoch 10 | Loss: -0.2287 | Val NDCG: 0.7595 | smoothed: 0.7601
Epoch 11 | Loss: -0.2288 | Val NDCG: 0.7729 | smoothed: 0.7658
Epoch 12 | Loss: -0.2292 | Val NDCG: 0.7729 | smoothed: 0.7684
Epoch 13 | Loss: -0.2294 | Val NDCG: 0.7604 | smoothed: 0.7687
Epoch 14 | Loss: -0.2293 | Val NDCG: 0.7706 | smoothed: 0.7680
Epoch 15 | Loss: -0.2297 | Val NDCG: 0.7682 | smoothed: 0.7664
Epoch 16 | Loss: -0.2299 | Val NDCG: 0.7700 | smoothed: 0.7696
Epoch 17 | Loss: -0.2297 | Val NDCG: 0.7650 | smoothed: 0.7677
Epoch 18 | Loss: -0.2299 | Val NDCG: 0.7732 | smoothed: 0.7694
Epoch 19 | Loss: -0.2298 | Val NDCG: 0.7697 | smoothed: 0.7693
Epoch 20 | Loss: -0.2301 | Val NDCG: 0.7772 | smoothed: 0.7734

Best smoothed NDCG: 0.7734 at epoch 20 of 20 run

1 combinations completed out of 1


--- Grid Search Results ---
 hidden_units  dropout_rate  num_blocks  num_heads    lr  gamma  val_ndcg  val_ndcg_raw  best_epoch  epochs_run  max_epochs
          128           0.3           3         16 0.001      3  0.773363      0.777225          20          20          20

Best config: {'hidden_units': 128.0, 'dropout_rate': 0.3, 'num_blocks': 3.0, 'num_heads': 16.0, 'lr': 0.001, 'gamma': 3.0, 'val_ndcg': 0.7733626730899065, 'val_ndcg_raw': 0.7772252054994542, 'best_epoch': 20.0, 'epochs_run': 20.0, 'max_epochs': 20.0}
1 of 1 configs reached max_epochs
1 of 1 were still improving when stopped
Best params saved to ../Models/sasrec_drrl_best_params.json
