task 161 | loss drrl | node slurmnode-gpu07
NVIDIA A40, 46068 MiB
NVIDIA A40, 46068 MiB
NVIDIA A40, 46068 MiB
NVIDIA A40, 46068 MiB
Using device: cuda
Loading datasets...
Train sessions: 75875 | Val sessions: 16262

Running grid search over 486 combinations...

SLURM array task 161: 1 config -> ../Models/sasrec_grid_drrl_task161.csv
Trying: {'hidden_units': 64, 'dropout_rate': 0.5, 'num_blocks': 3, 'num_heads': 16, 'lr': 0.0001, 'gamma': 4}
Epoch 1 | Loss: 0.0734 | Val NDCG: 0.7109 | smoothed: 0.7109
Epoch 2 | Loss: -0.1972 | Val NDCG: 0.7081 | smoothed: 0.7095
Epoch 3 | Loss: -0.2183 | Val NDCG: 0.6991 | smoothed: 0.7060
Epoch 4 | Loss: -0.2247 | Val NDCG: 0.6953 | smoothed: 0.7008
Epoch 5 | Loss: -0.2276 | Val NDCG: 0.6933 | smoothed: 0.6959
Epoch 6 | Loss: -0.2292 | Val NDCG: 0.6921 | smoothed: 0.6936

Best smoothed NDCG: 0.7109 at epoch 1 of 6 run

1 combinations completed out of 1


--- Grid Search Results ---
 hidden_units  dropout_rate  num_blocks  num_heads     lr  gamma  val_ndcg  val_ndcg_raw  best_epoch  epochs_run  max_epochs
           64           0.5           3         16 0.0001      4   0.71093       0.71093           1           6          40

Best config: {'hidden_units': 64.0, 'dropout_rate': 0.5, 'num_blocks': 3.0, 'num_heads': 16.0, 'lr': 0.0001, 'gamma': 4.0, 'val_ndcg': 0.7109300872691932, 'val_ndcg_raw': 0.7109300872691932, 'best_epoch': 1.0, 'epochs_run': 6.0, 'max_epochs': 40.0}
0 of 1 configs reached max_epochs
0 of 1 were still improving when stopped
Best params saved to ../Models/sasrec_drrl_best_params.json
