task 363 | loss drrl | node slurmnode-gpu03
Tesla P100-PCIE-16GB, 16384 MiB
Tesla P100-PCIE-16GB, 16384 MiB
Tesla P100-PCIE-16GB, 16384 MiB
Tesla P100-PCIE-16GB, 16384 MiB
Using device: cuda
Loading datasets...
Train sessions: 75875 | Val sessions: 16262

Running grid search over 486 combinations...

SLURM array task 363: 1 config -> ../Models/sasrec_grid_drrl_task363.csv
Trying: {'hidden_units': 256, 'dropout_rate': 0.1, 'num_blocks': 3, 'num_heads': 4, 'lr': 0.0001, 'gamma': 2}
Epoch 1 | Loss: -0.0894 | Val NDCG: 0.7277 | smoothed: 0.7277
Epoch 2 | Loss: -0.2070 | Val NDCG: 0.7364 | smoothed: 0.7321
Epoch 3 | Loss: -0.2171 | Val NDCG: 0.7188 | smoothed: 0.7276
Epoch 4 | Loss: -0.2173 | Val NDCG: 0.7532 | smoothed: 0.7361
Epoch 5 | Loss: -0.2224 | Val NDCG: 0.7384 | smoothed: 0.7368
Epoch 6 | Loss: -0.2223 | Val NDCG: 0.7153 | smoothed: 0.7356
Epoch 7 | Loss: -0.2232 | Val NDCG: 0.7637 | smoothed: 0.7391
Epoch 8 | Loss: -0.2237 | Val NDCG: 0.7502 | smoothed: 0.7431
Epoch 9 | Loss: -0.2247 | Val NDCG: 0.7385 | smoothed: 0.7508
Epoch 10 | Loss: -0.2260 | Val NDCG: 0.7241 | smoothed: 0.7376
Epoch 11 | Loss: -0.2258 | Val NDCG: 0.7462 | smoothed: 0.7363
Epoch 12 | Loss: -0.2265 | Val NDCG: 0.7412 | smoothed: 0.7371
Epoch 13 | Loss: -0.2263 | Val NDCG: 0.7495 | smoothed: 0.7456
Epoch 14 | Loss: -0.2263 | Val NDCG: 0.7658 | smoothed: 0.7522
Epoch 15 | Loss: -0.2270 | Val NDCG: 0.7419 | smoothed: 0.7524
Epoch 16 | Loss: -0.2272 | Val NDCG: 0.7544 | smoothed: 0.7540
Epoch 17 | Loss: -0.2267 | Val NDCG: 0.7533 | smoothed: 0.7498
Epoch 18 | Loss: -0.2278 | Val NDCG: 0.7569 | smoothed: 0.7549
Epoch 19 | Loss: -0.2271 | Val NDCG: 0.7489 | smoothed: 0.7530
Epoch 20 | Loss: -0.2277 | Val NDCG: 0.7583 | smoothed: 0.7547
Epoch 21 | Loss: -0.2278 | Val NDCG: 0.7676 | smoothed: 0.7582
Epoch 22 | Loss: -0.2284 | Val NDCG: 0.7694 | smoothed: 0.7651
Epoch 23 | Loss: -0.2283 | Val NDCG: 0.7597 | smoothed: 0.7656
Epoch 24 | Loss: -0.2285 | Val NDCG: 0.7689 | smoothed: 0.7660
Epoch 25 | Loss: -0.2284 | Val NDCG: 0.7362 | smoothed: 0.7549
Epoch 26 | Loss: -0.2286 | Val NDCG: 0.7648 | smoothed: 0.7566
Epoch 27 | Loss: -0.2282 | Val NDCG: 0.7672 | smoothed: 0.7561
Epoch 28 | Loss: -0.2285 | Val NDCG: 0.7687 | smoothed: 0.7669
Epoch 29 | Loss: -0.2288 | Val NDCG: 0.7662 | smoothed: 0.7674
Epoch 30 | Loss: -0.2286 | Val NDCG: 0.7692 | smoothed: 0.7680
Epoch 31 | Loss: -0.2289 | Val NDCG: 0.7659 | smoothed: 0.7671
Epoch 32 | Loss: -0.2290 | Val NDCG: 0.7668 | smoothed: 0.7673
Epoch 33 | Loss: -0.2288 | Val NDCG: 0.7825 | smoothed: 0.7717
Epoch 34 | Loss: -0.2294 | Val NDCG: 0.7714 | smoothed: 0.7736
Epoch 35 | Loss: -0.2289 | Val NDCG: 0.7735 | smoothed: 0.7758
Epoch 36 | Loss: -0.2292 | Val NDCG: 0.7530 | smoothed: 0.7660
Epoch 37 | Loss: -0.2296 | Val NDCG: 0.7683 | smoothed: 0.7649
Epoch 38 | Loss: -0.2293 | Val NDCG: 0.7568 | smoothed: 0.7594
Epoch 39 | Loss: -0.2292 | Val NDCG: 0.7644 | smoothed: 0.7632
Epoch 40 | Loss: -0.2295 | Val NDCG: 0.7616 | smoothed: 0.7609

Best smoothed NDCG: 0.7758 at epoch 35 of 40 run

1 combinations completed out of 1


--- Grid Search Results ---
 hidden_units  dropout_rate  num_blocks  num_heads     lr  gamma  val_ndcg  val_ndcg_raw  best_epoch  epochs_run  max_epochs
          256           0.1           3          4 0.0001      2    0.7758      0.773506          35          40          40

Best config: {'hidden_units': 256.0, 'dropout_rate': 0.1, 'num_blocks': 3.0, 'num_heads': 4.0, 'lr': 0.0001, 'gamma': 2.0, 'val_ndcg': 0.7757995993558643, 'val_ndcg_raw': 0.7735061446716395, 'best_epoch': 35.0, 'epochs_run': 40.0, 'max_epochs': 40.0}
1 of 1 configs reached max_epochs
0 of 1 were still improving when stopped
Best params saved to ../Models/sasrec_drrl_best_params.json
