task 123 | loss drrl | node slurmnode-gpu07
NVIDIA A40, 46068 MiB
NVIDIA A40, 46068 MiB
NVIDIA A40, 46068 MiB
NVIDIA A40, 46068 MiB
Using device: cuda
Loading datasets...
Train sessions: 75875 | Val sessions: 16262

Running grid search over 486 combinations...

SLURM array task 123: 1 config -> ../Models/sasrec_grid_drrl_task123.csv
Trying: {'hidden_units': 64, 'dropout_rate': 0.5, 'num_blocks': 1, 'num_heads': 16, 'lr': 0.0001, 'gamma': 2}
Epoch 1 | Loss: 0.6324 | Val NDCG: 0.7177 | smoothed: 0.7177
Epoch 2 | Loss: -0.0697 | Val NDCG: 0.7203 | smoothed: 0.7190
Epoch 3 | Loss: -0.2037 | Val NDCG: 0.7243 | smoothed: 0.7208
Epoch 4 | Loss: -0.2244 | Val NDCG: 0.7193 | smoothed: 0.7213
Epoch 5 | Loss: -0.2282 | Val NDCG: 0.7233 | smoothed: 0.7223
Epoch 6 | Loss: -0.2301 | Val NDCG: 0.7274 | smoothed: 0.7233
Epoch 7 | Loss: -0.2312 | Val NDCG: 0.7257 | smoothed: 0.7254
Epoch 8 | Loss: -0.2317 | Val NDCG: 0.7324 | smoothed: 0.7285
Epoch 9 | Loss: -0.2320 | Val NDCG: 0.7260 | smoothed: 0.7280
Epoch 10 | Loss: -0.2320 | Val NDCG: 0.7337 | smoothed: 0.7307
Epoch 11 | Loss: -0.2322 | Val NDCG: 0.7366 | smoothed: 0.7321
Epoch 12 | Loss: -0.2321 | Val NDCG: 0.7291 | smoothed: 0.7331
Epoch 13 | Loss: -0.2322 | Val NDCG: 0.7345 | smoothed: 0.7334
Epoch 14 | Loss: -0.2322 | Val NDCG: 0.7299 | smoothed: 0.7312
Epoch 15 | Loss: -0.2322 | Val NDCG: 0.7388 | smoothed: 0.7344
Epoch 16 | Loss: -0.2323 | Val NDCG: 0.7311 | smoothed: 0.7333
Epoch 17 | Loss: -0.2323 | Val NDCG: 0.7319 | smoothed: 0.7340
Epoch 18 | Loss: -0.2323 | Val NDCG: 0.7396 | smoothed: 0.7342
Epoch 19 | Loss: -0.2323 | Val NDCG: 0.7370 | smoothed: 0.7362
Epoch 20 | Loss: -0.2323 | Val NDCG: 0.7465 | smoothed: 0.7410
Epoch 21 | Loss: -0.2324 | Val NDCG: 0.7424 | smoothed: 0.7420
Epoch 22 | Loss: -0.2324 | Val NDCG: 0.7429 | smoothed: 0.7439
Epoch 23 | Loss: -0.2324 | Val NDCG: 0.7324 | smoothed: 0.7392
Epoch 24 | Loss: -0.2325 | Val NDCG: 0.7062 | smoothed: 0.7271
Epoch 25 | Loss: -0.2324 | Val NDCG: 0.7472 | smoothed: 0.7286
Epoch 26 | Loss: -0.2325 | Val NDCG: 0.7304 | smoothed: 0.7279
Epoch 27 | Loss: -0.2324 | Val NDCG: 0.7176 | smoothed: 0.7317

Best smoothed NDCG: 0.7439 at epoch 22 of 27 run

1 combinations completed out of 1


--- Grid Search Results ---
 hidden_units  dropout_rate  num_blocks  num_heads     lr  gamma  val_ndcg  val_ndcg_raw  best_epoch  epochs_run  max_epochs
           64           0.5           1         16 0.0001      2  0.743934      0.742894          22          27          40

Best config: {'hidden_units': 64.0, 'dropout_rate': 0.5, 'num_blocks': 1.0, 'num_heads': 16.0, 'lr': 0.0001, 'gamma': 2.0, 'val_ndcg': 0.7439342412515962, 'val_ndcg_raw': 0.7428938980131441, 'best_epoch': 22.0, 'epochs_run': 27.0, 'max_epochs': 40.0}
0 of 1 configs reached max_epochs
0 of 1 were still improving when stopped
Best params saved to ../Models/sasrec_drrl_best_params.json
