task 474 | loss drrl | node slurmnode-gpu03
Tesla P100-PCIE-16GB, 16384 MiB
Tesla P100-PCIE-16GB, 16384 MiB
Tesla P100-PCIE-16GB, 16384 MiB
Tesla P100-PCIE-16GB, 16384 MiB
Using device: cuda
Loading datasets...
Train sessions: 75875 | Val sessions: 16262

Running grid search over 486 combinations...

SLURM array task 474: 1 config -> ../Models/sasrec_grid_drrl_task474.csv
Trying: {'hidden_units': 256, 'dropout_rate': 0.5, 'num_blocks': 3, 'num_heads': 8, 'lr': 0.001, 'gamma': 2}
Epoch 1 | Loss: -0.1558 | Val NDCG: 0.7052 | smoothed: 0.7052
Epoch 2 | Loss: -0.2139 | Val NDCG: 0.7474 | smoothed: 0.7263
Epoch 3 | Loss: -0.2198 | Val NDCG: 0.7308 | smoothed: 0.7278
Epoch 4 | Loss: -0.2221 | Val NDCG: 0.7112 | smoothed: 0.7298
Epoch 5 | Loss: -0.2219 | Val NDCG: 0.7259 | smoothed: 0.7226
Epoch 6 | Loss: -0.2231 | Val NDCG: 0.7354 | smoothed: 0.7241
Epoch 7 | Loss: -0.2234 | Val NDCG: 0.7466 | smoothed: 0.7359
Epoch 8 | Loss: -0.2240 | Val NDCG: 0.7407 | smoothed: 0.7409
Epoch 9 | Loss: -0.2237 | Val NDCG: 0.7658 | smoothed: 0.7510
Epoch 10 | Loss: -0.2244 | Val NDCG: 0.7694 | smoothed: 0.7586
Epoch 11 | Loss: -0.2243 | Val NDCG: 0.7623 | smoothed: 0.7658
Epoch 12 | Loss: -0.2243 | Val NDCG: 0.7563 | smoothed: 0.7627
Epoch 13 | Loss: -0.2251 | Val NDCG: 0.7682 | smoothed: 0.7623
Epoch 14 | Loss: -0.2254 | Val NDCG: 0.7613 | smoothed: 0.7619
Epoch 15 | Loss: -0.2258 | Val NDCG: 0.7653 | smoothed: 0.7649
Epoch 16 | Loss: -0.2257 | Val NDCG: 0.7678 | smoothed: 0.7648

Best smoothed NDCG: 0.7658 at epoch 11 of 16 run

1 combinations completed out of 1


--- Grid Search Results ---
 hidden_units  dropout_rate  num_blocks  num_heads    lr  gamma  val_ndcg  val_ndcg_raw  best_epoch  epochs_run  max_epochs
          256           0.5           3          8 0.001      2  0.765828       0.76228          11          16          20

Best config: {'hidden_units': 256.0, 'dropout_rate': 0.5, 'num_blocks': 3.0, 'num_heads': 8.0, 'lr': 0.001, 'gamma': 2.0, 'val_ndcg': 0.7658275898572584, 'val_ndcg_raw': 0.7622804295221224, 'best_epoch': 11.0, 'epochs_run': 16.0, 'max_epochs': 20.0}
0 of 1 configs reached max_epochs
0 of 1 were still improving when stopped
Best params saved to ../Models/sasrec_drrl_best_params.json
