task 50 | loss bce | node slurmnode-gpu02
NVIDIA GeForce GTX 1080 Ti, 11264 MiB
NVIDIA GeForce GTX 1080 Ti, 11264 MiB
NVIDIA GeForce GTX 1080 Ti, 11264 MiB
NVIDIA GeForce GTX 1080 Ti, 11264 MiB
NVIDIA GeForce GTX 1080 Ti, 11264 MiB
NVIDIA GeForce GTX 1080 Ti, 11264 MiB
NVIDIA GeForce GTX 1080 Ti, 11264 MiB
NVIDIA GeForce GTX 1080 Ti, 11264 MiB
Using device: cuda
Loading datasets...
Train sessions: 75875 | Val sessions: 16262

Running grid search over 162 combinations...

SLURM array task 50: 1 config -> ../Models/sasrec_grid_bce_task50.csv
Trying: {'hidden_units': 64, 'dropout_rate': 0.5, 'num_blocks': 3, 'num_heads': 8, 'lr': 0.001}
Epoch 1 | Loss: 0.5947 | Val NDCG: 0.7489 | smoothed: 0.7489
Epoch 2 | Loss: 0.5816 | Val NDCG: 0.7605 | smoothed: 0.7547
Epoch 3 | Loss: 0.5778 | Val NDCG: 0.7595 | smoothed: 0.7563
Epoch 4 | Loss: 0.5758 | Val NDCG: 0.7656 | smoothed: 0.7619
Epoch 5 | Loss: 0.5746 | Val NDCG: 0.7653 | smoothed: 0.7635
Epoch 6 | Loss: 0.5741 | Val NDCG: 0.7612 | smoothed: 0.7640
Epoch 7 | Loss: 0.5754 | Val NDCG: 0.7638 | smoothed: 0.7634
Epoch 8 | Loss: 0.5741 | Val NDCG: 0.7677 | smoothed: 0.7642
Epoch 9 | Loss: 0.5738 | Val NDCG: 0.7682 | smoothed: 0.7666
Epoch 10 | Loss: 0.5727 | Val NDCG: 0.7666 | smoothed: 0.7675
Epoch 11 | Loss: 0.5730 | Val NDCG: 0.7682 | smoothed: 0.7677
Epoch 12 | Loss: 0.5719 | Val NDCG: 0.7709 | smoothed: 0.7686
Epoch 13 | Loss: 0.5714 | Val NDCG: 0.7654 | smoothed: 0.7682
Epoch 14 | Loss: 0.5723 | Val NDCG: 0.7734 | smoothed: 0.7699
Epoch 15 | Loss: 0.5705 | Val NDCG: 0.7697 | smoothed: 0.7695
Epoch 16 | Loss: 0.5704 | Val NDCG: 0.7683 | smoothed: 0.7705
Epoch 17 | Loss: 0.5691 | Val NDCG: 0.7697 | smoothed: 0.7693
Epoch 18 | Loss: 0.5700 | Val NDCG: 0.7750 | smoothed: 0.7710
Epoch 19 | Loss: 0.5699 | Val NDCG: 0.7716 | smoothed: 0.7721
Epoch 20 | Loss: 0.5693 | Val NDCG: 0.7727 | smoothed: 0.7731

Best smoothed NDCG: 0.7731 at epoch 20 of 20 run

1 combinations completed out of 1


--- Grid Search Results ---
 hidden_units  dropout_rate  num_blocks  num_heads    lr  val_ndcg  val_ndcg_raw  best_epoch  epochs_run  max_epochs
           64           0.5           3          8 0.001  0.773091      0.772683          20          20          20

Best config: {'hidden_units': 64.0, 'dropout_rate': 0.5, 'num_blocks': 3.0, 'num_heads': 8.0, 'lr': 0.001, 'val_ndcg': 0.7730913420040563, 'val_ndcg_raw': 0.7726830204514449, 'best_epoch': 20.0, 'epochs_run': 20.0, 'max_epochs': 20.0}
1 of 1 configs reached max_epochs
1 of 1 were still improving when stopped
Best params saved to ../Models/sasrec_bce_best_params.json
