task 89 | loss pwts | node slurmnode-gpu05
Tesla P100-PCIE-16GB, 16384 MiB
Tesla P100-PCIE-16GB, 16384 MiB
Tesla P100-PCIE-16GB, 16384 MiB
Tesla P100-PCIE-16GB, 16384 MiB
Using device: cuda
Loading datasets...
Train sessions: 75875 | Val sessions: 16262

Running grid search over 162 combinations...

SLURM array task 89: 1 config -> ../Models/sasrec_grid_pwts_task89.csv
Trying: {'hidden_units': 128, 'dropout_rate': 0.3, 'num_blocks': 3, 'num_heads': 16, 'lr': 0.0001}
Epoch 1 | Loss: 0.6394 | Val NDCG: 0.7415 | smoothed: 0.7415
Epoch 2 | Loss: 0.6185 | Val NDCG: 0.7542 | smoothed: 0.7478
Epoch 3 | Loss: 0.6146 | Val NDCG: 0.7549 | smoothed: 0.7502
Epoch 4 | Loss: 0.6107 | Val NDCG: 0.7597 | smoothed: 0.7562
Epoch 5 | Loss: 0.6080 | Val NDCG: 0.7615 | smoothed: 0.7587
Epoch 6 | Loss: 0.6059 | Val NDCG: 0.7625 | smoothed: 0.7612
Epoch 7 | Loss: 0.6046 | Val NDCG: 0.7631 | smoothed: 0.7624
Epoch 8 | Loss: 0.6032 | Val NDCG: 0.7646 | smoothed: 0.7634
Epoch 9 | Loss: 0.6035 | Val NDCG: 0.7656 | smoothed: 0.7644
Epoch 10 | Loss: 0.6013 | Val NDCG: 0.7672 | smoothed: 0.7658
Epoch 11 | Loss: 0.6013 | Val NDCG: 0.7674 | smoothed: 0.7667
Epoch 12 | Loss: 0.6003 | Val NDCG: 0.7711 | smoothed: 0.7686
Epoch 13 | Loss: 0.6000 | Val NDCG: 0.7699 | smoothed: 0.7695
Epoch 14 | Loss: 0.5991 | Val NDCG: 0.7702 | smoothed: 0.7704
Epoch 15 | Loss: 0.5993 | Val NDCG: 0.7697 | smoothed: 0.7699
Epoch 16 | Loss: 0.5999 | Val NDCG: 0.7708 | smoothed: 0.7702
Epoch 17 | Loss: 0.5985 | Val NDCG: 0.7693 | smoothed: 0.7699
Epoch 18 | Loss: 0.5976 | Val NDCG: 0.7701 | smoothed: 0.7701
Epoch 19 | Loss: 0.5980 | Val NDCG: 0.7714 | smoothed: 0.7703

Best smoothed NDCG: 0.7704 at epoch 14 of 19 run

1 combinations completed out of 1


--- Grid Search Results ---
 hidden_units  dropout_rate  num_blocks  num_heads     lr  val_ndcg  val_ndcg_raw  best_epoch  epochs_run  max_epochs
          128           0.3           3         16 0.0001  0.770419      0.770184          14          19          40

Best config: {'hidden_units': 128.0, 'dropout_rate': 0.3, 'num_blocks': 3.0, 'num_heads': 16.0, 'lr': 0.0001, 'val_ndcg': 0.7704185795268043, 'val_ndcg_raw': 0.7701835083510165, 'best_epoch': 14.0, 'epochs_run': 19.0, 'max_epochs': 40.0}
0 of 1 configs reached max_epochs
0 of 1 were still improving when stopped
Best params saved to ../Models/sasrec_pwts_best_params.json
