task 2 | loss pwts | node slurmnode-gpu02
NVIDIA GeForce GTX 1080 Ti, 11264 MiB
NVIDIA GeForce GTX 1080 Ti, 11264 MiB
NVIDIA GeForce GTX 1080 Ti, 11264 MiB
NVIDIA GeForce GTX 1080 Ti, 11264 MiB
NVIDIA GeForce GTX 1080 Ti, 11264 MiB
NVIDIA GeForce GTX 1080 Ti, 11264 MiB
NVIDIA GeForce GTX 1080 Ti, 11264 MiB
NVIDIA GeForce GTX 1080 Ti, 11264 MiB
Using device: cuda
Loading datasets...
Train sessions: 75875 | Val sessions: 16262

Running grid search over 162 combinations...

SLURM array task 2: 1 config -> ../Models/sasrec_grid_pwts_task2.csv
Trying: {'hidden_units': 64, 'dropout_rate': 0.1, 'num_blocks': 1, 'num_heads': 8, 'lr': 0.001}
Epoch 1 | Loss: 0.6207 | Val NDCG: 0.7600 | smoothed: 0.7600
Epoch 2 | Loss: 0.6060 | Val NDCG: 0.7669 | smoothed: 0.7634
Epoch 3 | Loss: 0.6036 | Val NDCG: 0.7702 | smoothed: 0.7657
Epoch 4 | Loss: 0.6015 | Val NDCG: 0.7679 | smoothed: 0.7683
Epoch 5 | Loss: 0.5992 | Val NDCG: 0.7670 | smoothed: 0.7684
Epoch 6 | Loss: 0.5993 | Val NDCG: 0.7691 | smoothed: 0.7680
Epoch 7 | Loss: 0.5988 | Val NDCG: 0.7739 | smoothed: 0.7700
Epoch 8 | Loss: 0.5977 | Val NDCG: 0.7714 | smoothed: 0.7715
Epoch 9 | Loss: 0.5975 | Val NDCG: 0.7764 | smoothed: 0.7739
Epoch 10 | Loss: 0.5963 | Val NDCG: 0.7711 | smoothed: 0.7730
Epoch 11 | Loss: 0.5957 | Val NDCG: 0.7740 | smoothed: 0.7738
Epoch 12 | Loss: 0.5946 | Val NDCG: 0.7740 | smoothed: 0.7730
Epoch 13 | Loss: 0.5949 | Val NDCG: 0.7738 | smoothed: 0.7739
Epoch 14 | Loss: 0.5935 | Val NDCG: 0.7737 | smoothed: 0.7738
Epoch 15 | Loss: 0.5950 | Val NDCG: 0.7738 | smoothed: 0.7738
Epoch 16 | Loss: 0.5931 | Val NDCG: 0.7792 | smoothed: 0.7756
Epoch 17 | Loss: 0.5945 | Val NDCG: 0.7775 | smoothed: 0.7768
Epoch 18 | Loss: 0.5919 | Val NDCG: 0.7774 | smoothed: 0.7780
Epoch 19 | Loss: 0.5921 | Val NDCG: 0.7784 | smoothed: 0.7778
Epoch 20 | Loss: 0.5923 | Val NDCG: 0.7734 | smoothed: 0.7764

Best smoothed NDCG: 0.7780 at epoch 18 of 20 run

1 combinations completed out of 1


--- Grid Search Results ---
 hidden_units  dropout_rate  num_blocks  num_heads    lr  val_ndcg  val_ndcg_raw  best_epoch  epochs_run  max_epochs
           64           0.1           1          8 0.001  0.778018      0.777436          18          20          20

Best config: {'hidden_units': 64.0, 'dropout_rate': 0.1, 'num_blocks': 1.0, 'num_heads': 8.0, 'lr': 0.001, 'val_ndcg': 0.7780181487702956, 'val_ndcg_raw': 0.7774361685771078, 'best_epoch': 18.0, 'epochs_run': 20.0, 'max_epochs': 20.0}
1 of 1 configs reached max_epochs
0 of 1 were still improving when stopped
Best params saved to ../Models/sasrec_pwts_best_params.json
