task 113 | loss bce | node slurmnode-gpu05
Tesla P100-PCIE-16GB, 16384 MiB
Tesla P100-PCIE-16GB, 16384 MiB
Tesla P100-PCIE-16GB, 16384 MiB
Tesla P100-PCIE-16GB, 16384 MiB
Using device: cuda
Loading datasets...
Train sessions: 75875 | Val sessions: 16262

Running grid search over 162 combinations...

SLURM array task 113: 1 config -> ../Models/sasrec_grid_bce_task113.csv
Trying: {'hidden_units': 256, 'dropout_rate': 0.1, 'num_blocks': 1, 'num_heads': 16, 'lr': 0.0001}
Epoch 1 | Loss: 0.5941 | Val NDCG: 0.7580 | smoothed: 0.7580
Epoch 2 | Loss: 0.5787 | Val NDCG: 0.7557 | smoothed: 0.7568
Epoch 3 | Loss: 0.5760 | Val NDCG: 0.7675 | smoothed: 0.7604
Epoch 4 | Loss: 0.5740 | Val NDCG: 0.7628 | smoothed: 0.7620
Epoch 5 | Loss: 0.5724 | Val NDCG: 0.7697 | smoothed: 0.7667
Epoch 6 | Loss: 0.5720 | Val NDCG: 0.7672 | smoothed: 0.7665
Epoch 7 | Loss: 0.5709 | Val NDCG: 0.7690 | smoothed: 0.7686
Epoch 8 | Loss: 0.5697 | Val NDCG: 0.7709 | smoothed: 0.7690
Epoch 9 | Loss: 0.5703 | Val NDCG: 0.7743 | smoothed: 0.7714
Epoch 10 | Loss: 0.5688 | Val NDCG: 0.7730 | smoothed: 0.7728
Epoch 11 | Loss: 0.5693 | Val NDCG: 0.7740 | smoothed: 0.7738
Epoch 12 | Loss: 0.5684 | Val NDCG: 0.7710 | smoothed: 0.7727
Epoch 13 | Loss: 0.5676 | Val NDCG: 0.7734 | smoothed: 0.7728
Epoch 14 | Loss: 0.5672 | Val NDCG: 0.7741 | smoothed: 0.7728
Epoch 15 | Loss: 0.5670 | Val NDCG: 0.7717 | smoothed: 0.7731
Epoch 16 | Loss: 0.5671 | Val NDCG: 0.7759 | smoothed: 0.7739
Epoch 17 | Loss: 0.5664 | Val NDCG: 0.7748 | smoothed: 0.7741
Epoch 18 | Loss: 0.5661 | Val NDCG: 0.7740 | smoothed: 0.7749
Epoch 19 | Loss: 0.5655 | Val NDCG: 0.7735 | smoothed: 0.7741
Epoch 20 | Loss: 0.5644 | Val NDCG: 0.7728 | smoothed: 0.7735
Epoch 21 | Loss: 0.5655 | Val NDCG: 0.7755 | smoothed: 0.7739
Epoch 22 | Loss: 0.5649 | Val NDCG: 0.7755 | smoothed: 0.7746
Epoch 23 | Loss: 0.5639 | Val NDCG: 0.7740 | smoothed: 0.7750
Epoch 24 | Loss: 0.5648 | Val NDCG: 0.7754 | smoothed: 0.7750
Epoch 25 | Loss: 0.5637 | Val NDCG: 0.7765 | smoothed: 0.7753
Epoch 26 | Loss: 0.5649 | Val NDCG: 0.7703 | smoothed: 0.7740
Epoch 27 | Loss: 0.5634 | Val NDCG: 0.7769 | smoothed: 0.7745
Epoch 28 | Loss: 0.5621 | Val NDCG: 0.7739 | smoothed: 0.7737
Epoch 29 | Loss: 0.5636 | Val NDCG: 0.7773 | smoothed: 0.7760
Epoch 30 | Loss: 0.5621 | Val NDCG: 0.7768 | smoothed: 0.7760
Epoch 31 | Loss: 0.5633 | Val NDCG: 0.7776 | smoothed: 0.7772
Epoch 32 | Loss: 0.5616 | Val NDCG: 0.7740 | smoothed: 0.7761
Epoch 33 | Loss: 0.5635 | Val NDCG: 0.7784 | smoothed: 0.7767
Epoch 34 | Loss: 0.5613 | Val NDCG: 0.7780 | smoothed: 0.7768
Epoch 35 | Loss: 0.5618 | Val NDCG: 0.7774 | smoothed: 0.7779
Epoch 36 | Loss: 0.5616 | Val NDCG: 0.7782 | smoothed: 0.7779
Epoch 37 | Loss: 0.5605 | Val NDCG: 0.7768 | smoothed: 0.7775
Epoch 38 | Loss: 0.5607 | Val NDCG: 0.7774 | smoothed: 0.7775
Epoch 39 | Loss: 0.5605 | Val NDCG: 0.7746 | smoothed: 0.7763
Epoch 40 | Loss: 0.5597 | Val NDCG: 0.7780 | smoothed: 0.7766

Best smoothed NDCG: 0.7779 at epoch 35 of 40 run

1 combinations completed out of 1


--- Grid Search Results ---
 hidden_units  dropout_rate  num_blocks  num_heads     lr  val_ndcg  val_ndcg_raw  best_epoch  epochs_run  max_epochs
          256           0.1           1         16 0.0001  0.777946      0.777383          35          40          40

Best config: {'hidden_units': 256.0, 'dropout_rate': 0.1, 'num_blocks': 1.0, 'num_heads': 16.0, 'lr': 0.0001, 'val_ndcg': 0.7779462452976476, 'val_ndcg_raw': 0.7773826522457571, 'best_epoch': 35.0, 'epochs_run': 40.0, 'max_epochs': 40.0}
1 of 1 configs reached max_epochs
0 of 1 were still improving when stopped
Best params saved to ../Models/sasrec_bce_best_params.json
