task 215 | loss drrl | node slurmnode-gpu07
NVIDIA A40, 46068 MiB
NVIDIA A40, 46068 MiB
NVIDIA A40, 46068 MiB
NVIDIA A40, 46068 MiB
Using device: cuda
Loading datasets...
Train sessions: 75875 | Val sessions: 16262

Running grid search over 486 combinations...

SLURM array task 215: 1 config -> ../Models/sasrec_grid_drrl_task215.csv
Trying: {'hidden_units': 128, 'dropout_rate': 0.1, 'num_blocks': 3, 'num_heads': 16, 'lr': 0.0001, 'gamma': 4}
Epoch 1 | Loss: -0.1208 | Val NDCG: 0.7394 | smoothed: 0.7394
Epoch 2 | Loss: -0.2138 | Val NDCG: 0.7334 | smoothed: 0.7364
Epoch 3 | Loss: -0.2226 | Val NDCG: 0.7384 | smoothed: 0.7371
Epoch 4 | Loss: -0.2262 | Val NDCG: 0.7401 | smoothed: 0.7373
Epoch 5 | Loss: -0.2273 | Val NDCG: 0.7315 | smoothed: 0.7367
Epoch 6 | Loss: -0.2283 | Val NDCG: 0.7430 | smoothed: 0.7382

Best smoothed NDCG: 0.7394 at epoch 1 of 6 run

1 combinations completed out of 1


--- Grid Search Results ---
 hidden_units  dropout_rate  num_blocks  num_heads     lr  gamma  val_ndcg  val_ndcg_raw  best_epoch  epochs_run  max_epochs
          128           0.1           3         16 0.0001      4  0.739425      0.739425           1           6          40

Best config: {'hidden_units': 128.0, 'dropout_rate': 0.1, 'num_blocks': 3.0, 'num_heads': 16.0, 'lr': 0.0001, 'gamma': 4.0, 'val_ndcg': 0.7394251871543802, 'val_ndcg_raw': 0.7394251871543802, 'best_epoch': 1.0, 'epochs_run': 6.0, 'max_epochs': 40.0}
0 of 1 configs reached max_epochs
0 of 1 were still improving when stopped
Best params saved to ../Models/sasrec_drrl_best_params.json
