task 240 | loss drrl | node slurmnode-gpu03
Tesla P100-PCIE-16GB, 16384 MiB
Tesla P100-PCIE-16GB, 16384 MiB
Tesla P100-PCIE-16GB, 16384 MiB
Tesla P100-PCIE-16GB, 16384 MiB
Using device: cuda
Loading datasets...
Train sessions: 75875 | Val sessions: 16262

Running grid search over 486 combinations...

SLURM array task 240: 1 config -> ../Models/sasrec_grid_drrl_task240.csv
Trying: {'hidden_units': 128, 'dropout_rate': 0.3, 'num_blocks': 2, 'num_heads': 8, 'lr': 0.001, 'gamma': 2}
Epoch 1 | Loss: -0.1534 | Val NDCG: 0.7283 | smoothed: 0.7283
Epoch 2 | Loss: -0.2192 | Val NDCG: 0.7136 | smoothed: 0.7209
Epoch 3 | Loss: -0.2251 | Val NDCG: 0.6890 | smoothed: 0.7103
Epoch 4 | Loss: -0.2262 | Val NDCG: 0.7175 | smoothed: 0.7067
Epoch 5 | Loss: -0.2267 | Val NDCG: 0.7063 | smoothed: 0.7042
Epoch 6 | Loss: -0.2271 | Val NDCG: 0.7296 | smoothed: 0.7178

Best smoothed NDCG: 0.7283 at epoch 1 of 6 run

1 combinations completed out of 1


--- Grid Search Results ---
 hidden_units  dropout_rate  num_blocks  num_heads    lr  gamma  val_ndcg  val_ndcg_raw  best_epoch  epochs_run  max_epochs
          128           0.3           2          8 0.001      2  0.728258      0.728258           1           6          20

Best config: {'hidden_units': 128.0, 'dropout_rate': 0.3, 'num_blocks': 2.0, 'num_heads': 8.0, 'lr': 0.001, 'gamma': 2.0, 'val_ndcg': 0.7282578932537813, 'val_ndcg_raw': 0.7282578932537813, 'best_epoch': 1.0, 'epochs_run': 6.0, 'max_epochs': 20.0}
0 of 1 configs reached max_epochs
0 of 1 were still improving when stopped
Best params saved to ../Models/sasrec_drrl_best_params.json
