task 52 | loss bce | node slurmnode-gpu05
Tesla P100-PCIE-16GB, 16384 MiB
Tesla P100-PCIE-16GB, 16384 MiB
Tesla P100-PCIE-16GB, 16384 MiB
Tesla P100-PCIE-16GB, 16384 MiB
Using device: cuda
Loading datasets...
Train sessions: 75875 | Val sessions: 16262

Running grid search over 162 combinations...

SLURM array task 52: 1 config -> ../Models/sasrec_grid_bce_task52.csv
Trying: {'hidden_units': 64, 'dropout_rate': 0.5, 'num_blocks': 3, 'num_heads': 16, 'lr': 0.001}
Epoch 1 | Loss: 0.5942 | Val NDCG: 0.7474 | smoothed: 0.7474
Epoch 2 | Loss: 0.5806 | Val NDCG: 0.7583 | smoothed: 0.7529
Epoch 3 | Loss: 0.5773 | Val NDCG: 0.7594 | smoothed: 0.7551
Epoch 4 | Loss: 0.5759 | Val NDCG: 0.7653 | smoothed: 0.7610
Epoch 5 | Loss: 0.5745 | Val NDCG: 0.7662 | smoothed: 0.7637
Epoch 6 | Loss: 0.5737 | Val NDCG: 0.7680 | smoothed: 0.7665
Epoch 7 | Loss: 0.5740 | Val NDCG: 0.7650 | smoothed: 0.7664
Epoch 8 | Loss: 0.5724 | Val NDCG: 0.7683 | smoothed: 0.7671
Epoch 9 | Loss: 0.5725 | Val NDCG: 0.7674 | smoothed: 0.7669
Epoch 10 | Loss: 0.5716 | Val NDCG: 0.7668 | smoothed: 0.7675
Epoch 11 | Loss: 0.5715 | Val NDCG: 0.7672 | smoothed: 0.7671
Epoch 12 | Loss: 0.5715 | Val NDCG: 0.7694 | smoothed: 0.7678
Epoch 13 | Loss: 0.5707 | Val NDCG: 0.7709 | smoothed: 0.7692
Epoch 14 | Loss: 0.5707 | Val NDCG: 0.7702 | smoothed: 0.7701
Epoch 15 | Loss: 0.5703 | Val NDCG: 0.7740 | smoothed: 0.7717
Epoch 16 | Loss: 0.5696 | Val NDCG: 0.7690 | smoothed: 0.7710
Epoch 17 | Loss: 0.5691 | Val NDCG: 0.7717 | smoothed: 0.7716
Epoch 18 | Loss: 0.5699 | Val NDCG: 0.7752 | smoothed: 0.7720
Epoch 19 | Loss: 0.5682 | Val NDCG: 0.7740 | smoothed: 0.7737
Epoch 20 | Loss: 0.5687 | Val NDCG: 0.7718 | smoothed: 0.7737

Best smoothed NDCG: 0.7737 at epoch 20 of 20 run

1 combinations completed out of 1


--- Grid Search Results ---
 hidden_units  dropout_rate  num_blocks  num_heads    lr  val_ndcg  val_ndcg_raw  best_epoch  epochs_run  max_epochs
           64           0.5           3         16 0.001  0.773684      0.771775          20          20          20

Best config: {'hidden_units': 64.0, 'dropout_rate': 0.5, 'num_blocks': 3.0, 'num_heads': 16.0, 'lr': 0.001, 'val_ndcg': 0.7736843593607965, 'val_ndcg_raw': 0.7717751320027815, 'best_epoch': 20.0, 'epochs_run': 20.0, 'max_epochs': 20.0}
1 of 1 configs reached max_epochs
1 of 1 were still improving when stopped
Best params saved to ../Models/sasrec_bce_best_params.json
