task 218 | loss drrl | node slurmnode-gpu03
Tesla P100-PCIE-16GB, 16384 MiB
Tesla P100-PCIE-16GB, 16384 MiB
Tesla P100-PCIE-16GB, 16384 MiB
Tesla P100-PCIE-16GB, 16384 MiB
Using device: cuda
Loading datasets...
Train sessions: 75875 | Val sessions: 16262

Running grid search over 486 combinations...

SLURM array task 218: 1 config -> ../Models/sasrec_grid_drrl_task218.csv
Trying: {'hidden_units': 128, 'dropout_rate': 0.3, 'num_blocks': 1, 'num_heads': 4, 'lr': 0.001, 'gamma': 4}
Epoch 1 | Loss: -0.1866 | Val NDCG: 0.7053 | smoothed: 0.7053
Epoch 2 | Loss: -0.2240 | Val NDCG: 0.7381 | smoothed: 0.7217
Epoch 3 | Loss: -0.2262 | Val NDCG: 0.7148 | smoothed: 0.7194
Epoch 4 | Loss: -0.2277 | Val NDCG: 0.7396 | smoothed: 0.7308
Epoch 5 | Loss: -0.2274 | Val NDCG: 0.7297 | smoothed: 0.7280
Epoch 6 | Loss: -0.2283 | Val NDCG: 0.7422 | smoothed: 0.7372
Epoch 7 | Loss: -0.2285 | Val NDCG: 0.7532 | smoothed: 0.7417
Epoch 8 | Loss: -0.2286 | Val NDCG: 0.7584 | smoothed: 0.7513
Epoch 9 | Loss: -0.2285 | Val NDCG: 0.7431 | smoothed: 0.7516
Epoch 10 | Loss: -0.2290 | Val NDCG: 0.7628 | smoothed: 0.7548
Epoch 11 | Loss: -0.2288 | Val NDCG: 0.7551 | smoothed: 0.7537
Epoch 12 | Loss: -0.2292 | Val NDCG: 0.7640 | smoothed: 0.7606
Epoch 13 | Loss: -0.2289 | Val NDCG: 0.7695 | smoothed: 0.7629
Epoch 14 | Loss: -0.2289 | Val NDCG: 0.7706 | smoothed: 0.7680
Epoch 15 | Loss: -0.2292 | Val NDCG: 0.7608 | smoothed: 0.7670
Epoch 16 | Loss: -0.2289 | Val NDCG: 0.7655 | smoothed: 0.7656
Epoch 17 | Loss: -0.2294 | Val NDCG: 0.7708 | smoothed: 0.7657
Epoch 18 | Loss: -0.2293 | Val NDCG: 0.7643 | smoothed: 0.7669
Epoch 19 | Loss: -0.2290 | Val NDCG: 0.7695 | smoothed: 0.7682
Epoch 20 | Loss: -0.2298 | Val NDCG: 0.7683 | smoothed: 0.7674

Best smoothed NDCG: 0.7682 at epoch 19 of 20 run

1 combinations completed out of 1


--- Grid Search Results ---
 hidden_units  dropout_rate  num_blocks  num_heads    lr  gamma  val_ndcg  val_ndcg_raw  best_epoch  epochs_run  max_epochs
          128           0.3           1          4 0.001      4  0.768185      0.769476          19          20          20

Best config: {'hidden_units': 128.0, 'dropout_rate': 0.3, 'num_blocks': 1.0, 'num_heads': 4.0, 'lr': 0.001, 'gamma': 4.0, 'val_ndcg': 0.7681852410875781, 'val_ndcg_raw': 0.7694759820153747, 'best_epoch': 19.0, 'epochs_run': 20.0, 'max_epochs': 20.0}
1 of 1 configs reached max_epochs
1 of 1 were still improving when stopped
Best params saved to ../Models/sasrec_drrl_best_params.json
