task 169 | loss drrl | node slurmnode-gpu07
NVIDIA A40, 46068 MiB
NVIDIA A40, 46068 MiB
NVIDIA A40, 46068 MiB
NVIDIA A40, 46068 MiB
Using device: cuda
Loading datasets...
Train sessions: 75875 | Val sessions: 16262

Running grid search over 486 combinations...

SLURM array task 169: 1 config -> ../Models/sasrec_grid_drrl_task169.csv
Trying: {'hidden_units': 128, 'dropout_rate': 0.1, 'num_blocks': 1, 'num_heads': 8, 'lr': 0.001, 'gamma': 3}
Epoch 1 | Loss: -0.1813 | Val NDCG: 0.7051 | smoothed: 0.7051
Epoch 2 | Loss: -0.2250 | Val NDCG: 0.7407 | smoothed: 0.7229
Epoch 3 | Loss: -0.2281 | Val NDCG: 0.7379 | smoothed: 0.7279
Epoch 4 | Loss: -0.2276 | Val NDCG: 0.7552 | smoothed: 0.7446
Epoch 5 | Loss: -0.2292 | Val NDCG: 0.7186 | smoothed: 0.7373
Epoch 6 | Loss: -0.2295 | Val NDCG: 0.7494 | smoothed: 0.7411
Epoch 7 | Loss: -0.2297 | Val NDCG: 0.7549 | smoothed: 0.7410
Epoch 8 | Loss: -0.2299 | Val NDCG: 0.7177 | smoothed: 0.7407
Epoch 9 | Loss: -0.2299 | Val NDCG: 0.7620 | smoothed: 0.7449
Epoch 10 | Loss: -0.2301 | Val NDCG: 0.7607 | smoothed: 0.7468
Epoch 11 | Loss: -0.2302 | Val NDCG: 0.7706 | smoothed: 0.7644
Epoch 12 | Loss: -0.2302 | Val NDCG: 0.7684 | smoothed: 0.7666
Epoch 13 | Loss: -0.2303 | Val NDCG: 0.7695 | smoothed: 0.7695
Epoch 14 | Loss: -0.2302 | Val NDCG: 0.7692 | smoothed: 0.7691
Epoch 15 | Loss: -0.2305 | Val NDCG: 0.7677 | smoothed: 0.7688
Epoch 16 | Loss: -0.2304 | Val NDCG: 0.7726 | smoothed: 0.7698
Epoch 17 | Loss: -0.2299 | Val NDCG: 0.7720 | smoothed: 0.7708
Epoch 18 | Loss: -0.2307 | Val NDCG: 0.7747 | smoothed: 0.7731
Epoch 19 | Loss: -0.2304 | Val NDCG: 0.7711 | smoothed: 0.7726
Epoch 20 | Loss: -0.2302 | Val NDCG: 0.7664 | smoothed: 0.7707

Best smoothed NDCG: 0.7731 at epoch 18 of 20 run

1 combinations completed out of 1


--- Grid Search Results ---
 hidden_units  dropout_rate  num_blocks  num_heads    lr  gamma  val_ndcg  val_ndcg_raw  best_epoch  epochs_run  max_epochs
          128           0.1           1          8 0.001      3  0.773107      0.774679          18          20          20

Best config: {'hidden_units': 128.0, 'dropout_rate': 0.1, 'num_blocks': 1.0, 'num_heads': 8.0, 'lr': 0.001, 'gamma': 3.0, 'val_ndcg': 0.7731070574890778, 'val_ndcg_raw': 0.7746794903417173, 'best_epoch': 18.0, 'epochs_run': 20.0, 'max_epochs': 20.0}
1 of 1 configs reached max_epochs
0 of 1 were still improving when stopped
Best params saved to ../Models/sasrec_drrl_best_params.json
