task 156 | loss pwts | node slurmnode-gpu05
Tesla P100-PCIE-16GB, 16384 MiB
Tesla P100-PCIE-16GB, 16384 MiB
Tesla P100-PCIE-16GB, 16384 MiB
Tesla P100-PCIE-16GB, 16384 MiB
Using device: cuda
Loading datasets...
Train sessions: 75875 | Val sessions: 16262

Running grid search over 162 combinations...

SLURM array task 156: 1 config -> ../Models/sasrec_grid_pwts_task156.csv
Trying: {'hidden_units': 256, 'dropout_rate': 0.5, 'num_blocks': 3, 'num_heads': 4, 'lr': 0.001}
Epoch 1 | Loss: 0.6280 | Val NDCG: 0.7599 | smoothed: 0.7599
Epoch 2 | Loss: 0.6163 | Val NDCG: 0.7562 | smoothed: 0.7581
Epoch 3 | Loss: 0.6153 | Val NDCG: 0.7648 | smoothed: 0.7603
Epoch 4 | Loss: 0.6123 | Val NDCG: 0.7619 | smoothed: 0.7610
Epoch 5 | Loss: 0.6094 | Val NDCG: 0.7636 | smoothed: 0.7635
Epoch 6 | Loss: 0.6075 | Val NDCG: 0.7674 | smoothed: 0.7643
Epoch 7 | Loss: 0.6071 | Val NDCG: 0.7692 | smoothed: 0.7667
Epoch 8 | Loss: 0.6060 | Val NDCG: 0.7739 | smoothed: 0.7701
Epoch 9 | Loss: 0.6043 | Val NDCG: 0.7718 | smoothed: 0.7716
Epoch 10 | Loss: 0.6026 | Val NDCG: 0.7762 | smoothed: 0.7739
Epoch 11 | Loss: 0.6031 | Val NDCG: 0.7733 | smoothed: 0.7737
Epoch 12 | Loss: 0.6017 | Val NDCG: 0.7707 | smoothed: 0.7734
Epoch 13 | Loss: 0.6010 | Val NDCG: 0.7708 | smoothed: 0.7716
Epoch 14 | Loss: 0.6014 | Val NDCG: 0.7742 | smoothed: 0.7719
Epoch 15 | Loss: 0.6000 | Val NDCG: 0.7733 | smoothed: 0.7728

Best smoothed NDCG: 0.7739 at epoch 10 of 15 run

1 combinations completed out of 1


--- Grid Search Results ---
 hidden_units  dropout_rate  num_blocks  num_heads    lr  val_ndcg  val_ndcg_raw  best_epoch  epochs_run  max_epochs
          256           0.5           3          4 0.001   0.77394       0.77615          10          15          20

Best config: {'hidden_units': 256.0, 'dropout_rate': 0.5, 'num_blocks': 3.0, 'num_heads': 4.0, 'lr': 0.001, 'val_ndcg': 0.773939717397778, 'val_ndcg_raw': 0.7761503259325488, 'best_epoch': 10.0, 'epochs_run': 15.0, 'max_epochs': 20.0}
0 of 1 configs reached max_epochs
0 of 1 were still improving when stopped
Best params saved to ../Models/sasrec_pwts_best_params.json
