task 100 | loss drrl | node slurmnode-gpu07
NVIDIA A40, 46068 MiB
NVIDIA A40, 46068 MiB
NVIDIA A40, 46068 MiB
NVIDIA A40, 46068 MiB
Using device: cuda
Loading datasets...
Train sessions: 75875 | Val sessions: 16262

Running grid search over 486 combinations...

SLURM array task 100: 1 config -> ../Models/sasrec_grid_drrl_task100.csv
Trying: {'hidden_units': 64, 'dropout_rate': 0.3, 'num_blocks': 3, 'num_heads': 8, 'lr': 0.0001, 'gamma': 3}
Epoch 1 | Loss: -0.0545 | Val NDCG: 0.7245 | smoothed: 0.7245
Epoch 2 | Loss: -0.2093 | Val NDCG: 0.7213 | smoothed: 0.7229
Epoch 3 | Loss: -0.2225 | Val NDCG: 0.7130 | smoothed: 0.7196
Epoch 4 | Loss: -0.2268 | Val NDCG: 0.7119 | smoothed: 0.7154
Epoch 5 | Loss: -0.2287 | Val NDCG: 0.7094 | smoothed: 0.7114
Epoch 6 | Loss: -0.2297 | Val NDCG: 0.7120 | smoothed: 0.7111

Best smoothed NDCG: 0.7245 at epoch 1 of 6 run

1 combinations completed out of 1


--- Grid Search Results ---
 hidden_units  dropout_rate  num_blocks  num_heads     lr  gamma  val_ndcg  val_ndcg_raw  best_epoch  epochs_run  max_epochs
           64           0.3           3          8 0.0001      3   0.72455       0.72455           1           6          40

Best config: {'hidden_units': 64.0, 'dropout_rate': 0.3, 'num_blocks': 3.0, 'num_heads': 8.0, 'lr': 0.0001, 'gamma': 3.0, 'val_ndcg': 0.7245497472779999, 'val_ndcg_raw': 0.7245497472779999, 'best_epoch': 1.0, 'epochs_run': 6.0, 'max_epochs': 40.0}
0 of 1 configs reached max_epochs
0 of 1 were still improving when stopped
Best params saved to ../Models/sasrec_drrl_best_params.json
