task 412 | loss drrl | node slurmnode-gpu03
Tesla P100-PCIE-16GB, 16384 MiB
Tesla P100-PCIE-16GB, 16384 MiB
Tesla P100-PCIE-16GB, 16384 MiB
Tesla P100-PCIE-16GB, 16384 MiB
Using device: cuda
Loading datasets...
Train sessions: 75875 | Val sessions: 16262

Running grid search over 486 combinations...

SLURM array task 412: 1 config -> ../Models/sasrec_grid_drrl_task412.csv
Trying: {'hidden_units': 256, 'dropout_rate': 0.3, 'num_blocks': 2, 'num_heads': 16, 'lr': 0.0001, 'gamma': 3}
Epoch 1 | Loss: -0.0868 | Val NDCG: 0.7190 | smoothed: 0.7190
Epoch 2 | Loss: -0.2121 | Val NDCG: 0.7133 | smoothed: 0.7162
Epoch 3 | Loss: -0.2215 | Val NDCG: 0.7186 | smoothed: 0.7170
Epoch 4 | Loss: -0.2238 | Val NDCG: 0.7082 | smoothed: 0.7134
Epoch 5 | Loss: -0.2256 | Val NDCG: 0.7204 | smoothed: 0.7157
Epoch 6 | Loss: -0.2258 | Val NDCG: 0.7184 | smoothed: 0.7156

Best smoothed NDCG: 0.7190 at epoch 1 of 6 run

1 combinations completed out of 1


--- Grid Search Results ---
 hidden_units  dropout_rate  num_blocks  num_heads     lr  gamma  val_ndcg  val_ndcg_raw  best_epoch  epochs_run  max_epochs
          256           0.3           2         16 0.0001      3   0.71899       0.71899           1           6          40

Best config: {'hidden_units': 256.0, 'dropout_rate': 0.3, 'num_blocks': 2.0, 'num_heads': 16.0, 'lr': 0.0001, 'gamma': 3.0, 'val_ndcg': 0.7189899121548089, 'val_ndcg_raw': 0.7189899121548089, 'best_epoch': 1.0, 'epochs_run': 6.0, 'max_epochs': 40.0}
0 of 1 configs reached max_epochs
0 of 1 were still improving when stopped
Best params saved to ../Models/sasrec_drrl_best_params.json
