task 104 | loss bce | node slurmnode-gpu05
Tesla P100-PCIE-16GB, 16384 MiB
Tesla P100-PCIE-16GB, 16384 MiB
Tesla P100-PCIE-16GB, 16384 MiB
Tesla P100-PCIE-16GB, 16384 MiB
Using device: cuda
Loading datasets...
Train sessions: 75875 | Val sessions: 16262

Running grid search over 162 combinations...

SLURM array task 104: 1 config -> ../Models/sasrec_grid_bce_task104.csv
Trying: {'hidden_units': 128, 'dropout_rate': 0.5, 'num_blocks': 3, 'num_heads': 8, 'lr': 0.001}
Epoch 1 | Loss: 0.5930 | Val NDCG: 0.7574 | smoothed: 0.7574
Epoch 2 | Loss: 0.5812 | Val NDCG: 0.7660 | smoothed: 0.7617
Epoch 3 | Loss: 0.5780 | Val NDCG: 0.7666 | smoothed: 0.7633
Epoch 4 | Loss: 0.5761 | Val NDCG: 0.7674 | smoothed: 0.7666
Epoch 5 | Loss: 0.5750 | Val NDCG: 0.7695 | smoothed: 0.7678
Epoch 6 | Loss: 0.5750 | Val NDCG: 0.7664 | smoothed: 0.7678
Epoch 7 | Loss: 0.5733 | Val NDCG: 0.7706 | smoothed: 0.7689
Epoch 8 | Loss: 0.5725 | Val NDCG: 0.7703 | smoothed: 0.7691
Epoch 9 | Loss: 0.5721 | Val NDCG: 0.7712 | smoothed: 0.7707
Epoch 10 | Loss: 0.5722 | Val NDCG: 0.7752 | smoothed: 0.7722
Epoch 11 | Loss: 0.5725 | Val NDCG: 0.7718 | smoothed: 0.7727
Epoch 12 | Loss: 0.5716 | Val NDCG: 0.7720 | smoothed: 0.7730
Epoch 13 | Loss: 0.5695 | Val NDCG: 0.7723 | smoothed: 0.7720
Epoch 14 | Loss: 0.5712 | Val NDCG: 0.7725 | smoothed: 0.7722
Epoch 15 | Loss: 0.5692 | Val NDCG: 0.7737 | smoothed: 0.7728
Epoch 16 | Loss: 0.5689 | Val NDCG: 0.7724 | smoothed: 0.7729
Epoch 17 | Loss: 0.5704 | Val NDCG: 0.7755 | smoothed: 0.7739
Epoch 18 | Loss: 0.5690 | Val NDCG: 0.7729 | smoothed: 0.7736
Epoch 19 | Loss: 0.5681 | Val NDCG: 0.7787 | smoothed: 0.7757
Epoch 20 | Loss: 0.5694 | Val NDCG: 0.7747 | smoothed: 0.7755

Best smoothed NDCG: 0.7757 at epoch 19 of 20 run

1 combinations completed out of 1


--- Grid Search Results ---
 hidden_units  dropout_rate  num_blocks  num_heads    lr  val_ndcg  val_ndcg_raw  best_epoch  epochs_run  max_epochs
          128           0.5           3          8 0.001  0.775708      0.778741          19          20          20

Best config: {'hidden_units': 128.0, 'dropout_rate': 0.5, 'num_blocks': 3.0, 'num_heads': 8.0, 'lr': 0.001, 'val_ndcg': 0.775708402822829, 'val_ndcg_raw': 0.7787412991432271, 'best_epoch': 19.0, 'epochs_run': 20.0, 'max_epochs': 20.0}
1 of 1 configs reached max_epochs
1 of 1 were still improving when stopped
Best params saved to ../Models/sasrec_bce_best_params.json
