/home/wmcken01/venv/lib/python3.10/site-packages/torch/cuda/__init__.py:716: UserWarning: Can't initialize NVML
  warnings.warn("Can't initialize NVML")
Traceback (most recent call last):
  File "/home/wmcken01/venv/lib/python3.10/site-packages/torch/cuda/__init__.py", line 332, in _lazy_init
    queued_call()
  File "/home/wmcken01/venv/lib/python3.10/site-packages/torch/cuda/__init__.py", line 200, in _check_capability
    capability = get_device_capability(d)
  File "/home/wmcken01/venv/lib/python3.10/site-packages/torch/cuda/__init__.py", line 509, in get_device_capability
    prop = get_device_properties(device)
  File "/home/wmcken01/venv/lib/python3.10/site-packages/torch/cuda/__init__.py", line 527, in get_device_properties
    return _get_device_properties(device)  # type: ignore[name-defined]
RuntimeError: CUDA error: unknown error
CUDA kernel errors might be asynchronously reported at some other API call, so the stacktrace below might be incorrect.
For debugging consider passing CUDA_LAUNCH_BLOCKING=1
Compile with `TORCH_USE_CUDA_DSA` to enable device-side assertions.


The above exception was the direct cause of the following exception:

Traceback (most recent call last):
  File "/home/wmcken01/project/Model Scripts/SASRec_tuning.py", line 153, in <module>
    model = SASRec(feature_no=len(features), args=args_mod).to(device)
  File "/home/wmcken01/venv/lib/python3.10/site-packages/torch/nn/modules/module.py", line 1340, in to
    return self._apply(convert)
  File "/home/wmcken01/venv/lib/python3.10/site-packages/torch/nn/modules/module.py", line 900, in _apply
    module._apply(fn)
  File "/home/wmcken01/venv/lib/python3.10/site-packages/torch/nn/modules/module.py", line 927, in _apply
    param_applied = fn(param)
  File "/home/wmcken01/venv/lib/python3.10/site-packages/torch/nn/modules/module.py", line 1326, in convert
    return t.to(
  File "/home/wmcken01/venv/lib/python3.10/site-packages/torch/cuda/__init__.py", line 338, in _lazy_init
    raise DeferredCudaCallError(msg) from e
torch.cuda.DeferredCudaCallError: CUDA call failed lazily at initialization with error: CUDA error: unknown error
CUDA kernel errors might be asynchronously reported at some other API call, so the stacktrace below might be incorrect.
For debugging consider passing CUDA_LAUNCH_BLOCKING=1
Compile with `TORCH_USE_CUDA_DSA` to enable device-side assertions.


CUDA call was originally invoked at:

  File "/home/wmcken01/project/Model Scripts/SASRec_tuning.py", line 1, in <module>
    from Model_lib import (SessionDataset, collate_fn, SASRec, train_epoch,
  File "<frozen importlib._bootstrap>", line 1027, in _find_and_load
  File "<frozen importlib._bootstrap>", line 1006, in _find_and_load_unlocked
  File "<frozen importlib._bootstrap>", line 688, in _load_unlocked
  File "<frozen importlib._bootstrap_external>", line 883, in exec_module
  File "<frozen importlib._bootstrap>", line 241, in _call_with_frames_removed
  File "/home/wmcken01/project/Model Scripts/Model_lib.py", line 2, in <module>
    import torch
  File "<frozen importlib._bootstrap>", line 1027, in _find_and_load
  File "<frozen importlib._bootstrap>", line 1006, in _find_and_load_unlocked
  File "<frozen importlib._bootstrap>", line 688, in _load_unlocked
  File "<frozen importlib._bootstrap_external>", line 883, in exec_module
  File "<frozen importlib._bootstrap>", line 241, in _call_with_frames_removed
  File "/home/wmcken01/venv/lib/python3.10/site-packages/torch/__init__.py", line 1954, in <module>
    _C._initExtension(_manager_path())
  File "<frozen importlib._bootstrap>", line 1027, in _find_and_load
  File "<frozen importlib._bootstrap>", line 1006, in _find_and_load_unlocked
  File "<frozen importlib._bootstrap>", line 688, in _load_unlocked
  File "<frozen importlib._bootstrap_external>", line 883, in exec_module
  File "<frozen importlib._bootstrap>", line 241, in _call_with_frames_removed
  File "/home/wmcken01/venv/lib/python3.10/site-packages/torch/cuda/__init__.py", line 264, in <module>
    _lazy_call(_check_capability)
  File "/home/wmcken01/venv/lib/python3.10/site-packages/torch/cuda/__init__.py", line 261, in _lazy_call
    _queued_calls.append((callable, traceback.format_stack()))

