task 126 | loss drrl | node slurmnode-gpu03
Tesla P100-PCIE-16GB, 16384 MiB
Tesla P100-PCIE-16GB, 16384 MiB
Tesla P100-PCIE-16GB, 16384 MiB
Tesla P100-PCIE-16GB, 16384 MiB
Using device: cuda
Loading datasets...
Train sessions: 75875 | Val sessions: 16262

Running grid search over 486 combinations...

SLURM array task 126: 1 config -> ../Models/sasrec_grid_drrl_task126.csv
Trying: {'hidden_units': 64, 'dropout_rate': 0.5, 'num_blocks': 2, 'num_heads': 4, 'lr': 0.001, 'gamma': 2}
Epoch 1 | Loss: -0.1570 | Val NDCG: 0.7077 | smoothed: 0.7077
Epoch 2 | Loss: -0.2225 | Val NDCG: 0.7186 | smoothed: 0.7132
Epoch 3 | Loss: -0.2241 | Val NDCG: 0.6961 | smoothed: 0.7075
Epoch 4 | Loss: -0.2252 | Val NDCG: 0.7035 | smoothed: 0.7061
Epoch 5 | Loss: -0.2256 | Val NDCG: 0.7169 | smoothed: 0.7055
Epoch 6 | Loss: -0.2262 | Val NDCG: 0.7195 | smoothed: 0.7133
Epoch 7 | Loss: -0.2266 | Val NDCG: 0.7231 | smoothed: 0.7198
Epoch 8 | Loss: -0.2271 | Val NDCG: 0.7053 | smoothed: 0.7160
Epoch 9 | Loss: -0.2272 | Val NDCG: 0.7319 | smoothed: 0.7201
Epoch 10 | Loss: -0.2281 | Val NDCG: 0.7516 | smoothed: 0.7296
Epoch 11 | Loss: -0.2282 | Val NDCG: 0.7546 | smoothed: 0.7460
Epoch 12 | Loss: -0.2282 | Val NDCG: 0.7391 | smoothed: 0.7484
Epoch 13 | Loss: -0.2284 | Val NDCG: 0.7511 | smoothed: 0.7483
Epoch 14 | Loss: -0.2285 | Val NDCG: 0.7385 | smoothed: 0.7429
Epoch 15 | Loss: -0.2285 | Val NDCG: 0.7599 | smoothed: 0.7499
Epoch 16 | Loss: -0.2286 | Val NDCG: 0.7482 | smoothed: 0.7489
Epoch 17 | Loss: -0.2288 | Val NDCG: 0.7516 | smoothed: 0.7533
Epoch 18 | Loss: -0.2287 | Val NDCG: 0.7603 | smoothed: 0.7534
Epoch 19 | Loss: -0.2289 | Val NDCG: 0.7599 | smoothed: 0.7573
Epoch 20 | Loss: -0.2289 | Val NDCG: 0.7591 | smoothed: 0.7598

Best smoothed NDCG: 0.7598 at epoch 20 of 20 run

1 combinations completed out of 1


--- Grid Search Results ---
 hidden_units  dropout_rate  num_blocks  num_heads    lr  gamma  val_ndcg  val_ndcg_raw  best_epoch  epochs_run  max_epochs
           64           0.5           2          4 0.001      2  0.759754      0.759112          20          20          20

Best config: {'hidden_units': 64.0, 'dropout_rate': 0.5, 'num_blocks': 2.0, 'num_heads': 4.0, 'lr': 0.001, 'gamma': 2.0, 'val_ndcg': 0.7597535787745135, 'val_ndcg_raw': 0.7591116506730744, 'best_epoch': 20.0, 'epochs_run': 20.0, 'max_epochs': 20.0}
1 of 1 configs reached max_epochs
1 of 1 were still improving when stopped
Best params saved to ../Models/sasrec_drrl_best_params.json
