task 13 | loss pwts | node slurmnode-gpu02
NVIDIA GeForce GTX 1080 Ti, 11264 MiB
NVIDIA GeForce GTX 1080 Ti, 11264 MiB
NVIDIA GeForce GTX 1080 Ti, 11264 MiB
NVIDIA GeForce GTX 1080 Ti, 11264 MiB
NVIDIA GeForce GTX 1080 Ti, 11264 MiB
NVIDIA GeForce GTX 1080 Ti, 11264 MiB
NVIDIA GeForce GTX 1080 Ti, 11264 MiB
NVIDIA GeForce GTX 1080 Ti, 11264 MiB
Using device: cuda
Loading datasets...
Train sessions: 75875 | Val sessions: 16262

Running grid search over 162 combinations...

SLURM array task 13: 1 config -> ../Models/sasrec_grid_pwts_task13.csv
Trying: {'hidden_units': 64, 'dropout_rate': 0.1, 'num_blocks': 3, 'num_heads': 4, 'lr': 0.0001}
Epoch 1 | Loss: 0.6391 | Val NDCG: 0.7451 | smoothed: 0.7451
Epoch 2 | Loss: 0.6162 | Val NDCG: 0.7549 | smoothed: 0.7500
Epoch 3 | Loss: 0.6118 | Val NDCG: 0.7570 | smoothed: 0.7523
Epoch 4 | Loss: 0.6071 | Val NDCG: 0.7604 | smoothed: 0.7574
Epoch 5 | Loss: 0.6052 | Val NDCG: 0.7636 | smoothed: 0.7603
Epoch 6 | Loss: 0.6043 | Val NDCG: 0.7652 | smoothed: 0.7631
Epoch 7 | Loss: 0.6019 | Val NDCG: 0.7627 | smoothed: 0.7638
Epoch 8 | Loss: 0.6013 | Val NDCG: 0.7635 | smoothed: 0.7638
Epoch 9 | Loss: 0.6013 | Val NDCG: 0.7673 | smoothed: 0.7645
Epoch 10 | Loss: 0.6015 | Val NDCG: 0.7683 | smoothed: 0.7664
Epoch 11 | Loss: 0.5998 | Val NDCG: 0.7688 | smoothed: 0.7681
Epoch 12 | Loss: 0.5993 | Val NDCG: 0.7678 | smoothed: 0.7683
Epoch 13 | Loss: 0.5993 | Val NDCG: 0.7688 | smoothed: 0.7685
Epoch 14 | Loss: 0.5980 | Val NDCG: 0.7677 | smoothed: 0.7681
Epoch 15 | Loss: 0.5991 | Val NDCG: 0.7678 | smoothed: 0.7681
Epoch 16 | Loss: 0.5978 | Val NDCG: 0.7715 | smoothed: 0.7690
Epoch 17 | Loss: 0.5972 | Val NDCG: 0.7712 | smoothed: 0.7702
Epoch 18 | Loss: 0.5961 | Val NDCG: 0.7685 | smoothed: 0.7704
Epoch 19 | Loss: 0.5969 | Val NDCG: 0.7702 | smoothed: 0.7700
Epoch 20 | Loss: 0.5969 | Val NDCG: 0.7732 | smoothed: 0.7706
Epoch 21 | Loss: 0.5965 | Val NDCG: 0.7695 | smoothed: 0.7710
Epoch 22 | Loss: 0.5954 | Val NDCG: 0.7722 | smoothed: 0.7717
Epoch 23 | Loss: 0.5951 | Val NDCG: 0.7727 | smoothed: 0.7715
Epoch 24 | Loss: 0.5960 | Val NDCG: 0.7710 | smoothed: 0.7720
Epoch 25 | Loss: 0.5952 | Val NDCG: 0.7720 | smoothed: 0.7719
Epoch 26 | Loss: 0.5956 | Val NDCG: 0.7745 | smoothed: 0.7725
Epoch 27 | Loss: 0.5942 | Val NDCG: 0.7737 | smoothed: 0.7734
Epoch 28 | Loss: 0.5934 | Val NDCG: 0.7731 | smoothed: 0.7738
Epoch 29 | Loss: 0.5947 | Val NDCG: 0.7733 | smoothed: 0.7734
Epoch 30 | Loss: 0.5944 | Val NDCG: 0.7738 | smoothed: 0.7734
Epoch 31 | Loss: 0.5935 | Val NDCG: 0.7734 | smoothed: 0.7735
Epoch 32 | Loss: 0.5937 | Val NDCG: 0.7738 | smoothed: 0.7737
Epoch 33 | Loss: 0.5934 | Val NDCG: 0.7750 | smoothed: 0.7741
Epoch 34 | Loss: 0.5931 | Val NDCG: 0.7735 | smoothed: 0.7741
Epoch 35 | Loss: 0.5932 | Val NDCG: 0.7736 | smoothed: 0.7740
Epoch 36 | Loss: 0.5929 | Val NDCG: 0.7739 | smoothed: 0.7737
Epoch 37 | Loss: 0.5927 | Val NDCG: 0.7757 | smoothed: 0.7744
Epoch 38 | Loss: 0.5925 | Val NDCG: 0.7736 | smoothed: 0.7744
Epoch 39 | Loss: 0.5933 | Val NDCG: 0.7748 | smoothed: 0.7747
Epoch 40 | Loss: 0.5932 | Val NDCG: 0.7735 | smoothed: 0.7740

Best smoothed NDCG: 0.7747 at epoch 39 of 40 run

1 combinations completed out of 1


--- Grid Search Results ---
 hidden_units  dropout_rate  num_blocks  num_heads     lr  val_ndcg  val_ndcg_raw  best_epoch  epochs_run  max_epochs
           64           0.1           3          4 0.0001   0.77471      0.774807          39          40          40

Best config: {'hidden_units': 64.0, 'dropout_rate': 0.1, 'num_blocks': 3.0, 'num_heads': 4.0, 'lr': 0.0001, 'val_ndcg': 0.7747096414340208, 'val_ndcg_raw': 0.7748069144215011, 'best_epoch': 39.0, 'epochs_run': 40.0, 'max_epochs': 40.0}
1 of 1 configs reached max_epochs
1 of 1 were still improving when stopped
Best params saved to ../Models/sasrec_pwts_best_params.json
