task 251 | loss drrl | node slurmnode-gpu03
Tesla P100-PCIE-16GB, 16384 MiB
Tesla P100-PCIE-16GB, 16384 MiB
Tesla P100-PCIE-16GB, 16384 MiB
Tesla P100-PCIE-16GB, 16384 MiB
Using device: cuda
Loading datasets...
Train sessions: 75875 | Val sessions: 16262

Running grid search over 486 combinations...

SLURM array task 251: 1 config -> ../Models/sasrec_grid_drrl_task251.csv
Trying: {'hidden_units': 128, 'dropout_rate': 0.3, 'num_blocks': 2, 'num_heads': 16, 'lr': 0.0001, 'gamma': 4}
Epoch 1 | Loss: -0.0610 | Val NDCG: 0.7250 | smoothed: 0.7250
Epoch 2 | Loss: -0.2123 | Val NDCG: 0.7178 | smoothed: 0.7214
Epoch 3 | Loss: -0.2230 | Val NDCG: 0.7117 | smoothed: 0.7182
Epoch 4 | Loss: -0.2266 | Val NDCG: 0.7172 | smoothed: 0.7156
Epoch 5 | Loss: -0.2283 | Val NDCG: 0.7123 | smoothed: 0.7137
Epoch 6 | Loss: -0.2291 | Val NDCG: 0.7180 | smoothed: 0.7158

Best smoothed NDCG: 0.7250 at epoch 1 of 6 run

1 combinations completed out of 1


--- Grid Search Results ---
 hidden_units  dropout_rate  num_blocks  num_heads     lr  gamma  val_ndcg  val_ndcg_raw  best_epoch  epochs_run  max_epochs
          128           0.3           2         16 0.0001      4  0.725007      0.725007           1           6          40

Best config: {'hidden_units': 128.0, 'dropout_rate': 0.3, 'num_blocks': 2.0, 'num_heads': 16.0, 'lr': 0.0001, 'gamma': 4.0, 'val_ndcg': 0.7250065244839364, 'val_ndcg_raw': 0.7250065244839364, 'best_epoch': 1.0, 'epochs_run': 6.0, 'max_epochs': 40.0}
0 of 1 configs reached max_epochs
0 of 1 were still improving when stopped
Best params saved to ../Models/sasrec_drrl_best_params.json
