task 289 | loss drrl | node slurmnode-gpu03
Tesla P100-PCIE-16GB, 16384 MiB
Tesla P100-PCIE-16GB, 16384 MiB
Tesla P100-PCIE-16GB, 16384 MiB
Tesla P100-PCIE-16GB, 16384 MiB
Using device: cuda
Loading datasets...
Train sessions: 75875 | Val sessions: 16262

Running grid search over 486 combinations...

SLURM array task 289: 1 config -> ../Models/sasrec_grid_drrl_task289.csv
Trying: {'hidden_units': 128, 'dropout_rate': 0.5, 'num_blocks': 2, 'num_heads': 4, 'lr': 0.001, 'gamma': 3}
Epoch 1 | Loss: -0.1804 | Val NDCG: 0.7125 | smoothed: 0.7125
Epoch 2 | Loss: -0.2266 | Val NDCG: 0.7121 | smoothed: 0.7123
Epoch 3 | Loss: -0.2283 | Val NDCG: 0.7204 | smoothed: 0.7150
Epoch 4 | Loss: -0.2295 | Val NDCG: 0.7067 | smoothed: 0.7130
Epoch 5 | Loss: -0.2295 | Val NDCG: 0.7305 | smoothed: 0.7192
Epoch 6 | Loss: -0.2299 | Val NDCG: 0.7487 | smoothed: 0.7286
Epoch 7 | Loss: -0.2302 | Val NDCG: 0.7523 | smoothed: 0.7438
Epoch 8 | Loss: -0.2303 | Val NDCG: 0.7539 | smoothed: 0.7517
Epoch 9 | Loss: -0.2305 | Val NDCG: 0.7548 | smoothed: 0.7537
Epoch 10 | Loss: -0.2305 | Val NDCG: 0.7615 | smoothed: 0.7567
Epoch 11 | Loss: -0.2307 | Val NDCG: 0.7741 | smoothed: 0.7634
Epoch 12 | Loss: -0.2306 | Val NDCG: 0.7609 | smoothed: 0.7655
Epoch 13 | Loss: -0.2308 | Val NDCG: 0.7583 | smoothed: 0.7644
Epoch 14 | Loss: -0.2306 | Val NDCG: 0.7618 | smoothed: 0.7603
Epoch 15 | Loss: -0.2308 | Val NDCG: 0.7698 | smoothed: 0.7633
Epoch 16 | Loss: -0.2308 | Val NDCG: 0.7569 | smoothed: 0.7628
Epoch 17 | Loss: -0.2308 | Val NDCG: 0.7691 | smoothed: 0.7653

Best smoothed NDCG: 0.7655 at epoch 12 of 17 run

1 combinations completed out of 1


--- Grid Search Results ---
 hidden_units  dropout_rate  num_blocks  num_heads    lr  gamma  val_ndcg  val_ndcg_raw  best_epoch  epochs_run  max_epochs
          128           0.5           2          4 0.001      3  0.765473      0.760852          12          17          20

Best config: {'hidden_units': 128.0, 'dropout_rate': 0.5, 'num_blocks': 2.0, 'num_heads': 4.0, 'lr': 0.001, 'gamma': 3.0, 'val_ndcg': 0.7654734735256693, 'val_ndcg_raw': 0.7608524403295783, 'best_epoch': 12.0, 'epochs_run': 17.0, 'max_epochs': 20.0}
0 of 1 configs reached max_epochs
0 of 1 were still improving when stopped
Best params saved to ../Models/sasrec_drrl_best_params.json
