task 89 | loss drrl | node slurmnode-gpu07
NVIDIA A40, 46068 MiB
NVIDIA A40, 46068 MiB
NVIDIA A40, 46068 MiB
NVIDIA A40, 46068 MiB
Using device: cuda
Loading datasets...
Train sessions: 75875 | Val sessions: 16262

Running grid search over 486 combinations...

SLURM array task 89: 1 config -> ../Models/sasrec_grid_drrl_task89.csv
Trying: {'hidden_units': 64, 'dropout_rate': 0.3, 'num_blocks': 2, 'num_heads': 16, 'lr': 0.0001, 'gamma': 4}
Epoch 1 | Loss: -0.0293 | Val NDCG: 0.7267 | smoothed: 0.7267
Epoch 2 | Loss: -0.2027 | Val NDCG: 0.7219 | smoothed: 0.7243
Epoch 3 | Loss: -0.2200 | Val NDCG: 0.7125 | smoothed: 0.7204
Epoch 4 | Loss: -0.2258 | Val NDCG: 0.7056 | smoothed: 0.7133
Epoch 5 | Loss: -0.2281 | Val NDCG: 0.7008 | smoothed: 0.7063
Epoch 6 | Loss: -0.2294 | Val NDCG: 0.7008 | smoothed: 0.7024

Best smoothed NDCG: 0.7267 at epoch 1 of 6 run

1 combinations completed out of 1


--- Grid Search Results ---
 hidden_units  dropout_rate  num_blocks  num_heads     lr  gamma  val_ndcg  val_ndcg_raw  best_epoch  epochs_run  max_epochs
           64           0.3           2         16 0.0001      4  0.726712      0.726712           1           6          40

Best config: {'hidden_units': 64.0, 'dropout_rate': 0.3, 'num_blocks': 2.0, 'num_heads': 16.0, 'lr': 0.0001, 'gamma': 4.0, 'val_ndcg': 0.7267119971333218, 'val_ndcg_raw': 0.7267119971333218, 'best_epoch': 1.0, 'epochs_run': 6.0, 'max_epochs': 40.0}
0 of 1 configs reached max_epochs
0 of 1 were still improving when stopped
Best params saved to ../Models/sasrec_drrl_best_params.json
