task 99 | loss drrl | node slurmnode-gpu07
NVIDIA A40, 46068 MiB
NVIDIA A40, 46068 MiB
NVIDIA A40, 46068 MiB
NVIDIA A40, 46068 MiB
Using device: cuda
Loading datasets...
Train sessions: 75875 | Val sessions: 16262

Running grid search over 486 combinations...

SLURM array task 99: 1 config -> ../Models/sasrec_grid_drrl_task99.csv
Trying: {'hidden_units': 64, 'dropout_rate': 0.3, 'num_blocks': 3, 'num_heads': 8, 'lr': 0.0001, 'gamma': 2}
Epoch 1 | Loss: 0.2416 | Val NDCG: 0.7110 | smoothed: 0.7110
Epoch 2 | Loss: -0.1670 | Val NDCG: 0.7196 | smoothed: 0.7153
Epoch 3 | Loss: -0.2062 | Val NDCG: 0.7238 | smoothed: 0.7181
Epoch 4 | Loss: -0.2188 | Val NDCG: 0.7226 | smoothed: 0.7220
Epoch 5 | Loss: -0.2242 | Val NDCG: 0.7197 | smoothed: 0.7221
Epoch 6 | Loss: -0.2271 | Val NDCG: 0.7198 | smoothed: 0.7207
Epoch 7 | Loss: -0.2288 | Val NDCG: 0.7202 | smoothed: 0.7199
Epoch 8 | Loss: -0.2297 | Val NDCG: 0.7218 | smoothed: 0.7206
Epoch 9 | Loss: -0.2304 | Val NDCG: 0.7269 | smoothed: 0.7230
Epoch 10 | Loss: -0.2308 | Val NDCG: 0.7203 | smoothed: 0.7230
Epoch 11 | Loss: -0.2311 | Val NDCG: 0.7226 | smoothed: 0.7233
Epoch 12 | Loss: -0.2311 | Val NDCG: 0.7331 | smoothed: 0.7254
Epoch 13 | Loss: -0.2315 | Val NDCG: 0.7210 | smoothed: 0.7256
Epoch 14 | Loss: -0.2315 | Val NDCG: 0.7316 | smoothed: 0.7286
Epoch 15 | Loss: -0.2316 | Val NDCG: 0.7314 | smoothed: 0.7280
Epoch 16 | Loss: -0.2317 | Val NDCG: 0.7230 | smoothed: 0.7286
Epoch 17 | Loss: -0.2316 | Val NDCG: 0.7288 | smoothed: 0.7277
Epoch 18 | Loss: -0.2317 | Val NDCG: 0.7163 | smoothed: 0.7227
Epoch 19 | Loss: -0.2317 | Val NDCG: 0.7438 | smoothed: 0.7296
Epoch 20 | Loss: -0.2316 | Val NDCG: 0.7218 | smoothed: 0.7273
Epoch 21 | Loss: -0.2317 | Val NDCG: 0.7253 | smoothed: 0.7303
Epoch 22 | Loss: -0.2316 | Val NDCG: 0.7500 | smoothed: 0.7324
Epoch 23 | Loss: -0.2315 | Val NDCG: 0.7306 | smoothed: 0.7353
Epoch 24 | Loss: -0.2316 | Val NDCG: 0.7429 | smoothed: 0.7412
Epoch 25 | Loss: -0.2318 | Val NDCG: 0.7412 | smoothed: 0.7383
Epoch 26 | Loss: -0.2317 | Val NDCG: 0.7498 | smoothed: 0.7447
Epoch 27 | Loss: -0.2317 | Val NDCG: 0.7479 | smoothed: 0.7463
Epoch 28 | Loss: -0.2317 | Val NDCG: 0.7349 | smoothed: 0.7442
Epoch 29 | Loss: -0.2317 | Val NDCG: 0.7399 | smoothed: 0.7409
Epoch 30 | Loss: -0.2318 | Val NDCG: 0.7480 | smoothed: 0.7409
Epoch 31 | Loss: -0.2317 | Val NDCG: 0.7455 | smoothed: 0.7445
Epoch 32 | Loss: -0.2319 | Val NDCG: 0.7584 | smoothed: 0.7506
Epoch 33 | Loss: -0.2318 | Val NDCG: 0.7500 | smoothed: 0.7513
Epoch 34 | Loss: -0.2318 | Val NDCG: 0.7358 | smoothed: 0.7481
Epoch 35 | Loss: -0.2317 | Val NDCG: 0.7553 | smoothed: 0.7470
Epoch 36 | Loss: -0.2319 | Val NDCG: 0.7586 | smoothed: 0.7499
Epoch 37 | Loss: -0.2318 | Val NDCG: 0.7667 | smoothed: 0.7602
Epoch 38 | Loss: -0.2318 | Val NDCG: 0.7575 | smoothed: 0.7609
Epoch 39 | Loss: -0.2319 | Val NDCG: 0.7627 | smoothed: 0.7623
Epoch 40 | Loss: -0.2318 | Val NDCG: 0.7492 | smoothed: 0.7564

Best smoothed NDCG: 0.7623 at epoch 39 of 40 run

1 combinations completed out of 1


--- Grid Search Results ---
 hidden_units  dropout_rate  num_blocks  num_heads     lr  gamma  val_ndcg  val_ndcg_raw  best_epoch  epochs_run  max_epochs
           64           0.3           3          8 0.0001      2  0.762281      0.762682          39          40          40

Best config: {'hidden_units': 64.0, 'dropout_rate': 0.3, 'num_blocks': 3.0, 'num_heads': 8.0, 'lr': 0.0001, 'gamma': 2.0, 'val_ndcg': 0.7622808917682388, 'val_ndcg_raw': 0.7626820053291563, 'best_epoch': 39.0, 'epochs_run': 40.0, 'max_epochs': 40.0}
1 of 1 configs reached max_epochs
1 of 1 were still improving when stopped
Best params saved to ../Models/sasrec_drrl_best_params.json
