task 221 | loss drrl | node slurmnode-gpu07
NVIDIA A40, 46068 MiB
NVIDIA A40, 46068 MiB
NVIDIA A40, 46068 MiB
NVIDIA A40, 46068 MiB
Using device: cuda
Loading datasets...
Train sessions: 75875 | Val sessions: 16262

Running grid search over 486 combinations...

SLURM array task 221: 1 config -> ../Models/sasrec_grid_drrl_task221.csv
Trying: {'hidden_units': 128, 'dropout_rate': 0.3, 'num_blocks': 1, 'num_heads': 4, 'lr': 0.0001, 'gamma': 4}
Epoch 1 | Loss: 0.0045 | Val NDCG: 0.7243 | smoothed: 0.7243
Epoch 2 | Loss: -0.1966 | Val NDCG: 0.7143 | smoothed: 0.7193
Epoch 3 | Loss: -0.2163 | Val NDCG: 0.7158 | smoothed: 0.7181
Epoch 4 | Loss: -0.2231 | Val NDCG: 0.7058 | smoothed: 0.7120
Epoch 5 | Loss: -0.2267 | Val NDCG: 0.7167 | smoothed: 0.7128
Epoch 6 | Loss: -0.2287 | Val NDCG: 0.7093 | smoothed: 0.7106

Best smoothed NDCG: 0.7243 at epoch 1 of 6 run

1 combinations completed out of 1


--- Grid Search Results ---
 hidden_units  dropout_rate  num_blocks  num_heads     lr  gamma  val_ndcg  val_ndcg_raw  best_epoch  epochs_run  max_epochs
          128           0.3           1          4 0.0001      4  0.724302      0.724302           1           6          40

Best config: {'hidden_units': 128.0, 'dropout_rate': 0.3, 'num_blocks': 1.0, 'num_heads': 4.0, 'lr': 0.0001, 'gamma': 4.0, 'val_ndcg': 0.7243020723348323, 'val_ndcg_raw': 0.7243020723348323, 'best_epoch': 1.0, 'epochs_run': 6.0, 'max_epochs': 40.0}
0 of 1 configs reached max_epochs
0 of 1 were still improving when stopped
Best params saved to ../Models/sasrec_drrl_best_params.json
