task 28 | loss pwts | node slurmnode-gpu02
NVIDIA GeForce GTX 1080 Ti, 11264 MiB
NVIDIA GeForce GTX 1080 Ti, 11264 MiB
NVIDIA GeForce GTX 1080 Ti, 11264 MiB
NVIDIA GeForce GTX 1080 Ti, 11264 MiB
NVIDIA GeForce GTX 1080 Ti, 11264 MiB
NVIDIA GeForce GTX 1080 Ti, 11264 MiB
NVIDIA GeForce GTX 1080 Ti, 11264 MiB
NVIDIA GeForce GTX 1080 Ti, 11264 MiB
Using device: cuda
Loading datasets...
Train sessions: 75875 | Val sessions: 16262

Running grid search over 162 combinations...

SLURM array task 28: 1 config -> ../Models/sasrec_grid_pwts_task28.csv
Trying: {'hidden_units': 64, 'dropout_rate': 0.3, 'num_blocks': 2, 'num_heads': 16, 'lr': 0.001}
Epoch 1 | Loss: 0.6245 | Val NDCG: 0.7461 | smoothed: 0.7461
Epoch 2 | Loss: 0.6093 | Val NDCG: 0.7590 | smoothed: 0.7526
Epoch 3 | Loss: 0.6052 | Val NDCG: 0.7620 | smoothed: 0.7557
Epoch 4 | Loss: 0.6034 | Val NDCG: 0.7595 | smoothed: 0.7602
Epoch 5 | Loss: 0.6018 | Val NDCG: 0.7623 | smoothed: 0.7612
Epoch 6 | Loss: 0.6007 | Val NDCG: 0.7644 | smoothed: 0.7621
Epoch 7 | Loss: 0.5994 | Val NDCG: 0.7659 | smoothed: 0.7642
Epoch 8 | Loss: 0.5997 | Val NDCG: 0.7701 | smoothed: 0.7668
Epoch 9 | Loss: 0.5991 | Val NDCG: 0.7674 | smoothed: 0.7678
Epoch 10 | Loss: 0.5990 | Val NDCG: 0.7685 | smoothed: 0.7687
Epoch 11 | Loss: 0.5983 | Val NDCG: 0.7694 | smoothed: 0.7684
Epoch 12 | Loss: 0.5977 | Val NDCG: 0.7691 | smoothed: 0.7690
Epoch 13 | Loss: 0.5966 | Val NDCG: 0.7698 | smoothed: 0.7694
Epoch 14 | Loss: 0.5969 | Val NDCG: 0.7701 | smoothed: 0.7697
Epoch 15 | Loss: 0.5958 | Val NDCG: 0.7678 | smoothed: 0.7693
Epoch 16 | Loss: 0.5958 | Val NDCG: 0.7681 | smoothed: 0.7687
Epoch 17 | Loss: 0.5964 | Val NDCG: 0.7753 | smoothed: 0.7704
Epoch 18 | Loss: 0.5952 | Val NDCG: 0.7708 | smoothed: 0.7714
Epoch 19 | Loss: 0.5947 | Val NDCG: 0.7756 | smoothed: 0.7739
Epoch 20 | Loss: 0.5952 | Val NDCG: 0.7717 | smoothed: 0.7727

Best smoothed NDCG: 0.7739 at epoch 19 of 20 run

1 combinations completed out of 1


--- Grid Search Results ---
 hidden_units  dropout_rate  num_blocks  num_heads    lr  val_ndcg  val_ndcg_raw  best_epoch  epochs_run  max_epochs
           64           0.3           2         16 0.001  0.773903      0.775642          19          20          20

Best config: {'hidden_units': 64.0, 'dropout_rate': 0.3, 'num_blocks': 2.0, 'num_heads': 16.0, 'lr': 0.001, 'val_ndcg': 0.7739032206737352, 'val_ndcg_raw': 0.775641627884332, 'best_epoch': 19.0, 'epochs_run': 20.0, 'max_epochs': 20.0}
1 of 1 configs reached max_epochs
1 of 1 were still improving when stopped
Best params saved to ../Models/sasrec_pwts_best_params.json
