task 337 | loss drrl | node slurmnode-gpu05
Tesla P100-PCIE-16GB, 16384 MiB
Tesla P100-PCIE-16GB, 16384 MiB
Tesla P100-PCIE-16GB, 16384 MiB
Tesla P100-PCIE-16GB, 16384 MiB
Using device: cuda
Loading datasets...
Train sessions: 75875 | Val sessions: 16262

Running grid search over 486 combinations...

SLURM array task 337: 1 config -> ../Models/sasrec_grid_drrl_task337.csv
Trying: {'hidden_units': 256, 'dropout_rate': 0.1, 'num_blocks': 1, 'num_heads': 16, 'lr': 0.001, 'gamma': 3}
Epoch 1 | Loss: -0.1742 | Val NDCG: 0.7463 | smoothed: 0.7463
Epoch 2 | Loss: -0.2209 | Val NDCG: 0.7299 | smoothed: 0.7381
Epoch 3 | Loss: -0.2227 | Val NDCG: 0.7128 | smoothed: 0.7297
Epoch 4 | Loss: -0.2253 | Val NDCG: 0.7305 | smoothed: 0.7244
Epoch 5 | Loss: -0.2254 | Val NDCG: 0.7548 | smoothed: 0.7327
Epoch 6 | Loss: -0.2268 | Val NDCG: 0.7489 | smoothed: 0.7448

Best smoothed NDCG: 0.7463 at epoch 1 of 6 run

1 combinations completed out of 1


--- Grid Search Results ---
 hidden_units  dropout_rate  num_blocks  num_heads    lr  gamma  val_ndcg  val_ndcg_raw  best_epoch  epochs_run  max_epochs
          256           0.1           1         16 0.001      3  0.746332      0.746332           1           6          20

Best config: {'hidden_units': 256.0, 'dropout_rate': 0.1, 'num_blocks': 1.0, 'num_heads': 16.0, 'lr': 0.001, 'gamma': 3.0, 'val_ndcg': 0.7463318155144004, 'val_ndcg_raw': 0.7463318155144004, 'best_epoch': 1.0, 'epochs_run': 6.0, 'max_epochs': 20.0}
0 of 1 configs reached max_epochs
0 of 1 were still improving when stopped
Best params saved to ../Models/sasrec_drrl_best_params.json
