task 119 | loss drrl | node slurmnode-gpu07
NVIDIA A40, 46068 MiB
NVIDIA A40, 46068 MiB
NVIDIA A40, 46068 MiB
NVIDIA A40, 46068 MiB
Using device: cuda
Loading datasets...
Train sessions: 75875 | Val sessions: 16262

Running grid search over 486 combinations...

SLURM array task 119: 1 config -> ../Models/sasrec_grid_drrl_task119.csv
Trying: {'hidden_units': 64, 'dropout_rate': 0.5, 'num_blocks': 1, 'num_heads': 8, 'lr': 0.0001, 'gamma': 4}
Epoch 1 | Loss: 0.1500 | Val NDCG: 0.7188 | smoothed: 0.7188
Epoch 2 | Loss: -0.1827 | Val NDCG: 0.7108 | smoothed: 0.7148
Epoch 3 | Loss: -0.2240 | Val NDCG: 0.7159 | smoothed: 0.7152
Epoch 4 | Loss: -0.2293 | Val NDCG: 0.7238 | smoothed: 0.7168
Epoch 5 | Loss: -0.2309 | Val NDCG: 0.7257 | smoothed: 0.7218
Epoch 6 | Loss: -0.2316 | Val NDCG: 0.7336 | smoothed: 0.7277
Epoch 7 | Loss: -0.2320 | Val NDCG: 0.7340 | smoothed: 0.7311
Epoch 8 | Loss: -0.2322 | Val NDCG: 0.7363 | smoothed: 0.7346
Epoch 9 | Loss: -0.2323 | Val NDCG: 0.7362 | smoothed: 0.7355
Epoch 10 | Loss: -0.2323 | Val NDCG: 0.7241 | smoothed: 0.7322
Epoch 11 | Loss: -0.2324 | Val NDCG: 0.7294 | smoothed: 0.7299
Epoch 12 | Loss: -0.2324 | Val NDCG: 0.7446 | smoothed: 0.7327
Epoch 13 | Loss: -0.2324 | Val NDCG: 0.7168 | smoothed: 0.7303
Epoch 14 | Loss: -0.2324 | Val NDCG: 0.7383 | smoothed: 0.7333

Best smoothed NDCG: 0.7355 at epoch 9 of 14 run

1 combinations completed out of 1


--- Grid Search Results ---
 hidden_units  dropout_rate  num_blocks  num_heads     lr  gamma  val_ndcg  val_ndcg_raw  best_epoch  epochs_run  max_epochs
           64           0.5           1          8 0.0001      4  0.735499      0.736176           9          14          40

Best config: {'hidden_units': 64.0, 'dropout_rate': 0.5, 'num_blocks': 1.0, 'num_heads': 8.0, 'lr': 0.0001, 'gamma': 4.0, 'val_ndcg': 0.7354989114259877, 'val_ndcg_raw': 0.7361762562331108, 'best_epoch': 9.0, 'epochs_run': 14.0, 'max_epochs': 40.0}
0 of 1 configs reached max_epochs
0 of 1 were still improving when stopped
Best params saved to ../Models/sasrec_drrl_best_params.json
