task 6 | loss pwts | node slurmnode-gpu02
NVIDIA GeForce GTX 1080 Ti, 11264 MiB
NVIDIA GeForce GTX 1080 Ti, 11264 MiB
NVIDIA GeForce GTX 1080 Ti, 11264 MiB
NVIDIA GeForce GTX 1080 Ti, 11264 MiB
NVIDIA GeForce GTX 1080 Ti, 11264 MiB
NVIDIA GeForce GTX 1080 Ti, 11264 MiB
NVIDIA GeForce GTX 1080 Ti, 11264 MiB
NVIDIA GeForce GTX 1080 Ti, 11264 MiB
Using device: cuda
Loading datasets...
Train sessions: 75875 | Val sessions: 16262

Running grid search over 162 combinations...

SLURM array task 6: 1 config -> ../Models/sasrec_grid_pwts_task6.csv
Trying: {'hidden_units': 64, 'dropout_rate': 0.1, 'num_blocks': 2, 'num_heads': 4, 'lr': 0.001}
Epoch 1 | Loss: 0.6143 | Val NDCG: 0.7541 | smoothed: 0.7541
Epoch 2 | Loss: 0.6045 | Val NDCG: 0.7587 | smoothed: 0.7564
Epoch 3 | Loss: 0.6011 | Val NDCG: 0.7670 | smoothed: 0.7599
Epoch 4 | Loss: 0.6001 | Val NDCG: 0.7679 | smoothed: 0.7645
Epoch 5 | Loss: 0.5983 | Val NDCG: 0.7676 | smoothed: 0.7675
Epoch 6 | Loss: 0.5961 | Val NDCG: 0.7709 | smoothed: 0.7688
Epoch 7 | Loss: 0.5961 | Val NDCG: 0.7722 | smoothed: 0.7702
Epoch 8 | Loss: 0.5949 | Val NDCG: 0.7718 | smoothed: 0.7716
Epoch 9 | Loss: 0.5943 | Val NDCG: 0.7777 | smoothed: 0.7739
Epoch 10 | Loss: 0.5939 | Val NDCG: 0.7751 | smoothed: 0.7748
Epoch 11 | Loss: 0.5929 | Val NDCG: 0.7758 | smoothed: 0.7762
Epoch 12 | Loss: 0.5926 | Val NDCG: 0.7719 | smoothed: 0.7742
Epoch 13 | Loss: 0.5921 | Val NDCG: 0.7739 | smoothed: 0.7739
Epoch 14 | Loss: 0.5916 | Val NDCG: 0.7791 | smoothed: 0.7750
Epoch 15 | Loss: 0.5918 | Val NDCG: 0.7793 | smoothed: 0.7774
Epoch 16 | Loss: 0.5911 | Val NDCG: 0.7798 | smoothed: 0.7794
Epoch 17 | Loss: 0.5901 | Val NDCG: 0.7809 | smoothed: 0.7800
Epoch 18 | Loss: 0.5903 | Val NDCG: 0.7849 | smoothed: 0.7819
Epoch 19 | Loss: 0.5894 | Val NDCG: 0.7798 | smoothed: 0.7819
Epoch 20 | Loss: 0.5898 | Val NDCG: 0.7784 | smoothed: 0.7810

Best smoothed NDCG: 0.7819 at epoch 19 of 20 run

1 combinations completed out of 1


--- Grid Search Results ---
 hidden_units  dropout_rate  num_blocks  num_heads    lr  val_ndcg  val_ndcg_raw  best_epoch  epochs_run  max_epochs
           64           0.1           2          4 0.001  0.781876      0.779799          19          20          20

Best config: {'hidden_units': 64.0, 'dropout_rate': 0.1, 'num_blocks': 2.0, 'num_heads': 4.0, 'lr': 0.001, 'val_ndcg': 0.7818759521097937, 'val_ndcg_raw': 0.7797993010554625, 'best_epoch': 19.0, 'epochs_run': 20.0, 'max_epochs': 20.0}
1 of 1 configs reached max_epochs
1 of 1 were still improving when stopped
Best params saved to ../Models/sasrec_pwts_best_params.json
