task 27 | loss bce | node slurmnode-gpu02
NVIDIA GeForce GTX 1080 Ti, 11264 MiB
NVIDIA GeForce GTX 1080 Ti, 11264 MiB
NVIDIA GeForce GTX 1080 Ti, 11264 MiB
NVIDIA GeForce GTX 1080 Ti, 11264 MiB
NVIDIA GeForce GTX 1080 Ti, 11264 MiB
NVIDIA GeForce GTX 1080 Ti, 11264 MiB
NVIDIA GeForce GTX 1080 Ti, 11264 MiB
NVIDIA GeForce GTX 1080 Ti, 11264 MiB
Using device: cuda
Loading datasets...
Train sessions: 75875 | Val sessions: 16262

Running grid search over 162 combinations...

SLURM array task 27: 1 config -> ../Models/sasrec_grid_bce_task27.csv
Trying: {'hidden_units': 64, 'dropout_rate': 0.3, 'num_blocks': 2, 'num_heads': 8, 'lr': 0.0001}
Epoch 1 | Loss: 0.6158 | Val NDCG: 0.7318 | smoothed: 0.7318
Epoch 2 | Loss: 0.5943 | Val NDCG: 0.7455 | smoothed: 0.7386
Epoch 3 | Loss: 0.5897 | Val NDCG: 0.7534 | smoothed: 0.7436
Epoch 4 | Loss: 0.5858 | Val NDCG: 0.7575 | smoothed: 0.7521
Epoch 5 | Loss: 0.5839 | Val NDCG: 0.7586 | smoothed: 0.7565
Epoch 6 | Loss: 0.5816 | Val NDCG: 0.7589 | smoothed: 0.7583
Epoch 7 | Loss: 0.5802 | Val NDCG: 0.7594 | smoothed: 0.7590
Epoch 8 | Loss: 0.5792 | Val NDCG: 0.7597 | smoothed: 0.7593
Epoch 9 | Loss: 0.5794 | Val NDCG: 0.7596 | smoothed: 0.7596
Epoch 10 | Loss: 0.5779 | Val NDCG: 0.7600 | smoothed: 0.7598
Epoch 11 | Loss: 0.5766 | Val NDCG: 0.7622 | smoothed: 0.7606
Epoch 12 | Loss: 0.5765 | Val NDCG: 0.7602 | smoothed: 0.7608
Epoch 13 | Loss: 0.5749 | Val NDCG: 0.7616 | smoothed: 0.7613
Epoch 14 | Loss: 0.5757 | Val NDCG: 0.7639 | smoothed: 0.7619
Epoch 15 | Loss: 0.5742 | Val NDCG: 0.7634 | smoothed: 0.7630
Epoch 16 | Loss: 0.5756 | Val NDCG: 0.7654 | smoothed: 0.7643
Epoch 17 | Loss: 0.5733 | Val NDCG: 0.7652 | smoothed: 0.7647
Epoch 18 | Loss: 0.5734 | Val NDCG: 0.7650 | smoothed: 0.7652
Epoch 19 | Loss: 0.5740 | Val NDCG: 0.7648 | smoothed: 0.7650
Epoch 20 | Loss: 0.5735 | Val NDCG: 0.7656 | smoothed: 0.7651
Epoch 21 | Loss: 0.5731 | Val NDCG: 0.7648 | smoothed: 0.7650
Epoch 22 | Loss: 0.5725 | Val NDCG: 0.7660 | smoothed: 0.7655
Epoch 23 | Loss: 0.5720 | Val NDCG: 0.7660 | smoothed: 0.7656
Epoch 24 | Loss: 0.5724 | Val NDCG: 0.7655 | smoothed: 0.7658
Epoch 25 | Loss: 0.5726 | Val NDCG: 0.7686 | smoothed: 0.7667
Epoch 26 | Loss: 0.5714 | Val NDCG: 0.7670 | smoothed: 0.7670
Epoch 27 | Loss: 0.5727 | Val NDCG: 0.7684 | smoothed: 0.7680
Epoch 28 | Loss: 0.5723 | Val NDCG: 0.7682 | smoothed: 0.7679
Epoch 29 | Loss: 0.5716 | Val NDCG: 0.7687 | smoothed: 0.7684
Epoch 30 | Loss: 0.5717 | Val NDCG: 0.7687 | smoothed: 0.7685
Epoch 31 | Loss: 0.5710 | Val NDCG: 0.7678 | smoothed: 0.7684
Epoch 32 | Loss: 0.5706 | Val NDCG: 0.7682 | smoothed: 0.7683
Epoch 33 | Loss: 0.5706 | Val NDCG: 0.7696 | smoothed: 0.7686
Epoch 34 | Loss: 0.5702 | Val NDCG: 0.7692 | smoothed: 0.7690
Epoch 35 | Loss: 0.5710 | Val NDCG: 0.7689 | smoothed: 0.7692
Epoch 36 | Loss: 0.5693 | Val NDCG: 0.7692 | smoothed: 0.7691
Epoch 37 | Loss: 0.5701 | Val NDCG: 0.7694 | smoothed: 0.7692
Epoch 38 | Loss: 0.5709 | Val NDCG: 0.7693 | smoothed: 0.7693
Epoch 39 | Loss: 0.5699 | Val NDCG: 0.7693 | smoothed: 0.7693
Epoch 40 | Loss: 0.5695 | Val NDCG: 0.7703 | smoothed: 0.7696

Best smoothed NDCG: 0.7696 at epoch 40 of 40 run

1 combinations completed out of 1


--- Grid Search Results ---
 hidden_units  dropout_rate  num_blocks  num_heads     lr  val_ndcg  val_ndcg_raw  best_epoch  epochs_run  max_epochs
           64           0.3           2          8 0.0001   0.76962      0.770266          40          40          40

Best config: {'hidden_units': 64.0, 'dropout_rate': 0.3, 'num_blocks': 2.0, 'num_heads': 8.0, 'lr': 0.0001, 'val_ndcg': 0.7696199714968519, 'val_ndcg_raw': 0.7702656457106182, 'best_epoch': 40.0, 'epochs_run': 40.0, 'max_epochs': 40.0}
1 of 1 configs reached max_epochs
1 of 1 were still improving when stopped
Best params saved to ../Models/sasrec_bce_best_params.json
