task 217 | loss drrl | node slurmnode-gpu07
NVIDIA A40, 46068 MiB
NVIDIA A40, 46068 MiB
NVIDIA A40, 46068 MiB
NVIDIA A40, 46068 MiB
Using device: cuda
Loading datasets...
Train sessions: 75875 | Val sessions: 16262

Running grid search over 486 combinations...

SLURM array task 217: 1 config -> ../Models/sasrec_grid_drrl_task217.csv
Trying: {'hidden_units': 128, 'dropout_rate': 0.3, 'num_blocks': 1, 'num_heads': 4, 'lr': 0.001, 'gamma': 3}
Epoch 1 | Loss: -0.1874 | Val NDCG: 0.7163 | smoothed: 0.7163
Epoch 2 | Loss: -0.2245 | Val NDCG: 0.7128 | smoothed: 0.7146
Epoch 3 | Loss: -0.2270 | Val NDCG: 0.7159 | smoothed: 0.7150
Epoch 4 | Loss: -0.2277 | Val NDCG: 0.7360 | smoothed: 0.7216
Epoch 5 | Loss: -0.2262 | Val NDCG: 0.7354 | smoothed: 0.7291
Epoch 6 | Loss: -0.2283 | Val NDCG: 0.7532 | smoothed: 0.7416
Epoch 7 | Loss: -0.2283 | Val NDCG: 0.7576 | smoothed: 0.7487
Epoch 8 | Loss: -0.2284 | Val NDCG: 0.7470 | smoothed: 0.7526
Epoch 9 | Loss: -0.2287 | Val NDCG: 0.7361 | smoothed: 0.7469
Epoch 10 | Loss: -0.2293 | Val NDCG: 0.7580 | smoothed: 0.7471
Epoch 11 | Loss: -0.2292 | Val NDCG: 0.7618 | smoothed: 0.7520
Epoch 12 | Loss: -0.2297 | Val NDCG: 0.7602 | smoothed: 0.7600
Epoch 13 | Loss: -0.2290 | Val NDCG: 0.7644 | smoothed: 0.7621
Epoch 14 | Loss: -0.2297 | Val NDCG: 0.7725 | smoothed: 0.7657
Epoch 15 | Loss: -0.2301 | Val NDCG: 0.7567 | smoothed: 0.7645
Epoch 16 | Loss: -0.2301 | Val NDCG: 0.7686 | smoothed: 0.7659
Epoch 17 | Loss: -0.2300 | Val NDCG: 0.7698 | smoothed: 0.7650
Epoch 18 | Loss: -0.2302 | Val NDCG: 0.7648 | smoothed: 0.7677
Epoch 19 | Loss: -0.2304 | Val NDCG: 0.7640 | smoothed: 0.7662
Epoch 20 | Loss: -0.2305 | Val NDCG: 0.7652 | smoothed: 0.7647

Best smoothed NDCG: 0.7677 at epoch 18 of 20 run

1 combinations completed out of 1


--- Grid Search Results ---
 hidden_units  dropout_rate  num_blocks  num_heads    lr  gamma  val_ndcg  val_ndcg_raw  best_epoch  epochs_run  max_epochs
          128           0.3           1          4 0.001      3  0.767732      0.764838          18          20          20

Best config: {'hidden_units': 128.0, 'dropout_rate': 0.3, 'num_blocks': 1.0, 'num_heads': 4.0, 'lr': 0.001, 'gamma': 3.0, 'val_ndcg': 0.7677324815693692, 'val_ndcg_raw': 0.7648380845326064, 'best_epoch': 18.0, 'epochs_run': 20.0, 'max_epochs': 20.0}
1 of 1 configs reached max_epochs
0 of 1 were still improving when stopped
Best params saved to ../Models/sasrec_drrl_best_params.json
