task 285 | loss drrl | node slurmnode-gpu05
Tesla P100-PCIE-16GB, 16384 MiB
Tesla P100-PCIE-16GB, 16384 MiB
Tesla P100-PCIE-16GB, 16384 MiB
Tesla P100-PCIE-16GB, 16384 MiB
Using device: cuda
Loading datasets...
Train sessions: 75875 | Val sessions: 16262

Running grid search over 486 combinations...

SLURM array task 285: 1 config -> ../Models/sasrec_grid_drrl_task285.csv
Trying: {'hidden_units': 128, 'dropout_rate': 0.5, 'num_blocks': 1, 'num_heads': 16, 'lr': 0.0001, 'gamma': 2}
Epoch 1 | Loss: 0.3344 | Val NDCG: 0.7140 | smoothed: 0.7140
Epoch 2 | Loss: -0.1475 | Val NDCG: 0.7056 | smoothed: 0.7098
Epoch 3 | Loss: -0.2158 | Val NDCG: 0.6994 | smoothed: 0.7063
Epoch 4 | Loss: -0.2270 | Val NDCG: 0.7047 | smoothed: 0.7032
Epoch 5 | Loss: -0.2295 | Val NDCG: 0.7062 | smoothed: 0.7034
Epoch 6 | Loss: -0.2307 | Val NDCG: 0.7141 | smoothed: 0.7083

Best smoothed NDCG: 0.7140 at epoch 1 of 6 run

1 combinations completed out of 1


--- Grid Search Results ---
 hidden_units  dropout_rate  num_blocks  num_heads     lr  gamma  val_ndcg  val_ndcg_raw  best_epoch  epochs_run  max_epochs
          128           0.5           1         16 0.0001      2   0.71405       0.71405           1           6          40

Best config: {'hidden_units': 128.0, 'dropout_rate': 0.5, 'num_blocks': 1.0, 'num_heads': 16.0, 'lr': 0.0001, 'gamma': 2.0, 'val_ndcg': 0.7140495671425136, 'val_ndcg_raw': 0.7140495671425136, 'best_epoch': 1.0, 'epochs_run': 6.0, 'max_epochs': 40.0}
0 of 1 configs reached max_epochs
0 of 1 were still improving when stopped
Best params saved to ../Models/sasrec_drrl_best_params.json
