task 62 | loss bce | node slurmnode-gpu05
Tesla P100-PCIE-16GB, 16384 MiB
Tesla P100-PCIE-16GB, 16384 MiB
Tesla P100-PCIE-16GB, 16384 MiB
Tesla P100-PCIE-16GB, 16384 MiB
Using device: cuda
Loading datasets...
Train sessions: 75875 | Val sessions: 16262

Running grid search over 162 combinations...

SLURM array task 62: 1 config -> ../Models/sasrec_grid_bce_task62.csv
Trying: {'hidden_units': 128, 'dropout_rate': 0.1, 'num_blocks': 2, 'num_heads': 8, 'lr': 0.001}
Epoch 1 | Loss: 0.5831 | Val NDCG: 0.7639 | smoothed: 0.7639
Epoch 2 | Loss: 0.5744 | Val NDCG: 0.7630 | smoothed: 0.7634
Epoch 3 | Loss: 0.5720 | Val NDCG: 0.7644 | smoothed: 0.7638
Epoch 4 | Loss: 0.5703 | Val NDCG: 0.7771 | smoothed: 0.7681
Epoch 5 | Loss: 0.5686 | Val NDCG: 0.7716 | smoothed: 0.7710
Epoch 6 | Loss: 0.5678 | Val NDCG: 0.7725 | smoothed: 0.7737
Epoch 7 | Loss: 0.5672 | Val NDCG: 0.7747 | smoothed: 0.7729
Epoch 8 | Loss: 0.5651 | Val NDCG: 0.7742 | smoothed: 0.7738
Epoch 9 | Loss: 0.5653 | Val NDCG: 0.7739 | smoothed: 0.7743
Epoch 10 | Loss: 0.5631 | Val NDCG: 0.7740 | smoothed: 0.7740
Epoch 11 | Loss: 0.5643 | Val NDCG: 0.7801 | smoothed: 0.7760
Epoch 12 | Loss: 0.5635 | Val NDCG: 0.7784 | smoothed: 0.7775
Epoch 13 | Loss: 0.5628 | Val NDCG: 0.7809 | smoothed: 0.7798
Epoch 14 | Loss: 0.5635 | Val NDCG: 0.7804 | smoothed: 0.7799
Epoch 15 | Loss: 0.5610 | Val NDCG: 0.7831 | smoothed: 0.7815
Epoch 16 | Loss: 0.5597 | Val NDCG: 0.7789 | smoothed: 0.7808
Epoch 17 | Loss: 0.5612 | Val NDCG: 0.7813 | smoothed: 0.7811
Epoch 18 | Loss: 0.5597 | Val NDCG: 0.7762 | smoothed: 0.7788
Epoch 19 | Loss: 0.5598 | Val NDCG: 0.7809 | smoothed: 0.7794
Epoch 20 | Loss: 0.5597 | Val NDCG: 0.7818 | smoothed: 0.7796

Best smoothed NDCG: 0.7815 at epoch 15 of 20 run

1 combinations completed out of 1


--- Grid Search Results ---
 hidden_units  dropout_rate  num_blocks  num_heads    lr  val_ndcg  val_ndcg_raw  best_epoch  epochs_run  max_epochs
          128           0.1           2          8 0.001  0.781468      0.783142          15          20          20

Best config: {'hidden_units': 128.0, 'dropout_rate': 0.1, 'num_blocks': 2.0, 'num_heads': 8.0, 'lr': 0.001, 'val_ndcg': 0.7814678411006154, 'val_ndcg_raw': 0.7831422152001717, 'best_epoch': 15.0, 'epochs_run': 20.0, 'max_epochs': 20.0}
1 of 1 configs reached max_epochs
0 of 1 were still improving when stopped
Best params saved to ../Models/sasrec_bce_best_params.json
