task 262 | loss drrl | node slurmnode-gpu03
Tesla P100-PCIE-16GB, 16384 MiB
Tesla P100-PCIE-16GB, 16384 MiB
Tesla P100-PCIE-16GB, 16384 MiB
Tesla P100-PCIE-16GB, 16384 MiB
Using device: cuda
Loading datasets...
Train sessions: 75875 | Val sessions: 16262

Running grid search over 486 combinations...

SLURM array task 262: 1 config -> ../Models/sasrec_grid_drrl_task262.csv
Trying: {'hidden_units': 128, 'dropout_rate': 0.3, 'num_blocks': 3, 'num_heads': 8, 'lr': 0.0001, 'gamma': 3}
Epoch 1 | Loss: -0.0839 | Val NDCG: 0.7253 | smoothed: 0.7253
Epoch 2 | Loss: -0.2129 | Val NDCG: 0.7276 | smoothed: 0.7265
Epoch 3 | Loss: -0.2228 | Val NDCG: 0.7337 | smoothed: 0.7289
Epoch 4 | Loss: -0.2263 | Val NDCG: 0.7255 | smoothed: 0.7290
Epoch 5 | Loss: -0.2275 | Val NDCG: 0.7348 | smoothed: 0.7314
Epoch 6 | Loss: -0.2284 | Val NDCG: 0.7243 | smoothed: 0.7282
Epoch 7 | Loss: -0.2291 | Val NDCG: 0.7279 | smoothed: 0.7290
Epoch 8 | Loss: -0.2296 | Val NDCG: 0.7217 | smoothed: 0.7246
Epoch 9 | Loss: -0.2294 | Val NDCG: 0.7359 | smoothed: 0.7285
Epoch 10 | Loss: -0.2298 | Val NDCG: 0.7239 | smoothed: 0.7272

Best smoothed NDCG: 0.7314 at epoch 5 of 10 run

1 combinations completed out of 1


--- Grid Search Results ---
 hidden_units  dropout_rate  num_blocks  num_heads     lr  gamma  val_ndcg  val_ndcg_raw  best_epoch  epochs_run  max_epochs
          128           0.3           3          8 0.0001      3  0.731354      0.734774           5          10          40

Best config: {'hidden_units': 128.0, 'dropout_rate': 0.3, 'num_blocks': 3.0, 'num_heads': 8.0, 'lr': 0.0001, 'gamma': 3.0, 'val_ndcg': 0.731354012827869, 'val_ndcg_raw': 0.7347741832374786, 'best_epoch': 5.0, 'epochs_run': 10.0, 'max_epochs': 40.0}
0 of 1 configs reached max_epochs
0 of 1 were still improving when stopped
Best params saved to ../Models/sasrec_drrl_best_params.json
