task 140 | loss drrl | node slurmnode-gpu07
NVIDIA A40, 46068 MiB
NVIDIA A40, 46068 MiB
NVIDIA A40, 46068 MiB
NVIDIA A40, 46068 MiB
Using device: cuda
Loading datasets...
Train sessions: 75875 | Val sessions: 16262

Running grid search over 486 combinations...

SLURM array task 140: 1 config -> ../Models/sasrec_grid_drrl_task140.csv
Trying: {'hidden_units': 64, 'dropout_rate': 0.5, 'num_blocks': 2, 'num_heads': 16, 'lr': 0.001, 'gamma': 4}
Epoch 1 | Loss: -0.1942 | Val NDCG: 0.6950 | smoothed: 0.6950
Epoch 2 | Loss: -0.2278 | Val NDCG: 0.7030 | smoothed: 0.6990
Epoch 3 | Loss: -0.2287 | Val NDCG: 0.6815 | smoothed: 0.6931
Epoch 4 | Loss: -0.2294 | Val NDCG: 0.7068 | smoothed: 0.6971
Epoch 5 | Loss: -0.2291 | Val NDCG: 0.7115 | smoothed: 0.6999
Epoch 6 | Loss: -0.2294 | Val NDCG: 0.7426 | smoothed: 0.7203
Epoch 7 | Loss: -0.2299 | Val NDCG: 0.7444 | smoothed: 0.7328
Epoch 8 | Loss: -0.2299 | Val NDCG: 0.7350 | smoothed: 0.7407
Epoch 9 | Loss: -0.2301 | Val NDCG: 0.7409 | smoothed: 0.7401
Epoch 10 | Loss: -0.2302 | Val NDCG: 0.7463 | smoothed: 0.7407
Epoch 11 | Loss: -0.2301 | Val NDCG: 0.7602 | smoothed: 0.7491
Epoch 12 | Loss: -0.2301 | Val NDCG: 0.7592 | smoothed: 0.7552
Epoch 13 | Loss: -0.2302 | Val NDCG: 0.7570 | smoothed: 0.7588
Epoch 14 | Loss: -0.2300 | Val NDCG: 0.7595 | smoothed: 0.7586
Epoch 15 | Loss: -0.2303 | Val NDCG: 0.7640 | smoothed: 0.7601
Epoch 16 | Loss: -0.2302 | Val NDCG: 0.7665 | smoothed: 0.7633
Epoch 17 | Loss: -0.2305 | Val NDCG: 0.7593 | smoothed: 0.7632
Epoch 18 | Loss: -0.2303 | Val NDCG: 0.7637 | smoothed: 0.7632
Epoch 19 | Loss: -0.2305 | Val NDCG: 0.7590 | smoothed: 0.7607
Epoch 20 | Loss: -0.2305 | Val NDCG: 0.7641 | smoothed: 0.7623

Best smoothed NDCG: 0.7633 at epoch 16 of 20 run

1 combinations completed out of 1


--- Grid Search Results ---
 hidden_units  dropout_rate  num_blocks  num_heads    lr  gamma  val_ndcg  val_ndcg_raw  best_epoch  epochs_run  max_epochs
           64           0.5           2         16 0.001      4  0.763316      0.766504          16          20          20

Best config: {'hidden_units': 64.0, 'dropout_rate': 0.5, 'num_blocks': 2.0, 'num_heads': 16.0, 'lr': 0.001, 'gamma': 4.0, 'val_ndcg': 0.7633157576617067, 'val_ndcg_raw': 0.7665043484277464, 'best_epoch': 16.0, 'epochs_run': 20.0, 'max_epochs': 20.0}
1 of 1 configs reached max_epochs
0 of 1 were still improving when stopped
Best params saved to ../Models/sasrec_drrl_best_params.json
