task 294 | loss drrl | node slurmnode-gpu03
Tesla P100-PCIE-16GB, 16384 MiB
Tesla P100-PCIE-16GB, 16384 MiB
Tesla P100-PCIE-16GB, 16384 MiB
Tesla P100-PCIE-16GB, 16384 MiB
Using device: cuda
Loading datasets...
Train sessions: 75875 | Val sessions: 16262

Running grid search over 486 combinations...

SLURM array task 294: 1 config -> ../Models/sasrec_grid_drrl_task294.csv
Trying: {'hidden_units': 128, 'dropout_rate': 0.5, 'num_blocks': 2, 'num_heads': 8, 'lr': 0.001, 'gamma': 2}
Epoch 1 | Loss: -0.1607 | Val NDCG: 0.7357 | smoothed: 0.7357
Epoch 2 | Loss: -0.2212 | Val NDCG: 0.7114 | smoothed: 0.7236
Epoch 3 | Loss: -0.2243 | Val NDCG: 0.7210 | smoothed: 0.7227
Epoch 4 | Loss: -0.2254 | Val NDCG: 0.6872 | smoothed: 0.7065
Epoch 5 | Loss: -0.2262 | Val NDCG: 0.7141 | smoothed: 0.7074
Epoch 6 | Loss: -0.2264 | Val NDCG: 0.6976 | smoothed: 0.6996

Best smoothed NDCG: 0.7357 at epoch 1 of 6 run

1 combinations completed out of 1


--- Grid Search Results ---
 hidden_units  dropout_rate  num_blocks  num_heads    lr  gamma  val_ndcg  val_ndcg_raw  best_epoch  epochs_run  max_epochs
          128           0.5           2          8 0.001      2   0.73571       0.73571           1           6          20

Best config: {'hidden_units': 128.0, 'dropout_rate': 0.5, 'num_blocks': 2.0, 'num_heads': 8.0, 'lr': 0.001, 'gamma': 2.0, 'val_ndcg': 0.7357100587136864, 'val_ndcg_raw': 0.7357100587136864, 'best_epoch': 1.0, 'epochs_run': 6.0, 'max_epochs': 20.0}
0 of 1 configs reached max_epochs
0 of 1 were still improving when stopped
Best params saved to ../Models/sasrec_drrl_best_params.json
