task 198 | loss drrl | node slurmnode-gpu05
Tesla P100-PCIE-16GB, 16384 MiB
Tesla P100-PCIE-16GB, 16384 MiB
Tesla P100-PCIE-16GB, 16384 MiB
Tesla P100-PCIE-16GB, 16384 MiB
Using device: cuda
Loading datasets...
Train sessions: 75875 | Val sessions: 16262

Running grid search over 486 combinations...

SLURM array task 198: 1 config -> ../Models/sasrec_grid_drrl_task198.csv
Trying: {'hidden_units': 128, 'dropout_rate': 0.1, 'num_blocks': 3, 'num_heads': 4, 'lr': 0.001, 'gamma': 2}
Epoch 1 | Loss: -0.1578 | Val NDCG: 0.7090 | smoothed: 0.7090
Epoch 2 | Loss: -0.2081 | Val NDCG: 0.7303 | smoothed: 0.7197
Epoch 3 | Loss: -0.2189 | Val NDCG: 0.7276 | smoothed: 0.7223
Epoch 4 | Loss: -0.2209 | Val NDCG: 0.7476 | smoothed: 0.7352
Epoch 5 | Loss: -0.2242 | Val NDCG: 0.7412 | smoothed: 0.7388
Epoch 6 | Loss: -0.2244 | Val NDCG: 0.7409 | smoothed: 0.7432
Epoch 7 | Loss: -0.2255 | Val NDCG: 0.7435 | smoothed: 0.7419
Epoch 8 | Loss: -0.2259 | Val NDCG: 0.7596 | smoothed: 0.7480
Epoch 9 | Loss: -0.2263 | Val NDCG: 0.7625 | smoothed: 0.7552
Epoch 10 | Loss: -0.2265 | Val NDCG: 0.7530 | smoothed: 0.7584
Epoch 11 | Loss: -0.2264 | Val NDCG: 0.7525 | smoothed: 0.7560
Epoch 12 | Loss: -0.2269 | Val NDCG: 0.7613 | smoothed: 0.7556
Epoch 13 | Loss: -0.2267 | Val NDCG: 0.7644 | smoothed: 0.7594
Epoch 14 | Loss: -0.2271 | Val NDCG: 0.7667 | smoothed: 0.7641
Epoch 15 | Loss: -0.2274 | Val NDCG: 0.7658 | smoothed: 0.7656
Epoch 16 | Loss: -0.2274 | Val NDCG: 0.7711 | smoothed: 0.7679
Epoch 17 | Loss: -0.2277 | Val NDCG: 0.7646 | smoothed: 0.7672
Epoch 18 | Loss: -0.2282 | Val NDCG: 0.7707 | smoothed: 0.7688
Epoch 19 | Loss: -0.2282 | Val NDCG: 0.7340 | smoothed: 0.7564
Epoch 20 | Loss: -0.2278 | Val NDCG: 0.7709 | smoothed: 0.7586

Best smoothed NDCG: 0.7688 at epoch 18 of 20 run

1 combinations completed out of 1


--- Grid Search Results ---
 hidden_units  dropout_rate  num_blocks  num_heads    lr  gamma  val_ndcg  val_ndcg_raw  best_epoch  epochs_run  max_epochs
          128           0.1           3          4 0.001      2  0.768783      0.770669          18          20          20

Best config: {'hidden_units': 128.0, 'dropout_rate': 0.1, 'num_blocks': 3.0, 'num_heads': 4.0, 'lr': 0.001, 'gamma': 2.0, 'val_ndcg': 0.7687825330691638, 'val_ndcg_raw': 0.7706688986597224, 'best_epoch': 18.0, 'epochs_run': 20.0, 'max_epochs': 20.0}
1 of 1 configs reached max_epochs
0 of 1 were still improving when stopped
Best params saved to ../Models/sasrec_drrl_best_params.json
