task 467 | loss drrl | node slurmnode-gpu05
Tesla P100-PCIE-16GB, 16384 MiB
Tesla P100-PCIE-16GB, 16384 MiB
Tesla P100-PCIE-16GB, 16384 MiB
Tesla P100-PCIE-16GB, 16384 MiB
Using device: cuda
Loading datasets...
Train sessions: 75875 | Val sessions: 16262

Running grid search over 486 combinations...

SLURM array task 467: 1 config -> ../Models/sasrec_grid_drrl_task467.csv
Trying: {'hidden_units': 256, 'dropout_rate': 0.5, 'num_blocks': 2, 'num_heads': 16, 'lr': 0.0001, 'gamma': 4}
Epoch 1 | Loss: -0.0505 | Val NDCG: 0.7375 | smoothed: 0.7375
Epoch 2 | Loss: -0.2137 | Val NDCG: 0.7187 | smoothed: 0.7281
Epoch 3 | Loss: -0.2235 | Val NDCG: 0.7008 | smoothed: 0.7190
Epoch 4 | Loss: -0.2262 | Val NDCG: 0.6970 | smoothed: 0.7055
Epoch 5 | Loss: -0.2278 | Val NDCG: 0.7054 | smoothed: 0.7011
Epoch 6 | Loss: -0.2286 | Val NDCG: 0.6921 | smoothed: 0.6982

Best smoothed NDCG: 0.7375 at epoch 1 of 6 run

1 combinations completed out of 1


--- Grid Search Results ---
 hidden_units  dropout_rate  num_blocks  num_heads     lr  gamma  val_ndcg  val_ndcg_raw  best_epoch  epochs_run  max_epochs
          256           0.5           2         16 0.0001      4  0.737481      0.737481           1           6          40

Best config: {'hidden_units': 256.0, 'dropout_rate': 0.5, 'num_blocks': 2.0, 'num_heads': 16.0, 'lr': 0.0001, 'gamma': 4.0, 'val_ndcg': 0.737480637581315, 'val_ndcg_raw': 0.737480637581315, 'best_epoch': 1.0, 'epochs_run': 6.0, 'max_epochs': 40.0}
0 of 1 configs reached max_epochs
0 of 1 were still improving when stopped
Best params saved to ../Models/sasrec_drrl_best_params.json
