task 87 | loss bce | node slurmnode-gpu05
Tesla P100-PCIE-16GB, 16384 MiB
Tesla P100-PCIE-16GB, 16384 MiB
Tesla P100-PCIE-16GB, 16384 MiB
Tesla P100-PCIE-16GB, 16384 MiB
Using device: cuda
Loading datasets...
Train sessions: 75875 | Val sessions: 16262

Running grid search over 162 combinations...

SLURM array task 87: 1 config -> ../Models/sasrec_grid_bce_task87.csv
Trying: {'hidden_units': 128, 'dropout_rate': 0.3, 'num_blocks': 3, 'num_heads': 8, 'lr': 0.0001}
Epoch 1 | Loss: 0.6034 | Val NDCG: 0.7398 | smoothed: 0.7398
Epoch 2 | Loss: 0.5872 | Val NDCG: 0.7514 | smoothed: 0.7456
Epoch 3 | Loss: 0.5815 | Val NDCG: 0.7584 | smoothed: 0.7499
Epoch 4 | Loss: 0.5785 | Val NDCG: 0.7628 | smoothed: 0.7575
Epoch 5 | Loss: 0.5776 | Val NDCG: 0.7610 | smoothed: 0.7607
Epoch 6 | Loss: 0.5757 | Val NDCG: 0.7653 | smoothed: 0.7630
Epoch 7 | Loss: 0.5745 | Val NDCG: 0.7628 | smoothed: 0.7630
Epoch 8 | Loss: 0.5737 | Val NDCG: 0.7690 | smoothed: 0.7657
Epoch 9 | Loss: 0.5730 | Val NDCG: 0.7644 | smoothed: 0.7654
Epoch 10 | Loss: 0.5715 | Val NDCG: 0.7698 | smoothed: 0.7677
Epoch 11 | Loss: 0.5715 | Val NDCG: 0.7671 | smoothed: 0.7671
Epoch 12 | Loss: 0.5703 | Val NDCG: 0.7703 | smoothed: 0.7690
Epoch 13 | Loss: 0.5703 | Val NDCG: 0.7687 | smoothed: 0.7687
Epoch 14 | Loss: 0.5706 | Val NDCG: 0.7680 | smoothed: 0.7690
Epoch 15 | Loss: 0.5695 | Val NDCG: 0.7733 | smoothed: 0.7700
Epoch 16 | Loss: 0.5695 | Val NDCG: 0.7700 | smoothed: 0.7705
Epoch 17 | Loss: 0.5690 | Val NDCG: 0.7711 | smoothed: 0.7715
Epoch 18 | Loss: 0.5683 | Val NDCG: 0.7724 | smoothed: 0.7712
Epoch 19 | Loss: 0.5693 | Val NDCG: 0.7719 | smoothed: 0.7718
Epoch 20 | Loss: 0.5688 | Val NDCG: 0.7692 | smoothed: 0.7712
Epoch 21 | Loss: 0.5687 | Val NDCG: 0.7726 | smoothed: 0.7712
Epoch 22 | Loss: 0.5678 | Val NDCG: 0.7737 | smoothed: 0.7718
Epoch 23 | Loss: 0.5681 | Val NDCG: 0.7706 | smoothed: 0.7723
Epoch 24 | Loss: 0.5685 | Val NDCG: 0.7742 | smoothed: 0.7728
Epoch 25 | Loss: 0.5673 | Val NDCG: 0.7742 | smoothed: 0.7730
Epoch 26 | Loss: 0.5667 | Val NDCG: 0.7726 | smoothed: 0.7737
Epoch 27 | Loss: 0.5665 | Val NDCG: 0.7744 | smoothed: 0.7737
Epoch 28 | Loss: 0.5675 | Val NDCG: 0.7730 | smoothed: 0.7733
Epoch 29 | Loss: 0.5668 | Val NDCG: 0.7742 | smoothed: 0.7738
Epoch 30 | Loss: 0.5660 | Val NDCG: 0.7773 | smoothed: 0.7748
Epoch 31 | Loss: 0.5665 | Val NDCG: 0.7750 | smoothed: 0.7755
Epoch 32 | Loss: 0.5660 | Val NDCG: 0.7750 | smoothed: 0.7758
Epoch 33 | Loss: 0.5657 | Val NDCG: 0.7734 | smoothed: 0.7745
Epoch 34 | Loss: 0.5662 | Val NDCG: 0.7749 | smoothed: 0.7744
Epoch 35 | Loss: 0.5648 | Val NDCG: 0.7735 | smoothed: 0.7739
Epoch 36 | Loss: 0.5661 | Val NDCG: 0.7727 | smoothed: 0.7737
Epoch 37 | Loss: 0.5644 | Val NDCG: 0.7745 | smoothed: 0.7736

Best smoothed NDCG: 0.7758 at epoch 32 of 37 run

1 combinations completed out of 1


--- Grid Search Results ---
 hidden_units  dropout_rate  num_blocks  num_heads     lr  val_ndcg  val_ndcg_raw  best_epoch  epochs_run  max_epochs
          128           0.3           3          8 0.0001  0.775788      0.775019          32          37          40

Best config: {'hidden_units': 128.0, 'dropout_rate': 0.3, 'num_blocks': 3.0, 'num_heads': 8.0, 'lr': 0.0001, 'val_ndcg': 0.7757881571700888, 'val_ndcg_raw': 0.7750191557070621, 'best_epoch': 32.0, 'epochs_run': 37.0, 'max_epochs': 40.0}
0 of 1 configs reached max_epochs
0 of 1 were still improving when stopped
Best params saved to ../Models/sasrec_bce_best_params.json
