task 69 | loss pwts | node slurmnode-gpu03
Tesla P100-PCIE-16GB, 16384 MiB
Tesla P100-PCIE-16GB, 16384 MiB
Tesla P100-PCIE-16GB, 16384 MiB
Tesla P100-PCIE-16GB, 16384 MiB
Using device: cuda
Loading datasets...
Train sessions: 75875 | Val sessions: 16262

Running grid search over 162 combinations...

SLURM array task 69: 1 config -> ../Models/sasrec_grid_pwts_task69.csv
Trying: {'hidden_units': 128, 'dropout_rate': 0.1, 'num_blocks': 3, 'num_heads': 8, 'lr': 0.0001}
Epoch 1 | Loss: 0.6294 | Val NDCG: 0.7508 | smoothed: 0.7508
Epoch 2 | Loss: 0.6100 | Val NDCG: 0.7585 | smoothed: 0.7546
Epoch 3 | Loss: 0.6057 | Val NDCG: 0.7580 | smoothed: 0.7558
Epoch 4 | Loss: 0.6034 | Val NDCG: 0.7639 | smoothed: 0.7601
Epoch 5 | Loss: 0.6016 | Val NDCG: 0.7674 | smoothed: 0.7631
Epoch 6 | Loss: 0.6013 | Val NDCG: 0.7660 | smoothed: 0.7658
Epoch 7 | Loss: 0.6005 | Val NDCG: 0.7694 | smoothed: 0.7676
Epoch 8 | Loss: 0.5991 | Val NDCG: 0.7693 | smoothed: 0.7682
Epoch 9 | Loss: 0.5979 | Val NDCG: 0.7713 | smoothed: 0.7700
Epoch 10 | Loss: 0.5968 | Val NDCG: 0.7714 | smoothed: 0.7707
Epoch 11 | Loss: 0.5974 | Val NDCG: 0.7708 | smoothed: 0.7712
Epoch 12 | Loss: 0.5966 | Val NDCG: 0.7721 | smoothed: 0.7714
Epoch 13 | Loss: 0.5957 | Val NDCG: 0.7715 | smoothed: 0.7715
Epoch 14 | Loss: 0.5948 | Val NDCG: 0.7716 | smoothed: 0.7717
Epoch 15 | Loss: 0.5945 | Val NDCG: 0.7708 | smoothed: 0.7713
Epoch 16 | Loss: 0.5944 | Val NDCG: 0.7712 | smoothed: 0.7712
Epoch 17 | Loss: 0.5938 | Val NDCG: 0.7724 | smoothed: 0.7715
Epoch 18 | Loss: 0.5931 | Val NDCG: 0.7721 | smoothed: 0.7719
Epoch 19 | Loss: 0.5933 | Val NDCG: 0.7724 | smoothed: 0.7723
Epoch 20 | Loss: 0.5926 | Val NDCG: 0.7758 | smoothed: 0.7734
Epoch 21 | Loss: 0.5926 | Val NDCG: 0.7725 | smoothed: 0.7736
Epoch 22 | Loss: 0.5923 | Val NDCG: 0.7744 | smoothed: 0.7742
Epoch 23 | Loss: 0.5924 | Val NDCG: 0.7763 | smoothed: 0.7744
Epoch 24 | Loss: 0.5915 | Val NDCG: 0.7743 | smoothed: 0.7750
Epoch 25 | Loss: 0.5917 | Val NDCG: 0.7754 | smoothed: 0.7753
Epoch 26 | Loss: 0.5912 | Val NDCG: 0.7739 | smoothed: 0.7745
Epoch 27 | Loss: 0.5900 | Val NDCG: 0.7752 | smoothed: 0.7748
Epoch 28 | Loss: 0.5909 | Val NDCG: 0.7748 | smoothed: 0.7746
Epoch 29 | Loss: 0.5907 | Val NDCG: 0.7765 | smoothed: 0.7755
Epoch 30 | Loss: 0.5909 | Val NDCG: 0.7773 | smoothed: 0.7762
Epoch 31 | Loss: 0.5907 | Val NDCG: 0.7780 | smoothed: 0.7773
Epoch 32 | Loss: 0.5886 | Val NDCG: 0.7769 | smoothed: 0.7774
Epoch 33 | Loss: 0.5898 | Val NDCG: 0.7769 | smoothed: 0.7773
Epoch 34 | Loss: 0.5892 | Val NDCG: 0.7747 | smoothed: 0.7762
Epoch 35 | Loss: 0.5887 | Val NDCG: 0.7776 | smoothed: 0.7764
Epoch 36 | Loss: 0.5882 | Val NDCG: 0.7768 | smoothed: 0.7764
Epoch 37 | Loss: 0.5882 | Val NDCG: 0.7767 | smoothed: 0.7771

Best smoothed NDCG: 0.7774 at epoch 32 of 37 run

1 combinations completed out of 1


--- Grid Search Results ---
 hidden_units  dropout_rate  num_blocks  num_heads     lr  val_ndcg  val_ndcg_raw  best_epoch  epochs_run  max_epochs
          128           0.1           3          8 0.0001  0.777407      0.776947          32          37          40

Best config: {'hidden_units': 128.0, 'dropout_rate': 0.1, 'num_blocks': 3.0, 'num_heads': 8.0, 'lr': 0.0001, 'val_ndcg': 0.7774073924603685, 'val_ndcg_raw': 0.7769466697736728, 'best_epoch': 32.0, 'epochs_run': 37.0, 'max_epochs': 40.0}
0 of 1 configs reached max_epochs
0 of 1 were still improving when stopped
Best params saved to ../Models/sasrec_pwts_best_params.json
