task 129 | loss pwts | node slurmnode-gpu07
NVIDIA A40, 46068 MiB
NVIDIA A40, 46068 MiB
NVIDIA A40, 46068 MiB
NVIDIA A40, 46068 MiB
Using device: cuda
Loading datasets...
Train sessions: 75875 | Val sessions: 16262

Running grid search over 162 combinations...

SLURM array task 129: 1 config -> ../Models/sasrec_grid_pwts_task129.csv
Trying: {'hidden_units': 256, 'dropout_rate': 0.3, 'num_blocks': 1, 'num_heads': 8, 'lr': 0.0001}
Epoch 1 | Loss: 0.6344 | Val NDCG: 0.7498 | smoothed: 0.7498
Epoch 2 | Loss: 0.6188 | Val NDCG: 0.7576 | smoothed: 0.7537
Epoch 3 | Loss: 0.6147 | Val NDCG: 0.7644 | smoothed: 0.7573
Epoch 4 | Loss: 0.6102 | Val NDCG: 0.7588 | smoothed: 0.7603
Epoch 5 | Loss: 0.6095 | Val NDCG: 0.7657 | smoothed: 0.7630
Epoch 6 | Loss: 0.6074 | Val NDCG: 0.7661 | smoothed: 0.7635
Epoch 7 | Loss: 0.6050 | Val NDCG: 0.7685 | smoothed: 0.7668
Epoch 8 | Loss: 0.6039 | Val NDCG: 0.7689 | smoothed: 0.7678
Epoch 9 | Loss: 0.6041 | Val NDCG: 0.7680 | smoothed: 0.7684
Epoch 10 | Loss: 0.6033 | Val NDCG: 0.7700 | smoothed: 0.7689
Epoch 11 | Loss: 0.6029 | Val NDCG: 0.7684 | smoothed: 0.7688
Epoch 12 | Loss: 0.6010 | Val NDCG: 0.7704 | smoothed: 0.7696
Epoch 13 | Loss: 0.6007 | Val NDCG: 0.7714 | smoothed: 0.7701
Epoch 14 | Loss: 0.6010 | Val NDCG: 0.7708 | smoothed: 0.7709
Epoch 15 | Loss: 0.6012 | Val NDCG: 0.7712 | smoothed: 0.7711
Epoch 16 | Loss: 0.5999 | Val NDCG: 0.7703 | smoothed: 0.7708
Epoch 17 | Loss: 0.5997 | Val NDCG: 0.7727 | smoothed: 0.7714
Epoch 18 | Loss: 0.5997 | Val NDCG: 0.7716 | smoothed: 0.7715
Epoch 19 | Loss: 0.5986 | Val NDCG: 0.7720 | smoothed: 0.7721
Epoch 20 | Loss: 0.5994 | Val NDCG: 0.7732 | smoothed: 0.7723
Epoch 21 | Loss: 0.5990 | Val NDCG: 0.7718 | smoothed: 0.7724
Epoch 22 | Loss: 0.5987 | Val NDCG: 0.7739 | smoothed: 0.7730
Epoch 23 | Loss: 0.5981 | Val NDCG: 0.7723 | smoothed: 0.7727
Epoch 24 | Loss: 0.5973 | Val NDCG: 0.7704 | smoothed: 0.7722
Epoch 25 | Loss: 0.5972 | Val NDCG: 0.7742 | smoothed: 0.7723
Epoch 26 | Loss: 0.5973 | Val NDCG: 0.7733 | smoothed: 0.7726
Epoch 27 | Loss: 0.5974 | Val NDCG: 0.7734 | smoothed: 0.7736
Epoch 28 | Loss: 0.5976 | Val NDCG: 0.7734 | smoothed: 0.7733
Epoch 29 | Loss: 0.5975 | Val NDCG: 0.7750 | smoothed: 0.7739
Epoch 30 | Loss: 0.5973 | Val NDCG: 0.7741 | smoothed: 0.7742
Epoch 31 | Loss: 0.5967 | Val NDCG: 0.7750 | smoothed: 0.7747
Epoch 32 | Loss: 0.5964 | Val NDCG: 0.7742 | smoothed: 0.7744
Epoch 33 | Loss: 0.5960 | Val NDCG: 0.7762 | smoothed: 0.7751
Epoch 34 | Loss: 0.5959 | Val NDCG: 0.7759 | smoothed: 0.7754
Epoch 35 | Loss: 0.5960 | Val NDCG: 0.7750 | smoothed: 0.7757
Epoch 36 | Loss: 0.5958 | Val NDCG: 0.7754 | smoothed: 0.7754
Epoch 37 | Loss: 0.5958 | Val NDCG: 0.7751 | smoothed: 0.7751
Epoch 38 | Loss: 0.5961 | Val NDCG: 0.7773 | smoothed: 0.7759
Epoch 39 | Loss: 0.5949 | Val NDCG: 0.7756 | smoothed: 0.7760
Epoch 40 | Loss: 0.5947 | Val NDCG: 0.7768 | smoothed: 0.7766

Best smoothed NDCG: 0.7766 at epoch 40 of 40 run

1 combinations completed out of 1


--- Grid Search Results ---
 hidden_units  dropout_rate  num_blocks  num_heads     lr  val_ndcg  val_ndcg_raw  best_epoch  epochs_run  max_epochs
          256           0.3           1          8 0.0001  0.776575       0.77678          40          40          40

Best config: {'hidden_units': 256.0, 'dropout_rate': 0.3, 'num_blocks': 1.0, 'num_heads': 8.0, 'lr': 0.0001, 'val_ndcg': 0.7765748257888161, 'val_ndcg_raw': 0.7767800169952002, 'best_epoch': 40.0, 'epochs_run': 40.0, 'max_epochs': 40.0}
1 of 1 configs reached max_epochs
1 of 1 were still improving when stopped
Best params saved to ../Models/sasrec_pwts_best_params.json
