task 190 | loss drrl | node slurmnode-gpu03
Tesla P100-PCIE-16GB, 16384 MiB
Tesla P100-PCIE-16GB, 16384 MiB
Tesla P100-PCIE-16GB, 16384 MiB
Tesla P100-PCIE-16GB, 16384 MiB
Using device: cuda
Loading datasets...
Train sessions: 75875 | Val sessions: 16262

Running grid search over 486 combinations...

SLURM array task 190: 1 config -> ../Models/sasrec_grid_drrl_task190.csv
Trying: {'hidden_units': 128, 'dropout_rate': 0.1, 'num_blocks': 2, 'num_heads': 8, 'lr': 0.0001, 'gamma': 3}
Epoch 1 | Loss: -0.0793 | Val NDCG: 0.7294 | smoothed: 0.7294
Epoch 2 | Loss: -0.2109 | Val NDCG: 0.7386 | smoothed: 0.7340
Epoch 3 | Loss: -0.2220 | Val NDCG: 0.7325 | smoothed: 0.7335
Epoch 4 | Loss: -0.2261 | Val NDCG: 0.7301 | smoothed: 0.7338
Epoch 5 | Loss: -0.2277 | Val NDCG: 0.7226 | smoothed: 0.7284
Epoch 6 | Loss: -0.2286 | Val NDCG: 0.7396 | smoothed: 0.7308
Epoch 7 | Loss: -0.2293 | Val NDCG: 0.7326 | smoothed: 0.7316

Best smoothed NDCG: 0.7340 at epoch 2 of 7 run

1 combinations completed out of 1


--- Grid Search Results ---
 hidden_units  dropout_rate  num_blocks  num_heads     lr  gamma  val_ndcg  val_ndcg_raw  best_epoch  epochs_run  max_epochs
          128           0.1           2          8 0.0001      3  0.733999      0.738635           2           7          40

Best config: {'hidden_units': 128.0, 'dropout_rate': 0.1, 'num_blocks': 2.0, 'num_heads': 8.0, 'lr': 0.0001, 'gamma': 3.0, 'val_ndcg': 0.7339989094010508, 'val_ndcg_raw': 0.738635126909071, 'best_epoch': 2.0, 'epochs_run': 7.0, 'max_epochs': 40.0}
0 of 1 configs reached max_epochs
0 of 1 were still improving when stopped
Best params saved to ../Models/sasrec_drrl_best_params.json
