task 347 | loss drrl | node slurmnode-gpu03
Tesla P100-PCIE-16GB, 16384 MiB
Tesla P100-PCIE-16GB, 16384 MiB
Tesla P100-PCIE-16GB, 16384 MiB
Tesla P100-PCIE-16GB, 16384 MiB
Using device: cuda
Loading datasets...
Train sessions: 75875 | Val sessions: 16262

Running grid search over 486 combinations...

SLURM array task 347: 1 config -> ../Models/sasrec_grid_drrl_task347.csv
Trying: {'hidden_units': 256, 'dropout_rate': 0.1, 'num_blocks': 2, 'num_heads': 4, 'lr': 0.0001, 'gamma': 4}
Epoch 1 | Loss: -0.1181 | Val NDCG: 0.7459 | smoothed: 0.7459
Epoch 2 | Loss: -0.2133 | Val NDCG: 0.7366 | smoothed: 0.7412
Epoch 3 | Loss: -0.2212 | Val NDCG: 0.7391 | smoothed: 0.7405
Epoch 4 | Loss: -0.2221 | Val NDCG: 0.7539 | smoothed: 0.7432
Epoch 5 | Loss: -0.2256 | Val NDCG: 0.7682 | smoothed: 0.7537
Epoch 6 | Loss: -0.2266 | Val NDCG: 0.7684 | smoothed: 0.7635
Epoch 7 | Loss: -0.2270 | Val NDCG: 0.7400 | smoothed: 0.7589
Epoch 8 | Loss: -0.2276 | Val NDCG: 0.7305 | smoothed: 0.7463
Epoch 9 | Loss: -0.2279 | Val NDCG: 0.7557 | smoothed: 0.7421
Epoch 10 | Loss: -0.2285 | Val NDCG: 0.7572 | smoothed: 0.7478
Epoch 11 | Loss: -0.2284 | Val NDCG: 0.7618 | smoothed: 0.7582

Best smoothed NDCG: 0.7635 at epoch 6 of 11 run

1 combinations completed out of 1


--- Grid Search Results ---
 hidden_units  dropout_rate  num_blocks  num_heads     lr  gamma  val_ndcg  val_ndcg_raw  best_epoch  epochs_run  max_epochs
          256           0.1           2          4 0.0001      4  0.763514      0.768386           6          11          40

Best config: {'hidden_units': 256.0, 'dropout_rate': 0.1, 'num_blocks': 2.0, 'num_heads': 4.0, 'lr': 0.0001, 'gamma': 4.0, 'val_ndcg': 0.7635140870254792, 'val_ndcg_raw': 0.7683856536819764, 'best_epoch': 6.0, 'epochs_run': 11.0, 'max_epochs': 40.0}
0 of 1 configs reached max_epochs
0 of 1 were still improving when stopped
Best params saved to ../Models/sasrec_drrl_best_params.json
